[    0.000000] microcode: microcode updated early to revision 0x1a, date = 2018-04-02
[    0.000000] Linux version 5.0.0-rc6+ (im@im-mac) (gcc version 8.2.1 20181215 (Red Hat 8.2.1-6) (GCC)) #48 SMP Tue Feb 12 08:15:10 +05 2019
[    0.000000] Command line: BOOT_IMAGE=/vmlinuz-5.0.0-rc6+ root=/dev/mapper/im--mac-root ro resume=/dev/mapper/im--mac-swap rd.lvm.lv=im-mac/root rd.luks.uuid=luks-dd1fa933-ef9f-402b-a2e4-7c9d6fb7ce0d rd.lvm.lv=im-mac/swap rhgb quiet hid_apple.fnmode=2 hid_apple.iso_layout=0 xhci_hcd.quirks=0x80 usbcore.quirks=05ac:8406:p
[    0.000000] x86/fpu: Supporting XSAVE feature 0x001: 'x87 floating point registers'
[    0.000000] x86/fpu: Supporting XSAVE feature 0x002: 'SSE registers'
[    0.000000] x86/fpu: Supporting XSAVE feature 0x004: 'AVX registers'
[    0.000000] x86/fpu: xstate_offset[2]:  576, xstate_sizes[2]:  256
[    0.000000] x86/fpu: Enabled xstate features 0x7, context size is 832 bytes, using 'standard' format.
[    0.000000] BIOS-provided physical RAM map:
[    0.000000] BIOS-e820: [mem 0x0000000000000000-0x0000000000057fff] usable
[    0.000000] BIOS-e820: [mem 0x0000000000058000-0x0000000000058fff] reserved
[    0.000000] BIOS-e820: [mem 0x0000000000059000-0x000000000009ffff] usable
[    0.000000] BIOS-e820: [mem 0x00000000000a0000-0x00000000000bffff] reserved
[    0.000000] BIOS-e820: [mem 0x0000000000100000-0x0000000078d00fff] usable
[    0.000000] BIOS-e820: [mem 0x0000000078d01000-0x0000000078d48fff] ACPI NVS
[    0.000000] BIOS-e820: [mem 0x0000000078d49000-0x0000000078d5cfff] usable
[    0.000000] BIOS-e820: [mem 0x0000000078d5d000-0x0000000078d8efff] ACPI data
[    0.000000] BIOS-e820: [mem 0x0000000078d8f000-0x0000000078e39fff] usable
[    0.000000] BIOS-e820: [mem 0x0000000078e3a000-0x0000000078e8efff] reserved
[    0.000000] BIOS-e820: [mem 0x0000000078e8f000-0x0000000078ecbfff] usable
[    0.000000] BIOS-e820: [mem 0x0000000078ecc000-0x0000000078efefff] reserved
[    0.000000] BIOS-e820: [mem 0x0000000078eff000-0x0000000078f84fff] usable
[    0.000000] BIOS-e820: [mem 0x0000000078f85000-0x0000000078fdefff] reserved
[    0.000000] BIOS-e820: [mem 0x0000000078fdf000-0x0000000078ffffff] usable
[    0.000000] BIOS-e820: [mem 0x0000000079000000-0x000000007f9fffff] reserved
[    0.000000] BIOS-e820: [mem 0x00000000e00f8000-0x00000000e00f8fff] reserved
[    0.000000] BIOS-e820: [mem 0x00000000fed1c000-0x00000000fed1ffff] reserved
[    0.000000] BIOS-e820: [mem 0x00000000ffd70000-0x00000000ffd9ffff] reserved
[    0.000000] BIOS-e820: [mem 0x0000000100000000-0x000000047f5fffff] usable
[    0.000000] NX (Execute Disable) protection: active
[    0.000000] e820: update [mem 0x662f4710-0x662f4ad2] usable ==> usable
[    0.000000] e820: update [mem 0x662f4710-0x662f4ad2] usable ==> usable
[    0.000000] extended physical RAM map:
[    0.000000] reserve setup_data: [mem 0x0000000000000000-0x0000000000057fff] usable
[    0.000000] reserve setup_data: [mem 0x0000000000058000-0x0000000000058fff] reserved
[    0.000000] reserve setup_data: [mem 0x0000000000059000-0x000000000009ffff] usable
[    0.000000] reserve setup_data: [mem 0x00000000000a0000-0x00000000000bffff] reserved
[    0.000000] reserve setup_data: [mem 0x0000000000100000-0x00000000662f470f] usable
[    0.000000] reserve setup_data: [mem 0x00000000662f4710-0x00000000662f4ad2] usable
[    0.000000] reserve setup_data: [mem 0x00000000662f4ad3-0x0000000078d00fff] usable
[    0.000000] reserve setup_data: [mem 0x0000000078d01000-0x0000000078d48fff] ACPI NVS
[    0.000000] reserve setup_data: [mem 0x0000000078d49000-0x0000000078d5cfff] usable
[    0.000000] reserve setup_data: [mem 0x0000000078d5d000-0x0000000078d8efff] ACPI data
[    0.000000] reserve setup_data: [mem 0x0000000078d8f000-0x0000000078e39fff] usable
[    0.000000] reserve setup_data: [mem 0x0000000078e3a000-0x0000000078e8efff] reserved
[    0.000000] reserve setup_data: [mem 0x0000000078e8f000-0x0000000078ecbfff] usable
[    0.000000] reserve setup_data: [mem 0x0000000078ecc000-0x0000000078efefff] reserved
[    0.000000] reserve setup_data: [mem 0x0000000078eff000-0x0000000078f84fff] usable
[    0.000000] reserve setup_data: [mem 0x0000000078f85000-0x0000000078fdefff] reserved
[    0.000000] reserve setup_data: [mem 0x0000000078fdf000-0x0000000078ffffff] usable
[    0.000000] reserve setup_data: [mem 0x0000000079000000-0x000000007f9fffff] reserved
[    0.000000] reserve setup_data: [mem 0x00000000e00f8000-0x00000000e00f8fff] reserved
[    0.000000] reserve setup_data: [mem 0x00000000fed1c000-0x00000000fed1ffff] reserved
[    0.000000] reserve setup_data: [mem 0x00000000ffd70000-0x00000000ffd9ffff] reserved
[    0.000000] reserve setup_data: [mem 0x0000000100000000-0x000000047f5fffff] usable
[    0.000000] efi: EFI v1.10 by Apple
[    0.000000] efi:  ACPI=0x78d8e000  ACPI 2.0=0x78d8e014  SMBIOS=0x78f8b000 
[    0.000000] SMBIOS 2.7 present.
[    0.000000] DMI: Apple Inc. MacBookPro11,4/Mac-06F11FD93F0323C5, BIOS MBP114.88Z.0184.B00.1806051659 06/05/2018
[    0.000000] tsc: Fast TSC calibration using PIT
[    0.000000] tsc: Detected 2195.040 MHz processor
[    0.000125] e820: update [mem 0x00000000-0x00000fff] usable ==> reserved
[    0.000126] e820: remove [mem 0x000a0000-0x000fffff] usable
[    0.000131] last_pfn = 0x47f600 max_arch_pfn = 0x400000000
[    0.000134] MTRR default type: write-back
[    0.000135] MTRR fixed ranges enabled:
[    0.000135]   00000-9FFFF write-back
[    0.000136]   A0000-BFFFF uncachable
[    0.000137]   C0000-DFFFF write-protect
[    0.000137]   E0000-FFFFF uncachable
[    0.000138] MTRR variable ranges enabled:
[    0.000138]   0 base 0080000000 mask 7F80000000 uncachable
[    0.000139]   1 base 007C000000 mask 7FFC000000 uncachable
[    0.000140]   2 base 007A000000 mask 7FFE000000 uncachable
[    0.000140]   3 base 0079000000 mask 7FFF000000 uncachable
[    0.000140]   4 disabled
[    0.000141]   5 disabled
[    0.000141]   6 disabled
[    0.000141]   7 disabled
[    0.000142]   8 disabled
[    0.000142]   9 disabled
[    0.009939] x86/PAT: Configuration [0-7]: WB  WC  UC- UC  WB  WP  UC- WT  
[    0.010031] last_pfn = 0x79000 max_arch_pfn = 0x400000000
[    0.021593] Base memory trampoline at [(____ptrval____)] 99000 size 24576
[    0.021597] Using GB pages for direct mapping
[    0.021599] BRK [0x38ae01000, 0x38ae01fff] PGTABLE
[    0.021600] BRK [0x38ae02000, 0x38ae02fff] PGTABLE
[    0.021601] BRK [0x38ae03000, 0x38ae03fff] PGTABLE
[    0.021640] BRK [0x38ae04000, 0x38ae04fff] PGTABLE
[    0.021641] BRK [0x38ae05000, 0x38ae05fff] PGTABLE
[    0.021767] BRK [0x38ae06000, 0x38ae06fff] PGTABLE
[    0.021799] BRK [0x38ae07000, 0x38ae07fff] PGTABLE
[    0.021873] BRK [0x38ae08000, 0x38ae08fff] PGTABLE
[    0.022049] Secure boot disabled
[    0.022050] RAMDISK: [mem 0x42ab9000-0x48561fff]
[    0.022061] ACPI: Early table checksum verification disabled
[    0.022063] ACPI: RSDP 0x0000000078D8E014 000024 (v02 APPLE )
[    0.022066] ACPI: XSDT 0x0000000078D8E1C0 0000A4 (v01 APPLE  Apple00  00000000      01000013)
[    0.022070] ACPI: FACP 0x0000000078D8C000 0000F4 (v05 APPLE  Apple00  00000000 Loki 0000005F)
[    0.022073] ACPI BIOS Warning (bug): 32/64X length mismatch in FADT/Gpe0Block: 128/0 (20181213/tbfadt-569)
[    0.022075] ACPI: DSDT 0x0000000078D7F000 007331 (v03 APPLE  MacBookP 00110004 INTL 20140424)
[    0.022078] ACPI: FACS 0x0000000078D06000 000040
[    0.022079] ACPI: FACS 0x0000000078D06000 000040
[    0.022080] ACPI: HPET 0x0000000078D8B000 000038 (v01 APPLE  Apple00  00000001 Loki 0000005F)
[    0.022082] ACPI: APIC 0x0000000078D8A000 0000BC (v02 APPLE  Apple00  00000001 Loki 0000005F)
[    0.022084] ACPI: SBST 0x0000000078D88000 000030 (v01 APPLE  Apple00  00000001 Loki 0000005F)
[    0.022086] ACPI: ECDT 0x0000000078D87000 000053 (v01 APPLE  Apple00  00000001 Loki 0000005F)
[    0.022087] ACPI: SSDT 0x0000000078D7E000 000024 (v01 APPLE  SataAhci 00001000 INTL 20140424)
[    0.022089] ACPI: SSDT 0x0000000078D7D000 000024 (v01 APPLE  SmcDppt  00001000 INTL 20140424)
[    0.022091] ACPI: SSDT 0x0000000078D7C000 000032 (v01 APPLE  SsdtS3   00001000 INTL 20140424)
[    0.022093] ACPI: SSDT 0x0000000078D68000 0086DA (v01 APPLE  TbtPEG11 00001000 INTL 20140424)
[    0.022094] ACPI: SSDT 0x0000000078D67000 0000B8 (v01 APPLE  Sdxc     00001000 INTL 20140424)
[    0.022096] ACPI: SSDT 0x0000000078D66000 000A7B (v02 APPLE  Xhci     00001000 INTL 20140424)
[    0.022098] ACPI: SSDT 0x0000000078D64000 000341 (v01 APPLE  PEG0SSD0 00001000 INTL 20140424)
[    0.022100] ACPI: SSDT 0x0000000078D5F000 00069C (v01 PmRef  Cpu0Ist  00003000 INTL 20140424)
[    0.022102] ACPI: SSDT 0x0000000078D5E000 000C17 (v01 CpuRef CpuSsdt  00003000 INTL 20140424)
[    0.022103] ACPI: DMAR 0x0000000078D5D000 000088 (v01 APPLE  BDW      00000001 INTL 00000001)
[    0.022105] ACPI: MCFG 0x0000000078D89000 00003C (v01 APPLE  Apple00  00000001 Loki 0000005F)
[    0.022110] ACPI: DMI detected to setup _OSI("Darwin"): Apple hardware
[    0.022112] ACPI: Local APIC address 0xfee00000
[    0.022183] No NUMA configuration found
[    0.022184] Faking a node at [mem 0x0000000000000000-0x000000047f5fffff]
[    0.022193] NODE_DATA(0) allocated [mem 0x47f5d5000-0x47f5fffff]
[    0.051833] Zone ranges:
[    0.051835]   DMA      [mem 0x0000000000001000-0x0000000000ffffff]
[    0.051836]   DMA32    [mem 0x0000000001000000-0x00000000ffffffff]
[    0.051837]   Normal   [mem 0x0000000100000000-0x000000047f5fffff]
[    0.051838]   Device   empty
[    0.051838] Movable zone start for each node
[    0.051841] Early memory node ranges
[    0.051842]   node   0: [mem 0x0000000000001000-0x0000000000057fff]
[    0.051842]   node   0: [mem 0x0000000000059000-0x000000000009ffff]
[    0.051842]   node   0: [mem 0x0000000000100000-0x0000000078d00fff]
[    0.051843]   node   0: [mem 0x0000000078d49000-0x0000000078d5cfff]
[    0.051843]   node   0: [mem 0x0000000078d8f000-0x0000000078e39fff]
[    0.051844]   node   0: [mem 0x0000000078e8f000-0x0000000078ecbfff]
[    0.051844]   node   0: [mem 0x0000000078eff000-0x0000000078f84fff]
[    0.051844]   node   0: [mem 0x0000000078fdf000-0x0000000078ffffff]
[    0.051845]   node   0: [mem 0x0000000100000000-0x000000047f5fffff]
[    0.052221] Zeroed struct page in unavailable ranges: 29118 pages
[    0.052222] Initmem setup node 0 [mem 0x0000000000001000-0x000000047f5fffff]
[    0.052223] On node 0 totalpages: 4162626
[    0.052224]   DMA zone: 64 pages used for memmap
[    0.052225]   DMA zone: 22 pages reserved
[    0.052225]   DMA zone: 3998 pages, LIFO batch:0
[    0.052296]   DMA32 zone: 7675 pages used for memmap
[    0.052296]   DMA32 zone: 491172 pages, LIFO batch:63
[    0.063390]   Normal zone: 57304 pages used for memmap
[    0.063390]   Normal zone: 3667456 pages, LIFO batch:63
[    0.132593] Reserving Intel graphics memory at [mem 0x79a00000-0x7f9fffff]
[    0.132659] ACPI: PM-Timer IO Port: 0x1808
[    0.132660] ACPI: Local APIC address 0xfee00000
[    0.132666] ACPI: LAPIC_NMI (acpi_id[0x01] high edge lint[0x1])
[    0.132666] ACPI: LAPIC_NMI (acpi_id[0x02] high edge lint[0x1])
[    0.132667] ACPI: LAPIC_NMI (acpi_id[0x03] high edge lint[0x1])
[    0.132667] ACPI: LAPIC_NMI (acpi_id[0x04] high edge lint[0x1])
[    0.132667] ACPI: LAPIC_NMI (acpi_id[0x05] high edge lint[0x1])
[    0.132668] ACPI: LAPIC_NMI (acpi_id[0x06] high edge lint[0x1])
[    0.132668] ACPI: LAPIC_NMI (acpi_id[0x07] high edge lint[0x1])
[    0.132668] ACPI: LAPIC_NMI (acpi_id[0x08] high edge lint[0x1])
[    0.132682] IOAPIC[0]: apic_id 2, version 32, address 0xfec00000, GSI 0-23
[    0.132684] ACPI: INT_SRC_OVR (bus 0 bus_irq 0 global_irq 2 dfl dfl)
[    0.132685] ACPI: INT_SRC_OVR (bus 0 bus_irq 9 global_irq 9 high level)
[    0.132686] ACPI: IRQ0 used by override.
[    0.132686] ACPI: IRQ9 used by override.
[    0.132688] Using ACPI (MADT) for SMP configuration information
[    0.132689] ACPI: HPET id: 0x8086a201 base: 0xfed00000
[    0.132692] smpboot: Allowing 8 CPUs, 0 hotplug CPUs
[    0.132705] PM: Registered nosave memory: [mem 0x00000000-0x00000fff]
[    0.132706] PM: Registered nosave memory: [mem 0x00058000-0x00058fff]
[    0.132707] PM: Registered nosave memory: [mem 0x000a0000-0x000bffff]
[    0.132707] PM: Registered nosave memory: [mem 0x000c0000-0x000fffff]
[    0.132709] PM: Registered nosave memory: [mem 0x662f4000-0x662f4fff]
[    0.132709] PM: Registered nosave memory: [mem 0x662f4000-0x662f4fff]
[    0.132711] PM: Registered nosave memory: [mem 0x78d01000-0x78d48fff]
[    0.132712] PM: Registered nosave memory: [mem 0x78d5d000-0x78d8efff]
[    0.132712] PM: Registered nosave memory: [mem 0x78e3a000-0x78e8efff]
[    0.132713] PM: Registered nosave memory: [mem 0x78ecc000-0x78efefff]
[    0.132715] PM: Registered nosave memory: [mem 0x78f85000-0x78fdefff]
[    0.132716] PM: Registered nosave memory: [mem 0x79000000-0x7f9fffff]
[    0.132716] PM: Registered nosave memory: [mem 0x7fa00000-0xe00f7fff]
[    0.132716] PM: Registered nosave memory: [mem 0xe00f8000-0xe00f8fff]
[    0.132717] PM: Registered nosave memory: [mem 0xe00f9000-0xfed1bfff]
[    0.132717] PM: Registered nosave memory: [mem 0xfed1c000-0xfed1ffff]
[    0.132717] PM: Registered nosave memory: [mem 0xfed20000-0xffd6ffff]
[    0.132718] PM: Registered nosave memory: [mem 0xffd70000-0xffd9ffff]
[    0.132718] PM: Registered nosave memory: [mem 0xffda0000-0xffffffff]
[    0.132719] [mem 0x7fa00000-0xe00f7fff] available for PCI devices
[    0.132721] Booting paravirtualized kernel on bare hardware
[    0.132724] clocksource: refined-jiffies: mask: 0xffffffff max_cycles: 0xffffffff, max_idle_ns: 1910969940391419 ns
[    0.227919] random: get_random_bytes called from start_kernel+0x93/0x503 with crng_init=0
[    0.227925] setup_percpu: NR_CPUS:64 nr_cpumask_bits:64 nr_cpu_ids:8 nr_node_ids:1
[    0.228096] percpu: Embedded 44 pages/cpu @(____ptrval____) s143360 r8192 d28672 u262144
[    0.228102] pcpu-alloc: s143360 r8192 d28672 u262144 alloc=1*2097152
[    0.228102] pcpu-alloc: [0] 0 1 2 3 4 5 6 7 
[    0.228118] Built 1 zonelists, mobility grouping on.  Total pages: 4097561
[    0.228118] Policy zone: Normal
[    0.228119] Kernel command line: BOOT_IMAGE=/vmlinuz-5.0.0-rc6+ root=/dev/mapper/im--mac-root ro resume=/dev/mapper/im--mac-swap rd.lvm.lv=im-mac/root rd.luks.uuid=luks-dd1fa933-ef9f-402b-a2e4-7c9d6fb7ce0d rd.lvm.lv=im-mac/swap rhgb quiet hid_apple.fnmode=2 hid_apple.iso_layout=0 xhci_hcd.quirks=0x80 usbcore.quirks=05ac:8406:p
[    0.272934] Memory: 15843916K/16650504K available (12291K kernel code, 1404K rwdata, 4028K rodata, 2152K init, 4944K bss, 806588K reserved, 0K cma-reserved)
[    0.273072] SLUB: HWalign=64, Order=0-3, MinObjects=0, CPUs=8, Nodes=1
[    0.273080] Kernel/User page tables isolation: enabled
[    0.273100] ftrace: allocating 38170 entries in 150 pages
[    0.286225] rcu: Hierarchical RCU implementation.
[    0.286226] rcu: 	RCU restricting CPUs from NR_CPUS=64 to nr_cpu_ids=8.
[    0.286227] rcu: RCU calculated value of scheduler-enlistment delay is 100 jiffies.
[    0.286228] rcu: Adjusting geometry for rcu_fanout_leaf=16, nr_cpu_ids=8
[    0.288277] NR_IRQS: 4352, nr_irqs: 488, preallocated irqs: 16
[    0.288419] rcu: 	Offload RCU callbacks from CPUs: (none).
[    0.288461] Console: colour dummy device 80x25
[    0.288466] printk: console [tty0] enabled
[    0.288478] ACPI: Core revision 20181213
[    0.288683] clocksource: hpet: mask: 0xffffffff max_cycles: 0xffffffff, max_idle_ns: 133484882848 ns
[    0.288692] hpet clockevent registered
[    0.288695] APIC: Switch to symmetric I/O mode setup
[    0.288697] DMAR: Host address width 39
[    0.288697] DMAR: DRHD base: 0x000000fed90000 flags: 0x0
[    0.288701] DMAR: dmar0: reg_base_addr fed90000 ver 1:0 cap c0000020660462 ecap f0101a
[    0.288701] DMAR: DRHD base: 0x000000fed91000 flags: 0x1
[    0.288703] DMAR: dmar1: reg_base_addr fed91000 ver 1:0 cap d2008c20660462 ecap f010da
[    0.288704] DMAR: RMRR base: 0x00000079800000 end: 0x0000007f9fffff
[    0.288707] DMAR-IR: IOAPIC id 2 under DRHD base  0xfed91000 IOMMU 1
[    0.288707] DMAR-IR: HPET id 0 under DRHD base 0xfed91000
[    0.288708] DMAR-IR: x2apic is disabled because BIOS sets x2apic opt out bit.
[    0.288708] DMAR-IR: Use 'intremap=no_x2apic_optout' to override the BIOS setting.
[    0.289146] DMAR-IR: Enabled IRQ remapping in xapic mode
[    0.289146] x2apic: IRQ remapping doesn't support X2APIC mode
[    0.289520] ..TIMER: vector=0x30 apic1=0 pin1=2 apic2=-1 pin2=-1
[    0.293701] clocksource: tsc-early: mask: 0xffffffffffffffff max_cycles: 0x1fa3e55cf22, max_idle_ns: 440795235985 ns
[    0.293710] Calibrating delay loop (skipped), value calculated using timer frequency.. 4390.08 BogoMIPS (lpj=2195040)
[    0.293712] pid_max: default: 32768 minimum: 301
[    0.304297] LSM: Security Framework initializing
[    0.304299] Yama: becoming mindful.
[    0.304302] SELinux:  Initializing.
[    0.306279] Dentry cache hash table entries: 2097152 (order: 12, 16777216 bytes)
[    0.307252] Inode-cache hash table entries: 1048576 (order: 11, 8388608 bytes)
[    0.307290] Mount-cache hash table entries: 32768 (order: 6, 262144 bytes)
[    0.307321] Mountpoint-cache hash table entries: 32768 (order: 6, 262144 bytes)
[    0.307481] ENERGY_PERF_BIAS: Set to 'normal', was 'performance'
[    0.307482] ENERGY_PERF_BIAS: View and update with x86_energy_perf_policy(8)
[    0.307485] mce: CPU supports 10 MCE banks
[    0.307494] mce: CPU0: Thermal monitoring enabled (TM1)
[    0.307506] process: using mwait in idle threads
[    0.307508] Last level iTLB entries: 4KB 1024, 2MB 1024, 4MB 1024
[    0.307508] Last level dTLB entries: 4KB 1024, 2MB 1024, 4MB 1024, 1GB 4
[    0.307510] Spectre V2 : Mitigation: Full generic retpoline
[    0.307510] Spectre V2 : Spectre v2 / SpectreRSB mitigation: Filling RSB on context switch
[    0.307511] Spectre V2 : Enabling Restricted Speculation for firmware calls
[    0.307516] Spectre V2 : mitigation: Enabling conditional Indirect Branch Prediction Barrier
[    0.307516] Spectre V2 : User space: Mitigation: STIBP via seccomp and prctl
[    0.307517] Speculative Store Bypass: Mitigation: Speculative Store Bypass disabled via prctl and seccomp
[    0.307678] Freeing SMP alternatives memory: 36K
[    0.308762] TSC deadline timer enabled
[    0.308765] smpboot: CPU0: Intel(R) Core(TM) i7-4770HQ CPU @ 2.20GHz (family: 0x6, model: 0x46, stepping: 0x1)
[    0.308833] Performance Events: PEBS fmt2+, Haswell events, 16-deep LBR, full-width counters, Intel PMU driver.
[    0.308869] ... version:                3
[    0.308869] ... bit width:              48
[    0.308869] ... generic registers:      4
[    0.308870] ... value mask:             0000ffffffffffff
[    0.308870] ... max period:             00007fffffffffff
[    0.308871] ... fixed-purpose events:   3
[    0.308871] ... event mask:             000000070000000f
[    0.308896] rcu: Hierarchical SRCU implementation.
[    0.309321] random: crng done (trusting CPU's manufacturer)
[    0.309702] NMI watchdog: Enabled. Permanently consumes one hw-PMU counter.
[    0.309718] smp: Bringing up secondary CPUs ...
[    0.309768] x86: Booting SMP configuration:
[    0.309769] .... node  #0, CPUs:      #1 #2 #3 #4 #5 #6 #7
[    0.357706] smp: Brought up 1 node, 8 CPUs
[    0.357707] smpboot: Max logical packages: 1
[    0.357709] smpboot: Total of 8 processors activated (35120.64 BogoMIPS)
[    0.359079] devtmpfs: initialized
[    0.359079] x86/mm: Memory block size: 128MB
[    0.359962] PM: Registering ACPI NVS region [mem 0x78d01000-0x78d48fff] (294912 bytes)
[    0.359962] clocksource: jiffies: mask: 0xffffffff max_cycles: 0xffffffff, max_idle_ns: 1911260446275000 ns
[    0.359962] futex hash table entries: 2048 (order: 5, 131072 bytes)
[    0.359962] pinctrl core: initialized pinctrl subsystem
[    0.359962] RTC time: 03:22:48, date: 2019-02-12
[    0.360044] NET: Registered protocol family 16
[    0.360138] audit: initializing netlink subsys (disabled)
[    0.360142] audit: type=2000 audit(1549941768.071:1): state=initialized audit_enabled=0 res=1
[    0.360142] cpuidle: using governor menu
[    0.360142] ACPI: bus type PCI registered
[    0.360142] acpiphp: ACPI Hot Plug PCI Controller Driver version: 0.5
[    0.360142] PCI: MMCONFIG for domain 0000 [bus 00-9b] at [mem 0xe0000000-0xe9bfffff] (base 0xe0000000)
[    0.360142] PCI: not using MMCONFIG
[    0.360142] PCI: Using configuration type 1 for base access
[    0.360142] core: PMU erratum BJ122, BV98, HSD29 worked around, HT is on
[    0.361754] HugeTLB registered 1.00 GiB page size, pre-allocated 0 pages
[    0.361754] HugeTLB registered 2.00 MiB page size, pre-allocated 0 pages
[    0.361754] cryptd: max_cpu_qlen set to 1000
[    0.361754] ACPI: Disabled all _OSI OS vendors
[    0.361754] ACPI: Added _OSI(Module Device)
[    0.361754] ACPI: Added _OSI(Processor Device)
[    0.361754] ACPI: Added _OSI(3.0 _SCP Extensions)
[    0.361754] ACPI: Added _OSI(Processor Aggregator Device)
[    0.361754] ACPI: Added _OSI(Linux-Dell-Video)
[    0.361754] ACPI: Added _OSI(Linux-Lenovo-NV-HDMI-Audio)
[    0.361754] ACPI: Added _OSI(Linux-HPI-Hybrid-Graphics)
[    0.361754] ACPI: Added _OSI(Darwin)
[    0.373219] ACPI: 10 ACPI AML tables successfully acquired and loaded
[    0.373826] ACPI: EC: EC started
[    0.373827] ACPI: EC: interrupt blocked
[    0.375810] ACPI: \: Used as first EC
[    0.375812] ACPI: \: GPE=0x17, EC_CMD/EC_SC=0x66, EC_DATA=0x62
[    0.375812] ACPI: \: Used as boot ECDT EC to handle transactions
[    0.376521] ACPI: BIOS _OSI(Darwin) query honored via DMI
[    0.377044] ACPI: [Firmware Bug]: BIOS _OSI(Linux) query ignored
[    0.377160] ACPI Error: Needed type [Reference], found [Integer] 0000000055c76908 (20181213/exresop-69)
[    0.377163] ACPI Error: AE_AML_OPERAND_TYPE, While resolving operands for [OpcodeName unavailable] (20181213/dswexec-427)
[    0.377165] ACPI Error: Method parse/execution failed \_PR.CPU0._PDC, AE_AML_OPERAND_TYPE (20181213/psparse-531)
[    0.377350] ACPI: Dynamic OEM Table Load:
[    0.377355] ACPI: SSDT 0xFFFF921D6CB4D000 00067C (v01 PmRef  ApIst    00003000 INTL 20140424)
[    0.377726] ACPI: Dynamic OEM Table Load:
[    0.377730] ACPI: SSDT 0xFFFF921D6CB98A00 000119 (v01 PmRef  ApCst    00003000 INTL 20140424)
[    0.378781] ACPI: Interpreter enabled
[    0.378796] ACPI: (supports S0 S3 S4 S5)
[    0.378797] ACPI: Using IOAPIC for interrupt routing
[    0.378814] PCI: MMCONFIG for domain 0000 [bus 00-9b] at [mem 0xe0000000-0xe9bfffff] (base 0xe0000000)
[    0.379178] PCI: MMCONFIG at [mem 0xe0000000-0xe9bfffff] reserved in ACPI motherboard resources
[    0.379186] PCI: Using host bridge windows from ACPI; if necessary, use "pci=nocrs" and report a bug
[    0.379365] ACPI: Enabled 7 GPEs in block 00 to 3F
[    0.386694] ACPI: PCI Root Bridge [PCI0] (domain 0000 [bus 00-ff])
[    0.386697] acpi PNP0A08:00: _OSC: OS assumes control of [PCIeHotplug SHPCHotplug AER PCIeCapability LTR]
[    0.386709] acpi PNP0A08:00: [Firmware Info]: MMCONFIG for domain 0000 [bus 00-9b] only partially covers this bridge
[    0.386911] PCI host bridge to bus 0000:00
[    0.386913] pci_bus 0000:00: root bus resource [io  0x0000-0x0cf7 window]
[    0.386914] pci_bus 0000:00: root bus resource [io  0x0d00-0xffff window]
[    0.386915] pci_bus 0000:00: root bus resource [mem 0x000a0000-0x000bffff window]
[    0.386916] pci_bus 0000:00: root bus resource [mem 0x000c0000-0x000c3fff window]
[    0.386917] pci_bus 0000:00: root bus resource [mem 0x000c4000-0x000c7fff window]
[    0.386918] pci_bus 0000:00: root bus resource [mem 0x000c8000-0x000cbfff window]
[    0.386919] pci_bus 0000:00: root bus resource [mem 0x000cc000-0x000cffff window]
[    0.386920] pci_bus 0000:00: root bus resource [mem 0x000d0000-0x000d3fff window]
[    0.386920] pci_bus 0000:00: root bus resource [mem 0x000d4000-0x000d7fff window]
[    0.386921] pci_bus 0000:00: root bus resource [mem 0x000d8000-0x000dbfff window]
[    0.386922] pci_bus 0000:00: root bus resource [mem 0x000dc000-0x000dffff window]
[    0.386923] pci_bus 0000:00: root bus resource [mem 0x000e0000-0x000e3fff window]
[    0.386924] pci_bus 0000:00: root bus resource [mem 0x000e4000-0x000e7fff window]
[    0.386925] pci_bus 0000:00: root bus resource [mem 0x000e8000-0x000ebfff window]
[    0.386926] pci_bus 0000:00: root bus resource [mem 0x000ec000-0x000effff window]
[    0.386927] pci_bus 0000:00: root bus resource [mem 0x000f0000-0x000fffff window]
[    0.386928] pci_bus 0000:00: root bus resource [mem 0x7fa00000-0xfeafffff window]
[    0.386929] pci_bus 0000:00: root bus resource [mem 0xfed40000-0xfed44fff window]
[    0.386930] pci_bus 0000:00: root bus resource [bus 00-ff]
[    0.386936] pci 0000:00:00.0: [8086:0d04] type 00 class 0x060000
[    0.387002] pci 0000:00:01.0: [8086:0d01] type 01 class 0x060400
[    0.387033] pci 0000:00:01.0: PME# supported from D0 D3hot D3cold
[    0.387078] pci 0000:00:01.1: [8086:0d05] type 01 class 0x060400
[    0.387106] pci 0000:00:01.1: PME# supported from D0 D3hot D3cold
[    0.387177] pci 0000:00:02.0: [8086:0d26] type 00 class 0x030000
[    0.387185] pci 0000:00:02.0: reg 0x10: [mem 0xa0000000-0xa03fffff 64bit]
[    0.387190] pci 0000:00:02.0: reg 0x18: [mem 0x90000000-0x9fffffff 64bit pref]
[    0.387193] pci 0000:00:02.0: reg 0x20: [io  0x3000-0x303f]
[    0.387202] pci 0000:00:02.0: BAR 2: assigned to efifb
[    0.387251] pci 0000:00:03.0: [8086:0d0c] type 00 class 0x040300
[    0.387258] pci 0000:00:03.0: reg 0x10: [mem 0xa0c10000-0xa0c13fff 64bit]
[    0.387336] pci 0000:00:14.0: [8086:8c31] type 00 class 0x0c0330
[    0.387354] pci 0000:00:14.0: reg 0x10: [mem 0xa0c00000-0xa0c0ffff 64bit]
[    0.387405] pci 0000:00:14.0: PME# supported from D3hot D3cold
[    0.387481] pci 0000:00:16.0: [8086:8c3a] type 00 class 0x078000
[    0.387500] pci 0000:00:16.0: reg 0x10: [mem 0xa0c19100-0xa0c1910f 64bit]
[    0.387552] pci 0000:00:16.0: PME# supported from D0 D3hot D3cold
[    0.387607] pci 0000:00:1b.0: [8086:8c20] type 00 class 0x040300
[    0.387625] pci 0000:00:1b.0: reg 0x10: [mem 0xa0c14000-0xa0c17fff 64bit]
[    0.387683] pci 0000:00:1b.0: PME# supported from D0 D3hot D3cold
[    0.387734] pci 0000:00:1c.0: [8086:8c10] type 01 class 0x060400
[    0.387776] pci 0000:00:1c.0: claimed MacBook Pro poweroff workaround [mem 0x7fa00000-0x7fbfffff]
[    0.387821] pci 0000:00:1c.0: PME# supported from D0 D3hot D3cold
[    0.387881] pci 0000:00:1c.2: [8086:8c14] type 01 class 0x060400
[    0.387950] pci 0000:00:1c.2: PME# supported from D0 D3hot D3cold
[    0.388006] pci 0000:00:1c.3: [8086:8c16] type 01 class 0x060400
[    0.388075] pci 0000:00:1c.3: PME# supported from D0 D3hot D3cold
[    0.388138] pci 0000:00:1f.0: [8086:8c4b] type 00 class 0x060100
[    0.388271] pci 0000:00:1f.3: [8086:8c22] type 00 class 0x0c0500
[    0.388287] pci 0000:00:1f.3: reg 0x10: [mem 0xa0c19000-0xa0c190ff 64bit]
[    0.388304] pci 0000:00:1f.3: reg 0x20: [io  0xefa0-0xefbf]
[    0.388363] pci 0000:00:1f.6: [8086:8c24] type 00 class 0x118000
[    0.388381] pci 0000:00:1f.6: reg 0x10: [mem 0xa0c18000-0xa0c18fff 64bit]
[    0.388531] pci 0000:01:00.0: [144d:a801] type 00 class 0x010601
[    0.388565] pci 0000:01:00.0: reg 0x24: [mem 0xa0b00000-0xa0b01fff]
[    0.388690] pci 0000:00:01.0: PCI bridge to [bus 01]
[    0.388692] pci 0000:00:01.0:   bridge window [mem 0xa0b00000-0xa0bfffff]
[    0.388742] pci 0000:05:00.0: [8086:156d] type 01 class 0x060400
[    0.388822] pci 0000:05:00.0: supports D1 D2
[    0.388823] pci 0000:05:00.0: PME# supported from D0 D1 D2 D3hot D3cold
[    0.388907] pci 0000:00:01.1: PCI bridge to [bus 05-9b]
[    0.388909] pci 0000:00:01.1:   bridge window [io  0x4000-0x6fff]
[    0.388911] pci 0000:00:01.1:   bridge window [mem 0xa0d00000-0xacdfffff]
[    0.388913] pci 0000:00:01.1:   bridge window [mem 0xace00000-0xb8dfffff 64bit pref]
[    0.388992] pci 0000:06:00.0: [8086:156d] type 01 class 0x060400
[    0.389081] pci 0000:06:00.0: supports D1 D2
[    0.389081] pci 0000:06:00.0: PME# supported from D0 D1 D2 D3hot D3cold
[    0.389143] pci 0000:06:03.0: [8086:156d] type 01 class 0x060400
[    0.389229] pci 0000:06:03.0: supports D1 D2
[    0.389230] pci 0000:06:03.0: PME# supported from D0 D1 D2 D3hot D3cold
[    0.389289] pci 0000:06:04.0: [8086:156d] type 01 class 0x060400
[    0.389375] pci 0000:06:04.0: supports D1 D2
[    0.389376] pci 0000:06:04.0: PME# supported from D0 D1 D2 D3hot D3cold
[    0.389435] pci 0000:06:05.0: [8086:156d] type 01 class 0x060400
[    0.389522] pci 0000:06:05.0: supports D1 D2
[    0.389522] pci 0000:06:05.0: PME# supported from D0 D1 D2 D3hot D3cold
[    0.389581] pci 0000:06:06.0: [8086:156d] type 01 class 0x060400
[    0.389667] pci 0000:06:06.0: supports D1 D2
[    0.389668] pci 0000:06:06.0: PME# supported from D0 D1 D2 D3hot D3cold
[    0.389738] pci 0000:05:00.0: PCI bridge to [bus 06-6b]
[    0.389742] pci 0000:05:00.0:   bridge window [io  0x4000-0x5fff]
[    0.389745] pci 0000:05:00.0:   bridge window [mem 0xa0d00000-0xa8dfffff]
[    0.389748] pci 0000:05:00.0:   bridge window [mem 0xace00000-0xb4dfffff 64bit pref]
[    0.389796] pci 0000:07:00.0: [8086:156c] type 00 class 0x088000
[    0.389820] pci 0000:07:00.0: reg 0x10: [mem 0xa0d00000-0xa0d3ffff]
[    0.389829] pci 0000:07:00.0: reg 0x14: [mem 0xa0d40000-0xa0d40fff]
[    0.389948] pci 0000:07:00.0: supports D1 D2
[    0.389949] pci 0000:07:00.0: PME# supported from D0 D1 D2 D3hot D3cold
[    0.390089] pci 0000:06:00.0: PCI bridge to [bus 07]
[    0.390095] pci 0000:06:00.0:   bridge window [mem 0xa0d00000-0xa0dfffff]
[    0.390148] pci 0000:06:03.0: PCI bridge to [bus 08-38]
[    0.390152] pci 0000:06:03.0:   bridge window [io  0x4000-0x4fff]
[    0.390155] pci 0000:06:03.0:   bridge window [mem 0xa0e00000-0xa4dfffff]
[    0.390159] pci 0000:06:03.0:   bridge window [mem 0xace00000-0xb0dfffff 64bit pref]
[    0.390208] pci 0000:06:04.0: PCI bridge to [bus 39]
[    0.390263] pci 0000:06:05.0: PCI bridge to [bus 3a-6a]
[    0.390267] pci 0000:06:05.0:   bridge window [io  0x5000-0x5fff]
[    0.390270] pci 0000:06:05.0:   bridge window [mem 0xa4e00000-0xa8dfffff]
[    0.390273] pci 0000:06:05.0:   bridge window [mem 0xb0e00000-0xb4dfffff 64bit pref]
[    0.390300] pci 0000:06:06.0: PCI bridge to [bus 6b]
[    0.390367] pci 0000:00:1c.0: PCI bridge to [bus 02]
[    0.390462] pci 0000:03:00.0: [14e4:43ba] type 00 class 0x028000
[    0.390527] pci 0000:03:00.0: reg 0x10: [mem 0xa0800000-0xa0807fff 64bit]
[    0.390554] pci 0000:03:00.0: reg 0x18: [mem 0xa0400000-0xa07fffff 64bit]
[    0.390758] pci 0000:03:00.0: supports D1 D2
[    0.390759] pci 0000:03:00.0: PME# supported from D0 D1 D2 D3hot D3cold
[    0.390987] pci 0000:00:1c.2: PCI bridge to [bus 03]
[    0.390992] pci 0000:00:1c.2:   bridge window [mem 0xa0400000-0xa08fffff]
[    0.391052] pci 0000:04:00.0: [14e4:1570] type 00 class 0x048000
[    0.391084] pci 0000:04:00.0: reg 0x10: [mem 0xa0a00000-0xa0a0ffff 64bit]
[    0.391099] pci 0000:04:00.0: reg 0x18: [mem 0x80000000-0x8fffffff 64bit pref]
[    0.391114] pci 0000:04:00.0: reg 0x20: [mem 0xa0900000-0xa09fffff 64bit]
[    0.391200] pci 0000:04:00.0: supports D1
[    0.391201] pci 0000:04:00.0: PME# supported from D0 D3hot
[    0.391308] pci 0000:00:1c.3: PCI bridge to [bus 04]
[    0.391313] pci 0000:00:1c.3:   bridge window [mem 0xa0900000-0xa0afffff]
[    0.391317] pci 0000:00:1c.3:   bridge window [mem 0x80000000-0x8fffffff 64bit pref]
[    0.392047] ACPI: PCI Interrupt Link [LNKA] (IRQs 1 3 4 5 6 7 10 12 14 15) *0, disabled.
[    0.392090] ACPI: PCI Interrupt Link [LNKB] (IRQs 1 3 4 5 6 7 11 12 14 15) *0, disabled.
[    0.392130] ACPI: PCI Interrupt Link [LNKC] (IRQs 1 3 4 5 6 7 10 12 14 15) *0, disabled.
[    0.392176] ACPI: PCI Interrupt Link [LNKD] (IRQs 1 3 4 5 6 7 11 12 14 15) *0, disabled.
[    0.392216] ACPI: PCI Interrupt Link [LNKE] (IRQs 1 3 4 5 6 7 10 12 14 15) *0, disabled.
[    0.392261] ACPI: PCI Interrupt Link [LNKF] (IRQs 1 3 4 5 6 7 11 12 14 15) *0, disabled.
[    0.392302] ACPI: PCI Interrupt Link [LNKG] (IRQs 1 3 4 5 6 7 10 12 14 15) *0, disabled.
[    0.392343] ACPI: PCI Interrupt Link [LNKH] (IRQs 1 3 4 5 6 7 11 12 14 15) *0, disabled.
[    0.392485] ACPI: EC: interrupt unblocked
[    0.392504] ACPI: EC: event unblocked
[    0.392509] ACPI: \_SB_.PCI0.LPCB.EC__: GPE=0x17, EC_CMD/EC_SC=0x66, EC_DATA=0x62
[    0.392510] ACPI: \_SB_.PCI0.LPCB.EC__: Used as boot DSDT EC to handle transactions and events
[    0.392552] pci 0000:00:02.0: vgaarb: setting as boot VGA device
[    0.392552] pci 0000:00:02.0: vgaarb: VGA device added: decodes=io+mem,owns=io+mem,locks=none
[    0.392552] pci 0000:00:02.0: vgaarb: bridge control possible
[    0.392552] vgaarb: loaded
[    0.392552] SCSI subsystem initialized
[    0.392552] libata version 3.00 loaded.
[    0.392552] ACPI: bus type USB registered
[    0.392552] usbcore: registered new interface driver usbfs
[    0.392708] usbcore: registered new interface driver hub
[    0.392723] usbcore: registered new device driver usb
[    0.392742] pps_core: LinuxPPS API ver. 1 registered
[    0.392742] pps_core: Software ver. 5.3.6 - Copyright 2005-2007 Rodolfo Giometti <giometti@linux.it>
[    0.392744] PTP clock support registered
[    0.392757] EDAC MC: Ver: 3.0.0
[    0.392806] Registered efivars operations
[    0.438240] PCI: Using ACPI for IRQ routing
[    0.440561] PCI: pci_cache_line_size set to 64 bytes
[    0.440695] e820: reserve RAM buffer [mem 0x00058000-0x0005ffff]
[    0.440696] e820: reserve RAM buffer [mem 0x662f4710-0x67ffffff]
[    0.440697] e820: reserve RAM buffer [mem 0x78d01000-0x7bffffff]
[    0.440698] e820: reserve RAM buffer [mem 0x78d5d000-0x7bffffff]
[    0.440699] e820: reserve RAM buffer [mem 0x78e3a000-0x7bffffff]
[    0.440700] e820: reserve RAM buffer [mem 0x78ecc000-0x7bffffff]
[    0.440701] e820: reserve RAM buffer [mem 0x78f85000-0x7bffffff]
[    0.440702] e820: reserve RAM buffer [mem 0x79000000-0x7bffffff]
[    0.440703] e820: reserve RAM buffer [mem 0x47f600000-0x47fffffff]
[    0.441702] NetLabel: Initializing
[    0.441702] NetLabel:  domain hash size = 128
[    0.441702] NetLabel:  protocols = UNLABELED CIPSOv4 CALIPSO
[    0.441702] NetLabel:  unlabeled traffic allowed by default
[    0.441782] hpet0: at MMIO 0xfed00000, IRQs 2, 8, 0, 0, 0, 0, 0, 0
[    0.441785] hpet0: 8 comparators, 64-bit 14.318180 MHz counter
[    0.443718] clocksource: Switched to clocksource tsc-early
[    0.453300] VFS: Disk quotas dquot_6.6.0
[    0.453314] VFS: Dquot-cache hash table entries: 512 (order 0, 4096 bytes)
[    0.453359] pnp: PnP ACPI init
[    0.453998] system 00:00: [mem 0xfed00000-0xfed03fff] has been reserved
[    0.454002] system 00:00: Plug and Play ACPI device, IDs PNP0103 PNP0c01 (active)
[    0.454036] system 00:01: [io  0xffff] has been reserved
[    0.454037] system 00:01: [io  0x1800-0x187f] has been reserved
[    0.454039] system 00:01: [io  0x0800-0x087f] has been reserved
[    0.454041] system 00:01: Plug and Play ACPI device, IDs PNP0c02 (active)
[    0.454053] pnp 00:02: Plug and Play ACPI device, IDs PNP0b00 (active)
[    0.454096] pnp 00:03: Plug and Play ACPI device, IDs APP000b (active)
[    0.454195] system 00:04: [mem 0xfed1c000-0xfed1ffff] has been reserved
[    0.454196] system 00:04: [mem 0xfed10000-0xfed17fff] has been reserved
[    0.454197] system 00:04: [mem 0xfed18000-0xfed18fff] has been reserved
[    0.454198] system 00:04: [mem 0xfed19000-0xfed19fff] has been reserved
[    0.454199] system 00:04: [mem 0xe0000000-0xefffffff] could not be reserved
[    0.454200] system 00:04: [mem 0xfed20000-0xfed3ffff] has been reserved
[    0.454202] system 00:04: [mem 0xfed90000-0xfed93fff] could not be reserved
[    0.454203] system 00:04: [mem 0xfed45000-0xfed8ffff] has been reserved
[    0.454204] system 00:04: [mem 0xff000000-0xffffffff] could not be reserved
[    0.454205] system 00:04: [mem 0xfee00000-0xfeefffff] has been reserved
[    0.454208] system 00:04: Plug and Play ACPI device, IDs PNP0c02 (active)
[    0.454245] system 00:05: [mem 0x20000000-0x201fffff] could not be reserved
[    0.454246] system 00:05: [mem 0x40000000-0x401fffff] could not be reserved
[    0.454249] system 00:05: Plug and Play ACPI device, IDs PNP0c01 (active)
[    0.454349] pnp: PnP ACPI: found 6 devices
[    0.455177] pci 0000:07:00.0: assigning 8 device properties
[    0.455187] pci 0000:00:1b.0: assigning 4 device properties
[    0.455192] pci 0000:00:02.0: assigning 2 device properties
[    0.459761] clocksource: acpi_pm: mask: 0xffffff max_cycles: 0xffffff, max_idle_ns: 2085701024 ns
[    0.459793] pci 0000:06:00.0: bridge window [io  0x1000-0x0fff] to [bus 07] add_size 1000
[    0.459795] pci 0000:06:00.0: bridge window [mem 0x00100000-0x000fffff 64bit pref] to [bus 07] add_size 200000 add_align 100000
[    0.459806] pci 0000:06:04.0: bridge window [io  0x1000-0x0fff] to [bus 39] add_size 1000
[    0.459807] pci 0000:06:04.0: bridge window [mem 0x00100000-0x000fffff 64bit pref] to [bus 39] add_size 200000 add_align 100000
[    0.459808] pci 0000:06:04.0: bridge window [mem 0x00100000-0x000fffff] to [bus 39] add_size 200000 add_align 100000
[    0.459818] pci 0000:06:06.0: bridge window [io  0x1000-0x0fff] to [bus 6b] add_size 1000
[    0.459820] pci 0000:06:06.0: bridge window [mem 0x00100000-0x000fffff 64bit pref] to [bus 6b] add_size 200000 add_align 100000
[    0.459821] pci 0000:06:06.0: bridge window [mem 0x00100000-0x000fffff] to [bus 6b] add_size 200000 add_align 100000
[    0.459840] pci 0000:00:1c.0: bridge window [io  0x1000-0x0fff] to [bus 02] add_size 1000
[    0.459841] pci 0000:00:1c.0: bridge window [mem 0x00100000-0x000fffff 64bit pref] to [bus 02] add_size 200000 add_align 100000
[    0.459842] pci 0000:00:1c.0: bridge window [mem 0x00100000-0x000fffff] to [bus 02] add_size 200000 add_align 100000
[    0.459861] pci 0000:00:1c.0: BAR 14: assigned [mem 0x7fc00000-0x7fdfffff]
[    0.459868] pci 0000:00:1c.0: BAR 15: assigned [mem 0x7fe00000-0x7fffffff 64bit pref]
[    0.459870] pci 0000:00:1c.0: BAR 13: assigned [io  0x2000-0x2fff]
[    0.459871] pci 0000:00:01.0: PCI bridge to [bus 01]
[    0.459874] pci 0000:00:01.0:   bridge window [mem 0xa0b00000-0xa0bfffff]
[    0.459880] pci 0000:06:00.0: BAR 15: no space for [mem size 0x00200000 64bit pref]
[    0.459881] pci 0000:06:00.0: BAR 15: failed to assign [mem size 0x00200000 64bit pref]
[    0.459882] pci 0000:06:04.0: BAR 14: no space for [mem size 0x00200000]
[    0.459883] pci 0000:06:04.0: BAR 14: failed to assign [mem size 0x00200000]
[    0.459885] pci 0000:06:04.0: BAR 15: no space for [mem size 0x00200000 64bit pref]
[    0.459886] pci 0000:06:04.0: BAR 15: failed to assign [mem size 0x00200000 64bit pref]
[    0.459887] pci 0000:06:06.0: BAR 14: no space for [mem size 0x00200000]
[    0.459888] pci 0000:06:06.0: BAR 14: failed to assign [mem size 0x00200000]
[    0.459890] pci 0000:06:06.0: BAR 15: no space for [mem size 0x00200000 64bit pref]
[    0.459891] pci 0000:06:06.0: BAR 15: failed to assign [mem size 0x00200000 64bit pref]
[    0.459892] pci 0000:06:00.0: BAR 13: no space for [io  size 0x1000]
[    0.459893] pci 0000:06:00.0: BAR 13: failed to assign [io  size 0x1000]
[    0.459894] pci 0000:06:04.0: BAR 13: no space for [io  size 0x1000]
[    0.459895] pci 0000:06:04.0: BAR 13: failed to assign [io  size 0x1000]
[    0.459896] pci 0000:06:06.0: BAR 13: no space for [io  size 0x1000]
[    0.459897] pci 0000:06:06.0: BAR 13: failed to assign [io  size 0x1000]
[    0.459899] pci 0000:06:06.0: BAR 14: no space for [mem size 0x00200000]
[    0.459899] pci 0000:06:06.0: BAR 14: failed to assign [mem size 0x00200000]
[    0.459901] pci 0000:06:06.0: BAR 15: no space for [mem size 0x00200000 64bit pref]
[    0.459902] pci 0000:06:06.0: BAR 15: failed to assign [mem size 0x00200000 64bit pref]
[    0.459903] pci 0000:06:06.0: BAR 13: no space for [io  size 0x1000]
[    0.459904] pci 0000:06:06.0: BAR 13: failed to assign [io  size 0x1000]
[    0.459905] pci 0000:06:04.0: BAR 14: no space for [mem size 0x00200000]
[    0.459906] pci 0000:06:04.0: BAR 14: failed to assign [mem size 0x00200000]
[    0.459908] pci 0000:06:04.0: BAR 15: no space for [mem size 0x00200000 64bit pref]
[    0.459909] pci 0000:06:04.0: BAR 15: failed to assign [mem size 0x00200000 64bit pref]
[    0.459910] pci 0000:06:04.0: BAR 13: no space for [io  size 0x1000]
[    0.459911] pci 0000:06:04.0: BAR 13: failed to assign [io  size 0x1000]
[    0.459912] pci 0000:06:00.0: BAR 15: no space for [mem size 0x00200000 64bit pref]
[    0.459913] pci 0000:06:00.0: BAR 15: failed to assign [mem size 0x00200000 64bit pref]
[    0.459914] pci 0000:06:00.0: BAR 13: no space for [io  size 0x1000]
[    0.459915] pci 0000:06:00.0: BAR 13: failed to assign [io  size 0x1000]
[    0.459917] pci 0000:06:00.0: PCI bridge to [bus 07]
[    0.459920] pci 0000:06:00.0:   bridge window [mem 0xa0d00000-0xa0dfffff]
[    0.459926] pci 0000:06:03.0: PCI bridge to [bus 08-38]
[    0.459927] pci 0000:06:03.0:   bridge window [io  0x4000-0x4fff]
[    0.459931] pci 0000:06:03.0:   bridge window [mem 0xa0e00000-0xa4dfffff]
[    0.459933] pci 0000:06:03.0:   bridge window [mem 0xace00000-0xb0dfffff 64bit pref]
[    0.459937] pci 0000:06:04.0: PCI bridge to [bus 39]
[    0.459945] pci 0000:06:05.0: PCI bridge to [bus 3a-6a]
[    0.459947] pci 0000:06:05.0:   bridge window [io  0x5000-0x5fff]
[    0.459950] pci 0000:06:05.0:   bridge window [mem 0xa4e00000-0xa8dfffff]
[    0.459953] pci 0000:06:05.0:   bridge window [mem 0xb0e00000-0xb4dfffff 64bit pref]
[    0.459957] pci 0000:06:06.0: PCI bridge to [bus 6b]
[    0.459965] pci 0000:05:00.0: PCI bridge to [bus 06-6b]
[    0.459966] pci 0000:05:00.0:   bridge window [io  0x4000-0x5fff]
[    0.459970] pci 0000:05:00.0:   bridge window [mem 0xa0d00000-0xa8dfffff]
[    0.459972] pci 0000:05:00.0:   bridge window [mem 0xace00000-0xb4dfffff 64bit pref]
[    0.459976] pci 0000:00:01.1: PCI bridge to [bus 05-9b]
[    0.459977] pci 0000:00:01.1:   bridge window [io  0x4000-0x6fff]
[    0.459979] pci 0000:00:01.1:   bridge window [mem 0xa0d00000-0xacdfffff]
[    0.459981] pci 0000:00:01.1:   bridge window [mem 0xace00000-0xb8dfffff 64bit pref]
[    0.459983] pci 0000:00:1c.0: PCI bridge to [bus 02]
[    0.459990] pci 0000:00:1c.0:   bridge window [io  0x2000-0x2fff]
[    0.459994] pci 0000:00:1c.0:   bridge window [mem 0x7fc00000-0x7fdfffff]
[    0.459997] pci 0000:00:1c.0:   bridge window [mem 0x7fe00000-0x7fffffff 64bit pref]
[    0.460002] pci 0000:00:1c.2: PCI bridge to [bus 03]
[    0.460006] pci 0000:00:1c.2:   bridge window [mem 0xa0400000-0xa08fffff]
[    0.460013] pci 0000:00:1c.3: PCI bridge to [bus 04]
[    0.460017] pci 0000:00:1c.3:   bridge window [mem 0xa0900000-0xa0afffff]
[    0.460021] pci 0000:00:1c.3:   bridge window [mem 0x80000000-0x8fffffff 64bit pref]
[    0.460026] pci_bus 0000:00: resource 4 [io  0x0000-0x0cf7 window]
[    0.460027] pci_bus 0000:00: resource 5 [io  0x0d00-0xffff window]
[    0.460029] pci_bus 0000:00: resource 6 [mem 0x000a0000-0x000bffff window]
[    0.460029] pci_bus 0000:00: resource 7 [mem 0x000c0000-0x000c3fff window]
[    0.460030] pci_bus 0000:00: resource 8 [mem 0x000c4000-0x000c7fff window]
[    0.460031] pci_bus 0000:00: resource 9 [mem 0x000c8000-0x000cbfff window]
[    0.460032] pci_bus 0000:00: resource 10 [mem 0x000cc000-0x000cffff window]
[    0.460033] pci_bus 0000:00: resource 11 [mem 0x000d0000-0x000d3fff window]
[    0.460034] pci_bus 0000:00: resource 12 [mem 0x000d4000-0x000d7fff window]
[    0.460035] pci_bus 0000:00: resource 13 [mem 0x000d8000-0x000dbfff window]
[    0.460036] pci_bus 0000:00: resource 14 [mem 0x000dc000-0x000dffff window]
[    0.460037] pci_bus 0000:00: resource 15 [mem 0x000e0000-0x000e3fff window]
[    0.460038] pci_bus 0000:00: resource 16 [mem 0x000e4000-0x000e7fff window]
[    0.460039] pci_bus 0000:00: resource 17 [mem 0x000e8000-0x000ebfff window]
[    0.460040] pci_bus 0000:00: resource 18 [mem 0x000ec000-0x000effff window]
[    0.460041] pci_bus 0000:00: resource 19 [mem 0x000f0000-0x000fffff window]
[    0.460042] pci_bus 0000:00: resource 20 [mem 0x7fa00000-0xfeafffff window]
[    0.460043] pci_bus 0000:00: resource 21 [mem 0xfed40000-0xfed44fff window]
[    0.460044] pci_bus 0000:01: resource 1 [mem 0xa0b00000-0xa0bfffff]
[    0.460045] pci_bus 0000:05: resource 0 [io  0x4000-0x6fff]
[    0.460046] pci_bus 0000:05: resource 1 [mem 0xa0d00000-0xacdfffff]
[    0.460047] pci_bus 0000:05: resource 2 [mem 0xace00000-0xb8dfffff 64bit pref]
[    0.460048] pci_bus 0000:06: resource 0 [io  0x4000-0x5fff]
[    0.460049] pci_bus 0000:06: resource 1 [mem 0xa0d00000-0xa8dfffff]
[    0.460050] pci_bus 0000:06: resource 2 [mem 0xace00000-0xb4dfffff 64bit pref]
[    0.460051] pci_bus 0000:07: resource 1 [mem 0xa0d00000-0xa0dfffff]
[    0.460052] pci_bus 0000:08: resource 0 [io  0x4000-0x4fff]
[    0.460053] pci_bus 0000:08: resource 1 [mem 0xa0e00000-0xa4dfffff]
[    0.460054] pci_bus 0000:08: resource 2 [mem 0xace00000-0xb0dfffff 64bit pref]
[    0.460055] pci_bus 0000:3a: resource 0 [io  0x5000-0x5fff]
[    0.460056] pci_bus 0000:3a: resource 1 [mem 0xa4e00000-0xa8dfffff]
[    0.460057] pci_bus 0000:3a: resource 2 [mem 0xb0e00000-0xb4dfffff 64bit pref]
[    0.460058] pci_bus 0000:02: resource 0 [io  0x2000-0x2fff]
[    0.460059] pci_bus 0000:02: resource 1 [mem 0x7fc00000-0x7fdfffff]
[    0.460060] pci_bus 0000:02: resource 2 [mem 0x7fe00000-0x7fffffff 64bit pref]
[    0.460061] pci_bus 0000:03: resource 1 [mem 0xa0400000-0xa08fffff]
[    0.460062] pci_bus 0000:04: resource 1 [mem 0xa0900000-0xa0afffff]
[    0.460063] pci_bus 0000:04: resource 2 [mem 0x80000000-0x8fffffff 64bit pref]
[    0.460164] NET: Registered protocol family 2
[    0.460276] tcp_listen_portaddr_hash hash table entries: 8192 (order: 5, 131072 bytes)
[    0.460319] TCP established hash table entries: 131072 (order: 8, 1048576 bytes)
[    0.460459] TCP bind hash table entries: 65536 (order: 8, 1048576 bytes)
[    0.460571] TCP: Hash tables configured (established 131072 bind 65536)
[    0.460601] UDP hash table entries: 8192 (order: 6, 262144 bytes)
[    0.460636] UDP-Lite hash table entries: 8192 (order: 6, 262144 bytes)
[    0.460699] NET: Registered protocol family 1
[    0.460707] NET: Registered protocol family 44
[    0.460716] pci 0000:00:02.0: Video device with shadowed ROM at [mem 0x000c0000-0x000dffff]
[    0.460939] PCI: CLS 256 bytes, default 64
[    0.460965] Unpacking initramfs...
[    1.586928] Freeing initrd memory: 92836K
[    1.588742] PCI-DMA: Using software bounce buffering for IO (SWIOTLB)
[    1.588744] software IO TLB: mapped [mem 0x5f070000-0x63070000] (64MB)
[    1.591133] Initialise system trusted keyrings
[    1.591144] Key type blacklist registered
[    1.591175] workingset: timestamp_bits=36 max_order=22 bucket_order=0
[    1.592270] zbud: loaded
[    1.724051] alg: No test for 842 (842-generic)
[    1.724622] alg: No test for 842 (842-scomp)
[    1.745023] NET: Registered protocol family 38
[    1.745025] Key type asymmetric registered
[    1.745026] Asymmetric key parser 'x509' registered
[    1.745036] Block layer SCSI generic (bsg) driver version 0.4 loaded (major 243)
[    1.745062] io scheduler mq-deadline registered
[    1.745117] atomic64_test: passed for x86-64 platform with CX8 and with SSE
[    1.745504] pciehp 0000:00:1c.0:pcie004: Slot #0 AttnBtn- PwrCtrl- MRL- AttnInd- PwrInd- HotPlug+ Surprise+ Interlock- NoCompl+ LLActRep+
[    1.745978] pciehp 0000:06:00.0:pcie204: Slot #0 AttnBtn- PwrCtrl- MRL- AttnInd- PwrInd- HotPlug+ Surprise+ Interlock- NoCompl+ LLActRep+
[    1.746127] pciehp 0000:06:03.0:pcie204: Slot #3 AttnBtn- PwrCtrl- MRL- AttnInd- PwrInd- HotPlug+ Surprise+ Interlock- NoCompl+ LLActRep+
[    1.746272] pciehp 0000:06:04.0:pcie204: Slot #4 AttnBtn- PwrCtrl- MRL- AttnInd- PwrInd- HotPlug+ Surprise+ Interlock- NoCompl+ LLActRep+
[    1.746418] pciehp 0000:06:05.0:pcie204: Slot #5 AttnBtn- PwrCtrl- MRL- AttnInd- PwrInd- HotPlug+ Surprise+ Interlock- NoCompl+ LLActRep+
[    1.746565] pciehp 0000:06:06.0:pcie204: Slot #6 AttnBtn- PwrCtrl- MRL- AttnInd- PwrInd- HotPlug+ Surprise+ Interlock- NoCompl+ LLActRep+
[    1.746641] shpchp: Standard Hot Plug PCI Controller Driver version: 0.4
[    1.746657] efifb: probing for efifb
[    1.746671] efifb: No BGRT, not showing boot graphics
[    1.746672] efifb: framebuffer at 0x90000000, using 20700k, total 20700k
[    1.746673] efifb: mode is 2880x1800x32, linelength=11776, pages=1
[    1.746673] efifb: scrolling: redraw
[    1.746674] efifb: Truecolor: size=8:8:8:8, shift=24:16:8:0
[    1.746709] fbcon: Deferring console take-over
[    1.746710] fb0: EFI VGA frame buffer device
[    1.746715] intel_idle: MWAIT substates: 0x42120
[    1.746716] intel_idle: v0.4.1 model 0x46
[    1.746951] intel_idle: lapic_timer_reliable_states 0xffffffff
[    1.747053] ACPI: AC Adapter [ADP1] (on-line)
[    1.747102] input: Lid Switch as /devices/LNXSYSTM:00/LNXSYBUS:00/PNP0C0D:00/input/input0
[    1.747132] ACPI: Lid Switch [LID0]
[    1.747165] input: Power Button as /devices/LNXSYSTM:00/LNXSYBUS:00/PNP0C0C:00/input/input1
[    1.747171] ACPI: Power Button [PWRB]
[    1.747190] input: Sleep Button as /devices/LNXSYSTM:00/LNXSYBUS:00/PNP0C0E:00/input/input2
[    1.747194] ACPI: Sleep Button [SLPB]
[    1.747212] input: Power Button as /devices/LNXSYSTM:00/LNXPWRBN:00/input/input3
[    1.747222] ACPI: Power Button [PWRF]
[    1.748179] Serial: 8250/16550 driver, 32 ports, IRQ sharing enabled
[    1.749605] Non-volatile memory driver v1.3
[    1.749625] Linux agpgart interface v0.103
[    1.750287] ahci 0000:01:00.0: version 3.0
[    1.780945] ahci 0000:01:00.0: AHCI 0001.0300 32 slots 1 ports 6 Gbps 0x1 impl SATA mode
[    1.780949] ahci 0000:01:00.0: flags: 64bit ncq led clo only pio ccc 
[    1.781445] scsi host0: ahci
[    1.781541] ata1: SATA max UDMA/133 abar m8192@0xa0b00000 port 0xa0b00100 irq 33
[    1.781626] libphy: Fixed MDIO Bus: probed
[    1.781779] ehci_hcd: USB 2.0 'Enhanced' Host Controller (EHCI) Driver
[    1.781783] ehci-pci: EHCI PCI platform driver
[    1.781800] ohci_hcd: USB 1.1 'Open' Host Controller (OHCI) Driver
[    1.781801] ohci-pci: OHCI PCI platform driver
[    1.781809] uhci_hcd: USB Universal Host Controller Interface driver
[    1.781988] xhci_hcd 0000:00:14.0: xHCI Host Controller
[    1.782114] xhci_hcd 0000:00:14.0: new USB bus registered, assigned bus number 1
[    1.783192] xhci_hcd 0000:00:14.0: hcc params 0x200077c1 hci version 0x100 quirks 0x0000000000009890
[    1.783197] xhci_hcd 0000:00:14.0: cache line size of 256 is not supported
[    1.783384] usb usb1: New USB device found, idVendor=1d6b, idProduct=0002, bcdDevice= 5.00
[    1.783386] usb usb1: New USB device strings: Mfr=3, Product=2, SerialNumber=1
[    1.783387] usb usb1: Product: xHCI Host Controller
[    1.783388] usb usb1: Manufacturer: Linux 5.0.0-rc6+ xhci-hcd
[    1.783389] usb usb1: SerialNumber: 0000:00:14.0
[    1.783572] hub 1-0:1.0: USB hub found
[    1.783594] hub 1-0:1.0: 14 ports detected
[    1.783936] xhci_hcd 0000:00:14.0: xHCI Host Controller
[    1.784038] xhci_hcd 0000:00:14.0: new USB bus registered, assigned bus number 2
[    1.784053] xhci_hcd 0000:00:14.0: Host supports USB 3.0  SuperSpeed
[    1.784098] usb usb2: New USB device found, idVendor=1d6b, idProduct=0003, bcdDevice= 5.00
[    1.784099] usb usb2: New USB device strings: Mfr=3, Product=2, SerialNumber=1
[    1.784100] usb usb2: Product: xHCI Host Controller
[    1.784101] usb usb2: Manufacturer: Linux 5.0.0-rc6+ xhci-hcd
[    1.784102] usb usb2: SerialNumber: 0000:00:14.0
[    1.784180] hub 2-0:1.0: USB hub found
[    1.784196] hub 2-0:1.0: 6 ports detected
[    1.784233] usb: port power management may be unreliable
[    1.784375] usbcore: registered new interface driver usbserial_generic
[    1.784379] usbserial: USB Serial support registered for generic
[    1.784397] i8042: PNP: No PS/2 controller found.
[    1.784430] mousedev: PS/2 mouse device common for all mice
[    1.784553] rtc_cmos 00:02: RTC can wake from S4
[    1.784682] rtc_cmos 00:02: registered as rtc0
[    1.784683] rtc_cmos 00:02: alarms up to one month, y3k, 242 bytes nvram, hpet irqs
[    1.784756] device-mapper: uevent: version 1.0.3
[    1.784807] device-mapper: ioctl: 4.39.0-ioctl (2018-04-03) initialised: dm-devel@redhat.com
[    1.784856] intel_pstate: Intel P-state driver initializing
[    1.785327] hidraw: raw HID events driver (C) Jiri Kosina
[    1.785409] usbcore: registered new interface driver usbhid
[    1.785410] usbhid: USB HID core driver
[    1.785679] drop_monitor: Initializing network drop monitor service
[    1.786070] Initializing XFRM netlink socket
[    1.786349] NET: Registered protocol family 10
[    1.795385] Segment Routing with IPv6
[    1.795434] mip6: Mobile IPv6
[    1.795438] NET: Registered protocol family 17
[    1.797070] RAS: Correctable Errors collector initialized.
[    1.797174] microcode: sig=0x40661, pf=0x20, revision=0x1a
[    1.797486] microcode: Microcode Update Driver: v2.2.
[    1.797505] AVX2 version of gcm_enc/dec engaged.
[    1.797506] AES CTR mode by8 optimization enabled
[    1.832643] sched_clock: Marking stable (1832375616, 256942)->(1915892105, -83259547)
[    1.833023] registered taskstats version 1
[    1.833032] Loading compiled-in X.509 certificates
[    1.865339] Loaded X.509 cert 'Build time autogenerated kernel key: 307e4e8a55fe74f83f10b61aeadbf24a5fc6325b'
[    1.865360] zswap: loaded using pool lzo/zbud
[    1.870870] Key type big_key registered
[    1.873131] Key type encrypted registered
[    1.873140] ima: No TPM chip found, activating TPM-bypass!
[    1.873149] ima: Allocated hash algorithm: sha1
[    1.873155] No architecture policies found
[    1.873880]   Magic number: 7:15:361
[    1.873915] msr msr0: hash matches
[    1.874025] rtc_cmos 00:02: setting system clock to 2019-02-12T03:22:50 UTC (1549941770)
[    2.107000] usb 2-4: new SuperSpeed Gen 1 USB device number 2 using xhci_hcd
[    2.111385] ata1: SATA link up 6.0 Gbps (SStatus 133 SControl 300)
[    2.113349] ata1.00: unexpected _GTF length (8)
[    2.113492] ata1.00: ATA-8: APPLE SSD SM0256G, BXW1SA0Q, max UDMA/133
[    2.113495] ata1.00: 490234752 sectors, multi 16: LBA48 NCQ (depth 32), AA
[    2.113932] ata1.00: unexpected _GTF length (8)
[    2.114077] ata1.00: configured for UDMA/133
[    2.114380] scsi 0:0:0:0: Direct-Access     ATA      APPLE SSD SM0256 SA0Q PQ: 0 ANSI: 5
[    2.114666] sd 0:0:0:0: Attached scsi generic sg0 type 0
[    2.114887] sd 0:0:0:0: [sda] 490234752 512-byte logical blocks: (251 GB/234 GiB)
[    2.114890] sd 0:0:0:0: [sda] 4096-byte physical blocks
[    2.114936] sd 0:0:0:0: [sda] Write Protect is off
[    2.114938] sd 0:0:0:0: [sda] Mode Sense: 00 3a 00 00
[    2.114973] sd 0:0:0:0: [sda] Write cache: enabled, read cache: enabled, doesn't support DPO or FUA
[    2.116419]  sda: sda1 sda2 sda3 sda4
[    2.117067] sd 0:0:0:0: [sda] Attached SCSI disk
[    2.118054] Freeing unused decrypted memory: 2040K
[    2.118429] Freeing unused kernel image memory: 2152K
[    2.121481] usb 2-4: New USB device found, idVendor=05ac, idProduct=8406, bcdDevice= 8.20
[    2.121483] usb 2-4: New USB device strings: Mfr=3, Product=4, SerialNumber=5
[    2.121484] usb 2-4: Product: Card Reader
[    2.121486] usb 2-4: Manufacturer: Apple
[    2.121487] usb 2-4: SerialNumber: 000000000820
[    2.124755] Write protecting the kernel read-only data: 18432k
[    2.125281] Freeing unused kernel image memory: 2020K
[    2.125371] Freeing unused kernel image memory: 68K
[    2.132417] x86/mm: Checked W+X mappings: passed, no W+X pages found.
[    2.132421] rodata_test: all tests were successful
[    2.132421] x86/mm: Checking user space page tables
[    2.139094] x86/mm: Checked W+X mappings: passed, no W+X pages found.
[    2.139096] Run /init as init process
[    2.233735] usb 1-8: new full-speed USB device number 2 using xhci_hcd
[    2.234535] systemd[1]: systemd 239 running in system mode. (+PAM +AUDIT +SELINUX +IMA -APPARMOR +SMACK +SYSVINIT +UTMP +LIBCRYPTSETUP +GCRYPT +GNUTLS +ACL +XZ +LZ4 +SECCOMP +BLKID +ELFUTILS +KMOD +IDN2 -IDN +PCRE2 default-hierarchy=hybrid)
[    2.245871] systemd[1]: Detected architecture x86-64.
[    2.245875] systemd[1]: Running in initial RAM disk.
[    2.248268] systemd[1]: Set hostname to <im-mac>.
[    2.299593] systemd[1]: Created slice system-systemd\x2dhibernate\x2dresume.slice.
[    2.299690] systemd[1]: Listening on Journal Audit Socket.
[    2.299778] systemd[1]: Listening on Journal Socket.
[    2.300281] systemd[1]: Starting Setup Virtual Console...
[    2.300396] systemd[1]: Listening on udev Control Socket.
[    2.300409] systemd[1]: Reached target Timers.
[    2.348460] audit: type=1130 audit(1549941770.972:2): pid=1 uid=0 auid=4294967295 ses=4294967295 subj=kernel msg='unit=systemd-journald comm="systemd" exe="/usr/lib/systemd/systemd" hostname=? addr=? terminal=? res=success'
[    2.349591] audit: type=1130 audit(1549941770.973:3): pid=1 uid=0 auid=4294967295 ses=4294967295 subj=kernel msg='unit=systemd-vconsole-setup comm="systemd" exe="/usr/lib/systemd/systemd" hostname=? addr=? terminal=? res=success'
[    2.349594] audit: type=1131 audit(1549941770.973:4): pid=1 uid=0 auid=4294967295 ses=4294967295 subj=kernel msg='unit=systemd-vconsole-setup comm="systemd" exe="/usr/lib/systemd/systemd" hostname=? addr=? terminal=? res=success'
[    2.363404] usb 1-8: New USB device found, idVendor=05ac, idProduct=8290, bcdDevice= 1.61
[    2.363406] usb 1-8: New USB device strings: Mfr=1, Product=2, SerialNumber=0
[    2.363408] usb 1-8: Product: Bluetooth USB Host Controller
[    2.363409] usb 1-8: Manufacturer: Broadcom Corp.
[    2.366420] input: Broadcom Corp. Bluetooth USB Host Controller as /devices/pci0000:00/0000:00:14.0/usb1/1-8/1-8:1.0/0003:05AC:8290.0001/input/input4
[    2.418035] hid-generic 0003:05AC:8290.0001: input,hidraw0: USB HID v1.11 Keyboard [Broadcom Corp. Bluetooth USB Host Controller] on usb-0000:00:14.0-8/input0
[    2.418738] input: Broadcom Corp. Bluetooth USB Host Controller as /devices/pci0000:00/0000:00:14.0/usb1/1-8/1-8:1.1/0003:05AC:8290.0002/input/input5
[    2.418996] hid-generic 0003:05AC:8290.0002: input,hidraw1: USB HID v1.11 Mouse [Broadcom Corp. Bluetooth USB Host Controller] on usb-0000:00:14.0-8/input1
[    2.526876] audit: type=1130 audit(1549941771.151:5): pid=1 uid=0 auid=4294967295 ses=4294967295 subj=kernel msg='unit=dracut-cmdline comm="systemd" exe="/usr/lib/systemd/systemd" hostname=? addr=? terminal=? res=success'
[    2.533720] usb 1-12: new full-speed USB device number 3 using xhci_hcd
[    2.554787] audit: type=1130 audit(1549941771.179:6): pid=1 uid=0 auid=4294967295 ses=4294967295 subj=kernel msg='unit=dracut-pre-udev comm="systemd" exe="/usr/lib/systemd/systemd" hostname=? addr=? terminal=? res=success'
[    2.573632] audit: type=1130 audit(1549941771.197:7): pid=1 uid=0 auid=4294967295 ses=4294967295 subj=kernel msg='unit=systemd-udevd comm="systemd" exe="/usr/lib/systemd/systemd" hostname=? addr=? terminal=? res=success'
[    2.624739] tsc: Refined TSC clocksource calibration: 2194.919 MHz
[    2.624755] clocksource: tsc: mask: 0xffffffffffffffff max_cycles: 0x1fa372fc492, max_idle_ns: 440795285018 ns
[    2.624785] clocksource: Switched to clocksource tsc
[    2.632239] audit: type=1130 audit(1549941771.256:8): pid=1 uid=0 auid=4294967295 ses=4294967295 subj=kernel msg='unit=systemd-udev-trigger comm="systemd" exe="/usr/lib/systemd/systemd" hostname=? addr=? terminal=? res=success'
[    2.648640] audit: type=1130 audit(1549941771.272:9): pid=1 uid=0 auid=4294967295 ses=4294967295 subj=kernel msg='unit=plymouth-start comm="systemd" exe="/usr/lib/systemd/systemd" hostname=? addr=? terminal=? res=success'
[    2.666698] usb 1-12: New USB device found, idVendor=05ac, idProduct=0274, bcdDevice= 6.24
[    2.666701] usb 1-12: New USB device strings: Mfr=1, Product=2, SerialNumber=3
[    2.666715] usb 1-12: Product: Apple Internal Keyboard / Trackpad
[    2.666717] usb 1-12: Manufacturer: Apple Inc.
[    2.666718] usb 1-12: SerialNumber: D3H61830CG1FTV4A16PF
[    2.672198] usb-storage 2-4:1.0: USB Mass Storage device detected
[    2.672427] scsi host1: usb-storage 2-4:1.0
[    2.672581] usbcore: registered new interface driver usb-storage
[    2.679974] usbcore: registered new interface driver uas
[    2.691912] apple 0003:05AC:0274.0003: hiddev96,hidraw2: USB HID v1.10 Device [Apple Inc. Apple Internal Keyboard / Trackpad] on usb-0000:00:14.0-12/input0
[    2.692134] input: Apple Inc. Apple Internal Keyboard / Trackpad as /devices/pci0000:00/0000:00:14.0/usb1/1-12/1-12:1.1/0003:05AC:0274.0004/input/input6
[    2.743949] apple 0003:05AC:0274.0004: input,hiddev97,hidraw3: USB HID v1.10 Keyboard [Apple Inc. Apple Internal Keyboard / Trackpad] on usb-0000:00:14.0-12/input1
[    2.744062] apple 0003:05AC:0274.0005: hiddev98,hidraw4: USB HID v1.10 Device [Apple Inc. Apple Internal Keyboard / Trackpad] on usb-0000:00:14.0-12/input3
[    2.744139] apple 0003:05AC:0274.0006: hiddev99,hidraw5: USB HID v1.10 Device [Apple Inc. Apple Internal Keyboard / Trackpad] on usb-0000:00:14.0-12/input4
[    2.872480] audit: type=1130 audit(1549941771.496:10): pid=1 uid=0 auid=4294967295 ses=4294967295 subj=kernel msg='unit=systemd-ask-password-plymouth comm="systemd" exe="/usr/lib/systemd/systemd" hostname=? addr=? terminal=? res=success'
[    2.926451] VFIO - User Level meta-driver version: 0.3
[    3.503929] [drm] Found 128MB of eDRAM
[    3.504069] checking generic (90000000 1437000) vs hw (90000000 10000000)
[    3.504069] fb0: switching to inteldrmfb from EFI VGA
[    3.504143] [drm] Replacing VGA console driver
[    3.504519] [drm] Supports vblank timestamp caching Rev 2 (21.10.2013).
[    3.504519] [drm] Driver supports precise vblank timestamp query.
[    3.504555] i915 0000:00:02.0: vgaarb: changed VGA decodes: olddecodes=io+mem,decodes=io+mem:owns=io+mem
[    3.513696] [drm] Initialized i915 1.6.0 20181204 for 0000:00:02.0 on minor 0
[    3.514568] ACPI: Video Device [IGPU] (multi-head: yes  rom: no  post: no)
[    3.515171] acpi device:57: registered as cooling_device8
[    3.515240] input: Video Bus as /devices/LNXSYSTM:00/LNXSYBUS:00/PNP0A08:00/LNXVIDEO:00/input/input7
[    3.521610] fbcon: inteldrmfb (fb0) is primary device
[    3.521611] fbcon: Deferring console take-over
[    3.521614] i915 0000:00:02.0: fb0: inteldrmfb frame buffer device
[    3.715174] scsi 1:0:0:0: Direct-Access     APPLE    SD Card Reader   3.00 PQ: 0 ANSI: 6
[    3.715615] sd 1:0:0:0: Attached scsi generic sg1 type 0
[    3.716752] sd 1:0:0:0: [sdb] Attached SCSI removable disk
[   11.171332] device-mapper: crypt: xts(aes) using implementation "xts-aes-aesni"
[   11.228076] kauditd_printk_skb: 2 callbacks suppressed
[   11.228077] audit: type=1130 audit(1549941779.852:13): pid=1 uid=0 auid=4294967295 ses=4294967295 subj=kernel msg='unit=systemd-cryptsetup@luks\x2ddd1fa933\x2def9f\x2d402b\x2da2e4\x2d7c9d6fb7ce0d comm="systemd" exe="/usr/lib/systemd/systemd" hostname=? addr=? terminal=? res=success'
[   11.697036] PM: Image not found (code -22)
[   11.698347] audit: type=1130 audit(1549941780.322:14): pid=1 uid=0 auid=4294967295 ses=4294967295 subj=kernel msg='unit=systemd-hibernate-resume@dev-mapper-im\x2d\x2dmac\x2dswap comm="systemd" exe="/usr/lib/systemd/systemd" hostname=? addr=? terminal=? res=success'
[   11.698351] audit: type=1131 audit(1549941780.322:15): pid=1 uid=0 auid=4294967295 ses=4294967295 subj=kernel msg='unit=systemd-hibernate-resume@dev-mapper-im\x2d\x2dmac\x2dswap comm="systemd" exe="/usr/lib/systemd/systemd" hostname=? addr=? terminal=? res=success'
[   11.707197] audit: type=1130 audit(1549941780.331:16): pid=1 uid=0 auid=4294967295 ses=4294967295 subj=kernel msg='unit=systemd-tmpfiles-setup comm="systemd" exe="/usr/lib/systemd/systemd" hostname=? addr=? terminal=? res=success'
[   11.727295] audit: type=1130 audit(1549941780.351:17): pid=1 uid=0 auid=4294967295 ses=4294967295 subj=kernel msg='unit=dracut-initqueue comm="systemd" exe="/usr/lib/systemd/systemd" hostname=? addr=? terminal=? res=success'
[   11.745239] audit: type=1130 audit(1549941780.369:18): pid=1 uid=0 auid=4294967295 ses=4294967295 subj=kernel msg='unit=systemd-fsck-root comm="systemd" exe="/usr/lib/systemd/systemd" hostname=? addr=? terminal=? res=success'
[   12.060515] SGI XFS with ACLs, security attributes, scrub, no debug enabled
[   12.064356] XFS (dm-1): Mounting V5 Filesystem
[   12.075582] XFS (dm-1): Ending clean mount
[   12.199172] audit: type=1130 audit(1549941780.823:19): pid=1 uid=0 auid=4294967295 ses=4294967295 subj=kernel msg='unit=initrd-parse-etc comm="systemd" exe="/usr/lib/systemd/systemd" hostname=? addr=? terminal=? res=success'
[   12.199174] audit: type=1131 audit(1549941780.823:20): pid=1 uid=0 auid=4294967295 ses=4294967295 subj=kernel msg='unit=initrd-parse-etc comm="systemd" exe="/usr/lib/systemd/systemd" hostname=? addr=? terminal=? res=success'
[   12.345824] audit: type=1130 audit(1549941780.970:21): pid=1 uid=0 auid=4294967295 ses=4294967295 subj=kernel msg='unit=dracut-pre-pivot comm="systemd" exe="/usr/lib/systemd/systemd" hostname=? addr=? terminal=? res=success'
[   12.358162] audit: type=1131 audit(1549941780.982:22): pid=1 uid=0 auid=4294967295 ses=4294967295 subj=kernel msg='unit=dracut-pre-pivot comm="systemd" exe="/usr/lib/systemd/systemd" hostname=? addr=? terminal=? res=success'
[   12.446158] systemd-journald[311]: Received SIGTERM from PID 1 (systemd).
[   12.476862] printk: systemd: 14 output lines suppressed due to ratelimiting
[   12.939541] SELinux:  Class xdp_socket not defined in policy.
[   12.939542] SELinux: the above unknown classes and permissions will be allowed
[   12.939545] SELinux:  policy capability network_peer_controls=1
[   12.939545] SELinux:  policy capability open_perms=1
[   12.939546] SELinux:  policy capability extended_socket_class=1
[   12.939546] SELinux:  policy capability always_check_network=0
[   12.939547] SELinux:  policy capability cgroup_seclabel=1
[   12.939547] SELinux:  policy capability nnp_nosuid_transition=1
[   12.960036] systemd[1]: Successfully loaded SELinux policy in 397.336ms.
[   12.999115] systemd[1]: Relabelled /dev, /run and /sys/fs/cgroup in 25.004ms.
[   13.001423] systemd[1]: systemd 239 running in system mode. (+PAM +AUDIT +SELINUX +IMA -APPARMOR +SMACK +SYSVINIT +UTMP +LIBCRYPTSETUP +GCRYPT +GNUTLS +ACL +XZ +LZ4 +SECCOMP +BLKID +ELFUTILS +KMOD +IDN2 -IDN +PCRE2 default-hierarchy=hybrid)
[   13.012903] systemd[1]: Detected architecture x86-64.
[   13.014528] systemd[1]: Set hostname to <im-mac>.
[   13.039581] systemd-sysv-generator[906]: stat() failed on /etc/rc.d/init.d/jexec, ignoring: No such file or directory
[   13.208335] systemd[1]: Stopped Switch Root.
[   13.208531] systemd[1]: systemd-journald.service: Service has no hold-off time (RestartSec=0), scheduling restart.
[   13.208589] systemd[1]: systemd-journald.service: Scheduled restart job, restart counter is at 1.
[   13.208607] systemd[1]: Stopped Journal Service.
[   13.209497] systemd[1]: Starting Journal Service...
[   13.209514] systemd[1]: Reached target User and Group Name Lookups.
[   13.210997] systemd[1]: Listening on LVM2 metadata daemon socket.
[   13.219604] Adding 4194300k swap on /dev/mapper/im--mac-swap.  Priority:-2 extents:1 across:4194300k SSFS
[   13.257416] systemd-journald[913]: Received request to flush runtime journal from PID 1
[   13.440458] apple_gmux: gmux device not present
[   13.444410] smbus_hc ACPI0001:00: SBS HC: offset = 0x20, query_bit = 0x10
[   13.510111] ACPI Warning: SystemIO range 0x0000000000000840-0x000000000000084F conflicts with OpRegion 0x0000000000000800-0x0000000000000863 (\GPIO) (20181213/utaddress-213)
[   13.510120] ACPI: If an ACPI driver is available for this device, you should use it instead of the native driver
[   13.510121] ACPI Warning: SystemIO range 0x0000000000000830-0x000000000000083F conflicts with OpRegion 0x0000000000000800-0x0000000000000863 (\GPIO) (20181213/utaddress-213)
[   13.510124] ACPI: If an ACPI driver is available for this device, you should use it instead of the native driver
[   13.510125] ACPI Warning: SystemIO range 0x0000000000000800-0x000000000000082F conflicts with OpRegion 0x0000000000000810-0x0000000000000813 (\_PR.IO_D) (20181213/utaddress-213)
[   13.510128] ACPI Warning: SystemIO range 0x0000000000000800-0x000000000000082F conflicts with OpRegion 0x0000000000000800-0x0000000000000863 (\GPIO) (20181213/utaddress-213)
[   13.510131] ACPI Warning: SystemIO range 0x0000000000000800-0x000000000000082F conflicts with OpRegion 0x0000000000000810-0x0000000000000813 (\IO_D) (20181213/utaddress-213)
[   13.510134] ACPI Warning: SystemIO range 0x0000000000000800-0x000000000000082F conflicts with OpRegion 0x0000000000000800-0x000000000000080F (\IO_T) (20181213/utaddress-213)
[   13.510137] ACPI: If an ACPI driver is available for this device, you should use it instead of the native driver
[   13.510138] lpc_ich: Resource conflict(s) found affecting gpio_ich
[   13.541221] i801_smbus 0000:00:1f.3: SPD Write Disable is set
[   13.541257] i801_smbus 0000:00:1f.3: SMBus using PCI interrupt
[   13.563590] RAPL PMU: API unit is 2^-32 Joules, 4 fixed counters, 655360 ms ovfl timer
[   13.563591] RAPL PMU: hw unit of domain pp0-core 2^-14 Joules
[   13.563592] RAPL PMU: hw unit of domain package 2^-14 Joules
[   13.563593] RAPL PMU: hw unit of domain dram 2^-14 Joules
[   13.563593] RAPL PMU: hw unit of domain pp1-gpu 2^-14 Joules
[   13.584852] input: bcm5974 as /devices/pci0000:00/0000:00:14.0/usb1/1-12/1-12:1.2/input/input8
[   13.585017] usbcore: registered new interface driver bcm5974
[   13.604329] thunderbolt 0000:07:00.0: 0:1: is unplugged (state: 7)
[   13.604441] thunderbolt 0000:07:00.0: 0:3: is unplugged (state: 7)
[   13.651460] ACPI: Smart Battery System [SBS0]: Battery Slot [BAT0] (battery present)
[   13.721234] iTCO_vendor_support: vendor-support=0
[   13.730790] applesmc: key=719 fan=2 temp=48 index=43 acc=0 lux=2 kbd=1
[   13.730985] applesmc applesmc.768: hwmon_device_register() is deprecated. Please convert the driver to use hwmon_device_register_with_info().
[   13.791167] Bluetooth: Core ver 2.22
[   13.791189] NET: Registered protocol family 31
[   13.791190] Bluetooth: HCI device and connection manager initialized
[   13.791194] Bluetooth: HCI socket layer initialized
[   13.791197] Bluetooth: L2CAP socket layer initialized
[   13.791200] Bluetooth: SCO socket layer initialized
[   13.794853] iTCO_wdt: Intel TCO WatchDog Timer Driver v1.11
[   13.794903] iTCO_wdt: unable to reset NO_REBOOT flag, device disabled by hardware/BIOS
[   13.819962] cfg80211: Loading compiled-in X.509 certificates for regulatory database
[   13.820764] cfg80211: Loaded X.509 cert 'sforshee: 00b28ddf47aef9cea7'
[   13.884393] usbcore: registered new interface driver btusb
[   13.923508] snd_hda_intel 0000:00:03.0: Linked as a consumer to 0000:00:02.0
[   13.923548] snd_hda_intel 0000:00:03.0: bound 0000:00:02.0 (ops i915_audio_component_bind_ops [i915])
[   13.946768] snd_hda_codec_cirrus hdaudioC1D0: autoconfig for CS4208: line_outs=2 (0x12/0x13/0x0/0x0/0x0) type:speaker
[   13.946771] snd_hda_codec_cirrus hdaudioC1D0:    speaker_outs=0 (0x0/0x0/0x0/0x0/0x0)
[   13.946773] snd_hda_codec_cirrus hdaudioC1D0:    hp_outs=1 (0x10/0x0/0x0/0x0/0x0)
[   13.946774] snd_hda_codec_cirrus hdaudioC1D0:    mono: mono_out=0x0
[   13.946775] snd_hda_codec_cirrus hdaudioC1D0:    dig-out=0x21/0x0
[   13.946776] snd_hda_codec_cirrus hdaudioC1D0:    inputs:
[   13.946778] snd_hda_codec_cirrus hdaudioC1D0:      Internal Mic=0x1c
[   13.946780] snd_hda_codec_cirrus hdaudioC1D0:      Mic=0x18
[   13.952760] input: HDA Intel HDMI HDMI/DP,pcm=3 as /devices/pci0000:00/0000:00:03.0/sound/card0/input9
[   13.952825] input: HDA Intel HDMI HDMI/DP,pcm=7 as /devices/pci0000:00/0000:00:03.0/sound/card0/input10
[   13.952861] input: HDA Intel HDMI HDMI/DP,pcm=8 as /devices/pci0000:00/0000:00:03.0/sound/card0/input11
[   13.952903] input: HDA Intel HDMI HDMI/DP,pcm=9 as /devices/pci0000:00/0000:00:03.0/sound/card0/input12
[   13.952939] input: HDA Intel HDMI HDMI/DP,pcm=10 as /devices/pci0000:00/0000:00:03.0/sound/card0/input13
[   13.957409] input: HDA Intel PCH Mic as /devices/pci0000:00/0000:00:1b.0/sound/card1/input14
[   13.957488] input: HDA Intel PCH Headphone as /devices/pci0000:00/0000:00:1b.0/sound/card1/input15
[   13.957556] input: HDA Intel PCH SPDIF as /devices/pci0000:00/0000:00:1b.0/sound/card1/input16
[   13.985197] usbcore: registered new interface driver brcmfmac
[   14.003078] Bluetooth: hci0: BCM: chip id 102 build 0715
[   14.004067] Bluetooth: hci0: BCM: product 05ac:8290
[   14.005080] Bluetooth: hci0: BCM: features 0x2f
[   14.010939] intel_rapl: Found RAPL domain package
[   14.010941] intel_rapl: Found RAPL domain core
[   14.010941] intel_rapl: Found RAPL domain uncore
[   14.010942] intel_rapl: Found RAPL domain dram
[   14.021105] Bluetooth: hci0: im-mac
[   14.062103] XFS (sda3): Mounting V5 Filesystem
[   14.062947] XFS (dm-4): Mounting V5 Filesystem
[   14.063636] XFS (dm-3): Mounting V5 Filesystem
[   14.077037] XFS (sda3): Ending clean mount
[   14.088043] XFS (dm-4): Ending clean mount
[   14.089099] brcmfmac: brcmf_fw_alloc_request: using brcm/brcmfmac43602-pcie for chip BCM43602/1
[   14.093031] XFS (dm-3): Ending clean mount
[   14.097284] brcmfmac 0000:03:00.0: Direct firmware load for brcm/brcmfmac43602-pcie.Apple Inc.-MacBookPro11,4.txt failed with error -2
[   14.097294] brcmfmac 0000:03:00.0: Direct firmware load for brcm/brcmfmac43602-pcie.txt failed with error -2
[   14.381023] Bluetooth: BNEP (Ethernet Emulation) ver 1.3
[   14.381024] Bluetooth: BNEP filters: protocol multicast
[   14.381028] Bluetooth: BNEP socket layer initialized
[   14.608350] brcmfmac: brcmf_fw_alloc_request: using brcm/brcmfmac43602-pcie for chip BCM43602/1
[   14.608615] brcmfmac 0000:03:00.0: Direct firmware load for brcm/brcmfmac43602-pcie.clm_blob failed with error -2
[   14.608617] brcmfmac: brcmf_c_process_clm_blob: no clm_blob available (err=-2), device may have limited channels available
[   14.609129] brcmfmac: brcmf_c_preinit_dcmds: Firmware: BCM43602/1 wl0: Nov 10 2015 06:38:10 version 7.35.177.61 (r598657) FWID 01-ea662a8c
[   14.661990] brcmfmac 0000:03:00.0 wlp3s0: renamed from wlan0
[   15.810610] L1TF CPU bug present and SMT on, data leak possible. See CVE-2018-3646 and https://www.kernel.org/doc/html/latest/admin-guide/l1tf.html for details.
[   16.608942] tun: Universal TUN/TAP device driver, 1.6
[   16.610378] virbr0: port 1(virbr0-nic) entered blocking state
[   16.610380] virbr0: port 1(virbr0-nic) entered disabled state
[   16.610435] device virbr0-nic entered promiscuous mode
[   16.710518] virbr0: port 1(virbr0-nic) entered blocking state
[   16.710520] virbr0: port 1(virbr0-nic) entered listening state
[   16.772340] virbr0: port 1(virbr0-nic) entered disabled state
[   22.726492] fuse init (API version 7.28)
[   23.013253] Bluetooth: RFCOMM TTY layer initialized
[   23.013262] Bluetooth: RFCOMM socket layer initialized
[   23.013352] Bluetooth: RFCOMM ver 1.11
[   23.966964] rfkill: input handler disabled
[   24.037247] IPv6: ADDRCONF(NETDEV_CHANGE): wlp3s0: link becomes ready
[   24.403937] brcmfmac: brcmf_inetaddr_changed: fail to get arp ip table err:-52
[  107.388715] xhci_hcd 0000:00:14.0: ep 0x81 - asked for 96 bytes, 78 bytes untransferred
[  107.388725] xhci_hcd 0000:00:14.0: Giveback URB 000000004410f042, len = 18, expected = 96, status = 0
[  107.388816] xhci_hcd 0000:00:14.0: Stalled endpoint for slot 2 ep 2
[  107.388829] xhci_hcd 0000:00:14.0: Cleaning up stalled endpoint ring
[  107.388835] xhci_hcd 0000:00:14.0: Finding endpoint context
[  107.388839] xhci_hcd 0000:00:14.0: Cycle state = 0x1
[  107.388842] xhci_hcd 0000:00:14.0: New dequeue segment = 00000000ca4f70ba (virtual)
[  107.388845] xhci_hcd 0000:00:14.0: New dequeue pointer = 0x459d8a6c0 (DMA)
[  107.388848] xhci_hcd 0000:00:14.0: Queueing new dequeue state
[  107.388853] xhci_hcd 0000:00:14.0: Set TR Deq Ptr cmd, new deq seg = 00000000ca4f70ba (0x459d8a000 dma), new deq ptr = 000000003877772e (0x459d8a6c0 dma), new cycle = 1
[  107.388856] xhci_hcd 0000:00:14.0: // Ding dong!
[  107.388867] xhci_hcd 0000:00:14.0: Giveback URB 000000004b2ebc60, len = 0, expected = 13, status = -32
[  107.388877] xhci_hcd 0000:00:14.0: Ignoring reset ep completion code of 1
[  107.388884] xhci_hcd 0000:00:14.0: Successful Set TR Deq Ptr cmd, deq = @459d8a6c0
[  107.601165] xhci_hcd 0000:00:14.0: ep 0x82 - asked for 65 bytes, 55 bytes untransferred
[  108.017172] xhci_hcd 0000:00:14.0: ep 0x82 - asked for 65 bytes, 55 bytes untransferred
[  108.081096] xhci_hcd 0000:00:14.0: ep 0x82 - asked for 65 bytes, 55 bytes untransferred
[  108.137119] xhci_hcd 0000:00:14.0: ep 0x82 - asked for 65 bytes, 55 bytes untransferred
[  108.569171] xhci_hcd 0000:00:14.0: ep 0x82 - asked for 65 bytes, 55 bytes untransferred
[  108.953174] xhci_hcd 0000:00:14.0: ep 0x82 - asked for 65 bytes, 55 bytes untransferred
[  109.009130] xhci_hcd 0000:00:14.0: ep 0x82 - asked for 65 bytes, 55 bytes untransferred
[  109.073167] xhci_hcd 0000:00:14.0: ep 0x82 - asked for 65 bytes, 55 bytes untransferred
[  109.436494] xhci_hcd 0000:00:14.0: ep 0x81 - asked for 96 bytes, 78 bytes untransferred
[  109.436503] xhci_hcd 0000:00:14.0: Giveback URB 00000000cd6a528b, len = 18, expected = 96, status = 0
[  109.436550] xhci_hcd 0000:00:14.0: Stalled endpoint for slot 2 ep 2
[  109.436559] xhci_hcd 0000:00:14.0: Cleaning up stalled endpoint ring
[  109.436563] xhci_hcd 0000:00:14.0: Finding endpoint context
[  109.436567] xhci_hcd 0000:00:14.0: Cycle state = 0x1
[  109.436571] xhci_hcd 0000:00:14.0: New dequeue segment = 00000000ca4f70ba (virtual)
[  109.436575] xhci_hcd 0000:00:14.0: New dequeue pointer = 0x459d8a700 (DMA)
[  109.436579] xhci_hcd 0000:00:14.0: Queueing new dequeue state
[  109.436584] xhci_hcd 0000:00:14.0: Set TR Deq Ptr cmd, new deq seg = 00000000ca4f70ba (0x459d8a000 dma), new deq ptr = 0000000084d8aeb8 (0x459d8a700 dma), new cycle = 1
[  109.436588] xhci_hcd 0000:00:14.0: // Ding dong!
[  109.436600] xhci_hcd 0000:00:14.0: Giveback URB 000000004b2ebc60, len = 0, expected = 13, status = -32
[  109.436607] xhci_hcd 0000:00:14.0: Ignoring reset ep completion code of 1
[  109.436613] xhci_hcd 0000:00:14.0: Successful Set TR Deq Ptr cmd, deq = @459d8a700
[  110.429609] xhci_hcd 0000:00:14.0: Cancel URB 000000007b6bb06f, dev 12, ep 0x83, starting at offset 0x456550e20
[  110.429625] xhci_hcd 0000:00:14.0: // Ding dong!
[  110.429639] xhci_hcd 0000:00:14.0: Stopped on Transfer TRB for slot 3 ep 6
[  110.429644] xhci_hcd 0000:00:14.0: Removing canceled TD starting at 0x456550e20 (dma).
[  110.429656] xhci_hcd 0000:00:14.0: Finding endpoint context
[  110.429657] xhci_hcd 0000:00:14.0: Cycle state = 0x1
[  110.429658] xhci_hcd 0000:00:14.0: New dequeue segment = 000000005a5edd7b (virtual)
[  110.429660] xhci_hcd 0000:00:14.0: New dequeue pointer = 0x456550e30 (DMA)
[  110.429662] xhci_hcd 0000:00:14.0: Set TR Deq Ptr cmd, new deq seg = 000000005a5edd7b (0x456550000 dma), new deq ptr = 00000000690b6407 (0x456550e30 dma), new cycle = 1
[  110.429663] xhci_hcd 0000:00:14.0: // Ding dong!
[  110.429674] xhci_hcd 0000:00:14.0: Successful Set TR Deq Ptr cmd, deq = @456550e30
[  110.473492] brcmfmac: brcmf_inetaddr_changed: fail to get arp ip table err:-52
[  111.484763] xhci_hcd 0000:00:14.0: ep 0x81 - asked for 96 bytes, 78 bytes untransferred
[  111.484774] xhci_hcd 0000:00:14.0: Giveback URB 0000000026d9bdab, len = 18, expected = 96, status = 0
[  111.484841] xhci_hcd 0000:00:14.0: Stalled endpoint for slot 2 ep 2
[  111.484853] xhci_hcd 0000:00:14.0: Cleaning up stalled endpoint ring
[  111.484859] xhci_hcd 0000:00:14.0: Finding endpoint context
[  111.484864] xhci_hcd 0000:00:14.0: Cycle state = 0x1
[  111.484869] xhci_hcd 0000:00:14.0: New dequeue segment = 00000000ca4f70ba (virtual)
[  111.484875] xhci_hcd 0000:00:14.0: New dequeue pointer = 0x459d8a740 (DMA)
[  111.484880] xhci_hcd 0000:00:14.0: Queueing new dequeue state
[  111.484888] xhci_hcd 0000:00:14.0: Set TR Deq Ptr cmd, new deq seg = 00000000ca4f70ba (0x459d8a000 dma), new deq ptr = 000000007d5b5559 (0x459d8a740 dma), new cycle = 1
[  111.484902] xhci_hcd 0000:00:14.0: // Ding dong!
[  111.484916] xhci_hcd 0000:00:14.0: Giveback URB 000000004b2ebc60, len = 0, expected = 13, status = -32
[  111.484930] xhci_hcd 0000:00:14.0: Ignoring reset ep completion code of 1
[  111.484939] xhci_hcd 0000:00:14.0: Successful Set TR Deq Ptr cmd, deq = @459d8a740
[  112.219227] PM: suspend entry (deep)
[  112.219231] PM: Syncing filesystems ... done.
[  112.250552] Freezing user space processes ... (elapsed 0.309 seconds) done.
[  112.560374] OOM killer disabled.
[  112.560377] Freezing remaining freezable tasks ... (elapsed 0.001 seconds) done.
[  112.561928] printk: Suspending console(s) (use no_console_suspend to debug)
[  112.563550] xhci_hcd 0000:00:14.0: Cancel URB 000000004e5419d4, dev 12, ep 0x82, starting at offset 0x45654ed80
[  112.563556] xhci_hcd 0000:00:14.0: // Ding dong!
[  112.563575] xhci_hcd 0000:00:14.0: Stopped on Transfer TRB for slot 3 ep 4
[  112.563582] xhci_hcd 0000:00:14.0: Removing canceled TD starting at 0x45654ed80 (dma).
[  112.563586] xhci_hcd 0000:00:14.0: Finding endpoint context
[  112.563589] xhci_hcd 0000:00:14.0: Cycle state = 0x1
[  112.563592] xhci_hcd 0000:00:14.0: New dequeue segment = 000000006763bc04 (virtual)
[  112.563595] xhci_hcd 0000:00:14.0: New dequeue pointer = 0x45654ed90 (DMA)
[  112.563601] xhci_hcd 0000:00:14.0: Set TR Deq Ptr cmd, new deq seg = 000000006763bc04 (0x45654e000 dma), new deq ptr = 0000000009cfbd31 (0x45654ed90 dma), new cycle = 1
[  112.563605] xhci_hcd 0000:00:14.0: // Ding dong!
[  112.563625] xhci_hcd 0000:00:14.0: Successful Set TR Deq Ptr cmd, deq = @45654ed90
[  112.563787] xhci_hcd 0000:00:14.0: // Ding dong!
[  112.563805] xhci_hcd 0000:00:14.0: Stopped on No-op or Link TRB for slot 3 ep 10
[  112.563811] xhci_hcd 0000:00:14.0: Stopped on No-op or Link TRB for slot 3 ep 8
[  112.563817] xhci_hcd 0000:00:14.0: Stopped on No-op or Link TRB for slot 3 ep 7
[  112.563822] xhci_hcd 0000:00:14.0: Stopped on No-op or Link TRB for slot 3 ep 2
[  112.563827] xhci_hcd 0000:00:14.0: Stopped on No-op or Link TRB for slot 3 ep 0
[  112.571851] sd 0:0:0:0: [sda] Synchronizing SCSI cache
[  112.573820] xhci_hcd 0000:00:14.0: CTRL: TypeReq=0x2303 val=0x5 idx=0x304 len=0 ==> -19
[  112.573869] usb usb2-port4: can't suspend, status -19
[  112.574044] sd 0:0:0:0: [sda] Stopping disk
[  112.575792] usb 1-12: usb suspend, wakeup 1
[  112.575952] pcieport 0000:06:06.0: quirk: waiting for Thunderbolt to reestablish PCI tunnels...
[  112.575984] pcieport 0000:06:03.0: quirk: waiting for Thunderbolt to reestablish PCI tunnels...
[  112.576002] pcieport 0000:06:05.0: quirk: waiting for Thunderbolt to reestablish PCI tunnels...
[  112.576004] pcieport 0000:06:04.0: quirk: waiting for Thunderbolt to reestablish PCI tunnels...
[  112.587870] hub 1-0:1.0: hub_suspend
[  112.587941] usb usb1: bus suspend, wakeup 0
[  118.011887] xhci_hcd 0000:00:14.0: Cancel URB 00000000b849abda, dev 4, ep 0x0, starting at offset 0x459d91ef0
[  118.011895] xhci_hcd 0000:00:14.0: // Ding dong!
[  118.011923] xhci_hcd 0000:00:14.0: Stopped on Transfer TRB for slot 2 ep 0
[  118.011931] xhci_hcd 0000:00:14.0: Removing canceled TD starting at 0x459d91ef0 (dma).
[  118.011934] xhci_hcd 0000:00:14.0: Finding endpoint context
[  118.011936] xhci_hcd 0000:00:14.0: Cycle state = 0x1
[  118.011939] xhci_hcd 0000:00:14.0: New dequeue segment = 00000000f6138fd6 (virtual)
[  118.011942] xhci_hcd 0000:00:14.0: New dequeue pointer = 0x459d91f10 (DMA)
[  118.011947] xhci_hcd 0000:00:14.0: Set TR Deq Ptr cmd, new deq seg = 00000000f6138fd6 (0x459d91000 dma), new deq ptr = 000000001442775a (0x459d91f10 dma), new cycle = 1
[  118.011950] xhci_hcd 0000:00:14.0: // Ding dong!
[  118.011970] xhci_hcd 0000:00:14.0: Successful Set TR Deq Ptr cmd, deq = @459d91f10
[  118.011974] usb 2-4: kworker/u16:7 timed out on ep0out len=0/0
[  118.012065] hub 2-0:1.0: hub_suspend
[  118.012131] usb usb2: bus suspend, wakeup 0
[  118.012185] xhci_hcd 0000:00:14.0: xhci_suspend: stopping port polling.
[  118.012203] xhci_hcd 0000:00:14.0: // Setting command ring address to 0x459c0f001
[  118.012300] PM: suspend devices took 5.450 seconds
[  118.026075] ACPI: EC: interrupt blocked
[  118.027170] xhci_hcd 0000:00:14.0: wakeup: 1
[  118.028073] xhci_hcd 0000:00:14.0: --> PCI D3hot
[  118.988823] ACPI: Preparing to enter system sleep state S3
[  118.990230] ACPI: EC: event blocked
[  118.990231] ACPI: EC: EC stopped
[  118.990232] PM: Saving platform NVS memory
[  118.990240] Disabling non-boot CPUs ...
[  118.993576] smpboot: CPU 1 is now offline
[  119.007188] smpboot: CPU 2 is now offline
[  119.010678] smpboot: CPU 3 is now offline
[  119.017206] smpboot: CPU 4 is now offline
[  119.024848] smpboot: CPU 5 is now offline
[  119.028629] smpboot: CPU 6 is now offline
[  119.032681] smpboot: CPU 7 is now offline
[  119.051137] ACPI: Low-level resume complete
[  119.051199] ACPI: EC: EC started
[  119.051200] PM: Restoring platform NVS memory
[  119.058786] Enabling non-boot CPUs ...
[  119.058843] x86: Booting SMP configuration:
[  119.058845] smpboot: Booting Node 0 Processor 1 APIC 0x2
[  122.104239] hrtimer: interrupt took 2492389 ns
[  123.299981]  cache: parent cpu1 should not be sleeping
[  126.201578] CPU1 is up
[  126.201636] smpboot: Booting Node 0 Processor 2 APIC 0x4
[  126.472974]  cache: parent cpu2 should not be sleeping
[  127.607468] CPU2 is up
[  127.607522] smpboot: Booting Node 0 Processor 3 APIC 0x6
[  127.823927]  cache: parent cpu3 should not be sleeping
[  128.580498] CPU3 is up
[  128.580550] smpboot: Booting Node 0 Processor 4 APIC 0x1
[  128.587799]  cache: parent cpu4 should not be sleeping
[  128.609172] CPU4 is up
[  128.609197] smpboot: Booting Node 0 Processor 5 APIC 0x3
[  128.792876]  cache: parent cpu5 should not be sleeping
[  129.348161] CPU5 is up
[  129.348195] smpboot: Booting Node 0 Processor 6 APIC 0x5
[  129.498993]  cache: parent cpu6 should not be sleeping
[  130.151356] CPU6 is up
[  130.151391] smpboot: Booting Node 0 Processor 7 APIC 0x7
[  130.286825]  cache: parent cpu7 should not be sleeping
[  130.892222] CPU7 is up
[  130.979982] ACPI: Waking up from system sleep state S3
[  130.982592] ACPI: EC: interrupt unblocked
[  131.006150] pcieport 0000:06:05.0: quirk: waiting for Thunderbolt to reestablish PCI tunnels...
[  131.006160] pcieport 0000:06:03.0: quirk: waiting for Thunderbolt to reestablish PCI tunnels...
[  131.006163] pcieport 0000:06:04.0: quirk: waiting for Thunderbolt to reestablish PCI tunnels...
[  131.006164] pcieport 0000:06:06.0: quirk: waiting for Thunderbolt to reestablish PCI tunnels...
[  131.038192] pcieport 0000:06:03.0: quirk_apple_wait_for_thunderbolt+0x0/0xe0 took 31275 usecs
[  131.038197] pcieport 0000:06:05.0: quirk_apple_wait_for_thunderbolt+0x0/0xe0 took 31285 usecs
[  131.038203] pcieport 0000:06:04.0: quirk_apple_wait_for_thunderbolt+0x0/0xe0 took 31272 usecs
[  131.038207] pcieport 0000:06:06.0: quirk_apple_wait_for_thunderbolt+0x0/0xe0 took 31273 usecs
[  131.107442] thunderbolt 0000:07:00.0: resetting error on 0:b.
[  131.107452] thunderbolt 0000:07:00.0: 0:b: hotplug: scanning
[  131.107455] thunderbolt 0000:07:00.0: 0:b: hotplug: no switch found
[  131.107547] thunderbolt 0000:07:00.0: resetting error on 0:c.
[  131.107552] thunderbolt 0000:07:00.0: 0:c: hotplug: scanning
[  131.107553] thunderbolt 0000:07:00.0: 0:c: hotplug: no switch found
[  132.081528] ACPI: EC: event unblocked
[  132.081540] usb usb1: root hub lost power or was reset
[  132.081543] usb usb2: root hub lost power or was reset
[  132.081546] xhci_hcd 0000:00:14.0: Stop HCD
[  132.081549] xhci_hcd 0000:00:14.0: // Halt the HC
[  132.081563] xhci_hcd 0000:00:14.0: // Reset the HC
[  132.082571] xhci_hcd 0000:00:14.0: Wait for controller to be ready for doorbell rings
[  132.082633] xhci_hcd 0000:00:14.0: // Disabling event ring interrupts
[  132.082644] xhci_hcd 0000:00:14.0: cleaning up memory
[  132.082653] xhci_hcd 0000:00:14.0: Freed event ring
[  132.082657] xhci_hcd 0000:00:14.0: Freed command ring
[  132.082904] xhci_hcd 0000:00:14.0: Freed segment pool
[  132.082908] xhci_hcd 0000:00:14.0: Freed device context pool
[  132.082910] xhci_hcd 0000:00:14.0: Freed small stream array pool
[  132.082912] xhci_hcd 0000:00:14.0: Freed medium stream array pool
[  132.083034] xhci_hcd 0000:00:14.0: xhci_stop completed - status = 1
[  132.083037] xhci_hcd 0000:00:14.0: Initialize the xhci_hcd
[  132.083040] xhci_hcd 0000:00:14.0: xhci_init
[  132.083043] xhci_hcd 0000:00:14.0: xHCI doesn't need link TRB QUIRK
[  132.083050] xhci_hcd 0000:00:14.0: Supported page size register = 0x1
[  132.083053] xhci_hcd 0000:00:14.0: Supported page size of 4K
[  132.083055] xhci_hcd 0000:00:14.0: HCD page size set to 4K
[  132.083063] xhci_hcd 0000:00:14.0: // xHC can handle at most 32 device slots.
[  132.083067] xhci_hcd 0000:00:14.0: // Setting Max device slots reg = 0x20.
[  132.083074] xhci_hcd 0000:00:14.0: // Device context base array address = 0x459c13000 (DMA), 00000000cfbdb1c3 (virt)
[  132.083083] xhci_hcd 0000:00:14.0: Allocated command ring at 00000000bfe57472
[  132.083085] xhci_hcd 0000:00:14.0: First segment DMA is 0x459c23000
[  132.083095] xhci_hcd 0000:00:14.0: // Setting command ring address to 0x0000000459c23001
[  132.083101] xhci_hcd 0000:00:14.0: // Doorbell array is located at offset 0x3000 from cap regs base addr
[  132.083104] xhci_hcd 0000:00:14.0: // Allocating event ring
[  132.083110] xhci_hcd 0000:00:14.0: TRB math tests passed.
[  132.083117] xhci_hcd 0000:00:14.0: // Write ERST size = 1 to ir_set 0 (some bits preserved)
[  132.083119] xhci_hcd 0000:00:14.0: // Set ERST entries to point to event ring.
[  132.083121] xhci_hcd 0000:00:14.0: // Set ERST base address for ir_set 0 = 0x459c20000
[  132.083127] xhci_hcd 0000:00:14.0: // Write event ring dequeue pointer, preserving EHB bit
[  132.083129] xhci_hcd 0000:00:14.0: Wrote ERST address to ir_set 0.
[  132.083133] xhci_hcd 0000:00:14.0: Allocating 16 scratchpad buffers
[  132.083167] xhci_hcd 0000:00:14.0: Ext Cap 000000005393aa8c, port offset = 1, count = 14, revision = 0x2
[  132.083171] xhci_hcd 0000:00:14.0: PSIV:1 PSIE:2 PLT:0 PFD:0 LP:0 PSIM:12
[  132.083175] xhci_hcd 0000:00:14.0: PSIV:2 PSIE:1 PLT:0 PFD:0 LP:0 PSIM:1500
[  132.083179] xhci_hcd 0000:00:14.0: PSIV:3 PSIE:2 PLT:0 PFD:0 LP:0 PSIM:480
[  132.083185] xhci_hcd 0000:00:14.0: Ext Cap 00000000d7d5642e, port offset = 16, count = 6, revision = 0x3
[  132.083189] xhci_hcd 0000:00:14.0: PSIV:4 PSIE:3 PLT:0 PFD:1 LP:0 PSIM:5
[  132.083195] xhci_hcd 0000:00:14.0: Found 14 USB 2.0 ports and 6 USB 3.0 ports.
[  132.083198] xhci_hcd 0000:00:14.0: Finished xhci_init
[  132.083201] xhci_hcd 0000:00:14.0: Start the primary HCD
[  132.083202] xhci_hcd 0000:00:14.0: xhci_run
[  132.083205] xhci_hcd 0000:00:14.0: Failed to enable MSI-X
[  132.083275] xhci_hcd 0000:00:14.0: ERST deq = 64'h459c21000
[  132.083278] xhci_hcd 0000:00:14.0: // Set the interrupt modulation register
[  132.083283] xhci_hcd 0000:00:14.0: // Enable interrupts, cmd = 0x4.
[  132.083287] xhci_hcd 0000:00:14.0: // Enabling event ring interrupter 0000000068f7e49b by writing 0x2 to irq_pending
[  132.083289] xhci_hcd 0000:00:14.0: Finished xhci_run for USB2 roothub
[  132.083570] xhci_hcd 0000:00:14.0: Start the secondary HCD
[  132.083576] xhci_hcd 0000:00:14.0: // Turn on HC, cmd = 0x5.
[  132.083580] xhci_hcd 0000:00:14.0: Finished xhci_run for USB3 roothub
[  132.083600] xhci_hcd 0000:00:14.0: xhci_resume: starting port polling.
[  132.083624] xhci_hcd 0000:00:14.0: xhci_hub_status_data: stopping port polling.
[  132.083636] usb usb1: usb resume
[  132.083638] usb usb2: usb resume
[  132.083671] hub 1-0:1.0: hub_reset_resume
[  132.083674] hub 1-0:1.0: trying to enable port power on non-switchable hub
[  132.083683] xhci_hcd 0000:00:14.0: set port power, actual port 0 status  = 0x2a0
[  132.083717] xhci_hcd 0000:00:14.0: set port power, actual port 1 status  = 0x2a0
[  132.083810] xhci_hcd 0000:00:14.0: set port power, actual port 2 status  = 0x2a0
[  132.083836] xhci_hcd 0000:00:14.0: set port power, actual port 3 status  = 0x2a0
[  132.083910] xhci_hcd 0000:00:14.0: set port power, actual port 4 status  = 0x2a0
[  132.083934] xhci_hcd 0000:00:14.0: set port power, actual port 5 status  = 0x2a0
[  132.083995] xhci_hcd 0000:00:14.0: set port power, actual port 6 status  = 0x2a0
[  132.084019] xhci_hcd 0000:00:14.0: set port power, actual port 7 status  = 0x2a0
[  132.084058] xhci_hcd 0000:00:14.0: set port power, actual port 8 status  = 0x2a0
[  132.084079] xhci_hcd 0000:00:14.0: set port power, actual port 9 status  = 0x2a0
[  132.084106] xhci_hcd 0000:00:14.0: set port power, actual port 10 status  = 0x2a0
[  132.084129] xhci_hcd 0000:00:14.0: set port power, actual port 11 status  = 0x2a0
[  132.084152] xhci_hcd 0000:00:14.0: set port power, actual port 12 status  = 0x2a0
[  132.084176] xhci_hcd 0000:00:14.0: set port power, actual port 13 status  = 0x2a0
[  132.093803] hub 2-0:1.0: hub_reset_resume
[  132.093804] hub 2-0:1.0: trying to enable port power on non-switchable hub
[  132.093819] xhci_hcd 0000:00:14.0: set port power, actual port 0 status  = 0x802a0
[  132.093870] xhci_hcd 0000:00:14.0: set port power, actual port 1 status  = 0x802a0
[  132.093934] xhci_hcd 0000:00:14.0: set port power, actual port 2 status  = 0x802a0
[  132.093996] xhci_hcd 0000:00:14.0: set port power, actual port 3 status  = 0x2a0
[  132.094036] xhci_hcd 0000:00:14.0: set port power, actual port 4 status  = 0x802a0
[  132.094068] xhci_hcd 0000:00:14.0: set port power, actual port 5 status  = 0x802a0
[  132.101698] sd 0:0:0:0: [sda] Starting disk
[  132.102661] xhci_hcd 0000:00:14.0: Port Status Change Event for port 8
[  132.102665] xhci_hcd 0000:00:14.0: handle_port_status: starting port polling.
[  132.102675] xhci_hcd 0000:00:14.0: Port Status Change Event for port 12
[  132.102678] xhci_hcd 0000:00:14.0: handle_port_status: starting port polling.
[  132.188909] xhci_hcd 0000:00:14.0: get port status, actual port 0 status  = 0x2a0
[  132.188911] xhci_hcd 0000:00:14.0: Get port status returned 0x100
[  132.188958] xhci_hcd 0000:00:14.0: get port status, actual port 1 status  = 0x2a0
[  132.188960] xhci_hcd 0000:00:14.0: Get port status returned 0x100
[  132.189013] xhci_hcd 0000:00:14.0: get port status, actual port 2 status  = 0x2a0
[  132.189015] xhci_hcd 0000:00:14.0: Get port status returned 0x100
[  132.189065] xhci_hcd 0000:00:14.0: get port status, actual port 3 status  = 0x2a0
[  132.189068] xhci_hcd 0000:00:14.0: Get port status returned 0x100
[  132.189101] xhci_hcd 0000:00:14.0: get port status, actual port 4 status  = 0x2a0
[  132.189102] xhci_hcd 0000:00:14.0: Get port status returned 0x100
[  132.189142] xhci_hcd 0000:00:14.0: get port status, actual port 5 status  = 0x2a0
[  132.189143] xhci_hcd 0000:00:14.0: Get port status returned 0x100
[  132.189172] xhci_hcd 0000:00:14.0: get port status, actual port 6 status  = 0x2a0
[  132.189173] xhci_hcd 0000:00:14.0: Get port status returned 0x100
[  132.189202] xhci_hcd 0000:00:14.0: get port status, actual port 7 status  = 0x206e1
[  132.189203] xhci_hcd 0000:00:14.0: Get port status returned 0x10101
[  132.189222] usb usb1-port8: status 0101 change 0001
[  132.189232] xhci_hcd 0000:00:14.0: clear port connect change, actual port 7 status  = 0x6e1
[  132.189258] xhci_hcd 0000:00:14.0: get port status, actual port 8 status  = 0x2a0
[  132.189260] xhci_hcd 0000:00:14.0: Get port status returned 0x100
[  132.189279] xhci_hcd 0000:00:14.0: get port status, actual port 9 status  = 0x2a0
[  132.189281] xhci_hcd 0000:00:14.0: Get port status returned 0x100
[  132.189284] xhci_hcd 0000:00:14.0: Port Status Change Event for port 19
[  132.189287] xhci_hcd 0000:00:14.0: handle_port_status: starting port polling.
[  132.189300] xhci_hcd 0000:00:14.0: get port status, actual port 10 status  = 0x2a0
[  132.189301] xhci_hcd 0000:00:14.0: Get port status returned 0x100
[  132.189315] xhci_hcd 0000:00:14.0: get port status, actual port 11 status  = 0x206e1
[  132.189317] xhci_hcd 0000:00:14.0: Get port status returned 0x10101
[  132.189326] usb usb1-port12: status 0101 change 0001
[  132.189336] xhci_hcd 0000:00:14.0: clear port connect change, actual port 11 status  = 0x6e1
[  132.189349] xhci_hcd 0000:00:14.0: get port status, actual port 12 status  = 0x2a0
[  132.189351] xhci_hcd 0000:00:14.0: Get port status returned 0x100
[  132.189370] xhci_hcd 0000:00:14.0: get port status, actual port 13 status  = 0x2a0
[  132.189372] xhci_hcd 0000:00:14.0: Get port status returned 0x100
[  132.196916] xhci_hcd 0000:00:14.0: get port status, actual port 0 status  = 0x802a0
[  132.196919] xhci_hcd 0000:00:14.0: Get port status returned 0x2002a0
[  132.196971] xhci_hcd 0000:00:14.0: clear port warm(BH) reset change, actual port 0 status  = 0x2a0
[  132.197042] xhci_hcd 0000:00:14.0: get port status, actual port 1 status  = 0x802a0
[  132.197044] xhci_hcd 0000:00:14.0: Get port status returned 0x2002a0
[  132.197120] xhci_hcd 0000:00:14.0: clear port warm(BH) reset change, actual port 1 status  = 0x2a0
[  132.197150] xhci_hcd 0000:00:14.0: get port status, actual port 2 status  = 0x802a0
[  132.197152] xhci_hcd 0000:00:14.0: Get port status returned 0x2002a0
[  132.197220] xhci_hcd 0000:00:14.0: clear port warm(BH) reset change, actual port 2 status  = 0x2a0
[  132.197250] xhci_hcd 0000:00:14.0: get port status, actual port 3 status  = 0x21203
[  132.197252] xhci_hcd 0000:00:14.0: Get port status returned 0x10203
[  132.197270] usb usb2-port4: status 0203 change 0001
[  132.197281] xhci_hcd 0000:00:14.0: clear port connect change, actual port 3 status  = 0x1203
[  132.197297] xhci_hcd 0000:00:14.0: get port status, actual port 4 status  = 0x802a0
[  132.197298] xhci_hcd 0000:00:14.0: Get port status returned 0x2002a0
[  132.197321] xhci_hcd 0000:00:14.0: clear port warm(BH) reset change, actual port 4 status  = 0x2a0
[  132.197336] xhci_hcd 0000:00:14.0: get port status, actual port 5 status  = 0x802a0
[  132.197337] xhci_hcd 0000:00:14.0: Get port status returned 0x2002a0
[  132.197362] xhci_hcd 0000:00:14.0: clear port warm(BH) reset change, actual port 5 status  = 0x2a0
[  132.268823] xhci_hcd 0000:00:14.0: xhci_hub_status_data: stopping port polling.
[  132.268836] xhci_hcd 0000:00:14.0: xhci_hub_status_data: stopping port polling.
[  132.292959] xhci_hcd 0000:00:14.0: get port status, actual port 7 status  = 0x6e1
[  132.292963] xhci_hcd 0000:00:14.0: Get port status returned 0x101
[  132.293061] usb 1-8: Waited 0ms for CONNECT
[  132.293066] xhci_hcd 0000:00:14.0: get port status, actual port 11 status  = 0x6e1
[  132.293068] usb 1-8: finish reset-resume
[  132.293070] xhci_hcd 0000:00:14.0: Get port status returned 0x101
[  132.293081] xhci_hcd 0000:00:14.0: set port reset, actual port 7 status  = 0x791
[  132.293098] usb 1-12: Waited 0ms for CONNECT
[  132.293102] usb 1-12: finish reset-resume
[  132.294794] xhci_hcd 0000:00:14.0: xhci_hub_status_data: stopping port polling.
[  132.300940] xhci_hcd 0000:00:14.0: get port status, actual port 3 status  = 0x1203
[  132.300944] xhci_hcd 0000:00:14.0: Get port status returned 0x203
[  132.300972] usb 2-4: Waited 0ms for CONNECT
[  132.300975] usb 2-4: finish reset-resume
[  132.301012] xhci_hcd 0000:00:14.0: xHCI xhci_urb_enqueue called with unaddressed device
[  132.301017] usb 2-4: Disable of device-initiated U1 failed.
[  132.301042] xhci_hcd 0000:00:14.0: xHCI xhci_urb_enqueue called with unaddressed device
