[    0.000000] microcode: microcode updated early to revision 0x1a, date = 2018-04-02
[    0.000000] Linux version 5.0.0-rc6+ (im@im-mac) (gcc version 8.2.1 20181215 (Red Hat 8.2.1-6) (GCC)) #47 SMP Tue Feb 12 02:06:47 +05 2019
[    0.000000] Command line: BOOT_IMAGE=/vmlinuz-5.0.0-rc6+ root=/dev/mapper/im--mac-root ro resume=/dev/mapper/im--mac-swap rd.lvm.lv=im-mac/root rd.luks.uuid=luks-dd1fa933-ef9f-402b-a2e4-7c9d6fb7ce0d rd.lvm.lv=im-mac/swap rhgb quiet hid_apple.fnmode=2 hid_apple.iso_layout=0
[    0.000000] x86/fpu: Supporting XSAVE feature 0x001: 'x87 floating point registers'
[    0.000000] x86/fpu: Supporting XSAVE feature 0x002: 'SSE registers'
[    0.000000] x86/fpu: Supporting XSAVE feature 0x004: 'AVX registers'
[    0.000000] x86/fpu: xstate_offset[2]:  576, xstate_sizes[2]:  256
[    0.000000] x86/fpu: Enabled xstate features 0x7, context size is 832 bytes, using 'standard' format.
[    0.000000] BIOS-provided physical RAM map:
[    0.000000] BIOS-e820: [mem 0x0000000000000000-0x0000000000057fff] usable
[    0.000000] BIOS-e820: [mem 0x0000000000058000-0x0000000000058fff] reserved
[    0.000000] BIOS-e820: [mem 0x0000000000059000-0x000000000009ffff] usable
[    0.000000] BIOS-e820: [mem 0x00000000000a0000-0x00000000000bffff] reserved
[    0.000000] BIOS-e820: [mem 0x0000000000100000-0x0000000078d00fff] usable
[    0.000000] BIOS-e820: [mem 0x0000000078d01000-0x0000000078d48fff] ACPI NVS
[    0.000000] BIOS-e820: [mem 0x0000000078d49000-0x0000000078d5cfff] usable
[    0.000000] BIOS-e820: [mem 0x0000000078d5d000-0x0000000078d8efff] ACPI data
[    0.000000] BIOS-e820: [mem 0x0000000078d8f000-0x0000000078e39fff] usable
[    0.000000] BIOS-e820: [mem 0x0000000078e3a000-0x0000000078e8efff] reserved
[    0.000000] BIOS-e820: [mem 0x0000000078e8f000-0x0000000078ecbfff] usable
[    0.000000] BIOS-e820: [mem 0x0000000078ecc000-0x0000000078efefff] reserved
[    0.000000] BIOS-e820: [mem 0x0000000078eff000-0x0000000078f84fff] usable
[    0.000000] BIOS-e820: [mem 0x0000000078f85000-0x0000000078fdefff] reserved
[    0.000000] BIOS-e820: [mem 0x0000000078fdf000-0x0000000078ffffff] usable
[    0.000000] BIOS-e820: [mem 0x0000000079000000-0x000000007f9fffff] reserved
[    0.000000] BIOS-e820: [mem 0x00000000e00f8000-0x00000000e00f8fff] reserved
[    0.000000] BIOS-e820: [mem 0x00000000fed1c000-0x00000000fed1ffff] reserved
[    0.000000] BIOS-e820: [mem 0x00000000ffd70000-0x00000000ffd9ffff] reserved
[    0.000000] BIOS-e820: [mem 0x0000000100000000-0x000000047f5fffff] usable
[    0.000000] NX (Execute Disable) protection: active
[    0.000000] e820: update [mem 0x66282710-0x66282ad2] usable ==> usable
[    0.000000] e820: update [mem 0x66282710-0x66282ad2] usable ==> usable
[    0.000000] extended physical RAM map:
[    0.000000] reserve setup_data: [mem 0x0000000000000000-0x0000000000057fff] usable
[    0.000000] reserve setup_data: [mem 0x0000000000058000-0x0000000000058fff] reserved
[    0.000000] reserve setup_data: [mem 0x0000000000059000-0x000000000009ffff] usable
[    0.000000] reserve setup_data: [mem 0x00000000000a0000-0x00000000000bffff] reserved
[    0.000000] reserve setup_data: [mem 0x0000000000100000-0x000000006628270f] usable
[    0.000000] reserve setup_data: [mem 0x0000000066282710-0x0000000066282ad2] usable
[    0.000000] reserve setup_data: [mem 0x0000000066282ad3-0x0000000078d00fff] usable
[    0.000000] reserve setup_data: [mem 0x0000000078d01000-0x0000000078d48fff] ACPI NVS
[    0.000000] reserve setup_data: [mem 0x0000000078d49000-0x0000000078d5cfff] usable
[    0.000000] reserve setup_data: [mem 0x0000000078d5d000-0x0000000078d8efff] ACPI data
[    0.000000] reserve setup_data: [mem 0x0000000078d8f000-0x0000000078e39fff] usable
[    0.000000] reserve setup_data: [mem 0x0000000078e3a000-0x0000000078e8efff] reserved
[    0.000000] reserve setup_data: [mem 0x0000000078e8f000-0x0000000078ecbfff] usable
[    0.000000] reserve setup_data: [mem 0x0000000078ecc000-0x0000000078efefff] reserved
[    0.000000] reserve setup_data: [mem 0x0000000078eff000-0x0000000078f84fff] usable
[    0.000000] reserve setup_data: [mem 0x0000000078f85000-0x0000000078fdefff] reserved
[    0.000000] reserve setup_data: [mem 0x0000000078fdf000-0x0000000078ffffff] usable
[    0.000000] reserve setup_data: [mem 0x0000000079000000-0x000000007f9fffff] reserved
[    0.000000] reserve setup_data: [mem 0x00000000e00f8000-0x00000000e00f8fff] reserved
[    0.000000] reserve setup_data: [mem 0x00000000fed1c000-0x00000000fed1ffff] reserved
[    0.000000] reserve setup_data: [mem 0x00000000ffd70000-0x00000000ffd9ffff] reserved
[    0.000000] reserve setup_data: [mem 0x0000000100000000-0x000000047f5fffff] usable
[    0.000000] efi: EFI v1.10 by Apple
[    0.000000] efi:  ACPI=0x78d8e000  ACPI 2.0=0x78d8e014  SMBIOS=0x78f8b000 
[    0.000000] SMBIOS 2.7 present.
[    0.000000] DMI: Apple Inc. MacBookPro11,4/Mac-06F11FD93F0323C5, BIOS MBP114.88Z.0184.B00.1806051659 06/05/2018
[    0.000000] tsc: Fast TSC calibration using PIT
[    0.000000] tsc: Detected 2194.994 MHz processor
[    0.000128] e820: update [mem 0x00000000-0x00000fff] usable ==> reserved
[    0.000129] e820: remove [mem 0x000a0000-0x000fffff] usable
[    0.000134] last_pfn = 0x47f600 max_arch_pfn = 0x400000000
[    0.000137] MTRR default type: write-back
[    0.000138] MTRR fixed ranges enabled:
[    0.000139]   00000-9FFFF write-back
[    0.000140]   A0000-BFFFF uncachable
[    0.000140]   C0000-DFFFF write-protect
[    0.000141]   E0000-FFFFF uncachable
[    0.000141] MTRR variable ranges enabled:
[    0.000142]   0 base 0080000000 mask 7F80000000 uncachable
[    0.000143]   1 base 007C000000 mask 7FFC000000 uncachable
[    0.000143]   2 base 007A000000 mask 7FFE000000 uncachable
[    0.000144]   3 base 0079000000 mask 7FFF000000 uncachable
[    0.000144]   4 disabled
[    0.000144]   5 disabled
[    0.000144]   6 disabled
[    0.000145]   7 disabled
[    0.000145]   8 disabled
[    0.000145]   9 disabled
[    0.009942] x86/PAT: Configuration [0-7]: WB  WC  UC- UC  WB  WP  UC- WT  
[    0.010035] last_pfn = 0x79000 max_arch_pfn = 0x400000000
[    0.021607] Base memory trampoline at [(____ptrval____)] 99000 size 24576
[    0.021611] Using GB pages for direct mapping
[    0.021612] BRK [0x1d4e01000, 0x1d4e01fff] PGTABLE
[    0.021614] BRK [0x1d4e02000, 0x1d4e02fff] PGTABLE
[    0.021615] BRK [0x1d4e03000, 0x1d4e03fff] PGTABLE
[    0.021639] BRK [0x1d4e04000, 0x1d4e04fff] PGTABLE
[    0.021641] BRK [0x1d4e05000, 0x1d4e05fff] PGTABLE
[    0.021713] BRK [0x1d4e06000, 0x1d4e06fff] PGTABLE
[    0.021731] BRK [0x1d4e07000, 0x1d4e07fff] PGTABLE
[    0.021777] BRK [0x1d4e08000, 0x1d4e08fff] PGTABLE
[    0.021884] Secure boot disabled
[    0.021885] RAMDISK: [mem 0x42ad6000-0x48561fff]
[    0.021896] ACPI: Early table checksum verification disabled
[    0.021899] ACPI: RSDP 0x0000000078D8E014 000024 (v02 APPLE )
[    0.021902] ACPI: XSDT 0x0000000078D8E1C0 0000A4 (v01 APPLE  Apple00  00000000      01000013)
[    0.021906] ACPI: FACP 0x0000000078D8C000 0000F4 (v05 APPLE  Apple00  00000000 Loki 0000005F)
[    0.021908] ACPI BIOS Warning (bug): 32/64X length mismatch in FADT/Gpe0Block: 128/0 (20181213/tbfadt-569)
[    0.021911] ACPI: DSDT 0x0000000078D7F000 007331 (v03 APPLE  MacBookP 00110004 INTL 20140424)
[    0.021913] ACPI: FACS 0x0000000078D06000 000040
[    0.021914] ACPI: FACS 0x0000000078D06000 000040
[    0.021916] ACPI: HPET 0x0000000078D8B000 000038 (v01 APPLE  Apple00  00000001 Loki 0000005F)
[    0.021918] ACPI: APIC 0x0000000078D8A000 0000BC (v02 APPLE  Apple00  00000001 Loki 0000005F)
[    0.021919] ACPI: SBST 0x0000000078D88000 000030 (v01 APPLE  Apple00  00000001 Loki 0000005F)
[    0.021921] ACPI: ECDT 0x0000000078D87000 000053 (v01 APPLE  Apple00  00000001 Loki 0000005F)
[    0.021923] ACPI: SSDT 0x0000000078D7E000 000024 (v01 APPLE  SataAhci 00001000 INTL 20140424)
[    0.021925] ACPI: SSDT 0x0000000078D7D000 000024 (v01 APPLE  SmcDppt  00001000 INTL 20140424)
[    0.021926] ACPI: SSDT 0x0000000078D7C000 000032 (v01 APPLE  SsdtS3   00001000 INTL 20140424)
[    0.021928] ACPI: SSDT 0x0000000078D68000 0086DA (v01 APPLE  TbtPEG11 00001000 INTL 20140424)
[    0.021930] ACPI: SSDT 0x0000000078D67000 0000B8 (v01 APPLE  Sdxc     00001000 INTL 20140424)
[    0.021932] ACPI: SSDT 0x0000000078D66000 000A7B (v02 APPLE  Xhci     00001000 INTL 20140424)
[    0.021933] ACPI: SSDT 0x0000000078D64000 000341 (v01 APPLE  PEG0SSD0 00001000 INTL 20140424)
[    0.021935] ACPI: SSDT 0x0000000078D5F000 00069C (v01 PmRef  Cpu0Ist  00003000 INTL 20140424)
[    0.021937] ACPI: SSDT 0x0000000078D5E000 000C17 (v01 CpuRef CpuSsdt  00003000 INTL 20140424)
[    0.021939] ACPI: DMAR 0x0000000078D5D000 000088 (v01 APPLE  BDW      00000001 INTL 00000001)
[    0.021940] ACPI: MCFG 0x0000000078D89000 00003C (v01 APPLE  Apple00  00000001 Loki 0000005F)
[    0.021945] ACPI: DMI detected to setup _OSI("Darwin"): Apple hardware
[    0.021947] ACPI: Local APIC address 0xfee00000
[    0.022018] No NUMA configuration found
[    0.022019] Faking a node at [mem 0x0000000000000000-0x000000047f5fffff]
[    0.022027] NODE_DATA(0) allocated [mem 0x47f5d5000-0x47f5fffff]
[    0.051424] Zone ranges:
[    0.051426]   DMA      [mem 0x0000000000001000-0x0000000000ffffff]
[    0.051427]   DMA32    [mem 0x0000000001000000-0x00000000ffffffff]
[    0.051427]   Normal   [mem 0x0000000100000000-0x000000047f5fffff]
[    0.051428]   Device   empty
[    0.051429] Movable zone start for each node
[    0.051431] Early memory node ranges
[    0.051432]   node   0: [mem 0x0000000000001000-0x0000000000057fff]
[    0.051432]   node   0: [mem 0x0000000000059000-0x000000000009ffff]
[    0.051433]   node   0: [mem 0x0000000000100000-0x0000000078d00fff]
[    0.051433]   node   0: [mem 0x0000000078d49000-0x0000000078d5cfff]
[    0.051434]   node   0: [mem 0x0000000078d8f000-0x0000000078e39fff]
[    0.051434]   node   0: [mem 0x0000000078e8f000-0x0000000078ecbfff]
[    0.051434]   node   0: [mem 0x0000000078eff000-0x0000000078f84fff]
[    0.051435]   node   0: [mem 0x0000000078fdf000-0x0000000078ffffff]
[    0.051435]   node   0: [mem 0x0000000100000000-0x000000047f5fffff]
[    0.051809] Zeroed struct page in unavailable ranges: 29118 pages
[    0.051810] Initmem setup node 0 [mem 0x0000000000001000-0x000000047f5fffff]
[    0.051811] On node 0 totalpages: 4162626
[    0.051812]   DMA zone: 64 pages used for memmap
[    0.051813]   DMA zone: 22 pages reserved
[    0.051813]   DMA zone: 3998 pages, LIFO batch:0
[    0.051884]   DMA32 zone: 7675 pages used for memmap
[    0.051885]   DMA32 zone: 491172 pages, LIFO batch:63
[    0.063330]   Normal zone: 57304 pages used for memmap
[    0.063331]   Normal zone: 3667456 pages, LIFO batch:63
[    0.131384] Reserving Intel graphics memory at [mem 0x79a00000-0x7f9fffff]
[    0.131450] ACPI: PM-Timer IO Port: 0x1808
[    0.131452] ACPI: Local APIC address 0xfee00000
[    0.131457] ACPI: LAPIC_NMI (acpi_id[0x01] high edge lint[0x1])
[    0.131458] ACPI: LAPIC_NMI (acpi_id[0x02] high edge lint[0x1])
[    0.131458] ACPI: LAPIC_NMI (acpi_id[0x03] high edge lint[0x1])
[    0.131458] ACPI: LAPIC_NMI (acpi_id[0x04] high edge lint[0x1])
[    0.131459] ACPI: LAPIC_NMI (acpi_id[0x05] high edge lint[0x1])
[    0.131459] ACPI: LAPIC_NMI (acpi_id[0x06] high edge lint[0x1])
[    0.131459] ACPI: LAPIC_NMI (acpi_id[0x07] high edge lint[0x1])
[    0.131460] ACPI: LAPIC_NMI (acpi_id[0x08] high edge lint[0x1])
[    0.131474] IOAPIC[0]: apic_id 2, version 32, address 0xfec00000, GSI 0-23
[    0.131475] ACPI: INT_SRC_OVR (bus 0 bus_irq 0 global_irq 2 dfl dfl)
[    0.131476] ACPI: INT_SRC_OVR (bus 0 bus_irq 9 global_irq 9 high level)
[    0.131477] ACPI: IRQ0 used by override.
[    0.131478] ACPI: IRQ9 used by override.
[    0.131479] Using ACPI (MADT) for SMP configuration information
[    0.131480] ACPI: HPET id: 0x8086a201 base: 0xfed00000
[    0.131483] smpboot: Allowing 8 CPUs, 0 hotplug CPUs
[    0.131497] PM: Registered nosave memory: [mem 0x00000000-0x00000fff]
[    0.131498] PM: Registered nosave memory: [mem 0x00058000-0x00058fff]
[    0.131499] PM: Registered nosave memory: [mem 0x000a0000-0x000bffff]
[    0.131499] PM: Registered nosave memory: [mem 0x000c0000-0x000fffff]
[    0.131500] PM: Registered nosave memory: [mem 0x66282000-0x66282fff]
[    0.131501] PM: Registered nosave memory: [mem 0x66282000-0x66282fff]
[    0.131502] PM: Registered nosave memory: [mem 0x78d01000-0x78d48fff]
[    0.131503] PM: Registered nosave memory: [mem 0x78d5d000-0x78d8efff]
[    0.131504] PM: Registered nosave memory: [mem 0x78e3a000-0x78e8efff]
[    0.131505] PM: Registered nosave memory: [mem 0x78ecc000-0x78efefff]
[    0.131506] PM: Registered nosave memory: [mem 0x78f85000-0x78fdefff]
[    0.131507] PM: Registered nosave memory: [mem 0x79000000-0x7f9fffff]
[    0.131507] PM: Registered nosave memory: [mem 0x7fa00000-0xe00f7fff]
[    0.131508] PM: Registered nosave memory: [mem 0xe00f8000-0xe00f8fff]
[    0.131508] PM: Registered nosave memory: [mem 0xe00f9000-0xfed1bfff]
[    0.131509] PM: Registered nosave memory: [mem 0xfed1c000-0xfed1ffff]
[    0.131509] PM: Registered nosave memory: [mem 0xfed20000-0xffd6ffff]
[    0.131509] PM: Registered nosave memory: [mem 0xffd70000-0xffd9ffff]
[    0.131510] PM: Registered nosave memory: [mem 0xffda0000-0xffffffff]
[    0.131511] [mem 0x7fa00000-0xe00f7fff] available for PCI devices
[    0.131513] Booting paravirtualized kernel on bare hardware
[    0.131515] clocksource: refined-jiffies: mask: 0xffffffff max_cycles: 0xffffffff, max_idle_ns: 1910969940391419 ns
[    0.226717] random: get_random_bytes called from start_kernel+0x93/0x503 with crng_init=0
[    0.226722] setup_percpu: NR_CPUS:64 nr_cpumask_bits:64 nr_cpu_ids:8 nr_node_ids:1
[    0.226894] percpu: Embedded 44 pages/cpu @(____ptrval____) s143360 r8192 d28672 u262144
[    0.226899] pcpu-alloc: s143360 r8192 d28672 u262144 alloc=1*2097152
[    0.226900] pcpu-alloc: [0] 0 1 2 3 4 5 6 7 
[    0.226916] Built 1 zonelists, mobility grouping on.  Total pages: 4097561
[    0.226916] Policy zone: Normal
[    0.226917] Kernel command line: BOOT_IMAGE=/vmlinuz-5.0.0-rc6+ root=/dev/mapper/im--mac-root ro resume=/dev/mapper/im--mac-swap rd.lvm.lv=im-mac/root rd.luks.uuid=luks-dd1fa933-ef9f-402b-a2e4-7c9d6fb7ce0d rd.lvm.lv=im-mac/swap rhgb quiet hid_apple.fnmode=2 hid_apple.iso_layout=0
[    0.270797] Memory: 15844032K/16650504K available (12291K kernel code, 1403K rwdata, 4028K rodata, 2152K init, 4944K bss, 806472K reserved, 0K cma-reserved)
[    0.270897] SLUB: HWalign=64, Order=0-3, MinObjects=0, CPUs=8, Nodes=1
[    0.270901] Kernel/User page tables isolation: enabled
[    0.270913] ftrace: allocating 38170 entries in 150 pages
[    0.283034] rcu: Hierarchical RCU implementation.
[    0.283035] rcu: 	RCU restricting CPUs from NR_CPUS=64 to nr_cpu_ids=8.
[    0.283036] rcu: RCU calculated value of scheduler-enlistment delay is 100 jiffies.
[    0.283037] rcu: Adjusting geometry for rcu_fanout_leaf=16, nr_cpu_ids=8
[    0.284911] NR_IRQS: 4352, nr_irqs: 488, preallocated irqs: 16
[    0.285035] rcu: 	Offload RCU callbacks from CPUs: (none).
[    0.285078] Console: colour dummy device 80x25
[    0.285083] printk: console [tty0] enabled
[    0.285094] ACPI: Core revision 20181213
[    0.285297] clocksource: hpet: mask: 0xffffffff max_cycles: 0xffffffff, max_idle_ns: 133484882848 ns
[    0.285306] hpet clockevent registered
[    0.285309] APIC: Switch to symmetric I/O mode setup
[    0.285310] DMAR: Host address width 39
[    0.285311] DMAR: DRHD base: 0x000000fed90000 flags: 0x0
[    0.285315] DMAR: dmar0: reg_base_addr fed90000 ver 1:0 cap c0000020660462 ecap f0101a
[    0.285315] DMAR: DRHD base: 0x000000fed91000 flags: 0x1
[    0.285317] DMAR: dmar1: reg_base_addr fed91000 ver 1:0 cap d2008c20660462 ecap f010da
[    0.285318] DMAR: RMRR base: 0x00000079800000 end: 0x0000007f9fffff
[    0.285320] DMAR-IR: IOAPIC id 2 under DRHD base  0xfed91000 IOMMU 1
[    0.285321] DMAR-IR: HPET id 0 under DRHD base 0xfed91000
[    0.285321] DMAR-IR: x2apic is disabled because BIOS sets x2apic opt out bit.
[    0.285322] DMAR-IR: Use 'intremap=no_x2apic_optout' to override the BIOS setting.
[    0.285695] DMAR-IR: Enabled IRQ remapping in xapic mode
[    0.285696] x2apic: IRQ remapping doesn't support X2APIC mode
[    0.286065] ..TIMER: vector=0x30 apic1=0 pin1=2 apic2=-1 pin2=-1
[    0.290314] clocksource: tsc-early: mask: 0xffffffffffffffff max_cycles: 0x1fa3ba1a785, max_idle_ns: 440795306036 ns
[    0.290324] Calibrating delay loop (skipped), value calculated using timer frequency.. 4389.98 BogoMIPS (lpj=2194994)
[    0.290325] pid_max: default: 32768 minimum: 301
[    0.300650] LSM: Security Framework initializing
[    0.300652] Yama: becoming mindful.
[    0.300656] SELinux:  Initializing.
[    0.303034] Dentry cache hash table entries: 2097152 (order: 12, 16777216 bytes)
[    0.304211] Inode-cache hash table entries: 1048576 (order: 11, 8388608 bytes)
[    0.304260] Mount-cache hash table entries: 32768 (order: 6, 262144 bytes)
[    0.304301] Mountpoint-cache hash table entries: 32768 (order: 6, 262144 bytes)
[    0.304474] ENERGY_PERF_BIAS: Set to 'normal', was 'performance'
[    0.304474] ENERGY_PERF_BIAS: View and update with x86_energy_perf_policy(8)
[    0.304478] mce: CPU supports 10 MCE banks
[    0.304487] mce: CPU0: Thermal monitoring enabled (TM1)
[    0.304499] process: using mwait in idle threads
[    0.304501] Last level iTLB entries: 4KB 1024, 2MB 1024, 4MB 1024
[    0.304502] Last level dTLB entries: 4KB 1024, 2MB 1024, 4MB 1024, 1GB 4
[    0.304503] Spectre V2 : Mitigation: Full generic retpoline
[    0.304504] Spectre V2 : Spectre v2 / SpectreRSB mitigation: Filling RSB on context switch
[    0.304504] Spectre V2 : Enabling Restricted Speculation for firmware calls
[    0.304510] Spectre V2 : mitigation: Enabling conditional Indirect Branch Prediction Barrier
[    0.304511] Spectre V2 : User space: Mitigation: STIBP via seccomp and prctl
[    0.304512] Speculative Store Bypass: Mitigation: Speculative Store Bypass disabled via prctl and seccomp
[    0.304676] Freeing SMP alternatives memory: 36K
[    0.305794] TSC deadline timer enabled
[    0.305797] smpboot: CPU0: Intel(R) Core(TM) i7-4770HQ CPU @ 2.20GHz (family: 0x6, model: 0x46, stepping: 0x1)
[    0.305865] Performance Events: PEBS fmt2+, Haswell events, 16-deep LBR, full-width counters, Intel PMU driver.
[    0.305902] ... version:                3
[    0.305902] ... bit width:              48
[    0.305903] ... generic registers:      4
[    0.305903] ... value mask:             0000ffffffffffff
[    0.305904] ... max period:             00007fffffffffff
[    0.305904] ... fixed-purpose events:   3
[    0.305905] ... event mask:             000000070000000f
[    0.305931] rcu: Hierarchical SRCU implementation.
[    0.306315] random: crng done (trusting CPU's manufacturer)
[    0.306315] NMI watchdog: Enabled. Permanently consumes one hw-PMU counter.
[    0.306347] smp: Bringing up secondary CPUs ...
[    0.306399] x86: Booting SMP configuration:
[    0.306400] .... node  #0, CPUs:      #1 #2 #3 #4 #5 #6 #7
[    0.355320] smp: Brought up 1 node, 8 CPUs
[    0.355321] smpboot: Max logical packages: 1
[    0.355323] smpboot: Total of 8 processors activated (35119.90 BogoMIPS)
[    0.356700] devtmpfs: initialized
[    0.356700] x86/mm: Memory block size: 128MB
[    0.357572] PM: Registering ACPI NVS region [mem 0x78d01000-0x78d48fff] (294912 bytes)
[    0.357572] clocksource: jiffies: mask: 0xffffffff max_cycles: 0xffffffff, max_idle_ns: 1911260446275000 ns
[    0.357572] futex hash table entries: 2048 (order: 5, 131072 bytes)
[    0.357572] pinctrl core: initialized pinctrl subsystem
[    0.357572] RTC time: 23:17:42, date: 2019-02-11
[    0.357653] NET: Registered protocol family 16
[    0.357740] audit: initializing netlink subsys (disabled)
[    0.357743] audit: type=2000 audit(1549927062.072:1): state=initialized audit_enabled=0 res=1
[    0.357743] cpuidle: using governor menu
[    0.357743] ACPI: bus type PCI registered
[    0.357743] acpiphp: ACPI Hot Plug PCI Controller Driver version: 0.5
[    0.357743] PCI: MMCONFIG for domain 0000 [bus 00-9b] at [mem 0xe0000000-0xe9bfffff] (base 0xe0000000)
[    0.357743] PCI: not using MMCONFIG
[    0.357743] PCI: Using configuration type 1 for base access
[    0.357743] core: PMU erratum BJ122, BV98, HSD29 worked around, HT is on
[    0.359338] HugeTLB registered 1.00 GiB page size, pre-allocated 0 pages
[    0.359338] HugeTLB registered 2.00 MiB page size, pre-allocated 0 pages
[    0.359339] cryptd: max_cpu_qlen set to 1000
[    0.359359] ACPI: Disabled all _OSI OS vendors
[    0.359360] ACPI: Added _OSI(Module Device)
[    0.359361] ACPI: Added _OSI(Processor Device)
[    0.359361] ACPI: Added _OSI(3.0 _SCP Extensions)
[    0.359362] ACPI: Added _OSI(Processor Aggregator Device)
[    0.359362] ACPI: Added _OSI(Linux-Dell-Video)
[    0.359363] ACPI: Added _OSI(Linux-Lenovo-NV-HDMI-Audio)
[    0.359364] ACPI: Added _OSI(Linux-HPI-Hybrid-Graphics)
[    0.359364] ACPI: Added _OSI(Darwin)
[    0.370893] ACPI: 10 ACPI AML tables successfully acquired and loaded
[    0.371500] ACPI: EC: EC started
[    0.371501] ACPI: EC: interrupt blocked
[    0.373466] ACPI: \: Used as first EC
[    0.373468] ACPI: \: GPE=0x17, EC_CMD/EC_SC=0x66, EC_DATA=0x62
[    0.373469] ACPI: \: Used as boot ECDT EC to handle transactions
[    0.374175] ACPI: BIOS _OSI(Darwin) query honored via DMI
[    0.374703] ACPI: [Firmware Bug]: BIOS _OSI(Linux) query ignored
[    0.374820] ACPI Error: Needed type [Reference], found [Integer] 0000000030800f15 (20181213/exresop-69)
[    0.374823] ACPI Error: AE_AML_OPERAND_TYPE, While resolving operands for [OpcodeName unavailable] (20181213/dswexec-427)
[    0.374825] ACPI Error: Method parse/execution failed \_PR.CPU0._PDC, AE_AML_OPERAND_TYPE (20181213/psparse-531)
[    0.375012] ACPI: Dynamic OEM Table Load:
[    0.375017] ACPI: SSDT 0xFFFF8A5DACB4A000 00067C (v01 PmRef  ApIst    00003000 INTL 20140424)
[    0.375393] ACPI: Dynamic OEM Table Load:
[    0.375397] ACPI: SSDT 0xFFFF8A5DACB99800 000119 (v01 PmRef  ApCst    00003000 INTL 20140424)
[    0.376451] ACPI: Interpreter enabled
[    0.376466] ACPI: (supports S0 S3 S4 S5)
[    0.376467] ACPI: Using IOAPIC for interrupt routing
[    0.376484] PCI: MMCONFIG for domain 0000 [bus 00-9b] at [mem 0xe0000000-0xe9bfffff] (base 0xe0000000)
[    0.376850] PCI: MMCONFIG at [mem 0xe0000000-0xe9bfffff] reserved in ACPI motherboard resources
[    0.376858] PCI: Using host bridge windows from ACPI; if necessary, use "pci=nocrs" and report a bug
[    0.377035] ACPI: Enabled 7 GPEs in block 00 to 3F
[    0.384280] ACPI: PCI Root Bridge [PCI0] (domain 0000 [bus 00-ff])
[    0.384283] acpi PNP0A08:00: _OSC: OS assumes control of [PCIeHotplug SHPCHotplug AER PCIeCapability LTR]
[    0.384293] acpi PNP0A08:00: [Firmware Info]: MMCONFIG for domain 0000 [bus 00-9b] only partially covers this bridge
[    0.384497] PCI host bridge to bus 0000:00
[    0.384498] pci_bus 0000:00: root bus resource [io  0x0000-0x0cf7 window]
[    0.384500] pci_bus 0000:00: root bus resource [io  0x0d00-0xffff window]
[    0.384501] pci_bus 0000:00: root bus resource [mem 0x000a0000-0x000bffff window]
[    0.384501] pci_bus 0000:00: root bus resource [mem 0x000c0000-0x000c3fff window]
[    0.384502] pci_bus 0000:00: root bus resource [mem 0x000c4000-0x000c7fff window]
[    0.384503] pci_bus 0000:00: root bus resource [mem 0x000c8000-0x000cbfff window]
[    0.384504] pci_bus 0000:00: root bus resource [mem 0x000cc000-0x000cffff window]
[    0.384505] pci_bus 0000:00: root bus resource [mem 0x000d0000-0x000d3fff window]
[    0.384506] pci_bus 0000:00: root bus resource [mem 0x000d4000-0x000d7fff window]
[    0.384507] pci_bus 0000:00: root bus resource [mem 0x000d8000-0x000dbfff window]
[    0.384508] pci_bus 0000:00: root bus resource [mem 0x000dc000-0x000dffff window]
[    0.384509] pci_bus 0000:00: root bus resource [mem 0x000e0000-0x000e3fff window]
[    0.384510] pci_bus 0000:00: root bus resource [mem 0x000e4000-0x000e7fff window]
[    0.384510] pci_bus 0000:00: root bus resource [mem 0x000e8000-0x000ebfff window]
[    0.384511] pci_bus 0000:00: root bus resource [mem 0x000ec000-0x000effff window]
[    0.384512] pci_bus 0000:00: root bus resource [mem 0x000f0000-0x000fffff window]
[    0.384513] pci_bus 0000:00: root bus resource [mem 0x7fa00000-0xfeafffff window]
[    0.384514] pci_bus 0000:00: root bus resource [mem 0xfed40000-0xfed44fff window]
[    0.384515] pci_bus 0000:00: root bus resource [bus 00-ff]
[    0.384522] pci 0000:00:00.0: [8086:0d04] type 00 class 0x060000
[    0.384587] pci 0000:00:01.0: [8086:0d01] type 01 class 0x060400
[    0.384618] pci 0000:00:01.0: PME# supported from D0 D3hot D3cold
[    0.384664] pci 0000:00:01.1: [8086:0d05] type 01 class 0x060400
[    0.384691] pci 0000:00:01.1: PME# supported from D0 D3hot D3cold
[    0.384761] pci 0000:00:02.0: [8086:0d26] type 00 class 0x030000
[    0.384770] pci 0000:00:02.0: reg 0x10: [mem 0xa0000000-0xa03fffff 64bit]
[    0.384774] pci 0000:00:02.0: reg 0x18: [mem 0x90000000-0x9fffffff 64bit pref]
[    0.384777] pci 0000:00:02.0: reg 0x20: [io  0x3000-0x303f]
[    0.384786] pci 0000:00:02.0: BAR 2: assigned to efifb
[    0.384835] pci 0000:00:03.0: [8086:0d0c] type 00 class 0x040300
[    0.384842] pci 0000:00:03.0: reg 0x10: [mem 0xa0c10000-0xa0c13fff 64bit]
[    0.384920] pci 0000:00:14.0: [8086:8c31] type 00 class 0x0c0330
[    0.384938] pci 0000:00:14.0: reg 0x10: [mem 0xa0c00000-0xa0c0ffff 64bit]
[    0.384988] pci 0000:00:14.0: PME# supported from D3hot D3cold
[    0.385064] pci 0000:00:16.0: [8086:8c3a] type 00 class 0x078000
[    0.385082] pci 0000:00:16.0: reg 0x10: [mem 0xa0c19100-0xa0c1910f 64bit]
[    0.385134] pci 0000:00:16.0: PME# supported from D0 D3hot D3cold
[    0.385189] pci 0000:00:1b.0: [8086:8c20] type 00 class 0x040300
[    0.385206] pci 0000:00:1b.0: reg 0x10: [mem 0xa0c14000-0xa0c17fff 64bit]
[    0.385265] pci 0000:00:1b.0: PME# supported from D0 D3hot D3cold
[    0.385313] pci 0000:00:1c.0: [8086:8c10] type 01 class 0x060400
[    0.385357] pci 0000:00:1c.0: claimed MacBook Pro poweroff workaround [mem 0x7fa00000-0x7fbfffff]
[    0.385402] pci 0000:00:1c.0: PME# supported from D0 D3hot D3cold
[    0.385462] pci 0000:00:1c.2: [8086:8c14] type 01 class 0x060400
[    0.385530] pci 0000:00:1c.2: PME# supported from D0 D3hot D3cold
[    0.385586] pci 0000:00:1c.3: [8086:8c16] type 01 class 0x060400
[    0.385654] pci 0000:00:1c.3: PME# supported from D0 D3hot D3cold
[    0.385716] pci 0000:00:1f.0: [8086:8c4b] type 00 class 0x060100
[    0.385850] pci 0000:00:1f.3: [8086:8c22] type 00 class 0x0c0500
[    0.385866] pci 0000:00:1f.3: reg 0x10: [mem 0xa0c19000-0xa0c190ff 64bit]
[    0.385883] pci 0000:00:1f.3: reg 0x20: [io  0xefa0-0xefbf]
[    0.385941] pci 0000:00:1f.6: [8086:8c24] type 00 class 0x118000
[    0.385959] pci 0000:00:1f.6: reg 0x10: [mem 0xa0c18000-0xa0c18fff 64bit]
[    0.386109] pci 0000:01:00.0: [144d:a801] type 00 class 0x010601
[    0.386143] pci 0000:01:00.0: reg 0x24: [mem 0xa0b00000-0xa0b01fff]
[    0.386268] pci 0000:00:01.0: PCI bridge to [bus 01]
[    0.386270] pci 0000:00:01.0:   bridge window [mem 0xa0b00000-0xa0bfffff]
[    0.386319] pci 0000:05:00.0: [8086:156d] type 01 class 0x060400
[    0.386399] pci 0000:05:00.0: supports D1 D2
[    0.386400] pci 0000:05:00.0: PME# supported from D0 D1 D2 D3hot D3cold
[    0.386486] pci 0000:00:01.1: PCI bridge to [bus 05-9b]
[    0.386488] pci 0000:00:01.1:   bridge window [io  0x4000-0x6fff]
[    0.386490] pci 0000:00:01.1:   bridge window [mem 0xa0d00000-0xacdfffff]
[    0.386492] pci 0000:00:01.1:   bridge window [mem 0xace00000-0xb8dfffff 64bit pref]
[    0.386572] pci 0000:06:00.0: [8086:156d] type 01 class 0x060400
[    0.386660] pci 0000:06:00.0: supports D1 D2
[    0.386661] pci 0000:06:00.0: PME# supported from D0 D1 D2 D3hot D3cold
[    0.386722] pci 0000:06:03.0: [8086:156d] type 01 class 0x060400
[    0.386809] pci 0000:06:03.0: supports D1 D2
[    0.386810] pci 0000:06:03.0: PME# supported from D0 D1 D2 D3hot D3cold
[    0.386869] pci 0000:06:04.0: [8086:156d] type 01 class 0x060400
[    0.386955] pci 0000:06:04.0: supports D1 D2
[    0.386956] pci 0000:06:04.0: PME# supported from D0 D1 D2 D3hot D3cold
[    0.387015] pci 0000:06:05.0: [8086:156d] type 01 class 0x060400
[    0.387102] pci 0000:06:05.0: supports D1 D2
[    0.387103] pci 0000:06:05.0: PME# supported from D0 D1 D2 D3hot D3cold
[    0.387161] pci 0000:06:06.0: [8086:156d] type 01 class 0x060400
[    0.387248] pci 0000:06:06.0: supports D1 D2
[    0.387249] pci 0000:06:06.0: PME# supported from D0 D1 D2 D3hot D3cold
[    0.387318] pci 0000:05:00.0: PCI bridge to [bus 06-6b]
[    0.387322] pci 0000:05:00.0:   bridge window [io  0x4000-0x5fff]
[    0.387324] pci 0000:05:00.0:   bridge window [mem 0xa0d00000-0xa8dfffff]
[    0.387328] pci 0000:05:00.0:   bridge window [mem 0xace00000-0xb4dfffff 64bit pref]
[    0.387375] pci 0000:07:00.0: [8086:156c] type 00 class 0x088000
[    0.387400] pci 0000:07:00.0: reg 0x10: [mem 0xa0d00000-0xa0d3ffff]
[    0.387408] pci 0000:07:00.0: reg 0x14: [mem 0xa0d40000-0xa0d40fff]
[    0.387528] pci 0000:07:00.0: supports D1 D2
[    0.387529] pci 0000:07:00.0: PME# supported from D0 D1 D2 D3hot D3cold
[    0.387669] pci 0000:06:00.0: PCI bridge to [bus 07]
[    0.387675] pci 0000:06:00.0:   bridge window [mem 0xa0d00000-0xa0dfffff]
[    0.387729] pci 0000:06:03.0: PCI bridge to [bus 08-38]
[    0.387733] pci 0000:06:03.0:   bridge window [io  0x4000-0x4fff]
[    0.387735] pci 0000:06:03.0:   bridge window [mem 0xa0e00000-0xa4dfffff]
[    0.387739] pci 0000:06:03.0:   bridge window [mem 0xace00000-0xb0dfffff 64bit pref]
[    0.387789] pci 0000:06:04.0: PCI bridge to [bus 39]
[    0.387844] pci 0000:06:05.0: PCI bridge to [bus 3a-6a]
[    0.387848] pci 0000:06:05.0:   bridge window [io  0x5000-0x5fff]
[    0.387850] pci 0000:06:05.0:   bridge window [mem 0xa4e00000-0xa8dfffff]
[    0.387854] pci 0000:06:05.0:   bridge window [mem 0xb0e00000-0xb4dfffff 64bit pref]
[    0.387881] pci 0000:06:06.0: PCI bridge to [bus 6b]
[    0.387948] pci 0000:00:1c.0: PCI bridge to [bus 02]
[    0.388043] pci 0000:03:00.0: [14e4:43ba] type 00 class 0x028000
[    0.388106] pci 0000:03:00.0: reg 0x10: [mem 0xa0800000-0xa0807fff 64bit]
[    0.388133] pci 0000:03:00.0: reg 0x18: [mem 0xa0400000-0xa07fffff 64bit]
[    0.388339] pci 0000:03:00.0: supports D1 D2
[    0.388340] pci 0000:03:00.0: PME# supported from D0 D1 D2 D3hot D3cold
[    0.388569] pci 0000:00:1c.2: PCI bridge to [bus 03]
[    0.388573] pci 0000:00:1c.2:   bridge window [mem 0xa0400000-0xa08fffff]
[    0.388634] pci 0000:04:00.0: [14e4:1570] type 00 class 0x048000
[    0.388665] pci 0000:04:00.0: reg 0x10: [mem 0xa0a00000-0xa0a0ffff 64bit]
[    0.388680] pci 0000:04:00.0: reg 0x18: [mem 0x80000000-0x8fffffff 64bit pref]
[    0.388695] pci 0000:04:00.0: reg 0x20: [mem 0xa0900000-0xa09fffff 64bit]
[    0.388781] pci 0000:04:00.0: supports D1
[    0.388781] pci 0000:04:00.0: PME# supported from D0 D3hot
[    0.388887] pci 0000:00:1c.3: PCI bridge to [bus 04]
[    0.388892] pci 0000:00:1c.3:   bridge window [mem 0xa0900000-0xa0afffff]
[    0.388896] pci 0000:00:1c.3:   bridge window [mem 0x80000000-0x8fffffff 64bit pref]
[    0.389625] ACPI: PCI Interrupt Link [LNKA] (IRQs 1 3 4 5 6 7 10 12 14 15) *0, disabled.
[    0.389668] ACPI: PCI Interrupt Link [LNKB] (IRQs 1 3 4 5 6 7 11 12 14 15) *0, disabled.
[    0.389713] ACPI: PCI Interrupt Link [LNKC] (IRQs 1 3 4 5 6 7 10 12 14 15) *0, disabled.
[    0.389758] ACPI: PCI Interrupt Link [LNKD] (IRQs 1 3 4 5 6 7 11 12 14 15) *0, disabled.
[    0.389798] ACPI: PCI Interrupt Link [LNKE] (IRQs 1 3 4 5 6 7 10 12 14 15) *0, disabled.
[    0.389839] ACPI: PCI Interrupt Link [LNKF] (IRQs 1 3 4 5 6 7 11 12 14 15) *0, disabled.
[    0.389879] ACPI: PCI Interrupt Link [LNKG] (IRQs 1 3 4 5 6 7 10 12 14 15) *0, disabled.
[    0.389924] ACPI: PCI Interrupt Link [LNKH] (IRQs 1 3 4 5 6 7 11 12 14 15) *0, disabled.
[    0.390066] ACPI: EC: interrupt unblocked
[    0.390083] ACPI: EC: event unblocked
[    0.390088] ACPI: \_SB_.PCI0.LPCB.EC__: GPE=0x17, EC_CMD/EC_SC=0x66, EC_DATA=0x62
[    0.390089] ACPI: \_SB_.PCI0.LPCB.EC__: Used as boot DSDT EC to handle transactions and events
[    0.390132] pci 0000:00:02.0: vgaarb: setting as boot VGA device
[    0.390132] pci 0000:00:02.0: vgaarb: VGA device added: decodes=io+mem,owns=io+mem,locks=none
[    0.390132] pci 0000:00:02.0: vgaarb: bridge control possible
[    0.390132] vgaarb: loaded
[    0.390132] SCSI subsystem initialized
[    0.390132] libata version 3.00 loaded.
[    0.390132] ACPI: bus type USB registered
[    0.390132] usbcore: registered new interface driver usbfs
[    0.390132] usbcore: registered new interface driver hub
[    0.390132] usbcore: registered new device driver usb
[    0.390319] pps_core: LinuxPPS API ver. 1 registered
[    0.390319] pps_core: Software ver. 5.3.6 - Copyright 2005-2007 Rodolfo Giometti <giometti@linux.it>
[    0.390321] PTP clock support registered
[    0.390334] EDAC MC: Ver: 3.0.0
[    0.390419] Registered efivars operations
[    0.429988] PCI: Using ACPI for IRQ routing
[    0.432253] PCI: pci_cache_line_size set to 64 bytes
[    0.432349] e820: reserve RAM buffer [mem 0x00058000-0x0005ffff]
[    0.432350] e820: reserve RAM buffer [mem 0x66282710-0x67ffffff]
[    0.432351] e820: reserve RAM buffer [mem 0x78d01000-0x7bffffff]
[    0.432352] e820: reserve RAM buffer [mem 0x78d5d000-0x7bffffff]
[    0.432353] e820: reserve RAM buffer [mem 0x78e3a000-0x7bffffff]
[    0.432354] e820: reserve RAM buffer [mem 0x78ecc000-0x7bffffff]
[    0.432355] e820: reserve RAM buffer [mem 0x78f85000-0x7bffffff]
[    0.432356] e820: reserve RAM buffer [mem 0x79000000-0x7bffffff]
[    0.432357] e820: reserve RAM buffer [mem 0x47f600000-0x47fffffff]
[    0.433316] NetLabel: Initializing
[    0.433316] NetLabel:  domain hash size = 128
[    0.433316] NetLabel:  protocols = UNLABELED CIPSOv4 CALIPSO
[    0.433316] NetLabel:  unlabeled traffic allowed by default
[    0.433389] hpet0: at MMIO 0xfed00000, IRQs 2, 8, 0, 0, 0, 0, 0, 0
[    0.433392] hpet0: 8 comparators, 64-bit 14.318180 MHz counter
[    0.435332] clocksource: Switched to clocksource tsc-early
[    0.444896] VFS: Disk quotas dquot_6.6.0
[    0.444910] VFS: Dquot-cache hash table entries: 512 (order 0, 4096 bytes)
[    0.444959] pnp: PnP ACPI init
[    0.445600] system 00:00: [mem 0xfed00000-0xfed03fff] has been reserved
[    0.445605] system 00:00: Plug and Play ACPI device, IDs PNP0103 PNP0c01 (active)
[    0.445636] system 00:01: [io  0xffff] has been reserved
[    0.445637] system 00:01: [io  0x1800-0x187f] has been reserved
[    0.445639] system 00:01: [io  0x0800-0x087f] has been reserved
[    0.445641] system 00:01: Plug and Play ACPI device, IDs PNP0c02 (active)
[    0.445653] pnp 00:02: Plug and Play ACPI device, IDs PNP0b00 (active)
[    0.445697] pnp 00:03: Plug and Play ACPI device, IDs APP000b (active)
[    0.445796] system 00:04: [mem 0xfed1c000-0xfed1ffff] has been reserved
[    0.445797] system 00:04: [mem 0xfed10000-0xfed17fff] has been reserved
[    0.445799] system 00:04: [mem 0xfed18000-0xfed18fff] has been reserved
[    0.445800] system 00:04: [mem 0xfed19000-0xfed19fff] has been reserved
[    0.445801] system 00:04: [mem 0xe0000000-0xefffffff] could not be reserved
[    0.445802] system 00:04: [mem 0xfed20000-0xfed3ffff] has been reserved
[    0.445803] system 00:04: [mem 0xfed90000-0xfed93fff] could not be reserved
[    0.445805] system 00:04: [mem 0xfed45000-0xfed8ffff] has been reserved
[    0.445806] system 00:04: [mem 0xff000000-0xffffffff] could not be reserved
[    0.445807] system 00:04: [mem 0xfee00000-0xfeefffff] has been reserved
[    0.445810] system 00:04: Plug and Play ACPI device, IDs PNP0c02 (active)
[    0.445847] system 00:05: [mem 0x20000000-0x201fffff] could not be reserved
[    0.445848] system 00:05: [mem 0x40000000-0x401fffff] could not be reserved
[    0.445850] system 00:05: Plug and Play ACPI device, IDs PNP0c01 (active)
[    0.445965] pnp: PnP ACPI: found 6 devices
[    0.446792] pci 0000:07:00.0: assigning 8 device properties
[    0.446803] pci 0000:00:1b.0: assigning 4 device properties
[    0.446807] pci 0000:00:02.0: assigning 2 device properties
[    0.451377] clocksource: acpi_pm: mask: 0xffffff max_cycles: 0xffffff, max_idle_ns: 2085701024 ns
[    0.451408] pci 0000:06:00.0: bridge window [io  0x1000-0x0fff] to [bus 07] add_size 1000
[    0.451410] pci 0000:06:00.0: bridge window [mem 0x00100000-0x000fffff 64bit pref] to [bus 07] add_size 200000 add_align 100000
[    0.451421] pci 0000:06:04.0: bridge window [io  0x1000-0x0fff] to [bus 39] add_size 1000
[    0.451422] pci 0000:06:04.0: bridge window [mem 0x00100000-0x000fffff 64bit pref] to [bus 39] add_size 200000 add_align 100000
[    0.451423] pci 0000:06:04.0: bridge window [mem 0x00100000-0x000fffff] to [bus 39] add_size 200000 add_align 100000
[    0.451434] pci 0000:06:06.0: bridge window [io  0x1000-0x0fff] to [bus 6b] add_size 1000
[    0.451435] pci 0000:06:06.0: bridge window [mem 0x00100000-0x000fffff 64bit pref] to [bus 6b] add_size 200000 add_align 100000
[    0.451436] pci 0000:06:06.0: bridge window [mem 0x00100000-0x000fffff] to [bus 6b] add_size 200000 add_align 100000
[    0.451454] pci 0000:00:1c.0: bridge window [io  0x1000-0x0fff] to [bus 02] add_size 1000
[    0.451456] pci 0000:00:1c.0: bridge window [mem 0x00100000-0x000fffff 64bit pref] to [bus 02] add_size 200000 add_align 100000
[    0.451457] pci 0000:00:1c.0: bridge window [mem 0x00100000-0x000fffff] to [bus 02] add_size 200000 add_align 100000
[    0.451480] pci 0000:00:1c.0: BAR 14: assigned [mem 0x7fc00000-0x7fdfffff]
[    0.451488] pci 0000:00:1c.0: BAR 15: assigned [mem 0x7fe00000-0x7fffffff 64bit pref]
[    0.451489] pci 0000:00:1c.0: BAR 13: assigned [io  0x2000-0x2fff]
[    0.451491] pci 0000:00:01.0: PCI bridge to [bus 01]
[    0.451494] pci 0000:00:01.0:   bridge window [mem 0xa0b00000-0xa0bfffff]
[    0.451500] pci 0000:06:00.0: BAR 15: no space for [mem size 0x00200000 64bit pref]
[    0.451501] pci 0000:06:00.0: BAR 15: failed to assign [mem size 0x00200000 64bit pref]
[    0.451503] pci 0000:06:04.0: BAR 14: no space for [mem size 0x00200000]
[    0.451504] pci 0000:06:04.0: BAR 14: failed to assign [mem size 0x00200000]
[    0.451505] pci 0000:06:04.0: BAR 15: no space for [mem size 0x00200000 64bit pref]
[    0.451506] pci 0000:06:04.0: BAR 15: failed to assign [mem size 0x00200000 64bit pref]
[    0.451507] pci 0000:06:06.0: BAR 14: no space for [mem size 0x00200000]
[    0.451508] pci 0000:06:06.0: BAR 14: failed to assign [mem size 0x00200000]
[    0.451510] pci 0000:06:06.0: BAR 15: no space for [mem size 0x00200000 64bit pref]
[    0.451511] pci 0000:06:06.0: BAR 15: failed to assign [mem size 0x00200000 64bit pref]
[    0.451512] pci 0000:06:00.0: BAR 13: no space for [io  size 0x1000]
[    0.451513] pci 0000:06:00.0: BAR 13: failed to assign [io  size 0x1000]
[    0.451514] pci 0000:06:04.0: BAR 13: no space for [io  size 0x1000]
[    0.451515] pci 0000:06:04.0: BAR 13: failed to assign [io  size 0x1000]
[    0.451516] pci 0000:06:06.0: BAR 13: no space for [io  size 0x1000]
[    0.451517] pci 0000:06:06.0: BAR 13: failed to assign [io  size 0x1000]
[    0.451519] pci 0000:06:06.0: BAR 14: no space for [mem size 0x00200000]
[    0.451520] pci 0000:06:06.0: BAR 14: failed to assign [mem size 0x00200000]
[    0.451521] pci 0000:06:06.0: BAR 15: no space for [mem size 0x00200000 64bit pref]
[    0.451522] pci 0000:06:06.0: BAR 15: failed to assign [mem size 0x00200000 64bit pref]
[    0.451523] pci 0000:06:06.0: BAR 13: no space for [io  size 0x1000]
[    0.451524] pci 0000:06:06.0: BAR 13: failed to assign [io  size 0x1000]
[    0.451525] pci 0000:06:04.0: BAR 14: no space for [mem size 0x00200000]
[    0.451526] pci 0000:06:04.0: BAR 14: failed to assign [mem size 0x00200000]
[    0.451528] pci 0000:06:04.0: BAR 15: no space for [mem size 0x00200000 64bit pref]
[    0.451529] pci 0000:06:04.0: BAR 15: failed to assign [mem size 0x00200000 64bit pref]
[    0.451530] pci 0000:06:04.0: BAR 13: no space for [io  size 0x1000]
[    0.451531] pci 0000:06:04.0: BAR 13: failed to assign [io  size 0x1000]
[    0.451532] pci 0000:06:00.0: BAR 15: no space for [mem size 0x00200000 64bit pref]
[    0.451533] pci 0000:06:00.0: BAR 15: failed to assign [mem size 0x00200000 64bit pref]
[    0.451534] pci 0000:06:00.0: BAR 13: no space for [io  size 0x1000]
[    0.451535] pci 0000:06:00.0: BAR 13: failed to assign [io  size 0x1000]
[    0.451536] pci 0000:06:00.0: PCI bridge to [bus 07]
[    0.451540] pci 0000:06:00.0:   bridge window [mem 0xa0d00000-0xa0dfffff]
[    0.451546] pci 0000:06:03.0: PCI bridge to [bus 08-38]
[    0.451547] pci 0000:06:03.0:   bridge window [io  0x4000-0x4fff]
[    0.451551] pci 0000:06:03.0:   bridge window [mem 0xa0e00000-0xa4dfffff]
[    0.451553] pci 0000:06:03.0:   bridge window [mem 0xace00000-0xb0dfffff 64bit pref]
[    0.451557] pci 0000:06:04.0: PCI bridge to [bus 39]
[    0.451565] pci 0000:06:05.0: PCI bridge to [bus 3a-6a]
[    0.451567] pci 0000:06:05.0:   bridge window [io  0x5000-0x5fff]
[    0.451570] pci 0000:06:05.0:   bridge window [mem 0xa4e00000-0xa8dfffff]
[    0.451573] pci 0000:06:05.0:   bridge window [mem 0xb0e00000-0xb4dfffff 64bit pref]
[    0.451577] pci 0000:06:06.0: PCI bridge to [bus 6b]
[    0.451585] pci 0000:05:00.0: PCI bridge to [bus 06-6b]
[    0.451586] pci 0000:05:00.0:   bridge window [io  0x4000-0x5fff]
[    0.451589] pci 0000:05:00.0:   bridge window [mem 0xa0d00000-0xa8dfffff]
[    0.451592] pci 0000:05:00.0:   bridge window [mem 0xace00000-0xb4dfffff 64bit pref]
[    0.451596] pci 0000:00:01.1: PCI bridge to [bus 05-9b]
[    0.451597] pci 0000:00:01.1:   bridge window [io  0x4000-0x6fff]
[    0.451599] pci 0000:00:01.1:   bridge window [mem 0xa0d00000-0xacdfffff]
[    0.451600] pci 0000:00:01.1:   bridge window [mem 0xace00000-0xb8dfffff 64bit pref]
[    0.451603] pci 0000:00:1c.0: PCI bridge to [bus 02]
[    0.451610] pci 0000:00:1c.0:   bridge window [io  0x2000-0x2fff]
[    0.451614] pci 0000:00:1c.0:   bridge window [mem 0x7fc00000-0x7fdfffff]
[    0.451618] pci 0000:00:1c.0:   bridge window [mem 0x7fe00000-0x7fffffff 64bit pref]
[    0.451623] pci 0000:00:1c.2: PCI bridge to [bus 03]
[    0.451627] pci 0000:00:1c.2:   bridge window [mem 0xa0400000-0xa08fffff]
[    0.451634] pci 0000:00:1c.3: PCI bridge to [bus 04]
[    0.451638] pci 0000:00:1c.3:   bridge window [mem 0xa0900000-0xa0afffff]
[    0.451641] pci 0000:00:1c.3:   bridge window [mem 0x80000000-0x8fffffff 64bit pref]
[    0.451647] pci_bus 0000:00: resource 4 [io  0x0000-0x0cf7 window]
[    0.451648] pci_bus 0000:00: resource 5 [io  0x0d00-0xffff window]
[    0.451649] pci_bus 0000:00: resource 6 [mem 0x000a0000-0x000bffff window]
[    0.451650] pci_bus 0000:00: resource 7 [mem 0x000c0000-0x000c3fff window]
[    0.451651] pci_bus 0000:00: resource 8 [mem 0x000c4000-0x000c7fff window]
[    0.451652] pci_bus 0000:00: resource 9 [mem 0x000c8000-0x000cbfff window]
[    0.451653] pci_bus 0000:00: resource 10 [mem 0x000cc000-0x000cffff window]
[    0.451654] pci_bus 0000:00: resource 11 [mem 0x000d0000-0x000d3fff window]
[    0.451655] pci_bus 0000:00: resource 12 [mem 0x000d4000-0x000d7fff window]
[    0.451656] pci_bus 0000:00: resource 13 [mem 0x000d8000-0x000dbfff window]
[    0.451657] pci_bus 0000:00: resource 14 [mem 0x000dc000-0x000dffff window]
[    0.451658] pci_bus 0000:00: resource 15 [mem 0x000e0000-0x000e3fff window]
[    0.451659] pci_bus 0000:00: resource 16 [mem 0x000e4000-0x000e7fff window]
[    0.451660] pci_bus 0000:00: resource 17 [mem 0x000e8000-0x000ebfff window]
[    0.451661] pci_bus 0000:00: resource 18 [mem 0x000ec000-0x000effff window]
[    0.451661] pci_bus 0000:00: resource 19 [mem 0x000f0000-0x000fffff window]
[    0.451662] pci_bus 0000:00: resource 20 [mem 0x7fa00000-0xfeafffff window]
[    0.451663] pci_bus 0000:00: resource 21 [mem 0xfed40000-0xfed44fff window]
[    0.451665] pci_bus 0000:01: resource 1 [mem 0xa0b00000-0xa0bfffff]
[    0.451666] pci_bus 0000:05: resource 0 [io  0x4000-0x6fff]
[    0.451667] pci_bus 0000:05: resource 1 [mem 0xa0d00000-0xacdfffff]
[    0.451668] pci_bus 0000:05: resource 2 [mem 0xace00000-0xb8dfffff 64bit pref]
[    0.451669] pci_bus 0000:06: resource 0 [io  0x4000-0x5fff]
[    0.451669] pci_bus 0000:06: resource 1 [mem 0xa0d00000-0xa8dfffff]
[    0.451670] pci_bus 0000:06: resource 2 [mem 0xace00000-0xb4dfffff 64bit pref]
[    0.451671] pci_bus 0000:07: resource 1 [mem 0xa0d00000-0xa0dfffff]
[    0.451673] pci_bus 0000:08: resource 0 [io  0x4000-0x4fff]
[    0.451674] pci_bus 0000:08: resource 1 [mem 0xa0e00000-0xa4dfffff]
[    0.451675] pci_bus 0000:08: resource 2 [mem 0xace00000-0xb0dfffff 64bit pref]
[    0.451676] pci_bus 0000:3a: resource 0 [io  0x5000-0x5fff]
[    0.451676] pci_bus 0000:3a: resource 1 [mem 0xa4e00000-0xa8dfffff]
[    0.451677] pci_bus 0000:3a: resource 2 [mem 0xb0e00000-0xb4dfffff 64bit pref]
[    0.451678] pci_bus 0000:02: resource 0 [io  0x2000-0x2fff]
[    0.451679] pci_bus 0000:02: resource 1 [mem 0x7fc00000-0x7fdfffff]
[    0.451680] pci_bus 0000:02: resource 2 [mem 0x7fe00000-0x7fffffff 64bit pref]
[    0.451681] pci_bus 0000:03: resource 1 [mem 0xa0400000-0xa08fffff]
[    0.451682] pci_bus 0000:04: resource 1 [mem 0xa0900000-0xa0afffff]
[    0.451683] pci_bus 0000:04: resource 2 [mem 0x80000000-0x8fffffff 64bit pref]
[    0.451784] NET: Registered protocol family 2
[    0.451896] tcp_listen_portaddr_hash hash table entries: 8192 (order: 5, 131072 bytes)
[    0.451938] TCP established hash table entries: 131072 (order: 8, 1048576 bytes)
[    0.452085] TCP bind hash table entries: 65536 (order: 8, 1048576 bytes)
[    0.452202] TCP: Hash tables configured (established 131072 bind 65536)
[    0.452232] UDP hash table entries: 8192 (order: 6, 262144 bytes)
[    0.452269] UDP-Lite hash table entries: 8192 (order: 6, 262144 bytes)
[    0.452341] NET: Registered protocol family 1
[    0.452345] NET: Registered protocol family 44
[    0.452354] pci 0000:00:02.0: Video device with shadowed ROM at [mem 0x000c0000-0x000dffff]
[    0.452617] PCI: CLS 256 bytes, default 64
[    0.452643] Unpacking initramfs...
[    1.576424] Freeing initrd memory: 92720K
[    1.586349] PCI-DMA: Using software bounce buffering for IO (SWIOTLB)
[    1.586352] software IO TLB: mapped [mem 0x5f070000-0x63070000] (64MB)
[    1.588780] Initialise system trusted keyrings
[    1.588789] Key type blacklist registered
[    1.588827] workingset: timestamp_bits=36 max_order=22 bucket_order=0
[    1.590084] zbud: loaded
[    1.719746] alg: No test for 842 (842-generic)
[    1.720321] alg: No test for 842 (842-scomp)
[    1.741896] NET: Registered protocol family 38
[    1.741899] Key type asymmetric registered
[    1.741899] Asymmetric key parser 'x509' registered
[    1.741909] Block layer SCSI generic (bsg) driver version 0.4 loaded (major 243)
[    1.741937] io scheduler mq-deadline registered
[    1.741994] atomic64_test: passed for x86-64 platform with CX8 and with SSE
[    1.742380] pciehp 0000:00:1c.0:pcie004: Slot #0 AttnBtn- PwrCtrl- MRL- AttnInd- PwrInd- HotPlug+ Surprise+ Interlock- NoCompl+ LLActRep+
[    1.742849] pciehp 0000:06:00.0:pcie204: Slot #0 AttnBtn- PwrCtrl- MRL- AttnInd- PwrInd- HotPlug+ Surprise+ Interlock- NoCompl+ LLActRep+
[    1.742993] pciehp 0000:06:03.0:pcie204: Slot #3 AttnBtn- PwrCtrl- MRL- AttnInd- PwrInd- HotPlug+ Surprise+ Interlock- NoCompl+ LLActRep+
[    1.743137] pciehp 0000:06:04.0:pcie204: Slot #4 AttnBtn- PwrCtrl- MRL- AttnInd- PwrInd- HotPlug+ Surprise+ Interlock- NoCompl+ LLActRep+
[    1.743282] pciehp 0000:06:05.0:pcie204: Slot #5 AttnBtn- PwrCtrl- MRL- AttnInd- PwrInd- HotPlug+ Surprise+ Interlock- NoCompl+ LLActRep+
[    1.743439] pciehp 0000:06:06.0:pcie204: Slot #6 AttnBtn- PwrCtrl- MRL- AttnInd- PwrInd- HotPlug+ Surprise+ Interlock- NoCompl+ LLActRep+
[    1.743514] shpchp: Standard Hot Plug PCI Controller Driver version: 0.4
[    1.743529] efifb: probing for efifb
[    1.743542] efifb: No BGRT, not showing boot graphics
[    1.743543] efifb: framebuffer at 0x90000000, using 20700k, total 20700k
[    1.743543] efifb: mode is 2880x1800x32, linelength=11776, pages=1
[    1.743544] efifb: scrolling: redraw
[    1.743545] efifb: Truecolor: size=8:8:8:8, shift=24:16:8:0
[    1.743577] fbcon: Deferring console take-over
[    1.743577] fb0: EFI VGA frame buffer device
[    1.743583] intel_idle: MWAIT substates: 0x42120
[    1.743583] intel_idle: v0.4.1 model 0x46
[    1.743821] intel_idle: lapic_timer_reliable_states 0xffffffff
[    1.743915] ACPI: AC Adapter [ADP1] (on-line)
[    1.743958] input: Lid Switch as /devices/LNXSYSTM:00/LNXSYBUS:00/PNP0C0D:00/input/input0
[    1.743989] ACPI: Lid Switch [LID0]
[    1.744042] input: Power Button as /devices/LNXSYSTM:00/LNXSYBUS:00/PNP0C0C:00/input/input1
[    1.744050] ACPI: Power Button [PWRB]
[    1.744069] input: Sleep Button as /devices/LNXSYSTM:00/LNXSYBUS:00/PNP0C0E:00/input/input2
[    1.744072] ACPI: Sleep Button [SLPB]
[    1.744089] input: Power Button as /devices/LNXSYSTM:00/LNXPWRBN:00/input/input3
[    1.744113] ACPI: Power Button [PWRF]
[    1.745108] Serial: 8250/16550 driver, 32 ports, IRQ sharing enabled
[    1.746575] Non-volatile memory driver v1.3
[    1.746596] Linux agpgart interface v0.103
[    1.747239] ahci 0000:01:00.0: version 3.0
[    1.777883] ahci 0000:01:00.0: AHCI 0001.0300 32 slots 1 ports 6 Gbps 0x1 impl SATA mode
[    1.777887] ahci 0000:01:00.0: flags: 64bit ncq led clo only pio ccc 
[    1.778392] scsi host0: ahci
[    1.778487] ata1: SATA max UDMA/133 abar m8192@0xa0b00000 port 0xa0b00100 irq 33
[    1.778571] libphy: Fixed MDIO Bus: probed
[    1.778712] ehci_hcd: USB 2.0 'Enhanced' Host Controller (EHCI) Driver
[    1.778716] ehci-pci: EHCI PCI platform driver
[    1.778733] ohci_hcd: USB 1.1 'Open' Host Controller (OHCI) Driver
[    1.778735] ohci-pci: OHCI PCI platform driver
[    1.778743] uhci_hcd: USB Universal Host Controller Interface driver
[    1.778922] xhci_hcd 0000:00:14.0: xHCI Host Controller
[    1.779048] xhci_hcd 0000:00:14.0: new USB bus registered, assigned bus number 1
[    1.780144] xhci_hcd 0000:00:14.0: hcc params 0x200077c1 hci version 0x100 quirks 0x0000000000009810
[    1.780155] xhci_hcd 0000:00:14.0: cache line size of 256 is not supported
[    1.780309] usb usb1: New USB device found, idVendor=1d6b, idProduct=0002, bcdDevice= 5.00
[    1.780311] usb usb1: New USB device strings: Mfr=3, Product=2, SerialNumber=1
[    1.780312] usb usb1: Product: xHCI Host Controller
[    1.780313] usb usb1: Manufacturer: Linux 5.0.0-rc6+ xhci-hcd
[    1.780313] usb usb1: SerialNumber: 0000:00:14.0
[    1.780464] hub 1-0:1.0: USB hub found
[    1.780484] hub 1-0:1.0: 14 ports detected
[    1.780784] xhci_hcd 0000:00:14.0: xHCI Host Controller
[    1.780874] xhci_hcd 0000:00:14.0: new USB bus registered, assigned bus number 2
[    1.780877] xhci_hcd 0000:00:14.0: Host supports USB 3.0  SuperSpeed
[    1.780936] usb usb2: New USB device found, idVendor=1d6b, idProduct=0003, bcdDevice= 5.00
[    1.780937] usb usb2: New USB device strings: Mfr=3, Product=2, SerialNumber=1
[    1.780938] usb usb2: Product: xHCI Host Controller
[    1.780939] usb usb2: Manufacturer: Linux 5.0.0-rc6+ xhci-hcd
[    1.780939] usb usb2: SerialNumber: 0000:00:14.0
[    1.781024] hub 2-0:1.0: USB hub found
[    1.781039] hub 2-0:1.0: 6 ports detected
[    1.781069] usb: port power management may be unreliable
[    1.781191] usbcore: registered new interface driver usbserial_generic
[    1.781195] usbserial: USB Serial support registered for generic
[    1.781212] i8042: PNP: No PS/2 controller found.
[    1.781246] mousedev: PS/2 mouse device common for all mice
[    1.781359] rtc_cmos 00:02: RTC can wake from S4
[    1.781516] rtc_cmos 00:02: registered as rtc0
[    1.781517] rtc_cmos 00:02: alarms up to one month, y3k, 242 bytes nvram, hpet irqs
[    1.781579] device-mapper: uevent: version 1.0.3
[    1.781668] device-mapper: ioctl: 4.39.0-ioctl (2018-04-03) initialised: dm-devel@redhat.com
[    1.781753] intel_pstate: Intel P-state driver initializing
[    1.782295] hidraw: raw HID events driver (C) Jiri Kosina
[    1.782393] usbcore: registered new interface driver usbhid
[    1.782394] usbhid: USB HID core driver
[    1.782667] drop_monitor: Initializing network drop monitor service
[    1.783027] Initializing XFRM netlink socket
[    1.783311] NET: Registered protocol family 10
[    1.792231] Segment Routing with IPv6
[    1.792286] mip6: Mobile IPv6
[    1.792290] NET: Registered protocol family 17
[    1.793918] RAS: Correctable Errors collector initialized.
[    1.793988] microcode: sig=0x40661, pf=0x20, revision=0x1a
[    1.794240] microcode: Microcode Update Driver: v2.2.
[    1.794259] AVX2 version of gcm_enc/dec engaged.
[    1.794260] AES CTR mode by8 optimization enabled
[    1.828570] sched_clock: Marking stable (1828279192, 253708)->(1911830315, -83297415)
[    1.828886] registered taskstats version 1
[    1.828899] Loading compiled-in X.509 certificates
[    1.860620] Loaded X.509 cert 'Build time autogenerated kernel key: 307e4e8a55fe74f83f10b61aeadbf24a5fc6325b'
[    1.860644] zswap: loaded using pool lzo/zbud
[    1.865754] Key type big_key registered
[    1.867706] Key type encrypted registered
[    1.867712] ima: No TPM chip found, activating TPM-bypass!
[    1.867716] ima: Allocated hash algorithm: sha1
[    1.867720] No architecture policies found
[    1.868164]   Magic number: 7:960:301
[    1.868206] tty tty30: hash matches
[    1.868298] rtc_cmos 00:02: setting system clock to 2019-02-11T23:17:43 UTC (1549927063)
[    2.103608] usb 2-4: new SuperSpeed Gen 1 USB device number 2 using xhci_hcd
[    2.107945] ata1: SATA link up 6.0 Gbps (SStatus 133 SControl 300)
[    2.109983] ata1.00: unexpected _GTF length (8)
[    2.110194] ata1.00: ATA-8: APPLE SSD SM0256G, BXW1SA0Q, max UDMA/133
[    2.110207] ata1.00: 490234752 sectors, multi 16: LBA48 NCQ (depth 32), AA
[    2.110626] ata1.00: unexpected _GTF length (8)
[    2.110844] ata1.00: configured for UDMA/133
[    2.111047] scsi 0:0:0:0: Direct-Access     ATA      APPLE SSD SM0256 SA0Q PQ: 0 ANSI: 5
[    2.111309] sd 0:0:0:0: Attached scsi generic sg0 type 0
[    2.111522] sd 0:0:0:0: [sda] 490234752 512-byte logical blocks: (251 GB/234 GiB)
[    2.111525] sd 0:0:0:0: [sda] 4096-byte physical blocks
[    2.111568] sd 0:0:0:0: [sda] Write Protect is off
[    2.111570] sd 0:0:0:0: [sda] Mode Sense: 00 3a 00 00
[    2.111649] sd 0:0:0:0: [sda] Write cache: enabled, read cache: enabled, doesn't support DPO or FUA
[    2.113188]  sda: sda1 sda2 sda3 sda4
[    2.113684] sd 0:0:0:0: [sda] Attached SCSI disk
[    2.114650] Freeing unused decrypted memory: 2040K
[    2.114988] Freeing unused kernel image memory: 2152K
[    2.117748] usb 2-4: New USB device found, idVendor=05ac, idProduct=8406, bcdDevice= 8.20
[    2.117750] usb 2-4: New USB device strings: Mfr=3, Product=4, SerialNumber=5
[    2.117752] usb 2-4: Product: Card Reader
[    2.117753] usb 2-4: Manufacturer: Apple
[    2.117754] usb 2-4: SerialNumber: 000000000820
[    2.122375] Write protecting the kernel read-only data: 18432k
[    2.122882] Freeing unused kernel image memory: 2020K
[    2.122971] Freeing unused kernel image memory: 68K
[    2.130301] x86/mm: Checked W+X mappings: passed, no W+X pages found.
[    2.130304] rodata_test: all tests were successful
[    2.130305] x86/mm: Checking user space page tables
[    2.137100] x86/mm: Checked W+X mappings: passed, no W+X pages found.
[    2.137101] Run /init as init process
[    2.220750] systemd[1]: systemd 239 running in system mode. (+PAM +AUDIT +SELINUX +IMA -APPARMOR +SMACK +SYSVINIT +UTMP +LIBCRYPTSETUP +GCRYPT +GNUTLS +ACL +XZ +LZ4 +SECCOMP +BLKID +ELFUTILS +KMOD +IDN2 -IDN +PCRE2 default-hierarchy=hybrid)
[    2.230391] usb 1-8: new full-speed USB device number 2 using xhci_hcd
[    2.232470] systemd[1]: Detected architecture x86-64.
[    2.232473] systemd[1]: Running in initial RAM disk.
[    2.234622] systemd[1]: Set hostname to <im-mac>.
[    2.286177] systemd[1]: Reached target Slices.
[    2.286228] systemd[1]: Reached target Swap.
[    2.286352] systemd[1]: Listening on Journal Audit Socket.
[    2.286415] systemd[1]: Listening on udev Kernel Socket.
[    2.287750] systemd[1]: Created slice system-systemd\x2dhibernate\x2dresume.slice.
[    2.287859] systemd[1]: Listening on Journal Socket.
[    2.334929] audit: type=1130 audit(1549927063.965:2): pid=1 uid=0 auid=4294967295 ses=4294967295 subj=kernel msg='unit=systemd-journald comm="systemd" exe="/usr/lib/systemd/systemd" hostname=? addr=? terminal=? res=success'
[    2.340920] audit: type=1130 audit(1549927063.971:3): pid=1 uid=0 auid=4294967295 ses=4294967295 subj=kernel msg='unit=systemd-vconsole-setup comm="systemd" exe="/usr/lib/systemd/systemd" hostname=? addr=? terminal=? res=success'
[    2.340923] audit: type=1131 audit(1549927063.971:4): pid=1 uid=0 auid=4294967295 ses=4294967295 subj=kernel msg='unit=systemd-vconsole-setup comm="systemd" exe="/usr/lib/systemd/systemd" hostname=? addr=? terminal=? res=success'
[    2.358503] usb 1-8: New USB device found, idVendor=05ac, idProduct=8290, bcdDevice= 1.61
[    2.358505] usb 1-8: New USB device strings: Mfr=1, Product=2, SerialNumber=0
[    2.358507] usb 1-8: Product: Bluetooth USB Host Controller
[    2.358508] usb 1-8: Manufacturer: Broadcom Corp.
[    2.361499] input: Broadcom Corp. Bluetooth USB Host Controller as /devices/pci0000:00/0000:00:14.0/usb1/1-8/1-8:1.0/0003:05AC:8290.0001/input/input4
[    2.413613] hid-generic 0003:05AC:8290.0001: input,hidraw0: USB HID v1.11 Keyboard [Broadcom Corp. Bluetooth USB Host Controller] on usb-0000:00:14.0-8/input0
[    2.414226] input: Broadcom Corp. Bluetooth USB Host Controller as /devices/pci0000:00/0000:00:14.0/usb1/1-8/1-8:1.1/0003:05AC:8290.0002/input/input5
[    2.414363] hid-generic 0003:05AC:8290.0002: input,hidraw1: USB HID v1.11 Mouse [Broadcom Corp. Bluetooth USB Host Controller] on usb-0000:00:14.0-8/input1
[    2.521885] audit: type=1130 audit(1549927064.152:5): pid=1 uid=0 auid=4294967295 ses=4294967295 subj=kernel msg='unit=dracut-cmdline comm="systemd" exe="/usr/lib/systemd/systemd" hostname=? addr=? terminal=? res=success'
[    2.528354] usb 1-12: new full-speed USB device number 3 using xhci_hcd
[    2.550728] audit: type=1130 audit(1549927064.181:6): pid=1 uid=0 auid=4294967295 ses=4294967295 subj=kernel msg='unit=dracut-pre-udev comm="systemd" exe="/usr/lib/systemd/systemd" hostname=? addr=? terminal=? res=success'
[    2.570109] audit: type=1130 audit(1549927064.200:7): pid=1 uid=0 auid=4294967295 ses=4294967295 subj=kernel msg='unit=systemd-udevd comm="systemd" exe="/usr/lib/systemd/systemd" hostname=? addr=? terminal=? res=success'
[    2.621353] tsc: Refined TSC clocksource calibration: 2194.907 MHz
[    2.621368] clocksource: tsc: mask: 0xffffffffffffffff max_cycles: 0x1fa367be724, max_idle_ns: 440795227810 ns
[    2.621399] clocksource: Switched to clocksource tsc
[    2.628502] audit: type=1130 audit(1549927064.258:8): pid=1 uid=0 auid=4294967295 ses=4294967295 subj=kernel msg='unit=systemd-udev-trigger comm="systemd" exe="/usr/lib/systemd/systemd" hostname=? addr=? terminal=? res=success'
[    2.644252] audit: type=1130 audit(1549927064.274:9): pid=1 uid=0 auid=4294967295 ses=4294967295 subj=kernel msg='unit=plymouth-start comm="systemd" exe="/usr/lib/systemd/systemd" hostname=? addr=? terminal=? res=success'
[    2.657246] usb 1-12: New USB device found, idVendor=05ac, idProduct=0274, bcdDevice= 6.24
[    2.657248] usb 1-12: New USB device strings: Mfr=1, Product=2, SerialNumber=3
[    2.657250] usb 1-12: Product: Apple Internal Keyboard / Trackpad
[    2.657252] usb 1-12: Manufacturer: Apple Inc.
[    2.657253] usb 1-12: SerialNumber: D3H61830CG1FTV4A16PF
[    2.670100] usb-storage 2-4:1.0: USB Mass Storage device detected
[    2.673334] scsi host1: usb-storage 2-4:1.0
[    2.673454] usbcore: registered new interface driver usb-storage
[    2.679979] usbcore: registered new interface driver uas
[    2.685513] apple 0003:05AC:0274.0003: hiddev96,hidraw2: USB HID v1.10 Device [Apple Inc. Apple Internal Keyboard / Trackpad] on usb-0000:00:14.0-12/input0
[    2.685752] input: Apple Inc. Apple Internal Keyboard / Trackpad as /devices/pci0000:00/0000:00:14.0/usb1/1-12/1-12:1.1/0003:05AC:0274.0004/input/input6
[    2.738520] apple 0003:05AC:0274.0004: input,hiddev97,hidraw3: USB HID v1.10 Keyboard [Apple Inc. Apple Internal Keyboard / Trackpad] on usb-0000:00:14.0-12/input1
[    2.738625] apple 0003:05AC:0274.0005: hiddev98,hidraw4: USB HID v1.10 Device [Apple Inc. Apple Internal Keyboard / Trackpad] on usb-0000:00:14.0-12/input3
[    2.738696] apple 0003:05AC:0274.0006: hiddev99,hidraw5: USB HID v1.10 Device [Apple Inc. Apple Internal Keyboard / Trackpad] on usb-0000:00:14.0-12/input4
[    2.842085] audit: type=1130 audit(1549927064.472:10): pid=1 uid=0 auid=4294967295 ses=4294967295 subj=kernel msg='unit=systemd-ask-password-plymouth comm="systemd" exe="/usr/lib/systemd/systemd" hostname=? addr=? terminal=? res=success'
[    2.948545] VFIO - User Level meta-driver version: 0.3
[    3.529879] [drm] Found 128MB of eDRAM
[    3.530024] checking generic (90000000 1437000) vs hw (90000000 10000000)
[    3.530025] fb0: switching to inteldrmfb from EFI VGA
[    3.530090] [drm] Replacing VGA console driver
[    3.530460] [drm] Supports vblank timestamp caching Rev 2 (21.10.2013).
[    3.530461] [drm] Driver supports precise vblank timestamp query.
[    3.530498] i915 0000:00:02.0: vgaarb: changed VGA decodes: olddecodes=io+mem,decodes=io+mem:owns=io+mem
[    3.547355] [drm] Initialized i915 1.6.0 20181204 for 0000:00:02.0 on minor 0
[    3.548234] ACPI: Video Device [IGPU] (multi-head: yes  rom: no  post: no)
[    3.548814] acpi device:57: registered as cooling_device8
[    3.548889] input: Video Bus as /devices/LNXSYSTM:00/LNXSYBUS:00/PNP0A08:00/LNXVIDEO:00/input/input7
[    3.555227] fbcon: inteldrmfb (fb0) is primary device
[    3.555229] fbcon: Deferring console take-over
[    3.555231] i915 0000:00:02.0: fb0: inteldrmfb frame buffer device
[    3.711835] scsi 1:0:0:0: Direct-Access     APPLE    SD Card Reader   3.00 PQ: 0 ANSI: 6
[    3.712256] sd 1:0:0:0: Attached scsi generic sg1 type 0
[    3.713442] sd 1:0:0:0: [sdb] Attached SCSI removable disk
[   11.101098] device-mapper: crypt: xts(aes) using implementation "xts-aes-aesni"
[   11.156276] kauditd_printk_skb: 2 callbacks suppressed
[   11.156277] audit: type=1130 audit(1549927072.786:13): pid=1 uid=0 auid=4294967295 ses=4294967295 subj=kernel msg='unit=systemd-cryptsetup@luks\x2ddd1fa933\x2def9f\x2d402b\x2da2e4\x2d7c9d6fb7ce0d comm="systemd" exe="/usr/lib/systemd/systemd" hostname=? addr=? terminal=? res=success'
[   11.733365] PM: Image not found (code -22)
[   11.734115] audit: type=1130 audit(1549927073.364:14): pid=1 uid=0 auid=4294967295 ses=4294967295 subj=kernel msg='unit=systemd-hibernate-resume@dev-mapper-im\x2d\x2dmac\x2dswap comm="systemd" exe="/usr/lib/systemd/systemd" hostname=? addr=? terminal=? res=success'
[   11.734117] audit: type=1131 audit(1549927073.364:15): pid=1 uid=0 auid=4294967295 ses=4294967295 subj=kernel msg='unit=systemd-hibernate-resume@dev-mapper-im\x2d\x2dmac\x2dswap comm="systemd" exe="/usr/lib/systemd/systemd" hostname=? addr=? terminal=? res=success'
[   11.740986] audit: type=1130 audit(1549927073.371:16): pid=1 uid=0 auid=4294967295 ses=4294967295 subj=kernel msg='unit=systemd-tmpfiles-setup comm="systemd" exe="/usr/lib/systemd/systemd" hostname=? addr=? terminal=? res=success'
[   11.769514] audit: type=1130 audit(1549927073.400:17): pid=1 uid=0 auid=4294967295 ses=4294967295 subj=kernel msg='unit=dracut-initqueue comm="systemd" exe="/usr/lib/systemd/systemd" hostname=? addr=? terminal=? res=success'
[   11.787042] audit: type=1130 audit(1549927073.417:18): pid=1 uid=0 auid=4294967295 ses=4294967295 subj=kernel msg='unit=systemd-fsck-root comm="systemd" exe="/usr/lib/systemd/systemd" hostname=? addr=? terminal=? res=success'
[   12.101095] SGI XFS with ACLs, security attributes, scrub, no debug enabled
[   12.103847] XFS (dm-1): Mounting V5 Filesystem
[   12.116302] XFS (dm-1): Ending clean mount
[   12.238768] audit: type=1130 audit(1549927073.869:19): pid=1 uid=0 auid=4294967295 ses=4294967295 subj=kernel msg='unit=initrd-parse-etc comm="systemd" exe="/usr/lib/systemd/systemd" hostname=? addr=? terminal=? res=success'
[   12.238773] audit: type=1131 audit(1549927073.869:20): pid=1 uid=0 auid=4294967295 ses=4294967295 subj=kernel msg='unit=initrd-parse-etc comm="systemd" exe="/usr/lib/systemd/systemd" hostname=? addr=? terminal=? res=success'
[   12.379318] audit: type=1130 audit(1549927074.009:21): pid=1 uid=0 auid=4294967295 ses=4294967295 subj=kernel msg='unit=dracut-pre-pivot comm="systemd" exe="/usr/lib/systemd/systemd" hostname=? addr=? terminal=? res=success'
[   12.388613] audit: type=1131 audit(1549927074.019:22): pid=1 uid=0 auid=4294967295 ses=4294967295 subj=kernel msg='unit=dracut-pre-pivot comm="systemd" exe="/usr/lib/systemd/systemd" hostname=? addr=? terminal=? res=success'
[   12.477835] systemd-journald[307]: Received SIGTERM from PID 1 (systemd).
[   12.507991] printk: systemd: 14 output lines suppressed due to ratelimiting
[   12.968184] SELinux:  Class xdp_socket not defined in policy.
[   12.968185] SELinux: the above unknown classes and permissions will be allowed
[   12.968188] SELinux:  policy capability network_peer_controls=1
[   12.968188] SELinux:  policy capability open_perms=1
[   12.968189] SELinux:  policy capability extended_socket_class=1
[   12.968189] SELinux:  policy capability always_check_network=0
[   12.968190] SELinux:  policy capability cgroup_seclabel=1
[   12.968190] SELinux:  policy capability nnp_nosuid_transition=1
[   12.989907] systemd[1]: Successfully loaded SELinux policy in 400.404ms.
[   13.027043] systemd[1]: Relabelled /dev, /run and /sys/fs/cgroup in 23.827ms.
[   13.029286] systemd[1]: systemd 239 running in system mode. (+PAM +AUDIT +SELINUX +IMA -APPARMOR +SMACK +SYSVINIT +UTMP +LIBCRYPTSETUP +GCRYPT +GNUTLS +ACL +XZ +LZ4 +SECCOMP +BLKID +ELFUTILS +KMOD +IDN2 -IDN +PCRE2 default-hierarchy=hybrid)
[   13.041483] systemd[1]: Detected architecture x86-64.
[   13.043116] systemd[1]: Set hostname to <im-mac>.
[   13.067932] systemd-sysv-generator[905]: stat() failed on /etc/rc.d/init.d/jexec, ignoring: No such file or directory
[   13.233730] systemd[1]: Stopped Switch Root.
[   13.233935] systemd[1]: systemd-journald.service: Service has no hold-off time (RestartSec=0), scheduling restart.
[   13.233995] systemd[1]: systemd-journald.service: Scheduled restart job, restart counter is at 1.
[   13.234013] systemd[1]: Stopped Journal Service.
[   13.234948] systemd[1]: Starting Journal Service...
[   13.235271] systemd[1]: Created slice system-sshd\x2dkeygen.slice.
[   13.235476] systemd[1]: Created slice Virtual Machine and Container Slice.
[   13.242560] Adding 4194300k swap on /dev/mapper/im--mac-swap.  Priority:-2 extents:1 across:4194300k SSFS
[   13.280412] systemd-journald[911]: Received request to flush runtime journal from PID 1
[   13.487085] smbus_hc ACPI0001:00: SBS HC: offset = 0x20, query_bit = 0x10
[   13.491791] apple_gmux: gmux device not present
[   13.500287] ACPI Warning: SystemIO range 0x0000000000000840-0x000000000000084F conflicts with OpRegion 0x0000000000000800-0x0000000000000863 (\GPIO) (20181213/utaddress-213)
[   13.500292] ACPI: If an ACPI driver is available for this device, you should use it instead of the native driver
[   13.500293] ACPI Warning: SystemIO range 0x0000000000000830-0x000000000000083F conflicts with OpRegion 0x0000000000000800-0x0000000000000863 (\GPIO) (20181213/utaddress-213)
[   13.500297] ACPI: If an ACPI driver is available for this device, you should use it instead of the native driver
[   13.500298] ACPI Warning: SystemIO range 0x0000000000000800-0x000000000000082F conflicts with OpRegion 0x0000000000000810-0x0000000000000813 (\_PR.IO_D) (20181213/utaddress-213)
[   13.500301] ACPI Warning: SystemIO range 0x0000000000000800-0x000000000000082F conflicts with OpRegion 0x0000000000000800-0x0000000000000863 (\GPIO) (20181213/utaddress-213)
[   13.500304] ACPI Warning: SystemIO range 0x0000000000000800-0x000000000000082F conflicts with OpRegion 0x0000000000000810-0x0000000000000813 (\IO_D) (20181213/utaddress-213)
[   13.500307] ACPI Warning: SystemIO range 0x0000000000000800-0x000000000000082F conflicts with OpRegion 0x0000000000000800-0x000000000000080F (\IO_T) (20181213/utaddress-213)
[   13.500311] ACPI: If an ACPI driver is available for this device, you should use it instead of the native driver
[   13.500311] lpc_ich: Resource conflict(s) found affecting gpio_ich
[   13.502369] i801_smbus 0000:00:1f.3: SPD Write Disable is set
[   13.502406] i801_smbus 0000:00:1f.3: SMBus using PCI interrupt
[   13.568712] thunderbolt 0000:07:00.0: 0:1: is unplugged (state: 7)
[   13.568993] thunderbolt 0000:07:00.0: 0:3: is unplugged (state: 7)
[   13.591072] input: bcm5974 as /devices/pci0000:00/0000:00:14.0/usb1/1-12/1-12:1.2/input/input8
[   13.591251] usbcore: registered new interface driver bcm5974
[   13.644763] ACPI: Smart Battery System [SBS0]: Battery Slot [BAT0] (battery present)
[   13.723888] snd_hda_intel 0000:00:03.0: Linked as a consumer to 0000:00:02.0
[   13.723933] snd_hda_intel 0000:00:03.0: bound 0000:00:02.0 (ops i915_audio_component_bind_ops [i915])
[   13.747575] input: HDA Intel HDMI HDMI/DP,pcm=3 as /devices/pci0000:00/0000:00:03.0/sound/card0/input9
[   13.747619] input: HDA Intel HDMI HDMI/DP,pcm=7 as /devices/pci0000:00/0000:00:03.0/sound/card0/input10
[   13.747654] input: HDA Intel HDMI HDMI/DP,pcm=8 as /devices/pci0000:00/0000:00:03.0/sound/card0/input11
[   13.747689] input: HDA Intel HDMI HDMI/DP,pcm=9 as /devices/pci0000:00/0000:00:03.0/sound/card0/input12
[   13.747723] input: HDA Intel HDMI HDMI/DP,pcm=10 as /devices/pci0000:00/0000:00:03.0/sound/card0/input13
[   13.747872] RAPL PMU: API unit is 2^-32 Joules, 4 fixed counters, 655360 ms ovfl timer
[   13.747873] RAPL PMU: hw unit of domain pp0-core 2^-14 Joules
[   13.747874] RAPL PMU: hw unit of domain package 2^-14 Joules
[   13.747874] RAPL PMU: hw unit of domain dram 2^-14 Joules
[   13.747875] RAPL PMU: hw unit of domain pp1-gpu 2^-14 Joules
[   13.748660] snd_hda_codec_cirrus hdaudioC1D0: autoconfig for CS4208: line_outs=2 (0x12/0x13/0x0/0x0/0x0) type:speaker
[   13.748662] snd_hda_codec_cirrus hdaudioC1D0:    speaker_outs=0 (0x0/0x0/0x0/0x0/0x0)
[   13.748664] snd_hda_codec_cirrus hdaudioC1D0:    hp_outs=1 (0x10/0x0/0x0/0x0/0x0)
[   13.748665] snd_hda_codec_cirrus hdaudioC1D0:    mono: mono_out=0x0
[   13.748666] snd_hda_codec_cirrus hdaudioC1D0:    dig-out=0x21/0x0
[   13.748667] snd_hda_codec_cirrus hdaudioC1D0:    inputs:
[   13.748669] snd_hda_codec_cirrus hdaudioC1D0:      Internal Mic=0x1c
[   13.748670] snd_hda_codec_cirrus hdaudioC1D0:      Mic=0x18
[   13.756981] input: HDA Intel PCH Mic as /devices/pci0000:00/0000:00:1b.0/sound/card1/input14
[   13.757028] input: HDA Intel PCH Headphone as /devices/pci0000:00/0000:00:1b.0/sound/card1/input15
[   13.757069] input: HDA Intel PCH SPDIF as /devices/pci0000:00/0000:00:1b.0/sound/card1/input16
[   13.764565] cfg80211: Loading compiled-in X.509 certificates for regulatory database
[   13.765436] cfg80211: Loaded X.509 cert 'sforshee: 00b28ddf47aef9cea7'
[   13.795558] Bluetooth: Core ver 2.22
[   13.795579] NET: Registered protocol family 31
[   13.795580] Bluetooth: HCI device and connection manager initialized
[   13.795583] Bluetooth: HCI socket layer initialized
[   13.795585] Bluetooth: L2CAP socket layer initialized
[   13.795589] Bluetooth: SCO socket layer initialized
[   13.834610] usbcore: registered new interface driver btusb
[   13.918879] applesmc: key=719 fan=2 temp=48 index=43 acc=0 lux=2 kbd=1
[   13.922285] iTCO_vendor_support: vendor-support=0
[   13.942926] iTCO_wdt: Intel TCO WatchDog Timer Driver v1.11
[   13.942982] iTCO_wdt: unable to reset NO_REBOOT flag, device disabled by hardware/BIOS
[   13.974105] applesmc applesmc.768: hwmon_device_register() is deprecated. Please convert the driver to use hwmon_device_register_with_info().
[   13.975849] Bluetooth: hci0: BCM: chip id 102 build 0715
[   13.976842] Bluetooth: hci0: BCM: product 05ac:8290
[   13.977841] Bluetooth: hci0: BCM: features 0x2f
[   13.979730] usbcore: registered new interface driver brcmfmac
[   13.993865] Bluetooth: hci0: im-mac
[   14.044988] intel_rapl: Found RAPL domain package
[   14.044990] intel_rapl: Found RAPL domain core
[   14.044990] intel_rapl: Found RAPL domain uncore
[   14.044991] intel_rapl: Found RAPL domain dram
[   14.085737] brcmfmac: brcmf_fw_alloc_request: using brcm/brcmfmac43602-pcie for chip BCM43602/1
[   14.089618] brcmfmac 0000:03:00.0: Direct firmware load for brcm/brcmfmac43602-pcie.Apple Inc.-MacBookPro11,4.txt failed with error -2
[   14.089628] brcmfmac 0000:03:00.0: Direct firmware load for brcm/brcmfmac43602-pcie.txt failed with error -2
[   14.116498] XFS (dm-3): Mounting V5 Filesystem
[   14.116499] XFS (dm-4): Mounting V5 Filesystem
[   14.117733] XFS (sda3): Mounting V5 Filesystem
[   14.132869] XFS (dm-4): Ending clean mount
[   14.133181] XFS (dm-3): Ending clean mount
[   14.142223] XFS (sda3): Ending clean mount
[   14.434314] Bluetooth: BNEP (Ethernet Emulation) ver 1.3
[   14.434315] Bluetooth: BNEP filters: protocol multicast
[   14.434326] Bluetooth: BNEP socket layer initialized
[   14.601997] brcmfmac: brcmf_fw_alloc_request: using brcm/brcmfmac43602-pcie for chip BCM43602/1
[   14.602157] brcmfmac 0000:03:00.0: Direct firmware load for brcm/brcmfmac43602-pcie.clm_blob failed with error -2
[   14.602158] brcmfmac: brcmf_c_process_clm_blob: no clm_blob available (err=-2), device may have limited channels available
[   14.602702] brcmfmac: brcmf_c_preinit_dcmds: Firmware: BCM43602/1 wl0: Nov 10 2015 06:38:10 version 7.35.177.61 (r598657) FWID 01-ea662a8c
[   14.655528] brcmfmac 0000:03:00.0 wlp3s0: renamed from wlan0
[   15.877955] tun: Universal TUN/TAP device driver, 1.6
[   15.879369] virbr0: port 1(virbr0-nic) entered blocking state
[   15.879374] virbr0: port 1(virbr0-nic) entered disabled state
[   15.879429] device virbr0-nic entered promiscuous mode
[   16.079243] virbr0: port 1(virbr0-nic) entered blocking state
[   16.079244] virbr0: port 1(virbr0-nic) entered listening state
[   16.130255] virbr0: port 1(virbr0-nic) entered disabled state
[   23.106870] Bluetooth: RFCOMM TTY layer initialized
[   23.106878] Bluetooth: RFCOMM socket layer initialized
[   23.106931] Bluetooth: RFCOMM ver 1.11
[   23.295374] fuse init (API version 7.28)
[   24.107571] IPv6: ADDRCONF(NETDEV_CHANGE): wlp3s0: link becomes ready
[   24.452625] rfkill: input handler disabled
[   29.418677] brcmfmac: brcmf_inetaddr_changed: fail to get arp ip table err:-52
[   95.686300] xhci_hcd 0000:00:14.0: ep 0x82 - asked for 65 bytes, 55 bytes untransferred
[   95.830378] xhci_hcd 0000:00:14.0: ep 0x82 - asked for 65 bytes, 55 bytes untransferred
[   95.894322] xhci_hcd 0000:00:14.0: ep 0x82 - asked for 65 bytes, 55 bytes untransferred
[   95.918312] xhci_hcd 0000:00:14.0: ep 0x82 - asked for 65 bytes, 55 bytes untransferred
[   96.327468] xhci_hcd 0000:00:14.0: ep 0x81 - asked for 96 bytes, 78 bytes untransferred
[   96.327478] xhci_hcd 0000:00:14.0: Giveback URB 00000000d37f9d01, len = 18, expected = 96, status = 0
[   96.327547] xhci_hcd 0000:00:14.0: Stalled endpoint for slot 2 ep 2
[   96.327557] xhci_hcd 0000:00:14.0: Cleaning up stalled endpoint ring
[   96.327560] xhci_hcd 0000:00:14.0: Finding endpoint context
[   96.327564] xhci_hcd 0000:00:14.0: Cycle state = 0x1
[   96.327567] xhci_hcd 0000:00:14.0: New dequeue segment = 00000000e3457b9b (virtual)
[   96.327571] xhci_hcd 0000:00:14.0: New dequeue pointer = 0x45a185580 (DMA)
[   96.327574] xhci_hcd 0000:00:14.0: Queueing new dequeue state
[   96.327579] xhci_hcd 0000:00:14.0: Set TR Deq Ptr cmd, new deq seg = 00000000e3457b9b (0x45a185000 dma), new deq ptr = 0000000090eea427 (0x45a185580 dma), new cycle = 1
[   96.327582] xhci_hcd 0000:00:14.0: // Ding dong!
[   96.327593] xhci_hcd 0000:00:14.0: Giveback URB 0000000068d8c0bc, len = 0, expected = 13, status = -32
[   96.327602] xhci_hcd 0000:00:14.0: Ignoring reset ep completion code of 1
[   96.327607] xhci_hcd 0000:00:14.0: Successful Set TR Deq Ptr cmd, deq = @45a185580
[   97.206393] xhci_hcd 0000:00:14.0: ep 0x82 - asked for 65 bytes, 55 bytes untransferred
[   97.374343] xhci_hcd 0000:00:14.0: ep 0x82 - asked for 65 bytes, 55 bytes untransferred
[   97.438339] xhci_hcd 0000:00:14.0: ep 0x82 - asked for 65 bytes, 55 bytes untransferred
[   97.454298] xhci_hcd 0000:00:14.0: ep 0x82 - asked for 65 bytes, 55 bytes untransferred
[   98.375400] xhci_hcd 0000:00:14.0: ep 0x81 - asked for 96 bytes, 78 bytes untransferred
[   98.375411] xhci_hcd 0000:00:14.0: Giveback URB 00000000824ffeb5, len = 18, expected = 96, status = 0
[   98.375510] xhci_hcd 0000:00:14.0: Stalled endpoint for slot 2 ep 2
[   98.375524] xhci_hcd 0000:00:14.0: Cleaning up stalled endpoint ring
[   98.375528] xhci_hcd 0000:00:14.0: Finding endpoint context
[   98.375533] xhci_hcd 0000:00:14.0: Cycle state = 0x1
[   98.375537] xhci_hcd 0000:00:14.0: New dequeue segment = 00000000e3457b9b (virtual)
[   98.375541] xhci_hcd 0000:00:14.0: New dequeue pointer = 0x45a1855c0 (DMA)
[   98.375545] xhci_hcd 0000:00:14.0: Queueing new dequeue state
[   98.375550] xhci_hcd 0000:00:14.0: Set TR Deq Ptr cmd, new deq seg = 00000000e3457b9b (0x45a185000 dma), new deq ptr = 00000000fa482cce (0x45a1855c0 dma), new cycle = 1
[   98.375554] xhci_hcd 0000:00:14.0: // Ding dong!
[   98.375566] xhci_hcd 0000:00:14.0: Giveback URB 0000000068d8c0bc, len = 0, expected = 13, status = -32
[   98.375578] xhci_hcd 0000:00:14.0: Ignoring reset ep completion code of 1
[   98.375584] xhci_hcd 0000:00:14.0: Successful Set TR Deq Ptr cmd, deq = @45a1855c0
[  100.423537] xhci_hcd 0000:00:14.0: ep 0x81 - asked for 96 bytes, 78 bytes untransferred
[  100.423552] xhci_hcd 0000:00:14.0: Giveback URB 00000000d37f9d01, len = 18, expected = 96, status = 0
[  100.423687] xhci_hcd 0000:00:14.0: Stalled endpoint for slot 2 ep 2
[  100.423705] xhci_hcd 0000:00:14.0: Cleaning up stalled endpoint ring
[  100.423728] xhci_hcd 0000:00:14.0: Finding endpoint context
[  100.423734] xhci_hcd 0000:00:14.0: Cycle state = 0x1
[  100.423740] xhci_hcd 0000:00:14.0: New dequeue segment = 00000000e3457b9b (virtual)
[  100.423746] xhci_hcd 0000:00:14.0: New dequeue pointer = 0x45a185600 (DMA)
[  100.423754] xhci_hcd 0000:00:14.0: Queueing new dequeue state
[  100.423761] xhci_hcd 0000:00:14.0: Set TR Deq Ptr cmd, new deq seg = 00000000e3457b9b (0x45a185000 dma), new deq ptr = 00000000264e4360 (0x45a185600 dma), new cycle = 1
[  100.423769] xhci_hcd 0000:00:14.0: // Ding dong!
[  100.423786] xhci_hcd 0000:00:14.0: Giveback URB 0000000068d8c0bc, len = 0, expected = 13, status = -32
[  100.423810] xhci_hcd 0000:00:14.0: Ignoring reset ep completion code of 1
[  100.423822] xhci_hcd 0000:00:14.0: Successful Set TR Deq Ptr cmd, deq = @45a185600
[  101.214413] xhci_hcd 0000:00:14.0: ep 0x82 - asked for 65 bytes, 55 bytes untransferred
[  101.294404] xhci_hcd 0000:00:14.0: ep 0x82 - asked for 65 bytes, 55 bytes untransferred
[  101.342359] xhci_hcd 0000:00:14.0: ep 0x82 - asked for 65 bytes, 55 bytes untransferred
[  101.350331] xhci_hcd 0000:00:14.0: ep 0x82 - asked for 65 bytes, 55 bytes untransferred
[  102.014419] xhci_hcd 0000:00:14.0: ep 0x82 - asked for 65 bytes, 55 bytes untransferred
[  102.078426] xhci_hcd 0000:00:14.0: ep 0x82 - asked for 65 bytes, 55 bytes untransferred
[  102.118369] xhci_hcd 0000:00:14.0: ep 0x82 - asked for 65 bytes, 55 bytes untransferred
[  102.126357] xhci_hcd 0000:00:14.0: ep 0x82 - asked for 65 bytes, 55 bytes untransferred
[  102.302410] xhci_hcd 0000:00:14.0: ep 0x82 - asked for 65 bytes, 55 bytes untransferred
[  102.350336] xhci_hcd 0000:00:14.0: ep 0x82 - asked for 65 bytes, 55 bytes untransferred
[  102.406349] xhci_hcd 0000:00:14.0: ep 0x82 - asked for 65 bytes, 55 bytes untransferred
[  102.414376] xhci_hcd 0000:00:14.0: ep 0x82 - asked for 65 bytes, 55 bytes untransferred
[  102.471378] xhci_hcd 0000:00:14.0: ep 0x81 - asked for 96 bytes, 78 bytes untransferred
[  102.471394] xhci_hcd 0000:00:14.0: Giveback URB 00000000b1b3f006, len = 18, expected = 96, status = 0
[  102.471460] xhci_hcd 0000:00:14.0: Stalled endpoint for slot 2 ep 2
[  102.471468] xhci_hcd 0000:00:14.0: Cleaning up stalled endpoint ring
[  102.471473] xhci_hcd 0000:00:14.0: Finding endpoint context
[  102.471475] xhci_hcd 0000:00:14.0: Cycle state = 0x1
[  102.471478] xhci_hcd 0000:00:14.0: New dequeue segment = 00000000e3457b9b (virtual)
[  102.471482] xhci_hcd 0000:00:14.0: New dequeue pointer = 0x45a185640 (DMA)
[  102.471484] xhci_hcd 0000:00:14.0: Queueing new dequeue state
[  102.471487] xhci_hcd 0000:00:14.0: Set TR Deq Ptr cmd, new deq seg = 00000000e3457b9b (0x45a185000 dma), new deq ptr = 000000009481e61b (0x45a185640 dma), new cycle = 1
[  102.471489] xhci_hcd 0000:00:14.0: // Ding dong!
[  102.471499] xhci_hcd 0000:00:14.0: Giveback URB 0000000068d8c0bc, len = 0, expected = 13, status = -32
[  102.471507] xhci_hcd 0000:00:14.0: Ignoring reset ep completion code of 1
[  102.471512] xhci_hcd 0000:00:14.0: Successful Set TR Deq Ptr cmd, deq = @45a185640
[  103.062428] xhci_hcd 0000:00:14.0: ep 0x82 - asked for 65 bytes, 55 bytes untransferred
[  103.174372] xhci_hcd 0000:00:14.0: ep 0x82 - asked for 65 bytes, 55 bytes untransferred
[  103.238372] xhci_hcd 0000:00:14.0: ep 0x82 - asked for 65 bytes, 55 bytes untransferred
[  103.286367] xhci_hcd 0000:00:14.0: ep 0x82 - asked for 65 bytes, 55 bytes untransferred
[  104.046431] xhci_hcd 0000:00:14.0: ep 0x82 - asked for 65 bytes, 55 bytes untransferred
[  104.150419] xhci_hcd 0000:00:14.0: ep 0x82 - asked for 65 bytes, 55 bytes untransferred
[  104.206379] xhci_hcd 0000:00:14.0: ep 0x82 - asked for 65 bytes, 55 bytes untransferred
[  104.262398] xhci_hcd 0000:00:14.0: ep 0x82 - asked for 65 bytes, 55 bytes untransferred
[  104.519814] xhci_hcd 0000:00:14.0: ep 0x81 - asked for 96 bytes, 78 bytes untransferred
[  104.519824] xhci_hcd 0000:00:14.0: Giveback URB 00000000b1b3f006, len = 18, expected = 96, status = 0
[  104.519879] xhci_hcd 0000:00:14.0: Stalled endpoint for slot 2 ep 2
[  104.519886] xhci_hcd 0000:00:14.0: Cleaning up stalled endpoint ring
[  104.519890] xhci_hcd 0000:00:14.0: Finding endpoint context
[  104.519893] xhci_hcd 0000:00:14.0: Cycle state = 0x1
[  104.519896] xhci_hcd 0000:00:14.0: New dequeue segment = 00000000e3457b9b (virtual)
[  104.519900] xhci_hcd 0000:00:14.0: New dequeue pointer = 0x45a185680 (DMA)
[  104.519902] xhci_hcd 0000:00:14.0: Queueing new dequeue state
[  104.519907] xhci_hcd 0000:00:14.0: Set TR Deq Ptr cmd, new deq seg = 00000000e3457b9b (0x45a185000 dma), new deq ptr = 0000000001bdfe97 (0x45a185680 dma), new cycle = 1
[  104.519910] xhci_hcd 0000:00:14.0: // Ding dong!
[  104.519922] xhci_hcd 0000:00:14.0: Giveback URB 0000000068d8c0bc, len = 0, expected = 13, status = -32
[  104.519928] xhci_hcd 0000:00:14.0: Ignoring reset ep completion code of 1
[  104.519933] xhci_hcd 0000:00:14.0: Successful Set TR Deq Ptr cmd, deq = @45a185680
[  106.567705] xhci_hcd 0000:00:14.0: ep 0x81 - asked for 96 bytes, 78 bytes untransferred
[  106.567720] xhci_hcd 0000:00:14.0: Giveback URB 00000000b1b3f006, len = 18, expected = 96, status = 0
[  106.567811] xhci_hcd 0000:00:14.0: Stalled endpoint for slot 2 ep 2
[  106.567824] xhci_hcd 0000:00:14.0: Cleaning up stalled endpoint ring
[  106.567831] xhci_hcd 0000:00:14.0: Finding endpoint context
[  106.567837] xhci_hcd 0000:00:14.0: Cycle state = 0x1
[  106.567842] xhci_hcd 0000:00:14.0: New dequeue segment = 00000000e3457b9b (virtual)
[  106.567848] xhci_hcd 0000:00:14.0: New dequeue pointer = 0x45a1856c0 (DMA)
[  106.567853] xhci_hcd 0000:00:14.0: Queueing new dequeue state
[  106.567868] xhci_hcd 0000:00:14.0: Set TR Deq Ptr cmd, new deq seg = 00000000e3457b9b (0x45a185000 dma), new deq ptr = 000000001747fc8a (0x45a1856c0 dma), new cycle = 1
[  106.567875] xhci_hcd 0000:00:14.0: // Ding dong!
[  106.567889] xhci_hcd 0000:00:14.0: Giveback URB 0000000068d8c0bc, len = 0, expected = 13, status = -32
[  106.567902] xhci_hcd 0000:00:14.0: Ignoring reset ep completion code of 1
[  106.567911] xhci_hcd 0000:00:14.0: Successful Set TR Deq Ptr cmd, deq = @45a1856c0
[  108.615836] xhci_hcd 0000:00:14.0: ep 0x81 - asked for 96 bytes, 78 bytes untransferred
[  108.615848] xhci_hcd 0000:00:14.0: Giveback URB 00000000824ffeb5, len = 18, expected = 96, status = 0
[  108.615964] xhci_hcd 0000:00:14.0: Stalled endpoint for slot 2 ep 2
[  108.615977] xhci_hcd 0000:00:14.0: Cleaning up stalled endpoint ring
[  108.615983] xhci_hcd 0000:00:14.0: Finding endpoint context
[  108.615988] xhci_hcd 0000:00:14.0: Cycle state = 0x1
[  108.615994] xhci_hcd 0000:00:14.0: New dequeue segment = 00000000e3457b9b (virtual)
[  108.616000] xhci_hcd 0000:00:14.0: New dequeue pointer = 0x45a185700 (DMA)
[  108.616005] xhci_hcd 0000:00:14.0: Queueing new dequeue state
[  108.616012] xhci_hcd 0000:00:14.0: Set TR Deq Ptr cmd, new deq seg = 00000000e3457b9b (0x45a185000 dma), new deq ptr = 00000000c285c46f (0x45a185700 dma), new cycle = 1
[  108.616017] xhci_hcd 0000:00:14.0: // Ding dong!
[  108.616029] xhci_hcd 0000:00:14.0: Giveback URB 0000000068d8c0bc, len = 0, expected = 13, status = -32
[  108.616040] xhci_hcd 0000:00:14.0: Ignoring reset ep completion code of 1
[  108.616048] xhci_hcd 0000:00:14.0: Successful Set TR Deq Ptr cmd, deq = @45a185700
[  110.664048] xhci_hcd 0000:00:14.0: ep 0x81 - asked for 96 bytes, 78 bytes untransferred
[  110.664062] xhci_hcd 0000:00:14.0: Giveback URB 00000000b1b3f006, len = 18, expected = 96, status = 0
[  110.664146] xhci_hcd 0000:00:14.0: Stalled endpoint for slot 2 ep 2
[  110.664158] xhci_hcd 0000:00:14.0: Cleaning up stalled endpoint ring
[  110.664163] xhci_hcd 0000:00:14.0: Finding endpoint context
[  110.664167] xhci_hcd 0000:00:14.0: Cycle state = 0x1
[  110.664172] xhci_hcd 0000:00:14.0: New dequeue segment = 00000000e3457b9b (virtual)
[  110.664177] xhci_hcd 0000:00:14.0: New dequeue pointer = 0x45a185740 (DMA)
[  110.664182] xhci_hcd 0000:00:14.0: Queueing new dequeue state
[  110.664194] xhci_hcd 0000:00:14.0: Set TR Deq Ptr cmd, new deq seg = 00000000e3457b9b (0x45a185000 dma), new deq ptr = 00000000d4c9713a (0x45a185740 dma), new cycle = 1
[  110.664199] xhci_hcd 0000:00:14.0: // Ding dong!
[  110.664212] xhci_hcd 0000:00:14.0: Giveback URB 0000000068d8c0bc, len = 0, expected = 13, status = -32
[  110.664224] xhci_hcd 0000:00:14.0: Ignoring reset ep completion code of 1
[  110.664231] xhci_hcd 0000:00:14.0: Successful Set TR Deq Ptr cmd, deq = @45a185740
[  112.712293] xhci_hcd 0000:00:14.0: ep 0x81 - asked for 96 bytes, 78 bytes untransferred
[  112.712307] xhci_hcd 0000:00:14.0: Giveback URB 00000000b1b3f006, len = 18, expected = 96, status = 0
[  112.712409] xhci_hcd 0000:00:14.0: Stalled endpoint for slot 2 ep 2
[  112.712422] xhci_hcd 0000:00:14.0: Cleaning up stalled endpoint ring
[  112.712428] xhci_hcd 0000:00:14.0: Finding endpoint context
[  112.712433] xhci_hcd 0000:00:14.0: Cycle state = 0x1
[  112.712439] xhci_hcd 0000:00:14.0: New dequeue segment = 00000000e3457b9b (virtual)
[  112.712444] xhci_hcd 0000:00:14.0: New dequeue pointer = 0x45a185780 (DMA)
[  112.712449] xhci_hcd 0000:00:14.0: Queueing new dequeue state
[  112.712463] xhci_hcd 0000:00:14.0: Set TR Deq Ptr cmd, new deq seg = 00000000e3457b9b (0x45a185000 dma), new deq ptr = 0000000041741390 (0x45a185780 dma), new cycle = 1
[  112.712469] xhci_hcd 0000:00:14.0: // Ding dong!
[  112.712482] xhci_hcd 0000:00:14.0: Giveback URB 0000000068d8c0bc, len = 0, expected = 13, status = -32
[  112.712495] xhci_hcd 0000:00:14.0: Ignoring reset ep completion code of 1
[  112.712503] xhci_hcd 0000:00:14.0: Successful Set TR Deq Ptr cmd, deq = @45a185780
[  114.638472] xhci_hcd 0000:00:14.0: ep 0x82 - asked for 65 bytes, 55 bytes untransferred
[  114.760122] xhci_hcd 0000:00:14.0: ep 0x81 - asked for 96 bytes, 78 bytes untransferred
[  114.760129] xhci_hcd 0000:00:14.0: Giveback URB 00000000b1b3f006, len = 18, expected = 96, status = 0
[  114.760168] xhci_hcd 0000:00:14.0: Stalled endpoint for slot 2 ep 2
[  114.760173] xhci_hcd 0000:00:14.0: Cleaning up stalled endpoint ring
[  114.760175] xhci_hcd 0000:00:14.0: Finding endpoint context
[  114.760177] xhci_hcd 0000:00:14.0: Cycle state = 0x1
[  114.760179] xhci_hcd 0000:00:14.0: New dequeue segment = 00000000e3457b9b (virtual)
[  114.760181] xhci_hcd 0000:00:14.0: New dequeue pointer = 0x45a1857c0 (DMA)
[  114.760183] xhci_hcd 0000:00:14.0: Queueing new dequeue state
[  114.760186] xhci_hcd 0000:00:14.0: Set TR Deq Ptr cmd, new deq seg = 00000000e3457b9b (0x45a185000 dma), new deq ptr = 00000000b8a58b63 (0x45a1857c0 dma), new cycle = 1
[  114.760188] xhci_hcd 0000:00:14.0: // Ding dong!
[  114.760196] xhci_hcd 0000:00:14.0: Giveback URB 0000000068d8c0bc, len = 0, expected = 13, status = -32
[  114.760203] xhci_hcd 0000:00:14.0: Ignoring reset ep completion code of 1
[  114.760206] xhci_hcd 0000:00:14.0: Successful Set TR Deq Ptr cmd, deq = @45a1857c0
[  114.958436] xhci_hcd 0000:00:14.0: ep 0x82 - asked for 65 bytes, 55 bytes untransferred
[  114.998422] xhci_hcd 0000:00:14.0: ep 0x82 - asked for 65 bytes, 55 bytes untransferred
[  115.062432] xhci_hcd 0000:00:14.0: ep 0x82 - asked for 65 bytes, 55 bytes untransferred
[  116.030497] xhci_hcd 0000:00:14.0: ep 0x82 - asked for 65 bytes, 55 bytes untransferred
[  116.086449] xhci_hcd 0000:00:14.0: ep 0x82 - asked for 65 bytes, 55 bytes untransferred
[  116.166485] xhci_hcd 0000:00:14.0: ep 0x82 - asked for 65 bytes, 55 bytes untransferred
[  116.238444] xhci_hcd 0000:00:14.0: ep 0x82 - asked for 65 bytes, 55 bytes untransferred
[  116.270442] xhci_hcd 0000:00:14.0: ep 0x82 - asked for 65 bytes, 55 bytes untransferred
[  116.326458] xhci_hcd 0000:00:14.0: ep 0x82 - asked for 65 bytes, 55 bytes untransferred
[  116.414490] xhci_hcd 0000:00:14.0: ep 0x82 - asked for 65 bytes, 55 bytes untransferred
[  116.446454] xhci_hcd 0000:00:14.0: ep 0x82 - asked for 65 bytes, 55 bytes untransferred
[  116.542447] xhci_hcd 0000:00:14.0: ep 0x82 - asked for 65 bytes, 55 bytes untransferred
[  116.598452] xhci_hcd 0000:00:14.0: ep 0x82 - asked for 65 bytes, 55 bytes untransferred
[  116.654442] xhci_hcd 0000:00:14.0: ep 0x82 - asked for 65 bytes, 55 bytes untransferred
[  116.686476] xhci_hcd 0000:00:14.0: ep 0x82 - asked for 65 bytes, 55 bytes untransferred
[  116.758447] xhci_hcd 0000:00:14.0: ep 0x82 - asked for 65 bytes, 55 bytes untransferred
[  116.798442] xhci_hcd 0000:00:14.0: ep 0x82 - asked for 65 bytes, 55 bytes untransferred
[  116.808006] xhci_hcd 0000:00:14.0: ep 0x81 - asked for 96 bytes, 78 bytes untransferred
[  116.808012] xhci_hcd 0000:00:14.0: Giveback URB 000000009382bf72, len = 18, expected = 96, status = 0
[  116.808057] xhci_hcd 0000:00:14.0: Stalled endpoint for slot 2 ep 2
[  116.808066] xhci_hcd 0000:00:14.0: Cleaning up stalled endpoint ring
[  116.808070] xhci_hcd 0000:00:14.0: Finding endpoint context
[  116.808073] xhci_hcd 0000:00:14.0: Cycle state = 0x1
[  116.808076] xhci_hcd 0000:00:14.0: New dequeue segment = 00000000e3457b9b (virtual)
[  116.808080] xhci_hcd 0000:00:14.0: New dequeue pointer = 0x45a185800 (DMA)
[  116.808083] xhci_hcd 0000:00:14.0: Queueing new dequeue state
[  116.808088] xhci_hcd 0000:00:14.0: Set TR Deq Ptr cmd, new deq seg = 00000000e3457b9b (0x45a185000 dma), new deq ptr = 00000000fcb43fee (0x45a185800 dma), new cycle = 1
[  116.808092] xhci_hcd 0000:00:14.0: // Ding dong!
[  116.808104] xhci_hcd 0000:00:14.0: Giveback URB 0000000068d8c0bc, len = 0, expected = 13, status = -32
[  116.808110] xhci_hcd 0000:00:14.0: Ignoring reset ep completion code of 1
[  116.808115] xhci_hcd 0000:00:14.0: Successful Set TR Deq Ptr cmd, deq = @45a185800
[  117.262496] xhci_hcd 0000:00:14.0: ep 0x82 - asked for 65 bytes, 55 bytes untransferred
[  117.382447] xhci_hcd 0000:00:14.0: ep 0x82 - asked for 65 bytes, 55 bytes untransferred
[  117.446443] xhci_hcd 0000:00:14.0: ep 0x82 - asked for 65 bytes, 55 bytes untransferred
[  117.526511] xhci_hcd 0000:00:14.0: ep 0x82 - asked for 65 bytes, 55 bytes untransferred
[  117.582447] xhci_hcd 0000:00:14.0: ep 0x82 - asked for 65 bytes, 55 bytes untransferred
[  117.590434] xhci_hcd 0000:00:14.0: ep 0x82 - asked for 65 bytes, 55 bytes untransferred
[  117.758503] xhci_hcd 0000:00:14.0: ep 0x82 - asked for 65 bytes, 55 bytes untransferred
[  117.838494] xhci_hcd 0000:00:14.0: ep 0x82 - asked for 65 bytes, 55 bytes untransferred
[  118.038515] xhci_hcd 0000:00:14.0: ep 0x82 - asked for 65 bytes, 55 bytes untransferred
[  118.142497] xhci_hcd 0000:00:14.0: ep 0x82 - asked for 65 bytes, 55 bytes untransferred
[  118.198457] xhci_hcd 0000:00:14.0: ep 0x82 - asked for 65 bytes, 55 bytes untransferred
[  118.238498] xhci_hcd 0000:00:14.0: ep 0x82 - asked for 65 bytes, 55 bytes untransferred
[  118.694510] xhci_hcd 0000:00:14.0: ep 0x82 - asked for 65 bytes, 55 bytes untransferred
[  118.750463] xhci_hcd 0000:00:14.0: ep 0x82 - asked for 65 bytes, 55 bytes untransferred
[  118.838503] xhci_hcd 0000:00:14.0: ep 0x82 - asked for 65 bytes, 55 bytes untransferred
[  118.856120] xhci_hcd 0000:00:14.0: ep 0x81 - asked for 96 bytes, 78 bytes untransferred
[  118.856128] xhci_hcd 0000:00:14.0: Giveback URB 000000009382bf72, len = 18, expected = 96, status = 0
[  118.856170] xhci_hcd 0000:00:14.0: Stalled endpoint for slot 2 ep 2
[  118.856176] xhci_hcd 0000:00:14.0: Cleaning up stalled endpoint ring
[  118.856178] xhci_hcd 0000:00:14.0: Finding endpoint context
[  118.856181] xhci_hcd 0000:00:14.0: Cycle state = 0x1
[  118.856183] xhci_hcd 0000:00:14.0: New dequeue segment = 00000000e3457b9b (virtual)
[  118.856185] xhci_hcd 0000:00:14.0: New dequeue pointer = 0x45a185840 (DMA)
[  118.856187] xhci_hcd 0000:00:14.0: Queueing new dequeue state
[  118.856190] xhci_hcd 0000:00:14.0: Set TR Deq Ptr cmd, new deq seg = 00000000e3457b9b (0x45a185000 dma), new deq ptr = 00000000ca8c4fa4 (0x45a185840 dma), new cycle = 1
[  118.856192] xhci_hcd 0000:00:14.0: // Ding dong!
[  118.856201] xhci_hcd 0000:00:14.0: Giveback URB 0000000068d8c0bc, len = 0, expected = 13, status = -32
[  118.856205] xhci_hcd 0000:00:14.0: Ignoring reset ep completion code of 1
[  118.856208] xhci_hcd 0000:00:14.0: Successful Set TR Deq Ptr cmd, deq = @45a185840
[  118.902453] xhci_hcd 0000:00:14.0: ep 0x82 - asked for 65 bytes, 55 bytes untransferred
[  119.206506] xhci_hcd 0000:00:14.0: ep 0x82 - asked for 65 bytes, 55 bytes untransferred
[  119.270444] xhci_hcd 0000:00:14.0: ep 0x82 - asked for 65 bytes, 55 bytes untransferred
[  119.302453] xhci_hcd 0000:00:14.0: ep 0x82 - asked for 65 bytes, 55 bytes untransferred
[  119.358455] xhci_hcd 0000:00:14.0: ep 0x82 - asked for 65 bytes, 55 bytes untransferred
[  119.366427] xhci_hcd 0000:00:14.0: ep 0x82 - asked for 65 bytes, 55 bytes untransferred
[  119.414423] xhci_hcd 0000:00:14.0: ep 0x82 - asked for 65 bytes, 55 bytes untransferred
[  120.142510] xhci_hcd 0000:00:14.0: ep 0x82 - asked for 65 bytes, 55 bytes untransferred
[  120.174466] xhci_hcd 0000:00:14.0: ep 0x82 - asked for 65 bytes, 55 bytes untransferred
[  120.190459] xhci_hcd 0000:00:14.0: ep 0x82 - asked for 65 bytes, 55 bytes untransferred
[  120.238478] xhci_hcd 0000:00:14.0: ep 0x82 - asked for 65 bytes, 55 bytes untransferred
[  120.886528] xhci_hcd 0000:00:14.0: ep 0x82 - asked for 65 bytes, 55 bytes untransferred
[  120.904425] xhci_hcd 0000:00:14.0: ep 0x81 - asked for 96 bytes, 78 bytes untransferred
[  120.904436] xhci_hcd 0000:00:14.0: Giveback URB 000000009382bf72, len = 18, expected = 96, status = 0
[  120.904500] xhci_hcd 0000:00:14.0: Stalled endpoint for slot 2 ep 2
[  120.904509] xhci_hcd 0000:00:14.0: Cleaning up stalled endpoint ring
[  120.904513] xhci_hcd 0000:00:14.0: Finding endpoint context
[  120.904517] xhci_hcd 0000:00:14.0: Cycle state = 0x1
[  120.904520] xhci_hcd 0000:00:14.0: New dequeue segment = 00000000e3457b9b (virtual)
[  120.904524] xhci_hcd 0000:00:14.0: New dequeue pointer = 0x45a185880 (DMA)
[  120.904527] xhci_hcd 0000:00:14.0: Queueing new dequeue state
[  120.904532] xhci_hcd 0000:00:14.0: Set TR Deq Ptr cmd, new deq seg = 00000000e3457b9b (0x45a185000 dma), new deq ptr = 000000005814de94 (0x45a185880 dma), new cycle = 1
[  120.904540] xhci_hcd 0000:00:14.0: // Ding dong!
[  120.904551] xhci_hcd 0000:00:14.0: Giveback URB 0000000068d8c0bc, len = 0, expected = 13, status = -32
[  120.904559] xhci_hcd 0000:00:14.0: Ignoring reset ep completion code of 1
[  120.904564] xhci_hcd 0000:00:14.0: Successful Set TR Deq Ptr cmd, deq = @45a185880
[  120.934467] xhci_hcd 0000:00:14.0: ep 0x82 - asked for 65 bytes, 55 bytes untransferred
[  121.038513] xhci_hcd 0000:00:14.0: ep 0x82 - asked for 65 bytes, 55 bytes untransferred
[  121.086465] xhci_hcd 0000:00:14.0: ep 0x82 - asked for 65 bytes, 55 bytes untransferred
[  121.158468] xhci_hcd 0000:00:14.0: ep 0x82 - asked for 65 bytes, 55 bytes untransferred
[  121.206469] xhci_hcd 0000:00:14.0: ep 0x82 - asked for 65 bytes, 55 bytes untransferred
[  121.334523] xhci_hcd 0000:00:14.0: ep 0x82 - asked for 65 bytes, 55 bytes untransferred
[  121.382469] xhci_hcd 0000:00:14.0: ep 0x82 - asked for 65 bytes, 55 bytes untransferred
[  121.734525] xhci_hcd 0000:00:14.0: ep 0x82 - asked for 65 bytes, 55 bytes untransferred
[  121.974532] xhci_hcd 0000:00:14.0: ep 0x82 - asked for 65 bytes, 55 bytes untransferred
[  122.022489] xhci_hcd 0000:00:14.0: ep 0x82 - asked for 65 bytes, 55 bytes untransferred
[  122.038461] xhci_hcd 0000:00:14.0: ep 0x82 - asked for 65 bytes, 55 bytes untransferred
[  122.952632] xhci_hcd 0000:00:14.0: ep 0x81 - asked for 96 bytes, 78 bytes untransferred
[  122.952645] xhci_hcd 0000:00:14.0: Giveback URB 000000009382bf72, len = 18, expected = 96, status = 0
[  122.952694] xhci_hcd 0000:00:14.0: Stalled endpoint for slot 2 ep 2
[  122.952705] xhci_hcd 0000:00:14.0: Cleaning up stalled endpoint ring
[  122.952710] xhci_hcd 0000:00:14.0: Finding endpoint context
[  122.952714] xhci_hcd 0000:00:14.0: Cycle state = 0x1
[  122.952718] xhci_hcd 0000:00:14.0: New dequeue segment = 00000000e3457b9b (virtual)
[  122.952723] xhci_hcd 0000:00:14.0: New dequeue pointer = 0x45a1858c0 (DMA)
[  122.952727] xhci_hcd 0000:00:14.0: Queueing new dequeue state
[  122.952733] xhci_hcd 0000:00:14.0: Set TR Deq Ptr cmd, new deq seg = 00000000e3457b9b (0x45a185000 dma), new deq ptr = 000000001b201c53 (0x45a1858c0 dma), new cycle = 1
[  122.952738] xhci_hcd 0000:00:14.0: // Ding dong!
[  122.952749] xhci_hcd 0000:00:14.0: Giveback URB 0000000068d8c0bc, len = 0, expected = 13, status = -32
[  122.952758] xhci_hcd 0000:00:14.0: Ignoring reset ep completion code of 1
[  122.952764] xhci_hcd 0000:00:14.0: Successful Set TR Deq Ptr cmd, deq = @45a1858c0
[  123.518550] xhci_hcd 0000:00:14.0: ep 0x82 - asked for 65 bytes, 55 bytes untransferred
[  123.742533] xhci_hcd 0000:00:14.0: ep 0x82 - asked for 65 bytes, 55 bytes untransferred
[  123.806483] xhci_hcd 0000:00:14.0: ep 0x82 - asked for 65 bytes, 55 bytes untransferred
[  123.814484] xhci_hcd 0000:00:14.0: ep 0x82 - asked for 65 bytes, 55 bytes untransferred
[  124.262533] xhci_hcd 0000:00:14.0: ep 0x82 - asked for 65 bytes, 55 bytes untransferred
[  124.510540] xhci_hcd 0000:00:14.0: ep 0x82 - asked for 65 bytes, 55 bytes untransferred
