[    0.000000] microcode: microcode updated early to revision 0x1a, date = 2018-04-02
[    0.000000] Linux version 5.0.0-rc6+ (im@im-mac) (gcc version 8.2.1 20181215 (Red Hat 8.2.1-6) (GCC)) #1 SMP Thu Feb 14 21:56:23 +05 2019
[    0.000000] Command line: BOOT_IMAGE=/vmlinuz-5.0.0-rc6+ root=/dev/mapper/im--mac-root ro resume=/dev/mapper/im--mac-swap rd.lvm.lv=im-mac/root rd.luks.uuid=luks-dd1fa933-ef9f-402b-a2e4-7c9d6fb7ce0d rd.lvm.lv=im-mac/swap rhgb quiet hid_apple.fnmode=2 hid_apple.iso_layout=0
[    0.000000] x86/fpu: Supporting XSAVE feature 0x001: 'x87 floating point registers'
[    0.000000] x86/fpu: Supporting XSAVE feature 0x002: 'SSE registers'
[    0.000000] x86/fpu: Supporting XSAVE feature 0x004: 'AVX registers'
[    0.000000] x86/fpu: xstate_offset[2]:  576, xstate_sizes[2]:  256
[    0.000000] x86/fpu: Enabled xstate features 0x7, context size is 832 bytes, using 'standard' format.
[    0.000000] BIOS-provided physical RAM map:
[    0.000000] BIOS-e820: [mem 0x0000000000000000-0x0000000000057fff] usable
[    0.000000] BIOS-e820: [mem 0x0000000000058000-0x0000000000058fff] reserved
[    0.000000] BIOS-e820: [mem 0x0000000000059000-0x000000000009ffff] usable
[    0.000000] BIOS-e820: [mem 0x00000000000a0000-0x00000000000bffff] reserved
[    0.000000] BIOS-e820: [mem 0x0000000000100000-0x0000000078d00fff] usable
[    0.000000] BIOS-e820: [mem 0x0000000078d01000-0x0000000078d48fff] ACPI NVS
[    0.000000] BIOS-e820: [mem 0x0000000078d49000-0x0000000078d5cfff] usable
[    0.000000] BIOS-e820: [mem 0x0000000078d5d000-0x0000000078d8efff] ACPI data
[    0.000000] BIOS-e820: [mem 0x0000000078d8f000-0x0000000078e39fff] usable
[    0.000000] BIOS-e820: [mem 0x0000000078e3a000-0x0000000078e8efff] reserved
[    0.000000] BIOS-e820: [mem 0x0000000078e8f000-0x0000000078ecbfff] usable
[    0.000000] BIOS-e820: [mem 0x0000000078ecc000-0x0000000078efefff] reserved
[    0.000000] BIOS-e820: [mem 0x0000000078eff000-0x0000000078f84fff] usable
[    0.000000] BIOS-e820: [mem 0x0000000078f85000-0x0000000078fdefff] reserved
[    0.000000] BIOS-e820: [mem 0x0000000078fdf000-0x0000000078ffffff] usable
[    0.000000] BIOS-e820: [mem 0x0000000079000000-0x000000007f9fffff] reserved
[    0.000000] BIOS-e820: [mem 0x00000000e00f8000-0x00000000e00f8fff] reserved
[    0.000000] BIOS-e820: [mem 0x00000000fed1c000-0x00000000fed1ffff] reserved
[    0.000000] BIOS-e820: [mem 0x00000000ffd70000-0x00000000ffd9ffff] reserved
[    0.000000] BIOS-e820: [mem 0x0000000100000000-0x000000047f5fffff] usable
[    0.000000] NX (Execute Disable) protection: active
[    0.000000] e820: update [mem 0x66282710-0x66282ad2] usable ==> usable
[    0.000000] e820: update [mem 0x66282710-0x66282ad2] usable ==> usable
[    0.000000] extended physical RAM map:
[    0.000000] reserve setup_data: [mem 0x0000000000000000-0x0000000000057fff] usable
[    0.000000] reserve setup_data: [mem 0x0000000000058000-0x0000000000058fff] reserved
[    0.000000] reserve setup_data: [mem 0x0000000000059000-0x000000000009ffff] usable
[    0.000000] reserve setup_data: [mem 0x00000000000a0000-0x00000000000bffff] reserved
[    0.000000] reserve setup_data: [mem 0x0000000000100000-0x000000006628270f] usable
[    0.000000] reserve setup_data: [mem 0x0000000066282710-0x0000000066282ad2] usable
[    0.000000] reserve setup_data: [mem 0x0000000066282ad3-0x0000000078d00fff] usable
[    0.000000] reserve setup_data: [mem 0x0000000078d01000-0x0000000078d48fff] ACPI NVS
[    0.000000] reserve setup_data: [mem 0x0000000078d49000-0x0000000078d5cfff] usable
[    0.000000] reserve setup_data: [mem 0x0000000078d5d000-0x0000000078d8efff] ACPI data
[    0.000000] reserve setup_data: [mem 0x0000000078d8f000-0x0000000078e39fff] usable
[    0.000000] reserve setup_data: [mem 0x0000000078e3a000-0x0000000078e8efff] reserved
[    0.000000] reserve setup_data: [mem 0x0000000078e8f000-0x0000000078ecbfff] usable
[    0.000000] reserve setup_data: [mem 0x0000000078ecc000-0x0000000078efefff] reserved
[    0.000000] reserve setup_data: [mem 0x0000000078eff000-0x0000000078f84fff] usable
[    0.000000] reserve setup_data: [mem 0x0000000078f85000-0x0000000078fdefff] reserved
[    0.000000] reserve setup_data: [mem 0x0000000078fdf000-0x0000000078ffffff] usable
[    0.000000] reserve setup_data: [mem 0x0000000079000000-0x000000007f9fffff] reserved
[    0.000000] reserve setup_data: [mem 0x00000000e00f8000-0x00000000e00f8fff] reserved
[    0.000000] reserve setup_data: [mem 0x00000000fed1c000-0x00000000fed1ffff] reserved
[    0.000000] reserve setup_data: [mem 0x00000000ffd70000-0x00000000ffd9ffff] reserved
[    0.000000] reserve setup_data: [mem 0x0000000100000000-0x000000047f5fffff] usable
[    0.000000] efi: EFI v1.10 by Apple
[    0.000000] efi:  ACPI=0x78d8e000  ACPI 2.0=0x78d8e014  SMBIOS=0x78f8b000 
[    0.000000] SMBIOS 2.7 present.
[    0.000000] DMI: Apple Inc. MacBookPro11,4/Mac-06F11FD93F0323C5, BIOS MBP114.88Z.0184.B00.1806051659 06/05/2018
[    0.000000] tsc: Fast TSC calibration using PIT
[    0.000000] tsc: Detected 2194.921 MHz processor
[    0.000128] e820: update [mem 0x00000000-0x00000fff] usable ==> reserved
[    0.000129] e820: remove [mem 0x000a0000-0x000fffff] usable
[    0.000134] last_pfn = 0x47f600 max_arch_pfn = 0x400000000
[    0.000137] MTRR default type: write-back
[    0.000137] MTRR fixed ranges enabled:
[    0.000138]   00000-9FFFF write-back
[    0.000139]   A0000-BFFFF uncachable
[    0.000139]   C0000-DFFFF write-protect
[    0.000140]   E0000-FFFFF uncachable
[    0.000140] MTRR variable ranges enabled:
[    0.000141]   0 base 0080000000 mask 7F80000000 uncachable
[    0.000142]   1 base 007C000000 mask 7FFC000000 uncachable
[    0.000142]   2 base 007A000000 mask 7FFE000000 uncachable
[    0.000143]   3 base 0079000000 mask 7FFF000000 uncachable
[    0.000143]   4 disabled
[    0.000144]   5 disabled
[    0.000144]   6 disabled
[    0.000144]   7 disabled
[    0.000144]   8 disabled
[    0.000145]   9 disabled
[    0.009940] x86/PAT: Configuration [0-7]: WB  WC  UC- UC  WB  WP  UC- WT  
[    0.010035] last_pfn = 0x79000 max_arch_pfn = 0x400000000
[    0.021577] Base memory trampoline at [(____ptrval____)] 99000 size 24576
[    0.021580] Using GB pages for direct mapping
[    0.021582] BRK [0x445e01000, 0x445e01fff] PGTABLE
[    0.021583] BRK [0x445e02000, 0x445e02fff] PGTABLE
[    0.021584] BRK [0x445e03000, 0x445e03fff] PGTABLE
[    0.021605] BRK [0x445e04000, 0x445e04fff] PGTABLE
[    0.021606] BRK [0x445e05000, 0x445e05fff] PGTABLE
[    0.021657] BRK [0x445e06000, 0x445e06fff] PGTABLE
[    0.021670] BRK [0x445e07000, 0x445e07fff] PGTABLE
[    0.021706] BRK [0x445e08000, 0x445e08fff] PGTABLE
[    0.021789] Secure boot disabled
[    0.021790] RAMDISK: [mem 0x42ab9000-0x48561fff]
[    0.021801] ACPI: Early table checksum verification disabled
[    0.021803] ACPI: RSDP 0x0000000078D8E014 000024 (v02 APPLE )
[    0.021806] ACPI: XSDT 0x0000000078D8E1C0 0000A4 (v01 APPLE  Apple00  00000000      01000013)
[    0.021810] ACPI: FACP 0x0000000078D8C000 0000F4 (v05 APPLE  Apple00  00000000 Loki 0000005F)
[    0.021813] ACPI BIOS Warning (bug): 32/64X length mismatch in FADT/Gpe0Block: 128/0 (20181213/tbfadt-569)
[    0.021815] ACPI: DSDT 0x0000000078D7F000 007331 (v03 APPLE  MacBookP 00110004 INTL 20140424)
[    0.021817] ACPI: FACS 0x0000000078D06000 000040
[    0.021819] ACPI: FACS 0x0000000078D06000 000040
[    0.021820] ACPI: HPET 0x0000000078D8B000 000038 (v01 APPLE  Apple00  00000001 Loki 0000005F)
[    0.021822] ACPI: APIC 0x0000000078D8A000 0000BC (v02 APPLE  Apple00  00000001 Loki 0000005F)
[    0.021824] ACPI: SBST 0x0000000078D88000 000030 (v01 APPLE  Apple00  00000001 Loki 0000005F)
[    0.021825] ACPI: ECDT 0x0000000078D87000 000053 (v01 APPLE  Apple00  00000001 Loki 0000005F)
[    0.021827] ACPI: SSDT 0x0000000078D7E000 000024 (v01 APPLE  SataAhci 00001000 INTL 20140424)
[    0.021829] ACPI: SSDT 0x0000000078D7D000 000024 (v01 APPLE  SmcDppt  00001000 INTL 20140424)
[    0.021831] ACPI: SSDT 0x0000000078D7C000 000032 (v01 APPLE  SsdtS3   00001000 INTL 20140424)
[    0.021833] ACPI: SSDT 0x0000000078D68000 0086DA (v01 APPLE  TbtPEG11 00001000 INTL 20140424)
[    0.021835] ACPI: SSDT 0x0000000078D67000 0000B8 (v01 APPLE  Sdxc     00001000 INTL 20140424)
[    0.021836] ACPI: SSDT 0x0000000078D66000 000A7B (v02 APPLE  Xhci     00001000 INTL 20140424)
[    0.021838] ACPI: SSDT 0x0000000078D64000 000341 (v01 APPLE  PEG0SSD0 00001000 INTL 20140424)
[    0.021840] ACPI: SSDT 0x0000000078D5F000 00069C (v01 PmRef  Cpu0Ist  00003000 INTL 20140424)
[    0.021842] ACPI: SSDT 0x0000000078D5E000 000C17 (v01 CpuRef CpuSsdt  00003000 INTL 20140424)
[    0.021843] ACPI: DMAR 0x0000000078D5D000 000088 (v01 APPLE  BDW      00000001 INTL 00000001)
[    0.021845] ACPI: MCFG 0x0000000078D89000 00003C (v01 APPLE  Apple00  00000001 Loki 0000005F)
[    0.021850] ACPI: DMI detected to setup _OSI("Darwin"): Apple hardware
[    0.021852] ACPI: Local APIC address 0xfee00000
[    0.021923] No NUMA configuration found
[    0.021923] Faking a node at [mem 0x0000000000000000-0x000000047f5fffff]
[    0.021932] NODE_DATA(0) allocated [mem 0x47f5d5000-0x47f5fffff]
[    0.051902] Zone ranges:
[    0.051904]   DMA      [mem 0x0000000000001000-0x0000000000ffffff]
[    0.051905]   DMA32    [mem 0x0000000001000000-0x00000000ffffffff]
[    0.051906]   Normal   [mem 0x0000000100000000-0x000000047f5fffff]
[    0.051906]   Device   empty
[    0.051907] Movable zone start for each node
[    0.051909] Early memory node ranges
[    0.051910]   node   0: [mem 0x0000000000001000-0x0000000000057fff]
[    0.051910]   node   0: [mem 0x0000000000059000-0x000000000009ffff]
[    0.051911]   node   0: [mem 0x0000000000100000-0x0000000078d00fff]
[    0.051911]   node   0: [mem 0x0000000078d49000-0x0000000078d5cfff]
[    0.051912]   node   0: [mem 0x0000000078d8f000-0x0000000078e39fff]
[    0.051912]   node   0: [mem 0x0000000078e8f000-0x0000000078ecbfff]
[    0.051912]   node   0: [mem 0x0000000078eff000-0x0000000078f84fff]
[    0.051913]   node   0: [mem 0x0000000078fdf000-0x0000000078ffffff]
[    0.051913]   node   0: [mem 0x0000000100000000-0x000000047f5fffff]
[    0.052286] Zeroed struct page in unavailable ranges: 29118 pages
[    0.052287] Initmem setup node 0 [mem 0x0000000000001000-0x000000047f5fffff]
[    0.052288] On node 0 totalpages: 4162626
[    0.052289]   DMA zone: 64 pages used for memmap
[    0.052289]   DMA zone: 22 pages reserved
[    0.052290]   DMA zone: 3998 pages, LIFO batch:0
[    0.052361]   DMA32 zone: 7675 pages used for memmap
[    0.052361]   DMA32 zone: 491172 pages, LIFO batch:63
[    0.064450]   Normal zone: 57304 pages used for memmap
[    0.064451]   Normal zone: 3667456 pages, LIFO batch:63
[    0.134169] Reserving Intel graphics memory at [mem 0x79a00000-0x7f9fffff]
[    0.134230] ACPI: PM-Timer IO Port: 0x1808
[    0.134231] ACPI: Local APIC address 0xfee00000
[    0.134237] ACPI: LAPIC_NMI (acpi_id[0x01] high edge lint[0x1])
[    0.134237] ACPI: LAPIC_NMI (acpi_id[0x02] high edge lint[0x1])
[    0.134237] ACPI: LAPIC_NMI (acpi_id[0x03] high edge lint[0x1])
[    0.134238] ACPI: LAPIC_NMI (acpi_id[0x04] high edge lint[0x1])
[    0.134238] ACPI: LAPIC_NMI (acpi_id[0x05] high edge lint[0x1])
[    0.134238] ACPI: LAPIC_NMI (acpi_id[0x06] high edge lint[0x1])
[    0.134239] ACPI: LAPIC_NMI (acpi_id[0x07] high edge lint[0x1])
[    0.134239] ACPI: LAPIC_NMI (acpi_id[0x08] high edge lint[0x1])
[    0.134253] IOAPIC[0]: apic_id 2, version 32, address 0xfec00000, GSI 0-23
[    0.134255] ACPI: INT_SRC_OVR (bus 0 bus_irq 0 global_irq 2 dfl dfl)
[    0.134256] ACPI: INT_SRC_OVR (bus 0 bus_irq 9 global_irq 9 high level)
[    0.134256] ACPI: IRQ0 used by override.
[    0.134257] ACPI: IRQ9 used by override.
[    0.134258] Using ACPI (MADT) for SMP configuration information
[    0.134259] ACPI: HPET id: 0x8086a201 base: 0xfed00000
[    0.134262] smpboot: Allowing 8 CPUs, 0 hotplug CPUs
[    0.134276] PM: Registered nosave memory: [mem 0x00000000-0x00000fff]
[    0.134277] PM: Registered nosave memory: [mem 0x00058000-0x00058fff]
[    0.134278] PM: Registered nosave memory: [mem 0x000a0000-0x000bffff]
[    0.134278] PM: Registered nosave memory: [mem 0x000c0000-0x000fffff]
[    0.134279] PM: Registered nosave memory: [mem 0x66282000-0x66282fff]
[    0.134280] PM: Registered nosave memory: [mem 0x66282000-0x66282fff]
[    0.134281] PM: Registered nosave memory: [mem 0x78d01000-0x78d48fff]
[    0.134282] PM: Registered nosave memory: [mem 0x78d5d000-0x78d8efff]
[    0.134283] PM: Registered nosave memory: [mem 0x78e3a000-0x78e8efff]
[    0.134284] PM: Registered nosave memory: [mem 0x78ecc000-0x78efefff]
[    0.134285] PM: Registered nosave memory: [mem 0x78f85000-0x78fdefff]
[    0.134286] PM: Registered nosave memory: [mem 0x79000000-0x7f9fffff]
[    0.134287] PM: Registered nosave memory: [mem 0x7fa00000-0xe00f7fff]
[    0.134287] PM: Registered nosave memory: [mem 0xe00f8000-0xe00f8fff]
[    0.134287] PM: Registered nosave memory: [mem 0xe00f9000-0xfed1bfff]
[    0.134288] PM: Registered nosave memory: [mem 0xfed1c000-0xfed1ffff]
[    0.134288] PM: Registered nosave memory: [mem 0xfed20000-0xffd6ffff]
[    0.134288] PM: Registered nosave memory: [mem 0xffd70000-0xffd9ffff]
[    0.134289] PM: Registered nosave memory: [mem 0xffda0000-0xffffffff]
[    0.134290] [mem 0x7fa00000-0xe00f7fff] available for PCI devices
[    0.134292] Booting paravirtualized kernel on bare hardware
[    0.134294] clocksource: refined-jiffies: mask: 0xffffffff max_cycles: 0xffffffff, max_idle_ns: 1910969940391419 ns
[    0.226187] random: get_random_bytes called from start_kernel+0x93/0x503 with crng_init=0
[    0.226193] setup_percpu: NR_CPUS:64 nr_cpumask_bits:64 nr_cpu_ids:8 nr_node_ids:1
[    0.226362] percpu: Embedded 44 pages/cpu @(____ptrval____) s143360 r8192 d28672 u262144
[    0.226366] pcpu-alloc: s143360 r8192 d28672 u262144 alloc=1*2097152
[    0.226367] pcpu-alloc: [0] 0 1 2 3 4 5 6 7 
[    0.226382] Built 1 zonelists, mobility grouping on.  Total pages: 4097561
[    0.226383] Policy zone: Normal
[    0.226384] Kernel command line: BOOT_IMAGE=/vmlinuz-5.0.0-rc6+ root=/dev/mapper/im--mac-root ro resume=/dev/mapper/im--mac-swap rd.lvm.lv=im-mac/root rd.luks.uuid=luks-dd1fa933-ef9f-402b-a2e4-7c9d6fb7ce0d rd.lvm.lv=im-mac/swap rhgb quiet hid_apple.fnmode=2 hid_apple.iso_layout=0
[    0.271406] Memory: 15843916K/16650504K available (12291K kernel code, 1403K rwdata, 4028K rodata, 2152K init, 4944K bss, 806588K reserved, 0K cma-reserved)
[    0.271505] SLUB: HWalign=64, Order=0-3, MinObjects=0, CPUs=8, Nodes=1
[    0.271509] Kernel/User page tables isolation: enabled
[    0.271520] ftrace: allocating 38170 entries in 150 pages
[    0.283461] rcu: Hierarchical RCU implementation.
[    0.283462] rcu: 	RCU restricting CPUs from NR_CPUS=64 to nr_cpu_ids=8.
[    0.283463] rcu: RCU calculated value of scheduler-enlistment delay is 100 jiffies.
[    0.283463] rcu: Adjusting geometry for rcu_fanout_leaf=16, nr_cpu_ids=8
[    0.285340] NR_IRQS: 4352, nr_irqs: 488, preallocated irqs: 16
[    0.285466] rcu: 	Offload RCU callbacks from CPUs: (none).
[    0.285504] Console: colour dummy device 80x25
[    0.285508] printk: console [tty0] enabled
[    0.285519] ACPI: Core revision 20181213
[    0.285724] clocksource: hpet: mask: 0xffffffff max_cycles: 0xffffffff, max_idle_ns: 133484882848 ns
[    0.285731] hpet clockevent registered
[    0.285735] APIC: Switch to symmetric I/O mode setup
[    0.285736] DMAR: Host address width 39
[    0.285737] DMAR: DRHD base: 0x000000fed90000 flags: 0x0
[    0.285740] DMAR: dmar0: reg_base_addr fed90000 ver 1:0 cap c0000020660462 ecap f0101a
[    0.285741] DMAR: DRHD base: 0x000000fed91000 flags: 0x1
[    0.285743] DMAR: dmar1: reg_base_addr fed91000 ver 1:0 cap d2008c20660462 ecap f010da
[    0.285743] DMAR: RMRR base: 0x00000079800000 end: 0x0000007f9fffff
[    0.285746] DMAR-IR: IOAPIC id 2 under DRHD base  0xfed91000 IOMMU 1
[    0.285746] DMAR-IR: HPET id 0 under DRHD base 0xfed91000
[    0.285747] DMAR-IR: x2apic is disabled because BIOS sets x2apic opt out bit.
[    0.285747] DMAR-IR: Use 'intremap=no_x2apic_optout' to override the BIOS setting.
[    0.286117] DMAR-IR: Enabled IRQ remapping in xapic mode
[    0.286117] x2apic: IRQ remapping doesn't support X2APIC mode
[    0.286486] ..TIMER: vector=0x30 apic1=0 pin1=2 apic2=-1 pin2=-1
[    0.290740] clocksource: tsc-early: mask: 0xffffffffffffffff max_cycles: 0x1fa374f0c85, max_idle_ns: 440795311870 ns
[    0.290749] Calibrating delay loop (skipped), value calculated using timer frequency.. 4389.84 BogoMIPS (lpj=2194921)
[    0.290751] pid_max: default: 32768 minimum: 301
[    0.303325] LSM: Security Framework initializing
[    0.303326] Yama: becoming mindful.
[    0.303330] SELinux:  Initializing.
[    0.305717] Dentry cache hash table entries: 2097152 (order: 12, 16777216 bytes)
[    0.306692] Inode-cache hash table entries: 1048576 (order: 11, 8388608 bytes)
[    0.306731] Mount-cache hash table entries: 32768 (order: 6, 262144 bytes)
[    0.306764] Mountpoint-cache hash table entries: 32768 (order: 6, 262144 bytes)
[    0.306929] ENERGY_PERF_BIAS: Set to 'normal', was 'performance'
[    0.306930] ENERGY_PERF_BIAS: View and update with x86_energy_perf_policy(8)
[    0.306934] mce: CPU supports 10 MCE banks
[    0.306942] mce: CPU0: Thermal monitoring enabled (TM1)
[    0.306954] process: using mwait in idle threads
[    0.306956] Last level iTLB entries: 4KB 1024, 2MB 1024, 4MB 1024
[    0.306957] Last level dTLB entries: 4KB 1024, 2MB 1024, 4MB 1024, 1GB 4
[    0.306958] Spectre V2 : Mitigation: Full generic retpoline
[    0.306959] Spectre V2 : Spectre v2 / SpectreRSB mitigation: Filling RSB on context switch
[    0.306959] Spectre V2 : Enabling Restricted Speculation for firmware calls
[    0.306966] Spectre V2 : mitigation: Enabling conditional Indirect Branch Prediction Barrier
[    0.306966] Spectre V2 : User space: Mitigation: STIBP via seccomp and prctl
[    0.306967] Speculative Store Bypass: Mitigation: Speculative Store Bypass disabled via prctl and seccomp
[    0.307132] Freeing SMP alternatives memory: 36K
[    0.308247] TSC deadline timer enabled
[    0.308249] smpboot: CPU0: Intel(R) Core(TM) i7-4770HQ CPU @ 2.20GHz (family: 0x6, model: 0x46, stepping: 0x1)
[    0.308317] Performance Events: PEBS fmt2+, Haswell events, 16-deep LBR, full-width counters, Intel PMU driver.
[    0.308354] ... version:                3
[    0.308354] ... bit width:              48
[    0.308354] ... generic registers:      4
[    0.308355] ... value mask:             0000ffffffffffff
[    0.308356] ... max period:             00007fffffffffff
[    0.308356] ... fixed-purpose events:   3
[    0.308356] ... event mask:             000000070000000f
[    0.308382] rcu: Hierarchical SRCU implementation.
[    0.308741] random: crng done (trusting CPU's manufacturer)
[    0.308741] NMI watchdog: Enabled. Permanently consumes one hw-PMU counter.
[    0.308768] smp: Bringing up secondary CPUs ...
[    0.308820] x86: Booting SMP configuration:
[    0.308821] .... node  #0, CPUs:      #1 #2 #3 #4 #5 #6 #7
[    0.359745] smp: Brought up 1 node, 8 CPUs
[    0.359746] smpboot: Max logical packages: 1
[    0.359748] smpboot: Total of 8 processors activated (35118.73 BogoMIPS)
[    0.361123] devtmpfs: initialized
[    0.361123] x86/mm: Memory block size: 128MB
[    0.361997] PM: Registering ACPI NVS region [mem 0x78d01000-0x78d48fff] (294912 bytes)
[    0.361997] clocksource: jiffies: mask: 0xffffffff max_cycles: 0xffffffff, max_idle_ns: 1911260446275000 ns
[    0.361997] futex hash table entries: 2048 (order: 5, 131072 bytes)
[    0.361997] pinctrl core: initialized pinctrl subsystem
[    0.361997] RTC time: 17:03:07, date: 2019-02-14
[    0.362077] NET: Registered protocol family 16
[    0.362163] audit: initializing netlink subsys (disabled)
[    0.362167] audit: type=2000 audit(1550163786.076:1): state=initialized audit_enabled=0 res=1
[    0.362167] cpuidle: using governor menu
[    0.362167] ACPI: bus type PCI registered
[    0.362167] acpiphp: ACPI Hot Plug PCI Controller Driver version: 0.5
[    0.362167] PCI: MMCONFIG for domain 0000 [bus 00-9b] at [mem 0xe0000000-0xe9bfffff] (base 0xe0000000)
[    0.362167] PCI: not using MMCONFIG
[    0.362167] PCI: Using configuration type 1 for base access
[    0.362167] core: PMU erratum BJ122, BV98, HSD29 worked around, HT is on
[    0.363763] HugeTLB registered 1.00 GiB page size, pre-allocated 0 pages
[    0.363763] HugeTLB registered 2.00 MiB page size, pre-allocated 0 pages
[    0.363764] cryptd: max_cpu_qlen set to 1000
[    0.363785] ACPI: Disabled all _OSI OS vendors
[    0.363786] ACPI: Added _OSI(Module Device)
[    0.363786] ACPI: Added _OSI(Processor Device)
[    0.363787] ACPI: Added _OSI(3.0 _SCP Extensions)
[    0.363787] ACPI: Added _OSI(Processor Aggregator Device)
[    0.363788] ACPI: Added _OSI(Linux-Dell-Video)
[    0.363789] ACPI: Added _OSI(Linux-Lenovo-NV-HDMI-Audio)
[    0.363789] ACPI: Added _OSI(Linux-HPI-Hybrid-Graphics)
[    0.363790] ACPI: Added _OSI(Darwin)
[    0.375282] ACPI: 10 ACPI AML tables successfully acquired and loaded
[    0.375892] ACPI: EC: EC started
[    0.375892] ACPI: EC: interrupt blocked
[    0.377872] ACPI: \: Used as first EC
[    0.377873] ACPI: \: GPE=0x17, EC_CMD/EC_SC=0x66, EC_DATA=0x62
[    0.377874] ACPI: \: Used as boot ECDT EC to handle transactions
[    0.378600] ACPI: BIOS _OSI(Darwin) query honored via DMI
[    0.379129] ACPI: [Firmware Bug]: BIOS _OSI(Linux) query ignored
[    0.379247] ACPI Error: Needed type [Reference], found [Integer] 00000000dcba049d (20181213/exresop-69)
[    0.379250] ACPI Error: AE_AML_OPERAND_TYPE, While resolving operands for [OpcodeName unavailable] (20181213/dswexec-427)
[    0.379252] ACPI Error: Method parse/execution failed \_PR.CPU0._PDC, AE_AML_OPERAND_TYPE (20181213/psparse-531)
[    0.379438] ACPI: Dynamic OEM Table Load:
[    0.379443] ACPI: SSDT 0xFFFF8E746CB4B000 00067C (v01 PmRef  ApIst    00003000 INTL 20140424)
[    0.379824] ACPI: Dynamic OEM Table Load:
[    0.379827] ACPI: SSDT 0xFFFF8E746CB9A000 000119 (v01 PmRef  ApCst    00003000 INTL 20140424)
[    0.380890] ACPI: Interpreter enabled
[    0.380906] ACPI: (supports S0 S3 S4 S5)
[    0.380907] ACPI: Using IOAPIC for interrupt routing
[    0.380925] PCI: MMCONFIG for domain 0000 [bus 00-9b] at [mem 0xe0000000-0xe9bfffff] (base 0xe0000000)
[    0.381311] PCI: MMCONFIG at [mem 0xe0000000-0xe9bfffff] reserved in ACPI motherboard resources
[    0.381320] PCI: Using host bridge windows from ACPI; if necessary, use "pci=nocrs" and report a bug
[    0.381505] ACPI: Enabled 7 GPEs in block 00 to 3F
[    0.389092] ACPI: PCI Root Bridge [PCI0] (domain 0000 [bus 00-ff])
[    0.389095] acpi PNP0A08:00: _OSC: OS assumes control of [PCIeHotplug SHPCHotplug AER PCIeCapability LTR]
[    0.389104] acpi PNP0A08:00: [Firmware Info]: MMCONFIG for domain 0000 [bus 00-9b] only partially covers this bridge
[    0.389300] PCI host bridge to bus 0000:00
[    0.389302] pci_bus 0000:00: root bus resource [io  0x0000-0x0cf7 window]
[    0.389303] pci_bus 0000:00: root bus resource [io  0x0d00-0xffff window]
[    0.389304] pci_bus 0000:00: root bus resource [mem 0x000a0000-0x000bffff window]
[    0.389305] pci_bus 0000:00: root bus resource [mem 0x000c0000-0x000c3fff window]
[    0.389306] pci_bus 0000:00: root bus resource [mem 0x000c4000-0x000c7fff window]
[    0.389307] pci_bus 0000:00: root bus resource [mem 0x000c8000-0x000cbfff window]
[    0.389307] pci_bus 0000:00: root bus resource [mem 0x000cc000-0x000cffff window]
[    0.389308] pci_bus 0000:00: root bus resource [mem 0x000d0000-0x000d3fff window]
[    0.389309] pci_bus 0000:00: root bus resource [mem 0x000d4000-0x000d7fff window]
[    0.389310] pci_bus 0000:00: root bus resource [mem 0x000d8000-0x000dbfff window]
[    0.389311] pci_bus 0000:00: root bus resource [mem 0x000dc000-0x000dffff window]
[    0.389312] pci_bus 0000:00: root bus resource [mem 0x000e0000-0x000e3fff window]
[    0.389313] pci_bus 0000:00: root bus resource [mem 0x000e4000-0x000e7fff window]
[    0.389314] pci_bus 0000:00: root bus resource [mem 0x000e8000-0x000ebfff window]
[    0.389315] pci_bus 0000:00: root bus resource [mem 0x000ec000-0x000effff window]
[    0.389316] pci_bus 0000:00: root bus resource [mem 0x000f0000-0x000fffff window]
[    0.389317] pci_bus 0000:00: root bus resource [mem 0x7fa00000-0xfeafffff window]
[    0.389318] pci_bus 0000:00: root bus resource [mem 0xfed40000-0xfed44fff window]
[    0.389319] pci_bus 0000:00: root bus resource [bus 00-ff]
[    0.389325] pci 0000:00:00.0: [8086:0d04] type 00 class 0x060000
[    0.389392] pci 0000:00:01.0: [8086:0d01] type 01 class 0x060400
[    0.389423] pci 0000:00:01.0: PME# supported from D0 D3hot D3cold
[    0.389468] pci 0000:00:01.1: [8086:0d05] type 01 class 0x060400
[    0.389496] pci 0000:00:01.1: PME# supported from D0 D3hot D3cold
[    0.389566] pci 0000:00:02.0: [8086:0d26] type 00 class 0x030000
[    0.389574] pci 0000:00:02.0: reg 0x10: [mem 0xa0000000-0xa03fffff 64bit]
[    0.389579] pci 0000:00:02.0: reg 0x18: [mem 0x90000000-0x9fffffff 64bit pref]
[    0.389582] pci 0000:00:02.0: reg 0x20: [io  0x3000-0x303f]
[    0.389591] pci 0000:00:02.0: BAR 2: assigned to efifb
[    0.389639] pci 0000:00:03.0: [8086:0d0c] type 00 class 0x040300
[    0.389646] pci 0000:00:03.0: reg 0x10: [mem 0xa0c10000-0xa0c13fff 64bit]
[    0.389724] pci 0000:00:14.0: [8086:8c31] type 00 class 0x0c0330
[    0.389743] pci 0000:00:14.0: reg 0x10: [mem 0xa0c00000-0xa0c0ffff 64bit]
[    0.389794] pci 0000:00:14.0: PME# supported from D3hot D3cold
[    0.389870] pci 0000:00:16.0: [8086:8c3a] type 00 class 0x078000
[    0.389889] pci 0000:00:16.0: reg 0x10: [mem 0xa0c19100-0xa0c1910f 64bit]
[    0.389941] pci 0000:00:16.0: PME# supported from D0 D3hot D3cold
[    0.389996] pci 0000:00:1b.0: [8086:8c20] type 00 class 0x040300
[    0.390013] pci 0000:00:1b.0: reg 0x10: [mem 0xa0c14000-0xa0c17fff 64bit]
[    0.390071] pci 0000:00:1b.0: PME# supported from D0 D3hot D3cold
[    0.390120] pci 0000:00:1c.0: [8086:8c10] type 01 class 0x060400
[    0.390162] pci 0000:00:1c.0: claimed MacBook Pro poweroff workaround [mem 0x7fa00000-0x7fbfffff]
[    0.390206] pci 0000:00:1c.0: PME# supported from D0 D3hot D3cold
[    0.390261] pci 0000:00:1c.2: [8086:8c14] type 01 class 0x060400
[    0.390330] pci 0000:00:1c.2: PME# supported from D0 D3hot D3cold
[    0.390386] pci 0000:00:1c.3: [8086:8c16] type 01 class 0x060400
[    0.390455] pci 0000:00:1c.3: PME# supported from D0 D3hot D3cold
[    0.390517] pci 0000:00:1f.0: [8086:8c4b] type 00 class 0x060100
[    0.390650] pci 0000:00:1f.3: [8086:8c22] type 00 class 0x0c0500
[    0.390666] pci 0000:00:1f.3: reg 0x10: [mem 0xa0c19000-0xa0c190ff 64bit]
[    0.390683] pci 0000:00:1f.3: reg 0x20: [io  0xefa0-0xefbf]
[    0.390741] pci 0000:00:1f.6: [8086:8c24] type 00 class 0x118000
[    0.390761] pci 0000:00:1f.6: reg 0x10: [mem 0xa0c18000-0xa0c18fff 64bit]
[    0.390909] pci 0000:01:00.0: [144d:a801] type 00 class 0x010601
[    0.390943] pci 0000:01:00.0: reg 0x24: [mem 0xa0b00000-0xa0b01fff]
[    0.391068] pci 0000:00:01.0: PCI bridge to [bus 01]
[    0.391071] pci 0000:00:01.0:   bridge window [mem 0xa0b00000-0xa0bfffff]
[    0.391117] pci 0000:05:00.0: [8086:156d] type 01 class 0x060400
[    0.391196] pci 0000:05:00.0: supports D1 D2
[    0.391197] pci 0000:05:00.0: PME# supported from D0 D1 D2 D3hot D3cold
[    0.391280] pci 0000:00:01.1: PCI bridge to [bus 05-9b]
[    0.391282] pci 0000:00:01.1:   bridge window [io  0x4000-0x6fff]
[    0.391284] pci 0000:00:01.1:   bridge window [mem 0xa0d00000-0xacdfffff]
[    0.391286] pci 0000:00:01.1:   bridge window [mem 0xace00000-0xb8dfffff 64bit pref]
[    0.391366] pci 0000:06:00.0: [8086:156d] type 01 class 0x060400
[    0.391453] pci 0000:06:00.0: supports D1 D2
[    0.391454] pci 0000:06:00.0: PME# supported from D0 D1 D2 D3hot D3cold
[    0.391515] pci 0000:06:03.0: [8086:156d] type 01 class 0x060400
[    0.391601] pci 0000:06:03.0: supports D1 D2
[    0.391602] pci 0000:06:03.0: PME# supported from D0 D1 D2 D3hot D3cold
[    0.391660] pci 0000:06:04.0: [8086:156d] type 01 class 0x060400
[    0.391745] pci 0000:06:04.0: supports D1 D2
[    0.391746] pci 0000:06:04.0: PME# supported from D0 D1 D2 D3hot D3cold
[    0.391806] pci 0000:06:05.0: [8086:156d] type 01 class 0x060400
[    0.391892] pci 0000:06:05.0: supports D1 D2
[    0.391893] pci 0000:06:05.0: PME# supported from D0 D1 D2 D3hot D3cold
[    0.391951] pci 0000:06:06.0: [8086:156d] type 01 class 0x060400
[    0.392036] pci 0000:06:06.0: supports D1 D2
[    0.392037] pci 0000:06:06.0: PME# supported from D0 D1 D2 D3hot D3cold
[    0.392106] pci 0000:05:00.0: PCI bridge to [bus 06-6b]
[    0.392110] pci 0000:05:00.0:   bridge window [io  0x4000-0x5fff]
[    0.392113] pci 0000:05:00.0:   bridge window [mem 0xa0d00000-0xa8dfffff]
[    0.392116] pci 0000:05:00.0:   bridge window [mem 0xace00000-0xb4dfffff 64bit pref]
[    0.392163] pci 0000:07:00.0: [8086:156c] type 00 class 0x088000
[    0.392187] pci 0000:07:00.0: reg 0x10: [mem 0xa0d00000-0xa0d3ffff]
[    0.392196] pci 0000:07:00.0: reg 0x14: [mem 0xa0d40000-0xa0d40fff]
[    0.392314] pci 0000:07:00.0: supports D1 D2
[    0.392315] pci 0000:07:00.0: PME# supported from D0 D1 D2 D3hot D3cold
[    0.392455] pci 0000:06:00.0: PCI bridge to [bus 07]
[    0.392460] pci 0000:06:00.0:   bridge window [mem 0xa0d00000-0xa0dfffff]
[    0.392513] pci 0000:06:03.0: PCI bridge to [bus 08-38]
[    0.392517] pci 0000:06:03.0:   bridge window [io  0x4000-0x4fff]
[    0.392520] pci 0000:06:03.0:   bridge window [mem 0xa0e00000-0xa4dfffff]
[    0.392524] pci 0000:06:03.0:   bridge window [mem 0xace00000-0xb0dfffff 64bit pref]
[    0.392573] pci 0000:06:04.0: PCI bridge to [bus 39]
[    0.392628] pci 0000:06:05.0: PCI bridge to [bus 3a-6a]
[    0.392632] pci 0000:06:05.0:   bridge window [io  0x5000-0x5fff]
[    0.392635] pci 0000:06:05.0:   bridge window [mem 0xa4e00000-0xa8dfffff]
[    0.392639] pci 0000:06:05.0:   bridge window [mem 0xb0e00000-0xb4dfffff 64bit pref]
[    0.392665] pci 0000:06:06.0: PCI bridge to [bus 6b]
[    0.392730] pci 0000:00:1c.0: PCI bridge to [bus 02]
[    0.392828] pci 0000:03:00.0: [14e4:43ba] type 00 class 0x028000
[    0.392893] pci 0000:03:00.0: reg 0x10: [mem 0xa0800000-0xa0807fff 64bit]
[    0.392920] pci 0000:03:00.0: reg 0x18: [mem 0xa0400000-0xa07fffff 64bit]
[    0.393126] pci 0000:03:00.0: supports D1 D2
[    0.393127] pci 0000:03:00.0: PME# supported from D0 D1 D2 D3hot D3cold
[    0.393355] pci 0000:00:1c.2: PCI bridge to [bus 03]
[    0.393359] pci 0000:00:1c.2:   bridge window [mem 0xa0400000-0xa08fffff]
[    0.393419] pci 0000:04:00.0: [14e4:1570] type 00 class 0x048000
[    0.393450] pci 0000:04:00.0: reg 0x10: [mem 0xa0a00000-0xa0a0ffff 64bit]
[    0.393465] pci 0000:04:00.0: reg 0x18: [mem 0x80000000-0x8fffffff 64bit pref]
[    0.393479] pci 0000:04:00.0: reg 0x20: [mem 0xa0900000-0xa09fffff 64bit]
[    0.393564] pci 0000:04:00.0: supports D1
[    0.393565] pci 0000:04:00.0: PME# supported from D0 D3hot
[    0.393670] pci 0000:00:1c.3: PCI bridge to [bus 04]
[    0.393675] pci 0000:00:1c.3:   bridge window [mem 0xa0900000-0xa0afffff]
[    0.393679] pci 0000:00:1c.3:   bridge window [mem 0x80000000-0x8fffffff 64bit pref]
[    0.394408] ACPI: PCI Interrupt Link [LNKA] (IRQs 1 3 4 5 6 7 10 12 14 15) *0, disabled.
[    0.394455] ACPI: PCI Interrupt Link [LNKB] (IRQs 1 3 4 5 6 7 11 12 14 15) *0, disabled.
[    0.394500] ACPI: PCI Interrupt Link [LNKC] (IRQs 1 3 4 5 6 7 10 12 14 15) *0, disabled.
[    0.394540] ACPI: PCI Interrupt Link [LNKD] (IRQs 1 3 4 5 6 7 11 12 14 15) *0, disabled.
[    0.394580] ACPI: PCI Interrupt Link [LNKE] (IRQs 1 3 4 5 6 7 10 12 14 15) *0, disabled.
[    0.394625] ACPI: PCI Interrupt Link [LNKF] (IRQs 1 3 4 5 6 7 11 12 14 15) *0, disabled.
[    0.394670] ACPI: PCI Interrupt Link [LNKG] (IRQs 1 3 4 5 6 7 10 12 14 15) *0, disabled.
[    0.394715] ACPI: PCI Interrupt Link [LNKH] (IRQs 1 3 4 5 6 7 11 12 14 15) *0, disabled.
[    0.394853] ACPI: EC: interrupt unblocked
[    0.394870] ACPI: EC: event unblocked
[    0.394875] ACPI: \_SB_.PCI0.LPCB.EC__: GPE=0x17, EC_CMD/EC_SC=0x66, EC_DATA=0x62
[    0.394876] ACPI: \_SB_.PCI0.LPCB.EC__: Used as boot DSDT EC to handle transactions and events
[    0.394918] pci 0000:00:02.0: vgaarb: setting as boot VGA device
[    0.394918] pci 0000:00:02.0: vgaarb: VGA device added: decodes=io+mem,owns=io+mem,locks=none
[    0.394918] pci 0000:00:02.0: vgaarb: bridge control possible
[    0.394918] vgaarb: loaded
[    0.394918] SCSI subsystem initialized
[    0.394918] libata version 3.00 loaded.
[    0.394918] ACPI: bus type USB registered
[    0.394918] usbcore: registered new interface driver usbfs
[    0.394918] usbcore: registered new interface driver hub
[    0.394918] usbcore: registered new device driver usb
[    0.394918] pps_core: LinuxPPS API ver. 1 registered
[    0.394918] pps_core: Software ver. 5.3.6 - Copyright 2005-2007 Rodolfo Giometti <giometti@linux.it>
[    0.394918] PTP clock support registered
[    0.394918] EDAC MC: Ver: 3.0.0
[    0.394918] Registered efivars operations
[    0.480424] PCI: Using ACPI for IRQ routing
[    0.482831] PCI: pci_cache_line_size set to 64 bytes
[    0.482964] e820: reserve RAM buffer [mem 0x00058000-0x0005ffff]
[    0.482965] e820: reserve RAM buffer [mem 0x66282710-0x67ffffff]
[    0.482966] e820: reserve RAM buffer [mem 0x78d01000-0x7bffffff]
[    0.482967] e820: reserve RAM buffer [mem 0x78d5d000-0x7bffffff]
[    0.482968] e820: reserve RAM buffer [mem 0x78e3a000-0x7bffffff]
[    0.482969] e820: reserve RAM buffer [mem 0x78ecc000-0x7bffffff]
[    0.482970] e820: reserve RAM buffer [mem 0x78f85000-0x7bffffff]
[    0.482971] e820: reserve RAM buffer [mem 0x79000000-0x7bffffff]
[    0.482971] e820: reserve RAM buffer [mem 0x47f600000-0x47fffffff]
[    0.483741] NetLabel: Initializing
[    0.483741] NetLabel:  domain hash size = 128
[    0.483741] NetLabel:  protocols = UNLABELED CIPSOv4 CALIPSO
[    0.483741] NetLabel:  unlabeled traffic allowed by default
[    0.483814] hpet0: at MMIO 0xfed00000, IRQs 2, 8, 0, 0, 0, 0, 0, 0
[    0.483817] hpet0: 8 comparators, 64-bit 14.318180 MHz counter
[    0.485759] clocksource: Switched to clocksource tsc-early
[    0.495229] VFS: Disk quotas dquot_6.6.0
[    0.495241] VFS: Dquot-cache hash table entries: 512 (order 0, 4096 bytes)
[    0.495289] pnp: PnP ACPI init
[    0.495943] system 00:00: [mem 0xfed00000-0xfed03fff] has been reserved
[    0.495947] system 00:00: Plug and Play ACPI device, IDs PNP0103 PNP0c01 (active)
[    0.495981] system 00:01: [io  0xffff] has been reserved
[    0.495982] system 00:01: [io  0x1800-0x187f] has been reserved
[    0.495983] system 00:01: [io  0x0800-0x087f] has been reserved
[    0.495986] system 00:01: Plug and Play ACPI device, IDs PNP0c02 (active)
[    0.495997] pnp 00:02: Plug and Play ACPI device, IDs PNP0b00 (active)
[    0.496042] pnp 00:03: Plug and Play ACPI device, IDs APP000b (active)
[    0.496142] system 00:04: [mem 0xfed1c000-0xfed1ffff] has been reserved
[    0.496143] system 00:04: [mem 0xfed10000-0xfed17fff] has been reserved
[    0.496144] system 00:04: [mem 0xfed18000-0xfed18fff] has been reserved
[    0.496145] system 00:04: [mem 0xfed19000-0xfed19fff] has been reserved
[    0.496146] system 00:04: [mem 0xe0000000-0xefffffff] could not be reserved
[    0.496147] system 00:04: [mem 0xfed20000-0xfed3ffff] has been reserved
[    0.496149] system 00:04: [mem 0xfed90000-0xfed93fff] could not be reserved
[    0.496150] system 00:04: [mem 0xfed45000-0xfed8ffff] has been reserved
[    0.496151] system 00:04: [mem 0xff000000-0xffffffff] could not be reserved
[    0.496152] system 00:04: [mem 0xfee00000-0xfeefffff] has been reserved
[    0.496155] system 00:04: Plug and Play ACPI device, IDs PNP0c02 (active)
[    0.496191] system 00:05: [mem 0x20000000-0x201fffff] could not be reserved
[    0.496192] system 00:05: [mem 0x40000000-0x401fffff] could not be reserved
[    0.496194] system 00:05: Plug and Play ACPI device, IDs PNP0c01 (active)
[    0.496299] pnp: PnP ACPI: found 6 devices
[    0.497116] pci 0000:07:00.0: assigning 8 device properties
[    0.497124] pci 0000:00:1b.0: assigning 4 device properties
[    0.497129] pci 0000:00:02.0: assigning 2 device properties
[    0.501700] clocksource: acpi_pm: mask: 0xffffff max_cycles: 0xffffff, max_idle_ns: 2085701024 ns
[    0.501734] pci 0000:06:00.0: bridge window [io  0x1000-0x0fff] to [bus 07] add_size 1000
[    0.501735] pci 0000:06:00.0: bridge window [mem 0x00100000-0x000fffff 64bit pref] to [bus 07] add_size 200000 add_align 100000
[    0.501748] pci 0000:06:04.0: bridge window [io  0x1000-0x0fff] to [bus 39] add_size 1000
[    0.501749] pci 0000:06:04.0: bridge window [mem 0x00100000-0x000fffff 64bit pref] to [bus 39] add_size 200000 add_align 100000
[    0.501751] pci 0000:06:04.0: bridge window [mem 0x00100000-0x000fffff] to [bus 39] add_size 200000 add_align 100000
[    0.501761] pci 0000:06:06.0: bridge window [io  0x1000-0x0fff] to [bus 6b] add_size 1000
[    0.501763] pci 0000:06:06.0: bridge window [mem 0x00100000-0x000fffff 64bit pref] to [bus 6b] add_size 200000 add_align 100000
[    0.501764] pci 0000:06:06.0: bridge window [mem 0x00100000-0x000fffff] to [bus 6b] add_size 200000 add_align 100000
[    0.501782] pci 0000:00:1c.0: bridge window [io  0x1000-0x0fff] to [bus 02] add_size 1000
[    0.501783] pci 0000:00:1c.0: bridge window [mem 0x00100000-0x000fffff 64bit pref] to [bus 02] add_size 200000 add_align 100000
[    0.501784] pci 0000:00:1c.0: bridge window [mem 0x00100000-0x000fffff] to [bus 02] add_size 200000 add_align 100000
[    0.501803] pci 0000:00:1c.0: BAR 14: assigned [mem 0x7fc00000-0x7fdfffff]
[    0.501810] pci 0000:00:1c.0: BAR 15: assigned [mem 0x7fe00000-0x7fffffff 64bit pref]
[    0.501812] pci 0000:00:1c.0: BAR 13: assigned [io  0x2000-0x2fff]
[    0.501814] pci 0000:00:01.0: PCI bridge to [bus 01]
[    0.501817] pci 0000:00:01.0:   bridge window [mem 0xa0b00000-0xa0bfffff]
[    0.501823] pci 0000:06:00.0: BAR 15: no space for [mem size 0x00200000 64bit pref]
[    0.501825] pci 0000:06:00.0: BAR 15: failed to assign [mem size 0x00200000 64bit pref]
[    0.501826] pci 0000:06:04.0: BAR 14: no space for [mem size 0x00200000]
[    0.501827] pci 0000:06:04.0: BAR 14: failed to assign [mem size 0x00200000]
[    0.501829] pci 0000:06:04.0: BAR 15: no space for [mem size 0x00200000 64bit pref]
[    0.501829] pci 0000:06:04.0: BAR 15: failed to assign [mem size 0x00200000 64bit pref]
[    0.501831] pci 0000:06:06.0: BAR 14: no space for [mem size 0x00200000]
[    0.501831] pci 0000:06:06.0: BAR 14: failed to assign [mem size 0x00200000]
[    0.501833] pci 0000:06:06.0: BAR 15: no space for [mem size 0x00200000 64bit pref]
[    0.501834] pci 0000:06:06.0: BAR 15: failed to assign [mem size 0x00200000 64bit pref]
[    0.501835] pci 0000:06:00.0: BAR 13: no space for [io  size 0x1000]
[    0.501836] pci 0000:06:00.0: BAR 13: failed to assign [io  size 0x1000]
[    0.501837] pci 0000:06:04.0: BAR 13: no space for [io  size 0x1000]
[    0.501838] pci 0000:06:04.0: BAR 13: failed to assign [io  size 0x1000]
[    0.501839] pci 0000:06:06.0: BAR 13: no space for [io  size 0x1000]
[    0.501840] pci 0000:06:06.0: BAR 13: failed to assign [io  size 0x1000]
[    0.501842] pci 0000:06:06.0: BAR 14: no space for [mem size 0x00200000]
[    0.501843] pci 0000:06:06.0: BAR 14: failed to assign [mem size 0x00200000]
[    0.501844] pci 0000:06:06.0: BAR 15: no space for [mem size 0x00200000 64bit pref]
[    0.501845] pci 0000:06:06.0: BAR 15: failed to assign [mem size 0x00200000 64bit pref]
[    0.501846] pci 0000:06:06.0: BAR 13: no space for [io  size 0x1000]
[    0.501847] pci 0000:06:06.0: BAR 13: failed to assign [io  size 0x1000]
[    0.501848] pci 0000:06:04.0: BAR 14: no space for [mem size 0x00200000]
[    0.501849] pci 0000:06:04.0: BAR 14: failed to assign [mem size 0x00200000]
[    0.501851] pci 0000:06:04.0: BAR 15: no space for [mem size 0x00200000 64bit pref]
[    0.501852] pci 0000:06:04.0: BAR 15: failed to assign [mem size 0x00200000 64bit pref]
[    0.501853] pci 0000:06:04.0: BAR 13: no space for [io  size 0x1000]
[    0.501854] pci 0000:06:04.0: BAR 13: failed to assign [io  size 0x1000]
[    0.501856] pci 0000:06:00.0: BAR 15: no space for [mem size 0x00200000 64bit pref]
[    0.501857] pci 0000:06:00.0: BAR 15: failed to assign [mem size 0x00200000 64bit pref]
[    0.501858] pci 0000:06:00.0: BAR 13: no space for [io  size 0x1000]
[    0.501858] pci 0000:06:00.0: BAR 13: failed to assign [io  size 0x1000]
[    0.501860] pci 0000:06:00.0: PCI bridge to [bus 07]
[    0.501863] pci 0000:06:00.0:   bridge window [mem 0xa0d00000-0xa0dfffff]
[    0.501869] pci 0000:06:03.0: PCI bridge to [bus 08-38]
[    0.501870] pci 0000:06:03.0:   bridge window [io  0x4000-0x4fff]
[    0.501874] pci 0000:06:03.0:   bridge window [mem 0xa0e00000-0xa4dfffff]
[    0.501876] pci 0000:06:03.0:   bridge window [mem 0xace00000-0xb0dfffff 64bit pref]
[    0.501880] pci 0000:06:04.0: PCI bridge to [bus 39]
[    0.501888] pci 0000:06:05.0: PCI bridge to [bus 3a-6a]
[    0.501890] pci 0000:06:05.0:   bridge window [io  0x5000-0x5fff]
[    0.501893] pci 0000:06:05.0:   bridge window [mem 0xa4e00000-0xa8dfffff]
[    0.501896] pci 0000:06:05.0:   bridge window [mem 0xb0e00000-0xb4dfffff 64bit pref]
[    0.501900] pci 0000:06:06.0: PCI bridge to [bus 6b]
[    0.501908] pci 0000:05:00.0: PCI bridge to [bus 06-6b]
[    0.501909] pci 0000:05:00.0:   bridge window [io  0x4000-0x5fff]
[    0.501913] pci 0000:05:00.0:   bridge window [mem 0xa0d00000-0xa8dfffff]
[    0.501915] pci 0000:05:00.0:   bridge window [mem 0xace00000-0xb4dfffff 64bit pref]
[    0.501919] pci 0000:00:01.1: PCI bridge to [bus 05-9b]
[    0.501920] pci 0000:00:01.1:   bridge window [io  0x4000-0x6fff]
[    0.501922] pci 0000:00:01.1:   bridge window [mem 0xa0d00000-0xacdfffff]
[    0.501923] pci 0000:00:01.1:   bridge window [mem 0xace00000-0xb8dfffff 64bit pref]
[    0.501926] pci 0000:00:1c.0: PCI bridge to [bus 02]
[    0.501933] pci 0000:00:1c.0:   bridge window [io  0x2000-0x2fff]
[    0.501937] pci 0000:00:1c.0:   bridge window [mem 0x7fc00000-0x7fdfffff]
[    0.501941] pci 0000:00:1c.0:   bridge window [mem 0x7fe00000-0x7fffffff 64bit pref]
[    0.501946] pci 0000:00:1c.2: PCI bridge to [bus 03]
[    0.501950] pci 0000:00:1c.2:   bridge window [mem 0xa0400000-0xa08fffff]
[    0.501956] pci 0000:00:1c.3: PCI bridge to [bus 04]
[    0.501961] pci 0000:00:1c.3:   bridge window [mem 0xa0900000-0xa0afffff]
[    0.501964] pci 0000:00:1c.3:   bridge window [mem 0x80000000-0x8fffffff 64bit pref]
[    0.501970] pci_bus 0000:00: resource 4 [io  0x0000-0x0cf7 window]
[    0.501971] pci_bus 0000:00: resource 5 [io  0x0d00-0xffff window]
[    0.501972] pci_bus 0000:00: resource 6 [mem 0x000a0000-0x000bffff window]
[    0.501973] pci_bus 0000:00: resource 7 [mem 0x000c0000-0x000c3fff window]
[    0.501973] pci_bus 0000:00: resource 8 [mem 0x000c4000-0x000c7fff window]
[    0.501974] pci_bus 0000:00: resource 9 [mem 0x000c8000-0x000cbfff window]
[    0.501975] pci_bus 0000:00: resource 10 [mem 0x000cc000-0x000cffff window]
[    0.501976] pci_bus 0000:00: resource 11 [mem 0x000d0000-0x000d3fff window]
[    0.501977] pci_bus 0000:00: resource 12 [mem 0x000d4000-0x000d7fff window]
[    0.501978] pci_bus 0000:00: resource 13 [mem 0x000d8000-0x000dbfff window]
[    0.501979] pci_bus 0000:00: resource 14 [mem 0x000dc000-0x000dffff window]
[    0.501980] pci_bus 0000:00: resource 15 [mem 0x000e0000-0x000e3fff window]
[    0.501981] pci_bus 0000:00: resource 16 [mem 0x000e4000-0x000e7fff window]
[    0.501982] pci_bus 0000:00: resource 17 [mem 0x000e8000-0x000ebfff window]
[    0.501983] pci_bus 0000:00: resource 18 [mem 0x000ec000-0x000effff window]
[    0.501984] pci_bus 0000:00: resource 19 [mem 0x000f0000-0x000fffff window]
[    0.501985] pci_bus 0000:00: resource 20 [mem 0x7fa00000-0xfeafffff window]
[    0.501986] pci_bus 0000:00: resource 21 [mem 0xfed40000-0xfed44fff window]
[    0.501987] pci_bus 0000:01: resource 1 [mem 0xa0b00000-0xa0bfffff]
[    0.501988] pci_bus 0000:05: resource 0 [io  0x4000-0x6fff]
[    0.501989] pci_bus 0000:05: resource 1 [mem 0xa0d00000-0xacdfffff]
[    0.501990] pci_bus 0000:05: resource 2 [mem 0xace00000-0xb8dfffff 64bit pref]
[    0.501991] pci_bus 0000:06: resource 0 [io  0x4000-0x5fff]
[    0.501992] pci_bus 0000:06: resource 1 [mem 0xa0d00000-0xa8dfffff]
[    0.501993] pci_bus 0000:06: resource 2 [mem 0xace00000-0xb4dfffff 64bit pref]
[    0.501994] pci_bus 0000:07: resource 1 [mem 0xa0d00000-0xa0dfffff]
[    0.501995] pci_bus 0000:08: resource 0 [io  0x4000-0x4fff]
[    0.501996] pci_bus 0000:08: resource 1 [mem 0xa0e00000-0xa4dfffff]
[    0.501997] pci_bus 0000:08: resource 2 [mem 0xace00000-0xb0dfffff 64bit pref]
[    0.501998] pci_bus 0000:3a: resource 0 [io  0x5000-0x5fff]
[    0.501999] pci_bus 0000:3a: resource 1 [mem 0xa4e00000-0xa8dfffff]
[    0.502000] pci_bus 0000:3a: resource 2 [mem 0xb0e00000-0xb4dfffff 64bit pref]
[    0.502001] pci_bus 0000:02: resource 0 [io  0x2000-0x2fff]
[    0.502002] pci_bus 0000:02: resource 1 [mem 0x7fc00000-0x7fdfffff]
[    0.502003] pci_bus 0000:02: resource 2 [mem 0x7fe00000-0x7fffffff 64bit pref]
[    0.502004] pci_bus 0000:03: resource 1 [mem 0xa0400000-0xa08fffff]
[    0.502005] pci_bus 0000:04: resource 1 [mem 0xa0900000-0xa0afffff]
[    0.502006] pci_bus 0000:04: resource 2 [mem 0x80000000-0x8fffffff 64bit pref]
[    0.502105] NET: Registered protocol family 2
[    0.502220] tcp_listen_portaddr_hash hash table entries: 8192 (order: 5, 131072 bytes)
[    0.502262] TCP established hash table entries: 131072 (order: 8, 1048576 bytes)
[    0.502410] TCP bind hash table entries: 65536 (order: 8, 1048576 bytes)
[    0.502527] TCP: Hash tables configured (established 131072 bind 65536)
[    0.502555] UDP hash table entries: 8192 (order: 6, 262144 bytes)
[    0.502590] UDP-Lite hash table entries: 8192 (order: 6, 262144 bytes)
[    0.502650] NET: Registered protocol family 1
[    0.502653] NET: Registered protocol family 44
[    0.502661] pci 0000:00:02.0: Video device with shadowed ROM at [mem 0x000c0000-0x000dffff]
[    0.502895] PCI: CLS 256 bytes, default 64
[    0.502923] Unpacking initramfs...
[    1.648199] Freeing initrd memory: 92836K
[    1.649784] PCI-DMA: Using software bounce buffering for IO (SWIOTLB)
[    1.649786] software IO TLB: mapped [mem 0x5f070000-0x63070000] (64MB)
[    1.652063] Initialise system trusted keyrings
[    1.652070] Key type blacklist registered
[    1.652091] workingset: timestamp_bits=36 max_order=22 bucket_order=0
[    1.652972] zbud: loaded
[    1.786133] alg: No test for 842 (842-generic)
[    1.786702] alg: No test for 842 (842-scomp)
[    1.807348] NET: Registered protocol family 38
[    1.807350] Key type asymmetric registered
[    1.807351] Asymmetric key parser 'x509' registered
[    1.807362] Block layer SCSI generic (bsg) driver version 0.4 loaded (major 243)
[    1.807391] io scheduler mq-deadline registered
[    1.807449] atomic64_test: passed for x86-64 platform with CX8 and with SSE
[    1.807847] pciehp 0000:00:1c.0:pcie004: Slot #0 AttnBtn- PwrCtrl- MRL- AttnInd- PwrInd- HotPlug+ Surprise+ Interlock- NoCompl+ LLActRep+
[    1.808334] pciehp 0000:06:00.0:pcie204: Slot #0 AttnBtn- PwrCtrl- MRL- AttnInd- PwrInd- HotPlug+ Surprise+ Interlock- NoCompl+ LLActRep+
[    1.808485] pciehp 0000:06:03.0:pcie204: Slot #3 AttnBtn- PwrCtrl- MRL- AttnInd- PwrInd- HotPlug+ Surprise+ Interlock- NoCompl+ LLActRep+
[    1.808645] pciehp 0000:06:04.0:pcie204: Slot #4 AttnBtn- PwrCtrl- MRL- AttnInd- PwrInd- HotPlug+ Surprise+ Interlock- NoCompl+ LLActRep+
[    1.808799] pciehp 0000:06:05.0:pcie204: Slot #5 AttnBtn- PwrCtrl- MRL- AttnInd- PwrInd- HotPlug+ Surprise+ Interlock- NoCompl+ LLActRep+
[    1.808954] pciehp 0000:06:06.0:pcie204: Slot #6 AttnBtn- PwrCtrl- MRL- AttnInd- PwrInd- HotPlug+ Surprise+ Interlock- NoCompl+ LLActRep+
[    1.809036] shpchp: Standard Hot Plug PCI Controller Driver version: 0.4
[    1.809054] efifb: probing for efifb
[    1.809067] efifb: No BGRT, not showing boot graphics
[    1.809068] efifb: framebuffer at 0x90000000, using 20700k, total 20700k
[    1.809069] efifb: mode is 2880x1800x32, linelength=11776, pages=1
[    1.809069] efifb: scrolling: redraw
[    1.809071] efifb: Truecolor: size=8:8:8:8, shift=24:16:8:0
[    1.809103] fbcon: Deferring console take-over
[    1.809103] fb0: EFI VGA frame buffer device
[    1.809109] intel_idle: MWAIT substates: 0x42120
[    1.809110] intel_idle: v0.4.1 model 0x46
[    1.809345] intel_idle: lapic_timer_reliable_states 0xffffffff
[    1.809450] ACPI: AC Adapter [ADP1] (on-line)
[    1.809500] input: Lid Switch as /devices/LNXSYSTM:00/LNXSYBUS:00/PNP0C0D:00/input/input0
[    1.809525] ACPI: Lid Switch [LID0]
[    1.809580] input: Power Button as /devices/LNXSYSTM:00/LNXSYBUS:00/PNP0C0C:00/input/input1
[    1.809585] ACPI: Power Button [PWRB]
[    1.809607] input: Sleep Button as /devices/LNXSYSTM:00/LNXSYBUS:00/PNP0C0E:00/input/input2
[    1.809610] ACPI: Sleep Button [SLPB]
[    1.809629] input: Power Button as /devices/LNXSYSTM:00/LNXPWRBN:00/input/input3
[    1.809649] ACPI: Power Button [PWRF]
[    1.810599] Serial: 8250/16550 driver, 32 ports, IRQ sharing enabled
[    1.812098] Non-volatile memory driver v1.3
[    1.812122] Linux agpgart interface v0.103
[    1.812776] ahci 0000:01:00.0: version 3.0
[    1.843405] ahci 0000:01:00.0: AHCI 0001.0300 32 slots 1 ports 6 Gbps 0x1 impl SATA mode
[    1.843409] ahci 0000:01:00.0: flags: 64bit ncq led clo only pio ccc 
[    1.843822] scsi host0: ahci
[    1.843916] ata1: SATA max UDMA/133 abar m8192@0xa0b00000 port 0xa0b00100 irq 33
[    1.844001] libphy: Fixed MDIO Bus: probed
[    1.844143] ehci_hcd: USB 2.0 'Enhanced' Host Controller (EHCI) Driver
[    1.844148] ehci-pci: EHCI PCI platform driver
[    1.844165] ohci_hcd: USB 1.1 'Open' Host Controller (OHCI) Driver
[    1.844167] ohci-pci: OHCI PCI platform driver
[    1.844177] uhci_hcd: USB Universal Host Controller Interface driver
[    1.844355] xhci_hcd 0000:00:14.0: xHCI Host Controller
[    1.844482] xhci_hcd 0000:00:14.0: new USB bus registered, assigned bus number 1
[    1.845563] xhci_hcd 0000:00:14.0: hcc params 0x200077c1 hci version 0x100 quirks 0x0000000000009810
[    1.845569] xhci_hcd 0000:00:14.0: cache line size of 256 is not supported
[    1.845786] usb usb1: New USB device found, idVendor=1d6b, idProduct=0002, bcdDevice= 5.00
[    1.845787] usb usb1: New USB device strings: Mfr=3, Product=2, SerialNumber=1
[    1.845789] usb usb1: Product: xHCI Host Controller
[    1.845790] usb usb1: Manufacturer: Linux 5.0.0-rc6+ xhci-hcd
[    1.845790] usb usb1: SerialNumber: 0000:00:14.0
[    1.845965] hub 1-0:1.0: USB hub found
[    1.845985] hub 1-0:1.0: 14 ports detected
[    1.846285] xhci_hcd 0000:00:14.0: xHCI Host Controller
[    1.846374] xhci_hcd 0000:00:14.0: new USB bus registered, assigned bus number 2
[    1.846378] xhci_hcd 0000:00:14.0: Host supports USB 3.0  SuperSpeed
[    1.846438] usb usb2: New USB device found, idVendor=1d6b, idProduct=0003, bcdDevice= 5.00
[    1.846439] usb usb2: New USB device strings: Mfr=3, Product=2, SerialNumber=1
[    1.846440] usb usb2: Product: xHCI Host Controller
[    1.846441] usb usb2: Manufacturer: Linux 5.0.0-rc6+ xhci-hcd
[    1.846442] usb usb2: SerialNumber: 0000:00:14.0
[    1.846523] hub 2-0:1.0: USB hub found
[    1.846539] hub 2-0:1.0: 6 ports detected
[    1.846573] usb: port power management may be unreliable
[    1.846690] usbcore: registered new interface driver usbserial_generic
[    1.846693] usbserial: USB Serial support registered for generic
[    1.846710] i8042: PNP: No PS/2 controller found.
[    1.846748] mousedev: PS/2 mouse device common for all mice
[    1.846899] rtc_cmos 00:02: RTC can wake from S4
[    1.847035] rtc_cmos 00:02: registered as rtc0
[    1.847036] rtc_cmos 00:02: alarms up to one month, y3k, 242 bytes nvram, hpet irqs
[    1.847091] device-mapper: uevent: version 1.0.3
[    1.847124] device-mapper: ioctl: 4.39.0-ioctl (2018-04-03) initialised: dm-devel@redhat.com
[    1.847196] intel_pstate: Intel P-state driver initializing
[    1.847642] hidraw: raw HID events driver (C) Jiri Kosina
[    1.847764] usbcore: registered new interface driver usbhid
[    1.847766] usbhid: USB HID core driver
[    1.848051] drop_monitor: Initializing network drop monitor service
[    1.848353] Initializing XFRM netlink socket
[    1.848641] NET: Registered protocol family 10
[    1.857581] Segment Routing with IPv6
[    1.857636] mip6: Mobile IPv6
[    1.857641] NET: Registered protocol family 17
[    1.859250] RAS: Correctable Errors collector initialized.
[    1.859346] microcode: sig=0x40661, pf=0x20, revision=0x1a
[    1.859598] microcode: Microcode Update Driver: v2.2.
[    1.859618] AVX2 version of gcm_enc/dec engaged.
[    1.859619] AES CTR mode by8 optimization enabled
[    1.892526] sched_clock: Marking stable (1892260132, 254356)->(1976087879, -83573391)
[    1.892791] registered taskstats version 1
[    1.892800] Loading compiled-in X.509 certificates
[    1.924631] Loaded X.509 cert 'Build time autogenerated kernel key: 307e4e8a55fe74f83f10b61aeadbf24a5fc6325b'
[    1.924656] zswap: loaded using pool lzo/zbud
[    1.930364] Key type big_key registered
[    1.932536] Key type encrypted registered
[    1.932557] ima: No TPM chip found, activating TPM-bypass!
[    1.932562] ima: Allocated hash algorithm: sha1
[    1.932566] No architecture policies found
[    1.933034]   Magic number: 7:343:87
[    1.933069] button LNXPWRBN:00: hash matches
[    1.933157] rtc_cmos 00:02: setting system clock to 2019-02-14T17:03:08 UTC (1550163788)
[    2.167830] usb 1-8: new full-speed USB device number 2 using xhci_hcd
[    2.172648] ata1: SATA link up 6.0 Gbps (SStatus 133 SControl 300)
[    2.174708] ata1.00: unexpected _GTF length (8)
[    2.174981] ata1.00: ATA-8: APPLE SSD SM0256G, BXW1SA0Q, max UDMA/133
[    2.174985] ata1.00: 490234752 sectors, multi 16: LBA48 NCQ (depth 32), AA
[    2.175514] ata1.00: unexpected _GTF length (8)
[    2.175788] ata1.00: configured for UDMA/133
[    2.176078] scsi 0:0:0:0: Direct-Access     ATA      APPLE SSD SM0256 SA0Q PQ: 0 ANSI: 5
[    2.176419] sd 0:0:0:0: Attached scsi generic sg0 type 0
[    2.176482] sd 0:0:0:0: [sda] 490234752 512-byte logical blocks: (251 GB/234 GiB)
[    2.176485] sd 0:0:0:0: [sda] 4096-byte physical blocks
[    2.176504] sd 0:0:0:0: [sda] Write Protect is off
[    2.176507] sd 0:0:0:0: [sda] Mode Sense: 00 3a 00 00
[    2.176539] sd 0:0:0:0: [sda] Write cache: enabled, read cache: enabled, doesn't support DPO or FUA
[    2.178569]  sda: sda1 sda2 sda3 sda4
[    2.179318] sd 0:0:0:0: [sda] Attached SCSI disk
[    2.180305] Freeing unused decrypted memory: 2040K
[    2.180642] Freeing unused kernel image memory: 2152K
[    2.186817] Write protecting the kernel read-only data: 18432k
[    2.187335] Freeing unused kernel image memory: 2020K
[    2.187426] Freeing unused kernel image memory: 68K
[    2.194948] x86/mm: Checked W+X mappings: passed, no W+X pages found.
[    2.194952] rodata_test: all tests were successful
[    2.194953] x86/mm: Checking user space page tables
[    2.201613] x86/mm: Checked W+X mappings: passed, no W+X pages found.
[    2.201614] Run /init as init process
[    2.295790] usb 1-8: New USB device found, idVendor=05ac, idProduct=8290, bcdDevice= 1.61
[    2.295792] usb 1-8: New USB device strings: Mfr=1, Product=2, SerialNumber=0
[    2.295793] usb 1-8: Product: Bluetooth USB Host Controller
[    2.295794] usb 1-8: Manufacturer: Broadcom Corp.
[    2.298507] input: Broadcom Corp. Bluetooth USB Host Controller as /devices/pci0000:00/0000:00:14.0/usb1/1-8/1-8:1.0/0003:05AC:8290.0001/input/input4
[    2.349983] hid-generic 0003:05AC:8290.0001: input,hidraw0: USB HID v1.11 Keyboard [Broadcom Corp. Bluetooth USB Host Controller] on usb-0000:00:14.0-8/input0
[    2.350387] input: Broadcom Corp. Bluetooth USB Host Controller as /devices/pci0000:00/0000:00:14.0/usb1/1-8/1-8:1.1/0003:05AC:8290.0002/input/input5
[    2.350612] hid-generic 0003:05AC:8290.0002: input,hidraw1: USB HID v1.11 Mouse [Broadcom Corp. Bluetooth USB Host Controller] on usb-0000:00:14.0-8/input1
[    2.371839] systemd[1]: systemd 239 running in system mode. (+PAM +AUDIT +SELINUX +IMA -APPARMOR +SMACK +SYSVINIT +UTMP +LIBCRYPTSETUP +GCRYPT +GNUTLS +ACL +XZ +LZ4 +SECCOMP +BLKID +ELFUTILS +KMOD +IDN2 -IDN +PCRE2 default-hierarchy=hybrid)
[    2.383901] systemd[1]: Detected architecture x86-64.
[    2.383904] systemd[1]: Running in initial RAM disk.
[    2.386203] systemd[1]: Set hostname to <im-mac>.
[    2.407943] usb 2-4: new SuperSpeed Gen 1 USB device number 2 using xhci_hcd
[    2.422059] usb 2-4: New USB device found, idVendor=05ac, idProduct=8406, bcdDevice= 8.20
[    2.422062] usb 2-4: New USB device strings: Mfr=3, Product=4, SerialNumber=5
[    2.422064] usb 2-4: Product: Card Reader
[    2.422066] usb 2-4: Manufacturer: Apple
[    2.422068] usb 2-4: SerialNumber: 000000000820
[    2.436706] systemd[1]: Reached target Slices.
[    2.436753] systemd[1]: Reached target Timers.
[    2.437816] systemd[1]: Created slice system-systemd\x2dhibernate\x2dresume.slice.
[    2.437825] systemd[1]: Reached target Swap.
[    2.437884] systemd[1]: Listening on udev Control Socket.
[    2.437944] systemd[1]: Listening on Journal Socket.
[    2.486571] audit: type=1130 audit(1550163789.052:2): pid=1 uid=0 auid=4294967295 ses=4294967295 subj=kernel msg='unit=systemd-journald comm="systemd" exe="/usr/lib/systemd/systemd" hostname=? addr=? terminal=? res=success'
[    2.488170] audit: type=1130 audit(1550163789.054:3): pid=1 uid=0 auid=4294967295 ses=4294967295 subj=kernel msg='unit=systemd-vconsole-setup comm="systemd" exe="/usr/lib/systemd/systemd" hostname=? addr=? terminal=? res=success'
[    2.488173] audit: type=1131 audit(1550163789.054:4): pid=1 uid=0 auid=4294967295 ses=4294967295 subj=kernel msg='unit=systemd-vconsole-setup comm="systemd" exe="/usr/lib/systemd/systemd" hostname=? addr=? terminal=? res=success'
[    2.534792] usb 1-12: new full-speed USB device number 3 using xhci_hcd
[    2.663535] usb 1-12: New USB device found, idVendor=05ac, idProduct=0274, bcdDevice= 6.24
[    2.663539] usb 1-12: New USB device strings: Mfr=1, Product=2, SerialNumber=3
[    2.663541] usb 1-12: Product: Apple Internal Keyboard / Trackpad
[    2.663543] usb 1-12: Manufacturer: Apple Inc.
[    2.663545] usb 1-12: SerialNumber: D3H61830CG1FTV4A16PF
[    2.666930] audit: type=1130 audit(1550163789.233:5): pid=1 uid=0 auid=4294967295 ses=4294967295 subj=kernel msg='unit=dracut-cmdline comm="systemd" exe="/usr/lib/systemd/systemd" hostname=? addr=? terminal=? res=success'
[    2.685773] tsc: Refined TSC clocksource calibration: 2194.905 MHz
[    2.685780] clocksource: tsc: mask: 0xffffffffffffffff max_cycles: 0x1fa36608846, max_idle_ns: 440795317706 ns
[    2.685799] clocksource: Switched to clocksource tsc
[    2.693997] audit: type=1130 audit(1550163789.259:6): pid=1 uid=0 auid=4294967295 ses=4294967295 subj=kernel msg='unit=dracut-pre-udev comm="systemd" exe="/usr/lib/systemd/systemd" hostname=? addr=? terminal=? res=success'
[    2.712748] audit: type=1130 audit(1550163789.277:7): pid=1 uid=0 auid=4294967295 ses=4294967295 subj=kernel msg='unit=systemd-udevd comm="systemd" exe="/usr/lib/systemd/systemd" hostname=? addr=? terminal=? res=success'
[    2.717342] apple 0003:05AC:0274.0003: hiddev96,hidraw2: USB HID v1.10 Device [Apple Inc. Apple Internal Keyboard / Trackpad] on usb-0000:00:14.0-12/input0
[    2.717541] input: Apple Inc. Apple Internal Keyboard / Trackpad as /devices/pci0000:00/0000:00:14.0/usb1/1-12/1-12:1.1/0003:05AC:0274.0004/input/input6
[    2.768978] apple 0003:05AC:0274.0004: input,hiddev97,hidraw3: USB HID v1.10 Keyboard [Apple Inc. Apple Internal Keyboard / Trackpad] on usb-0000:00:14.0-12/input1
[    2.769141] apple 0003:05AC:0274.0005: hiddev98,hidraw4: USB HID v1.10 Device [Apple Inc. Apple Internal Keyboard / Trackpad] on usb-0000:00:14.0-12/input3
[    2.769286] apple 0003:05AC:0274.0006: hiddev99,hidraw5: USB HID v1.10 Device [Apple Inc. Apple Internal Keyboard / Trackpad] on usb-0000:00:14.0-12/input4
[    2.774563] audit: type=1130 audit(1550163789.339:8): pid=1 uid=0 auid=4294967295 ses=4294967295 subj=kernel msg='unit=systemd-udev-trigger comm="systemd" exe="/usr/lib/systemd/systemd" hostname=? addr=? terminal=? res=success'
[    2.791862] audit: type=1130 audit(1550163789.357:9): pid=1 uid=0 auid=4294967295 ses=4294967295 subj=kernel msg='unit=plymouth-start comm="systemd" exe="/usr/lib/systemd/systemd" hostname=? addr=? terminal=? res=success'
[    2.812484] usb-storage 2-4:1.0: USB Mass Storage device detected
[    2.812707] scsi host1: usb-storage 2-4:1.0
[    2.812781] usbcore: registered new interface driver usb-storage
[    2.818030] usbcore: registered new interface driver uas
[    2.965091] audit: type=1130 audit(1550163789.530:10): pid=1 uid=0 auid=4294967295 ses=4294967295 subj=kernel msg='unit=systemd-ask-password-plymouth comm="systemd" exe="/usr/lib/systemd/systemd" hostname=? addr=? terminal=? res=success'
[    3.057040] VFIO - User Level meta-driver version: 0.3
[    3.631464] [drm] Found 128MB of eDRAM
[    3.631602] checking generic (90000000 1437000) vs hw (90000000 10000000)
[    3.631603] fb0: switching to inteldrmfb from EFI VGA
[    3.631668] [drm] Replacing VGA console driver
[    3.632144] [drm] Supports vblank timestamp caching Rev 2 (21.10.2013).
[    3.632144] [drm] Driver supports precise vblank timestamp query.
[    3.632182] i915 0000:00:02.0: vgaarb: changed VGA decodes: olddecodes=io+mem,decodes=io+mem:owns=io+mem
[    3.651662] [drm] Initialized i915 1.6.0 20181204 for 0000:00:02.0 on minor 0
[    3.652515] ACPI: Video Device [IGPU] (multi-head: yes  rom: no  post: no)
[    3.653119] acpi device:57: registered as cooling_device8
[    3.653196] input: Video Bus as /devices/LNXSYSTM:00/LNXSYBUS:00/PNP0A08:00/LNXVIDEO:00/input/input7
[    3.659577] fbcon: inteldrmfb (fb0) is primary device
[    3.659579] fbcon: Deferring console take-over
[    3.659582] i915 0000:00:02.0: fb0: inteldrmfb frame buffer device
[    3.840266] scsi 1:0:0:0: Direct-Access     APPLE    SD Card Reader   3.00 PQ: 0 ANSI: 6
[    3.840636] sd 1:0:0:0: Attached scsi generic sg1 type 0
[    3.842267] sd 1:0:0:0: [sdb] Attached SCSI removable disk
[   11.911258] device-mapper: crypt: xts(aes) using implementation "xts-aes-aesni"
[   11.967850] kauditd_printk_skb: 2 callbacks suppressed
[   11.967852] audit: type=1130 audit(1550163798.533:13): pid=1 uid=0 auid=4294967295 ses=4294967295 subj=kernel msg='unit=systemd-cryptsetup@luks\x2ddd1fa933\x2def9f\x2d402b\x2da2e4\x2d7c9d6fb7ce0d comm="systemd" exe="/usr/lib/systemd/systemd" hostname=? addr=? terminal=? res=success'
[   12.312830] PM: Image not found (code -22)
[   12.314172] audit: type=1130 audit(1550163798.879:14): pid=1 uid=0 auid=4294967295 ses=4294967295 subj=kernel msg='unit=systemd-hibernate-resume@dev-mapper-im\x2d\x2dmac\x2dswap comm="systemd" exe="/usr/lib/systemd/systemd" hostname=? addr=? terminal=? res=success'
[   12.314176] audit: type=1131 audit(1550163798.879:15): pid=1 uid=0 auid=4294967295 ses=4294967295 subj=kernel msg='unit=systemd-hibernate-resume@dev-mapper-im\x2d\x2dmac\x2dswap comm="systemd" exe="/usr/lib/systemd/systemd" hostname=? addr=? terminal=? res=success'
[   12.323127] audit: type=1130 audit(1550163798.888:16): pid=1 uid=0 auid=4294967295 ses=4294967295 subj=kernel msg='unit=systemd-tmpfiles-setup comm="systemd" exe="/usr/lib/systemd/systemd" hostname=? addr=? terminal=? res=success'
[   12.335728] audit: type=1130 audit(1550163798.900:17): pid=1 uid=0 auid=4294967295 ses=4294967295 subj=kernel msg='unit=dracut-initqueue comm="systemd" exe="/usr/lib/systemd/systemd" hostname=? addr=? terminal=? res=success'
[   12.351441] audit: type=1130 audit(1550163798.916:18): pid=1 uid=0 auid=4294967295 ses=4294967295 subj=kernel msg='unit=systemd-fsck-root comm="systemd" exe="/usr/lib/systemd/systemd" hostname=? addr=? terminal=? res=success'
[   12.663051] SGI XFS with ACLs, security attributes, scrub, no debug enabled
[   12.667489] XFS (dm-1): Mounting V5 Filesystem
[   12.684454] XFS (dm-1): Ending clean mount
[   12.802075] audit: type=1130 audit(1550163799.367:19): pid=1 uid=0 auid=4294967295 ses=4294967295 subj=kernel msg='unit=initrd-parse-etc comm="systemd" exe="/usr/lib/systemd/systemd" hostname=? addr=? terminal=? res=success'
[   12.802079] audit: type=1131 audit(1550163799.367:20): pid=1 uid=0 auid=4294967295 ses=4294967295 subj=kernel msg='unit=initrd-parse-etc comm="systemd" exe="/usr/lib/systemd/systemd" hostname=? addr=? terminal=? res=success'
[   12.945832] audit: type=1130 audit(1550163799.511:21): pid=1 uid=0 auid=4294967295 ses=4294967295 subj=kernel msg='unit=dracut-pre-pivot comm="systemd" exe="/usr/lib/systemd/systemd" hostname=? addr=? terminal=? res=success'
[   12.957677] audit: type=1131 audit(1550163799.522:22): pid=1 uid=0 auid=4294967295 ses=4294967295 subj=kernel msg='unit=dracut-pre-pivot comm="systemd" exe="/usr/lib/systemd/systemd" hostname=? addr=? terminal=? res=success'
[   13.040643] systemd-journald[309]: Received SIGTERM from PID 1 (systemd).
[   13.069095] printk: systemd: 14 output lines suppressed due to ratelimiting
[   13.518194] SELinux:  Class xdp_socket not defined in policy.
[   13.518195] SELinux: the above unknown classes and permissions will be allowed
[   13.518197] SELinux:  policy capability network_peer_controls=1
[   13.518198] SELinux:  policy capability open_perms=1
[   13.518198] SELinux:  policy capability extended_socket_class=1
[   13.518198] SELinux:  policy capability always_check_network=0
[   13.518199] SELinux:  policy capability cgroup_seclabel=1
[   13.518199] SELinux:  policy capability nnp_nosuid_transition=1
[   13.539401] systemd[1]: Successfully loaded SELinux policy in 387.358ms.
[   13.577945] systemd[1]: Relabelled /dev, /run and /sys/fs/cgroup in 24.907ms.
[   13.580144] systemd[1]: systemd 239 running in system mode. (+PAM +AUDIT +SELINUX +IMA -APPARMOR +SMACK +SYSVINIT +UTMP +LIBCRYPTSETUP +GCRYPT +GNUTLS +ACL +XZ +LZ4 +SECCOMP +BLKID +ELFUTILS +KMOD +IDN2 -IDN +PCRE2 default-hierarchy=hybrid)
[   13.591933] systemd[1]: Detected architecture x86-64.
[   13.593513] systemd[1]: Set hostname to <im-mac>.
[   13.618674] systemd-sysv-generator[894]: stat() failed on /etc/rc.d/init.d/jexec, ignoring: No such file or directory
[   13.782007] systemd[1]: Stopped Switch Root.
[   13.782252] systemd[1]: systemd-journald.service: Service has no hold-off time (RestartSec=0), scheduling restart.
[   13.782309] systemd[1]: systemd-journald.service: Scheduled restart job, restart counter is at 1.
[   13.782327] systemd[1]: Stopped Journal Service.
[   13.783265] systemd[1]: Starting Journal Service...
[   13.783700] systemd[1]: Set up automount Arbitrary Executable File Formats File System Automount Point.
[   13.784405] systemd[1]: Activating swap /dev/mapper/im--mac-swap...
[   13.792010] Adding 4194300k swap on /dev/mapper/im--mac-swap.  Priority:-2 extents:1 across:4194300k SSFS
[   13.833772] systemd-journald[902]: Received request to flush runtime journal from PID 1
[   14.042892] smbus_hc ACPI0001:00: SBS HC: offset = 0x20, query_bit = 0x10
[   14.044417] apple_gmux: gmux device not present
[   14.066761] i801_smbus 0000:00:1f.3: SPD Write Disable is set
[   14.066798] i801_smbus 0000:00:1f.3: SMBus using PCI interrupt
[   14.069570] ACPI Warning: SystemIO range 0x0000000000000840-0x000000000000084F conflicts with OpRegion 0x0000000000000800-0x0000000000000863 (\GPIO) (20181213/utaddress-213)
[   14.069575] ACPI: If an ACPI driver is available for this device, you should use it instead of the native driver
[   14.069576] ACPI Warning: SystemIO range 0x0000000000000830-0x000000000000083F conflicts with OpRegion 0x0000000000000800-0x0000000000000863 (\GPIO) (20181213/utaddress-213)
[   14.069580] ACPI: If an ACPI driver is available for this device, you should use it instead of the native driver
[   14.069581] ACPI Warning: SystemIO range 0x0000000000000800-0x000000000000082F conflicts with OpRegion 0x0000000000000810-0x0000000000000813 (\_PR.IO_D) (20181213/utaddress-213)
[   14.069584] ACPI Warning: SystemIO range 0x0000000000000800-0x000000000000082F conflicts with OpRegion 0x0000000000000800-0x0000000000000863 (\GPIO) (20181213/utaddress-213)
[   14.069587] ACPI Warning: SystemIO range 0x0000000000000800-0x000000000000082F conflicts with OpRegion 0x0000000000000810-0x0000000000000813 (\IO_D) (20181213/utaddress-213)
[   14.069591] ACPI Warning: SystemIO range 0x0000000000000800-0x000000000000082F conflicts with OpRegion 0x0000000000000800-0x000000000000080F (\IO_T) (20181213/utaddress-213)
[   14.069594] ACPI: If an ACPI driver is available for this device, you should use it instead of the native driver
[   14.069594] lpc_ich: Resource conflict(s) found affecting gpio_ich
[   14.160442] input: bcm5974 as /devices/pci0000:00/0000:00:14.0/usb1/1-12/1-12:1.2/input/input8
[   14.161574] usbcore: registered new interface driver bcm5974
[   14.162947] RAPL PMU: API unit is 2^-32 Joules, 4 fixed counters, 655360 ms ovfl timer
[   14.162948] RAPL PMU: hw unit of domain pp0-core 2^-14 Joules
[   14.162949] RAPL PMU: hw unit of domain package 2^-14 Joules
[   14.162950] RAPL PMU: hw unit of domain dram 2^-14 Joules
[   14.162951] RAPL PMU: hw unit of domain pp1-gpu 2^-14 Joules
[   14.165258] thunderbolt 0000:07:00.0: 0:1: is unplugged (state: 7)
[   14.165383] thunderbolt 0000:07:00.0: 0:3: is unplugged (state: 7)
[   14.327168] iTCO_vendor_support: vendor-support=0
[   14.333914] iTCO_wdt: Intel TCO WatchDog Timer Driver v1.11
[   14.334226] iTCO_wdt: unable to reset NO_REBOOT flag, device disabled by hardware/BIOS
[   14.342812] applesmc: key=719 fan=2 temp=48 index=43 acc=0 lux=2 kbd=1
[   14.351673] cfg80211: Loading compiled-in X.509 certificates for regulatory database
[   14.352488] cfg80211: Loaded X.509 cert 'sforshee: 00b28ddf47aef9cea7'
[   14.354389] Bluetooth: Core ver 2.22
[   14.354408] NET: Registered protocol family 31
[   14.354409] Bluetooth: HCI device and connection manager initialized
[   14.354412] Bluetooth: HCI socket layer initialized
[   14.354414] Bluetooth: L2CAP socket layer initialized
[   14.354418] Bluetooth: SCO socket layer initialized
[   14.355381] applesmc applesmc.768: hwmon_device_register() is deprecated. Please convert the driver to use hwmon_device_register_with_info().
[   14.355431] ACPI: Smart Battery System [SBS0]: Battery Slot [BAT0] (battery present)
[   14.400683] snd_hda_intel 0000:00:03.0: Linked as a consumer to 0000:00:02.0
[   14.400720] snd_hda_intel 0000:00:03.0: bound 0000:00:02.0 (ops i915_audio_component_bind_ops [i915])
[   14.419290] usbcore: registered new interface driver btusb
[   14.480994] input: HDA Intel HDMI HDMI/DP,pcm=3 as /devices/pci0000:00/0000:00:03.0/sound/card0/input9
[   14.481093] input: HDA Intel HDMI HDMI/DP,pcm=7 as /devices/pci0000:00/0000:00:03.0/sound/card0/input10
[   14.481185] input: HDA Intel HDMI HDMI/DP,pcm=8 as /devices/pci0000:00/0000:00:03.0/sound/card0/input11
[   14.481276] input: HDA Intel HDMI HDMI/DP,pcm=9 as /devices/pci0000:00/0000:00:03.0/sound/card0/input12
[   14.481365] input: HDA Intel HDMI HDMI/DP,pcm=10 as /devices/pci0000:00/0000:00:03.0/sound/card0/input13
[   14.493886] snd_hda_codec_cirrus hdaudioC1D0: autoconfig for CS4208: line_outs=2 (0x12/0x13/0x0/0x0/0x0) type:speaker
[   14.493889] snd_hda_codec_cirrus hdaudioC1D0:    speaker_outs=0 (0x0/0x0/0x0/0x0/0x0)
[   14.493891] snd_hda_codec_cirrus hdaudioC1D0:    hp_outs=1 (0x10/0x0/0x0/0x0/0x0)
[   14.493892] snd_hda_codec_cirrus hdaudioC1D0:    mono: mono_out=0x0
[   14.493893] snd_hda_codec_cirrus hdaudioC1D0:    dig-out=0x21/0x0
[   14.493894] snd_hda_codec_cirrus hdaudioC1D0:    inputs:
[   14.493896] snd_hda_codec_cirrus hdaudioC1D0:      Internal Mic=0x1c
[   14.493897] snd_hda_codec_cirrus hdaudioC1D0:      Mic=0x18
[   14.503820] input: HDA Intel PCH Mic as /devices/pci0000:00/0000:00:1b.0/sound/card1/input14
[   14.503886] input: HDA Intel PCH Headphone as /devices/pci0000:00/0000:00:1b.0/sound/card1/input15
[   14.503950] input: HDA Intel PCH SPDIF as /devices/pci0000:00/0000:00:1b.0/sound/card1/input16
[   14.526936] Bluetooth: hci0: BCM: chip id 102 build 0715
[   14.527943] Bluetooth: hci0: BCM: product 05ac:8290
[   14.528930] Bluetooth: hci0: BCM: features 0x2f
[   14.545907] Bluetooth: hci0: im-mac
[   14.549007] usbcore: registered new interface driver brcmfmac
[   14.581283] intel_rapl: Found RAPL domain package
[   14.581284] intel_rapl: Found RAPL domain core
[   14.581285] intel_rapl: Found RAPL domain uncore
[   14.581286] intel_rapl: Found RAPL domain dram
[   14.628853] XFS (dm-3): Mounting V5 Filesystem
[   14.628896] XFS (dm-4): Mounting V5 Filesystem
[   14.633801] XFS (sda3): Mounting V5 Filesystem
[   14.645078] XFS (dm-3): Ending clean mount
[   14.646194] XFS (dm-4): Ending clean mount
[   14.654133] brcmfmac: brcmf_fw_alloc_request: using brcm/brcmfmac43602-pcie for chip BCM43602/1
[   14.658462] XFS (sda3): Ending clean mount
[   14.661401] brcmfmac 0000:03:00.0: Direct firmware load for brcm/brcmfmac43602-pcie.Apple Inc.-MacBookPro11,4.txt failed with error -2
[   14.661417] brcmfmac 0000:03:00.0: Direct firmware load for brcm/brcmfmac43602-pcie.txt failed with error -2
[   15.157792] Bluetooth: BNEP (Ethernet Emulation) ver 1.3
[   15.157794] Bluetooth: BNEP filters: protocol multicast
[   15.157797] Bluetooth: BNEP socket layer initialized
[   15.175096] brcmfmac: brcmf_fw_alloc_request: using brcm/brcmfmac43602-pcie for chip BCM43602/1
[   15.175115] brcmfmac 0000:03:00.0: Direct firmware load for brcm/brcmfmac43602-pcie.clm_blob failed with error -2
[   15.175117] brcmfmac: brcmf_c_process_clm_blob: no clm_blob available (err=-2), device may have limited channels available
[   15.176011] brcmfmac: brcmf_c_preinit_dcmds: Firmware: BCM43602/1 wl0: Nov 10 2015 06:38:10 version 7.35.177.61 (r598657) FWID 01-ea662a8c
[   15.231555] brcmfmac 0000:03:00.0 wlp3s0: renamed from wlan0
[   16.564963] L1TF CPU bug present and SMT on, data leak possible. See CVE-2018-3646 and https://www.kernel.org/doc/html/latest/admin-guide/l1tf.html for details.
[   17.368340] tun: Universal TUN/TAP device driver, 1.6
[   17.370030] virbr0: port 1(virbr0-nic) entered blocking state
[   17.370032] virbr0: port 1(virbr0-nic) entered disabled state
[   17.370079] device virbr0-nic entered promiscuous mode
[   17.467127] virbr0: port 1(virbr0-nic) entered blocking state
[   17.467129] virbr0: port 1(virbr0-nic) entered listening state
[   17.527203] virbr0: port 1(virbr0-nic) entered disabled state
[   23.043942] bcm5974: bad trackpad package, length: 8
[   23.088285] Bluetooth: RFCOMM TTY layer initialized
[   23.088291] Bluetooth: RFCOMM socket layer initialized
[   23.088352] Bluetooth: RFCOMM ver 1.11
[   23.269445] fuse init (API version 7.28)
[   24.447927] rfkill: input handler disabled
[   24.800783] IPv6: ADDRCONF(NETDEV_CHANGE): wlp3s0: link becomes ready
[   25.242995] brcmfmac: brcmf_inetaddr_changed: fail to get arp ip table err:-52
[   85.311354] xhci_hcd 0000:00:14.0: ep 0x82 - asked for 65 bytes, 55 bytes untransferred
[   86.311453] xhci_hcd 0000:00:14.0: ep 0x82 - asked for 65 bytes, 55 bytes untransferred
[   86.887454] xhci_hcd 0000:00:14.0: ep 0x82 - asked for 65 bytes, 55 bytes untransferred
[   86.911386] xhci_hcd 0000:00:14.0: ep 0x82 - asked for 65 bytes, 55 bytes untransferred
[   87.023447] xhci_hcd 0000:00:14.0: ep 0x82 - asked for 65 bytes, 55 bytes untransferred
[   87.024398] xhci_hcd 0000:00:14.0: ep 0x81 - asked for 96 bytes, 78 bytes untransferred
[   87.024403] xhci_hcd 0000:00:14.0: Giveback URB 00000000c6ef57b9, len = 18, expected = 96, status = 0
[   87.024444] xhci_hcd 0000:00:14.0: Stalled endpoint for slot 2 ep 2
[   87.024448] xhci_hcd 0000:00:14.0: Cleaning up stalled endpoint ring
[   87.024450] xhci_hcd 0000:00:14.0: Finding endpoint context
[   87.024452] xhci_hcd 0000:00:14.0: Cycle state = 0x1
[   87.024454] xhci_hcd 0000:00:14.0: New dequeue segment = 00000000485ba22b (virtual)
[   87.024457] xhci_hcd 0000:00:14.0: New dequeue pointer = 0x4594744c0 (DMA)
[   87.024458] xhci_hcd 0000:00:14.0: Queueing new dequeue state
[   87.024461] xhci_hcd 0000:00:14.0: Set TR Deq Ptr cmd, new deq seg = 00000000485ba22b (0x459474000 dma), new deq ptr = 000000008fcbd327 (0x4594744c0 dma), new cycle = 1
[   87.024463] xhci_hcd 0000:00:14.0: // Ding dong!
[   87.024472] xhci_hcd 0000:00:14.0: Giveback URB 00000000457b1811, len = 0, expected = 13, status = -32
[   87.024476] xhci_hcd 0000:00:14.0: Ignoring reset ep completion code of 1
[   87.024479] xhci_hcd 0000:00:14.0: Successful Set TR Deq Ptr cmd, deq = @4594744c0
[   87.239467] xhci_hcd 0000:00:14.0: ep 0x82 - asked for 65 bytes, 55 bytes untransferred
[   87.407394] xhci_hcd 0000:00:14.0: ep 0x82 - asked for 65 bytes, 55 bytes untransferred
[   87.487408] xhci_hcd 0000:00:14.0: ep 0x82 - asked for 65 bytes, 55 bytes untransferred
[   88.103472] xhci_hcd 0000:00:14.0: ep 0x82 - asked for 65 bytes, 55 bytes untransferred
[   88.711466] xhci_hcd 0000:00:14.0: ep 0x82 - asked for 65 bytes, 55 bytes untransferred
[   88.911467] xhci_hcd 0000:00:14.0: ep 0x82 - asked for 65 bytes, 55 bytes untransferred
[   88.967430] xhci_hcd 0000:00:14.0: ep 0x82 - asked for 65 bytes, 55 bytes untransferred
[   88.983399] xhci_hcd 0000:00:14.0: ep 0x82 - asked for 65 bytes, 55 bytes untransferred
[   89.072825] xhci_hcd 0000:00:14.0: ep 0x81 - asked for 96 bytes, 78 bytes untransferred
[   89.072833] xhci_hcd 0000:00:14.0: Giveback URB 00000000c6ef57b9, len = 18, expected = 96, status = 0
[   89.072906] xhci_hcd 0000:00:14.0: Stalled endpoint for slot 2 ep 2
[   89.072914] xhci_hcd 0000:00:14.0: Cleaning up stalled endpoint ring
[   89.072918] xhci_hcd 0000:00:14.0: Finding endpoint context
[   89.072923] xhci_hcd 0000:00:14.0: Cycle state = 0x1
[   89.072927] xhci_hcd 0000:00:14.0: New dequeue segment = 00000000485ba22b (virtual)
[   89.072929] xhci_hcd 0000:00:14.0: New dequeue pointer = 0x459474500 (DMA)
[   89.072931] xhci_hcd 0000:00:14.0: Queueing new dequeue state
[   89.072936] xhci_hcd 0000:00:14.0: Set TR Deq Ptr cmd, new deq seg = 00000000485ba22b (0x459474000 dma), new deq ptr = 00000000e20ea7d5 (0x459474500 dma), new cycle = 1
[   89.072938] xhci_hcd 0000:00:14.0: // Ding dong!
[   89.072948] xhci_hcd 0000:00:14.0: Giveback URB 00000000457b1811, len = 0, expected = 13, status = -32
[   89.072955] xhci_hcd 0000:00:14.0: Ignoring reset ep completion code of 1
[   89.072959] xhci_hcd 0000:00:14.0: Successful Set TR Deq Ptr cmd, deq = @459474500
[   89.387397] xhci_hcd 0000:00:14.0: ep 0x83 - asked for 526 bytes, 450 bytes untransferred
[   89.394422] xhci_hcd 0000:00:14.0: ep 0x83 - asked for 526 bytes, 450 bytes untransferred
[   89.402375] xhci_hcd 0000:00:14.0: ep 0x83 - asked for 526 bytes, 450 bytes untransferred
[   89.410425] xhci_hcd 0000:00:14.0: ep 0x83 - asked for 526 bytes, 450 bytes untransferred
[   89.418418] xhci_hcd 0000:00:14.0: ep 0x83 - asked for 526 bytes, 450 bytes untransferred
[   89.426372] xhci_hcd 0000:00:14.0: ep 0x83 - asked for 526 bytes, 450 bytes untransferred
[   89.434419] xhci_hcd 0000:00:14.0: ep 0x83 - asked for 526 bytes, 450 bytes untransferred
[   89.442409] xhci_hcd 0000:00:14.0: ep 0x83 - asked for 526 bytes, 450 bytes untransferred
[   89.450395] xhci_hcd 0000:00:14.0: ep 0x83 - asked for 526 bytes, 450 bytes untransferred
[   89.458432] xhci_hcd 0000:00:14.0: ep 0x83 - asked for 526 bytes, 450 bytes untransferred
[   89.466394] xhci_hcd 0000:00:14.0: ep 0x83 - asked for 526 bytes, 450 bytes untransferred
[   89.474410] xhci_hcd 0000:00:14.0: ep 0x83 - asked for 526 bytes, 450 bytes untransferred
[   89.482399] xhci_hcd 0000:00:14.0: ep 0x83 - asked for 526 bytes, 450 bytes untransferred
[   89.490372] xhci_hcd 0000:00:14.0: ep 0x83 - asked for 526 bytes, 450 bytes untransferred
[   89.499389] xhci_hcd 0000:00:14.0: ep 0x83 - asked for 526 bytes, 450 bytes untransferred
[   89.507396] xhci_hcd 0000:00:14.0: ep 0x83 - asked for 526 bytes, 450 bytes untransferred
[   89.515396] xhci_hcd 0000:00:14.0: ep 0x83 - asked for 526 bytes, 450 bytes untransferred
[   89.523419] xhci_hcd 0000:00:14.0: ep 0x83 - asked for 526 bytes, 450 bytes untransferred
[   89.531391] xhci_hcd 0000:00:14.0: ep 0x83 - asked for 526 bytes, 450 bytes untransferred
[   89.539395] xhci_hcd 0000:00:14.0: ep 0x83 - asked for 526 bytes, 450 bytes untransferred
[   89.547393] xhci_hcd 0000:00:14.0: ep 0x83 - asked for 526 bytes, 450 bytes untransferred
[   89.555396] xhci_hcd 0000:00:14.0: ep 0x83 - asked for 526 bytes, 450 bytes untransferred
[   89.563396] xhci_hcd 0000:00:14.0: ep 0x83 - asked for 526 bytes, 450 bytes untransferred
[   89.571392] xhci_hcd 0000:00:14.0: ep 0x83 - asked for 526 bytes, 450 bytes untransferred
[   89.580407] xhci_hcd 0000:00:14.0: ep 0x83 - asked for 526 bytes, 450 bytes untransferred
[   89.588391] xhci_hcd 0000:00:14.0: ep 0x83 - asked for 526 bytes, 450 bytes untransferred
[   89.596400] xhci_hcd 0000:00:14.0: ep 0x83 - asked for 526 bytes, 450 bytes untransferred
[   89.604411] xhci_hcd 0000:00:14.0: ep 0x83 - asked for 526 bytes, 450 bytes untransferred
[   89.612408] xhci_hcd 0000:00:14.0: ep 0x83 - asked for 526 bytes, 450 bytes untransferred
[   89.620400] xhci_hcd 0000:00:14.0: ep 0x83 - asked for 526 bytes, 450 bytes untransferred
[   89.628411] xhci_hcd 0000:00:14.0: ep 0x83 - asked for 526 bytes, 450 bytes untransferred
[   89.636403] xhci_hcd 0000:00:14.0: ep 0x83 - asked for 526 bytes, 450 bytes untransferred
[   89.644413] xhci_hcd 0000:00:14.0: ep 0x83 - asked for 526 bytes, 450 bytes untransferred
[   89.652394] xhci_hcd 0000:00:14.0: ep 0x83 - asked for 526 bytes, 450 bytes untransferred
[   89.660394] xhci_hcd 0000:00:14.0: ep 0x83 - asked for 526 bytes, 450 bytes untransferred
[   89.668398] xhci_hcd 0000:00:14.0: ep 0x83 - asked for 526 bytes, 450 bytes untransferred
[   89.676428] xhci_hcd 0000:00:14.0: ep 0x83 - asked for 526 bytes, 450 bytes untransferred
[   89.684394] xhci_hcd 0000:00:14.0: ep 0x83 - asked for 526 bytes, 450 bytes untransferred
[   89.692395] xhci_hcd 0000:00:14.0: ep 0x83 - asked for 526 bytes, 450 bytes untransferred
[   89.701395] xhci_hcd 0000:00:14.0: ep 0x83 - asked for 526 bytes, 450 bytes untransferred
[   89.709395] xhci_hcd 0000:00:14.0: ep 0x83 - asked for 526 bytes, 450 bytes untransferred
[   89.717397] xhci_hcd 0000:00:14.0: ep 0x83 - asked for 526 bytes, 450 bytes untransferred
[   89.725418] xhci_hcd 0000:00:14.0: ep 0x83 - asked for 526 bytes, 450 bytes untransferred
[   89.733392] xhci_hcd 0000:00:14.0: ep 0x83 - asked for 526 bytes, 450 bytes untransferred
[   89.741394] xhci_hcd 0000:00:14.0: ep 0x83 - asked for 526 bytes, 450 bytes untransferred
[   89.749417] xhci_hcd 0000:00:14.0: ep 0x83 - asked for 526 bytes, 450 bytes untransferred
[   89.757394] xhci_hcd 0000:00:14.0: ep 0x83 - asked for 526 bytes, 450 bytes untransferred
[   89.765395] xhci_hcd 0000:00:14.0: ep 0x83 - asked for 526 bytes, 450 bytes untransferred
[   89.773395] xhci_hcd 0000:00:14.0: ep 0x83 - asked for 526 bytes, 450 bytes untransferred
[   89.781406] xhci_hcd 0000:00:14.0: ep 0x83 - asked for 526 bytes, 450 bytes untransferred
[   89.789415] xhci_hcd 0000:00:14.0: ep 0x83 - asked for 526 bytes, 450 bytes untransferred
[   89.797391] xhci_hcd 0000:00:14.0: ep 0x83 - asked for 526 bytes, 450 bytes untransferred
[   89.805396] xhci_hcd 0000:00:14.0: ep 0x83 - asked for 526 bytes, 450 bytes untransferred
[   89.813396] xhci_hcd 0000:00:14.0: ep 0x83 - asked for 526 bytes, 450 bytes untransferred
[   89.822401] xhci_hcd 0000:00:14.0: ep 0x83 - asked for 526 bytes, 450 bytes untransferred
[   89.830426] xhci_hcd 0000:00:14.0: ep 0x83 - asked for 526 bytes, 450 bytes untransferred
[   89.838408] xhci_hcd 0000:00:14.0: ep 0x83 - asked for 526 bytes, 450 bytes untransferred
[   89.846401] xhci_hcd 0000:00:14.0: ep 0x83 - asked for 526 bytes, 450 bytes untransferred
[   89.854423] xhci_hcd 0000:00:14.0: ep 0x83 - asked for 526 bytes, 450 bytes untransferred
[   89.862419] xhci_hcd 0000:00:14.0: ep 0x83 - asked for 526 bytes, 450 bytes untransferred
[   89.870389] xhci_hcd 0000:00:14.0: ep 0x83 - asked for 526 bytes, 450 bytes untransferred
[   89.878427] xhci_hcd 0000:00:14.0: ep 0x83 - asked for 526 bytes, 450 bytes untransferred
[   89.886408] xhci_hcd 0000:00:14.0: ep 0x83 - asked for 526 bytes, 450 bytes untransferred
[   89.894385] xhci_hcd 0000:00:14.0: ep 0x83 - asked for 526 bytes, 450 bytes untransferred
[   89.902430] xhci_hcd 0000:00:14.0: ep 0x83 - asked for 526 bytes, 450 bytes untransferred
[   89.910397] xhci_hcd 0000:00:14.0: ep 0x83 - asked for 526 bytes, 450 bytes untransferred
[   89.918411] xhci_hcd 0000:00:14.0: ep 0x83 - asked for 526 bytes, 450 bytes untransferred
[   89.926400] xhci_hcd 0000:00:14.0: ep 0x83 - asked for 526 bytes, 450 bytes untransferred
[   89.934386] xhci_hcd 0000:00:14.0: ep 0x83 - asked for 526 bytes, 450 bytes untransferred
[   89.943409] xhci_hcd 0000:00:14.0: ep 0x83 - asked for 526 bytes, 450 bytes untransferred
[   89.951409] xhci_hcd 0000:00:14.0: ep 0x83 - asked for 526 bytes, 450 bytes untransferred
[   89.959380] xhci_hcd 0000:00:14.0: ep 0x83 - asked for 526 bytes, 450 bytes untransferred
[   89.967430] xhci_hcd 0000:00:14.0: ep 0x83 - asked for 526 bytes, 450 bytes untransferred
[   89.975410] xhci_hcd 0000:00:14.0: ep 0x83 - asked for 526 bytes, 450 bytes untransferred
[   89.983413] xhci_hcd 0000:00:14.0: ep 0x83 - asked for 526 bytes, 450 bytes untransferred
[   89.991391] xhci_hcd 0000:00:14.0: ep 0x83 - asked for 526 bytes, 450 bytes untransferred
[   89.999433] xhci_hcd 0000:00:14.0: ep 0x83 - asked for 526 bytes, 450 bytes untransferred
[   90.007394] xhci_hcd 0000:00:14.0: ep 0x83 - asked for 526 bytes, 450 bytes untransferred
[   90.015408] xhci_hcd 0000:00:14.0: ep 0x83 - asked for 526 bytes, 450 bytes untransferred
[   90.023407] xhci_hcd 0000:00:14.0: ep 0x83 - asked for 526 bytes, 450 bytes untransferred
[   90.031428] xhci_hcd 0000:00:14.0: ep 0x83 - asked for 526 bytes, 450 bytes untransferred
[   90.040397] xhci_hcd 0000:00:14.0: ep 0x83 - asked for 526 bytes, 450 bytes untransferred
[   90.048409] xhci_hcd 0000:00:14.0: ep 0x83 - asked for 526 bytes, 450 bytes untransferred
[   90.056394] xhci_hcd 0000:00:14.0: ep 0x83 - asked for 526 bytes, 450 bytes untransferred
[   90.064423] xhci_hcd 0000:00:14.0: ep 0x83 - asked for 526 bytes, 450 bytes untransferred
[   90.072413] xhci_hcd 0000:00:14.0: ep 0x83 - asked for 526 bytes, 450 bytes untransferred
[   90.080408] xhci_hcd 0000:00:14.0: ep 0x83 - asked for 526 bytes, 450 bytes untransferred
[   90.088409] xhci_hcd 0000:00:14.0: ep 0x83 - asked for 526 bytes, 450 bytes untransferred
[   90.096427] xhci_hcd 0000:00:14.0: ep 0x83 - asked for 526 bytes, 450 bytes untransferred
[   90.104412] xhci_hcd 0000:00:14.0: ep 0x83 - asked for 526 bytes, 450 bytes untransferred
[   90.112398] xhci_hcd 0000:00:14.0: ep 0x83 - asked for 526 bytes, 450 bytes untransferred
[   90.120401] xhci_hcd 0000:00:14.0: ep 0x83 - asked for 526 bytes, 450 bytes untransferred
[   90.128414] xhci_hcd 0000:00:14.0: ep 0x83 - asked for 526 bytes, 450 bytes untransferred
[   90.136413] xhci_hcd 0000:00:14.0: ep 0x83 - asked for 526 bytes, 450 bytes untransferred
[   90.144397] xhci_hcd 0000:00:14.0: ep 0x83 - asked for 526 bytes, 450 bytes untransferred
[   90.152400] xhci_hcd 0000:00:14.0: ep 0x83 - asked for 526 bytes, 450 bytes untransferred
[   90.161419] xhci_hcd 0000:00:14.0: ep 0x83 - asked for 526 bytes, 450 bytes untransferred
[   90.169414] xhci_hcd 0000:00:14.0: ep 0x83 - asked for 526 bytes, 450 bytes untransferred
[   90.177397] xhci_hcd 0000:00:14.0: ep 0x83 - asked for 526 bytes, 450 bytes untransferred
[   90.185434] xhci_hcd 0000:00:14.0: ep 0x83 - asked for 526 bytes, 450 bytes untransferred
[   90.193412] xhci_hcd 0000:00:14.0: ep 0x83 - asked for 526 bytes, 450 bytes untransferred
[   90.201414] xhci_hcd 0000:00:14.0: ep 0x83 - asked for 526 bytes, 450 bytes untransferred
[   90.209404] xhci_hcd 0000:00:14.0: ep 0x83 - asked for 526 bytes, 450 bytes untransferred
[   90.217400] xhci_hcd 0000:00:14.0: ep 0x83 - asked for 526 bytes, 450 bytes untransferred
[   90.225413] xhci_hcd 0000:00:14.0: ep 0x83 - asked for 526 bytes, 450 bytes untransferred
[   90.233412] xhci_hcd 0000:00:14.0: ep 0x83 - asked for 526 bytes, 450 bytes untransferred
[   90.241401] xhci_hcd 0000:00:14.0: ep 0x83 - asked for 526 bytes, 450 bytes untransferred
[   90.249422] xhci_hcd 0000:00:14.0: ep 0x83 - asked for 526 bytes, 450 bytes untransferred
[   90.257421] xhci_hcd 0000:00:14.0: ep 0x83 - asked for 526 bytes, 450 bytes untransferred
[   90.265423] xhci_hcd 0000:00:14.0: ep 0x83 - asked for 526 bytes, 450 bytes untransferred
[   90.274401] xhci_hcd 0000:00:14.0: ep 0x83 - asked for 526 bytes, 450 bytes untransferred
[   90.282435] xhci_hcd 0000:00:14.0: ep 0x83 - asked for 526 bytes, 450 bytes untransferred
[   90.290428] xhci_hcd 0000:00:14.0: ep 0x83 - asked for 526 bytes, 450 bytes untransferred
[   90.298423] xhci_hcd 0000:00:14.0: ep 0x83 - asked for 526 bytes, 450 bytes untransferred
[   90.306408] xhci_hcd 0000:00:14.0: ep 0x83 - asked for 526 bytes, 450 bytes untransferred
[   90.314426] xhci_hcd 0000:00:14.0: ep 0x83 - asked for 526 bytes, 450 bytes untransferred
[   90.322437] xhci_hcd 0000:00:14.0: ep 0x83 - asked for 526 bytes, 450 bytes untransferred
[   90.330422] xhci_hcd 0000:00:14.0: ep 0x83 - asked for 526 bytes, 450 bytes untransferred
[   90.338407] xhci_hcd 0000:00:14.0: ep 0x83 - asked for 526 bytes, 450 bytes untransferred
[   90.346434] xhci_hcd 0000:00:14.0: ep 0x83 - asked for 526 bytes, 450 bytes untransferred
[   90.354421] xhci_hcd 0000:00:14.0: ep 0x83 - asked for 526 bytes, 450 bytes untransferred
[   90.362413] xhci_hcd 0000:00:14.0: ep 0x83 - asked for 526 bytes, 450 bytes untransferred
[   90.370399] xhci_hcd 0000:00:14.0: ep 0x83 - asked for 526 bytes, 450 bytes untransferred
[   90.378415] xhci_hcd 0000:00:14.0: ep 0x83 - asked for 526 bytes, 450 bytes untransferred
[   90.387417] xhci_hcd 0000:00:14.0: ep 0x83 - asked for 526 bytes, 450 bytes untransferred
[   90.395420] xhci_hcd 0000:00:14.0: ep 0x83 - asked for 526 bytes, 450 bytes untransferred
[   90.404406] xhci_hcd 0000:00:14.0: ep 0x83 - asked for 526 bytes, 450 bytes untransferred
[   90.411430] xhci_hcd 0000:00:14.0: ep 0x83 - asked for 526 bytes, 450 bytes untransferred
[   90.419417] xhci_hcd 0000:00:14.0: ep 0x83 - asked for 526 bytes, 450 bytes untransferred
[   90.427416] xhci_hcd 0000:00:14.0: ep 0x83 - asked for 526 bytes, 450 bytes untransferred
[   90.435400] xhci_hcd 0000:00:14.0: ep 0x83 - asked for 526 bytes, 450 bytes untransferred
[   90.443423] xhci_hcd 0000:00:14.0: ep 0x83 - asked for 526 bytes, 450 bytes untransferred
[   90.451416] xhci_hcd 0000:00:14.0: ep 0x83 - asked for 526 bytes, 450 bytes untransferred
[   90.459417] xhci_hcd 0000:00:14.0: ep 0x83 - asked for 526 bytes, 450 bytes untransferred
[   90.467405] xhci_hcd 0000:00:14.0: ep 0x83 - asked for 526 bytes, 450 bytes untransferred
[   90.475427] xhci_hcd 0000:00:14.0: ep 0x83 - asked for 526 bytes, 450 bytes untransferred
[   90.483399] xhci_hcd 0000:00:14.0: ep 0x83 - asked for 526 bytes, 450 bytes untransferred
[   90.493395] xhci_hcd 0000:00:14.0: ep 0x83 - asked for 526 bytes, 450 bytes untransferred
[   90.500405] xhci_hcd 0000:00:14.0: ep 0x83 - asked for 526 bytes, 450 bytes untransferred
[   90.508424] xhci_hcd 0000:00:14.0: ep 0x83 - asked for 526 bytes, 450 bytes untransferred
[   90.516399] xhci_hcd 0000:00:14.0: ep 0x83 - asked for 526 bytes, 450 bytes untransferred
[   90.523400] xhci_hcd 0000:00:14.0: ep 0x83 - asked for 526 bytes, 450 bytes untransferred
[   90.531393] xhci_hcd 0000:00:14.0: ep 0x83 - asked for 526 bytes, 450 bytes untransferred
[   90.831484] xhci_hcd 0000:00:14.0: ep 0x82 - asked for 65 bytes, 55 bytes untransferred
[   90.871410] xhci_hcd 0000:00:14.0: ep 0x82 - asked for 65 bytes, 55 bytes untransferred
[   90.887422] xhci_hcd 0000:00:14.0: ep 0x82 - asked for 65 bytes, 55 bytes untransferred
[   90.943473] xhci_hcd 0000:00:14.0: ep 0x82 - asked for 65 bytes, 55 bytes untransferred
[   91.007485] xhci_hcd 0000:00:14.0: ep 0x82 - asked for 65 bytes, 55 bytes untransferred
[   91.055402] xhci_hcd 0000:00:14.0: ep 0x82 - asked for 65 bytes, 55 bytes untransferred
[   91.120496] xhci_hcd 0000:00:14.0: ep 0x81 - asked for 96 bytes, 78 bytes untransferred
[   91.120500] xhci_hcd 0000:00:14.0: Giveback URB 000000000634ef05, len = 18, expected = 96, status = 0
[   91.120538] xhci_hcd 0000:00:14.0: Stalled endpoint for slot 2 ep 2
[   91.120542] xhci_hcd 0000:00:14.0: Cleaning up stalled endpoint ring
[   91.120543] xhci_hcd 0000:00:14.0: Finding endpoint context
[   91.120544] xhci_hcd 0000:00:14.0: Cycle state = 0x1
[   91.120546] xhci_hcd 0000:00:14.0: New dequeue segment = 00000000485ba22b (virtual)
[   91.120547] xhci_hcd 0000:00:14.0: New dequeue pointer = 0x459474540 (DMA)
[   91.120549] xhci_hcd 0000:00:14.0: Queueing new dequeue state
[   91.120551] xhci_hcd 0000:00:14.0: Set TR Deq Ptr cmd, new deq seg = 00000000485ba22b (0x459474000 dma), new deq ptr = 000000004bfa2037 (0x459474540 dma), new cycle = 1
[   91.120552] xhci_hcd 0000:00:14.0: // Ding dong!
[   91.120561] xhci_hcd 0000:00:14.0: Giveback URB 00000000457b1811, len = 0, expected = 13, status = -32
[   91.120564] xhci_hcd 0000:00:14.0: Ignoring reset ep completion code of 1
[   91.120567] xhci_hcd 0000:00:14.0: Successful Set TR Deq Ptr cmd, deq = @459474540
[   91.391476] xhci_hcd 0000:00:14.0: ep 0x82 - asked for 65 bytes, 55 bytes untransferred
[   91.455392] xhci_hcd 0000:00:14.0: ep 0x82 - asked for 65 bytes, 55 bytes untransferred
[   91.863429] xhci_hcd 0000:00:14.0: ep 0x83 - asked for 526 bytes, 450 bytes untransferred
[   91.871424] xhci_hcd 0000:00:14.0: ep 0x83 - asked for 526 bytes, 450 bytes untransferred
[   91.879426] xhci_hcd 0000:00:14.0: ep 0x83 - asked for 526 bytes, 450 bytes untransferred
[   91.887407] xhci_hcd 0000:00:14.0: ep 0x83 - asked for 526 bytes, 450 bytes untransferred
[   91.896427] xhci_hcd 0000:00:14.0: ep 0x83 - asked for 526 bytes, 450 bytes untransferred
[   91.904410] xhci_hcd 0000:00:14.0: ep 0x83 - asked for 526 bytes, 450 bytes untransferred
[   91.912408] xhci_hcd 0000:00:14.0: ep 0x83 - asked for 526 bytes, 450 bytes untransferred
[   91.920408] xhci_hcd 0000:00:14.0: ep 0x83 - asked for 526 bytes, 450 bytes untransferred
[   91.928408] xhci_hcd 0000:00:14.0: ep 0x83 - asked for 526 bytes, 450 bytes untransferred
[   91.936411] xhci_hcd 0000:00:14.0: ep 0x83 - asked for 526 bytes, 450 bytes untransferred
[   91.944408] xhci_hcd 0000:00:14.0: ep 0x83 - asked for 526 bytes, 450 bytes untransferred
[   91.952408] xhci_hcd 0000:00:14.0: ep 0x83 - asked for 526 bytes, 450 bytes untransferred
[   91.960397] xhci_hcd 0000:00:14.0: ep 0x83 - asked for 526 bytes, 450 bytes untransferred
[   91.968423] xhci_hcd 0000:00:14.0: ep 0x83 - asked for 526 bytes, 450 bytes untransferred
[   91.976424] xhci_hcd 0000:00:14.0: ep 0x83 - asked for 526 bytes, 450 bytes untransferred
[   91.984473] xhci_hcd 0000:00:14.0: ep 0x83 - asked for 526 bytes, 450 bytes untransferred
[   91.992475] xhci_hcd 0000:00:14.0: ep 0x83 - asked for 526 bytes, 450 bytes untransferred
[   92.001473] xhci_hcd 0000:00:14.0: ep 0x83 - asked for 526 bytes, 450 bytes untransferred
[   92.009419] xhci_hcd 0000:00:14.0: ep 0x83 - asked for 526 bytes, 450 bytes untransferred
[   92.017473] xhci_hcd 0000:00:14.0: ep 0x83 - asked for 526 bytes, 450 bytes untransferred
[   92.025415] xhci_hcd 0000:00:14.0: ep 0x83 - asked for 526 bytes, 450 bytes untransferred
[   92.033479] xhci_hcd 0000:00:14.0: ep 0x83 - asked for 526 bytes, 450 bytes untransferred
[   92.041423] xhci_hcd 0000:00:14.0: ep 0x83 - asked for 526 bytes, 450 bytes untransferred
[   92.049483] xhci_hcd 0000:00:14.0: ep 0x83 - asked for 526 bytes, 450 bytes untransferred
[   92.057423] xhci_hcd 0000:00:14.0: ep 0x83 - asked for 526 bytes, 450 bytes untransferred
[   92.065481] xhci_hcd 0000:00:14.0: ep 0x83 - asked for 526 bytes, 450 bytes untransferred
[   92.073423] xhci_hcd 0000:00:14.0: ep 0x83 - asked for 526 bytes, 450 bytes untransferred
[   92.081481] xhci_hcd 0000:00:14.0: ep 0x83 - asked for 526 bytes, 450 bytes untransferred
[   92.089423] xhci_hcd 0000:00:14.0: ep 0x83 - asked for 526 bytes, 450 bytes untransferred
[   92.097482] xhci_hcd 0000:00:14.0: ep 0x83 - asked for 526 bytes, 450 bytes untransferred
[   92.105421] xhci_hcd 0000:00:14.0: ep 0x83 - asked for 526 bytes, 450 bytes untransferred
[   92.114424] xhci_hcd 0000:00:14.0: ep 0x83 - asked for 526 bytes, 450 bytes untransferred
[   92.122481] xhci_hcd 0000:00:14.0: ep 0x83 - asked for 526 bytes, 450 bytes untransferred
[   92.130481] xhci_hcd 0000:00:14.0: ep 0x83 - asked for 526 bytes, 450 bytes untransferred
[   92.138482] xhci_hcd 0000:00:14.0: ep 0x83 - asked for 526 bytes, 450 bytes untransferred
[   92.146424] xhci_hcd 0000:00:14.0: ep 0x83 - asked for 526 bytes, 450 bytes untransferred
[   92.154482] xhci_hcd 0000:00:14.0: ep 0x83 - asked for 526 bytes, 450 bytes untransferred
[   92.162483] xhci_hcd 0000:00:14.0: ep 0x83 - asked for 526 bytes, 450 bytes untransferred
[   92.170481] xhci_hcd 0000:00:14.0: ep 0x83 - asked for 526 bytes, 450 bytes untransferred
[   92.178424] xhci_hcd 0000:00:14.0: ep 0x83 - asked for 526 bytes, 450 bytes untransferred
[   92.186482] xhci_hcd 0000:00:14.0: ep 0x83 - asked for 526 bytes, 450 bytes untransferred
[   92.194484] xhci_hcd 0000:00:14.0: ep 0x83 - asked for 526 bytes, 450 bytes untransferred
[   92.203482] xhci_hcd 0000:00:14.0: ep 0x83 - asked for 526 bytes, 450 bytes untransferred
[   92.211440] xhci_hcd 0000:00:14.0: ep 0x83 - asked for 526 bytes, 450 bytes untransferred
[   92.219481] xhci_hcd 0000:00:14.0: ep 0x83 - asked for 526 bytes, 450 bytes untransferred
[   92.227483] xhci_hcd 0000:00:14.0: ep 0x83 - asked for 526 bytes, 450 bytes untransferred
[   92.235481] xhci_hcd 0000:00:14.0: ep 0x83 - asked for 526 bytes, 450 bytes untransferred
[   92.243445] xhci_hcd 0000:00:14.0: ep 0x83 - asked for 526 bytes, 450 bytes untransferred
[   92.251436] xhci_hcd 0000:00:14.0: ep 0x83 - asked for 526 bytes, 450 bytes untransferred
[   92.259488] xhci_hcd 0000:00:14.0: ep 0x83 - asked for 526 bytes, 450 bytes untransferred
[   92.267489] xhci_hcd 0000:00:14.0: ep 0x83 - asked for 526 bytes, 450 bytes untransferred
[   92.275490] xhci_hcd 0000:00:14.0: ep 0x83 - asked for 526 bytes, 450 bytes untransferred
[   92.283489] xhci_hcd 0000:00:14.0: ep 0x83 - asked for 526 bytes, 450 bytes untransferred
[   92.291488] xhci_hcd 0000:00:14.0: ep 0x83 - asked for 526 bytes, 450 bytes untransferred
[   92.300489] xhci_hcd 0000:00:14.0: ep 0x83 - asked for 526 bytes, 450 bytes untransferred
[   92.308488] xhci_hcd 0000:00:14.0: ep 0x83 - asked for 526 bytes, 450 bytes untransferred
[   92.316488] xhci_hcd 0000:00:14.0: ep 0x83 - asked for 526 bytes, 450 bytes untransferred
[   92.324491] xhci_hcd 0000:00:14.0: ep 0x83 - asked for 526 bytes, 450 bytes untransferred
[   92.332491] xhci_hcd 0000:00:14.0: ep 0x83 - asked for 526 bytes, 450 bytes untransferred
[   92.340503] xhci_hcd 0000:00:14.0: ep 0x83 - asked for 526 bytes, 450 bytes untransferred
[   92.348489] xhci_hcd 0000:00:14.0: ep 0x83 - asked for 526 bytes, 450 bytes untransferred
[   92.356488] xhci_hcd 0000:00:14.0: ep 0x83 - asked for 526 bytes, 450 bytes untransferred
