[    0.000000] microcode: microcode updated early to revision 0x1a, date = 2018-04-02
[    0.000000] Linux version 5.0.0-rc6+ (im@im-mac) (gcc version 8.2.1 20181215 (Red Hat 8.2.1-6) (GCC)) #47 SMP Tue Feb 12 02:06:47 +05 2019
[    0.000000] Command line: BOOT_IMAGE=/vmlinuz-5.0.0-rc6+ root=/dev/mapper/im--mac-root ro resume=/dev/mapper/im--mac-swap rd.lvm.lv=im-mac/root rd.luks.uuid=luks-dd1fa933-ef9f-402b-a2e4-7c9d6fb7ce0d rd.lvm.lv=im-mac/swap rhgb quiet hid_apple.fnmode=2 hid_apple.iso_layout=0
[    0.000000] x86/fpu: Supporting XSAVE feature 0x001: 'x87 floating point registers'
[    0.000000] x86/fpu: Supporting XSAVE feature 0x002: 'SSE registers'
[    0.000000] x86/fpu: Supporting XSAVE feature 0x004: 'AVX registers'
[    0.000000] x86/fpu: xstate_offset[2]:  576, xstate_sizes[2]:  256
[    0.000000] x86/fpu: Enabled xstate features 0x7, context size is 832 bytes, using 'standard' format.
[    0.000000] BIOS-provided physical RAM map:
[    0.000000] BIOS-e820: [mem 0x0000000000000000-0x0000000000057fff] usable
[    0.000000] BIOS-e820: [mem 0x0000000000058000-0x0000000000058fff] reserved
[    0.000000] BIOS-e820: [mem 0x0000000000059000-0x000000000009ffff] usable
[    0.000000] BIOS-e820: [mem 0x00000000000a0000-0x00000000000bffff] reserved
[    0.000000] BIOS-e820: [mem 0x0000000000100000-0x0000000078d00fff] usable
[    0.000000] BIOS-e820: [mem 0x0000000078d01000-0x0000000078d48fff] ACPI NVS
[    0.000000] BIOS-e820: [mem 0x0000000078d49000-0x0000000078d5cfff] usable
[    0.000000] BIOS-e820: [mem 0x0000000078d5d000-0x0000000078d8efff] ACPI data
[    0.000000] BIOS-e820: [mem 0x0000000078d8f000-0x0000000078e39fff] usable
[    0.000000] BIOS-e820: [mem 0x0000000078e3a000-0x0000000078e8efff] reserved
[    0.000000] BIOS-e820: [mem 0x0000000078e8f000-0x0000000078ecbfff] usable
[    0.000000] BIOS-e820: [mem 0x0000000078ecc000-0x0000000078efefff] reserved
[    0.000000] BIOS-e820: [mem 0x0000000078eff000-0x0000000078f84fff] usable
[    0.000000] BIOS-e820: [mem 0x0000000078f85000-0x0000000078fdefff] reserved
[    0.000000] BIOS-e820: [mem 0x0000000078fdf000-0x0000000078ffffff] usable
[    0.000000] BIOS-e820: [mem 0x0000000079000000-0x000000007f9fffff] reserved
[    0.000000] BIOS-e820: [mem 0x00000000e00f8000-0x00000000e00f8fff] reserved
[    0.000000] BIOS-e820: [mem 0x00000000fed1c000-0x00000000fed1ffff] reserved
[    0.000000] BIOS-e820: [mem 0x00000000ffd70000-0x00000000ffd9ffff] reserved
[    0.000000] BIOS-e820: [mem 0x0000000100000000-0x000000047f5fffff] usable
[    0.000000] NX (Execute Disable) protection: active
[    0.000000] e820: update [mem 0x66282710-0x66282ad2] usable ==> usable
[    0.000000] e820: update [mem 0x66282710-0x66282ad2] usable ==> usable
[    0.000000] extended physical RAM map:
[    0.000000] reserve setup_data: [mem 0x0000000000000000-0x0000000000057fff] usable
[    0.000000] reserve setup_data: [mem 0x0000000000058000-0x0000000000058fff] reserved
[    0.000000] reserve setup_data: [mem 0x0000000000059000-0x000000000009ffff] usable
[    0.000000] reserve setup_data: [mem 0x00000000000a0000-0x00000000000bffff] reserved
[    0.000000] reserve setup_data: [mem 0x0000000000100000-0x000000006628270f] usable
[    0.000000] reserve setup_data: [mem 0x0000000066282710-0x0000000066282ad2] usable
[    0.000000] reserve setup_data: [mem 0x0000000066282ad3-0x0000000078d00fff] usable
[    0.000000] reserve setup_data: [mem 0x0000000078d01000-0x0000000078d48fff] ACPI NVS
[    0.000000] reserve setup_data: [mem 0x0000000078d49000-0x0000000078d5cfff] usable
[    0.000000] reserve setup_data: [mem 0x0000000078d5d000-0x0000000078d8efff] ACPI data
[    0.000000] reserve setup_data: [mem 0x0000000078d8f000-0x0000000078e39fff] usable
[    0.000000] reserve setup_data: [mem 0x0000000078e3a000-0x0000000078e8efff] reserved
[    0.000000] reserve setup_data: [mem 0x0000000078e8f000-0x0000000078ecbfff] usable
[    0.000000] reserve setup_data: [mem 0x0000000078ecc000-0x0000000078efefff] reserved
[    0.000000] reserve setup_data: [mem 0x0000000078eff000-0x0000000078f84fff] usable
[    0.000000] reserve setup_data: [mem 0x0000000078f85000-0x0000000078fdefff] reserved
[    0.000000] reserve setup_data: [mem 0x0000000078fdf000-0x0000000078ffffff] usable
[    0.000000] reserve setup_data: [mem 0x0000000079000000-0x000000007f9fffff] reserved
[    0.000000] reserve setup_data: [mem 0x00000000e00f8000-0x00000000e00f8fff] reserved
[    0.000000] reserve setup_data: [mem 0x00000000fed1c000-0x00000000fed1ffff] reserved
[    0.000000] reserve setup_data: [mem 0x00000000ffd70000-0x00000000ffd9ffff] reserved
[    0.000000] reserve setup_data: [mem 0x0000000100000000-0x000000047f5fffff] usable
[    0.000000] efi: EFI v1.10 by Apple
[    0.000000] efi:  ACPI=0x78d8e000  ACPI 2.0=0x78d8e014  SMBIOS=0x78f8b000 
[    0.000000] SMBIOS 2.7 present.
[    0.000000] DMI: Apple Inc. MacBookPro11,4/Mac-06F11FD93F0323C5, BIOS MBP114.88Z.0184.B00.1806051659 06/05/2018
[    0.000000] tsc: Fast TSC calibration using PIT
[    0.000000] tsc: Detected 2195.045 MHz processor
[    0.000125] e820: update [mem 0x00000000-0x00000fff] usable ==> reserved
[    0.000126] e820: remove [mem 0x000a0000-0x000fffff] usable
[    0.000131] last_pfn = 0x47f600 max_arch_pfn = 0x400000000
[    0.000134] MTRR default type: write-back
[    0.000135] MTRR fixed ranges enabled:
[    0.000136]   00000-9FFFF write-back
[    0.000136]   A0000-BFFFF uncachable
[    0.000137]   C0000-DFFFF write-protect
[    0.000137]   E0000-FFFFF uncachable
[    0.000138] MTRR variable ranges enabled:
[    0.000139]   0 base 0080000000 mask 7F80000000 uncachable
[    0.000139]   1 base 007C000000 mask 7FFC000000 uncachable
[    0.000140]   2 base 007A000000 mask 7FFE000000 uncachable
[    0.000140]   3 base 0079000000 mask 7FFF000000 uncachable
[    0.000141]   4 disabled
[    0.000141]   5 disabled
[    0.000141]   6 disabled
[    0.000142]   7 disabled
[    0.000142]   8 disabled
[    0.000142]   9 disabled
[    0.009940] x86/PAT: Configuration [0-7]: WB  WC  UC- UC  WB  WP  UC- WT  
[    0.010035] last_pfn = 0x79000 max_arch_pfn = 0x400000000
[    0.021574] Base memory trampoline at [(____ptrval____)] 99000 size 24576
[    0.021578] Using GB pages for direct mapping
[    0.021579] BRK [0x2b3e01000, 0x2b3e01fff] PGTABLE
[    0.021581] BRK [0x2b3e02000, 0x2b3e02fff] PGTABLE
[    0.021581] BRK [0x2b3e03000, 0x2b3e03fff] PGTABLE
[    0.021618] BRK [0x2b3e04000, 0x2b3e04fff] PGTABLE
[    0.021620] BRK [0x2b3e05000, 0x2b3e05fff] PGTABLE
[    0.021735] BRK [0x2b3e06000, 0x2b3e06fff] PGTABLE
[    0.021764] BRK [0x2b3e07000, 0x2b3e07fff] PGTABLE
[    0.021832] BRK [0x2b3e08000, 0x2b3e08fff] PGTABLE
[    0.021995] Secure boot disabled
[    0.021996] RAMDISK: [mem 0x42ad6000-0x48561fff]
[    0.022006] ACPI: Early table checksum verification disabled
[    0.022009] ACPI: RSDP 0x0000000078D8E014 000024 (v02 APPLE )
[    0.022011] ACPI: XSDT 0x0000000078D8E1C0 0000A4 (v01 APPLE  Apple00  00000000      01000013)
[    0.022015] ACPI: FACP 0x0000000078D8C000 0000F4 (v05 APPLE  Apple00  00000000 Loki 0000005F)
[    0.022018] ACPI BIOS Warning (bug): 32/64X length mismatch in FADT/Gpe0Block: 128/0 (20181213/tbfadt-569)
[    0.022020] ACPI: DSDT 0x0000000078D7F000 007331 (v03 APPLE  MacBookP 00110004 INTL 20140424)
[    0.022023] ACPI: FACS 0x0000000078D06000 000040
[    0.022024] ACPI: FACS 0x0000000078D06000 000040
[    0.022026] ACPI: HPET 0x0000000078D8B000 000038 (v01 APPLE  Apple00  00000001 Loki 0000005F)
[    0.022027] ACPI: APIC 0x0000000078D8A000 0000BC (v02 APPLE  Apple00  00000001 Loki 0000005F)
[    0.022029] ACPI: SBST 0x0000000078D88000 000030 (v01 APPLE  Apple00  00000001 Loki 0000005F)
[    0.022031] ACPI: ECDT 0x0000000078D87000 000053 (v01 APPLE  Apple00  00000001 Loki 0000005F)
[    0.022032] ACPI: SSDT 0x0000000078D7E000 000024 (v01 APPLE  SataAhci 00001000 INTL 20140424)
[    0.022034] ACPI: SSDT 0x0000000078D7D000 000024 (v01 APPLE  SmcDppt  00001000 INTL 20140424)
[    0.022036] ACPI: SSDT 0x0000000078D7C000 000032 (v01 APPLE  SsdtS3   00001000 INTL 20140424)
[    0.022038] ACPI: SSDT 0x0000000078D68000 0086DA (v01 APPLE  TbtPEG11 00001000 INTL 20140424)
[    0.022039] ACPI: SSDT 0x0000000078D67000 0000B8 (v01 APPLE  Sdxc     00001000 INTL 20140424)
[    0.022041] ACPI: SSDT 0x0000000078D66000 000A7B (v02 APPLE  Xhci     00001000 INTL 20140424)
[    0.022043] ACPI: SSDT 0x0000000078D64000 000341 (v01 APPLE  PEG0SSD0 00001000 INTL 20140424)
[    0.022045] ACPI: SSDT 0x0000000078D5F000 00069C (v01 PmRef  Cpu0Ist  00003000 INTL 20140424)
[    0.022047] ACPI: SSDT 0x0000000078D5E000 000C17 (v01 CpuRef CpuSsdt  00003000 INTL 20140424)
[    0.022048] ACPI: DMAR 0x0000000078D5D000 000088 (v01 APPLE  BDW      00000001 INTL 00000001)
[    0.022050] ACPI: MCFG 0x0000000078D89000 00003C (v01 APPLE  Apple00  00000001 Loki 0000005F)
[    0.022055] ACPI: DMI detected to setup _OSI("Darwin"): Apple hardware
[    0.022057] ACPI: Local APIC address 0xfee00000
[    0.022127] No NUMA configuration found
[    0.022128] Faking a node at [mem 0x0000000000000000-0x000000047f5fffff]
[    0.022136] NODE_DATA(0) allocated [mem 0x47f5d5000-0x47f5fffff]
[    0.051417] Zone ranges:
[    0.051418]   DMA      [mem 0x0000000000001000-0x0000000000ffffff]
[    0.051420]   DMA32    [mem 0x0000000001000000-0x00000000ffffffff]
[    0.051420]   Normal   [mem 0x0000000100000000-0x000000047f5fffff]
[    0.051421]   Device   empty
[    0.051422] Movable zone start for each node
[    0.051424] Early memory node ranges
[    0.051425]   node   0: [mem 0x0000000000001000-0x0000000000057fff]
[    0.051425]   node   0: [mem 0x0000000000059000-0x000000000009ffff]
[    0.051426]   node   0: [mem 0x0000000000100000-0x0000000078d00fff]
[    0.051426]   node   0: [mem 0x0000000078d49000-0x0000000078d5cfff]
[    0.051426]   node   0: [mem 0x0000000078d8f000-0x0000000078e39fff]
[    0.051427]   node   0: [mem 0x0000000078e8f000-0x0000000078ecbfff]
[    0.051427]   node   0: [mem 0x0000000078eff000-0x0000000078f84fff]
[    0.051427]   node   0: [mem 0x0000000078fdf000-0x0000000078ffffff]
[    0.051428]   node   0: [mem 0x0000000100000000-0x000000047f5fffff]
[    0.051797] Zeroed struct page in unavailable ranges: 29118 pages
[    0.051798] Initmem setup node 0 [mem 0x0000000000001000-0x000000047f5fffff]
[    0.051799] On node 0 totalpages: 4162626
[    0.051800]   DMA zone: 64 pages used for memmap
[    0.051800]   DMA zone: 22 pages reserved
[    0.051801]   DMA zone: 3998 pages, LIFO batch:0
[    0.051872]   DMA32 zone: 7675 pages used for memmap
[    0.051873]   DMA32 zone: 491172 pages, LIFO batch:63
[    0.063243]   Normal zone: 57304 pages used for memmap
[    0.063244]   Normal zone: 3667456 pages, LIFO batch:63
[    0.131232] Reserving Intel graphics memory at [mem 0x79a00000-0x7f9fffff]
[    0.131298] ACPI: PM-Timer IO Port: 0x1808
[    0.131300] ACPI: Local APIC address 0xfee00000
[    0.131305] ACPI: LAPIC_NMI (acpi_id[0x01] high edge lint[0x1])
[    0.131305] ACPI: LAPIC_NMI (acpi_id[0x02] high edge lint[0x1])
[    0.131306] ACPI: LAPIC_NMI (acpi_id[0x03] high edge lint[0x1])
[    0.131306] ACPI: LAPIC_NMI (acpi_id[0x04] high edge lint[0x1])
[    0.131307] ACPI: LAPIC_NMI (acpi_id[0x05] high edge lint[0x1])
[    0.131307] ACPI: LAPIC_NMI (acpi_id[0x06] high edge lint[0x1])
[    0.131307] ACPI: LAPIC_NMI (acpi_id[0x07] high edge lint[0x1])
[    0.131308] ACPI: LAPIC_NMI (acpi_id[0x08] high edge lint[0x1])
[    0.131322] IOAPIC[0]: apic_id 2, version 32, address 0xfec00000, GSI 0-23
[    0.131323] ACPI: INT_SRC_OVR (bus 0 bus_irq 0 global_irq 2 dfl dfl)
[    0.131324] ACPI: INT_SRC_OVR (bus 0 bus_irq 9 global_irq 9 high level)
[    0.131325] ACPI: IRQ0 used by override.
[    0.131326] ACPI: IRQ9 used by override.
[    0.131327] Using ACPI (MADT) for SMP configuration information
[    0.131328] ACPI: HPET id: 0x8086a201 base: 0xfed00000
[    0.131331] smpboot: Allowing 8 CPUs, 0 hotplug CPUs
[    0.131344] PM: Registered nosave memory: [mem 0x00000000-0x00000fff]
[    0.131345] PM: Registered nosave memory: [mem 0x00058000-0x00058fff]
[    0.131346] PM: Registered nosave memory: [mem 0x000a0000-0x000bffff]
[    0.131347] PM: Registered nosave memory: [mem 0x000c0000-0x000fffff]
[    0.131348] PM: Registered nosave memory: [mem 0x66282000-0x66282fff]
[    0.131349] PM: Registered nosave memory: [mem 0x66282000-0x66282fff]
[    0.131350] PM: Registered nosave memory: [mem 0x78d01000-0x78d48fff]
[    0.131351] PM: Registered nosave memory: [mem 0x78d5d000-0x78d8efff]
[    0.131352] PM: Registered nosave memory: [mem 0x78e3a000-0x78e8efff]
[    0.131353] PM: Registered nosave memory: [mem 0x78ecc000-0x78efefff]
[    0.131354] PM: Registered nosave memory: [mem 0x78f85000-0x78fdefff]
[    0.131355] PM: Registered nosave memory: [mem 0x79000000-0x7f9fffff]
[    0.131355] PM: Registered nosave memory: [mem 0x7fa00000-0xe00f7fff]
[    0.131355] PM: Registered nosave memory: [mem 0xe00f8000-0xe00f8fff]
[    0.131356] PM: Registered nosave memory: [mem 0xe00f9000-0xfed1bfff]
[    0.131356] PM: Registered nosave memory: [mem 0xfed1c000-0xfed1ffff]
[    0.131356] PM: Registered nosave memory: [mem 0xfed20000-0xffd6ffff]
[    0.131357] PM: Registered nosave memory: [mem 0xffd70000-0xffd9ffff]
[    0.131357] PM: Registered nosave memory: [mem 0xffda0000-0xffffffff]
[    0.131359] [mem 0x7fa00000-0xe00f7fff] available for PCI devices
[    0.131361] Booting paravirtualized kernel on bare hardware
[    0.131363] clocksource: refined-jiffies: mask: 0xffffffff max_cycles: 0xffffffff, max_idle_ns: 1910969940391419 ns
[    0.226714] random: get_random_bytes called from start_kernel+0x93/0x503 with crng_init=0
[    0.226720] setup_percpu: NR_CPUS:64 nr_cpumask_bits:64 nr_cpu_ids:8 nr_node_ids:1
[    0.226892] percpu: Embedded 44 pages/cpu @(____ptrval____) s143360 r8192 d28672 u262144
[    0.226897] pcpu-alloc: s143360 r8192 d28672 u262144 alloc=1*2097152
[    0.226897] pcpu-alloc: [0] 0 1 2 3 4 5 6 7 
[    0.226913] Built 1 zonelists, mobility grouping on.  Total pages: 4097561
[    0.226914] Policy zone: Normal
[    0.226915] Kernel command line: BOOT_IMAGE=/vmlinuz-5.0.0-rc6+ root=/dev/mapper/im--mac-root ro resume=/dev/mapper/im--mac-swap rd.lvm.lv=im-mac/root rd.luks.uuid=luks-dd1fa933-ef9f-402b-a2e4-7c9d6fb7ce0d rd.lvm.lv=im-mac/swap rhgb quiet hid_apple.fnmode=2 hid_apple.iso_layout=0
[    0.271811] Memory: 15844032K/16650504K available (12291K kernel code, 1403K rwdata, 4028K rodata, 2152K init, 4944K bss, 806472K reserved, 0K cma-reserved)
[    0.271912] SLUB: HWalign=64, Order=0-3, MinObjects=0, CPUs=8, Nodes=1
[    0.271916] Kernel/User page tables isolation: enabled
[    0.271927] ftrace: allocating 38170 entries in 150 pages
[    0.285250] rcu: Hierarchical RCU implementation.
[    0.285251] rcu: 	RCU restricting CPUs from NR_CPUS=64 to nr_cpu_ids=8.
[    0.285252] rcu: RCU calculated value of scheduler-enlistment delay is 100 jiffies.
[    0.285253] rcu: Adjusting geometry for rcu_fanout_leaf=16, nr_cpu_ids=8
[    0.287156] NR_IRQS: 4352, nr_irqs: 488, preallocated irqs: 16
[    0.287282] rcu: 	Offload RCU callbacks from CPUs: (none).
[    0.287324] Console: colour dummy device 80x25
[    0.287330] printk: console [tty0] enabled
[    0.287341] ACPI: Core revision 20181213
[    0.287545] clocksource: hpet: mask: 0xffffffff max_cycles: 0xffffffff, max_idle_ns: 133484882848 ns
[    0.287554] hpet clockevent registered
[    0.287558] APIC: Switch to symmetric I/O mode setup
[    0.287559] DMAR: Host address width 39
[    0.287560] DMAR: DRHD base: 0x000000fed90000 flags: 0x0
[    0.287563] DMAR: dmar0: reg_base_addr fed90000 ver 1:0 cap c0000020660462 ecap f0101a
[    0.287563] DMAR: DRHD base: 0x000000fed91000 flags: 0x1
[    0.287565] DMAR: dmar1: reg_base_addr fed91000 ver 1:0 cap d2008c20660462 ecap f010da
[    0.287566] DMAR: RMRR base: 0x00000079800000 end: 0x0000007f9fffff
[    0.287569] DMAR-IR: IOAPIC id 2 under DRHD base  0xfed91000 IOMMU 1
[    0.287569] DMAR-IR: HPET id 0 under DRHD base 0xfed91000
[    0.287570] DMAR-IR: x2apic is disabled because BIOS sets x2apic opt out bit.
[    0.287570] DMAR-IR: Use 'intremap=no_x2apic_optout' to override the BIOS setting.
[    0.287983] DMAR-IR: Enabled IRQ remapping in xapic mode
[    0.287984] x2apic: IRQ remapping doesn't support X2APIC mode
[    0.288356] ..TIMER: vector=0x30 apic1=0 pin1=2 apic2=-1 pin2=-1
[    0.292562] clocksource: tsc-early: mask: 0xffffffffffffffff max_cycles: 0x1fa3ea01c24, max_idle_ns: 440795251163 ns
[    0.292571] Calibrating delay loop (skipped), value calculated using timer frequency.. 4390.09 BogoMIPS (lpj=2195045)
[    0.292572] pid_max: default: 32768 minimum: 301
[    0.302166] LSM: Security Framework initializing
[    0.302167] Yama: becoming mindful.
[    0.302171] SELinux:  Initializing.
[    0.304147] Dentry cache hash table entries: 2097152 (order: 12, 16777216 bytes)
[    0.305096] Inode-cache hash table entries: 1048576 (order: 11, 8388608 bytes)
[    0.305134] Mount-cache hash table entries: 32768 (order: 6, 262144 bytes)
[    0.305164] Mountpoint-cache hash table entries: 32768 (order: 6, 262144 bytes)
[    0.305320] ENERGY_PERF_BIAS: Set to 'normal', was 'performance'
[    0.305321] ENERGY_PERF_BIAS: View and update with x86_energy_perf_policy(8)
[    0.305324] mce: CPU supports 10 MCE banks
[    0.305332] mce: CPU0: Thermal monitoring enabled (TM1)
[    0.305345] process: using mwait in idle threads
[    0.305347] Last level iTLB entries: 4KB 1024, 2MB 1024, 4MB 1024
[    0.305347] Last level dTLB entries: 4KB 1024, 2MB 1024, 4MB 1024, 1GB 4
[    0.305349] Spectre V2 : Mitigation: Full generic retpoline
[    0.305349] Spectre V2 : Spectre v2 / SpectreRSB mitigation: Filling RSB on context switch
[    0.305349] Spectre V2 : Enabling Restricted Speculation for firmware calls
[    0.305354] Spectre V2 : mitigation: Enabling conditional Indirect Branch Prediction Barrier
[    0.305354] Spectre V2 : User space: Mitigation: STIBP via seccomp and prctl
[    0.305356] Speculative Store Bypass: Mitigation: Speculative Store Bypass disabled via prctl and seccomp
[    0.305515] Freeing SMP alternatives memory: 36K
[    0.306608] TSC deadline timer enabled
[    0.306610] smpboot: CPU0: Intel(R) Core(TM) i7-4770HQ CPU @ 2.20GHz (family: 0x6, model: 0x46, stepping: 0x1)
[    0.306677] Performance Events: PEBS fmt2+, Haswell events, 16-deep LBR, full-width counters, Intel PMU driver.
[    0.306713] ... version:                3
[    0.306713] ... bit width:              48
[    0.306714] ... generic registers:      4
[    0.306714] ... value mask:             0000ffffffffffff
[    0.306715] ... max period:             00007fffffffffff
[    0.306715] ... fixed-purpose events:   3
[    0.306716] ... event mask:             000000070000000f
[    0.306741] rcu: Hierarchical SRCU implementation.
[    0.307168] random: crng done (trusting CPU's manufacturer)
[    0.307563] NMI watchdog: Enabled. Permanently consumes one hw-PMU counter.
[    0.307580] smp: Bringing up secondary CPUs ...
[    0.307631] x86: Booting SMP configuration:
[    0.307631] .... node  #0, CPUs:      #1 #2 #3 #4 #5 #6 #7
[    0.355567] smp: Brought up 1 node, 8 CPUs
[    0.355568] smpboot: Max logical packages: 1
[    0.355570] smpboot: Total of 8 processors activated (35120.72 BogoMIPS)
[    0.356938] devtmpfs: initialized
[    0.356938] x86/mm: Memory block size: 128MB
[    0.357810] PM: Registering ACPI NVS region [mem 0x78d01000-0x78d48fff] (294912 bytes)
[    0.357810] clocksource: jiffies: mask: 0xffffffff max_cycles: 0xffffffff, max_idle_ns: 1911260446275000 ns
[    0.357810] futex hash table entries: 2048 (order: 5, 131072 bytes)
[    0.357810] pinctrl core: initialized pinctrl subsystem
[    0.357810] RTC time: 21:17:40, date: 2019-02-11
[    0.357898] NET: Registered protocol family 16
[    0.357984] audit: initializing netlink subsys (disabled)
[    0.357988] audit: type=2000 audit(1549919860.070:1): state=initialized audit_enabled=0 res=1
[    0.357988] cpuidle: using governor menu
[    0.357988] ACPI: bus type PCI registered
[    0.357988] acpiphp: ACPI Hot Plug PCI Controller Driver version: 0.5
[    0.357988] PCI: MMCONFIG for domain 0000 [bus 00-9b] at [mem 0xe0000000-0xe9bfffff] (base 0xe0000000)
[    0.357988] PCI: not using MMCONFIG
[    0.357988] PCI: Using configuration type 1 for base access
[    0.357988] core: PMU erratum BJ122, BV98, HSD29 worked around, HT is on
[    0.359585] HugeTLB registered 1.00 GiB page size, pre-allocated 0 pages
[    0.359585] HugeTLB registered 2.00 MiB page size, pre-allocated 0 pages
[    0.359587] cryptd: max_cpu_qlen set to 1000
[    0.359606] ACPI: Disabled all _OSI OS vendors
[    0.359607] ACPI: Added _OSI(Module Device)
[    0.359608] ACPI: Added _OSI(Processor Device)
[    0.359608] ACPI: Added _OSI(3.0 _SCP Extensions)
[    0.359609] ACPI: Added _OSI(Processor Aggregator Device)
[    0.359610] ACPI: Added _OSI(Linux-Dell-Video)
[    0.359610] ACPI: Added _OSI(Linux-Lenovo-NV-HDMI-Audio)
[    0.359611] ACPI: Added _OSI(Linux-HPI-Hybrid-Graphics)
[    0.359611] ACPI: Added _OSI(Darwin)
[    0.370978] ACPI: 10 ACPI AML tables successfully acquired and loaded
[    0.371584] ACPI: EC: EC started
[    0.371585] ACPI: EC: interrupt blocked
[    0.373548] ACPI: \: Used as first EC
[    0.373550] ACPI: \: GPE=0x17, EC_CMD/EC_SC=0x66, EC_DATA=0x62
[    0.373551] ACPI: \: Used as boot ECDT EC to handle transactions
[    0.374265] ACPI: BIOS _OSI(Darwin) query honored via DMI
[    0.374786] ACPI: [Firmware Bug]: BIOS _OSI(Linux) query ignored
[    0.374900] ACPI Error: Needed type [Reference], found [Integer] 00000000532eca44 (20181213/exresop-69)
[    0.374904] ACPI Error: AE_AML_OPERAND_TYPE, While resolving operands for [OpcodeName unavailable] (20181213/dswexec-427)
[    0.374906] ACPI Error: Method parse/execution failed \_PR.CPU0._PDC, AE_AML_OPERAND_TYPE (20181213/psparse-531)
[    0.375091] ACPI: Dynamic OEM Table Load:
[    0.375096] ACPI: SSDT 0xFFFF8DAA6CB4A000 00067C (v01 PmRef  ApIst    00003000 INTL 20140424)
[    0.375465] ACPI: Dynamic OEM Table Load:
[    0.375468] ACPI: SSDT 0xFFFF8DAA6CB9BC00 000119 (v01 PmRef  ApCst    00003000 INTL 20140424)
[    0.376526] ACPI: Interpreter enabled
[    0.376541] ACPI: (supports S0 S3 S4 S5)
[    0.376542] ACPI: Using IOAPIC for interrupt routing
[    0.376558] PCI: MMCONFIG for domain 0000 [bus 00-9b] at [mem 0xe0000000-0xe9bfffff] (base 0xe0000000)
[    0.376929] PCI: MMCONFIG at [mem 0xe0000000-0xe9bfffff] reserved in ACPI motherboard resources
[    0.376938] PCI: Using host bridge windows from ACPI; if necessary, use "pci=nocrs" and report a bug
[    0.377115] ACPI: Enabled 7 GPEs in block 00 to 3F
[    0.384483] ACPI: PCI Root Bridge [PCI0] (domain 0000 [bus 00-ff])
[    0.384487] acpi PNP0A08:00: _OSC: OS assumes control of [PCIeHotplug SHPCHotplug AER PCIeCapability LTR]
[    0.384496] acpi PNP0A08:00: [Firmware Info]: MMCONFIG for domain 0000 [bus 00-9b] only partially covers this bridge
[    0.384697] PCI host bridge to bus 0000:00
[    0.384699] pci_bus 0000:00: root bus resource [io  0x0000-0x0cf7 window]
[    0.384700] pci_bus 0000:00: root bus resource [io  0x0d00-0xffff window]
[    0.384701] pci_bus 0000:00: root bus resource [mem 0x000a0000-0x000bffff window]
[    0.384702] pci_bus 0000:00: root bus resource [mem 0x000c0000-0x000c3fff window]
[    0.384703] pci_bus 0000:00: root bus resource [mem 0x000c4000-0x000c7fff window]
[    0.384704] pci_bus 0000:00: root bus resource [mem 0x000c8000-0x000cbfff window]
[    0.384705] pci_bus 0000:00: root bus resource [mem 0x000cc000-0x000cffff window]
[    0.384706] pci_bus 0000:00: root bus resource [mem 0x000d0000-0x000d3fff window]
[    0.384707] pci_bus 0000:00: root bus resource [mem 0x000d4000-0x000d7fff window]
[    0.384708] pci_bus 0000:00: root bus resource [mem 0x000d8000-0x000dbfff window]
[    0.384709] pci_bus 0000:00: root bus resource [mem 0x000dc000-0x000dffff window]
[    0.384710] pci_bus 0000:00: root bus resource [mem 0x000e0000-0x000e3fff window]
[    0.384710] pci_bus 0000:00: root bus resource [mem 0x000e4000-0x000e7fff window]
[    0.384711] pci_bus 0000:00: root bus resource [mem 0x000e8000-0x000ebfff window]
[    0.384712] pci_bus 0000:00: root bus resource [mem 0x000ec000-0x000effff window]
[    0.384713] pci_bus 0000:00: root bus resource [mem 0x000f0000-0x000fffff window]
[    0.384714] pci_bus 0000:00: root bus resource [mem 0x7fa00000-0xfeafffff window]
[    0.384715] pci_bus 0000:00: root bus resource [mem 0xfed40000-0xfed44fff window]
[    0.384716] pci_bus 0000:00: root bus resource [bus 00-ff]
[    0.384722] pci 0000:00:00.0: [8086:0d04] type 00 class 0x060000
[    0.384787] pci 0000:00:01.0: [8086:0d01] type 01 class 0x060400
[    0.384818] pci 0000:00:01.0: PME# supported from D0 D3hot D3cold
[    0.384863] pci 0000:00:01.1: [8086:0d05] type 01 class 0x060400
[    0.384891] pci 0000:00:01.1: PME# supported from D0 D3hot D3cold
[    0.384961] pci 0000:00:02.0: [8086:0d26] type 00 class 0x030000
[    0.384969] pci 0000:00:02.0: reg 0x10: [mem 0xa0000000-0xa03fffff 64bit]
[    0.384974] pci 0000:00:02.0: reg 0x18: [mem 0x90000000-0x9fffffff 64bit pref]
[    0.384977] pci 0000:00:02.0: reg 0x20: [io  0x3000-0x303f]
[    0.384986] pci 0000:00:02.0: BAR 2: assigned to efifb
[    0.385034] pci 0000:00:03.0: [8086:0d0c] type 00 class 0x040300
[    0.385042] pci 0000:00:03.0: reg 0x10: [mem 0xa0c10000-0xa0c13fff 64bit]
[    0.385120] pci 0000:00:14.0: [8086:8c31] type 00 class 0x0c0330
[    0.385138] pci 0000:00:14.0: reg 0x10: [mem 0xa0c00000-0xa0c0ffff 64bit]
[    0.385188] pci 0000:00:14.0: PME# supported from D3hot D3cold
[    0.385264] pci 0000:00:16.0: [8086:8c3a] type 00 class 0x078000
[    0.385283] pci 0000:00:16.0: reg 0x10: [mem 0xa0c19100-0xa0c1910f 64bit]
[    0.385334] pci 0000:00:16.0: PME# supported from D0 D3hot D3cold
[    0.385389] pci 0000:00:1b.0: [8086:8c20] type 00 class 0x040300
[    0.385406] pci 0000:00:1b.0: reg 0x10: [mem 0xa0c14000-0xa0c17fff 64bit]
[    0.385464] pci 0000:00:1b.0: PME# supported from D0 D3hot D3cold
[    0.385515] pci 0000:00:1c.0: [8086:8c10] type 01 class 0x060400
[    0.385556] pci 0000:00:1c.0: claimed MacBook Pro poweroff workaround [mem 0x7fa00000-0x7fbfffff]
[    0.385602] pci 0000:00:1c.0: PME# supported from D0 D3hot D3cold
[    0.385663] pci 0000:00:1c.2: [8086:8c14] type 01 class 0x060400
[    0.385731] pci 0000:00:1c.2: PME# supported from D0 D3hot D3cold
[    0.385787] pci 0000:00:1c.3: [8086:8c16] type 01 class 0x060400
[    0.385856] pci 0000:00:1c.3: PME# supported from D0 D3hot D3cold
[    0.385918] pci 0000:00:1f.0: [8086:8c4b] type 00 class 0x060100
[    0.386052] pci 0000:00:1f.3: [8086:8c22] type 00 class 0x0c0500
[    0.386068] pci 0000:00:1f.3: reg 0x10: [mem 0xa0c19000-0xa0c190ff 64bit]
[    0.386085] pci 0000:00:1f.3: reg 0x20: [io  0xefa0-0xefbf]
[    0.386143] pci 0000:00:1f.6: [8086:8c24] type 00 class 0x118000
[    0.386162] pci 0000:00:1f.6: reg 0x10: [mem 0xa0c18000-0xa0c18fff 64bit]
[    0.386312] pci 0000:01:00.0: [144d:a801] type 00 class 0x010601
[    0.386346] pci 0000:01:00.0: reg 0x24: [mem 0xa0b00000-0xa0b01fff]
[    0.386471] pci 0000:00:01.0: PCI bridge to [bus 01]
[    0.386474] pci 0000:00:01.0:   bridge window [mem 0xa0b00000-0xa0bfffff]
[    0.386521] pci 0000:05:00.0: [8086:156d] type 01 class 0x060400
[    0.386601] pci 0000:05:00.0: supports D1 D2
[    0.386602] pci 0000:05:00.0: PME# supported from D0 D1 D2 D3hot D3cold
[    0.386687] pci 0000:00:01.1: PCI bridge to [bus 05-9b]
[    0.386689] pci 0000:00:01.1:   bridge window [io  0x4000-0x6fff]
[    0.386691] pci 0000:00:01.1:   bridge window [mem 0xa0d00000-0xacdfffff]
[    0.386693] pci 0000:00:01.1:   bridge window [mem 0xace00000-0xb8dfffff 64bit pref]
[    0.386772] pci 0000:06:00.0: [8086:156d] type 01 class 0x060400
[    0.386859] pci 0000:06:00.0: supports D1 D2
[    0.386860] pci 0000:06:00.0: PME# supported from D0 D1 D2 D3hot D3cold
[    0.386921] pci 0000:06:03.0: [8086:156d] type 01 class 0x060400
[    0.387007] pci 0000:06:03.0: supports D1 D2
[    0.387008] pci 0000:06:03.0: PME# supported from D0 D1 D2 D3hot D3cold
[    0.387066] pci 0000:06:04.0: [8086:156d] type 01 class 0x060400
[    0.387151] pci 0000:06:04.0: supports D1 D2
[    0.387152] pci 0000:06:04.0: PME# supported from D0 D1 D2 D3hot D3cold
[    0.387211] pci 0000:06:05.0: [8086:156d] type 01 class 0x060400
[    0.387296] pci 0000:06:05.0: supports D1 D2
[    0.387297] pci 0000:06:05.0: PME# supported from D0 D1 D2 D3hot D3cold
[    0.387355] pci 0000:06:06.0: [8086:156d] type 01 class 0x060400
[    0.387440] pci 0000:06:06.0: supports D1 D2
[    0.387441] pci 0000:06:06.0: PME# supported from D0 D1 D2 D3hot D3cold
[    0.387510] pci 0000:05:00.0: PCI bridge to [bus 06-6b]
[    0.387514] pci 0000:05:00.0:   bridge window [io  0x4000-0x5fff]
[    0.387516] pci 0000:05:00.0:   bridge window [mem 0xa0d00000-0xa8dfffff]
[    0.387520] pci 0000:05:00.0:   bridge window [mem 0xace00000-0xb4dfffff 64bit pref]
[    0.387567] pci 0000:07:00.0: [8086:156c] type 00 class 0x088000
[    0.387591] pci 0000:07:00.0: reg 0x10: [mem 0xa0d00000-0xa0d3ffff]
[    0.387600] pci 0000:07:00.0: reg 0x14: [mem 0xa0d40000-0xa0d40fff]
[    0.387719] pci 0000:07:00.0: supports D1 D2
[    0.387720] pci 0000:07:00.0: PME# supported from D0 D1 D2 D3hot D3cold
[    0.387860] pci 0000:06:00.0: PCI bridge to [bus 07]
[    0.387866] pci 0000:06:00.0:   bridge window [mem 0xa0d00000-0xa0dfffff]
[    0.387919] pci 0000:06:03.0: PCI bridge to [bus 08-38]
[    0.387923] pci 0000:06:03.0:   bridge window [io  0x4000-0x4fff]
[    0.387925] pci 0000:06:03.0:   bridge window [mem 0xa0e00000-0xa4dfffff]
[    0.387929] pci 0000:06:03.0:   bridge window [mem 0xace00000-0xb0dfffff 64bit pref]
[    0.387977] pci 0000:06:04.0: PCI bridge to [bus 39]
[    0.388032] pci 0000:06:05.0: PCI bridge to [bus 3a-6a]
[    0.388036] pci 0000:06:05.0:   bridge window [io  0x5000-0x5fff]
[    0.388038] pci 0000:06:05.0:   bridge window [mem 0xa4e00000-0xa8dfffff]
[    0.388042] pci 0000:06:05.0:   bridge window [mem 0xb0e00000-0xb4dfffff 64bit pref]
[    0.388069] pci 0000:06:06.0: PCI bridge to [bus 6b]
[    0.388134] pci 0000:00:1c.0: PCI bridge to [bus 02]
[    0.388229] pci 0000:03:00.0: [14e4:43ba] type 00 class 0x028000
[    0.388294] pci 0000:03:00.0: reg 0x10: [mem 0xa0800000-0xa0807fff 64bit]
[    0.388320] pci 0000:03:00.0: reg 0x18: [mem 0xa0400000-0xa07fffff 64bit]
[    0.388524] pci 0000:03:00.0: supports D1 D2
[    0.388525] pci 0000:03:00.0: PME# supported from D0 D1 D2 D3hot D3cold
[    0.388753] pci 0000:00:1c.2: PCI bridge to [bus 03]
[    0.388758] pci 0000:00:1c.2:   bridge window [mem 0xa0400000-0xa08fffff]
[    0.388818] pci 0000:04:00.0: [14e4:1570] type 00 class 0x048000
[    0.388849] pci 0000:04:00.0: reg 0x10: [mem 0xa0a00000-0xa0a0ffff 64bit]
[    0.388864] pci 0000:04:00.0: reg 0x18: [mem 0x80000000-0x8fffffff 64bit pref]
[    0.388879] pci 0000:04:00.0: reg 0x20: [mem 0xa0900000-0xa09fffff 64bit]
[    0.388964] pci 0000:04:00.0: supports D1
[    0.388965] pci 0000:04:00.0: PME# supported from D0 D3hot
[    0.389072] pci 0000:00:1c.3: PCI bridge to [bus 04]
[    0.389076] pci 0000:00:1c.3:   bridge window [mem 0xa0900000-0xa0afffff]
[    0.389080] pci 0000:00:1c.3:   bridge window [mem 0x80000000-0x8fffffff 64bit pref]
[    0.389817] ACPI: PCI Interrupt Link [LNKA] (IRQs 1 3 4 5 6 7 10 12 14 15) *0, disabled.
[    0.389869] ACPI: PCI Interrupt Link [LNKB] (IRQs 1 3 4 5 6 7 11 12 14 15) *0, disabled.
[    0.389914] ACPI: PCI Interrupt Link [LNKC] (IRQs 1 3 4 5 6 7 10 12 14 15) *0, disabled.
[    0.389963] ACPI: PCI Interrupt Link [LNKD] (IRQs 1 3 4 5 6 7 11 12 14 15) *0, disabled.
[    0.390012] ACPI: PCI Interrupt Link [LNKE] (IRQs 1 3 4 5 6 7 10 12 14 15) *0, disabled.
[    0.390060] ACPI: PCI Interrupt Link [LNKF] (IRQs 1 3 4 5 6 7 11 12 14 15) *0, disabled.
[    0.390103] ACPI: PCI Interrupt Link [LNKG] (IRQs 1 3 4 5 6 7 10 12 14 15) *0, disabled.
[    0.390150] ACPI: PCI Interrupt Link [LNKH] (IRQs 1 3 4 5 6 7 11 12 14 15) *0, disabled.
[    0.390299] ACPI: EC: interrupt unblocked
[    0.390318] ACPI: EC: event unblocked
[    0.390323] ACPI: \_SB_.PCI0.LPCB.EC__: GPE=0x17, EC_CMD/EC_SC=0x66, EC_DATA=0x62
[    0.390324] ACPI: \_SB_.PCI0.LPCB.EC__: Used as boot DSDT EC to handle transactions and events
[    0.390365] pci 0000:00:02.0: vgaarb: setting as boot VGA device
[    0.390365] pci 0000:00:02.0: vgaarb: VGA device added: decodes=io+mem,owns=io+mem,locks=none
[    0.390365] pci 0000:00:02.0: vgaarb: bridge control possible
[    0.390365] vgaarb: loaded
[    0.390365] SCSI subsystem initialized
[    0.390365] libata version 3.00 loaded.
[    0.390365] ACPI: bus type USB registered
[    0.390365] usbcore: registered new interface driver usbfs
[    0.390365] usbcore: registered new interface driver hub
[    0.390365] usbcore: registered new device driver usb
[    0.390365] pps_core: LinuxPPS API ver. 1 registered
[    0.390365] pps_core: Software ver. 5.3.6 - Copyright 2005-2007 Rodolfo Giometti <giometti@linux.it>
[    0.390365] PTP clock support registered
[    0.390575] EDAC MC: Ver: 3.0.0
[    0.390667] Registered efivars operations
[    0.415585] PCI: Using ACPI for IRQ routing
[    0.419479] PCI: pci_cache_line_size set to 64 bytes
[    0.419576] e820: reserve RAM buffer [mem 0x00058000-0x0005ffff]
[    0.419577] e820: reserve RAM buffer [mem 0x66282710-0x67ffffff]
[    0.419578] e820: reserve RAM buffer [mem 0x78d01000-0x7bffffff]
[    0.419580] e820: reserve RAM buffer [mem 0x78d5d000-0x7bffffff]
[    0.419581] e820: reserve RAM buffer [mem 0x78e3a000-0x7bffffff]
[    0.419582] e820: reserve RAM buffer [mem 0x78ecc000-0x7bffffff]
[    0.419583] e820: reserve RAM buffer [mem 0x78f85000-0x7bffffff]
[    0.419584] e820: reserve RAM buffer [mem 0x79000000-0x7bffffff]
[    0.419585] e820: reserve RAM buffer [mem 0x47f600000-0x47fffffff]
[    0.419662] NetLabel: Initializing
[    0.419663] NetLabel:  domain hash size = 128
[    0.419663] NetLabel:  protocols = UNLABELED CIPSOv4 CALIPSO
[    0.419677] NetLabel:  unlabeled traffic allowed by default
[    0.419680] hpet0: at MMIO 0xfed00000, IRQs 2, 8, 0, 0, 0, 0, 0, 0
[    0.419680] hpet0: 8 comparators, 64-bit 14.318180 MHz counter
[    0.421579] clocksource: Switched to clocksource tsc-early
[    0.431148] VFS: Disk quotas dquot_6.6.0
[    0.431163] VFS: Dquot-cache hash table entries: 512 (order 0, 4096 bytes)
[    0.431209] pnp: PnP ACPI init
[    0.431861] system 00:00: [mem 0xfed00000-0xfed03fff] has been reserved
[    0.431865] system 00:00: Plug and Play ACPI device, IDs PNP0103 PNP0c01 (active)
[    0.431897] system 00:01: [io  0xffff] has been reserved
[    0.431898] system 00:01: [io  0x1800-0x187f] has been reserved
[    0.431901] system 00:01: [io  0x0800-0x087f] has been reserved
[    0.431904] system 00:01: Plug and Play ACPI device, IDs PNP0c02 (active)
[    0.431915] pnp 00:02: Plug and Play ACPI device, IDs PNP0b00 (active)
[    0.431959] pnp 00:03: Plug and Play ACPI device, IDs APP000b (active)
[    0.432057] system 00:04: [mem 0xfed1c000-0xfed1ffff] has been reserved
[    0.432059] system 00:04: [mem 0xfed10000-0xfed17fff] has been reserved
[    0.432060] system 00:04: [mem 0xfed18000-0xfed18fff] has been reserved
[    0.432061] system 00:04: [mem 0xfed19000-0xfed19fff] has been reserved
[    0.432062] system 00:04: [mem 0xe0000000-0xefffffff] could not be reserved
[    0.432063] system 00:04: [mem 0xfed20000-0xfed3ffff] has been reserved
[    0.432065] system 00:04: [mem 0xfed90000-0xfed93fff] could not be reserved
[    0.432066] system 00:04: [mem 0xfed45000-0xfed8ffff] has been reserved
[    0.432067] system 00:04: [mem 0xff000000-0xffffffff] could not be reserved
[    0.432068] system 00:04: [mem 0xfee00000-0xfeefffff] has been reserved
[    0.432071] system 00:04: Plug and Play ACPI device, IDs PNP0c02 (active)
[    0.432106] system 00:05: [mem 0x20000000-0x201fffff] could not be reserved
[    0.432107] system 00:05: [mem 0x40000000-0x401fffff] could not be reserved
[    0.432110] system 00:05: Plug and Play ACPI device, IDs PNP0c01 (active)
[    0.432228] pnp: PnP ACPI: found 6 devices
[    0.433039] pci 0000:07:00.0: assigning 8 device properties
[    0.433048] pci 0000:00:1b.0: assigning 4 device properties
[    0.433052] pci 0000:00:02.0: assigning 2 device properties
[    0.437622] clocksource: acpi_pm: mask: 0xffffff max_cycles: 0xffffff, max_idle_ns: 2085701024 ns
[    0.437654] pci 0000:06:00.0: bridge window [io  0x1000-0x0fff] to [bus 07] add_size 1000
[    0.437656] pci 0000:06:00.0: bridge window [mem 0x00100000-0x000fffff 64bit pref] to [bus 07] add_size 200000 add_align 100000
[    0.437667] pci 0000:06:04.0: bridge window [io  0x1000-0x0fff] to [bus 39] add_size 1000
[    0.437668] pci 0000:06:04.0: bridge window [mem 0x00100000-0x000fffff 64bit pref] to [bus 39] add_size 200000 add_align 100000
[    0.437669] pci 0000:06:04.0: bridge window [mem 0x00100000-0x000fffff] to [bus 39] add_size 200000 add_align 100000
[    0.437680] pci 0000:06:06.0: bridge window [io  0x1000-0x0fff] to [bus 6b] add_size 1000
[    0.437681] pci 0000:06:06.0: bridge window [mem 0x00100000-0x000fffff 64bit pref] to [bus 6b] add_size 200000 add_align 100000
[    0.437682] pci 0000:06:06.0: bridge window [mem 0x00100000-0x000fffff] to [bus 6b] add_size 200000 add_align 100000
[    0.437700] pci 0000:00:1c.0: bridge window [io  0x1000-0x0fff] to [bus 02] add_size 1000
[    0.437701] pci 0000:00:1c.0: bridge window [mem 0x00100000-0x000fffff 64bit pref] to [bus 02] add_size 200000 add_align 100000
[    0.437702] pci 0000:00:1c.0: bridge window [mem 0x00100000-0x000fffff] to [bus 02] add_size 200000 add_align 100000
[    0.437720] pci 0000:00:1c.0: BAR 14: assigned [mem 0x7fc00000-0x7fdfffff]
[    0.437727] pci 0000:00:1c.0: BAR 15: assigned [mem 0x7fe00000-0x7fffffff 64bit pref]
[    0.437729] pci 0000:00:1c.0: BAR 13: assigned [io  0x2000-0x2fff]
[    0.437731] pci 0000:00:01.0: PCI bridge to [bus 01]
[    0.437733] pci 0000:00:01.0:   bridge window [mem 0xa0b00000-0xa0bfffff]
[    0.437741] pci 0000:06:00.0: BAR 15: no space for [mem size 0x00200000 64bit pref]
[    0.437742] pci 0000:06:00.0: BAR 15: failed to assign [mem size 0x00200000 64bit pref]
[    0.437743] pci 0000:06:04.0: BAR 14: no space for [mem size 0x00200000]
[    0.437744] pci 0000:06:04.0: BAR 14: failed to assign [mem size 0x00200000]
[    0.437746] pci 0000:06:04.0: BAR 15: no space for [mem size 0x00200000 64bit pref]
[    0.437747] pci 0000:06:04.0: BAR 15: failed to assign [mem size 0x00200000 64bit pref]
[    0.437748] pci 0000:06:06.0: BAR 14: no space for [mem size 0x00200000]
[    0.437749] pci 0000:06:06.0: BAR 14: failed to assign [mem size 0x00200000]
[    0.437751] pci 0000:06:06.0: BAR 15: no space for [mem size 0x00200000 64bit pref]
[    0.437752] pci 0000:06:06.0: BAR 15: failed to assign [mem size 0x00200000 64bit pref]
[    0.437753] pci 0000:06:00.0: BAR 13: no space for [io  size 0x1000]
[    0.437754] pci 0000:06:00.0: BAR 13: failed to assign [io  size 0x1000]
[    0.437755] pci 0000:06:04.0: BAR 13: no space for [io  size 0x1000]
[    0.437756] pci 0000:06:04.0: BAR 13: failed to assign [io  size 0x1000]
[    0.437757] pci 0000:06:06.0: BAR 13: no space for [io  size 0x1000]
[    0.437758] pci 0000:06:06.0: BAR 13: failed to assign [io  size 0x1000]
[    0.437760] pci 0000:06:06.0: BAR 14: no space for [mem size 0x00200000]
[    0.437761] pci 0000:06:06.0: BAR 14: failed to assign [mem size 0x00200000]
[    0.437762] pci 0000:06:06.0: BAR 15: no space for [mem size 0x00200000 64bit pref]
[    0.437763] pci 0000:06:06.0: BAR 15: failed to assign [mem size 0x00200000 64bit pref]
[    0.437764] pci 0000:06:06.0: BAR 13: no space for [io  size 0x1000]
[    0.437765] pci 0000:06:06.0: BAR 13: failed to assign [io  size 0x1000]
[    0.437767] pci 0000:06:04.0: BAR 14: no space for [mem size 0x00200000]
[    0.437767] pci 0000:06:04.0: BAR 14: failed to assign [mem size 0x00200000]
[    0.437769] pci 0000:06:04.0: BAR 15: no space for [mem size 0x00200000 64bit pref]
[    0.437770] pci 0000:06:04.0: BAR 15: failed to assign [mem size 0x00200000 64bit pref]
[    0.437771] pci 0000:06:04.0: BAR 13: no space for [io  size 0x1000]
[    0.437772] pci 0000:06:04.0: BAR 13: failed to assign [io  size 0x1000]
[    0.437774] pci 0000:06:00.0: BAR 15: no space for [mem size 0x00200000 64bit pref]
[    0.437775] pci 0000:06:00.0: BAR 15: failed to assign [mem size 0x00200000 64bit pref]
[    0.437776] pci 0000:06:00.0: BAR 13: no space for [io  size 0x1000]
[    0.437777] pci 0000:06:00.0: BAR 13: failed to assign [io  size 0x1000]
[    0.437778] pci 0000:06:00.0: PCI bridge to [bus 07]
[    0.437781] pci 0000:06:00.0:   bridge window [mem 0xa0d00000-0xa0dfffff]
[    0.437787] pci 0000:06:03.0: PCI bridge to [bus 08-38]
[    0.437789] pci 0000:06:03.0:   bridge window [io  0x4000-0x4fff]
[    0.437792] pci 0000:06:03.0:   bridge window [mem 0xa0e00000-0xa4dfffff]
[    0.437795] pci 0000:06:03.0:   bridge window [mem 0xace00000-0xb0dfffff 64bit pref]
[    0.437799] pci 0000:06:04.0: PCI bridge to [bus 39]
[    0.437807] pci 0000:06:05.0: PCI bridge to [bus 3a-6a]
[    0.437808] pci 0000:06:05.0:   bridge window [io  0x5000-0x5fff]
[    0.437812] pci 0000:06:05.0:   bridge window [mem 0xa4e00000-0xa8dfffff]
[    0.437814] pci 0000:06:05.0:   bridge window [mem 0xb0e00000-0xb4dfffff 64bit pref]
[    0.437818] pci 0000:06:06.0: PCI bridge to [bus 6b]
[    0.437826] pci 0000:05:00.0: PCI bridge to [bus 06-6b]
[    0.437828] pci 0000:05:00.0:   bridge window [io  0x4000-0x5fff]
[    0.437831] pci 0000:05:00.0:   bridge window [mem 0xa0d00000-0xa8dfffff]
[    0.437833] pci 0000:05:00.0:   bridge window [mem 0xace00000-0xb4dfffff 64bit pref]
[    0.437837] pci 0000:00:01.1: PCI bridge to [bus 05-9b]
[    0.437838] pci 0000:00:01.1:   bridge window [io  0x4000-0x6fff]
[    0.437840] pci 0000:00:01.1:   bridge window [mem 0xa0d00000-0xacdfffff]
[    0.437842] pci 0000:00:01.1:   bridge window [mem 0xace00000-0xb8dfffff 64bit pref]
[    0.437844] pci 0000:00:1c.0: PCI bridge to [bus 02]
[    0.437851] pci 0000:00:1c.0:   bridge window [io  0x2000-0x2fff]
[    0.437855] pci 0000:00:1c.0:   bridge window [mem 0x7fc00000-0x7fdfffff]
[    0.437858] pci 0000:00:1c.0:   bridge window [mem 0x7fe00000-0x7fffffff 64bit pref]
[    0.437863] pci 0000:00:1c.2: PCI bridge to [bus 03]
[    0.437868] pci 0000:00:1c.2:   bridge window [mem 0xa0400000-0xa08fffff]
[    0.437874] pci 0000:00:1c.3: PCI bridge to [bus 04]
[    0.437878] pci 0000:00:1c.3:   bridge window [mem 0xa0900000-0xa0afffff]
[    0.437882] pci 0000:00:1c.3:   bridge window [mem 0x80000000-0x8fffffff 64bit pref]
[    0.437887] pci_bus 0000:00: resource 4 [io  0x0000-0x0cf7 window]
[    0.437889] pci_bus 0000:00: resource 5 [io  0x0d00-0xffff window]
[    0.437890] pci_bus 0000:00: resource 6 [mem 0x000a0000-0x000bffff window]
[    0.437891] pci_bus 0000:00: resource 7 [mem 0x000c0000-0x000c3fff window]
[    0.437891] pci_bus 0000:00: resource 8 [mem 0x000c4000-0x000c7fff window]
[    0.437892] pci_bus 0000:00: resource 9 [mem 0x000c8000-0x000cbfff window]
[    0.437893] pci_bus 0000:00: resource 10 [mem 0x000cc000-0x000cffff window]
[    0.437894] pci_bus 0000:00: resource 11 [mem 0x000d0000-0x000d3fff window]
[    0.437895] pci_bus 0000:00: resource 12 [mem 0x000d4000-0x000d7fff window]
[    0.437896] pci_bus 0000:00: resource 13 [mem 0x000d8000-0x000dbfff window]
[    0.437897] pci_bus 0000:00: resource 14 [mem 0x000dc000-0x000dffff window]
[    0.437898] pci_bus 0000:00: resource 15 [mem 0x000e0000-0x000e3fff window]
[    0.437899] pci_bus 0000:00: resource 16 [mem 0x000e4000-0x000e7fff window]
[    0.437900] pci_bus 0000:00: resource 17 [mem 0x000e8000-0x000ebfff window]
[    0.437901] pci_bus 0000:00: resource 18 [mem 0x000ec000-0x000effff window]
[    0.437902] pci_bus 0000:00: resource 19 [mem 0x000f0000-0x000fffff window]
[    0.437903] pci_bus 0000:00: resource 20 [mem 0x7fa00000-0xfeafffff window]
[    0.437904] pci_bus 0000:00: resource 21 [mem 0xfed40000-0xfed44fff window]
[    0.437905] pci_bus 0000:01: resource 1 [mem 0xa0b00000-0xa0bfffff]
[    0.437906] pci_bus 0000:05: resource 0 [io  0x4000-0x6fff]
[    0.437907] pci_bus 0000:05: resource 1 [mem 0xa0d00000-0xacdfffff]
[    0.437908] pci_bus 0000:05: resource 2 [mem 0xace00000-0xb8dfffff 64bit pref]
[    0.437909] pci_bus 0000:06: resource 0 [io  0x4000-0x5fff]
[    0.437910] pci_bus 0000:06: resource 1 [mem 0xa0d00000-0xa8dfffff]
[    0.437911] pci_bus 0000:06: resource 2 [mem 0xace00000-0xb4dfffff 64bit pref]
[    0.437912] pci_bus 0000:07: resource 1 [mem 0xa0d00000-0xa0dfffff]
[    0.437913] pci_bus 0000:08: resource 0 [io  0x4000-0x4fff]
[    0.437914] pci_bus 0000:08: resource 1 [mem 0xa0e00000-0xa4dfffff]
[    0.437915] pci_bus 0000:08: resource 2 [mem 0xace00000-0xb0dfffff 64bit pref]
[    0.437916] pci_bus 0000:3a: resource 0 [io  0x5000-0x5fff]
[    0.437917] pci_bus 0000:3a: resource 1 [mem 0xa4e00000-0xa8dfffff]
[    0.437918] pci_bus 0000:3a: resource 2 [mem 0xb0e00000-0xb4dfffff 64bit pref]
[    0.437919] pci_bus 0000:02: resource 0 [io  0x2000-0x2fff]
[    0.437920] pci_bus 0000:02: resource 1 [mem 0x7fc00000-0x7fdfffff]
[    0.437921] pci_bus 0000:02: resource 2 [mem 0x7fe00000-0x7fffffff 64bit pref]
[    0.437922] pci_bus 0000:03: resource 1 [mem 0xa0400000-0xa08fffff]
[    0.437923] pci_bus 0000:04: resource 1 [mem 0xa0900000-0xa0afffff]
[    0.437924] pci_bus 0000:04: resource 2 [mem 0x80000000-0x8fffffff 64bit pref]
[    0.438017] NET: Registered protocol family 2
[    0.438132] tcp_listen_portaddr_hash hash table entries: 8192 (order: 5, 131072 bytes)
[    0.438175] TCP established hash table entries: 131072 (order: 8, 1048576 bytes)
[    0.438322] TCP bind hash table entries: 65536 (order: 8, 1048576 bytes)
[    0.438438] TCP: Hash tables configured (established 131072 bind 65536)
[    0.438465] UDP hash table entries: 8192 (order: 6, 262144 bytes)
[    0.438501] UDP-Lite hash table entries: 8192 (order: 6, 262144 bytes)
[    0.438563] NET: Registered protocol family 1
[    0.438572] NET: Registered protocol family 44
[    0.438580] pci 0000:00:02.0: Video device with shadowed ROM at [mem 0x000c0000-0x000dffff]
[    0.438802] PCI: CLS 256 bytes, default 64
[    0.438829] Unpacking initramfs...
[    1.562126] Freeing initrd memory: 92720K
[    1.567614] PCI-DMA: Using software bounce buffering for IO (SWIOTLB)
[    1.567617] software IO TLB: mapped [mem 0x5f070000-0x63070000] (64MB)
[    1.570641] Initialise system trusted keyrings
[    1.570656] Key type blacklist registered
[    1.570700] workingset: timestamp_bits=36 max_order=22 bucket_order=0
[    1.571942] zbud: loaded
[    1.703689] alg: No test for 842 (842-generic)
[    1.704254] alg: No test for 842 (842-scomp)
[    1.724194] NET: Registered protocol family 38
[    1.724197] Key type asymmetric registered
[    1.724197] Asymmetric key parser 'x509' registered
[    1.724206] Block layer SCSI generic (bsg) driver version 0.4 loaded (major 243)
[    1.724235] io scheduler mq-deadline registered
[    1.724292] atomic64_test: passed for x86-64 platform with CX8 and with SSE
[    1.724690] pciehp 0000:00:1c.0:pcie004: Slot #0 AttnBtn- PwrCtrl- MRL- AttnInd- PwrInd- HotPlug+ Surprise+ Interlock- NoCompl+ LLActRep+
[    1.725273] pciehp 0000:06:00.0:pcie204: Slot #0 AttnBtn- PwrCtrl- MRL- AttnInd- PwrInd- HotPlug+ Surprise+ Interlock- NoCompl+ LLActRep+
[    1.725464] pciehp 0000:06:03.0:pcie204: Slot #3 AttnBtn- PwrCtrl- MRL- AttnInd- PwrInd- HotPlug+ Surprise+ Interlock- NoCompl+ LLActRep+
[    1.725677] pciehp 0000:06:04.0:pcie204: Slot #4 AttnBtn- PwrCtrl- MRL- AttnInd- PwrInd- HotPlug+ Surprise+ Interlock- NoCompl+ LLActRep+
[    1.725877] pciehp 0000:06:05.0:pcie204: Slot #5 AttnBtn- PwrCtrl- MRL- AttnInd- PwrInd- HotPlug+ Surprise+ Interlock- NoCompl+ LLActRep+
[    1.726044] pciehp 0000:06:06.0:pcie204: Slot #6 AttnBtn- PwrCtrl- MRL- AttnInd- PwrInd- HotPlug+ Surprise+ Interlock- NoCompl+ LLActRep+
[    1.726136] shpchp: Standard Hot Plug PCI Controller Driver version: 0.4
[    1.726156] efifb: probing for efifb
[    1.726172] efifb: No BGRT, not showing boot graphics
[    1.726173] efifb: framebuffer at 0x90000000, using 20700k, total 20700k
[    1.726174] efifb: mode is 2880x1800x32, linelength=11776, pages=1
[    1.726174] efifb: scrolling: redraw
[    1.726176] efifb: Truecolor: size=8:8:8:8, shift=24:16:8:0
[    1.726207] fbcon: Deferring console take-over
[    1.726208] fb0: EFI VGA frame buffer device
[    1.726214] intel_idle: MWAIT substates: 0x42120
[    1.726215] intel_idle: v0.4.1 model 0x46
[    1.726484] intel_idle: lapic_timer_reliable_states 0xffffffff
[    1.726596] ACPI: AC Adapter [ADP1] (on-line)
[    1.726655] input: Lid Switch as /devices/LNXSYSTM:00/LNXSYBUS:00/PNP0C0D:00/input/input0
[    1.726665] ACPI: Lid Switch [LID0]
[    1.726689] input: Power Button as /devices/LNXSYSTM:00/LNXSYBUS:00/PNP0C0C:00/input/input1
[    1.726695] ACPI: Power Button [PWRB]
[    1.726717] input: Sleep Button as /devices/LNXSYSTM:00/LNXSYBUS:00/PNP0C0E:00/input/input2
[    1.726721] ACPI: Sleep Button [SLPB]
[    1.726743] input: Power Button as /devices/LNXSYSTM:00/LNXPWRBN:00/input/input3
[    1.726747] ACPI: Power Button [PWRF]
[    1.727543] Serial: 8250/16550 driver, 32 ports, IRQ sharing enabled
[    1.728879] Non-volatile memory driver v1.3
[    1.728895] Linux agpgart interface v0.103
[    1.729468] ahci 0000:01:00.0: version 3.0
[    1.760063] ahci 0000:01:00.0: AHCI 0001.0300 32 slots 1 ports 6 Gbps 0x1 impl SATA mode
[    1.760068] ahci 0000:01:00.0: flags: 64bit ncq led clo only pio ccc 
[    1.760537] scsi host0: ahci
[    1.760650] ata1: SATA max UDMA/133 abar m8192@0xa0b00000 port 0xa0b00100 irq 33
[    1.760736] libphy: Fixed MDIO Bus: probed
[    1.760879] ehci_hcd: USB 2.0 'Enhanced' Host Controller (EHCI) Driver
[    1.760883] ehci-pci: EHCI PCI platform driver
[    1.760900] ohci_hcd: USB 1.1 'Open' Host Controller (OHCI) Driver
[    1.760901] ohci-pci: OHCI PCI platform driver
[    1.760910] uhci_hcd: USB Universal Host Controller Interface driver
[    1.761091] xhci_hcd 0000:00:14.0: xHCI Host Controller
[    1.761215] xhci_hcd 0000:00:14.0: new USB bus registered, assigned bus number 1
[    1.762295] xhci_hcd 0000:00:14.0: hcc params 0x200077c1 hci version 0x100 quirks 0x0000000000009810
[    1.762301] xhci_hcd 0000:00:14.0: cache line size of 256 is not supported
[    1.762507] usb usb1: New USB device found, idVendor=1d6b, idProduct=0002, bcdDevice= 5.00
[    1.762509] usb usb1: New USB device strings: Mfr=3, Product=2, SerialNumber=1
[    1.762510] usb usb1: Product: xHCI Host Controller
[    1.762511] usb usb1: Manufacturer: Linux 5.0.0-rc6+ xhci-hcd
[    1.762512] usb usb1: SerialNumber: 0000:00:14.0
[    1.762687] hub 1-0:1.0: USB hub found
[    1.762709] hub 1-0:1.0: 14 ports detected
[    1.763030] xhci_hcd 0000:00:14.0: xHCI Host Controller
[    1.763130] xhci_hcd 0000:00:14.0: new USB bus registered, assigned bus number 2
[    1.763144] xhci_hcd 0000:00:14.0: Host supports USB 3.0  SuperSpeed
[    1.763189] usb usb2: New USB device found, idVendor=1d6b, idProduct=0003, bcdDevice= 5.00
[    1.763191] usb usb2: New USB device strings: Mfr=3, Product=2, SerialNumber=1
[    1.763192] usb usb2: Product: xHCI Host Controller
[    1.763193] usb usb2: Manufacturer: Linux 5.0.0-rc6+ xhci-hcd
[    1.763194] usb usb2: SerialNumber: 0000:00:14.0
[    1.763349] hub 2-0:1.0: USB hub found
[    1.763366] hub 2-0:1.0: 6 ports detected
[    1.763402] usb: port power management may be unreliable
[    1.763549] usbcore: registered new interface driver usbserial_generic
[    1.763554] usbserial: USB Serial support registered for generic
[    1.763577] i8042: PNP: No PS/2 controller found.
[    1.763607] mousedev: PS/2 mouse device common for all mice
[    1.763760] rtc_cmos 00:02: RTC can wake from S4
[    1.763899] rtc_cmos 00:02: registered as rtc0
[    1.763901] rtc_cmos 00:02: alarms up to one month, y3k, 242 bytes nvram, hpet irqs
[    1.763964] device-mapper: uevent: version 1.0.3
[    1.764015] device-mapper: ioctl: 4.39.0-ioctl (2018-04-03) initialised: dm-devel@redhat.com
[    1.764097] intel_pstate: Intel P-state driver initializing
[    1.764599] hidraw: raw HID events driver (C) Jiri Kosina
[    1.764684] usbcore: registered new interface driver usbhid
[    1.764686] usbhid: USB HID core driver
[    1.764974] drop_monitor: Initializing network drop monitor service
[    1.765327] Initializing XFRM netlink socket
[    1.765627] NET: Registered protocol family 10
[    1.774732] Segment Routing with IPv6
[    1.774780] mip6: Mobile IPv6
[    1.774784] NET: Registered protocol family 17
[    1.776297] RAS: Correctable Errors collector initialized.
[    1.776343] microcode: sig=0x40661, pf=0x20, revision=0x1a
[    1.776488] microcode: Microcode Update Driver: v2.2.
[    1.776500] AVX2 version of gcm_enc/dec engaged.
[    1.776500] AES CTR mode by8 optimization enabled
[    1.807775] sched_clock: Marking stable (1807485286, 254970)->(1891133959, -83393703)
[    1.808156] registered taskstats version 1
[    1.808164] Loading compiled-in X.509 certificates
[    1.837768] Loaded X.509 cert 'Build time autogenerated kernel key: 307e4e8a55fe74f83f10b61aeadbf24a5fc6325b'
[    1.837789] zswap: loaded using pool lzo/zbud
[    1.842856] Key type big_key registered
[    1.845997] Key type encrypted registered
[    1.846004] ima: No TPM chip found, activating TPM-bypass!
[    1.846010] ima: Allocated hash algorithm: sha1
[    1.846015] No architecture policies found
[    1.846683]   Magic number: 7:748:297
[    1.846825] rtc_cmos 00:02: setting system clock to 2019-02-11T21:17:42 UTC (1549919862)
[    2.081644] usb 1-8: new full-speed USB device number 2 using xhci_hcd
[    2.094342] ata1: SATA link up 6.0 Gbps (SStatus 133 SControl 300)
[    2.096309] ata1.00: unexpected _GTF length (8)
[    2.096556] ata1.00: ATA-8: APPLE SSD SM0256G, BXW1SA0Q, max UDMA/133
[    2.096559] ata1.00: 490234752 sectors, multi 16: LBA48 NCQ (depth 32), AA
[    2.097051] ata1.00: unexpected _GTF length (8)
[    2.097295] ata1.00: configured for UDMA/133
[    2.097577] scsi 0:0:0:0: Direct-Access     ATA      APPLE SSD SM0256 SA0Q PQ: 0 ANSI: 5
[    2.097884] sd 0:0:0:0: Attached scsi generic sg0 type 0
[    2.097993] sd 0:0:0:0: [sda] 490234752 512-byte logical blocks: (251 GB/234 GiB)
[    2.097995] sd 0:0:0:0: [sda] 4096-byte physical blocks
[    2.098035] sd 0:0:0:0: [sda] Write Protect is off
[    2.098038] sd 0:0:0:0: [sda] Mode Sense: 00 3a 00 00
[    2.098073] sd 0:0:0:0: [sda] Write cache: enabled, read cache: enabled, doesn't support DPO or FUA
[    2.099829]  sda: sda1 sda2 sda3 sda4
[    2.100431] sd 0:0:0:0: [sda] Attached SCSI disk
[    2.101675] Freeing unused decrypted memory: 2040K
[    2.102141] Freeing unused kernel image memory: 2152K
[    2.113662] Write protecting the kernel read-only data: 18432k
[    2.114313] Freeing unused kernel image memory: 2020K
[    2.114439] Freeing unused kernel image memory: 68K
[    2.128094] x86/mm: Checked W+X mappings: passed, no W+X pages found.
[    2.128100] rodata_test: all tests were successful
[    2.128101] x86/mm: Checking user space page tables
[    2.135641] x86/mm: Checked W+X mappings: passed, no W+X pages found.
[    2.135642] Run /init as init process
[    2.189189] systemd[1]: systemd 239 running in system mode. (+PAM +AUDIT +SELINUX +IMA -APPARMOR +SMACK +SYSVINIT +UTMP +LIBCRYPTSETUP +GCRYPT +GNUTLS +ACL +XZ +LZ4 +SECCOMP +BLKID +ELFUTILS +KMOD +IDN2 -IDN +PCRE2 default-hierarchy=hybrid)
[    2.200729] systemd[1]: Detected architecture x86-64.
[    2.200733] systemd[1]: Running in initial RAM disk.
[    2.202943] systemd[1]: Set hostname to <im-mac>.
[    2.209459] usb 1-8: New USB device found, idVendor=05ac, idProduct=8290, bcdDevice= 1.61
[    2.209463] usb 1-8: New USB device strings: Mfr=1, Product=2, SerialNumber=0
[    2.209466] usb 1-8: Product: Bluetooth USB Host Controller
[    2.209468] usb 1-8: Manufacturer: Broadcom Corp.
[    2.212563] input: Broadcom Corp. Bluetooth USB Host Controller as /devices/pci0000:00/0000:00:14.0/usb1/1-8/1-8:1.0/0003:05AC:8290.0001/input/input4
[    2.255513] systemd[1]: Created slice system-systemd\x2dhibernate\x2dresume.slice.
[    2.255544] systemd[1]: Reached target Timers.
[    2.255550] systemd[1]: Reached target Swap.
[    2.255626] systemd[1]: Listening on Journal Socket (/dev/log).
[    2.255783] systemd[1]: Created slice system-systemd\x2dcryptsetup.slice.
[    2.255865] systemd[1]: Listening on Journal Audit Socket.
[    2.263704] hid-generic 0003:05AC:8290.0001: input,hidraw0: USB HID v1.11 Keyboard [Broadcom Corp. Bluetooth USB Host Controller] on usb-0000:00:14.0-8/input0
[    2.264316] input: Broadcom Corp. Bluetooth USB Host Controller as /devices/pci0000:00/0000:00:14.0/usb1/1-8/1-8:1.1/0003:05AC:8290.0002/input/input5
[    2.264435] hid-generic 0003:05AC:8290.0002: input,hidraw1: USB HID v1.11 Mouse [Broadcom Corp. Bluetooth USB Host Controller] on usb-0000:00:14.0-8/input1
[    2.303532] audit: type=1130 audit(1549919862.955:2): pid=1 uid=0 auid=4294967295 ses=4294967295 subj=kernel msg='unit=systemd-journald comm="systemd" exe="/usr/lib/systemd/systemd" hostname=? addr=? terminal=? res=success'
[    2.305970] audit: type=1130 audit(1549919862.958:3): pid=1 uid=0 auid=4294967295 ses=4294967295 subj=kernel msg='unit=systemd-vconsole-setup comm="systemd" exe="/usr/lib/systemd/systemd" hostname=? addr=? terminal=? res=success'
[    2.305973] audit: type=1131 audit(1549919862.958:4): pid=1 uid=0 auid=4294967295 ses=4294967295 subj=kernel msg='unit=systemd-vconsole-setup comm="systemd" exe="/usr/lib/systemd/systemd" hostname=? addr=? terminal=? res=success'
[    2.324237] usb 2-4: new SuperSpeed Gen 1 USB device number 2 using xhci_hcd
[    2.337843] usb 2-4: New USB device found, idVendor=05ac, idProduct=8406, bcdDevice= 8.20
[    2.337846] usb 2-4: New USB device strings: Mfr=3, Product=4, SerialNumber=5
[    2.337848] usb 2-4: Product: Card Reader
[    2.337850] usb 2-4: Manufacturer: Apple
[    2.337851] usb 2-4: SerialNumber: 000000000820
[    2.451596] usb 1-12: new full-speed USB device number 3 using xhci_hcd
[    2.473206] audit: type=1130 audit(1549919863.125:5): pid=1 uid=0 auid=4294967295 ses=4294967295 subj=kernel msg='unit=dracut-cmdline comm="systemd" exe="/usr/lib/systemd/systemd" hostname=? addr=? terminal=? res=success'
[    2.504037] audit: type=1130 audit(1549919863.156:6): pid=1 uid=0 auid=4294967295 ses=4294967295 subj=kernel msg='unit=dracut-pre-udev comm="systemd" exe="/usr/lib/systemd/systemd" hostname=? addr=? terminal=? res=success'
[    2.522166] audit: type=1130 audit(1549919863.174:7): pid=1 uid=0 auid=4294967295 ses=4294967295 subj=kernel msg='unit=systemd-udevd comm="systemd" exe="/usr/lib/systemd/systemd" hostname=? addr=? terminal=? res=success'
[    2.548738] usb-storage 2-4:1.0: USB Mass Storage device detected
[    2.548843] scsi host1: usb-storage 2-4:1.0
[    2.548942] usbcore: registered new interface driver usb-storage
[    2.555386] usbcore: registered new interface driver uas
[    2.579564] usb 1-12: New USB device found, idVendor=05ac, idProduct=0274, bcdDevice= 6.24
[    2.579572] usb 1-12: New USB device strings: Mfr=1, Product=2, SerialNumber=3
[    2.579573] usb 1-12: Product: Apple Internal Keyboard / Trackpad
[    2.579574] usb 1-12: Manufacturer: Apple Inc.
[    2.579575] usb 1-12: SerialNumber: D3H61830CG1FTV4A16PF
[    2.587216] audit: type=1130 audit(1549919863.239:8): pid=1 uid=0 auid=4294967295 ses=4294967295 subj=kernel msg='unit=systemd-udev-trigger comm="systemd" exe="/usr/lib/systemd/systemd" hostname=? addr=? terminal=? res=success'
[    2.598163] apple 0003:05AC:0274.0003: hiddev96,hidraw2: USB HID v1.10 Device [Apple Inc. Apple Internal Keyboard / Trackpad] on usb-0000:00:14.0-12/input0
[    2.598386] input: Apple Inc. Apple Internal Keyboard / Trackpad as /devices/pci0000:00/0000:00:14.0/usb1/1-12/1-12:1.1/0003:05AC:0274.0004/input/input6
[    2.609588] audit: type=1130 audit(1549919863.257:9): pid=1 uid=0 auid=4294967295 ses=4294967295 subj=kernel msg='unit=plymouth-start comm="systemd" exe="/usr/lib/systemd/systemd" hostname=? addr=? terminal=? res=success'
[    2.623583] tsc: Refined TSC clocksource calibration: 2194.919 MHz
[    2.623590] clocksource: tsc: mask: 0xffffffffffffffff max_cycles: 0x1fa372fc492, max_idle_ns: 440795285018 ns
[    2.759851] clocksource: Switched to clocksource tsc
[    2.760117] apple 0003:05AC:0274.0004: input,hiddev97,hidraw3: USB HID v1.10 Keyboard [Apple Inc. Apple Internal Keyboard / Trackpad] on usb-0000:00:14.0-12/input1
[    2.760320] apple 0003:05AC:0274.0005: hiddev98,hidraw4: USB HID v1.10 Device [Apple Inc. Apple Internal Keyboard / Trackpad] on usb-0000:00:14.0-12/input3
[    2.760412] apple 0003:05AC:0274.0006: hiddev99,hidraw5: USB HID v1.10 Device [Apple Inc. Apple Internal Keyboard / Trackpad] on usb-0000:00:14.0-12/input4
[    2.902436] audit: type=1130 audit(1549919863.554:10): pid=1 uid=0 auid=4294967295 ses=4294967295 subj=kernel msg='unit=systemd-ask-password-plymouth comm="systemd" exe="/usr/lib/systemd/systemd" hostname=? addr=? terminal=? res=success'
[    2.928508] VFIO - User Level meta-driver version: 0.3
[    3.511684] [drm] Found 128MB of eDRAM
[    3.511876] checking generic (90000000 1437000) vs hw (90000000 10000000)
[    3.511877] fb0: switching to inteldrmfb from EFI VGA
[    3.512011] [drm] Replacing VGA console driver
[    3.512398] [drm] Supports vblank timestamp caching Rev 2 (21.10.2013).
[    3.512398] [drm] Driver supports precise vblank timestamp query.
[    3.512433] i915 0000:00:02.0: vgaarb: changed VGA decodes: olddecodes=io+mem,decodes=io+mem:owns=io+mem
[    3.524320] [drm] Initialized i915 1.6.0 20181204 for 0000:00:02.0 on minor 0
[    3.525201] ACPI: Video Device [IGPU] (multi-head: yes  rom: no  post: no)
[    3.525778] acpi device:57: registered as cooling_device8
[    3.525853] input: Video Bus as /devices/LNXSYSTM:00/LNXSYBUS:00/PNP0A08:00/LNXVIDEO:00/input/input7
[    3.532158] fbcon: inteldrmfb (fb0) is primary device
[    3.532159] fbcon: Deferring console take-over
[    3.532162] i915 0000:00:02.0: fb0: inteldrmfb frame buffer device
[    3.585942] scsi 1:0:0:0: Direct-Access     APPLE    SD Card Reader   3.00 PQ: 0 ANSI: 6
[    3.586234] sd 1:0:0:0: Attached scsi generic sg1 type 0
[    3.587371] sd 1:0:0:0: [sdb] Attached SCSI removable disk
[   11.084657] device-mapper: crypt: xts(aes) using implementation "xts-aes-aesni"
[   11.139847] kauditd_printk_skb: 2 callbacks suppressed
[   11.139848] audit: type=1130 audit(1549919871.792:13): pid=1 uid=0 auid=4294967295 ses=4294967295 subj=kernel msg='unit=systemd-cryptsetup@luks\x2ddd1fa933\x2def9f\x2d402b\x2da2e4\x2d7c9d6fb7ce0d comm="systemd" exe="/usr/lib/systemd/systemd" hostname=? addr=? terminal=? res=success'
[   11.669267] PM: Image not found (code -22)
[   11.670699] audit: type=1130 audit(1549919872.323:14): pid=1 uid=0 auid=4294967295 ses=4294967295 subj=kernel msg='unit=systemd-hibernate-resume@dev-mapper-im\x2d\x2dmac\x2dswap comm="systemd" exe="/usr/lib/systemd/systemd" hostname=? addr=? terminal=? res=success'
[   11.670704] audit: type=1131 audit(1549919872.323:15): pid=1 uid=0 auid=4294967295 ses=4294967295 subj=kernel msg='unit=systemd-hibernate-resume@dev-mapper-im\x2d\x2dmac\x2dswap comm="systemd" exe="/usr/lib/systemd/systemd" hostname=? addr=? terminal=? res=success'
[   11.681551] audit: type=1130 audit(1549919872.333:16): pid=1 uid=0 auid=4294967295 ses=4294967295 subj=kernel msg='unit=systemd-tmpfiles-setup comm="systemd" exe="/usr/lib/systemd/systemd" hostname=? addr=? terminal=? res=success'
[   11.687894] audit: type=1130 audit(1549919872.340:17): pid=1 uid=0 auid=4294967295 ses=4294967295 subj=kernel msg='unit=dracut-initqueue comm="systemd" exe="/usr/lib/systemd/systemd" hostname=? addr=? terminal=? res=success'
[   11.704215] audit: type=1130 audit(1549919872.356:18): pid=1 uid=0 auid=4294967295 ses=4294967295 subj=kernel msg='unit=systemd-fsck-root comm="systemd" exe="/usr/lib/systemd/systemd" hostname=? addr=? terminal=? res=success'
[   12.021034] SGI XFS with ACLs, security attributes, scrub, no debug enabled
[   12.024167] XFS (dm-1): Mounting V5 Filesystem
[   12.043637] XFS (dm-1): Ending clean mount
[   12.160559] audit: type=1130 audit(1549919872.812:19): pid=1 uid=0 auid=4294967295 ses=4294967295 subj=kernel msg='unit=initrd-parse-etc comm="systemd" exe="/usr/lib/systemd/systemd" hostname=? addr=? terminal=? res=success'
[   12.160564] audit: type=1131 audit(1549919872.812:20): pid=1 uid=0 auid=4294967295 ses=4294967295 subj=kernel msg='unit=initrd-parse-etc comm="systemd" exe="/usr/lib/systemd/systemd" hostname=? addr=? terminal=? res=success'
[   12.303894] audit: type=1130 audit(1549919872.956:21): pid=1 uid=0 auid=4294967295 ses=4294967295 subj=kernel msg='unit=dracut-pre-pivot comm="systemd" exe="/usr/lib/systemd/systemd" hostname=? addr=? terminal=? res=success'
[   12.316116] audit: type=1131 audit(1549919872.968:22): pid=1 uid=0 auid=4294967295 ses=4294967295 subj=kernel msg='unit=dracut-pre-pivot comm="systemd" exe="/usr/lib/systemd/systemd" hostname=? addr=? terminal=? res=success'
[   12.400865] systemd-journald[310]: Received SIGTERM from PID 1 (systemd).
[   12.428875] printk: systemd: 14 output lines suppressed due to ratelimiting
[   12.885486] SELinux:  Class xdp_socket not defined in policy.
[   12.885487] SELinux: the above unknown classes and permissions will be allowed
[   12.885490] SELinux:  policy capability network_peer_controls=1
[   12.885491] SELinux:  policy capability open_perms=1
[   12.885491] SELinux:  policy capability extended_socket_class=1
[   12.885492] SELinux:  policy capability always_check_network=0
[   12.885492] SELinux:  policy capability cgroup_seclabel=1
[   12.885492] SELinux:  policy capability nnp_nosuid_transition=1
[   12.907190] systemd[1]: Successfully loaded SELinux policy in 400.825ms.
[   12.945959] systemd[1]: Relabelled /dev, /run and /sys/fs/cgroup in 25.015ms.
[   12.948189] systemd[1]: systemd 239 running in system mode. (+PAM +AUDIT +SELINUX +IMA -APPARMOR +SMACK +SYSVINIT +UTMP +LIBCRYPTSETUP +GCRYPT +GNUTLS +ACL +XZ +LZ4 +SECCOMP +BLKID +ELFUTILS +KMOD +IDN2 -IDN +PCRE2 default-hierarchy=hybrid)
[   12.959751] systemd[1]: Detected architecture x86-64.
[   12.961378] systemd[1]: Set hostname to <im-mac>.
[   12.984950] systemd-sysv-generator[897]: stat() failed on /etc/rc.d/init.d/jexec, ignoring: No such file or directory
[   13.152313] systemd[1]: Stopped Switch Root.
[   13.152511] systemd[1]: systemd-journald.service: Service has no hold-off time (RestartSec=0), scheduling restart.
[   13.152576] systemd[1]: systemd-journald.service: Scheduled restart job, restart counter is at 1.
[   13.152595] systemd[1]: Stopped Journal Service.
[   13.153500] systemd[1]: Starting Journal Service...
[   13.153810] systemd[1]: Created slice system-syncthing.slice.
[   13.154018] systemd[1]: Created slice Virtual Machine and Container Slice.
[   13.161356] Adding 4194300k swap on /dev/mapper/im--mac-swap.  Priority:-2 extents:1 across:4194300k SSFS
[   13.202630] systemd-journald[903]: Received request to flush runtime journal from PID 1
[   13.361592] smbus_hc ACPI0001:00: SBS HC: offset = 0x20, query_bit = 0x10
[   13.364601] apple_gmux: gmux device not present
[   13.442924] ACPI Warning: SystemIO range 0x0000000000000840-0x000000000000084F conflicts with OpRegion 0x0000000000000800-0x0000000000000863 (\GPIO) (20181213/utaddress-213)
[   13.442930] ACPI: If an ACPI driver is available for this device, you should use it instead of the native driver
[   13.442931] ACPI Warning: SystemIO range 0x0000000000000830-0x000000000000083F conflicts with OpRegion 0x0000000000000800-0x0000000000000863 (\GPIO) (20181213/utaddress-213)
[   13.442934] ACPI: If an ACPI driver is available for this device, you should use it instead of the native driver
[   13.442935] ACPI Warning: SystemIO range 0x0000000000000800-0x000000000000082F conflicts with OpRegion 0x0000000000000810-0x0000000000000813 (\_PR.IO_D) (20181213/utaddress-213)
[   13.442939] ACPI Warning: SystemIO range 0x0000000000000800-0x000000000000082F conflicts with OpRegion 0x0000000000000800-0x0000000000000863 (\GPIO) (20181213/utaddress-213)
[   13.442942] ACPI Warning: SystemIO range 0x0000000000000800-0x000000000000082F conflicts with OpRegion 0x0000000000000810-0x0000000000000813 (\IO_D) (20181213/utaddress-213)
[   13.442945] ACPI Warning: SystemIO range 0x0000000000000800-0x000000000000082F conflicts with OpRegion 0x0000000000000800-0x000000000000080F (\IO_T) (20181213/utaddress-213)
[   13.442948] ACPI: If an ACPI driver is available for this device, you should use it instead of the native driver
[   13.442949] lpc_ich: Resource conflict(s) found affecting gpio_ich
[   13.446963] i801_smbus 0000:00:1f.3: SPD Write Disable is set
[   13.446993] i801_smbus 0000:00:1f.3: SMBus using PCI interrupt
[   13.488919] input: bcm5974 as /devices/pci0000:00/0000:00:14.0/usb1/1-12/1-12:1.2/input/input8
[   13.489086] usbcore: registered new interface driver bcm5974
[   13.497268] ACPI: Smart Battery System [SBS0]: Battery Slot [BAT0] (battery present)
[   13.518613] thunderbolt 0000:07:00.0: 0:1: is unplugged (state: 7)
[   13.518738] thunderbolt 0000:07:00.0: 0:3: is unplugged (state: 7)
[   13.572721] RAPL PMU: API unit is 2^-32 Joules, 4 fixed counters, 655360 ms ovfl timer
[   13.572722] RAPL PMU: hw unit of domain pp0-core 2^-14 Joules
[   13.572723] RAPL PMU: hw unit of domain package 2^-14 Joules
[   13.572724] RAPL PMU: hw unit of domain dram 2^-14 Joules
[   13.572724] RAPL PMU: hw unit of domain pp1-gpu 2^-14 Joules
[   13.711066] iTCO_vendor_support: vendor-support=0
[   13.712902] snd_hda_intel 0000:00:03.0: Linked as a consumer to 0000:00:02.0
[   13.712949] snd_hda_intel 0000:00:03.0: bound 0000:00:02.0 (ops i915_audio_component_bind_ops [i915])
[   13.718107] iTCO_wdt: Intel TCO WatchDog Timer Driver v1.11
[   13.718149] iTCO_wdt: unable to reset NO_REBOOT flag, device disabled by hardware/BIOS
[   13.747961] Bluetooth: Core ver 2.22
[   13.747983] NET: Registered protocol family 31
[   13.747984] Bluetooth: HCI device and connection manager initialized
[   13.748061] Bluetooth: HCI socket layer initialized
[   13.748064] Bluetooth: L2CAP socket layer initialized
[   13.748069] Bluetooth: SCO socket layer initialized
[   13.748570] input: HDA Intel HDMI HDMI/DP,pcm=3 as /devices/pci0000:00/0000:00:03.0/sound/card0/input9
[   13.748985] input: HDA Intel HDMI HDMI/DP,pcm=7 as /devices/pci0000:00/0000:00:03.0/sound/card0/input10
[   13.749057] input: HDA Intel HDMI HDMI/DP,pcm=8 as /devices/pci0000:00/0000:00:03.0/sound/card0/input11
[   13.749114] input: HDA Intel HDMI HDMI/DP,pcm=9 as /devices/pci0000:00/0000:00:03.0/sound/card0/input12
[   13.749165] input: HDA Intel HDMI HDMI/DP,pcm=10 as /devices/pci0000:00/0000:00:03.0/sound/card0/input13
[   13.757648] snd_hda_codec_cirrus hdaudioC1D0: autoconfig for CS4208: line_outs=2 (0x12/0x13/0x0/0x0/0x0) type:speaker
[   13.757651] snd_hda_codec_cirrus hdaudioC1D0:    speaker_outs=0 (0x0/0x0/0x0/0x0/0x0)
[   13.757653] snd_hda_codec_cirrus hdaudioC1D0:    hp_outs=1 (0x10/0x0/0x0/0x0/0x0)
[   13.757654] snd_hda_codec_cirrus hdaudioC1D0:    mono: mono_out=0x0
[   13.757655] snd_hda_codec_cirrus hdaudioC1D0:    dig-out=0x21/0x0
[   13.757656] snd_hda_codec_cirrus hdaudioC1D0:    inputs:
[   13.757658] snd_hda_codec_cirrus hdaudioC1D0:      Internal Mic=0x1c
[   13.757659] snd_hda_codec_cirrus hdaudioC1D0:      Mic=0x18
[   13.759119] applesmc: key=719 fan=2 temp=48 index=43 acc=0 lux=2 kbd=1
[   13.761086] applesmc applesmc.768: hwmon_device_register() is deprecated. Please convert the driver to use hwmon_device_register_with_info().
[   13.767986] input: HDA Intel PCH Mic as /devices/pci0000:00/0000:00:1b.0/sound/card1/input14
[   13.768050] input: HDA Intel PCH Headphone as /devices/pci0000:00/0000:00:1b.0/sound/card1/input15
[   13.768117] input: HDA Intel PCH SPDIF as /devices/pci0000:00/0000:00:1b.0/sound/card1/input16
[   13.778083] cfg80211: Loading compiled-in X.509 certificates for regulatory database
[   13.778882] cfg80211: Loaded X.509 cert 'sforshee: 00b28ddf47aef9cea7'
[   13.807490] usbcore: registered new interface driver btusb
[   13.922059] Bluetooth: hci0: BCM: chip id 102 build 0715
[   13.923055] Bluetooth: hci0: BCM: product 05ac:8290
[   13.924056] Bluetooth: hci0: BCM: features 0x2f
[   13.940742] usbcore: registered new interface driver brcmfmac
[   13.943189] Bluetooth: hci0: im-mac
[   13.973809] intel_rapl: Found RAPL domain package
[   13.973811] intel_rapl: Found RAPL domain core
[   13.973812] intel_rapl: Found RAPL domain uncore
[   13.973813] intel_rapl: Found RAPL domain dram
[   14.048042] brcmfmac: brcmf_fw_alloc_request: using brcm/brcmfmac43602-pcie for chip BCM43602/1
[   14.052334] brcmfmac 0000:03:00.0: Direct firmware load for brcm/brcmfmac43602-pcie.Apple Inc.-MacBookPro11,4.txt failed with error -2
[   14.052345] brcmfmac 0000:03:00.0: Direct firmware load for brcm/brcmfmac43602-pcie.txt failed with error -2
[   14.559951] brcmfmac: brcmf_fw_alloc_request: using brcm/brcmfmac43602-pcie for chip BCM43602/1
[   14.559993] brcmfmac 0000:03:00.0: Direct firmware load for brcm/brcmfmac43602-pcie.clm_blob failed with error -2
[   14.559995] brcmfmac: brcmf_c_process_clm_blob: no clm_blob available (err=-2), device may have limited channels available
[   14.560638] brcmfmac: brcmf_c_preinit_dcmds: Firmware: BCM43602/1 wl0: Nov 10 2015 06:38:10 version 7.35.177.61 (r598657) FWID 01-ea662a8c
[   14.626804] brcmfmac 0000:03:00.0 wlp3s0: renamed from wlan0
[   14.845570] XFS (sda3): Mounting V5 Filesystem
[   14.846339] XFS (dm-3): Mounting V5 Filesystem
[   14.849058] XFS (dm-4): Mounting V5 Filesystem
[   14.857925] XFS (sda3): Ending clean mount
[   14.872645] XFS (dm-3): Ending clean mount
[   14.878414] XFS (dm-4): Ending clean mount
[   15.158351] Bluetooth: BNEP (Ethernet Emulation) ver 1.3
[   15.158352] Bluetooth: BNEP filters: protocol multicast
[   15.158355] Bluetooth: BNEP socket layer initialized
[   16.584762] L1TF CPU bug present and SMT on, data leak possible. See CVE-2018-3646 and https://www.kernel.org/doc/html/latest/admin-guide/l1tf.html for details.
[   17.325336] tun: Universal TUN/TAP device driver, 1.6
[   17.326624] virbr0: port 1(virbr0-nic) entered blocking state
[   17.326626] virbr0: port 1(virbr0-nic) entered disabled state
[   17.326697] device virbr0-nic entered promiscuous mode
[   17.433105] virbr0: port 1(virbr0-nic) entered blocking state
[   17.433108] virbr0: port 1(virbr0-nic) entered listening state
[   17.505542] virbr0: port 1(virbr0-nic) entered disabled state
[   23.824003] Bluetooth: RFCOMM TTY layer initialized
[   23.824008] Bluetooth: RFCOMM socket layer initialized
[   23.824068] Bluetooth: RFCOMM ver 1.11
[   24.008246] fuse init (API version 7.28)
[   24.756230] IPv6: ADDRCONF(NETDEV_CHANGE): wlp3s0: link becomes ready
[   25.205498] rfkill: input handler disabled
[   32.732147] brcmfmac: brcmf_inetaddr_changed: fail to get arp ip table err:-52
[  733.256587] xhci_hcd 0000:00:14.0: ep 0x81 - asked for 96 bytes, 78 bytes untransferred
[  733.256592] xhci_hcd 0000:00:14.0: Giveback URB 0000000031d6aa4d, len = 18, expected = 96, status = 0
[  733.256664] xhci_hcd 0000:00:14.0: Stalled endpoint for slot 1 ep 2
[  733.256670] xhci_hcd 0000:00:14.0: Cleaning up stalled endpoint ring
[  733.256672] xhci_hcd 0000:00:14.0: Finding endpoint context
[  733.256673] xhci_hcd 0000:00:14.0: Cycle state = 0x0
[  733.256675] xhci_hcd 0000:00:14.0: New dequeue segment = 000000007b28b5d1 (virtual)
[  733.256678] xhci_hcd 0000:00:14.0: New dequeue pointer = 0x4596f1e10 (DMA)
[  733.256680] xhci_hcd 0000:00:14.0: Queueing new dequeue state
[  733.256682] xhci_hcd 0000:00:14.0: Set TR Deq Ptr cmd, new deq seg = 000000007b28b5d1 (0x4596f1000 dma), new deq ptr = 00000000600fb9d3 (0x4596f1e10 dma), new cycle = 0
[  733.256684] xhci_hcd 0000:00:14.0: // Ding dong!
[  733.256693] xhci_hcd 0000:00:14.0: Giveback URB 00000000b6b591ed, len = 0, expected = 13, status = -32
[  733.256700] xhci_hcd 0000:00:14.0: Ignoring reset ep completion code of 1
[  733.256703] xhci_hcd 0000:00:14.0: Successful Set TR Deq Ptr cmd, deq = @4596f1e10
[  733.852166] xhci_hcd 0000:00:14.0: ep 0x82 - asked for 65 bytes, 55 bytes untransferred
[  733.964164] xhci_hcd 0000:00:14.0: ep 0x82 - asked for 65 bytes, 55 bytes untransferred
[  734.036104] xhci_hcd 0000:00:14.0: ep 0x82 - asked for 65 bytes, 55 bytes untransferred
[  734.060081] xhci_hcd 0000:00:14.0: ep 0x82 - asked for 65 bytes, 55 bytes untransferred
[  735.304380] xhci_hcd 0000:00:14.0: ep 0x81 - asked for 96 bytes, 78 bytes untransferred
[  735.304385] xhci_hcd 0000:00:14.0: Giveback URB 00000000964413a0, len = 18, expected = 96, status = 0
[  735.304431] xhci_hcd 0000:00:14.0: Stalled endpoint for slot 1 ep 2
[  735.304438] xhci_hcd 0000:00:14.0: Cleaning up stalled endpoint ring
[  735.304440] xhci_hcd 0000:00:14.0: Finding endpoint context
[  735.304443] xhci_hcd 0000:00:14.0: Cycle state = 0x0
[  735.304445] xhci_hcd 0000:00:14.0: New dequeue segment = 000000007b28b5d1 (virtual)
[  735.304447] xhci_hcd 0000:00:14.0: New dequeue pointer = 0x4596f1e50 (DMA)
[  735.304449] xhci_hcd 0000:00:14.0: Queueing new dequeue state
[  735.304453] xhci_hcd 0000:00:14.0: Set TR Deq Ptr cmd, new deq seg = 000000007b28b5d1 (0x4596f1000 dma), new deq ptr = 000000000a08b52e (0x4596f1e50 dma), new cycle = 0
[  735.304455] xhci_hcd 0000:00:14.0: // Ding dong!
[  735.304466] xhci_hcd 0000:00:14.0: Giveback URB 00000000b6b591ed, len = 0, expected = 13, status = -32
[  735.304471] xhci_hcd 0000:00:14.0: Ignoring reset ep completion code of 1
[  735.304476] xhci_hcd 0000:00:14.0: Successful Set TR Deq Ptr cmd, deq = @4596f1e50
[  737.352606] xhci_hcd 0000:00:14.0: ep 0x81 - asked for 96 bytes, 78 bytes untransferred
[  737.352611] xhci_hcd 0000:00:14.0: Giveback URB 00000000340456ee, len = 18, expected = 96, status = 0
[  737.352646] xhci_hcd 0000:00:14.0: Stalled endpoint for slot 1 ep 2
[  737.352652] xhci_hcd 0000:00:14.0: Cleaning up stalled endpoint ring
[  737.352655] xhci_hcd 0000:00:14.0: Finding endpoint context
[  737.352657] xhci_hcd 0000:00:14.0: Cycle state = 0x0
[  737.352659] xhci_hcd 0000:00:14.0: New dequeue segment = 000000007b28b5d1 (virtual)
[  737.352661] xhci_hcd 0000:00:14.0: New dequeue pointer = 0x4596f1e90 (DMA)
[  737.352663] xhci_hcd 0000:00:14.0: Queueing new dequeue state
[  737.352666] xhci_hcd 0000:00:14.0: Set TR Deq Ptr cmd, new deq seg = 000000007b28b5d1 (0x4596f1000 dma), new deq ptr = 000000009f37c2dc (0x4596f1e90 dma), new cycle = 0
[  737.352668] xhci_hcd 0000:00:14.0: // Ding dong!
[  737.352679] xhci_hcd 0000:00:14.0: Giveback URB 00000000b6b591ed, len = 0, expected = 13, status = -32
[  737.352687] xhci_hcd 0000:00:14.0: Ignoring reset ep completion code of 1
[  737.352691] xhci_hcd 0000:00:14.0: Successful Set TR Deq Ptr cmd, deq = @4596f1e90
[  739.400580] xhci_hcd 0000:00:14.0: ep 0x81 - asked for 96 bytes, 78 bytes untransferred
[  739.400585] xhci_hcd 0000:00:14.0: Giveback URB 00000000b347e133, len = 18, expected = 96, status = 0
[  739.400621] xhci_hcd 0000:00:14.0: Stalled endpoint for slot 1 ep 2
[  739.400627] xhci_hcd 0000:00:14.0: Cleaning up stalled endpoint ring
[  739.400628] xhci_hcd 0000:00:14.0: Finding endpoint context
[  739.400630] xhci_hcd 0000:00:14.0: Cycle state = 0x0
[  739.400632] xhci_hcd 0000:00:14.0: New dequeue segment = 000000007b28b5d1 (virtual)
[  739.400634] xhci_hcd 0000:00:14.0: New dequeue pointer = 0x4596f1ed0 (DMA)
[  739.400636] xhci_hcd 0000:00:14.0: Queueing new dequeue state
[  739.400640] xhci_hcd 0000:00:14.0: Set TR Deq Ptr cmd, new deq seg = 000000007b28b5d1 (0x4596f1000 dma), new deq ptr = 000000002efb3e81 (0x4596f1ed0 dma), new cycle = 0
[  739.400642] xhci_hcd 0000:00:14.0: // Ding dong!
[  739.400652] xhci_hcd 0000:00:14.0: Giveback URB 00000000b6b591ed, len = 0, expected = 13, status = -32
[  739.400657] xhci_hcd 0000:00:14.0: Ignoring reset ep completion code of 1
[  739.400661] xhci_hcd 0000:00:14.0: Successful Set TR Deq Ptr cmd, deq = @4596f1ed0
[  741.448671] xhci_hcd 0000:00:14.0: ep 0x81 - asked for 96 bytes, 78 bytes untransferred
[  741.448675] xhci_hcd 0000:00:14.0: Giveback URB 00000000a0ce78b7, len = 18, expected = 96, status = 0
[  741.448717] xhci_hcd 0000:00:14.0: Stalled endpoint for slot 1 ep 2
[  741.448722] xhci_hcd 0000:00:14.0: Cleaning up stalled endpoint ring
[  741.448724] xhci_hcd 0000:00:14.0: Finding endpoint context
[  741.448726] xhci_hcd 0000:00:14.0: Cycle state = 0x0
[  741.448729] xhci_hcd 0000:00:14.0: New dequeue segment = 000000007b28b5d1 (virtual)
[  741.448731] xhci_hcd 0000:00:14.0: New dequeue pointer = 0x4596f1f10 (DMA)
[  741.448733] xhci_hcd 0000:00:14.0: Queueing new dequeue state
[  741.448736] xhci_hcd 0000:00:14.0: Set TR Deq Ptr cmd, new deq seg = 000000007b28b5d1 (0x4596f1000 dma), new deq ptr = 000000001e4a87b5 (0x4596f1f10 dma), new cycle = 0
[  741.448738] xhci_hcd 0000:00:14.0: // Ding dong!
[  741.448748] xhci_hcd 0000:00:14.0: Giveback URB 00000000b6b591ed, len = 0, expected = 13, status = -32
[  741.448754] xhci_hcd 0000:00:14.0: Ignoring reset ep completion code of 1
[  741.448758] xhci_hcd 0000:00:14.0: Successful Set TR Deq Ptr cmd, deq = @4596f1f10
[  743.496828] xhci_hcd 0000:00:14.0: ep 0x81 - asked for 96 bytes, 78 bytes untransferred
[  743.496833] xhci_hcd 0000:00:14.0: Giveback URB 00000000a0ce78b7, len = 18, expected = 96, status = 0
[  743.496877] xhci_hcd 0000:00:14.0: Stalled endpoint for slot 1 ep 2
[  743.496882] xhci_hcd 0000:00:14.0: Cleaning up stalled endpoint ring
[  743.496884] xhci_hcd 0000:00:14.0: Finding endpoint context
[  743.496886] xhci_hcd 0000:00:14.0: Cycle state = 0x0
[  743.496889] xhci_hcd 0000:00:14.0: New dequeue segment = 000000007b28b5d1 (virtual)
[  743.496891] xhci_hcd 0000:00:14.0: New dequeue pointer = 0x4596f1f50 (DMA)
[  743.496893] xhci_hcd 0000:00:14.0: Queueing new dequeue state
[  743.496896] xhci_hcd 0000:00:14.0: Set TR Deq Ptr cmd, new deq seg = 000000007b28b5d1 (0x4596f1000 dma), new deq ptr = 000000007c15fae1 (0x4596f1f50 dma), new cycle = 0
[  743.496898] xhci_hcd 0000:00:14.0: // Ding dong!
[  743.496907] xhci_hcd 0000:00:14.0: Giveback URB 00000000b6b591ed, len = 0, expected = 13, status = -32
[  743.496912] xhci_hcd 0000:00:14.0: Ignoring reset ep completion code of 1
[  743.496916] xhci_hcd 0000:00:14.0: Successful Set TR Deq Ptr cmd, deq = @4596f1f50
[  745.545087] xhci_hcd 0000:00:14.0: ep 0x81 - asked for 96 bytes, 78 bytes untransferred
[  745.545092] xhci_hcd 0000:00:14.0: Giveback URB 00000000a0ce78b7, len = 18, expected = 96, status = 0
[  745.545140] xhci_hcd 0000:00:14.0: Stalled endpoint for slot 1 ep 2
[  745.545145] xhci_hcd 0000:00:14.0: Cleaning up stalled endpoint ring
[  745.545147] xhci_hcd 0000:00:14.0: Finding endpoint context
[  745.545150] xhci_hcd 0000:00:14.0: Cycle state = 0x0
[  745.545153] xhci_hcd 0000:00:14.0: New dequeue segment = 000000007b28b5d1 (virtual)
[  745.545155] xhci_hcd 0000:00:14.0: New dequeue pointer = 0x4596f1f90 (DMA)
[  745.545158] xhci_hcd 0000:00:14.0: Queueing new dequeue state
[  745.545161] xhci_hcd 0000:00:14.0: Set TR Deq Ptr cmd, new deq seg = 000000007b28b5d1 (0x4596f1000 dma), new deq ptr = 000000004ecae9ae (0x4596f1f90 dma), new cycle = 0
[  745.545163] xhci_hcd 0000:00:14.0: // Ding dong!
[  745.545172] xhci_hcd 0000:00:14.0: Giveback URB 00000000b6b591ed, len = 0, expected = 13, status = -32
[  745.545180] xhci_hcd 0000:00:14.0: Ignoring reset ep completion code of 1
[  745.545184] xhci_hcd 0000:00:14.0: Successful Set TR Deq Ptr cmd, deq = @4596f1f90
[  747.432132] xhci_hcd 0000:00:14.0: Cancel URB 0000000004242a73, dev 12, ep 0x83, starting at offset 0x45894d910
[  747.432136] xhci_hcd 0000:00:14.0: // Ding dong!
[  747.432151] xhci_hcd 0000:00:14.0: Stopped on Transfer TRB for slot 3 ep 6
[  747.432154] xhci_hcd 0000:00:14.0: Removing canceled TD starting at 0x45894d910 (dma).
[  747.432155] xhci_hcd 0000:00:14.0: Finding endpoint context
[  747.432156] xhci_hcd 0000:00:14.0: Cycle state = 0x0
[  747.432158] xhci_hcd 0000:00:14.0: New dequeue segment = 000000007b438228 (virtual)
[  747.432159] xhci_hcd 0000:00:14.0: New dequeue pointer = 0x45894d920 (DMA)
[  747.432161] xhci_hcd 0000:00:14.0: Set TR Deq Ptr cmd, new deq seg = 000000007b438228 (0x45894d000 dma), new deq ptr = 000000006d3683fd (0x45894d920 dma), new cycle = 0
[  747.432162] xhci_hcd 0000:00:14.0: // Ding dong!
[  747.432174] xhci_hcd 0000:00:14.0: Successful Set TR Deq Ptr cmd, deq = @45894d920
[  747.460371] brcmfmac: brcmf_inetaddr_changed: fail to get arp ip table err:-52
[  747.592769] xhci_hcd 0000:00:14.0: ep 0x81 - asked for 96 bytes, 78 bytes untransferred
[  747.592772] xhci_hcd 0000:00:14.0: Giveback URB 0000000057a86972, len = 18, expected = 96, status = 0
[  747.592802] xhci_hcd 0000:00:14.0: Stalled endpoint for slot 1 ep 2
[  747.592805] xhci_hcd 0000:00:14.0: Cleaning up stalled endpoint ring
[  747.592806] xhci_hcd 0000:00:14.0: Finding endpoint context
[  747.592807] xhci_hcd 0000:00:14.0: Cycle state = 0x0
[  747.592808] xhci_hcd 0000:00:14.0: New dequeue segment = 000000007b28b5d1 (virtual)
[  747.592809] xhci_hcd 0000:00:14.0: New dequeue pointer = 0x4596f1fd0 (DMA)
[  747.592810] xhci_hcd 0000:00:14.0: Queueing new dequeue state
[  747.592812] xhci_hcd 0000:00:14.0: Set TR Deq Ptr cmd, new deq seg = 000000007b28b5d1 (0x4596f1000 dma), new deq ptr = 00000000d5b185b5 (0x4596f1fd0 dma), new cycle = 0
[  747.592813] xhci_hcd 0000:00:14.0: // Ding dong!
[  747.592821] xhci_hcd 0000:00:14.0: Giveback URB 00000000b6b591ed, len = 0, expected = 13, status = -32
[  747.592824] xhci_hcd 0000:00:14.0: Ignoring reset ep completion code of 1
[  747.592826] xhci_hcd 0000:00:14.0: Successful Set TR Deq Ptr cmd, deq = @4596f1fd0
[  749.219995] PM: suspend entry (deep)
[  749.219999] PM: Syncing filesystems ... done.
[  749.259081] Freezing user space processes ... (elapsed 0.304 seconds) done.
[  749.563584] OOM killer disabled.
[  749.563587] Freezing remaining freezable tasks ... (elapsed 0.001 seconds) done.
[  749.565538] printk: Suspending console(s) (use no_console_suspend to debug)
[  749.566511] xhci_hcd 0000:00:14.0: Cancel URB 00000000c4a3ecb2, dev 12, ep 0x82, starting at offset 0x4596ae360
[  749.566515] xhci_hcd 0000:00:14.0: // Ding dong!
[  749.566532] xhci_hcd 0000:00:14.0: Stopped on Transfer TRB for slot 3 ep 4
[  749.566537] xhci_hcd 0000:00:14.0: Removing canceled TD starting at 0x4596ae360 (dma).
[  749.566539] xhci_hcd 0000:00:14.0: Finding endpoint context
[  749.566541] xhci_hcd 0000:00:14.0: Cycle state = 0x0
[  749.566543] xhci_hcd 0000:00:14.0: New dequeue segment = 000000005cce63fb (virtual)
[  749.566544] xhci_hcd 0000:00:14.0: New dequeue pointer = 0x4596ae370 (DMA)
[  749.566546] xhci_hcd 0000:00:14.0: Set TR Deq Ptr cmd, new deq seg = 000000005cce63fb (0x4596ae000 dma), new deq ptr = 00000000041d4914 (0x4596ae370 dma), new cycle = 0
[  749.566548] xhci_hcd 0000:00:14.0: // Ding dong!
[  749.566562] xhci_hcd 0000:00:14.0: Successful Set TR Deq Ptr cmd, deq = @4596ae370
[  749.566678] xhci_hcd 0000:00:14.0: // Ding dong!
[  749.566693] xhci_hcd 0000:00:14.0: Stopped on No-op or Link TRB for slot 3 ep 10
[  749.566697] xhci_hcd 0000:00:14.0: Stopped on No-op or Link TRB for slot 3 ep 8
[  749.566733] xhci_hcd 0000:00:14.0: Stopped on No-op or Link TRB for slot 3 ep 7
[  749.566736] xhci_hcd 0000:00:14.0: Stopped on No-op or Link TRB for slot 3 ep 2
[  749.566738] xhci_hcd 0000:00:14.0: Stopped on No-op or Link TRB for slot 3 ep 0
[  749.566805] xhci_hcd 0000:00:14.0: get port status, actual port 7 status  = 0x663
[  749.566807] xhci_hcd 0000:00:14.0: Get port status returned 0x107
[  749.566824] xhci_hcd 0000:00:14.0: clear USB_PORT_FEAT_SUSPEND
[  749.566826] xhci_hcd 0000:00:14.0: PORTSC 0663
[  749.575318] sd 0:0:0:0: [sda] Synchronizing SCSI cache
[  749.576246] xhci_hcd 0000:00:14.0: // Ding dong!
[  749.576285] xhci_hcd 0000:00:14.0: Stopped on No-op or Link TRB for slot 1 ep 3
[  749.576289] xhci_hcd 0000:00:14.0: Stopped on No-op or Link TRB for slot 1 ep 2
[  749.576304] xhci_hcd 0000:00:14.0: Stopped on No-op or Link TRB for slot 1 ep 0
[  749.577030] sd 0:0:0:0: [sda] Stopping disk
[  749.578267] usb 1-12: usb suspend, wakeup 1
[  749.578317] pcieport 0000:06:04.0: quirk: waiting for Thunderbolt to reestablish PCI tunnels...
[  749.578342] pcieport 0000:06:06.0: quirk: waiting for Thunderbolt to reestablish PCI tunnels...
[  749.579285] pcieport 0000:06:05.0: quirk: waiting for Thunderbolt to reestablish PCI tunnels...
[  749.580366] pcieport 0000:06:03.0: quirk: waiting for Thunderbolt to reestablish PCI tunnels...
[  749.598384] usb 2-4: usb suspend, wakeup 0
[  749.608342] xhci_hcd 0000:00:14.0: Port Status Change Event for port 8
[  749.608350] xhci_hcd 0000:00:14.0: handle_port_status: starting port polling.
[  749.608358] usb 1-8: usb auto-resume
[  749.608974] xhci_hcd 0000:00:14.0: underrun event on endpoint
[  749.608977] xhci_hcd 0000:00:14.0: overrun event on endpoint
[  749.610348] hub 2-0:1.0: hub_suspend
[  749.610398] usb usb2: bus suspend, wakeup 0
[  749.650317] xhci_hcd 0000:00:14.0: get port status, actual port 7 status  = 0x603
[  749.650320] xhci_hcd 0000:00:14.0: Get port status returned 0x40103
[  749.662315] xhci_hcd 0000:00:14.0: clear port suspend/resume change, actual port 7 status  = 0x603
[  749.662368] usb 1-8: Waited 0ms for CONNECT
[  749.662372] usb 1-8: finish resume
[  749.662809] xhci_hcd 0000:00:14.0: Cancel URB 000000003c05a283, dev 8, ep 0x86, starting at offset 0x459d5c070
[  749.662814] xhci_hcd 0000:00:14.0: // Ding dong!
[  749.662875] xhci_hcd 0000:00:14.0: Stopped on Transfer TRB for slot 2 ep 12
[  749.662882] xhci_hcd 0000:00:14.0: Removing canceled TD starting at 0x459d5c070 (dma).
[  749.662884] xhci_hcd 0000:00:14.0: Finding endpoint context
[  749.662887] xhci_hcd 0000:00:14.0: Cycle state = 0x1
[  749.662889] xhci_hcd 0000:00:14.0: New dequeue segment = 0000000052557a27 (virtual)
[  749.662892] xhci_hcd 0000:00:14.0: New dequeue pointer = 0x459d5c080 (DMA)
[  749.662895] xhci_hcd 0000:00:14.0: Set TR Deq Ptr cmd, new deq seg = 0000000052557a27 (0x459d5c000 dma), new deq ptr = 000000007f2af356 (0x459d5c080 dma), new cycle = 1
[  749.662898] xhci_hcd 0000:00:14.0: // Ding dong!
[  749.662915] xhci_hcd 0000:00:14.0: Successful Set TR Deq Ptr cmd, deq = @459d5c080
[  749.662931] xhci_hcd 0000:00:14.0: Cancel URB 000000001644d7e7, dev 8, ep 0x85, starting at offset 0x459d52070
[  749.662935] xhci_hcd 0000:00:14.0: // Ding dong!
[  749.662993] xhci_hcd 0000:00:14.0: Stopped on Transfer TRB for slot 2 ep 10
[  749.662997] xhci_hcd 0000:00:14.0: Removing canceled TD starting at 0x459d52070 (dma).
[  749.662999] xhci_hcd 0000:00:14.0: Finding endpoint context
[  749.663001] xhci_hcd 0000:00:14.0: Cycle state = 0x1
[  749.663003] xhci_hcd 0000:00:14.0: New dequeue segment = 00000000c44e03c7 (virtual)
[  749.663005] xhci_hcd 0000:00:14.0: New dequeue pointer = 0x459d52080 (DMA)
[  749.663008] xhci_hcd 0000:00:14.0: Set TR Deq Ptr cmd, new deq seg = 00000000c44e03c7 (0x459d52000 dma), new deq ptr = 000000005af0126d (0x459d52080 dma), new cycle = 1
[  749.663011] xhci_hcd 0000:00:14.0: // Ding dong!
[  749.663022] xhci_hcd 0000:00:14.0: Successful Set TR Deq Ptr cmd, deq = @459d52080
[  749.663039] usb 1-8: usb suspend, wakeup 0
[  749.663079] hub 1-0:1.0: hub_suspend
[  749.663101] usb usb1: bus suspend, wakeup 0
[  749.663114] xhci_hcd 0000:00:14.0: port 7 not suspended
[  749.663124] xhci_hcd 0000:00:14.0: // Ding dong!
[  749.663161] xhci_hcd 0000:00:14.0: Stopped on No-op or Link TRB for slot 2 ep 8
[  749.663169] xhci_hcd 0000:00:14.0: Stopped on No-op or Link TRB for slot 2 ep 7
[  749.663172] xhci_hcd 0000:00:14.0: Stopped on No-op or Link TRB for slot 2 ep 6
[  749.663175] xhci_hcd 0000:00:14.0: Stopped on No-op or Link TRB for slot 2 ep 5
[  749.663177] xhci_hcd 0000:00:14.0: Stopped on No-op or Link TRB for slot 2 ep 4
[  749.663180] xhci_hcd 0000:00:14.0: Stopped on No-op or Link TRB for slot 2 ep 3
[  749.663183] xhci_hcd 0000:00:14.0: Stopped on No-op or Link TRB for slot 2 ep 2
[  749.663186] xhci_hcd 0000:00:14.0: Stopped on No-op or Link TRB for slot 2 ep 0
[  749.663273] xhci_hcd 0000:00:14.0: xhci_suspend: stopping port polling.
[  749.663292] xhci_hcd 0000:00:14.0: // Setting command ring address to 0x45a0c8001
[  750.473139] PM: suspend devices took 0.907 seconds
[  750.485899] ACPI: EC: interrupt blocked
[  750.486721] xhci_hcd 0000:00:14.0: wakeup: 1
[  750.487251] xhci_hcd 0000:00:14.0: --> PCI D3hot
[  751.446247] ACPI: Preparing to enter system sleep state S3
[  751.447185] ACPI: EC: event blocked
[  751.447186] ACPI: EC: EC stopped
[  751.447187] PM: Saving platform NVS memory
[  751.447194] Disabling non-boot CPUs ...
[  751.466339] smpboot: CPU 1 is now offline
[  751.476608] smpboot: CPU 2 is now offline
[  751.485665] smpboot: CPU 3 is now offline
[  751.493974] smpboot: CPU 4 is now offline
[  751.497164] smpboot: CPU 5 is now offline
[  751.500705] smpboot: CPU 6 is now offline
[  751.504785] smpboot: CPU 7 is now offline
[  751.525495] ACPI: Low-level resume complete
[  751.525558] ACPI: EC: EC started
[  751.525559] PM: Restoring platform NVS memory
[  751.533014] Enabling non-boot CPUs ...
[  751.533072] x86: Booting SMP configuration:
[  751.533073] smpboot: Booting Node 0 Processor 1 APIC 0x2
[  753.795280] hrtimer: interrupt took 2464968 ns
[  755.245224]  cache: parent cpu1 should not be sleeping
[  758.555814] CPU1 is up
[  758.555869] smpboot: Booting Node 0 Processor 2 APIC 0x4
[  759.014387]  cache: parent cpu2 should not be sleeping
[  761.487392] CPU2 is up
[  761.487446] smpboot: Booting Node 0 Processor 3 APIC 0x6
[  761.693185]  cache: parent cpu3 should not be sleeping
[  762.746846] CPU3 is up
[  762.746906] smpboot: Booting Node 0 Processor 4 APIC 0x1
[  762.752383]  cache: parent cpu4 should not be sleeping
[  762.786041] CPU4 is up
[  762.786074] smpboot: Booting Node 0 Processor 5 APIC 0x3
[  762.981427]  cache: parent cpu5 should not be sleeping
[  763.560570] CPU5 is up
[  763.560605] smpboot: Booting Node 0 Processor 6 APIC 0x5
[  763.693080]  cache: parent cpu6 should not be sleeping
[  764.245654] CPU6 is up
[  764.245691] smpboot: Booting Node 0 Processor 7 APIC 0x7
[  764.380417]  cache: parent cpu7 should not be sleeping
[  764.976627] CPU7 is up
[  765.066564] ACPI: Waking up from system sleep state S3
[  765.068529] ACPI: EC: interrupt unblocked
[  765.092542] pcieport 0000:06:03.0: quirk: waiting for Thunderbolt to reestablish PCI tunnels...
[  765.092554] pcieport 0000:06:04.0: quirk: waiting for Thunderbolt to reestablish PCI tunnels...
[  765.092555] pcieport 0000:06:05.0: quirk: waiting for Thunderbolt to reestablish PCI tunnels...
[  765.092556] pcieport 0000:06:06.0: quirk: waiting for Thunderbolt to reestablish PCI tunnels...
[  765.124578] pcieport 0000:06:03.0: quirk_apple_wait_for_thunderbolt+0x0/0xe0 took 31281 usecs
[  765.124584] pcieport 0000:06:05.0: quirk_apple_wait_for_thunderbolt+0x0/0xe0 took 31269 usecs
[  765.124589] pcieport 0000:06:04.0: quirk_apple_wait_for_thunderbolt+0x0/0xe0 took 31269 usecs
[  765.124593] pcieport 0000:06:06.0: quirk_apple_wait_for_thunderbolt+0x0/0xe0 took 31268 usecs
[  765.193831] thunderbolt 0000:07:00.0: resetting error on 0:b.
[  765.193839] thunderbolt 0000:07:00.0: 0:b: hotplug: scanning
[  765.193841] thunderbolt 0000:07:00.0: 0:b: hotplug: no switch found
[  765.193936] thunderbolt 0000:07:00.0: resetting error on 0:c.
[  765.193941] thunderbolt 0000:07:00.0: 0:c: hotplug: scanning
[  765.193943] thunderbolt 0000:07:00.0: 0:c: hotplug: no switch found
[  766.167737] ACPI: EC: event unblocked
[  766.167948] xhci_hcd 0000:00:14.0: // Setting command ring address to 0x45a0c8001
[  766.168024] xhci_hcd 0000:00:14.0: xhci_resume: starting port polling.
[  766.168033] xhci_hcd 0000:00:14.0: xhci_hub_status_data: stopping port polling.
[  766.168047] xhci_hcd 0000:00:14.0: xhci_hub_status_data: stopping port polling.
[  766.168071] usb usb1: usb resume
[  766.168120] usb usb2: usb resume
[  766.168137] hub 2-0:1.0: hub_resume
[  766.168146] xhci_hcd 0000:00:14.0: get port status, actual port 0 status  = 0x2a0
[  766.168149] xhci_hcd 0000:00:14.0: Get port status returned 0x2a0
[  766.168163] xhci_hcd 0000:00:14.0: get port status, actual port 1 status  = 0x2a0
[  766.168166] xhci_hcd 0000:00:14.0: Get port status returned 0x2a0
[  766.168176] xhci_hcd 0000:00:14.0: get port status, actual port 2 status  = 0x2a0
[  766.168179] xhci_hcd 0000:00:14.0: Get port status returned 0x2a0
[  766.168216] xhci_hcd 0000:00:14.0: get port status, actual port 3 status  = 0x1263
[  766.168219] xhci_hcd 0000:00:14.0: Get port status returned 0x263
[  766.168227] usb usb2-port4: status 0263 change 0000
[  766.168232] xhci_hcd 0000:00:14.0: get port status, actual port 4 status  = 0x2a0
[  766.168235] xhci_hcd 0000:00:14.0: Get port status returned 0x2a0
[  766.168244] xhci_hcd 0000:00:14.0: get port status, actual port 5 status  = 0x2a0
[  766.168246] xhci_hcd 0000:00:14.0: Get port status returned 0x2a0
[  766.168283] xhci_hcd 0000:00:14.0: get port status, actual port 3 status  = 0x1263
[  766.168287] xhci_hcd 0000:00:14.0: Get port status returned 0x263
[  766.187970] sd 0:0:0:0: [sda] Starting disk
[  766.190256] usb 2-4: usb resume
[  766.209300] xhci_hcd 0000:00:14.0: Port Status Change Event for port 8
[  766.209305] xhci_hcd 0000:00:14.0: handle_port_status: starting port polling.
[  766.209314] xhci_hcd 0000:00:14.0: xhci_hub_status_data: stopping port polling.
[  766.209878] xhci_hcd 0000:00:14.0: underrun event on endpoint
[  766.209881] xhci_hcd 0000:00:14.0: overrun event on endpoint
[  766.220306] hub 1-0:1.0: hub_resume
[  766.220320] xhci_hcd 0000:00:14.0: get port status, actual port 0 status  = 0x2a0
[  766.220322] xhci_hcd 0000:00:14.0: Get port status returned 0x100
[  766.220373] xhci_hcd 0000:00:14.0: get port status, actual port 1 status  = 0x2a0
[  766.220375] xhci_hcd 0000:00:14.0: Get port status returned 0x100
[  766.220468] xhci_hcd 0000:00:14.0: get port status, actual port 2 status  = 0x2a0
[  766.220471] xhci_hcd 0000:00:14.0: Get port status returned 0x100
[  766.220549] xhci_hcd 0000:00:14.0: get port status, actual port 3 status  = 0x2a0
[  766.220552] xhci_hcd 0000:00:14.0: Get port status returned 0x100
[  766.220599] xhci_hcd 0000:00:14.0: get port status, actual port 4 status  = 0x2a0
[  766.220601] xhci_hcd 0000:00:14.0: Get port status returned 0x100
[  766.220634] xhci_hcd 0000:00:14.0: get port status, actual port 5 status  = 0x2a0
[  766.220636] xhci_hcd 0000:00:14.0: Get port status returned 0x100
[  766.220679] xhci_hcd 0000:00:14.0: get port status, actual port 6 status  = 0x2a0
[  766.220681] xhci_hcd 0000:00:14.0: Get port status returned 0x100
[  766.220721] xhci_hcd 0000:00:14.0: get port status, actual port 7 status  = 0x603
[  766.220723] xhci_hcd 0000:00:14.0: Get port status returned 0x103
[  766.220743] usb usb1-port8: status 0103 change 0000
[  766.220753] xhci_hcd 0000:00:14.0: get port status, actual port 8 status  = 0x2a0
[  766.220754] xhci_hcd 0000:00:14.0: Get port status returned 0x100
[  766.220781] xhci_hcd 0000:00:14.0: get port status, actual port 9 status  = 0x2a0
[  766.220783] xhci_hcd 0000:00:14.0: Get port status returned 0x100
[  766.220809] xhci_hcd 0000:00:14.0: get port status, actual port 10 status  = 0x2a0
[  766.220811] xhci_hcd 0000:00:14.0: Get port status returned 0x100
