[    0.000000] microcode: microcode updated early to revision 0x1a, date = 2018-04-02
[    0.000000] Linux version 5.0.0-rc6+ (im@im-mac) (gcc version 8.2.1 20181215 (Red Hat 8.2.1-6) (GCC)) #49 SMP Tue Feb 12 08:37:51 +05 2019
[    0.000000] Command line: BOOT_IMAGE=/vmlinuz-5.0.0-rc6+ root=/dev/mapper/im--mac-root ro resume=/dev/mapper/im--mac-swap rd.lvm.lv=im-mac/root rd.luks.uuid=luks-dd1fa933-ef9f-402b-a2e4-7c9d6fb7ce0d rd.lvm.lv=im-mac/swap rhgb quiet hid_apple.fnmode=2 hid_apple.iso_layout=0 xhci_hcd.quirks=0x80 usbcore.quirks=05ac:8406:p
[    0.000000] x86/fpu: Supporting XSAVE feature 0x001: 'x87 floating point registers'
[    0.000000] x86/fpu: Supporting XSAVE feature 0x002: 'SSE registers'
[    0.000000] x86/fpu: Supporting XSAVE feature 0x004: 'AVX registers'
[    0.000000] x86/fpu: xstate_offset[2]:  576, xstate_sizes[2]:  256
[    0.000000] x86/fpu: Enabled xstate features 0x7, context size is 832 bytes, using 'standard' format.
[    0.000000] BIOS-provided physical RAM map:
[    0.000000] BIOS-e820: [mem 0x0000000000000000-0x0000000000057fff] usable
[    0.000000] BIOS-e820: [mem 0x0000000000058000-0x0000000000058fff] reserved
[    0.000000] BIOS-e820: [mem 0x0000000000059000-0x000000000009ffff] usable
[    0.000000] BIOS-e820: [mem 0x00000000000a0000-0x00000000000bffff] reserved
[    0.000000] BIOS-e820: [mem 0x0000000000100000-0x0000000078d00fff] usable
[    0.000000] BIOS-e820: [mem 0x0000000078d01000-0x0000000078d48fff] ACPI NVS
[    0.000000] BIOS-e820: [mem 0x0000000078d49000-0x0000000078d5cfff] usable
[    0.000000] BIOS-e820: [mem 0x0000000078d5d000-0x0000000078d8efff] ACPI data
[    0.000000] BIOS-e820: [mem 0x0000000078d8f000-0x0000000078e39fff] usable
[    0.000000] BIOS-e820: [mem 0x0000000078e3a000-0x0000000078e8efff] reserved
[    0.000000] BIOS-e820: [mem 0x0000000078e8f000-0x0000000078ecbfff] usable
[    0.000000] BIOS-e820: [mem 0x0000000078ecc000-0x0000000078efefff] reserved
[    0.000000] BIOS-e820: [mem 0x0000000078eff000-0x0000000078f84fff] usable
[    0.000000] BIOS-e820: [mem 0x0000000078f85000-0x0000000078fdefff] reserved
[    0.000000] BIOS-e820: [mem 0x0000000078fdf000-0x0000000078ffffff] usable
[    0.000000] BIOS-e820: [mem 0x0000000079000000-0x000000007f9fffff] reserved
[    0.000000] BIOS-e820: [mem 0x00000000e00f8000-0x00000000e00f8fff] reserved
[    0.000000] BIOS-e820: [mem 0x00000000fed1c000-0x00000000fed1ffff] reserved
[    0.000000] BIOS-e820: [mem 0x00000000ffd70000-0x00000000ffd9ffff] reserved
[    0.000000] BIOS-e820: [mem 0x0000000100000000-0x000000047f5fffff] usable
[    0.000000] NX (Execute Disable) protection: active
[    0.000000] e820: update [mem 0x66282710-0x66282ad2] usable ==> usable
[    0.000000] e820: update [mem 0x66282710-0x66282ad2] usable ==> usable
[    0.000000] extended physical RAM map:
[    0.000000] reserve setup_data: [mem 0x0000000000000000-0x0000000000057fff] usable
[    0.000000] reserve setup_data: [mem 0x0000000000058000-0x0000000000058fff] reserved
[    0.000000] reserve setup_data: [mem 0x0000000000059000-0x000000000009ffff] usable
[    0.000000] reserve setup_data: [mem 0x00000000000a0000-0x00000000000bffff] reserved
[    0.000000] reserve setup_data: [mem 0x0000000000100000-0x000000006628270f] usable
[    0.000000] reserve setup_data: [mem 0x0000000066282710-0x0000000066282ad2] usable
[    0.000000] reserve setup_data: [mem 0x0000000066282ad3-0x0000000078d00fff] usable
[    0.000000] reserve setup_data: [mem 0x0000000078d01000-0x0000000078d48fff] ACPI NVS
[    0.000000] reserve setup_data: [mem 0x0000000078d49000-0x0000000078d5cfff] usable
[    0.000000] reserve setup_data: [mem 0x0000000078d5d000-0x0000000078d8efff] ACPI data
[    0.000000] reserve setup_data: [mem 0x0000000078d8f000-0x0000000078e39fff] usable
[    0.000000] reserve setup_data: [mem 0x0000000078e3a000-0x0000000078e8efff] reserved
[    0.000000] reserve setup_data: [mem 0x0000000078e8f000-0x0000000078ecbfff] usable
[    0.000000] reserve setup_data: [mem 0x0000000078ecc000-0x0000000078efefff] reserved
[    0.000000] reserve setup_data: [mem 0x0000000078eff000-0x0000000078f84fff] usable
[    0.000000] reserve setup_data: [mem 0x0000000078f85000-0x0000000078fdefff] reserved
[    0.000000] reserve setup_data: [mem 0x0000000078fdf000-0x0000000078ffffff] usable
[    0.000000] reserve setup_data: [mem 0x0000000079000000-0x000000007f9fffff] reserved
[    0.000000] reserve setup_data: [mem 0x00000000e00f8000-0x00000000e00f8fff] reserved
[    0.000000] reserve setup_data: [mem 0x00000000fed1c000-0x00000000fed1ffff] reserved
[    0.000000] reserve setup_data: [mem 0x00000000ffd70000-0x00000000ffd9ffff] reserved
[    0.000000] reserve setup_data: [mem 0x0000000100000000-0x000000047f5fffff] usable
[    0.000000] efi: EFI v1.10 by Apple
[    0.000000] efi:  ACPI=0x78d8e000  ACPI 2.0=0x78d8e014  SMBIOS=0x78f8b000 
[    0.000000] SMBIOS 2.7 present.
[    0.000000] DMI: Apple Inc. MacBookPro11,4/Mac-06F11FD93F0323C5, BIOS MBP114.88Z.0184.B00.1806051659 06/05/2018
[    0.000000] tsc: Fast TSC calibration using PIT
[    0.000000] tsc: Detected 2194.966 MHz processor
[    0.000113] e820: update [mem 0x00000000-0x00000fff] usable ==> reserved
[    0.000114] e820: remove [mem 0x000a0000-0x000fffff] usable
[    0.000119] last_pfn = 0x47f600 max_arch_pfn = 0x400000000
[    0.000123] MTRR default type: write-back
[    0.000123] MTRR fixed ranges enabled:
[    0.000124]   00000-9FFFF write-back
[    0.000125]   A0000-BFFFF uncachable
[    0.000125]   C0000-DFFFF write-protect
[    0.000126]   E0000-FFFFF uncachable
[    0.000126] MTRR variable ranges enabled:
[    0.000127]   0 base 0080000000 mask 7F80000000 uncachable
[    0.000128]   1 base 007C000000 mask 7FFC000000 uncachable
[    0.000128]   2 base 007A000000 mask 7FFE000000 uncachable
[    0.000129]   3 base 0079000000 mask 7FFF000000 uncachable
[    0.000129]   4 disabled
[    0.000130]   5 disabled
[    0.000130]   6 disabled
[    0.000130]   7 disabled
[    0.000131]   8 disabled
[    0.000131]   9 disabled
[    0.009927] x86/PAT: Configuration [0-7]: WB  WC  UC- UC  WB  WP  UC- WT  
[    0.010019] last_pfn = 0x79000 max_arch_pfn = 0x400000000
[    0.021574] Base memory trampoline at [(____ptrval____)] 99000 size 24576
[    0.021577] Using GB pages for direct mapping
[    0.021579] BRK [0x369e01000, 0x369e01fff] PGTABLE
[    0.021580] BRK [0x369e02000, 0x369e02fff] PGTABLE
[    0.021581] BRK [0x369e03000, 0x369e03fff] PGTABLE
[    0.021599] BRK [0x369e04000, 0x369e04fff] PGTABLE
[    0.021600] BRK [0x369e05000, 0x369e05fff] PGTABLE
[    0.021601] BRK [0x369e06000, 0x369e06fff] PGTABLE
[    0.021725] BRK [0x369e07000, 0x369e07fff] PGTABLE
[    0.021735] BRK [0x369e08000, 0x369e08fff] PGTABLE
[    0.021766] BRK [0x369e09000, 0x369e09fff] PGTABLE
[    0.021863] Secure boot disabled
[    0.021864] RAMDISK: [mem 0x42ab8000-0x48560fff]
[    0.021874] ACPI: Early table checksum verification disabled
[    0.021876] ACPI: RSDP 0x0000000078D8E014 000024 (v02 APPLE )
[    0.021879] ACPI: XSDT 0x0000000078D8E1C0 0000A4 (v01 APPLE  Apple00  00000000      01000013)
[    0.021883] ACPI: FACP 0x0000000078D8C000 0000F4 (v05 APPLE  Apple00  00000000 Loki 0000005F)
[    0.021886] ACPI BIOS Warning (bug): 32/64X length mismatch in FADT/Gpe0Block: 128/0 (20181213/tbfadt-569)
[    0.021888] ACPI: DSDT 0x0000000078D7F000 007331 (v03 APPLE  MacBookP 00110004 INTL 20140424)
[    0.021890] ACPI: FACS 0x0000000078D06000 000040
[    0.021892] ACPI: FACS 0x0000000078D06000 000040
[    0.021893] ACPI: HPET 0x0000000078D8B000 000038 (v01 APPLE  Apple00  00000001 Loki 0000005F)
[    0.021895] ACPI: APIC 0x0000000078D8A000 0000BC (v02 APPLE  Apple00  00000001 Loki 0000005F)
[    0.021897] ACPI: SBST 0x0000000078D88000 000030 (v01 APPLE  Apple00  00000001 Loki 0000005F)
[    0.021899] ACPI: ECDT 0x0000000078D87000 000053 (v01 APPLE  Apple00  00000001 Loki 0000005F)
[    0.021900] ACPI: SSDT 0x0000000078D7E000 000024 (v01 APPLE  SataAhci 00001000 INTL 20140424)
[    0.021902] ACPI: SSDT 0x0000000078D7D000 000024 (v01 APPLE  SmcDppt  00001000 INTL 20140424)
[    0.021904] ACPI: SSDT 0x0000000078D7C000 000032 (v01 APPLE  SsdtS3   00001000 INTL 20140424)
[    0.021906] ACPI: SSDT 0x0000000078D68000 0086DA (v01 APPLE  TbtPEG11 00001000 INTL 20140424)
[    0.021907] ACPI: SSDT 0x0000000078D67000 0000B8 (v01 APPLE  Sdxc     00001000 INTL 20140424)
[    0.021909] ACPI: SSDT 0x0000000078D66000 000A7B (v02 APPLE  Xhci     00001000 INTL 20140424)
[    0.021911] ACPI: SSDT 0x0000000078D64000 000341 (v01 APPLE  PEG0SSD0 00001000 INTL 20140424)
[    0.021913] ACPI: SSDT 0x0000000078D5F000 00069C (v01 PmRef  Cpu0Ist  00003000 INTL 20140424)
[    0.021915] ACPI: SSDT 0x0000000078D5E000 000C17 (v01 CpuRef CpuSsdt  00003000 INTL 20140424)
[    0.021916] ACPI: DMAR 0x0000000078D5D000 000088 (v01 APPLE  BDW      00000001 INTL 00000001)
[    0.021918] ACPI: MCFG 0x0000000078D89000 00003C (v01 APPLE  Apple00  00000001 Loki 0000005F)
[    0.021923] ACPI: DMI detected to setup _OSI("Darwin"): Apple hardware
[    0.021925] ACPI: Local APIC address 0xfee00000
[    0.021997] No NUMA configuration found
[    0.021998] Faking a node at [mem 0x0000000000000000-0x000000047f5fffff]
[    0.022006] NODE_DATA(0) allocated [mem 0x47f5d5000-0x47f5fffff]
[    0.051321] Zone ranges:
[    0.051323]   DMA      [mem 0x0000000000001000-0x0000000000ffffff]
[    0.051324]   DMA32    [mem 0x0000000001000000-0x00000000ffffffff]
[    0.051325]   Normal   [mem 0x0000000100000000-0x000000047f5fffff]
[    0.051325]   Device   empty
[    0.051326] Movable zone start for each node
[    0.051329] Early memory node ranges
[    0.051329]   node   0: [mem 0x0000000000001000-0x0000000000057fff]
[    0.051330]   node   0: [mem 0x0000000000059000-0x000000000009ffff]
[    0.051330]   node   0: [mem 0x0000000000100000-0x0000000078d00fff]
[    0.051330]   node   0: [mem 0x0000000078d49000-0x0000000078d5cfff]
[    0.051331]   node   0: [mem 0x0000000078d8f000-0x0000000078e39fff]
[    0.051331]   node   0: [mem 0x0000000078e8f000-0x0000000078ecbfff]
[    0.051332]   node   0: [mem 0x0000000078eff000-0x0000000078f84fff]
[    0.051332]   node   0: [mem 0x0000000078fdf000-0x0000000078ffffff]
[    0.051332]   node   0: [mem 0x0000000100000000-0x000000047f5fffff]
[    0.051705] Zeroed struct page in unavailable ranges: 29118 pages
[    0.051707] Initmem setup node 0 [mem 0x0000000000001000-0x000000047f5fffff]
[    0.051708] On node 0 totalpages: 4162626
[    0.051709]   DMA zone: 64 pages used for memmap
[    0.051709]   DMA zone: 22 pages reserved
[    0.051710]   DMA zone: 3998 pages, LIFO batch:0
[    0.051781]   DMA32 zone: 7675 pages used for memmap
[    0.051781]   DMA32 zone: 491172 pages, LIFO batch:63
[    0.063200]   Normal zone: 57304 pages used for memmap
[    0.063201]   Normal zone: 3667456 pages, LIFO batch:63
[    0.131579] Reserving Intel graphics memory at [mem 0x79a00000-0x7f9fffff]
[    0.131646] ACPI: PM-Timer IO Port: 0x1808
[    0.131647] ACPI: Local APIC address 0xfee00000
[    0.131652] ACPI: LAPIC_NMI (acpi_id[0x01] high edge lint[0x1])
[    0.131653] ACPI: LAPIC_NMI (acpi_id[0x02] high edge lint[0x1])
[    0.131653] ACPI: LAPIC_NMI (acpi_id[0x03] high edge lint[0x1])
[    0.131653] ACPI: LAPIC_NMI (acpi_id[0x04] high edge lint[0x1])
[    0.131654] ACPI: LAPIC_NMI (acpi_id[0x05] high edge lint[0x1])
[    0.131654] ACPI: LAPIC_NMI (acpi_id[0x06] high edge lint[0x1])
[    0.131654] ACPI: LAPIC_NMI (acpi_id[0x07] high edge lint[0x1])
[    0.131655] ACPI: LAPIC_NMI (acpi_id[0x08] high edge lint[0x1])
[    0.131669] IOAPIC[0]: apic_id 2, version 32, address 0xfec00000, GSI 0-23
[    0.131671] ACPI: INT_SRC_OVR (bus 0 bus_irq 0 global_irq 2 dfl dfl)
[    0.131672] ACPI: INT_SRC_OVR (bus 0 bus_irq 9 global_irq 9 high level)
[    0.131673] ACPI: IRQ0 used by override.
[    0.131674] ACPI: IRQ9 used by override.
[    0.131675] Using ACPI (MADT) for SMP configuration information
[    0.131676] ACPI: HPET id: 0x8086a201 base: 0xfed00000
[    0.131679] smpboot: Allowing 8 CPUs, 0 hotplug CPUs
[    0.131692] PM: Registered nosave memory: [mem 0x00000000-0x00000fff]
[    0.131693] PM: Registered nosave memory: [mem 0x00058000-0x00058fff]
[    0.131694] PM: Registered nosave memory: [mem 0x000a0000-0x000bffff]
[    0.131694] PM: Registered nosave memory: [mem 0x000c0000-0x000fffff]
[    0.131695] PM: Registered nosave memory: [mem 0x66282000-0x66282fff]
[    0.131696] PM: Registered nosave memory: [mem 0x66282000-0x66282fff]
[    0.131697] PM: Registered nosave memory: [mem 0x78d01000-0x78d48fff]
[    0.131698] PM: Registered nosave memory: [mem 0x78d5d000-0x78d8efff]
[    0.131699] PM: Registered nosave memory: [mem 0x78e3a000-0x78e8efff]
[    0.131700] PM: Registered nosave memory: [mem 0x78ecc000-0x78efefff]
[    0.131701] PM: Registered nosave memory: [mem 0x78f85000-0x78fdefff]
[    0.131702] PM: Registered nosave memory: [mem 0x79000000-0x7f9fffff]
[    0.131703] PM: Registered nosave memory: [mem 0x7fa00000-0xe00f7fff]
[    0.131703] PM: Registered nosave memory: [mem 0xe00f8000-0xe00f8fff]
[    0.131703] PM: Registered nosave memory: [mem 0xe00f9000-0xfed1bfff]
[    0.131704] PM: Registered nosave memory: [mem 0xfed1c000-0xfed1ffff]
[    0.131704] PM: Registered nosave memory: [mem 0xfed20000-0xffd6ffff]
[    0.131704] PM: Registered nosave memory: [mem 0xffd70000-0xffd9ffff]
[    0.131705] PM: Registered nosave memory: [mem 0xffda0000-0xffffffff]
[    0.131706] [mem 0x7fa00000-0xe00f7fff] available for PCI devices
[    0.131708] Booting paravirtualized kernel on bare hardware
[    0.131710] clocksource: refined-jiffies: mask: 0xffffffff max_cycles: 0xffffffff, max_idle_ns: 1910969940391419 ns
[    0.226914] random: get_random_bytes called from start_kernel+0x93/0x503 with crng_init=0
[    0.226919] setup_percpu: NR_CPUS:64 nr_cpumask_bits:64 nr_cpu_ids:8 nr_node_ids:1
[    0.227077] percpu: Embedded 44 pages/cpu @(____ptrval____) s143360 r8192 d28672 u262144
[    0.227082] pcpu-alloc: s143360 r8192 d28672 u262144 alloc=1*2097152
[    0.227082] pcpu-alloc: [0] 0 1 2 3 4 5 6 7 
[    0.227098] Built 1 zonelists, mobility grouping on.  Total pages: 4097561
[    0.227098] Policy zone: Normal
[    0.227100] Kernel command line: BOOT_IMAGE=/vmlinuz-5.0.0-rc6+ root=/dev/mapper/im--mac-root ro resume=/dev/mapper/im--mac-swap rd.lvm.lv=im-mac/root rd.luks.uuid=luks-dd1fa933-ef9f-402b-a2e4-7c9d6fb7ce0d rd.lvm.lv=im-mac/swap rhgb quiet hid_apple.fnmode=2 hid_apple.iso_layout=0 xhci_hcd.quirks=0x80 usbcore.quirks=05ac:8406:p
[    0.272359] Memory: 15843916K/16650504K available (12291K kernel code, 1404K rwdata, 4028K rodata, 2152K init, 4944K bss, 806588K reserved, 0K cma-reserved)
[    0.272460] SLUB: HWalign=64, Order=0-3, MinObjects=0, CPUs=8, Nodes=1
[    0.272464] Kernel/User page tables isolation: enabled
[    0.272476] ftrace: allocating 38170 entries in 150 pages
[    0.285394] rcu: Hierarchical RCU implementation.
[    0.285396] rcu: 	RCU restricting CPUs from NR_CPUS=64 to nr_cpu_ids=8.
[    0.285397] rcu: RCU calculated value of scheduler-enlistment delay is 100 jiffies.
[    0.285398] rcu: Adjusting geometry for rcu_fanout_leaf=16, nr_cpu_ids=8
[    0.287365] NR_IRQS: 4352, nr_irqs: 488, preallocated irqs: 16
[    0.287489] rcu: 	Offload RCU callbacks from CPUs: (none).
[    0.287531] Console: colour dummy device 80x25
[    0.287536] printk: console [tty0] enabled
[    0.287548] ACPI: Core revision 20181213
[    0.287751] clocksource: hpet: mask: 0xffffffff max_cycles: 0xffffffff, max_idle_ns: 133484882848 ns
[    0.287759] hpet clockevent registered
[    0.287762] APIC: Switch to symmetric I/O mode setup
[    0.287763] DMAR: Host address width 39
[    0.287764] DMAR: DRHD base: 0x000000fed90000 flags: 0x0
[    0.287767] DMAR: dmar0: reg_base_addr fed90000 ver 1:0 cap c0000020660462 ecap f0101a
[    0.287768] DMAR: DRHD base: 0x000000fed91000 flags: 0x1
[    0.287770] DMAR: dmar1: reg_base_addr fed91000 ver 1:0 cap d2008c20660462 ecap f010da
[    0.287770] DMAR: RMRR base: 0x00000079800000 end: 0x0000007f9fffff
[    0.287773] DMAR-IR: IOAPIC id 2 under DRHD base  0xfed91000 IOMMU 1
[    0.287773] DMAR-IR: HPET id 0 under DRHD base 0xfed91000
[    0.287774] DMAR-IR: x2apic is disabled because BIOS sets x2apic opt out bit.
[    0.287774] DMAR-IR: Use 'intremap=no_x2apic_optout' to override the BIOS setting.
[    0.288682] DMAR-IR: Enabled IRQ remapping in xapic mode
[    0.288683] x2apic: IRQ remapping doesn't support X2APIC mode
[    0.289098] ..TIMER: vector=0x30 apic1=0 pin1=2 apic2=-1 pin2=-1
[    0.293768] clocksource: tsc-early: mask: 0xffffffffffffffff max_cycles: 0x1fa39f76d34, max_idle_ns: 440795280349 ns
[    0.293776] Calibrating delay loop (skipped), value calculated using timer frequency.. 4389.93 BogoMIPS (lpj=2194966)
[    0.293778] pid_max: default: 32768 minimum: 301
[    0.304457] LSM: Security Framework initializing
[    0.304458] Yama: becoming mindful.
[    0.304462] SELinux:  Initializing.
[    0.306523] Dentry cache hash table entries: 2097152 (order: 12, 16777216 bytes)
[    0.307502] Inode-cache hash table entries: 1048576 (order: 11, 8388608 bytes)
[    0.307540] Mount-cache hash table entries: 32768 (order: 6, 262144 bytes)
[    0.307571] Mountpoint-cache hash table entries: 32768 (order: 6, 262144 bytes)
[    0.307737] ENERGY_PERF_BIAS: Set to 'normal', was 'performance'
[    0.307737] ENERGY_PERF_BIAS: View and update with x86_energy_perf_policy(8)
[    0.307741] mce: CPU supports 10 MCE banks
[    0.307749] mce: CPU0: Thermal monitoring enabled (TM1)
[    0.307761] process: using mwait in idle threads
[    0.307764] Last level iTLB entries: 4KB 1024, 2MB 1024, 4MB 1024
[    0.307764] Last level dTLB entries: 4KB 1024, 2MB 1024, 4MB 1024, 1GB 4
[    0.307766] Spectre V2 : Mitigation: Full generic retpoline
[    0.307767] Spectre V2 : Spectre v2 / SpectreRSB mitigation: Filling RSB on context switch
[    0.307767] Spectre V2 : Enabling Restricted Speculation for firmware calls
[    0.307776] Spectre V2 : mitigation: Enabling conditional Indirect Branch Prediction Barrier
[    0.307776] Spectre V2 : User space: Mitigation: STIBP via seccomp and prctl
[    0.307777] Speculative Store Bypass: Mitigation: Speculative Store Bypass disabled via prctl and seccomp
[    0.307941] Freeing SMP alternatives memory: 36K
[    0.308831] TSC deadline timer enabled
[    0.308834] smpboot: CPU0: Intel(R) Core(TM) i7-4770HQ CPU @ 2.20GHz (family: 0x6, model: 0x46, stepping: 0x1)
[    0.308901] Performance Events: PEBS fmt2+, Haswell events, 16-deep LBR, full-width counters, Intel PMU driver.
[    0.308938] ... version:                3
[    0.308938] ... bit width:              48
[    0.308938] ... generic registers:      4
[    0.308939] ... value mask:             0000ffffffffffff
[    0.308939] ... max period:             00007fffffffffff
[    0.308940] ... fixed-purpose events:   3
[    0.308940] ... event mask:             000000070000000f
[    0.308966] rcu: Hierarchical SRCU implementation.
[    0.309398] random: crng done (trusting CPU's manufacturer)
[    0.309769] NMI watchdog: Enabled. Permanently consumes one hw-PMU counter.
[    0.309797] smp: Bringing up secondary CPUs ...
[    0.309849] x86: Booting SMP configuration:
[    0.309850] .... node  #0, CPUs:      #1 #2 #3 #4 #5 #6 #7
[    0.362773] smp: Brought up 1 node, 8 CPUs
[    0.362775] smpboot: Max logical packages: 1
[    0.362776] smpboot: Total of 8 processors activated (35119.45 BogoMIPS)
[    0.364148] devtmpfs: initialized
[    0.364148] x86/mm: Memory block size: 128MB
[    0.365029] PM: Registering ACPI NVS region [mem 0x78d01000-0x78d48fff] (294912 bytes)
[    0.365029] clocksource: jiffies: mask: 0xffffffff max_cycles: 0xffffffff, max_idle_ns: 1911260446275000 ns
[    0.365029] futex hash table entries: 2048 (order: 5, 131072 bytes)
[    0.365029] pinctrl core: initialized pinctrl subsystem
[    0.365029] RTC time: 03:42:44, date: 2019-02-12
[    0.365111] NET: Registered protocol family 16
[    0.365204] audit: initializing netlink subsys (disabled)
[    0.365208] audit: type=2000 audit(1549942964.077:1): state=initialized audit_enabled=0 res=1
[    0.365208] cpuidle: using governor menu
[    0.365208] ACPI: bus type PCI registered
[    0.365208] acpiphp: ACPI Hot Plug PCI Controller Driver version: 0.5
[    0.365208] PCI: MMCONFIG for domain 0000 [bus 00-9b] at [mem 0xe0000000-0xe9bfffff] (base 0xe0000000)
[    0.365208] PCI: not using MMCONFIG
[    0.365208] PCI: Using configuration type 1 for base access
[    0.365208] core: PMU erratum BJ122, BV98, HSD29 worked around, HT is on
[    0.366818] HugeTLB registered 1.00 GiB page size, pre-allocated 0 pages
[    0.366818] HugeTLB registered 2.00 MiB page size, pre-allocated 0 pages
[    0.366818] cryptd: max_cpu_qlen set to 1000
[    0.366818] ACPI: Disabled all _OSI OS vendors
[    0.366818] ACPI: Added _OSI(Module Device)
[    0.366818] ACPI: Added _OSI(Processor Device)
[    0.366818] ACPI: Added _OSI(3.0 _SCP Extensions)
[    0.366818] ACPI: Added _OSI(Processor Aggregator Device)
[    0.366818] ACPI: Added _OSI(Linux-Dell-Video)
[    0.366818] ACPI: Added _OSI(Linux-Lenovo-NV-HDMI-Audio)
[    0.366818] ACPI: Added _OSI(Linux-HPI-Hybrid-Graphics)
[    0.366818] ACPI: Added _OSI(Darwin)
[    0.378392] ACPI: 10 ACPI AML tables successfully acquired and loaded
[    0.378998] ACPI: EC: EC started
[    0.378999] ACPI: EC: interrupt blocked
[    0.381060] ACPI: \: Used as first EC
[    0.381062] ACPI: \: GPE=0x17, EC_CMD/EC_SC=0x66, EC_DATA=0x62
[    0.381063] ACPI: \: Used as boot ECDT EC to handle transactions
[    0.382049] ACPI: BIOS _OSI(Darwin) query honored via DMI
[    0.382665] ACPI: [Firmware Bug]: BIOS _OSI(Linux) query ignored
[    0.382801] ACPI Error: Needed type [Reference], found [Integer] 000000002e908ddb (20181213/exresop-69)
[    0.382805] ACPI Error: AE_AML_OPERAND_TYPE, While resolving operands for [OpcodeName unavailable] (20181213/dswexec-427)
[    0.382807] ACPI Error: Method parse/execution failed \_PR.CPU0._PDC, AE_AML_OPERAND_TYPE (20181213/psparse-531)
[    0.383019] ACPI: Dynamic OEM Table Load:
[    0.383025] ACPI: SSDT 0xFFFF95016CB4C800 00067C (v01 PmRef  ApIst    00003000 INTL 20140424)
[    0.383402] ACPI: Dynamic OEM Table Load:
[    0.383406] ACPI: SSDT 0xFFFF95016CB9B600 000119 (v01 PmRef  ApCst    00003000 INTL 20140424)
[    0.384473] ACPI: Interpreter enabled
[    0.384489] ACPI: (supports S0 S3 S4 S5)
[    0.384490] ACPI: Using IOAPIC for interrupt routing
[    0.384506] PCI: MMCONFIG for domain 0000 [bus 00-9b] at [mem 0xe0000000-0xe9bfffff] (base 0xe0000000)
[    0.384876] PCI: MMCONFIG at [mem 0xe0000000-0xe9bfffff] reserved in ACPI motherboard resources
[    0.384884] PCI: Using host bridge windows from ACPI; if necessary, use "pci=nocrs" and report a bug
[    0.385063] ACPI: Enabled 7 GPEs in block 00 to 3F
[    0.392430] ACPI: PCI Root Bridge [PCI0] (domain 0000 [bus 00-ff])
[    0.392434] acpi PNP0A08:00: _OSC: OS assumes control of [PCIeHotplug SHPCHotplug AER PCIeCapability LTR]
[    0.392444] acpi PNP0A08:00: [Firmware Info]: MMCONFIG for domain 0000 [bus 00-9b] only partially covers this bridge
[    0.392645] PCI host bridge to bus 0000:00
[    0.392647] pci_bus 0000:00: root bus resource [io  0x0000-0x0cf7 window]
[    0.392648] pci_bus 0000:00: root bus resource [io  0x0d00-0xffff window]
[    0.392649] pci_bus 0000:00: root bus resource [mem 0x000a0000-0x000bffff window]
[    0.392650] pci_bus 0000:00: root bus resource [mem 0x000c0000-0x000c3fff window]
[    0.392651] pci_bus 0000:00: root bus resource [mem 0x000c4000-0x000c7fff window]
[    0.392652] pci_bus 0000:00: root bus resource [mem 0x000c8000-0x000cbfff window]
[    0.392653] pci_bus 0000:00: root bus resource [mem 0x000cc000-0x000cffff window]
[    0.392653] pci_bus 0000:00: root bus resource [mem 0x000d0000-0x000d3fff window]
[    0.392654] pci_bus 0000:00: root bus resource [mem 0x000d4000-0x000d7fff window]
[    0.392655] pci_bus 0000:00: root bus resource [mem 0x000d8000-0x000dbfff window]
[    0.392656] pci_bus 0000:00: root bus resource [mem 0x000dc000-0x000dffff window]
[    0.392657] pci_bus 0000:00: root bus resource [mem 0x000e0000-0x000e3fff window]
[    0.392658] pci_bus 0000:00: root bus resource [mem 0x000e4000-0x000e7fff window]
[    0.392659] pci_bus 0000:00: root bus resource [mem 0x000e8000-0x000ebfff window]
[    0.392660] pci_bus 0000:00: root bus resource [mem 0x000ec000-0x000effff window]
[    0.392661] pci_bus 0000:00: root bus resource [mem 0x000f0000-0x000fffff window]
[    0.392662] pci_bus 0000:00: root bus resource [mem 0x7fa00000-0xfeafffff window]
[    0.392663] pci_bus 0000:00: root bus resource [mem 0xfed40000-0xfed44fff window]
[    0.392664] pci_bus 0000:00: root bus resource [bus 00-ff]
[    0.392670] pci 0000:00:00.0: [8086:0d04] type 00 class 0x060000
[    0.392736] pci 0000:00:01.0: [8086:0d01] type 01 class 0x060400
[    0.392768] pci 0000:00:01.0: PME# supported from D0 D3hot D3cold
[    0.392815] pci 0000:00:01.1: [8086:0d05] type 01 class 0x060400
[    0.392843] pci 0000:00:01.1: PME# supported from D0 D3hot D3cold
[    0.392914] pci 0000:00:02.0: [8086:0d26] type 00 class 0x030000
[    0.392922] pci 0000:00:02.0: reg 0x10: [mem 0xa0000000-0xa03fffff 64bit]
[    0.392927] pci 0000:00:02.0: reg 0x18: [mem 0x90000000-0x9fffffff 64bit pref]
[    0.392930] pci 0000:00:02.0: reg 0x20: [io  0x3000-0x303f]
[    0.392939] pci 0000:00:02.0: BAR 2: assigned to efifb
[    0.392988] pci 0000:00:03.0: [8086:0d0c] type 00 class 0x040300
[    0.392995] pci 0000:00:03.0: reg 0x10: [mem 0xa0c10000-0xa0c13fff 64bit]
[    0.393074] pci 0000:00:14.0: [8086:8c31] type 00 class 0x0c0330
[    0.393092] pci 0000:00:14.0: reg 0x10: [mem 0xa0c00000-0xa0c0ffff 64bit]
[    0.393143] pci 0000:00:14.0: PME# supported from D3hot D3cold
[    0.393218] pci 0000:00:16.0: [8086:8c3a] type 00 class 0x078000
[    0.393237] pci 0000:00:16.0: reg 0x10: [mem 0xa0c19100-0xa0c1910f 64bit]
[    0.393290] pci 0000:00:16.0: PME# supported from D0 D3hot D3cold
[    0.393345] pci 0000:00:1b.0: [8086:8c20] type 00 class 0x040300
[    0.393363] pci 0000:00:1b.0: reg 0x10: [mem 0xa0c14000-0xa0c17fff 64bit]
[    0.393421] pci 0000:00:1b.0: PME# supported from D0 D3hot D3cold
[    0.393470] pci 0000:00:1c.0: [8086:8c10] type 01 class 0x060400
[    0.393512] pci 0000:00:1c.0: claimed MacBook Pro poweroff workaround [mem 0x7fa00000-0x7fbfffff]
[    0.393557] pci 0000:00:1c.0: PME# supported from D0 D3hot D3cold
[    0.393616] pci 0000:00:1c.2: [8086:8c14] type 01 class 0x060400
[    0.393685] pci 0000:00:1c.2: PME# supported from D0 D3hot D3cold
[    0.393741] pci 0000:00:1c.3: [8086:8c16] type 01 class 0x060400
[    0.393811] pci 0000:00:1c.3: PME# supported from D0 D3hot D3cold
[    0.393875] pci 0000:00:1f.0: [8086:8c4b] type 00 class 0x060100
[    0.394009] pci 0000:00:1f.3: [8086:8c22] type 00 class 0x0c0500
[    0.394025] pci 0000:00:1f.3: reg 0x10: [mem 0xa0c19000-0xa0c190ff 64bit]
[    0.394042] pci 0000:00:1f.3: reg 0x20: [io  0xefa0-0xefbf]
[    0.394099] pci 0000:00:1f.6: [8086:8c24] type 00 class 0x118000
[    0.394118] pci 0000:00:1f.6: reg 0x10: [mem 0xa0c18000-0xa0c18fff 64bit]
[    0.394268] pci 0000:01:00.0: [144d:a801] type 00 class 0x010601
[    0.394302] pci 0000:01:00.0: reg 0x24: [mem 0xa0b00000-0xa0b01fff]
[    0.394427] pci 0000:00:01.0: PCI bridge to [bus 01]
[    0.394430] pci 0000:00:01.0:   bridge window [mem 0xa0b00000-0xa0bfffff]
[    0.394477] pci 0000:05:00.0: [8086:156d] type 01 class 0x060400
[    0.394557] pci 0000:05:00.0: supports D1 D2
[    0.394558] pci 0000:05:00.0: PME# supported from D0 D1 D2 D3hot D3cold
[    0.394641] pci 0000:00:01.1: PCI bridge to [bus 05-9b]
[    0.394643] pci 0000:00:01.1:   bridge window [io  0x4000-0x6fff]
[    0.394645] pci 0000:00:01.1:   bridge window [mem 0xa0d00000-0xacdfffff]
[    0.394647] pci 0000:00:01.1:   bridge window [mem 0xace00000-0xb8dfffff 64bit pref]
[    0.394726] pci 0000:06:00.0: [8086:156d] type 01 class 0x060400
[    0.394815] pci 0000:06:00.0: supports D1 D2
[    0.394816] pci 0000:06:00.0: PME# supported from D0 D1 D2 D3hot D3cold
[    0.394878] pci 0000:06:03.0: [8086:156d] type 01 class 0x060400
[    0.394964] pci 0000:06:03.0: supports D1 D2
[    0.394965] pci 0000:06:03.0: PME# supported from D0 D1 D2 D3hot D3cold
[    0.395024] pci 0000:06:04.0: [8086:156d] type 01 class 0x060400
[    0.395110] pci 0000:06:04.0: supports D1 D2
[    0.395111] pci 0000:06:04.0: PME# supported from D0 D1 D2 D3hot D3cold
[    0.395170] pci 0000:06:05.0: [8086:156d] type 01 class 0x060400
[    0.395255] pci 0000:06:05.0: supports D1 D2
[    0.395256] pci 0000:06:05.0: PME# supported from D0 D1 D2 D3hot D3cold
[    0.395314] pci 0000:06:06.0: [8086:156d] type 01 class 0x060400
[    0.395400] pci 0000:06:06.0: supports D1 D2
[    0.395401] pci 0000:06:06.0: PME# supported from D0 D1 D2 D3hot D3cold
[    0.395469] pci 0000:05:00.0: PCI bridge to [bus 06-6b]
[    0.395473] pci 0000:05:00.0:   bridge window [io  0x4000-0x5fff]
[    0.395476] pci 0000:05:00.0:   bridge window [mem 0xa0d00000-0xa8dfffff]
[    0.395479] pci 0000:05:00.0:   bridge window [mem 0xace00000-0xb4dfffff 64bit pref]
[    0.395526] pci 0000:07:00.0: [8086:156c] type 00 class 0x088000
[    0.395551] pci 0000:07:00.0: reg 0x10: [mem 0xa0d00000-0xa0d3ffff]
[    0.395559] pci 0000:07:00.0: reg 0x14: [mem 0xa0d40000-0xa0d40fff]
[    0.395678] pci 0000:07:00.0: supports D1 D2
[    0.395679] pci 0000:07:00.0: PME# supported from D0 D1 D2 D3hot D3cold
[    0.395821] pci 0000:06:00.0: PCI bridge to [bus 07]
[    0.395827] pci 0000:06:00.0:   bridge window [mem 0xa0d00000-0xa0dfffff]
[    0.395881] pci 0000:06:03.0: PCI bridge to [bus 08-38]
[    0.395885] pci 0000:06:03.0:   bridge window [io  0x4000-0x4fff]
[    0.395888] pci 0000:06:03.0:   bridge window [mem 0xa0e00000-0xa4dfffff]
[    0.395892] pci 0000:06:03.0:   bridge window [mem 0xace00000-0xb0dfffff 64bit pref]
[    0.395941] pci 0000:06:04.0: PCI bridge to [bus 39]
[    0.395996] pci 0000:06:05.0: PCI bridge to [bus 3a-6a]
[    0.396000] pci 0000:06:05.0:   bridge window [io  0x5000-0x5fff]
[    0.396003] pci 0000:06:05.0:   bridge window [mem 0xa4e00000-0xa8dfffff]
[    0.396006] pci 0000:06:05.0:   bridge window [mem 0xb0e00000-0xb4dfffff 64bit pref]
[    0.396033] pci 0000:06:06.0: PCI bridge to [bus 6b]
[    0.396099] pci 0000:00:1c.0: PCI bridge to [bus 02]
[    0.396194] pci 0000:03:00.0: [14e4:43ba] type 00 class 0x028000
[    0.396259] pci 0000:03:00.0: reg 0x10: [mem 0xa0800000-0xa0807fff 64bit]
[    0.396286] pci 0000:03:00.0: reg 0x18: [mem 0xa0400000-0xa07fffff 64bit]
[    0.396489] pci 0000:03:00.0: supports D1 D2
[    0.396490] pci 0000:03:00.0: PME# supported from D0 D1 D2 D3hot D3cold
[    0.396718] pci 0000:00:1c.2: PCI bridge to [bus 03]
[    0.396723] pci 0000:00:1c.2:   bridge window [mem 0xa0400000-0xa08fffff]
[    0.396783] pci 0000:04:00.0: [14e4:1570] type 00 class 0x048000
[    0.396815] pci 0000:04:00.0: reg 0x10: [mem 0xa0a00000-0xa0a0ffff 64bit]
[    0.396830] pci 0000:04:00.0: reg 0x18: [mem 0x80000000-0x8fffffff 64bit pref]
[    0.396845] pci 0000:04:00.0: reg 0x20: [mem 0xa0900000-0xa09fffff 64bit]
[    0.396931] pci 0000:04:00.0: supports D1
[    0.396932] pci 0000:04:00.0: PME# supported from D0 D3hot
[    0.397040] pci 0000:00:1c.3: PCI bridge to [bus 04]
[    0.397044] pci 0000:00:1c.3:   bridge window [mem 0xa0900000-0xa0afffff]
[    0.397049] pci 0000:00:1c.3:   bridge window [mem 0x80000000-0x8fffffff 64bit pref]
[    0.397792] ACPI: PCI Interrupt Link [LNKA] (IRQs 1 3 4 5 6 7 10 12 14 15) *0, disabled.
[    0.397839] ACPI: PCI Interrupt Link [LNKB] (IRQs 1 3 4 5 6 7 11 12 14 15) *0, disabled.
[    0.397880] ACPI: PCI Interrupt Link [LNKC] (IRQs 1 3 4 5 6 7 10 12 14 15) *0, disabled.
[    0.397921] ACPI: PCI Interrupt Link [LNKD] (IRQs 1 3 4 5 6 7 11 12 14 15) *0, disabled.
[    0.397966] ACPI: PCI Interrupt Link [LNKE] (IRQs 1 3 4 5 6 7 10 12 14 15) *0, disabled.
[    0.398007] ACPI: PCI Interrupt Link [LNKF] (IRQs 1 3 4 5 6 7 11 12 14 15) *0, disabled.
[    0.398047] ACPI: PCI Interrupt Link [LNKG] (IRQs 1 3 4 5 6 7 10 12 14 15) *0, disabled.
[    0.398092] ACPI: PCI Interrupt Link [LNKH] (IRQs 1 3 4 5 6 7 11 12 14 15) *0, disabled.
[    0.398238] ACPI: EC: interrupt unblocked
[    0.398254] ACPI: EC: event unblocked
[    0.398260] ACPI: \_SB_.PCI0.LPCB.EC__: GPE=0x17, EC_CMD/EC_SC=0x66, EC_DATA=0x62
[    0.398261] ACPI: \_SB_.PCI0.LPCB.EC__: Used as boot DSDT EC to handle transactions and events
[    0.398303] pci 0000:00:02.0: vgaarb: setting as boot VGA device
[    0.398303] pci 0000:00:02.0: vgaarb: VGA device added: decodes=io+mem,owns=io+mem,locks=none
[    0.398303] pci 0000:00:02.0: vgaarb: bridge control possible
[    0.398303] vgaarb: loaded
[    0.398303] SCSI subsystem initialized
[    0.398303] libata version 3.00 loaded.
[    0.398303] ACPI: bus type USB registered
[    0.398303] usbcore: registered new interface driver usbfs
[    0.398303] usbcore: registered new interface driver hub
[    0.398303] usbcore: registered new device driver usb
[    0.398303] pps_core: LinuxPPS API ver. 1 registered
[    0.398303] pps_core: Software ver. 5.3.6 - Copyright 2005-2007 Rodolfo Giometti <giometti@linux.it>
[    0.398303] PTP clock support registered
[    0.398303] EDAC MC: Ver: 3.0.0
[    0.398303] Registered efivars operations
[    0.445537] PCI: Using ACPI for IRQ routing
[    0.447907] PCI: pci_cache_line_size set to 64 bytes
[    0.448045] e820: reserve RAM buffer [mem 0x00058000-0x0005ffff]
[    0.448046] e820: reserve RAM buffer [mem 0x66282710-0x67ffffff]
[    0.448047] e820: reserve RAM buffer [mem 0x78d01000-0x7bffffff]
[    0.448048] e820: reserve RAM buffer [mem 0x78d5d000-0x7bffffff]
[    0.448049] e820: reserve RAM buffer [mem 0x78e3a000-0x7bffffff]
[    0.448050] e820: reserve RAM buffer [mem 0x78ecc000-0x7bffffff]
[    0.448051] e820: reserve RAM buffer [mem 0x78f85000-0x7bffffff]
[    0.448052] e820: reserve RAM buffer [mem 0x79000000-0x7bffffff]
[    0.448052] e820: reserve RAM buffer [mem 0x47f600000-0x47fffffff]
[    0.448769] NetLabel: Initializing
[    0.448769] NetLabel:  domain hash size = 128
[    0.448769] NetLabel:  protocols = UNLABELED CIPSOv4 CALIPSO
[    0.448769] NetLabel:  unlabeled traffic allowed by default
[    0.448849] hpet0: at MMIO 0xfed00000, IRQs 2, 8, 0, 0, 0, 0, 0, 0
[    0.448852] hpet0: 8 comparators, 64-bit 14.318180 MHz counter
[    0.450787] clocksource: Switched to clocksource tsc-early
[    0.460295] VFS: Disk quotas dquot_6.6.0
[    0.460308] VFS: Dquot-cache hash table entries: 512 (order 0, 4096 bytes)
[    0.460355] pnp: PnP ACPI init
[    0.461017] system 00:00: [mem 0xfed00000-0xfed03fff] has been reserved
[    0.461021] system 00:00: Plug and Play ACPI device, IDs PNP0103 PNP0c01 (active)
[    0.461054] system 00:01: [io  0xffff] has been reserved
[    0.461055] system 00:01: [io  0x1800-0x187f] has been reserved
[    0.461057] system 00:01: [io  0x0800-0x087f] has been reserved
[    0.461059] system 00:01: Plug and Play ACPI device, IDs PNP0c02 (active)
[    0.461071] pnp 00:02: Plug and Play ACPI device, IDs PNP0b00 (active)
[    0.461117] pnp 00:03: Plug and Play ACPI device, IDs APP000b (active)
[    0.461217] system 00:04: [mem 0xfed1c000-0xfed1ffff] has been reserved
[    0.461218] system 00:04: [mem 0xfed10000-0xfed17fff] has been reserved
[    0.461219] system 00:04: [mem 0xfed18000-0xfed18fff] has been reserved
[    0.461220] system 00:04: [mem 0xfed19000-0xfed19fff] has been reserved
[    0.461222] system 00:04: [mem 0xe0000000-0xefffffff] could not be reserved
[    0.461223] system 00:04: [mem 0xfed20000-0xfed3ffff] has been reserved
[    0.461224] system 00:04: [mem 0xfed90000-0xfed93fff] could not be reserved
[    0.461225] system 00:04: [mem 0xfed45000-0xfed8ffff] has been reserved
[    0.461226] system 00:04: [mem 0xff000000-0xffffffff] could not be reserved
[    0.461228] system 00:04: [mem 0xfee00000-0xfeefffff] has been reserved
[    0.461230] system 00:04: Plug and Play ACPI device, IDs PNP0c02 (active)
[    0.461266] system 00:05: [mem 0x20000000-0x201fffff] could not be reserved
[    0.461267] system 00:05: [mem 0x40000000-0x401fffff] could not be reserved
[    0.461270] system 00:05: Plug and Play ACPI device, IDs PNP0c01 (active)
[    0.461385] pnp: PnP ACPI: found 6 devices
[    0.462249] pci 0000:07:00.0: assigning 8 device properties
[    0.462258] pci 0000:00:1b.0: assigning 4 device properties
[    0.462263] pci 0000:00:02.0: assigning 2 device properties
[    0.466831] clocksource: acpi_pm: mask: 0xffffff max_cycles: 0xffffff, max_idle_ns: 2085701024 ns
[    0.466866] pci 0000:06:00.0: bridge window [io  0x1000-0x0fff] to [bus 07] add_size 1000
[    0.466867] pci 0000:06:00.0: bridge window [mem 0x00100000-0x000fffff 64bit pref] to [bus 07] add_size 200000 add_align 100000
[    0.466878] pci 0000:06:04.0: bridge window [io  0x1000-0x0fff] to [bus 39] add_size 1000
[    0.466879] pci 0000:06:04.0: bridge window [mem 0x00100000-0x000fffff 64bit pref] to [bus 39] add_size 200000 add_align 100000
[    0.466881] pci 0000:06:04.0: bridge window [mem 0x00100000-0x000fffff] to [bus 39] add_size 200000 add_align 100000
[    0.466891] pci 0000:06:06.0: bridge window [io  0x1000-0x0fff] to [bus 6b] add_size 1000
[    0.466892] pci 0000:06:06.0: bridge window [mem 0x00100000-0x000fffff 64bit pref] to [bus 6b] add_size 200000 add_align 100000
[    0.466893] pci 0000:06:06.0: bridge window [mem 0x00100000-0x000fffff] to [bus 6b] add_size 200000 add_align 100000
[    0.466912] pci 0000:00:1c.0: bridge window [io  0x1000-0x0fff] to [bus 02] add_size 1000
[    0.466913] pci 0000:00:1c.0: bridge window [mem 0x00100000-0x000fffff 64bit pref] to [bus 02] add_size 200000 add_align 100000
[    0.466914] pci 0000:00:1c.0: bridge window [mem 0x00100000-0x000fffff] to [bus 02] add_size 200000 add_align 100000
[    0.466939] pci 0000:00:1c.0: BAR 14: assigned [mem 0x7fc00000-0x7fdfffff]
[    0.466946] pci 0000:00:1c.0: BAR 15: assigned [mem 0x7fe00000-0x7fffffff 64bit pref]
[    0.466948] pci 0000:00:1c.0: BAR 13: assigned [io  0x2000-0x2fff]
[    0.466950] pci 0000:00:01.0: PCI bridge to [bus 01]
[    0.466952] pci 0000:00:01.0:   bridge window [mem 0xa0b00000-0xa0bfffff]
[    0.466959] pci 0000:06:00.0: BAR 15: no space for [mem size 0x00200000 64bit pref]
[    0.466960] pci 0000:06:00.0: BAR 15: failed to assign [mem size 0x00200000 64bit pref]
[    0.466961] pci 0000:06:04.0: BAR 14: no space for [mem size 0x00200000]
[    0.466962] pci 0000:06:04.0: BAR 14: failed to assign [mem size 0x00200000]
[    0.466964] pci 0000:06:04.0: BAR 15: no space for [mem size 0x00200000 64bit pref]
[    0.466965] pci 0000:06:04.0: BAR 15: failed to assign [mem size 0x00200000 64bit pref]
[    0.466966] pci 0000:06:06.0: BAR 14: no space for [mem size 0x00200000]
[    0.466967] pci 0000:06:06.0: BAR 14: failed to assign [mem size 0x00200000]
[    0.466969] pci 0000:06:06.0: BAR 15: no space for [mem size 0x00200000 64bit pref]
[    0.466970] pci 0000:06:06.0: BAR 15: failed to assign [mem size 0x00200000 64bit pref]
[    0.466971] pci 0000:06:00.0: BAR 13: no space for [io  size 0x1000]
[    0.466972] pci 0000:06:00.0: BAR 13: failed to assign [io  size 0x1000]
[    0.466973] pci 0000:06:04.0: BAR 13: no space for [io  size 0x1000]
[    0.466974] pci 0000:06:04.0: BAR 13: failed to assign [io  size 0x1000]
[    0.466975] pci 0000:06:06.0: BAR 13: no space for [io  size 0x1000]
[    0.466976] pci 0000:06:06.0: BAR 13: failed to assign [io  size 0x1000]
[    0.466977] pci 0000:06:06.0: BAR 14: no space for [mem size 0x00200000]
[    0.466978] pci 0000:06:06.0: BAR 14: failed to assign [mem size 0x00200000]
[    0.466980] pci 0000:06:06.0: BAR 15: no space for [mem size 0x00200000 64bit pref]
[    0.466981] pci 0000:06:06.0: BAR 15: failed to assign [mem size 0x00200000 64bit pref]
[    0.466982] pci 0000:06:06.0: BAR 13: no space for [io  size 0x1000]
[    0.466983] pci 0000:06:06.0: BAR 13: failed to assign [io  size 0x1000]
[    0.466984] pci 0000:06:04.0: BAR 14: no space for [mem size 0x00200000]
[    0.466985] pci 0000:06:04.0: BAR 14: failed to assign [mem size 0x00200000]
[    0.466987] pci 0000:06:04.0: BAR 15: no space for [mem size 0x00200000 64bit pref]
[    0.466988] pci 0000:06:04.0: BAR 15: failed to assign [mem size 0x00200000 64bit pref]
[    0.466989] pci 0000:06:04.0: BAR 13: no space for [io  size 0x1000]
[    0.466990] pci 0000:06:04.0: BAR 13: failed to assign [io  size 0x1000]
[    0.466991] pci 0000:06:00.0: BAR 15: no space for [mem size 0x00200000 64bit pref]
[    0.466992] pci 0000:06:00.0: BAR 15: failed to assign [mem size 0x00200000 64bit pref]
[    0.466993] pci 0000:06:00.0: BAR 13: no space for [io  size 0x1000]
[    0.466994] pci 0000:06:00.0: BAR 13: failed to assign [io  size 0x1000]
[    0.466995] pci 0000:06:00.0: PCI bridge to [bus 07]
[    0.466999] pci 0000:06:00.0:   bridge window [mem 0xa0d00000-0xa0dfffff]
[    0.467005] pci 0000:06:03.0: PCI bridge to [bus 08-38]
[    0.467006] pci 0000:06:03.0:   bridge window [io  0x4000-0x4fff]
[    0.467010] pci 0000:06:03.0:   bridge window [mem 0xa0e00000-0xa4dfffff]
[    0.467012] pci 0000:06:03.0:   bridge window [mem 0xace00000-0xb0dfffff 64bit pref]
[    0.467016] pci 0000:06:04.0: PCI bridge to [bus 39]
[    0.467024] pci 0000:06:05.0: PCI bridge to [bus 3a-6a]
[    0.467026] pci 0000:06:05.0:   bridge window [io  0x5000-0x5fff]
[    0.467029] pci 0000:06:05.0:   bridge window [mem 0xa4e00000-0xa8dfffff]
[    0.467032] pci 0000:06:05.0:   bridge window [mem 0xb0e00000-0xb4dfffff 64bit pref]
[    0.467036] pci 0000:06:06.0: PCI bridge to [bus 6b]
[    0.467044] pci 0000:05:00.0: PCI bridge to [bus 06-6b]
[    0.467045] pci 0000:05:00.0:   bridge window [io  0x4000-0x5fff]
[    0.467048] pci 0000:05:00.0:   bridge window [mem 0xa0d00000-0xa8dfffff]
[    0.467051] pci 0000:05:00.0:   bridge window [mem 0xace00000-0xb4dfffff 64bit pref]
[    0.467055] pci 0000:00:01.1: PCI bridge to [bus 05-9b]
[    0.467056] pci 0000:00:01.1:   bridge window [io  0x4000-0x6fff]
[    0.467058] pci 0000:00:01.1:   bridge window [mem 0xa0d00000-0xacdfffff]
[    0.467059] pci 0000:00:01.1:   bridge window [mem 0xace00000-0xb8dfffff 64bit pref]
[    0.467062] pci 0000:00:1c.0: PCI bridge to [bus 02]
[    0.467069] pci 0000:00:1c.0:   bridge window [io  0x2000-0x2fff]
[    0.467073] pci 0000:00:1c.0:   bridge window [mem 0x7fc00000-0x7fdfffff]
[    0.467076] pci 0000:00:1c.0:   bridge window [mem 0x7fe00000-0x7fffffff 64bit pref]
[    0.467082] pci 0000:00:1c.2: PCI bridge to [bus 03]
[    0.467086] pci 0000:00:1c.2:   bridge window [mem 0xa0400000-0xa08fffff]
[    0.467093] pci 0000:00:1c.3: PCI bridge to [bus 04]
[    0.467097] pci 0000:00:1c.3:   bridge window [mem 0xa0900000-0xa0afffff]
[    0.467100] pci 0000:00:1c.3:   bridge window [mem 0x80000000-0x8fffffff 64bit pref]
[    0.467106] pci_bus 0000:00: resource 4 [io  0x0000-0x0cf7 window]
[    0.467107] pci_bus 0000:00: resource 5 [io  0x0d00-0xffff window]
[    0.467108] pci_bus 0000:00: resource 6 [mem 0x000a0000-0x000bffff window]
[    0.467109] pci_bus 0000:00: resource 7 [mem 0x000c0000-0x000c3fff window]
[    0.467110] pci_bus 0000:00: resource 8 [mem 0x000c4000-0x000c7fff window]
[    0.467110] pci_bus 0000:00: resource 9 [mem 0x000c8000-0x000cbfff window]
[    0.467111] pci_bus 0000:00: resource 10 [mem 0x000cc000-0x000cffff window]
[    0.467112] pci_bus 0000:00: resource 11 [mem 0x000d0000-0x000d3fff window]
[    0.467113] pci_bus 0000:00: resource 12 [mem 0x000d4000-0x000d7fff window]
[    0.467114] pci_bus 0000:00: resource 13 [mem 0x000d8000-0x000dbfff window]
[    0.467115] pci_bus 0000:00: resource 14 [mem 0x000dc000-0x000dffff window]
[    0.467116] pci_bus 0000:00: resource 15 [mem 0x000e0000-0x000e3fff window]
[    0.467117] pci_bus 0000:00: resource 16 [mem 0x000e4000-0x000e7fff window]
[    0.467118] pci_bus 0000:00: resource 17 [mem 0x000e8000-0x000ebfff window]
[    0.467119] pci_bus 0000:00: resource 18 [mem 0x000ec000-0x000effff window]
[    0.467120] pci_bus 0000:00: resource 19 [mem 0x000f0000-0x000fffff window]
[    0.467121] pci_bus 0000:00: resource 20 [mem 0x7fa00000-0xfeafffff window]
[    0.467122] pci_bus 0000:00: resource 21 [mem 0xfed40000-0xfed44fff window]
[    0.467123] pci_bus 0000:01: resource 1 [mem 0xa0b00000-0xa0bfffff]
[    0.467124] pci_bus 0000:05: resource 0 [io  0x4000-0x6fff]
[    0.467125] pci_bus 0000:05: resource 1 [mem 0xa0d00000-0xacdfffff]
[    0.467126] pci_bus 0000:05: resource 2 [mem 0xace00000-0xb8dfffff 64bit pref]
[    0.467127] pci_bus 0000:06: resource 0 [io  0x4000-0x5fff]
[    0.467128] pci_bus 0000:06: resource 1 [mem 0xa0d00000-0xa8dfffff]
[    0.467129] pci_bus 0000:06: resource 2 [mem 0xace00000-0xb4dfffff 64bit pref]
[    0.467130] pci_bus 0000:07: resource 1 [mem 0xa0d00000-0xa0dfffff]
[    0.467131] pci_bus 0000:08: resource 0 [io  0x4000-0x4fff]
[    0.467132] pci_bus 0000:08: resource 1 [mem 0xa0e00000-0xa4dfffff]
[    0.467133] pci_bus 0000:08: resource 2 [mem 0xace00000-0xb0dfffff 64bit pref]
[    0.467134] pci_bus 0000:3a: resource 0 [io  0x5000-0x5fff]
[    0.467135] pci_bus 0000:3a: resource 1 [mem 0xa4e00000-0xa8dfffff]
[    0.467136] pci_bus 0000:3a: resource 2 [mem 0xb0e00000-0xb4dfffff 64bit pref]
[    0.467137] pci_bus 0000:02: resource 0 [io  0x2000-0x2fff]
[    0.467138] pci_bus 0000:02: resource 1 [mem 0x7fc00000-0x7fdfffff]
[    0.467139] pci_bus 0000:02: resource 2 [mem 0x7fe00000-0x7fffffff 64bit pref]
[    0.467140] pci_bus 0000:03: resource 1 [mem 0xa0400000-0xa08fffff]
[    0.467141] pci_bus 0000:04: resource 1 [mem 0xa0900000-0xa0afffff]
[    0.467142] pci_bus 0000:04: resource 2 [mem 0x80000000-0x8fffffff 64bit pref]
[    0.467237] NET: Registered protocol family 2
[    0.467348] tcp_listen_portaddr_hash hash table entries: 8192 (order: 5, 131072 bytes)
[    0.467390] TCP established hash table entries: 131072 (order: 8, 1048576 bytes)
[    0.467534] TCP bind hash table entries: 65536 (order: 8, 1048576 bytes)
[    0.467651] TCP: Hash tables configured (established 131072 bind 65536)
[    0.467679] UDP hash table entries: 8192 (order: 6, 262144 bytes)
[    0.467714] UDP-Lite hash table entries: 8192 (order: 6, 262144 bytes)
[    0.467780] NET: Registered protocol family 1
[    0.467784] NET: Registered protocol family 44
[    0.467793] pci 0000:00:02.0: Video device with shadowed ROM at [mem 0x000c0000-0x000dffff]
[    0.468015] PCI: CLS 256 bytes, default 64
[    0.468040] Unpacking initramfs...
[    1.592791] Freeing initrd memory: 92836K
[    1.602804] PCI-DMA: Using software bounce buffering for IO (SWIOTLB)
[    1.602807] software IO TLB: mapped [mem 0x5f070000-0x63070000] (64MB)
[    1.605552] Initialise system trusted keyrings
[    1.605564] Key type blacklist registered
[    1.605598] workingset: timestamp_bits=36 max_order=22 bucket_order=0
[    1.606728] zbud: loaded
[    1.737268] alg: No test for 842 (842-generic)
[    1.737850] alg: No test for 842 (842-scomp)
[    1.757829] NET: Registered protocol family 38
[    1.757832] Key type asymmetric registered
[    1.757832] Asymmetric key parser 'x509' registered
[    1.757842] Block layer SCSI generic (bsg) driver version 0.4 loaded (major 243)
[    1.757872] io scheduler mq-deadline registered
[    1.757929] atomic64_test: passed for x86-64 platform with CX8 and with SSE
[    1.758308] pciehp 0000:00:1c.0:pcie004: Slot #0 AttnBtn- PwrCtrl- MRL- AttnInd- PwrInd- HotPlug+ Surprise+ Interlock- NoCompl+ LLActRep+
[    1.758902] pciehp 0000:06:00.0:pcie204: Slot #0 AttnBtn- PwrCtrl- MRL- AttnInd- PwrInd- HotPlug+ Surprise+ Interlock- NoCompl+ LLActRep+
[    1.759093] pciehp 0000:06:03.0:pcie204: Slot #3 AttnBtn- PwrCtrl- MRL- AttnInd- PwrInd- HotPlug+ Surprise+ Interlock- NoCompl+ LLActRep+
[    1.759289] pciehp 0000:06:04.0:pcie204: Slot #4 AttnBtn- PwrCtrl- MRL- AttnInd- PwrInd- HotPlug+ Surprise+ Interlock- NoCompl+ LLActRep+
[    1.759481] pciehp 0000:06:05.0:pcie204: Slot #5 AttnBtn- PwrCtrl- MRL- AttnInd- PwrInd- HotPlug+ Surprise+ Interlock- NoCompl+ LLActRep+
[    1.759648] pciehp 0000:06:06.0:pcie204: Slot #6 AttnBtn- PwrCtrl- MRL- AttnInd- PwrInd- HotPlug+ Surprise+ Interlock- NoCompl+ LLActRep+
[    1.759738] shpchp: Standard Hot Plug PCI Controller Driver version: 0.4
[    1.759756] efifb: probing for efifb
[    1.759773] efifb: No BGRT, not showing boot graphics
[    1.759774] efifb: framebuffer at 0x90000000, using 20700k, total 20700k
[    1.759776] efifb: mode is 2880x1800x32, linelength=11776, pages=1
[    1.759776] efifb: scrolling: redraw
[    1.759777] efifb: Truecolor: size=8:8:8:8, shift=24:16:8:0
[    1.759816] fbcon: Deferring console take-over
[    1.759817] fb0: EFI VGA frame buffer device
[    1.759823] intel_idle: MWAIT substates: 0x42120
[    1.759824] intel_idle: v0.4.1 model 0x46
[    1.760098] intel_idle: lapic_timer_reliable_states 0xffffffff
[    1.760196] ACPI: AC Adapter [ADP1] (on-line)
[    1.760249] input: Lid Switch as /devices/LNXSYSTM:00/LNXSYBUS:00/PNP0C0D:00/input/input0
[    1.760277] ACPI: Lid Switch [LID0]
[    1.760319] input: Power Button as /devices/LNXSYSTM:00/LNXSYBUS:00/PNP0C0C:00/input/input1
[    1.760330] ACPI: Power Button [PWRB]
[    1.760354] input: Sleep Button as /devices/LNXSYSTM:00/LNXSYBUS:00/PNP0C0E:00/input/input2
[    1.760359] ACPI: Sleep Button [SLPB]
[    1.760381] input: Power Button as /devices/LNXSYSTM:00/LNXPWRBN:00/input/input3
[    1.760394] ACPI: Power Button [PWRF]
[    1.761539] Serial: 8250/16550 driver, 32 ports, IRQ sharing enabled
[    1.762976] Non-volatile memory driver v1.3
[    1.762998] Linux agpgart interface v0.103
[    1.763694] ahci 0000:01:00.0: version 3.0
[    1.794357] ahci 0000:01:00.0: AHCI 0001.0300 32 slots 1 ports 6 Gbps 0x1 impl SATA mode
[    1.794361] ahci 0000:01:00.0: flags: 64bit ncq led clo only pio ccc 
[    1.794676] scsi host0: ahci
[    1.794780] ata1: SATA max UDMA/133 abar m8192@0xa0b00000 port 0xa0b00100 irq 33
[    1.794863] libphy: Fixed MDIO Bus: probed
[    1.795020] ehci_hcd: USB 2.0 'Enhanced' Host Controller (EHCI) Driver
[    1.795024] ehci-pci: EHCI PCI platform driver
[    1.795041] ohci_hcd: USB 1.1 'Open' Host Controller (OHCI) Driver
[    1.795043] ohci-pci: OHCI PCI platform driver
[    1.795050] uhci_hcd: USB Universal Host Controller Interface driver
[    1.795235] xhci_hcd 0000:00:14.0: xHCI Host Controller
[    1.795358] xhci_hcd 0000:00:14.0: new USB bus registered, assigned bus number 1
[    1.796437] xhci_hcd 0000:00:14.0: hcc params 0x200077c1 hci version 0x100 quirks 0x0000000000009890
[    1.796442] xhci_hcd 0000:00:14.0: cache line size of 256 is not supported
[    1.796621] usb usb1: New USB device found, idVendor=1d6b, idProduct=0002, bcdDevice= 5.00
[    1.796622] usb usb1: New USB device strings: Mfr=3, Product=2, SerialNumber=1
[    1.796624] usb usb1: Product: xHCI Host Controller
[    1.796625] usb usb1: Manufacturer: Linux 5.0.0-rc6+ xhci-hcd
[    1.796626] usb usb1: SerialNumber: 0000:00:14.0
[    1.796789] hub 1-0:1.0: USB hub found
[    1.796811] hub 1-0:1.0: 14 ports detected
[    1.797144] xhci_hcd 0000:00:14.0: xHCI Host Controller
[    1.797233] xhci_hcd 0000:00:14.0: new USB bus registered, assigned bus number 2
[    1.797237] xhci_hcd 0000:00:14.0: Host supports USB 3.0  SuperSpeed
[    1.797293] usb usb2: New USB device found, idVendor=1d6b, idProduct=0003, bcdDevice= 5.00
[    1.797294] usb usb2: New USB device strings: Mfr=3, Product=2, SerialNumber=1
[    1.797295] usb usb2: Product: xHCI Host Controller
[    1.797296] usb usb2: Manufacturer: Linux 5.0.0-rc6+ xhci-hcd
[    1.797297] usb usb2: SerialNumber: 0000:00:14.0
[    1.797448] hub 2-0:1.0: USB hub found
[    1.797464] hub 2-0:1.0: 6 ports detected
[    1.797499] usb: port power management may be unreliable
[    1.797628] usbcore: registered new interface driver usbserial_generic
[    1.797632] usbserial: USB Serial support registered for generic
[    1.797651] i8042: PNP: No PS/2 controller found.
[    1.797698] mousedev: PS/2 mouse device common for all mice
[    1.797799] rtc_cmos 00:02: RTC can wake from S4
[    1.797944] rtc_cmos 00:02: registered as rtc0
[    1.797945] rtc_cmos 00:02: alarms up to one month, y3k, 242 bytes nvram, hpet irqs
[    1.798005] device-mapper: uevent: version 1.0.3
[    1.798049] device-mapper: ioctl: 4.39.0-ioctl (2018-04-03) initialised: dm-devel@redhat.com
[    1.798111] intel_pstate: Intel P-state driver initializing
[    1.798589] hidraw: raw HID events driver (C) Jiri Kosina
[    1.798672] usbcore: registered new interface driver usbhid
[    1.798673] usbhid: USB HID core driver
[    1.798965] drop_monitor: Initializing network drop monitor service
[    1.799268] Initializing XFRM netlink socket
[    1.799537] NET: Registered protocol family 10
[    1.808856] Segment Routing with IPv6
[    1.808909] mip6: Mobile IPv6
[    1.808913] NET: Registered protocol family 17
[    1.810526] RAS: Correctable Errors collector initialized.
[    1.810583] microcode: sig=0x40661, pf=0x20, revision=0x1a
[    1.810842] microcode: Microcode Update Driver: v2.2.
[    1.810864] AVX2 version of gcm_enc/dec engaged.
[    1.810865] AES CTR mode by8 optimization enabled
[    1.848038] sched_clock: Marking stable (1847749477, 253358)->(1931869569, -83866734)
[    1.848340] registered taskstats version 1
[    1.848353] Loading compiled-in X.509 certificates
[    1.878734] Loaded X.509 cert 'Build time autogenerated kernel key: 307e4e8a55fe74f83f10b61aeadbf24a5fc6325b'
[    1.878778] zswap: loaded using pool lzo/zbud
[    1.884347] Key type big_key registered
[    1.886930] Key type encrypted registered
[    1.886937] ima: No TPM chip found, activating TPM-bypass!
[    1.886944] ima: Allocated hash algorithm: sha1
[    1.886950] No architecture policies found
[    1.887515]   Magic number: 7:874:714
[    1.887651] rtc_cmos 00:02: setting system clock to 2019-02-12T03:42:45 UTC (1549942965)
[    2.121857] usb 1-8: new full-speed USB device number 2 using xhci_hcd
[    2.126613] ata1: SATA link up 6.0 Gbps (SStatus 133 SControl 300)
[    2.128593] ata1.00: unexpected _GTF length (8)
[    2.128733] ata1.00: ATA-8: APPLE SSD SM0256G, BXW1SA0Q, max UDMA/133
[    2.128736] ata1.00: 490234752 sectors, multi 16: LBA48 NCQ (depth 32), AA
[    2.129214] ata1.00: unexpected _GTF length (8)
[    2.129356] ata1.00: configured for UDMA/133
[    2.129680] scsi 0:0:0:0: Direct-Access     ATA      APPLE SSD SM0256 SA0Q PQ: 0 ANSI: 5
[    2.130042] sd 0:0:0:0: Attached scsi generic sg0 type 0
[    2.130380] sd 0:0:0:0: [sda] 490234752 512-byte logical blocks: (251 GB/234 GiB)
[    2.130383] sd 0:0:0:0: [sda] 4096-byte physical blocks
[    2.130408] sd 0:0:0:0: [sda] Write Protect is off
[    2.130412] sd 0:0:0:0: [sda] Mode Sense: 00 3a 00 00
[    2.130456] sd 0:0:0:0: [sda] Write cache: enabled, read cache: enabled, doesn't support DPO or FUA
[    2.132458]  sda: sda1 sda2 sda3 sda4
[    2.133076] sd 0:0:0:0: [sda] Attached SCSI disk
[    2.134062] Freeing unused decrypted memory: 2040K
[    2.134380] Freeing unused kernel image memory: 2152K
[    2.140857] Write protecting the kernel read-only data: 18432k
[    2.141386] Freeing unused kernel image memory: 2020K
[    2.141475] Freeing unused kernel image memory: 68K
[    2.148568] x86/mm: Checked W+X mappings: passed, no W+X pages found.
[    2.148572] rodata_test: all tests were successful
[    2.148573] x86/mm: Checking user space page tables
[    2.155228] x86/mm: Checked W+X mappings: passed, no W+X pages found.
[    2.155230] Run /init as init process
[    2.249826] usb 1-8: New USB device found, idVendor=05ac, idProduct=8290, bcdDevice= 1.61
[    2.249828] usb 1-8: New USB device strings: Mfr=1, Product=2, SerialNumber=0
[    2.249829] usb 1-8: Product: Bluetooth USB Host Controller
[    2.249830] usb 1-8: Manufacturer: Broadcom Corp.
[    2.251780] systemd[1]: systemd 239 running in system mode. (+PAM +AUDIT +SELINUX +IMA -APPARMOR +SMACK +SYSVINIT +UTMP +LIBCRYPTSETUP +GCRYPT +GNUTLS +ACL +XZ +LZ4 +SECCOMP +BLKID +ELFUTILS +KMOD +IDN2 -IDN +PCRE2 default-hierarchy=hybrid)
[    2.253207] input: Broadcom Corp. Bluetooth USB Host Controller as /devices/pci0000:00/0000:00:14.0/usb1/1-8/1-8:1.0/0003:05AC:8290.0001/input/input4
[    2.263934] systemd[1]: Detected architecture x86-64.
[    2.263937] systemd[1]: Running in initial RAM disk.
[    2.266286] systemd[1]: Set hostname to <im-mac>.
[    2.305989] hid-generic 0003:05AC:8290.0001: input,hidraw0: USB HID v1.11 Keyboard [Broadcom Corp. Bluetooth USB Host Controller] on usb-0000:00:14.0-8/input0
[    2.306587] input: Broadcom Corp. Bluetooth USB Host Controller as /devices/pci0000:00/0000:00:14.0/usb1/1-8/1-8:1.1/0003:05AC:8290.0002/input/input5
[    2.306704] hid-generic 0003:05AC:8290.0002: input,hidraw1: USB HID v1.11 Mouse [Broadcom Corp. Bluetooth USB Host Controller] on usb-0000:00:14.0-8/input1
[    2.315702] systemd[1]: Reached target Slices.
[    2.315841] systemd[1]: Listening on Journal Socket (/dev/log).
[    2.315923] systemd[1]: Listening on Journal Socket.
[    2.317513] systemd[1]: Starting Setup Virtual Console...
[    2.317530] systemd[1]: Reached target Swap.
[    2.317728] systemd[1]: Created slice system-systemd\x2dhibernate\x2dresume.slice.
[    2.362965] usb 2-4: new SuperSpeed Gen 1 USB device number 2 using xhci_hcd
[    2.364839] audit: type=1130 audit(1549942965.977:2): pid=1 uid=0 auid=4294967295 ses=4294967295 subj=kernel msg='unit=systemd-journald comm="systemd" exe="/usr/lib/systemd/systemd" hostname=? addr=? terminal=? res=success'
[    2.367850] audit: type=1130 audit(1549942965.980:3): pid=1 uid=0 auid=4294967295 ses=4294967295 subj=kernel msg='unit=systemd-vconsole-setup comm="systemd" exe="/usr/lib/systemd/systemd" hostname=? addr=? terminal=? res=success'
[    2.367853] audit: type=1131 audit(1549942965.980:4): pid=1 uid=0 auid=4294967295 ses=4294967295 subj=kernel msg='unit=systemd-vconsole-setup comm="systemd" exe="/usr/lib/systemd/systemd" hostname=? addr=? terminal=? res=success'
[    2.377174] usb 2-4: New USB device found, idVendor=05ac, idProduct=8406, bcdDevice= 8.20
[    2.377176] usb 2-4: New USB device strings: Mfr=3, Product=4, SerialNumber=5
[    2.377177] usb 2-4: Product: Card Reader
[    2.377178] usb 2-4: Manufacturer: Apple
[    2.377180] usb 2-4: SerialNumber: 000000000820
[    2.489802] usb 1-12: new full-speed USB device number 3 using xhci_hcd
[    2.534438] audit: type=1130 audit(1549942966.146:5): pid=1 uid=0 auid=4294967295 ses=4294967295 subj=kernel msg='unit=dracut-cmdline comm="systemd" exe="/usr/lib/systemd/systemd" hostname=? addr=? terminal=? res=success'
[    2.562728] audit: type=1130 audit(1549942966.174:6): pid=1 uid=0 auid=4294967295 ses=4294967295 subj=kernel msg='unit=dracut-pre-udev comm="systemd" exe="/usr/lib/systemd/systemd" hostname=? addr=? terminal=? res=success'
[    2.581538] audit: type=1130 audit(1549942966.193:7): pid=1 uid=0 auid=4294967295 ses=4294967295 subj=kernel msg='unit=systemd-udevd comm="systemd" exe="/usr/lib/systemd/systemd" hostname=? addr=? terminal=? res=success'
[    2.600213] usb-storage 2-4:1.0: USB Mass Storage device detected
[    2.600447] scsi host1: usb-storage 2-4:1.0
[    2.600534] usbcore: registered new interface driver usb-storage
[    2.606100] usbcore: registered new interface driver uas
[    2.617527] usb 1-12: New USB device found, idVendor=05ac, idProduct=0274, bcdDevice= 6.24
[    2.617529] usb 1-12: New USB device strings: Mfr=1, Product=2, SerialNumber=3
[    2.617530] usb 1-12: Product: Apple Internal Keyboard / Trackpad
[    2.617531] usb 1-12: Manufacturer: Apple Inc.
[    2.617532] usb 1-12: SerialNumber: D3H61830CG1FTV4A16PF
[    2.623784] tsc: Refined TSC clocksource calibration: 2194.917 MHz
[    2.623790] clocksource: tsc: mask: 0xffffffffffffffff max_cycles: 0x1fa37107ca2, max_idle_ns: 440795258165 ns
[    2.623804] clocksource: Switched to clocksource tsc
[    2.627650] apple 0003:05AC:0274.0003: hiddev96,hidraw2: USB HID v1.10 Device [Apple Inc. Apple Internal Keyboard / Trackpad] on usb-0000:00:14.0-12/input0
[    2.627882] input: Apple Inc. Apple Internal Keyboard / Trackpad as /devices/pci0000:00/0000:00:14.0/usb1/1-12/1-12:1.1/0003:05AC:0274.0004/input/input6
[    2.644123] audit: type=1130 audit(1549942966.255:8): pid=1 uid=0 auid=4294967295 ses=4294967295 subj=kernel msg='unit=systemd-udev-trigger comm="systemd" exe="/usr/lib/systemd/systemd" hostname=? addr=? terminal=? res=success'
[    2.661723] audit: type=1130 audit(1549942966.272:9): pid=1 uid=0 auid=4294967295 ses=4294967295 subj=kernel msg='unit=plymouth-start comm="systemd" exe="/usr/lib/systemd/systemd" hostname=? addr=? terminal=? res=success'
[    2.679990] apple 0003:05AC:0274.0004: input,hiddev97,hidraw3: USB HID v1.10 Keyboard [Apple Inc. Apple Internal Keyboard / Trackpad] on usb-0000:00:14.0-12/input1
[    2.680128] apple 0003:05AC:0274.0005: hiddev98,hidraw4: USB HID v1.10 Device [Apple Inc. Apple Internal Keyboard / Trackpad] on usb-0000:00:14.0-12/input3
[    2.680233] apple 0003:05AC:0274.0006: hiddev99,hidraw5: USB HID v1.10 Device [Apple Inc. Apple Internal Keyboard / Trackpad] on usb-0000:00:14.0-12/input4
[    2.821228] audit: type=1130 audit(1549942966.432:10): pid=1 uid=0 auid=4294967295 ses=4294967295 subj=kernel msg='unit=systemd-ask-password-plymouth comm="systemd" exe="/usr/lib/systemd/systemd" hostname=? addr=? terminal=? res=success'
[    2.925511] VFIO - User Level meta-driver version: 0.3
[    3.506252] [drm] Found 128MB of eDRAM
[    3.506402] checking generic (90000000 1437000) vs hw (90000000 10000000)
[    3.506403] fb0: switching to inteldrmfb from EFI VGA
[    3.506500] [drm] Replacing VGA console driver
[    3.506880] [drm] Supports vblank timestamp caching Rev 2 (21.10.2013).
[    3.506881] [drm] Driver supports precise vblank timestamp query.
[    3.506915] i915 0000:00:02.0: vgaarb: changed VGA decodes: olddecodes=io+mem,decodes=io+mem:owns=io+mem
[    3.529709] [drm] Initialized i915 1.6.0 20181204 for 0000:00:02.0 on minor 0
[    3.530594] ACPI: Video Device [IGPU] (multi-head: yes  rom: no  post: no)
[    3.531233] acpi device:57: registered as cooling_device8
[    3.531307] input: Video Bus as /devices/LNXSYSTM:00/LNXSYBUS:00/PNP0A08:00/LNXVIDEO:00/input/input7
[    3.537628] fbcon: inteldrmfb (fb0) is primary device
[    3.537630] fbcon: Deferring console take-over
[    3.537633] i915 0000:00:02.0: fb0: inteldrmfb frame buffer device
[    3.650085] scsi 1:0:0:0: Direct-Access     APPLE    SD Card Reader   3.00 PQ: 0 ANSI: 6
[    3.650451] sd 1:0:0:0: Attached scsi generic sg1 type 0
[    3.652147] sd 1:0:0:0: [sdb] Attached SCSI removable disk
[   10.880733] device-mapper: crypt: xts(aes) using implementation "xts-aes-aesni"
[   10.934168] kauditd_printk_skb: 2 callbacks suppressed
[   10.934169] audit: type=1130 audit(1549942974.545:13): pid=1 uid=0 auid=4294967295 ses=4294967295 subj=kernel msg='unit=systemd-cryptsetup@luks\x2ddd1fa933\x2def9f\x2d402b\x2da2e4\x2d7c9d6fb7ce0d comm="systemd" exe="/usr/lib/systemd/systemd" hostname=? addr=? terminal=? res=success'
[   11.164123] PM: Image not found (code -22)
[   11.164859] audit: type=1130 audit(1549942974.776:14): pid=1 uid=0 auid=4294967295 ses=4294967295 subj=kernel msg='unit=systemd-hibernate-resume@dev-mapper-im\x2d\x2dmac\x2dswap comm="systemd" exe="/usr/lib/systemd/systemd" hostname=? addr=? terminal=? res=success'
[   11.164861] audit: type=1131 audit(1549942974.776:15): pid=1 uid=0 auid=4294967295 ses=4294967295 subj=kernel msg='unit=systemd-hibernate-resume@dev-mapper-im\x2d\x2dmac\x2dswap comm="systemd" exe="/usr/lib/systemd/systemd" hostname=? addr=? terminal=? res=success'
[   11.172656] audit: type=1130 audit(1549942974.783:16): pid=1 uid=0 auid=4294967295 ses=4294967295 subj=kernel msg='unit=systemd-tmpfiles-setup comm="systemd" exe="/usr/lib/systemd/systemd" hostname=? addr=? terminal=? res=success'
[   11.190179] audit: type=1130 audit(1549942974.801:17): pid=1 uid=0 auid=4294967295 ses=4294967295 subj=kernel msg='unit=dracut-initqueue comm="systemd" exe="/usr/lib/systemd/systemd" hostname=? addr=? terminal=? res=success'
[   11.206205] audit: type=1130 audit(1549942974.817:18): pid=1 uid=0 auid=4294967295 ses=4294967295 subj=kernel msg='unit=systemd-fsck-root comm="systemd" exe="/usr/lib/systemd/systemd" hostname=? addr=? terminal=? res=success'
[   11.517267] SGI XFS with ACLs, security attributes, scrub, no debug enabled
[   11.520271] XFS (dm-1): Mounting V5 Filesystem
[   11.538055] XFS (dm-1): Ending clean mount
[   11.645620] audit: type=1130 audit(1549942975.256:19): pid=1 uid=0 auid=4294967295 ses=4294967295 subj=kernel msg='unit=initrd-parse-etc comm="systemd" exe="/usr/lib/systemd/systemd" hostname=? addr=? terminal=? res=success'
[   11.645626] audit: type=1131 audit(1549942975.256:20): pid=1 uid=0 auid=4294967295 ses=4294967295 subj=kernel msg='unit=initrd-parse-etc comm="systemd" exe="/usr/lib/systemd/systemd" hostname=? addr=? terminal=? res=success'
[   11.788445] audit: type=1130 audit(1549942975.399:21): pid=1 uid=0 auid=4294967295 ses=4294967295 subj=kernel msg='unit=dracut-pre-pivot comm="systemd" exe="/usr/lib/systemd/systemd" hostname=? addr=? terminal=? res=success'
[   11.799339] audit: type=1131 audit(1549942975.410:22): pid=1 uid=0 auid=4294967295 ses=4294967295 subj=kernel msg='unit=dracut-pre-pivot comm="systemd" exe="/usr/lib/systemd/systemd" hostname=? addr=? terminal=? res=success'
[   11.886103] systemd-journald[311]: Received SIGTERM from PID 1 (systemd).
[   11.916033] printk: systemd: 14 output lines suppressed due to ratelimiting
[   12.365319] SELinux:  Class xdp_socket not defined in policy.
[   12.365320] SELinux: the above unknown classes and permissions will be allowed
[   12.365323] SELinux:  policy capability network_peer_controls=1
[   12.365324] SELinux:  policy capability open_perms=1
[   12.365324] SELinux:  policy capability extended_socket_class=1
[   12.365324] SELinux:  policy capability always_check_network=0
[   12.365325] SELinux:  policy capability cgroup_seclabel=1
[   12.365325] SELinux:  policy capability nnp_nosuid_transition=1
[   12.386260] systemd[1]: Successfully loaded SELinux policy in 394.110ms.
[   12.423651] systemd[1]: Relabelled /dev, /run and /sys/fs/cgroup in 24.361ms.
[   12.425668] systemd[1]: systemd 239 running in system mode. (+PAM +AUDIT +SELINUX +IMA -APPARMOR +SMACK +SYSVINIT +UTMP +LIBCRYPTSETUP +GCRYPT +GNUTLS +ACL +XZ +LZ4 +SECCOMP +BLKID +ELFUTILS +KMOD +IDN2 -IDN +PCRE2 default-hierarchy=hybrid)
[   12.437956] systemd[1]: Detected architecture x86-64.
[   12.439456] systemd[1]: Set hostname to <im-mac>.
[   12.464733] systemd-sysv-generator[894]: stat() failed on /etc/rc.d/init.d/jexec, ignoring: No such file or directory
[   12.645821] systemd[1]: Stopped Switch Root.
[   12.646020] systemd[1]: systemd-journald.service: Service has no hold-off time (RestartSec=0), scheduling restart.
[   12.646078] systemd[1]: systemd-journald.service: Scheduled restart job, restart counter is at 1.
[   12.646098] systemd[1]: Stopped Journal Service.
[   12.647039] systemd[1]: Starting Journal Service...
[   12.647715] systemd[1]: Activating swap /dev/mapper/im--mac-swap...
[   12.647745] systemd[1]: Reached target User and Group Name Lookups.
[   12.653984] Adding 4194300k swap on /dev/mapper/im--mac-swap.  Priority:-2 extents:1 across:4194300k SSFS
[   12.695982] systemd-journald[900]: Received request to flush runtime journal from PID 1
[   12.848028] smbus_hc ACPI0001:00: SBS HC: offset = 0x20, query_bit = 0x10
[   12.855852] apple_gmux: gmux device not present
[   12.939196] ACPI Warning: SystemIO range 0x0000000000000840-0x000000000000084F conflicts with OpRegion 0x0000000000000800-0x0000000000000863 (\GPIO) (20181213/utaddress-213)
[   12.939202] ACPI: If an ACPI driver is available for this device, you should use it instead of the native driver
[   12.939203] ACPI Warning: SystemIO range 0x0000000000000830-0x000000000000083F conflicts with OpRegion 0x0000000000000800-0x0000000000000863 (\GPIO) (20181213/utaddress-213)
[   12.939206] ACPI: If an ACPI driver is available for this device, you should use it instead of the native driver
[   12.939207] ACPI Warning: SystemIO range 0x0000000000000800-0x000000000000082F conflicts with OpRegion 0x0000000000000810-0x0000000000000813 (\_PR.IO_D) (20181213/utaddress-213)
[   12.939210] ACPI Warning: SystemIO range 0x0000000000000800-0x000000000000082F conflicts with OpRegion 0x0000000000000800-0x0000000000000863 (\GPIO) (20181213/utaddress-213)
[   12.939213] ACPI Warning: SystemIO range 0x0000000000000800-0x000000000000082F conflicts with OpRegion 0x0000000000000810-0x0000000000000813 (\IO_D) (20181213/utaddress-213)
[   12.939215] ACPI Warning: SystemIO range 0x0000000000000800-0x000000000000082F conflicts with OpRegion 0x0000000000000800-0x000000000000080F (\IO_T) (20181213/utaddress-213)
[   12.939218] ACPI: If an ACPI driver is available for this device, you should use it instead of the native driver
[   12.939219] lpc_ich: Resource conflict(s) found affecting gpio_ich
[   12.955612] thunderbolt 0000:07:00.0: 0:1: is unplugged (state: 7)
[   12.955738] thunderbolt 0000:07:00.0: 0:3: is unplugged (state: 7)
[   12.963141] input: bcm5974 as /devices/pci0000:00/0000:00:14.0/usb1/1-12/1-12:1.2/input/input8
[   12.963255] usbcore: registered new interface driver bcm5974
[   12.976338] i801_smbus 0000:00:1f.3: SPD Write Disable is set
[   12.976373] i801_smbus 0000:00:1f.3: SMBus using PCI interrupt
[   13.010993] ACPI: Smart Battery System [SBS0]: Battery Slot [BAT0] (battery present)
[   13.048166] RAPL PMU: API unit is 2^-32 Joules, 4 fixed counters, 655360 ms ovfl timer
[   13.048167] RAPL PMU: hw unit of domain pp0-core 2^-14 Joules
[   13.048168] RAPL PMU: hw unit of domain package 2^-14 Joules
[   13.048169] RAPL PMU: hw unit of domain dram 2^-14 Joules
[   13.048170] RAPL PMU: hw unit of domain pp1-gpu 2^-14 Joules
[   13.131610] applesmc: key=719 fan=2 temp=48 index=43 acc=0 lux=2 kbd=1
[   13.132645] applesmc applesmc.768: hwmon_device_register() is deprecated. Please convert the driver to use hwmon_device_register_with_info().
[   13.165316] iTCO_vendor_support: vendor-support=0
[   13.174019] iTCO_wdt: Intel TCO WatchDog Timer Driver v1.11
[   13.174075] iTCO_wdt: unable to reset NO_REBOOT flag, device disabled by hardware/BIOS
[   13.186520] snd_hda_intel 0000:00:03.0: Linked as a consumer to 0000:00:02.0
[   13.186555] snd_hda_intel 0000:00:03.0: bound 0000:00:02.0 (ops i915_audio_component_bind_ops [i915])
[   13.216833] cfg80211: Loading compiled-in X.509 certificates for regulatory database
[   13.217746] cfg80211: Loaded X.509 cert 'sforshee: 00b28ddf47aef9cea7'
[   13.225388] input: HDA Intel HDMI HDMI/DP,pcm=3 as /devices/pci0000:00/0000:00:03.0/sound/card0/input9
[   13.225492] input: HDA Intel HDMI HDMI/DP,pcm=7 as /devices/pci0000:00/0000:00:03.0/sound/card0/input10
[   13.225584] input: HDA Intel HDMI HDMI/DP,pcm=8 as /devices/pci0000:00/0000:00:03.0/sound/card0/input11
[   13.225641] input: HDA Intel HDMI HDMI/DP,pcm=9 as /devices/pci0000:00/0000:00:03.0/sound/card0/input12
[   13.225695] input: HDA Intel HDMI HDMI/DP,pcm=10 as /devices/pci0000:00/0000:00:03.0/sound/card0/input13
[   13.226132] snd_hda_codec_cirrus hdaudioC1D0: autoconfig for CS4208: line_outs=2 (0x12/0x13/0x0/0x0/0x0) type:speaker
[   13.226134] snd_hda_codec_cirrus hdaudioC1D0:    speaker_outs=0 (0x0/0x0/0x0/0x0/0x0)
[   13.226136] snd_hda_codec_cirrus hdaudioC1D0:    hp_outs=1 (0x10/0x0/0x0/0x0/0x0)
[   13.226137] snd_hda_codec_cirrus hdaudioC1D0:    mono: mono_out=0x0
[   13.226139] snd_hda_codec_cirrus hdaudioC1D0:    dig-out=0x21/0x0
[   13.226140] snd_hda_codec_cirrus hdaudioC1D0:    inputs:
[   13.226141] snd_hda_codec_cirrus hdaudioC1D0:      Internal Mic=0x1c
[   13.226143] snd_hda_codec_cirrus hdaudioC1D0:      Mic=0x18
[   13.251775] Bluetooth: Core ver 2.22
[   13.251796] NET: Registered protocol family 31
[   13.251797] Bluetooth: HCI device and connection manager initialized
[   13.251800] Bluetooth: HCI socket layer initialized
[   13.251802] Bluetooth: L2CAP socket layer initialized
[   13.251806] Bluetooth: SCO socket layer initialized
[   13.260286] input: HDA Intel PCH Mic as /devices/pci0000:00/0000:00:1b.0/sound/card1/input14
[   13.260345] input: HDA Intel PCH Headphone as /devices/pci0000:00/0000:00:1b.0/sound/card1/input15
[   13.260397] input: HDA Intel PCH SPDIF as /devices/pci0000:00/0000:00:1b.0/sound/card1/input16
[   13.344823] usbcore: registered new interface driver btusb
[   13.413662] usbcore: registered new interface driver brcmfmac
[   13.432063] intel_rapl: Found RAPL domain package
[   13.432064] intel_rapl: Found RAPL domain core
[   13.432065] intel_rapl: Found RAPL domain uncore
[   13.432066] intel_rapl: Found RAPL domain dram
[   13.457050] Bluetooth: hci0: BCM: chip id 102 build 0715
[   13.458051] Bluetooth: hci0: BCM: product 05ac:8290
[   13.459035] Bluetooth: hci0: BCM: features 0x2f
[   13.474309] XFS (dm-3): Mounting V5 Filesystem
[   13.474336] XFS (dm-4): Mounting V5 Filesystem
[   13.475032] Bluetooth: hci0: im-mac
[   13.475675] XFS (sda3): Mounting V5 Filesystem
[   13.490633] XFS (dm-4): Ending clean mount
[   13.492107] XFS (dm-3): Ending clean mount
[   13.493251] XFS (sda3): Ending clean mount
[   13.551263] brcmfmac: brcmf_fw_alloc_request: using brcm/brcmfmac43602-pcie for chip BCM43602/1
[   13.553692] brcmfmac 0000:03:00.0: Direct firmware load for brcm/brcmfmac43602-pcie.Apple Inc.-MacBookPro11,4.txt failed with error -2
[   13.553702] brcmfmac 0000:03:00.0: Direct firmware load for brcm/brcmfmac43602-pcie.txt failed with error -2
[   13.887922] Bluetooth: BNEP (Ethernet Emulation) ver 1.3
[   13.887923] Bluetooth: BNEP filters: protocol multicast
[   13.887927] Bluetooth: BNEP socket layer initialized
[   14.065393] brcmfmac: brcmf_fw_alloc_request: using brcm/brcmfmac43602-pcie for chip BCM43602/1
[   14.065544] brcmfmac 0000:03:00.0: Direct firmware load for brcm/brcmfmac43602-pcie.clm_blob failed with error -2
[   14.065545] brcmfmac: brcmf_c_process_clm_blob: no clm_blob available (err=-2), device may have limited channels available
[   14.066258] brcmfmac: brcmf_c_preinit_dcmds: Firmware: BCM43602/1 wl0: Nov 10 2015 06:38:10 version 7.35.177.61 (r598657) FWID 01-ea662a8c
[   14.117727] brcmfmac 0000:03:00.0 wlp3s0: renamed from wlan0
[   15.277368] L1TF CPU bug present and SMT on, data leak possible. See CVE-2018-3646 and https://www.kernel.org/doc/html/latest/admin-guide/l1tf.html for details.
[   16.055740] tun: Universal TUN/TAP device driver, 1.6
[   16.057532] virbr0: port 1(virbr0-nic) entered blocking state
[   16.057534] virbr0: port 1(virbr0-nic) entered disabled state
[   16.057589] device virbr0-nic entered promiscuous mode
[   16.149499] virbr0: port 1(virbr0-nic) entered blocking state
[   16.149501] virbr0: port 1(virbr0-nic) entered listening state
[   16.202298] virbr0: port 1(virbr0-nic) entered disabled state
[   22.132845] Bluetooth: RFCOMM TTY layer initialized
[   22.132852] Bluetooth: RFCOMM socket layer initialized
[   22.132919] Bluetooth: RFCOMM ver 1.11
[   22.335380] fuse init (API version 7.28)
[   23.495198] rfkill: input handler disabled
[   23.520239] IPv6: ADDRCONF(NETDEV_CHANGE): wlp3s0: link becomes ready
[   29.325278] brcmfmac: brcmf_inetaddr_changed: fail to get arp ip table err:-52
[   72.502129] xhci_hcd 0000:00:14.0: ep 0x82 - asked for 65 bytes, 55 bytes untransferred
[   73.187623] xhci_hcd 0000:00:14.0: ep 0x81 - asked for 96 bytes, 78 bytes untransferred
[   73.187630] xhci_hcd 0000:00:14.0: Giveback URB 00000000391edf44, len = 18, expected = 96, status = 0
[   73.187709] xhci_hcd 0000:00:14.0: Stalled endpoint for slot 1 ep 2
[   73.187719] xhci_hcd 0000:00:14.0: Cleaning up stalled endpoint ring
[   73.187721] xhci_hcd 0000:00:14.0: Finding endpoint context
[   73.187724] xhci_hcd 0000:00:14.0: Cycle state = 0x1
[   73.187727] xhci_hcd 0000:00:14.0: New dequeue segment = 00000000fc3ba8f2 (virtual)
[   73.187729] xhci_hcd 0000:00:14.0: New dequeue pointer = 0x45a14b2c0 (DMA)
[   73.187731] xhci_hcd 0000:00:14.0: Queueing new dequeue state
[   73.187735] xhci_hcd 0000:00:14.0: Set TR Deq Ptr cmd, new deq seg = 00000000fc3ba8f2 (0x45a14b000 dma), new deq ptr = 0000000013c5fc57 (0x45a14b2c0 dma), new cycle = 1
[   73.187737] xhci_hcd 0000:00:14.0: // Ding dong!
[   73.187746] xhci_hcd 0000:00:14.0: Giveback URB 00000000c82b3674, len = 0, expected = 13, status = -32
[   73.187753] xhci_hcd 0000:00:14.0: Ignoring reset ep completion code of 1
[   73.187756] xhci_hcd 0000:00:14.0: Successful Set TR Deq Ptr cmd, deq = @45a14b2c0
[   73.222124] xhci_hcd 0000:00:14.0: ep 0x82 - asked for 65 bytes, 55 bytes untransferred
[   73.374162] xhci_hcd 0000:00:14.0: ep 0x82 - asked for 65 bytes, 55 bytes untransferred
[   73.462119] xhci_hcd 0000:00:14.0: ep 0x82 - asked for 65 bytes, 55 bytes untransferred
[   74.342172] xhci_hcd 0000:00:14.0: ep 0x82 - asked for 65 bytes, 55 bytes untransferred
[   74.534181] xhci_hcd 0000:00:14.0: ep 0x82 - asked for 65 bytes, 55 bytes untransferred
[   75.046173] xhci_hcd 0000:00:14.0: ep 0x82 - asked for 65 bytes, 55 bytes untransferred
[   75.126118] xhci_hcd 0000:00:14.0: ep 0x82 - asked for 65 bytes, 55 bytes untransferred
[   75.235655] xhci_hcd 0000:00:14.0: ep 0x81 - asked for 96 bytes, 78 bytes untransferred
[   75.235662] xhci_hcd 0000:00:14.0: Giveback URB 00000000391edf44, len = 18, expected = 96, status = 0
[   75.235707] xhci_hcd 0000:00:14.0: Stalled endpoint for slot 1 ep 2
[   75.235714] xhci_hcd 0000:00:14.0: Cleaning up stalled endpoint ring
[   75.235717] xhci_hcd 0000:00:14.0: Finding endpoint context
[   75.235720] xhci_hcd 0000:00:14.0: Cycle state = 0x1
[   75.235723] xhci_hcd 0000:00:14.0: New dequeue segment = 00000000fc3ba8f2 (virtual)
[   75.235726] xhci_hcd 0000:00:14.0: New dequeue pointer = 0x45a14b300 (DMA)
[   75.235728] xhci_hcd 0000:00:14.0: Queueing new dequeue state
[   75.235733] xhci_hcd 0000:00:14.0: Set TR Deq Ptr cmd, new deq seg = 00000000fc3ba8f2 (0x45a14b000 dma), new deq ptr = 00000000ed0c6427 (0x45a14b300 dma), new cycle = 1
[   75.235737] xhci_hcd 0000:00:14.0: // Ding dong!
[   75.235747] xhci_hcd 0000:00:14.0: Giveback URB 00000000c82b3674, len = 0, expected = 13, status = -32
[   75.235754] xhci_hcd 0000:00:14.0: Ignoring reset ep completion code of 1
[   75.235758] xhci_hcd 0000:00:14.0: Successful Set TR Deq Ptr cmd, deq = @45a14b300
[   75.238075] xhci_hcd 0000:00:14.0: ep 0x82 - asked for 65 bytes, 55 bytes untransferred
[   77.283811] xhci_hcd 0000:00:14.0: ep 0x81 - asked for 96 bytes, 78 bytes untransferred
[   77.283823] xhci_hcd 0000:00:14.0: Giveback URB 00000000391edf44, len = 18, expected = 96, status = 0
[   77.283903] xhci_hcd 0000:00:14.0: Stalled endpoint for slot 1 ep 2
[   77.283917] xhci_hcd 0000:00:14.0: Cleaning up stalled endpoint ring
[   77.283923] xhci_hcd 0000:00:14.0: Finding endpoint context
[   77.283930] xhci_hcd 0000:00:14.0: Cycle state = 0x1
[   77.283936] xhci_hcd 0000:00:14.0: New dequeue segment = 00000000fc3ba8f2 (virtual)
[   77.283942] xhci_hcd 0000:00:14.0: New dequeue pointer = 0x45a14b340 (DMA)
[   77.283952] xhci_hcd 0000:00:14.0: Queueing new dequeue state
[   77.283963] xhci_hcd 0000:00:14.0: Set TR Deq Ptr cmd, new deq seg = 00000000fc3ba8f2 (0x45a14b000 dma), new deq ptr = 00000000b11b58b4 (0x45a14b340 dma), new cycle = 1
[   77.283970] xhci_hcd 0000:00:14.0: // Ding dong!
[   77.283985] xhci_hcd 0000:00:14.0: Giveback URB 00000000c82b3674, len = 0, expected = 13, status = -32
[   77.283997] xhci_hcd 0000:00:14.0: Ignoring reset ep completion code of 1
[   77.284008] xhci_hcd 0000:00:14.0: Successful Set TR Deq Ptr cmd, deq = @45a14b340
[   77.806185] xhci_hcd 0000:00:14.0: ep 0x82 - asked for 65 bytes, 55 bytes untransferred
[   77.894181] xhci_hcd 0000:00:14.0: ep 0x82 - asked for 65 bytes, 55 bytes untransferred
[   77.974169] xhci_hcd 0000:00:14.0: ep 0x82 - asked for 65 bytes, 55 bytes untransferred
[   78.054117] xhci_hcd 0000:00:14.0: ep 0x82 - asked for 65 bytes, 55 bytes untransferred
[   79.102183] xhci_hcd 0000:00:14.0: ep 0x82 - asked for 65 bytes, 55 bytes untransferred
[   79.326177] xhci_hcd 0000:00:14.0: ep 0x82 - asked for 65 bytes, 55 bytes untransferred
[   79.331647] xhci_hcd 0000:00:14.0: ep 0x81 - asked for 96 bytes, 78 bytes untransferred
[   79.331659] xhci_hcd 0000:00:14.0: Giveback URB 00000000391edf44, len = 18, expected = 96, status = 0
[   79.331729] xhci_hcd 0000:00:14.0: Stalled endpoint for slot 1 ep 2
[   79.331742] xhci_hcd 0000:00:14.0: Cleaning up stalled endpoint ring
[   79.331747] xhci_hcd 0000:00:14.0: Finding endpoint context
[   79.331753] xhci_hcd 0000:00:14.0: Cycle state = 0x1
[   79.331763] xhci_hcd 0000:00:14.0: New dequeue segment = 00000000fc3ba8f2 (virtual)
[   79.331769] xhci_hcd 0000:00:14.0: New dequeue pointer = 0x45a14b380 (DMA)
[   79.331775] xhci_hcd 0000:00:14.0: Queueing new dequeue state
[   79.331783] xhci_hcd 0000:00:14.0: Set TR Deq Ptr cmd, new deq seg = 00000000fc3ba8f2 (0x45a14b000 dma), new deq ptr = 000000002c5d9f9d (0x45a14b380 dma), new cycle = 1
[   79.331794] xhci_hcd 0000:00:14.0: // Ding dong!
[   79.331808] xhci_hcd 0000:00:14.0: Giveback URB 00000000c82b3674, len = 0, expected = 13, status = -32
[   79.331820] xhci_hcd 0000:00:14.0: Ignoring reset ep completion code of 1
[   79.331828] xhci_hcd 0000:00:14.0: Successful Set TR Deq Ptr cmd, deq = @45a14b380
[   79.414093] xhci_hcd 0000:00:14.0: ep 0x82 - asked for 65 bytes, 55 bytes untransferred
[   79.438169] xhci_hcd 0000:00:14.0: ep 0x82 - asked for 65 bytes, 55 bytes untransferred
[   81.198949] xhci_hcd 0000:00:14.0: Cancel URB 000000003cacb162, dev 12, ep 0x83, starting at offset 0x4584072b0
[   81.198954] xhci_hcd 0000:00:14.0: // Ding dong!
[   81.198968] xhci_hcd 0000:00:14.0: Stopped on Transfer TRB for slot 3 ep 6
[   81.198974] xhci_hcd 0000:00:14.0: Removing canceled TD starting at 0x4584072b0 (dma).
[   81.198976] xhci_hcd 0000:00:14.0: Finding endpoint context
[   81.198978] xhci_hcd 0000:00:14.0: Cycle state = 0x0
[   81.198990] xhci_hcd 0000:00:14.0: New dequeue segment = 00000000c84ce49a (virtual)
[   81.198992] xhci_hcd 0000:00:14.0: New dequeue pointer = 0x4584072c0 (DMA)
[   81.198995] xhci_hcd 0000:00:14.0: Set TR Deq Ptr cmd, new deq seg = 00000000c84ce49a (0x458407000 dma), new deq ptr = 00000000158e9798 (0x4584072c0 dma), new cycle = 0
[   81.198997] xhci_hcd 0000:00:14.0: // Ding dong!
[   81.199011] xhci_hcd 0000:00:14.0: Successful Set TR Deq Ptr cmd, deq = @4584072c0
[   81.227632] brcmfmac: brcmf_inetaddr_changed: fail to get arp ip table err:-52
[   81.379851] xhci_hcd 0000:00:14.0: ep 0x81 - asked for 96 bytes, 78 bytes untransferred
[   81.379857] xhci_hcd 0000:00:14.0: Giveback URB 0000000019cbb683, len = 18, expected = 96, status = 0
[   81.379906] xhci_hcd 0000:00:14.0: Stalled endpoint for slot 1 ep 2
[   81.379912] xhci_hcd 0000:00:14.0: Cleaning up stalled endpoint ring
[   81.379914] xhci_hcd 0000:00:14.0: Finding endpoint context
[   81.379917] xhci_hcd 0000:00:14.0: Cycle state = 0x1
[   81.379919] xhci_hcd 0000:00:14.0: New dequeue segment = 00000000fc3ba8f2 (virtual)
[   81.379921] xhci_hcd 0000:00:14.0: New dequeue pointer = 0x45a14b3c0 (DMA)
[   81.379923] xhci_hcd 0000:00:14.0: Queueing new dequeue state
[   81.379927] xhci_hcd 0000:00:14.0: Set TR Deq Ptr cmd, new deq seg = 00000000fc3ba8f2 (0x45a14b000 dma), new deq ptr = 000000004023798a (0x45a14b3c0 dma), new cycle = 1
[   81.379930] xhci_hcd 0000:00:14.0: // Ding dong!
[   81.379939] xhci_hcd 0000:00:14.0: Giveback URB 00000000c82b3674, len = 0, expected = 13, status = -32
[   81.379944] xhci_hcd 0000:00:14.0: Ignoring reset ep completion code of 1
[   81.379947] xhci_hcd 0000:00:14.0: Successful Set TR Deq Ptr cmd, deq = @45a14b3c0
[   82.946398] PM: suspend entry (deep)
[   82.946402] PM: Syncing filesystems ... done.
[   82.980669] Freezing user space processes ... (elapsed 0.301 seconds) done.
[   83.282077] OOM killer disabled.
[   83.282079] Freezing remaining freezable tasks ... (elapsed 0.001 seconds) done.
[   83.283295] printk: Suspending console(s) (use no_console_suspend to debug)
[   83.284806] xhci_hcd 0000:00:14.0: Cancel URB 00000000bbc666d9, dev 12, ep 0x82, starting at offset 0x4584083e0
[   83.284813] xhci_hcd 0000:00:14.0: // Ding dong!
[   83.284832] xhci_hcd 0000:00:14.0: Stopped on Transfer TRB for slot 3 ep 4
[   83.284840] xhci_hcd 0000:00:14.0: Removing canceled TD starting at 0x4584083e0 (dma).
[   83.284843] xhci_hcd 0000:00:14.0: Finding endpoint context
[   83.284846] xhci_hcd 0000:00:14.0: Cycle state = 0x1
[   83.284850] xhci_hcd 0000:00:14.0: New dequeue segment = 00000000c6352d88 (virtual)
[   83.284852] xhci_hcd 0000:00:14.0: New dequeue pointer = 0x4584083f0 (DMA)
[   83.284857] xhci_hcd 0000:00:14.0: Set TR Deq Ptr cmd, new deq seg = 00000000c6352d88 (0x458408000 dma), new deq ptr = 00000000ce35f8f8 (0x4584083f0 dma), new cycle = 1
[   83.284861] xhci_hcd 0000:00:14.0: // Ding dong!
[   83.284876] xhci_hcd 0000:00:14.0: Successful Set TR Deq Ptr cmd, deq = @4584083f0
[   83.284970] xhci_hcd 0000:00:14.0: // Ding dong!
[   83.284986] xhci_hcd 0000:00:14.0: Stopped on No-op or Link TRB for slot 3 ep 10
[   83.284991] xhci_hcd 0000:00:14.0: Stopped on No-op or Link TRB for slot 3 ep 8
[   83.284994] xhci_hcd 0000:00:14.0: Stopped on No-op or Link TRB for slot 3 ep 7
[   83.285037] xhci_hcd 0000:00:14.0: Stopped on No-op or Link TRB for slot 3 ep 2
[   83.285068] xhci_hcd 0000:00:14.0: Stopped on No-op or Link TRB for slot 3 ep 0
[   83.294489] sd 0:0:0:0: [sda] Synchronizing SCSI cache
[   83.295321] xhci_hcd 0000:00:14.0: // Ding dong!
[   83.295369] xhci_hcd 0000:00:14.0: Stopped on No-op or Link TRB for slot 1 ep 3
[   83.295389] xhci_hcd 0000:00:14.0: Stopped on No-op or Link TRB for slot 1 ep 2
[   83.295393] xhci_hcd 0000:00:14.0: Stopped on No-op or Link TRB for slot 1 ep 0
[   83.296625] sd 0:0:0:0: [sda] Stopping disk
[   83.297123] usb 1-12: usb suspend, wakeup 1
[   83.297287] pcieport 0000:06:06.0: quirk: waiting for Thunderbolt to reestablish PCI tunnels...
[   83.297331] pcieport 0000:06:04.0: quirk: waiting for Thunderbolt to reestablish PCI tunnels...
[   83.297337] pcieport 0000:06:03.0: quirk: waiting for Thunderbolt to reestablish PCI tunnels...
[   83.297339] pcieport 0000:06:05.0: quirk: waiting for Thunderbolt to reestablish PCI tunnels...
[   83.309179] hub 1-0:1.0: hub_suspend
[   83.309243] usb usb1: bus suspend, wakeup 0
[   83.317254] usb 2-4: usb suspend, wakeup 0
[   83.329211] hub 2-0:1.0: hub_suspend
[   83.329268] usb usb2: bus suspend, wakeup 0
[   83.329316] xhci_hcd 0000:00:14.0: xhci_suspend: stopping port polling.
[   83.329337] xhci_hcd 0000:00:14.0: // Setting command ring address to 0x46c9d3001
[   84.195996] PM: suspend devices took 0.912 seconds
[   84.208761] ACPI: EC: interrupt blocked
[   84.209523] xhci_hcd 0000:00:14.0: wakeup: 1
[   84.210009] xhci_hcd 0000:00:14.0: --> PCI D3hot
[   85.166075] ACPI: Preparing to enter system sleep state S3
[   85.166987] ACPI: EC: event blocked
[   85.166987] ACPI: EC: EC stopped
[   85.166988] PM: Saving platform NVS memory
[   85.166994] Disabling non-boot CPUs ...
[   85.169520] smpboot: CPU 1 is now offline
[   85.184406] smpboot: CPU 2 is now offline
[   85.190465] smpboot: CPU 3 is now offline
[   85.194623] smpboot: CPU 4 is now offline
[   85.200841] smpboot: CPU 5 is now offline
[   85.204284] smpboot: CPU 6 is now offline
[   85.207399] smpboot: CPU 7 is now offline
[   85.225317] ACPI: Low-level resume complete
[   85.225382] ACPI: EC: EC started
[   85.225382] PM: Restoring platform NVS memory
[   85.232938] Enabling non-boot CPUs ...
[   85.232997] x86: Booting SMP configuration:
[   85.232999] smpboot: Booting Node 0 Processor 1 APIC 0x2
[   88.180974] hrtimer: interrupt took 2467442 ns
[   89.463753]  cache: parent cpu1 should not be sleeping
[   92.351247] CPU1 is up
[   92.351304] smpboot: Booting Node 0 Processor 2 APIC 0x4
[   92.618662]  cache: parent cpu2 should not be sleeping
[   93.565140] CPU2 is up
[   93.565194] smpboot: Booting Node 0 Processor 3 APIC 0x6
[   93.784460]  cache: parent cpu3 should not be sleeping
[   94.668145] CPU3 is up
[   94.668201] smpboot: Booting Node 0 Processor 4 APIC 0x1
[   94.675124]  cache: parent cpu4 should not be sleeping
[   94.690627] CPU4 is up
[   94.690652] smpboot: Booting Node 0 Processor 5 APIC 0x3
[   94.876796]  cache: parent cpu5 should not be sleeping
[   95.428051] CPU5 is up
[   95.428086] smpboot: Booting Node 0 Processor 6 APIC 0x5
[   95.558525]  cache: parent cpu6 should not be sleeping
[   96.083988] CPU6 is up
[   96.084023] smpboot: Booting Node 0 Processor 7 APIC 0x7
[   96.221610]  cache: parent cpu7 should not be sleeping
[   96.821905] CPU7 is up
[   96.917506] ACPI: Waking up from system sleep state S3
[   96.919645] ACPI: EC: interrupt unblocked
[   96.943902] pcieport 0000:06:04.0: quirk: waiting for Thunderbolt to reestablish PCI tunnels...
[   96.943918] pcieport 0000:06:03.0: quirk: waiting for Thunderbolt to reestablish PCI tunnels...
[   96.943920] pcieport 0000:06:05.0: quirk: waiting for Thunderbolt to reestablish PCI tunnels...
[   96.943921] pcieport 0000:06:06.0: quirk: waiting for Thunderbolt to reestablish PCI tunnels...
[   96.975946] pcieport 0000:06:04.0: quirk_apple_wait_for_thunderbolt+0x0/0xe0 took 31286 usecs
[   96.975952] pcieport 0000:06:03.0: quirk_apple_wait_for_thunderbolt+0x0/0xe0 took 31270 usecs
[   96.975957] pcieport 0000:06:05.0: quirk_apple_wait_for_thunderbolt+0x0/0xe0 took 31269 usecs
[   96.975960] pcieport 0000:06:06.0: quirk_apple_wait_for_thunderbolt+0x0/0xe0 took 31269 usecs
[   97.045201] thunderbolt 0000:07:00.0: resetting error on 0:b.
[   97.045212] thunderbolt 0000:07:00.0: 0:b: hotplug: scanning
[   97.045214] thunderbolt 0000:07:00.0: 0:b: hotplug: no switch found
[   97.045301] thunderbolt 0000:07:00.0: resetting error on 0:c.
[   97.045307] thunderbolt 0000:07:00.0: 0:c: hotplug: scanning
[   97.045308] thunderbolt 0000:07:00.0: 0:c: hotplug: no switch found
[   98.016572] usb usb1: root hub lost power or was reset
[   98.016576] usb usb2: root hub lost power or was reset
[   98.016581] xhci_hcd 0000:00:14.0: Stop HCD
[   98.016584] xhci_hcd 0000:00:14.0: // Halt the HC
[   98.016594] ACPI: EC: event unblocked
[   98.016596] xhci_hcd 0000:00:14.0: // Reset the HC
[   98.017608] xhci_hcd 0000:00:14.0: Wait for controller to be ready for doorbell rings
[   98.017682] xhci_hcd 0000:00:14.0: // Disabling event ring interrupts
[   98.017690] xhci_hcd 0000:00:14.0: cleaning up memory
[   98.017701] xhci_hcd 0000:00:14.0: Freed event ring
[   98.017706] xhci_hcd 0000:00:14.0: Freed command ring
[   98.017970] xhci_hcd 0000:00:14.0: Freed segment pool
[   98.017975] xhci_hcd 0000:00:14.0: Freed device context pool
[   98.017977] xhci_hcd 0000:00:14.0: Freed small stream array pool
[   98.017980] xhci_hcd 0000:00:14.0: Freed medium stream array pool
[   98.018104] xhci_hcd 0000:00:14.0: xhci_stop completed - status = 1
[   98.018107] xhci_hcd 0000:00:14.0: Initialize the xhci_hcd
[   98.018109] xhci_hcd 0000:00:14.0: xhci_init
[   98.018112] xhci_hcd 0000:00:14.0: xHCI doesn't need link TRB QUIRK
[   98.018124] xhci_hcd 0000:00:14.0: Supported page size register = 0x1
[   98.018127] xhci_hcd 0000:00:14.0: Supported page size of 4K
[   98.018130] xhci_hcd 0000:00:14.0: HCD page size set to 4K
[   98.018142] xhci_hcd 0000:00:14.0: // xHC can handle at most 32 device slots.
[   98.018146] xhci_hcd 0000:00:14.0: // Setting Max device slots reg = 0x20.
[   98.018153] xhci_hcd 0000:00:14.0: // Device context base array address = 0x46c9d7000 (DMA), 00000000c596ccfa (virt)
[   98.018161] xhci_hcd 0000:00:14.0: Allocated command ring at 00000000527f215d
[   98.018163] xhci_hcd 0000:00:14.0: First segment DMA is 0x46c9e7000
[   98.018169] xhci_hcd 0000:00:14.0: // Setting command ring address to 0x000000046c9e7001
[   98.018174] xhci_hcd 0000:00:14.0: // Doorbell array is located at offset 0x3000 from cap regs base addr
[   98.018176] xhci_hcd 0000:00:14.0: // Allocating event ring
[   98.018182] xhci_hcd 0000:00:14.0: TRB math tests passed.
[   98.018190] xhci_hcd 0000:00:14.0: // Write ERST size = 1 to ir_set 0 (some bits preserved)
[   98.018192] xhci_hcd 0000:00:14.0: // Set ERST entries to point to event ring.
[   98.018195] xhci_hcd 0000:00:14.0: // Set ERST base address for ir_set 0 = 0x46c9e4000
[   98.018202] xhci_hcd 0000:00:14.0: // Write event ring dequeue pointer, preserving EHB bit
[   98.018205] xhci_hcd 0000:00:14.0: Wrote ERST address to ir_set 0.
[   98.018209] xhci_hcd 0000:00:14.0: Allocating 16 scratchpad buffers
[   98.018240] xhci_hcd 0000:00:14.0: Ext Cap 00000000cccef5a6, port offset = 1, count = 14, revision = 0x2
[   98.018245] xhci_hcd 0000:00:14.0: PSIV:1 PSIE:2 PLT:0 PFD:0 LP:0 PSIM:12
[   98.018250] xhci_hcd 0000:00:14.0: PSIV:2 PSIE:1 PLT:0 PFD:0 LP:0 PSIM:1500
[   98.018254] xhci_hcd 0000:00:14.0: PSIV:3 PSIE:2 PLT:0 PFD:0 LP:0 PSIM:480
[   98.018262] xhci_hcd 0000:00:14.0: Ext Cap 0000000076ac9f3f, port offset = 16, count = 6, revision = 0x3
[   98.018266] xhci_hcd 0000:00:14.0: PSIV:4 PSIE:3 PLT:0 PFD:1 LP:0 PSIM:5
[   98.018272] xhci_hcd 0000:00:14.0: Found 14 USB 2.0 ports and 6 USB 3.0 ports.
[   98.018276] xhci_hcd 0000:00:14.0: Finished xhci_init
[   98.018279] xhci_hcd 0000:00:14.0: Start the primary HCD
[   98.018282] xhci_hcd 0000:00:14.0: xhci_run
[   98.018285] xhci_hcd 0000:00:14.0: Failed to enable MSI-X
[   98.018383] xhci_hcd 0000:00:14.0: ERST deq = 64'h46c9e5000
[   98.018385] xhci_hcd 0000:00:14.0: // Set the interrupt modulation register
[   98.018398] xhci_hcd 0000:00:14.0: // Enable interrupts, cmd = 0x4.
[   98.018402] xhci_hcd 0000:00:14.0: // Enabling event ring interrupter 00000000dca9323e by writing 0x2 to irq_pending
[   98.018404] xhci_hcd 0000:00:14.0: Finished xhci_run for USB2 roothub
[   98.018747] xhci_hcd 0000:00:14.0: Start the secondary HCD
[   98.018760] xhci_hcd 0000:00:14.0: // Turn on HC, cmd = 0x5.
[   98.018764] xhci_hcd 0000:00:14.0: Finished xhci_run for USB3 roothub
[   98.018790] xhci_hcd 0000:00:14.0: xhci_resume: starting port polling.
[   98.018809] xhci_hcd 0000:00:14.0: xhci_hub_status_data: stopping port polling.
[   98.018830] usb usb2: usb resume
[   98.018850] usb usb1: usb resume
[   98.018853] hub 2-0:1.0: hub_reset_resume
[   98.018857] hub 2-0:1.0: trying to enable port power on non-switchable hub
[   98.018877] hub 1-0:1.0: hub_reset_resume
[   98.018881] xhci_hcd 0000:00:14.0: set port power, actual port 0 status  = 0x802a0
[   98.018882] hub 1-0:1.0: trying to enable port power on non-switchable hub
[   98.018902] xhci_hcd 0000:00:14.0: set port power, actual port 0 status  = 0x2a0
[   98.018921] xhci_hcd 0000:00:14.0: set port power, actual port 1 status  = 0x802a0
[   98.018937] xhci_hcd 0000:00:14.0: set port power, actual port 2 status  = 0x802a0
[   98.018955] xhci_hcd 0000:00:14.0: set port power, actual port 3 status  = 0x2a0
[   98.018979] xhci_hcd 0000:00:14.0: set port power, actual port 4 status  = 0x802a0
[   98.018989] xhci_hcd 0000:00:14.0: set port power, actual port 1 status  = 0x2a0
[   98.019021] xhci_hcd 0000:00:14.0: set port power, actual port 5 status  = 0x802a0
[   98.019044] xhci_hcd 0000:00:14.0: set port power, actual port 2 status  = 0x2a0
[   98.019090] xhci_hcd 0000:00:14.0: set port power, actual port 3 status  = 0x2a0
[   98.019130] xhci_hcd 0000:00:14.0: set port power, actual port 4 status  = 0x2a0
[   98.019178] xhci_hcd 0000:00:14.0: set port power, actual port 5 status  = 0x2a0
[   98.019216] xhci_hcd 0000:00:14.0: set port power, actual port 6 status  = 0x2a0
[   98.019238] xhci_hcd 0000:00:14.0: set port power, actual port 7 status  = 0x2a0
[   98.019280] xhci_hcd 0000:00:14.0: set port power, actual port 8 status  = 0x2a0
[   98.019308] xhci_hcd 0000:00:14.0: set port power, actual port 9 status  = 0x2a0
[   98.019327] xhci_hcd 0000:00:14.0: set port power, actual port 10 status  = 0x2a0
[   98.019353] xhci_hcd 0000:00:14.0: set port power, actual port 11 status  = 0x2a0
[   98.019378] xhci_hcd 0000:00:14.0: set port power, actual port 12 status  = 0x2a0
[   98.019397] xhci_hcd 0000:00:14.0: set port power, actual port 13 status  = 0x2a0
[   98.036871] sd 0:0:0:0: [sda] Starting disk
[   98.038156] xhci_hcd 0000:00:14.0: Port Status Change Event for port 8
[   98.038166] xhci_hcd 0000:00:14.0: handle_port_status: starting port polling.
[   98.038180] xhci_hcd 0000:00:14.0: Port Status Change Event for port 12
[   98.038183] xhci_hcd 0000:00:14.0: handle_port_status: starting port polling.
[   98.123676] xhci_hcd 0000:00:14.0: get port status, actual port 0 status  = 0x2a0
[   98.123679] xhci_hcd 0000:00:14.0: Get port status returned 0x100
[   98.123690] xhci_hcd 0000:00:14.0: get port status, actual port 0 status  = 0x802a0
[   98.123692] xhci_hcd 0000:00:14.0: Get port status returned 0x2002a0
[   98.123712] xhci_hcd 0000:00:14.0: clear port warm(BH) reset change, actual port 0 status  = 0x2a0
[   98.123723] xhci_hcd 0000:00:14.0: get port status, actual port 1 status  = 0x802a0
[   98.123725] xhci_hcd 0000:00:14.0: Get port status returned 0x2002a0
[   98.123730] xhci_hcd 0000:00:14.0: get port status, actual port 1 status  = 0x2a0
[   98.123732] xhci_hcd 0000:00:14.0: Get port status returned 0x100
[   98.123742] xhci_hcd 0000:00:14.0: clear port warm(BH) reset change, actual port 1 status  = 0x2a0
[   98.123752] xhci_hcd 0000:00:14.0: get port status, actual port 2 status  = 0x802a0
[   98.123753] xhci_hcd 0000:00:14.0: Get port status returned 0x2002a0
[   98.123764] xhci_hcd 0000:00:14.0: clear port warm(BH) reset change, actual port 2 status  = 0x2a0
[   98.123774] xhci_hcd 0000:00:14.0: get port status, actual port 3 status  = 0x2a0
[   98.123775] xhci_hcd 0000:00:14.0: Get port status returned 0x2a0
[   98.123780] usb usb2-port4: status 02a0 change 0000
[   98.123782] xhci_hcd 0000:00:14.0: get port status, actual port 2 status  = 0x2a0
[   98.123784] xhci_hcd 0000:00:14.0: Get port status returned 0x100
[   98.123791] xhci_hcd 0000:00:14.0: get port status, actual port 4 status  = 0x802a0
[   98.123793] xhci_hcd 0000:00:14.0: Get port status returned 0x2002a0
[   98.123804] xhci_hcd 0000:00:14.0: clear port warm(BH) reset change, actual port 4 status  = 0x2a0
[   98.123808] xhci_hcd 0000:00:14.0: get port status, actual port 3 status  = 0x2a0
[   98.123809] xhci_hcd 0000:00:14.0: Get port status returned 0x100
[   98.123812] xhci_hcd 0000:00:14.0: get port status, actual port 5 status  = 0x802a0
[   98.123813] xhci_hcd 0000:00:14.0: Get port status returned 0x2002a0
[   98.123824] xhci_hcd 0000:00:14.0: clear port warm(BH) reset change, actual port 5 status  = 0x2a0
[   98.123828] xhci_hcd 0000:00:14.0: get port status, actual port 4 status  = 0x2a0
[   98.123830] xhci_hcd 0000:00:14.0: Get port status returned 0x100
[   98.123881] xhci_hcd 0000:00:14.0: get port status, actual port 5 status  = 0x2a0
[   98.123882] xhci_hcd 0000:00:14.0: Get port status returned 0x100
[   98.123907] xhci_hcd 0000:00:14.0: get port status, actual port 6 status  = 0x2a0
[   98.123909] xhci_hcd 0000:00:14.0: Get port status returned 0x100
[   98.123933] xhci_hcd 0000:00:14.0: get port status, actual port 7 status  = 0x206e1
[   98.123935] xhci_hcd 0000:00:14.0: Get port status returned 0x10101
[   98.123953] usb usb1-port8: status 0101 change 0001
[   98.123964] xhci_hcd 0000:00:14.0: clear port connect change, actual port 7 status  = 0x6e1
[   98.123989] xhci_hcd 0000:00:14.0: get port status, actual port 8 status  = 0x2a0
[   98.123990] xhci_hcd 0000:00:14.0: Get port status returned 0x100
[   98.124026] xhci_hcd 0000:00:14.0: get port status, actual port 9 status  = 0x2a0
