[    0.000000] microcode: microcode updated early to revision 0x1a, date = 2018-04-02
[    0.000000] Linux version 5.0.0-rc8+ (im@im-mac) (gcc version 8.2.1 20181215 (Red Hat 8.2.1-6) (GCC)) #22 SMP Tue Feb 26 22:19:53 +05 2019
[    0.000000] Command line: BOOT_IMAGE=/vmlinuz-5.0.0-rc8+ root=/dev/mapper/im--mac-root ro resume=/dev/mapper/im--mac-swap rd.lvm.lv=im-mac/root rd.luks.uuid=luks-dd1fa933-ef9f-402b-a2e4-7c9d6fb7ce0d rd.lvm.lv=im-mac/swap rhgb quiet hid_apple.fnmode=2 hid_apple.iso_layout=0
[    0.000000] x86/fpu: Supporting XSAVE feature 0x001: 'x87 floating point registers'
[    0.000000] x86/fpu: Supporting XSAVE feature 0x002: 'SSE registers'
[    0.000000] x86/fpu: Supporting XSAVE feature 0x004: 'AVX registers'
[    0.000000] x86/fpu: xstate_offset[2]:  576, xstate_sizes[2]:  256
[    0.000000] x86/fpu: Enabled xstate features 0x7, context size is 832 bytes, using 'standard' format.
[    0.000000] BIOS-provided physical RAM map:
[    0.000000] BIOS-e820: [mem 0x0000000000000000-0x0000000000057fff] usable
[    0.000000] BIOS-e820: [mem 0x0000000000058000-0x0000000000058fff] reserved
[    0.000000] BIOS-e820: [mem 0x0000000000059000-0x000000000009ffff] usable
[    0.000000] BIOS-e820: [mem 0x00000000000a0000-0x00000000000bffff] reserved
[    0.000000] BIOS-e820: [mem 0x0000000000100000-0x0000000078d00fff] usable
[    0.000000] BIOS-e820: [mem 0x0000000078d01000-0x0000000078d48fff] ACPI NVS
[    0.000000] BIOS-e820: [mem 0x0000000078d49000-0x0000000078d5cfff] usable
[    0.000000] BIOS-e820: [mem 0x0000000078d5d000-0x0000000078d8efff] ACPI data
[    0.000000] BIOS-e820: [mem 0x0000000078d8f000-0x0000000078e39fff] usable
[    0.000000] BIOS-e820: [mem 0x0000000078e3a000-0x0000000078e8efff] reserved
[    0.000000] BIOS-e820: [mem 0x0000000078e8f000-0x0000000078ecbfff] usable
[    0.000000] BIOS-e820: [mem 0x0000000078ecc000-0x0000000078efefff] reserved
[    0.000000] BIOS-e820: [mem 0x0000000078eff000-0x0000000078f84fff] usable
[    0.000000] BIOS-e820: [mem 0x0000000078f85000-0x0000000078fdefff] reserved
[    0.000000] BIOS-e820: [mem 0x0000000078fdf000-0x0000000078ffffff] usable
[    0.000000] BIOS-e820: [mem 0x0000000079000000-0x000000007f9fffff] reserved
[    0.000000] BIOS-e820: [mem 0x00000000e00f8000-0x00000000e00f8fff] reserved
[    0.000000] BIOS-e820: [mem 0x00000000fed1c000-0x00000000fed1ffff] reserved
[    0.000000] BIOS-e820: [mem 0x00000000ffd70000-0x00000000ffd9ffff] reserved
[    0.000000] BIOS-e820: [mem 0x0000000100000000-0x000000047f5fffff] usable
[    0.000000] NX (Execute Disable) protection: active
[    0.000000] e820: update [mem 0x66282710-0x66282ad2] usable ==> usable
[    0.000000] e820: update [mem 0x66282710-0x66282ad2] usable ==> usable
[    0.000000] extended physical RAM map:
[    0.000000] reserve setup_data: [mem 0x0000000000000000-0x0000000000057fff] usable
[    0.000000] reserve setup_data: [mem 0x0000000000058000-0x0000000000058fff] reserved
[    0.000000] reserve setup_data: [mem 0x0000000000059000-0x000000000009ffff] usable
[    0.000000] reserve setup_data: [mem 0x00000000000a0000-0x00000000000bffff] reserved
[    0.000000] reserve setup_data: [mem 0x0000000000100000-0x000000006628270f] usable
[    0.000000] reserve setup_data: [mem 0x0000000066282710-0x0000000066282ad2] usable
[    0.000000] reserve setup_data: [mem 0x0000000066282ad3-0x0000000078d00fff] usable
[    0.000000] reserve setup_data: [mem 0x0000000078d01000-0x0000000078d48fff] ACPI NVS
[    0.000000] reserve setup_data: [mem 0x0000000078d49000-0x0000000078d5cfff] usable
[    0.000000] reserve setup_data: [mem 0x0000000078d5d000-0x0000000078d8efff] ACPI data
[    0.000000] reserve setup_data: [mem 0x0000000078d8f000-0x0000000078e39fff] usable
[    0.000000] reserve setup_data: [mem 0x0000000078e3a000-0x0000000078e8efff] reserved
[    0.000000] reserve setup_data: [mem 0x0000000078e8f000-0x0000000078ecbfff] usable
[    0.000000] reserve setup_data: [mem 0x0000000078ecc000-0x0000000078efefff] reserved
[    0.000000] reserve setup_data: [mem 0x0000000078eff000-0x0000000078f84fff] usable
[    0.000000] reserve setup_data: [mem 0x0000000078f85000-0x0000000078fdefff] reserved
[    0.000000] reserve setup_data: [mem 0x0000000078fdf000-0x0000000078ffffff] usable
[    0.000000] reserve setup_data: [mem 0x0000000079000000-0x000000007f9fffff] reserved
[    0.000000] reserve setup_data: [mem 0x00000000e00f8000-0x00000000e00f8fff] reserved
[    0.000000] reserve setup_data: [mem 0x00000000fed1c000-0x00000000fed1ffff] reserved
[    0.000000] reserve setup_data: [mem 0x00000000ffd70000-0x00000000ffd9ffff] reserved
[    0.000000] reserve setup_data: [mem 0x0000000100000000-0x000000047f5fffff] usable
[    0.000000] efi: EFI v1.10 by Apple
[    0.000000] efi:  ACPI=0x78d8e000  ACPI 2.0=0x78d8e014  SMBIOS=0x78f8b000 
[    0.000000] SMBIOS 2.7 present.
[    0.000000] DMI: Apple Inc. MacBookPro11,4/Mac-06F11FD93F0323C5, BIOS MBP114.88Z.0184.B00.1806051659 06/05/2018
[    0.000000] tsc: Fast TSC calibration using PIT
[    0.000000] tsc: Detected 2195.074 MHz processor
[    0.000134] e820: update [mem 0x00000000-0x00000fff] usable ==> reserved
[    0.000135] e820: remove [mem 0x000a0000-0x000fffff] usable
[    0.000140] last_pfn = 0x47f600 max_arch_pfn = 0x400000000
[    0.000143] MTRR default type: write-back
[    0.000143] MTRR fixed ranges enabled:
[    0.000144]   00000-9FFFF write-back
[    0.000145]   A0000-BFFFF uncachable
[    0.000145]   C0000-DFFFF write-protect
[    0.000146]   E0000-FFFFF uncachable
[    0.000146] MTRR variable ranges enabled:
[    0.000147]   0 base 0080000000 mask 7F80000000 uncachable
[    0.000148]   1 base 007C000000 mask 7FFC000000 uncachable
[    0.000148]   2 base 007A000000 mask 7FFE000000 uncachable
[    0.000149]   3 base 0079000000 mask 7FFF000000 uncachable
[    0.000149]   4 disabled
[    0.000149]   5 disabled
[    0.000150]   6 disabled
[    0.000150]   7 disabled
[    0.000150]   8 disabled
[    0.000151]   9 disabled
[    0.009942] x86/PAT: Configuration [0-7]: WB  WC  UC- UC  WB  WP  UC- WT  
[    0.010037] last_pfn = 0x79000 max_arch_pfn = 0x400000000
[    0.021724] Base memory trampoline at [(____ptrval____)] 99000 size 24576
[    0.021728] Using GB pages for direct mapping
[    0.021729] BRK [0x112e01000, 0x112e01fff] PGTABLE
[    0.021730] BRK [0x112e02000, 0x112e02fff] PGTABLE
[    0.021731] BRK [0x112e03000, 0x112e03fff] PGTABLE
[    0.021767] BRK [0x112e04000, 0x112e04fff] PGTABLE
[    0.021768] BRK [0x112e05000, 0x112e05fff] PGTABLE
[    0.021883] BRK [0x112e06000, 0x112e06fff] PGTABLE
[    0.021911] BRK [0x112e07000, 0x112e07fff] PGTABLE
[    0.021980] BRK [0x112e08000, 0x112e08fff] PGTABLE
[    0.022154] Secure boot disabled
[    0.022155] RAMDISK: [mem 0x42aad000-0x48561fff]
[    0.022166] ACPI: Early table checksum verification disabled
[    0.022168] ACPI: RSDP 0x0000000078D8E014 000024 (v02 APPLE )
[    0.022171] ACPI: XSDT 0x0000000078D8E1C0 0000A4 (v01 APPLE  Apple00  00000000      01000013)
[    0.022175] ACPI: FACP 0x0000000078D8C000 0000F4 (v05 APPLE  Apple00  00000000 Loki 0000005F)
[    0.022178] ACPI BIOS Warning (bug): 32/64X length mismatch in FADT/Gpe0Block: 128/0 (20181213/tbfadt-569)
[    0.022180] ACPI: DSDT 0x0000000078D7F000 007331 (v03 APPLE  MacBookP 00110004 INTL 20140424)
[    0.022182] ACPI: FACS 0x0000000078D06000 000040
[    0.022184] ACPI: FACS 0x0000000078D06000 000040
[    0.022185] ACPI: HPET 0x0000000078D8B000 000038 (v01 APPLE  Apple00  00000001 Loki 0000005F)
[    0.022187] ACPI: APIC 0x0000000078D8A000 0000BC (v02 APPLE  Apple00  00000001 Loki 0000005F)
[    0.022189] ACPI: SBST 0x0000000078D88000 000030 (v01 APPLE  Apple00  00000001 Loki 0000005F)
[    0.022191] ACPI: ECDT 0x0000000078D87000 000053 (v01 APPLE  Apple00  00000001 Loki 0000005F)
[    0.022192] ACPI: SSDT 0x0000000078D7E000 000024 (v01 APPLE  SataAhci 00001000 INTL 20140424)
[    0.022194] ACPI: SSDT 0x0000000078D7D000 000024 (v01 APPLE  SmcDppt  00001000 INTL 20140424)
[    0.022196] ACPI: SSDT 0x0000000078D7C000 000032 (v01 APPLE  SsdtS3   00001000 INTL 20140424)
[    0.022198] ACPI: SSDT 0x0000000078D68000 0086DA (v01 APPLE  TbtPEG11 00001000 INTL 20140424)
[    0.022200] ACPI: SSDT 0x0000000078D67000 0000B8 (v01 APPLE  Sdxc     00001000 INTL 20140424)
[    0.022202] ACPI: SSDT 0x0000000078D66000 000A7B (v02 APPLE  Xhci     00001000 INTL 20140424)
[    0.022203] ACPI: SSDT 0x0000000078D64000 000341 (v01 APPLE  PEG0SSD0 00001000 INTL 20140424)
[    0.022205] ACPI: SSDT 0x0000000078D5F000 00069C (v01 PmRef  Cpu0Ist  00003000 INTL 20140424)
[    0.022207] ACPI: SSDT 0x0000000078D5E000 000C17 (v01 CpuRef CpuSsdt  00003000 INTL 20140424)
[    0.022209] ACPI: DMAR 0x0000000078D5D000 000088 (v01 APPLE  BDW      00000001 INTL 00000001)
[    0.022210] ACPI: MCFG 0x0000000078D89000 00003C (v01 APPLE  Apple00  00000001 Loki 0000005F)
[    0.022215] ACPI: DMI detected to setup _OSI("Darwin"): Apple hardware
[    0.022217] ACPI: Local APIC address 0xfee00000
[    0.022289] No NUMA configuration found
[    0.022289] Faking a node at [mem 0x0000000000000000-0x000000047f5fffff]
[    0.022297] NODE_DATA(0) allocated [mem 0x47f5d5000-0x47f5fffff]
[    0.051728] Zone ranges:
[    0.051729]   DMA      [mem 0x0000000000001000-0x0000000000ffffff]
[    0.051731]   DMA32    [mem 0x0000000001000000-0x00000000ffffffff]
[    0.051732]   Normal   [mem 0x0000000100000000-0x000000047f5fffff]
[    0.051732]   Device   empty
[    0.051733] Movable zone start for each node
[    0.051735] Early memory node ranges
[    0.051736]   node   0: [mem 0x0000000000001000-0x0000000000057fff]
[    0.051737]   node   0: [mem 0x0000000000059000-0x000000000009ffff]
[    0.051737]   node   0: [mem 0x0000000000100000-0x0000000078d00fff]
[    0.051737]   node   0: [mem 0x0000000078d49000-0x0000000078d5cfff]
[    0.051738]   node   0: [mem 0x0000000078d8f000-0x0000000078e39fff]
[    0.051738]   node   0: [mem 0x0000000078e8f000-0x0000000078ecbfff]
[    0.051739]   node   0: [mem 0x0000000078eff000-0x0000000078f84fff]
[    0.051739]   node   0: [mem 0x0000000078fdf000-0x0000000078ffffff]
[    0.051739]   node   0: [mem 0x0000000100000000-0x000000047f5fffff]
[    0.052114] Zeroed struct page in unavailable ranges: 29118 pages
[    0.052116] Initmem setup node 0 [mem 0x0000000000001000-0x000000047f5fffff]
[    0.052117] On node 0 totalpages: 4162626
[    0.052118]   DMA zone: 64 pages used for memmap
[    0.052118]   DMA zone: 22 pages reserved
[    0.052118]   DMA zone: 3998 pages, LIFO batch:0
[    0.052188]   DMA32 zone: 7675 pages used for memmap
[    0.052189]   DMA32 zone: 491172 pages, LIFO batch:63
[    0.064198]   Normal zone: 57304 pages used for memmap
[    0.064199]   Normal zone: 3667456 pages, LIFO batch:63
[    0.135016] Reserving Intel graphics memory at [mem 0x79a00000-0x7f9fffff]
[    0.135089] ACPI: PM-Timer IO Port: 0x1808
[    0.135091] ACPI: Local APIC address 0xfee00000
[    0.135098] ACPI: LAPIC_NMI (acpi_id[0x01] high edge lint[0x1])
[    0.135099] ACPI: LAPIC_NMI (acpi_id[0x02] high edge lint[0x1])
[    0.135099] ACPI: LAPIC_NMI (acpi_id[0x03] high edge lint[0x1])
[    0.135099] ACPI: LAPIC_NMI (acpi_id[0x04] high edge lint[0x1])
[    0.135100] ACPI: LAPIC_NMI (acpi_id[0x05] high edge lint[0x1])
[    0.135100] ACPI: LAPIC_NMI (acpi_id[0x06] high edge lint[0x1])
[    0.135100] ACPI: LAPIC_NMI (acpi_id[0x07] high edge lint[0x1])
[    0.135101] ACPI: LAPIC_NMI (acpi_id[0x08] high edge lint[0x1])
[    0.135116] IOAPIC[0]: apic_id 2, version 32, address 0xfec00000, GSI 0-23
[    0.135118] ACPI: INT_SRC_OVR (bus 0 bus_irq 0 global_irq 2 dfl dfl)
[    0.135119] ACPI: INT_SRC_OVR (bus 0 bus_irq 9 global_irq 9 high level)
[    0.135120] ACPI: IRQ0 used by override.
[    0.135121] ACPI: IRQ9 used by override.
[    0.135123] Using ACPI (MADT) for SMP configuration information
[    0.135124] ACPI: HPET id: 0x8086a201 base: 0xfed00000
[    0.135129] smpboot: Allowing 8 CPUs, 0 hotplug CPUs
[    0.135145] PM: Registered nosave memory: [mem 0x00000000-0x00000fff]
[    0.135146] PM: Registered nosave memory: [mem 0x00058000-0x00058fff]
[    0.135147] PM: Registered nosave memory: [mem 0x000a0000-0x000bffff]
[    0.135147] PM: Registered nosave memory: [mem 0x000c0000-0x000fffff]
[    0.135148] PM: Registered nosave memory: [mem 0x66282000-0x66282fff]
[    0.135149] PM: Registered nosave memory: [mem 0x66282000-0x66282fff]
[    0.135150] PM: Registered nosave memory: [mem 0x78d01000-0x78d48fff]
[    0.135151] PM: Registered nosave memory: [mem 0x78d5d000-0x78d8efff]
[    0.135152] PM: Registered nosave memory: [mem 0x78e3a000-0x78e8efff]
[    0.135153] PM: Registered nosave memory: [mem 0x78ecc000-0x78efefff]
[    0.135154] PM: Registered nosave memory: [mem 0x78f85000-0x78fdefff]
[    0.135155] PM: Registered nosave memory: [mem 0x79000000-0x7f9fffff]
[    0.135156] PM: Registered nosave memory: [mem 0x7fa00000-0xe00f7fff]
[    0.135156] PM: Registered nosave memory: [mem 0xe00f8000-0xe00f8fff]
[    0.135157] PM: Registered nosave memory: [mem 0xe00f9000-0xfed1bfff]
[    0.135157] PM: Registered nosave memory: [mem 0xfed1c000-0xfed1ffff]
[    0.135157] PM: Registered nosave memory: [mem 0xfed20000-0xffd6ffff]
[    0.135158] PM: Registered nosave memory: [mem 0xffd70000-0xffd9ffff]
[    0.135158] PM: Registered nosave memory: [mem 0xffda0000-0xffffffff]
[    0.135160] [mem 0x7fa00000-0xe00f7fff] available for PCI devices
[    0.135166] Booting paravirtualized kernel on bare hardware
[    0.135170] clocksource: refined-jiffies: mask: 0xffffffff max_cycles: 0xffffffff, max_idle_ns: 1910969940391419 ns
[    0.227755] random: get_random_bytes called from start_kernel+0x93/0x503 with crng_init=0
[    0.227760] setup_percpu: NR_CPUS:64 nr_cpumask_bits:64 nr_cpu_ids:8 nr_node_ids:1
[    0.227932] percpu: Embedded 44 pages/cpu @(____ptrval____) s143360 r8192 d28672 u262144
[    0.227937] pcpu-alloc: s143360 r8192 d28672 u262144 alloc=1*2097152
[    0.227938] pcpu-alloc: [0] 0 1 2 3 4 5 6 7 
[    0.227954] Built 1 zonelists, mobility grouping on.  Total pages: 4097561
[    0.227954] Policy zone: Normal
[    0.227956] Kernel command line: BOOT_IMAGE=/vmlinuz-5.0.0-rc8+ root=/dev/mapper/im--mac-root ro resume=/dev/mapper/im--mac-swap rd.lvm.lv=im-mac/root rd.luks.uuid=luks-dd1fa933-ef9f-402b-a2e4-7c9d6fb7ce0d rd.lvm.lv=im-mac/swap rhgb quiet hid_apple.fnmode=2 hid_apple.iso_layout=0
[    0.273533] Memory: 15843868K/16650504K available (12291K kernel code, 1404K rwdata, 4028K rodata, 2152K init, 4944K bss, 806636K reserved, 0K cma-reserved)
[    0.273634] SLUB: HWalign=64, Order=0-3, MinObjects=0, CPUs=8, Nodes=1
[    0.273638] Kernel/User page tables isolation: enabled
[    0.273650] ftrace: allocating 38173 entries in 150 pages
[    0.286719] rcu: Hierarchical RCU implementation.
[    0.286719] rcu: 	RCU restricting CPUs from NR_CPUS=64 to nr_cpu_ids=8.
[    0.286721] rcu: RCU calculated value of scheduler-enlistment delay is 100 jiffies.
[    0.286721] rcu: Adjusting geometry for rcu_fanout_leaf=16, nr_cpu_ids=8
[    0.288671] NR_IRQS: 4352, nr_irqs: 488, preallocated irqs: 16
[    0.288795] rcu: 	Offload RCU callbacks from CPUs: (none).
[    0.288837] Console: colour dummy device 80x25
[    0.288841] printk: console [tty0] enabled
[    0.288853] ACPI: Core revision 20181213
[    0.289068] clocksource: hpet: mask: 0xffffffff max_cycles: 0xffffffff, max_idle_ns: 133484882848 ns
[    0.289077] hpet clockevent registered
[    0.289081] APIC: Switch to symmetric I/O mode setup
[    0.289082] DMAR: Host address width 39
[    0.289083] DMAR: DRHD base: 0x000000fed90000 flags: 0x0
[    0.289086] DMAR: dmar0: reg_base_addr fed90000 ver 1:0 cap c0000020660462 ecap f0101a
[    0.289087] DMAR: DRHD base: 0x000000fed91000 flags: 0x1
[    0.289089] DMAR: dmar1: reg_base_addr fed91000 ver 1:0 cap d2008c20660462 ecap f010da
[    0.289089] DMAR: RMRR base: 0x00000079800000 end: 0x0000007f9fffff
[    0.289092] DMAR-IR: IOAPIC id 2 under DRHD base  0xfed91000 IOMMU 1
[    0.289093] DMAR-IR: HPET id 0 under DRHD base 0xfed91000
[    0.289093] DMAR-IR: x2apic is disabled because BIOS sets x2apic opt out bit.
[    0.289094] DMAR-IR: Use 'intremap=no_x2apic_optout' to override the BIOS setting.
[    0.289527] DMAR-IR: Enabled IRQ remapping in xapic mode
[    0.289528] x2apic: IRQ remapping doesn't support X2APIC mode
[    0.289903] ..TIMER: vector=0x30 apic1=0 pin1=2 apic2=-1 pin2=-1
[    0.294086] clocksource: tsc-early: mask: 0xffffffffffffffff max_cycles: 0x1fa405619b5, max_idle_ns: 440795238321 ns
[    0.294095] Calibrating delay loop (skipped), value calculated using timer frequency.. 4390.14 BogoMIPS (lpj=2195074)
[    0.294096] pid_max: default: 32768 minimum: 301
[    0.308286] LSM: Security Framework initializing
[    0.308288] Yama: becoming mindful.
[    0.308291] SELinux:  Initializing.
[    0.310269] Dentry cache hash table entries: 2097152 (order: 12, 16777216 bytes)
[    0.311582] Inode-cache hash table entries: 1048576 (order: 11, 8388608 bytes)
[    0.311699] Mount-cache hash table entries: 32768 (order: 6, 262144 bytes)
[    0.311806] Mountpoint-cache hash table entries: 32768 (order: 6, 262144 bytes)
[    0.312103] ENERGY_PERF_BIAS: Set to 'normal', was 'performance'
[    0.312104] ENERGY_PERF_BIAS: View and update with x86_energy_perf_policy(8)
[    0.312109] mce: CPU supports 10 MCE banks
[    0.312122] mce: CPU0: Thermal monitoring enabled (TM1)
[    0.312138] process: using mwait in idle threads
[    0.312141] Last level iTLB entries: 4KB 1024, 2MB 1024, 4MB 1024
[    0.312141] Last level dTLB entries: 4KB 1024, 2MB 1024, 4MB 1024, 1GB 4
[    0.312144] Spectre V2 : Mitigation: Full generic retpoline
[    0.312144] Spectre V2 : Spectre v2 / SpectreRSB mitigation: Filling RSB on context switch
[    0.312145] Spectre V2 : Enabling Restricted Speculation for firmware calls
[    0.312152] Spectre V2 : mitigation: Enabling conditional Indirect Branch Prediction Barrier
[    0.312152] Spectre V2 : User space: Mitigation: STIBP via seccomp and prctl
[    0.312154] Speculative Store Bypass: Mitigation: Speculative Store Bypass disabled via prctl and seccomp
[    0.312360] Freeing SMP alternatives memory: 36K
[    0.313587] TSC deadline timer enabled
[    0.313589] smpboot: CPU0: Intel(R) Core(TM) i7-4770HQ CPU @ 2.20GHz (family: 0x6, model: 0x46, stepping: 0x1)
[    0.313658] Performance Events: PEBS fmt2+, Haswell events, 16-deep LBR, full-width counters, Intel PMU driver.
[    0.313694] ... version:                3
[    0.313695] ... bit width:              48
[    0.313695] ... generic registers:      4
[    0.313696] ... value mask:             0000ffffffffffff
[    0.313696] ... max period:             00007fffffffffff
[    0.313696] ... fixed-purpose events:   3
[    0.313697] ... event mask:             000000070000000f
[    0.313722] rcu: Hierarchical SRCU implementation.
[    0.314087] random: crng done (trusting CPU's manufacturer)
[    0.314087] NMI watchdog: Enabled. Permanently consumes one hw-PMU counter.
[    0.314108] smp: Bringing up secondary CPUs ...
[    0.314158] x86: Booting SMP configuration:
[    0.314160] .... node  #0, CPUs:      #1 #2 #3 #4 #5 #6 #7
[    0.363091] smp: Brought up 1 node, 8 CPUs
[    0.363092] smpboot: Max logical packages: 1
[    0.363094] smpboot: Total of 8 processors activated (35121.18 BogoMIPS)
[    0.364459] devtmpfs: initialized
[    0.364459] x86/mm: Memory block size: 128MB
[    0.365323] PM: Registering ACPI NVS region [mem 0x78d01000-0x78d48fff] (294912 bytes)
[    0.365323] clocksource: jiffies: mask: 0xffffffff max_cycles: 0xffffffff, max_idle_ns: 1911260446275000 ns
[    0.365323] futex hash table entries: 2048 (order: 5, 131072 bytes)
[    0.365323] pinctrl core: initialized pinctrl subsystem
[    0.365324] RTC time: 17:27:25, date: 2019-02-26
[    0.365425] NET: Registered protocol family 16
[    0.365510] audit: initializing netlink subsys (disabled)
[    0.365514] audit: type=2000 audit(1551202045.076:1): state=initialized audit_enabled=0 res=1
[    0.365514] cpuidle: using governor menu
[    0.365514] ACPI: bus type PCI registered
[    0.365514] acpiphp: ACPI Hot Plug PCI Controller Driver version: 0.5
[    0.365514] PCI: MMCONFIG for domain 0000 [bus 00-9b] at [mem 0xe0000000-0xe9bfffff] (base 0xe0000000)
[    0.365514] PCI: not using MMCONFIG
[    0.365514] PCI: Using configuration type 1 for base access
[    0.365514] core: PMU erratum BJ122, BV98, HSD29 worked around, HT is on
[    0.367109] HugeTLB registered 1.00 GiB page size, pre-allocated 0 pages
[    0.367109] HugeTLB registered 2.00 MiB page size, pre-allocated 0 pages
[    0.367111] cryptd: max_cpu_qlen set to 1000
[    0.367130] ACPI: Disabled all _OSI OS vendors
[    0.367131] ACPI: Added _OSI(Module Device)
[    0.367132] ACPI: Added _OSI(Processor Device)
[    0.367132] ACPI: Added _OSI(3.0 _SCP Extensions)
[    0.367133] ACPI: Added _OSI(Processor Aggregator Device)
[    0.367134] ACPI: Added _OSI(Linux-Dell-Video)
[    0.367134] ACPI: Added _OSI(Linux-Lenovo-NV-HDMI-Audio)
[    0.367135] ACPI: Added _OSI(Linux-HPI-Hybrid-Graphics)
[    0.367135] ACPI: Added _OSI(Darwin)
[    0.378714] ACPI: 10 ACPI AML tables successfully acquired and loaded
[    0.379339] ACPI: EC: EC started
[    0.379339] ACPI: EC: interrupt blocked
[    0.381359] ACPI: \: Used as first EC
[    0.381360] ACPI: \: GPE=0x17, EC_CMD/EC_SC=0x66, EC_DATA=0x62
[    0.381361] ACPI: \: Used as boot ECDT EC to handle transactions
[    0.382109] ACPI: BIOS _OSI(Darwin) query honored via DMI
[    0.382651] ACPI: [Firmware Bug]: BIOS _OSI(Linux) query ignored
[    0.382771] ACPI Error: Needed type [Reference], found [Integer] 00000000da32e8a0 (20181213/exresop-69)
[    0.382774] ACPI Error: AE_AML_OPERAND_TYPE, While resolving operands for [OpcodeName unavailable] (20181213/dswexec-427)
[    0.382776] ACPI Error: Method parse/execution failed \_PR.CPU0._PDC, AE_AML_OPERAND_TYPE (20181213/psparse-531)
[    0.382965] ACPI: Dynamic OEM Table Load:
[    0.382970] ACPI: SSDT 0xFFFF8CAAACB4B800 00067C (v01 PmRef  ApIst    00003000 INTL 20140424)
[    0.383356] ACPI: Dynamic OEM Table Load:
[    0.383360] ACPI: SSDT 0xFFFF8CAAACB9A200 000119 (v01 PmRef  ApCst    00003000 INTL 20140424)
[    0.384426] ACPI: Interpreter enabled
[    0.384442] ACPI: (supports S0 S3 S4 S5)
[    0.384443] ACPI: Using IOAPIC for interrupt routing
[    0.384460] PCI: MMCONFIG for domain 0000 [bus 00-9b] at [mem 0xe0000000-0xe9bfffff] (base 0xe0000000)
[    0.384849] PCI: MMCONFIG at [mem 0xe0000000-0xe9bfffff] reserved in ACPI motherboard resources
[    0.384858] PCI: Using host bridge windows from ACPI; if necessary, use "pci=nocrs" and report a bug
[    0.385043] ACPI: Enabled 7 GPEs in block 00 to 3F
[    0.392440] ACPI: PCI Root Bridge [PCI0] (domain 0000 [bus 00-ff])
[    0.392444] acpi PNP0A08:00: _OSC: OS assumes control of [PCIeHotplug SHPCHotplug AER PCIeCapability LTR]
[    0.392453] acpi PNP0A08:00: [Firmware Info]: MMCONFIG for domain 0000 [bus 00-9b] only partially covers this bridge
[    0.392654] PCI host bridge to bus 0000:00
[    0.392656] pci_bus 0000:00: root bus resource [io  0x0000-0x0cf7 window]
[    0.392657] pci_bus 0000:00: root bus resource [io  0x0d00-0xffff window]
[    0.392658] pci_bus 0000:00: root bus resource [mem 0x000a0000-0x000bffff window]
[    0.392659] pci_bus 0000:00: root bus resource [mem 0x000c0000-0x000c3fff window]
[    0.392660] pci_bus 0000:00: root bus resource [mem 0x000c4000-0x000c7fff window]
[    0.392661] pci_bus 0000:00: root bus resource [mem 0x000c8000-0x000cbfff window]
[    0.392662] pci_bus 0000:00: root bus resource [mem 0x000cc000-0x000cffff window]
[    0.392663] pci_bus 0000:00: root bus resource [mem 0x000d0000-0x000d3fff window]
[    0.392664] pci_bus 0000:00: root bus resource [mem 0x000d4000-0x000d7fff window]
[    0.392665] pci_bus 0000:00: root bus resource [mem 0x000d8000-0x000dbfff window]
[    0.392666] pci_bus 0000:00: root bus resource [mem 0x000dc000-0x000dffff window]
[    0.392667] pci_bus 0000:00: root bus resource [mem 0x000e0000-0x000e3fff window]
[    0.392668] pci_bus 0000:00: root bus resource [mem 0x000e4000-0x000e7fff window]
[    0.392669] pci_bus 0000:00: root bus resource [mem 0x000e8000-0x000ebfff window]
[    0.392670] pci_bus 0000:00: root bus resource [mem 0x000ec000-0x000effff window]
[    0.392670] pci_bus 0000:00: root bus resource [mem 0x000f0000-0x000fffff window]
[    0.392671] pci_bus 0000:00: root bus resource [mem 0x7fa00000-0xfeafffff window]
[    0.392672] pci_bus 0000:00: root bus resource [mem 0xfed40000-0xfed44fff window]
[    0.392674] pci_bus 0000:00: root bus resource [bus 00-ff]
[    0.392680] pci 0000:00:00.0: [8086:0d04] type 00 class 0x060000
[    0.392746] pci 0000:00:01.0: [8086:0d01] type 01 class 0x060400
[    0.392777] pci 0000:00:01.0: PME# supported from D0 D3hot D3cold
[    0.392823] pci 0000:00:01.1: [8086:0d05] type 01 class 0x060400
[    0.392851] pci 0000:00:01.1: PME# supported from D0 D3hot D3cold
[    0.392922] pci 0000:00:02.0: [8086:0d26] type 00 class 0x030000
[    0.392930] pci 0000:00:02.0: reg 0x10: [mem 0xa0000000-0xa03fffff 64bit]
[    0.392935] pci 0000:00:02.0: reg 0x18: [mem 0x90000000-0x9fffffff 64bit pref]
[    0.392938] pci 0000:00:02.0: reg 0x20: [io  0x3000-0x303f]
[    0.392947] pci 0000:00:02.0: BAR 2: assigned to efifb
[    0.392996] pci 0000:00:03.0: [8086:0d0c] type 00 class 0x040300
[    0.393003] pci 0000:00:03.0: reg 0x10: [mem 0xa0c10000-0xa0c13fff 64bit]
[    0.393082] pci 0000:00:14.0: [8086:8c31] type 00 class 0x0c0330
[    0.393101] pci 0000:00:14.0: reg 0x10: [mem 0xa0c00000-0xa0c0ffff 64bit]
[    0.393152] pci 0000:00:14.0: PME# supported from D3hot D3cold
[    0.393230] pci 0000:00:16.0: [8086:8c3a] type 00 class 0x078000
[    0.393249] pci 0000:00:16.0: reg 0x10: [mem 0xa0c19100-0xa0c1910f 64bit]
[    0.393301] pci 0000:00:16.0: PME# supported from D0 D3hot D3cold
[    0.393357] pci 0000:00:1b.0: [8086:8c20] type 00 class 0x040300
[    0.393374] pci 0000:00:1b.0: reg 0x10: [mem 0xa0c14000-0xa0c17fff 64bit]
[    0.393432] pci 0000:00:1b.0: PME# supported from D0 D3hot D3cold
[    0.393482] pci 0000:00:1c.0: [8086:8c10] type 01 class 0x060400
[    0.393524] pci 0000:00:1c.0: claimed MacBook Pro poweroff workaround [mem 0x7fa00000-0x7fbfffff]
[    0.393568] pci 0000:00:1c.0: PME# supported from D0 D3hot D3cold
[    0.393629] pci 0000:00:1c.2: [8086:8c14] type 01 class 0x060400
[    0.393698] pci 0000:00:1c.2: PME# supported from D0 D3hot D3cold
[    0.393754] pci 0000:00:1c.3: [8086:8c16] type 01 class 0x060400
[    0.393823] pci 0000:00:1c.3: PME# supported from D0 D3hot D3cold
[    0.393885] pci 0000:00:1f.0: [8086:8c4b] type 00 class 0x060100
[    0.394020] pci 0000:00:1f.3: [8086:8c22] type 00 class 0x0c0500
[    0.394036] pci 0000:00:1f.3: reg 0x10: [mem 0xa0c19000-0xa0c190ff 64bit]
[    0.394053] pci 0000:00:1f.3: reg 0x20: [io  0xefa0-0xefbf]
[    0.394114] pci 0000:00:1f.6: [8086:8c24] type 00 class 0x118000
[    0.394132] pci 0000:00:1f.6: reg 0x10: [mem 0xa0c18000-0xa0c18fff 64bit]
[    0.394280] pci 0000:01:00.0: [144d:a801] type 00 class 0x010601
[    0.394314] pci 0000:01:00.0: reg 0x24: [mem 0xa0b00000-0xa0b01fff]
[    0.394440] pci 0000:00:01.0: PCI bridge to [bus 01]
[    0.394442] pci 0000:00:01.0:   bridge window [mem 0xa0b00000-0xa0bfffff]
[    0.394488] pci 0000:05:00.0: [8086:156d] type 01 class 0x060400
[    0.394567] pci 0000:05:00.0: supports D1 D2
[    0.394568] pci 0000:05:00.0: PME# supported from D0 D1 D2 D3hot D3cold
[    0.394653] pci 0000:00:01.1: PCI bridge to [bus 05-9b]
[    0.394654] pci 0000:00:01.1:   bridge window [io  0x4000-0x6fff]
[    0.394656] pci 0000:00:01.1:   bridge window [mem 0xa0d00000-0xacdfffff]
[    0.394658] pci 0000:00:01.1:   bridge window [mem 0xace00000-0xb8dfffff 64bit pref]
[    0.394739] pci 0000:06:00.0: [8086:156d] type 01 class 0x060400
[    0.394826] pci 0000:06:00.0: supports D1 D2
[    0.394827] pci 0000:06:00.0: PME# supported from D0 D1 D2 D3hot D3cold
[    0.394888] pci 0000:06:03.0: [8086:156d] type 01 class 0x060400
[    0.394974] pci 0000:06:03.0: supports D1 D2
[    0.394975] pci 0000:06:03.0: PME# supported from D0 D1 D2 D3hot D3cold
[    0.395034] pci 0000:06:04.0: [8086:156d] type 01 class 0x060400
[    0.395121] pci 0000:06:04.0: supports D1 D2
[    0.395122] pci 0000:06:04.0: PME# supported from D0 D1 D2 D3hot D3cold
[    0.395182] pci 0000:06:05.0: [8086:156d] type 01 class 0x060400
[    0.395268] pci 0000:06:05.0: supports D1 D2
[    0.395269] pci 0000:06:05.0: PME# supported from D0 D1 D2 D3hot D3cold
[    0.395327] pci 0000:06:06.0: [8086:156d] type 01 class 0x060400
[    0.395413] pci 0000:06:06.0: supports D1 D2
[    0.395414] pci 0000:06:06.0: PME# supported from D0 D1 D2 D3hot D3cold
[    0.395483] pci 0000:05:00.0: PCI bridge to [bus 06-6b]
[    0.395486] pci 0000:05:00.0:   bridge window [io  0x4000-0x5fff]
[    0.395489] pci 0000:05:00.0:   bridge window [mem 0xa0d00000-0xa8dfffff]
[    0.395493] pci 0000:05:00.0:   bridge window [mem 0xace00000-0xb4dfffff 64bit pref]
[    0.395540] pci 0000:07:00.0: [8086:156c] type 00 class 0x088000
[    0.395564] pci 0000:07:00.0: reg 0x10: [mem 0xa0d00000-0xa0d3ffff]
[    0.395573] pci 0000:07:00.0: reg 0x14: [mem 0xa0d40000-0xa0d40fff]
[    0.395692] pci 0000:07:00.0: supports D1 D2
[    0.395693] pci 0000:07:00.0: PME# supported from D0 D1 D2 D3hot D3cold
[    0.395833] pci 0000:06:00.0: PCI bridge to [bus 07]
[    0.395838] pci 0000:06:00.0:   bridge window [mem 0xa0d00000-0xa0dfffff]
[    0.395892] pci 0000:06:03.0: PCI bridge to [bus 08-38]
[    0.395896] pci 0000:06:03.0:   bridge window [io  0x4000-0x4fff]
[    0.395899] pci 0000:06:03.0:   bridge window [mem 0xa0e00000-0xa4dfffff]
[    0.395903] pci 0000:06:03.0:   bridge window [mem 0xace00000-0xb0dfffff 64bit pref]
[    0.395952] pci 0000:06:04.0: PCI bridge to [bus 39]
[    0.396008] pci 0000:06:05.0: PCI bridge to [bus 3a-6a]
[    0.396012] pci 0000:06:05.0:   bridge window [io  0x5000-0x5fff]
[    0.396015] pci 0000:06:05.0:   bridge window [mem 0xa4e00000-0xa8dfffff]
[    0.396018] pci 0000:06:05.0:   bridge window [mem 0xb0e00000-0xb4dfffff 64bit pref]
[    0.396045] pci 0000:06:06.0: PCI bridge to [bus 6b]
[    0.396114] pci 0000:00:1c.0: PCI bridge to [bus 02]
[    0.396206] pci 0000:03:00.0: [14e4:43ba] type 00 class 0x028000
[    0.396270] pci 0000:03:00.0: reg 0x10: [mem 0xa0800000-0xa0807fff 64bit]
[    0.396297] pci 0000:03:00.0: reg 0x18: [mem 0xa0400000-0xa07fffff 64bit]
[    0.396503] pci 0000:03:00.0: supports D1 D2
[    0.396504] pci 0000:03:00.0: PME# supported from D0 D1 D2 D3hot D3cold
[    0.396732] pci 0000:00:1c.2: PCI bridge to [bus 03]
[    0.396737] pci 0000:00:1c.2:   bridge window [mem 0xa0400000-0xa08fffff]
[    0.396797] pci 0000:04:00.0: [14e4:1570] type 00 class 0x048000
[    0.396829] pci 0000:04:00.0: reg 0x10: [mem 0xa0a00000-0xa0a0ffff 64bit]
[    0.396843] pci 0000:04:00.0: reg 0x18: [mem 0x80000000-0x8fffffff 64bit pref]
[    0.396858] pci 0000:04:00.0: reg 0x20: [mem 0xa0900000-0xa09fffff 64bit]
[    0.396944] pci 0000:04:00.0: supports D1
[    0.396945] pci 0000:04:00.0: PME# supported from D0 D3hot
[    0.397051] pci 0000:00:1c.3: PCI bridge to [bus 04]
[    0.397056] pci 0000:00:1c.3:   bridge window [mem 0xa0900000-0xa0afffff]
[    0.397060] pci 0000:00:1c.3:   bridge window [mem 0x80000000-0x8fffffff 64bit pref]
[    0.397797] ACPI: PCI Interrupt Link [LNKA] (IRQs 1 3 4 5 6 7 10 12 14 15) *0, disabled.
[    0.397840] ACPI: PCI Interrupt Link [LNKB] (IRQs 1 3 4 5 6 7 11 12 14 15) *0, disabled.
[    0.397885] ACPI: PCI Interrupt Link [LNKC] (IRQs 1 3 4 5 6 7 10 12 14 15) *0, disabled.
[    0.397930] ACPI: PCI Interrupt Link [LNKD] (IRQs 1 3 4 5 6 7 11 12 14 15) *0, disabled.
[    0.397970] ACPI: PCI Interrupt Link [LNKE] (IRQs 1 3 4 5 6 7 10 12 14 15) *0, disabled.
[    0.398010] ACPI: PCI Interrupt Link [LNKF] (IRQs 1 3 4 5 6 7 11 12 14 15) *0, disabled.
[    0.398056] ACPI: PCI Interrupt Link [LNKG] (IRQs 1 3 4 5 6 7 10 12 14 15) *0, disabled.
[    0.398104] ACPI: PCI Interrupt Link [LNKH] (IRQs 1 3 4 5 6 7 11 12 14 15) *0, disabled.
[    0.398246] ACPI: EC: interrupt unblocked
[    0.398263] ACPI: EC: event unblocked
[    0.398276] ACPI: \_SB_.PCI0.LPCB.EC__: GPE=0x17, EC_CMD/EC_SC=0x66, EC_DATA=0x62
[    0.398277] ACPI: \_SB_.PCI0.LPCB.EC__: Used as boot DSDT EC to handle transactions and events
[    0.398321] pci 0000:00:02.0: vgaarb: setting as boot VGA device
[    0.398321] pci 0000:00:02.0: vgaarb: VGA device added: decodes=io+mem,owns=io+mem,locks=none
[    0.398321] pci 0000:00:02.0: vgaarb: bridge control possible
[    0.398321] vgaarb: loaded
[    0.398321] SCSI subsystem initialized
[    0.398321] libata version 3.00 loaded.
[    0.398321] ACPI: bus type USB registered
[    0.398321] usbcore: registered new interface driver usbfs
[    0.398321] usbcore: registered new interface driver hub
[    0.398321] usbcore: registered new device driver usb
[    0.398321] pps_core: LinuxPPS API ver. 1 registered
[    0.398321] pps_core: Software ver. 5.3.6 - Copyright 2005-2007 Rodolfo Giometti <giometti@linux.it>
[    0.398321] PTP clock support registered
[    0.398321] EDAC MC: Ver: 3.0.0
[    0.398321] Registered efivars operations
[    0.516562] PCI: Using ACPI for IRQ routing
[    0.519088] PCI: pci_cache_line_size set to 64 bytes
[    0.519190] e820: reserve RAM buffer [mem 0x00058000-0x0005ffff]
[    0.519191] e820: reserve RAM buffer [mem 0x66282710-0x67ffffff]
[    0.519192] e820: reserve RAM buffer [mem 0x78d01000-0x7bffffff]
[    0.519193] e820: reserve RAM buffer [mem 0x78d5d000-0x7bffffff]
[    0.519194] e820: reserve RAM buffer [mem 0x78e3a000-0x7bffffff]
[    0.519195] e820: reserve RAM buffer [mem 0x78ecc000-0x7bffffff]
[    0.519196] e820: reserve RAM buffer [mem 0x78f85000-0x7bffffff]
[    0.519197] e820: reserve RAM buffer [mem 0x79000000-0x7bffffff]
[    0.519197] e820: reserve RAM buffer [mem 0x47f600000-0x47fffffff]
[    0.519269] NetLabel: Initializing
[    0.519270] NetLabel:  domain hash size = 128
[    0.519270] NetLabel:  protocols = UNLABELED CIPSOv4 CALIPSO
[    0.519280] NetLabel:  unlabeled traffic allowed by default
[    0.520164] hpet0: at MMIO 0xfed00000, IRQs 2, 8, 0, 0, 0, 0, 0, 0
[    0.520167] hpet0: 8 comparators, 64-bit 14.318180 MHz counter
[    0.522103] clocksource: Switched to clocksource tsc-early
[    0.531545] VFS: Disk quotas dquot_6.6.0
[    0.531558] VFS: Dquot-cache hash table entries: 512 (order 0, 4096 bytes)
[    0.531606] pnp: PnP ACPI init
[    0.532260] system 00:00: [mem 0xfed00000-0xfed03fff] has been reserved
[    0.532265] system 00:00: Plug and Play ACPI device, IDs PNP0103 PNP0c01 (active)
[    0.532296] system 00:01: [io  0xffff] has been reserved
[    0.532298] system 00:01: [io  0x1800-0x187f] has been reserved
[    0.532299] system 00:01: [io  0x0800-0x087f] has been reserved
[    0.532302] system 00:01: Plug and Play ACPI device, IDs PNP0c02 (active)
[    0.532314] pnp 00:02: Plug and Play ACPI device, IDs PNP0b00 (active)
[    0.532358] pnp 00:03: Plug and Play ACPI device, IDs APP000b (active)
[    0.532457] system 00:04: [mem 0xfed1c000-0xfed1ffff] has been reserved
[    0.532458] system 00:04: [mem 0xfed10000-0xfed17fff] has been reserved
[    0.532459] system 00:04: [mem 0xfed18000-0xfed18fff] has been reserved
[    0.532460] system 00:04: [mem 0xfed19000-0xfed19fff] has been reserved
[    0.532462] system 00:04: [mem 0xe0000000-0xefffffff] could not be reserved
[    0.532463] system 00:04: [mem 0xfed20000-0xfed3ffff] has been reserved
[    0.532464] system 00:04: [mem 0xfed90000-0xfed93fff] could not be reserved
[    0.532465] system 00:04: [mem 0xfed45000-0xfed8ffff] has been reserved
[    0.532466] system 00:04: [mem 0xff000000-0xffffffff] could not be reserved
[    0.532467] system 00:04: [mem 0xfee00000-0xfeefffff] has been reserved
[    0.532470] system 00:04: Plug and Play ACPI device, IDs PNP0c02 (active)
[    0.532507] system 00:05: [mem 0x20000000-0x201fffff] could not be reserved
[    0.532508] system 00:05: [mem 0x40000000-0x401fffff] could not be reserved
[    0.532510] system 00:05: Plug and Play ACPI device, IDs PNP0c01 (active)
[    0.532618] pnp: PnP ACPI: found 6 devices
[    0.533437] pci 0000:07:00.0: assigning 8 device properties
[    0.533446] pci 0000:00:1b.0: assigning 4 device properties
[    0.533451] pci 0000:00:02.0: assigning 2 device properties
[    0.538022] clocksource: acpi_pm: mask: 0xffffff max_cycles: 0xffffff, max_idle_ns: 2085701024 ns
[    0.538057] pci 0000:06:00.0: bridge window [io  0x1000-0x0fff] to [bus 07] add_size 1000
[    0.538058] pci 0000:06:00.0: bridge window [mem 0x00100000-0x000fffff 64bit pref] to [bus 07] add_size 200000 add_align 100000
[    0.538069] pci 0000:06:04.0: bridge window [io  0x1000-0x0fff] to [bus 39] add_size 1000
[    0.538071] pci 0000:06:04.0: bridge window [mem 0x00100000-0x000fffff 64bit pref] to [bus 39] add_size 200000 add_align 100000
[    0.538072] pci 0000:06:04.0: bridge window [mem 0x00100000-0x000fffff] to [bus 39] add_size 200000 add_align 100000
[    0.538082] pci 0000:06:06.0: bridge window [io  0x1000-0x0fff] to [bus 6b] add_size 1000
[    0.538084] pci 0000:06:06.0: bridge window [mem 0x00100000-0x000fffff 64bit pref] to [bus 6b] add_size 200000 add_align 100000
[    0.538085] pci 0000:06:06.0: bridge window [mem 0x00100000-0x000fffff] to [bus 6b] add_size 200000 add_align 100000
[    0.538105] pci 0000:00:1c.0: bridge window [io  0x1000-0x0fff] to [bus 02] add_size 1000
[    0.538106] pci 0000:00:1c.0: bridge window [mem 0x00100000-0x000fffff 64bit pref] to [bus 02] add_size 200000 add_align 100000
[    0.538107] pci 0000:00:1c.0: bridge window [mem 0x00100000-0x000fffff] to [bus 02] add_size 200000 add_align 100000
[    0.538126] pci 0000:00:1c.0: BAR 14: assigned [mem 0x7fc00000-0x7fdfffff]
[    0.538132] pci 0000:00:1c.0: BAR 15: assigned [mem 0x7fe00000-0x7fffffff 64bit pref]
[    0.538134] pci 0000:00:1c.0: BAR 13: assigned [io  0x2000-0x2fff]
[    0.538136] pci 0000:00:01.0: PCI bridge to [bus 01]
[    0.538138] pci 0000:00:01.0:   bridge window [mem 0xa0b00000-0xa0bfffff]
[    0.538145] pci 0000:06:00.0: BAR 15: no space for [mem size 0x00200000 64bit pref]
[    0.538146] pci 0000:06:00.0: BAR 15: failed to assign [mem size 0x00200000 64bit pref]
[    0.538147] pci 0000:06:04.0: BAR 14: no space for [mem size 0x00200000]
[    0.538148] pci 0000:06:04.0: BAR 14: failed to assign [mem size 0x00200000]
[    0.538150] pci 0000:06:04.0: BAR 15: no space for [mem size 0x00200000 64bit pref]
[    0.538151] pci 0000:06:04.0: BAR 15: failed to assign [mem size 0x00200000 64bit pref]
[    0.538152] pci 0000:06:06.0: BAR 14: no space for [mem size 0x00200000]
[    0.538153] pci 0000:06:06.0: BAR 14: failed to assign [mem size 0x00200000]
[    0.538154] pci 0000:06:06.0: BAR 15: no space for [mem size 0x00200000 64bit pref]
[    0.538155] pci 0000:06:06.0: BAR 15: failed to assign [mem size 0x00200000 64bit pref]
[    0.538156] pci 0000:06:00.0: BAR 13: no space for [io  size 0x1000]
[    0.538157] pci 0000:06:00.0: BAR 13: failed to assign [io  size 0x1000]
[    0.538158] pci 0000:06:04.0: BAR 13: no space for [io  size 0x1000]
[    0.538159] pci 0000:06:04.0: BAR 13: failed to assign [io  size 0x1000]
[    0.538160] pci 0000:06:06.0: BAR 13: no space for [io  size 0x1000]
[    0.538161] pci 0000:06:06.0: BAR 13: failed to assign [io  size 0x1000]
[    0.538163] pci 0000:06:06.0: BAR 14: no space for [mem size 0x00200000]
[    0.538164] pci 0000:06:06.0: BAR 14: failed to assign [mem size 0x00200000]
[    0.538165] pci 0000:06:06.0: BAR 15: no space for [mem size 0x00200000 64bit pref]
[    0.538166] pci 0000:06:06.0: BAR 15: failed to assign [mem size 0x00200000 64bit pref]
[    0.538167] pci 0000:06:06.0: BAR 13: no space for [io  size 0x1000]
[    0.538168] pci 0000:06:06.0: BAR 13: failed to assign [io  size 0x1000]
[    0.538170] pci 0000:06:04.0: BAR 14: no space for [mem size 0x00200000]
[    0.538170] pci 0000:06:04.0: BAR 14: failed to assign [mem size 0x00200000]
[    0.538172] pci 0000:06:04.0: BAR 15: no space for [mem size 0x00200000 64bit pref]
[    0.538173] pci 0000:06:04.0: BAR 15: failed to assign [mem size 0x00200000 64bit pref]
[    0.538174] pci 0000:06:04.0: BAR 13: no space for [io  size 0x1000]
[    0.538175] pci 0000:06:04.0: BAR 13: failed to assign [io  size 0x1000]
[    0.538177] pci 0000:06:00.0: BAR 15: no space for [mem size 0x00200000 64bit pref]
[    0.538178] pci 0000:06:00.0: BAR 15: failed to assign [mem size 0x00200000 64bit pref]
[    0.538179] pci 0000:06:00.0: BAR 13: no space for [io  size 0x1000]
[    0.538180] pci 0000:06:00.0: BAR 13: failed to assign [io  size 0x1000]
[    0.538181] pci 0000:06:00.0: PCI bridge to [bus 07]
[    0.538184] pci 0000:06:00.0:   bridge window [mem 0xa0d00000-0xa0dfffff]
[    0.538190] pci 0000:06:03.0: PCI bridge to [bus 08-38]
[    0.538192] pci 0000:06:03.0:   bridge window [io  0x4000-0x4fff]
[    0.538195] pci 0000:06:03.0:   bridge window [mem 0xa0e00000-0xa4dfffff]
[    0.538197] pci 0000:06:03.0:   bridge window [mem 0xace00000-0xb0dfffff 64bit pref]
[    0.538201] pci 0000:06:04.0: PCI bridge to [bus 39]
[    0.538210] pci 0000:06:05.0: PCI bridge to [bus 3a-6a]
[    0.538211] pci 0000:06:05.0:   bridge window [io  0x5000-0x5fff]
[    0.538214] pci 0000:06:05.0:   bridge window [mem 0xa4e00000-0xa8dfffff]
[    0.538217] pci 0000:06:05.0:   bridge window [mem 0xb0e00000-0xb4dfffff 64bit pref]
[    0.538221] pci 0000:06:06.0: PCI bridge to [bus 6b]
[    0.538229] pci 0000:05:00.0: PCI bridge to [bus 06-6b]
[    0.538231] pci 0000:05:00.0:   bridge window [io  0x4000-0x5fff]
[    0.538234] pci 0000:05:00.0:   bridge window [mem 0xa0d00000-0xa8dfffff]
[    0.538236] pci 0000:05:00.0:   bridge window [mem 0xace00000-0xb4dfffff 64bit pref]
[    0.538240] pci 0000:00:01.1: PCI bridge to [bus 05-9b]
[    0.538242] pci 0000:00:01.1:   bridge window [io  0x4000-0x6fff]
[    0.538243] pci 0000:00:01.1:   bridge window [mem 0xa0d00000-0xacdfffff]
[    0.538245] pci 0000:00:01.1:   bridge window [mem 0xace00000-0xb8dfffff 64bit pref]
[    0.538248] pci 0000:00:1c.0: PCI bridge to [bus 02]
[    0.538254] pci 0000:00:1c.0:   bridge window [io  0x2000-0x2fff]
[    0.538258] pci 0000:00:1c.0:   bridge window [mem 0x7fc00000-0x7fdfffff]
[    0.538262] pci 0000:00:1c.0:   bridge window [mem 0x7fe00000-0x7fffffff 64bit pref]
[    0.538267] pci 0000:00:1c.2: PCI bridge to [bus 03]
[    0.538271] pci 0000:00:1c.2:   bridge window [mem 0xa0400000-0xa08fffff]
[    0.538278] pci 0000:00:1c.3: PCI bridge to [bus 04]
[    0.538282] pci 0000:00:1c.3:   bridge window [mem 0xa0900000-0xa0afffff]
[    0.538286] pci 0000:00:1c.3:   bridge window [mem 0x80000000-0x8fffffff 64bit pref]
[    0.538291] pci_bus 0000:00: resource 4 [io  0x0000-0x0cf7 window]
[    0.538292] pci_bus 0000:00: resource 5 [io  0x0d00-0xffff window]
[    0.538293] pci_bus 0000:00: resource 6 [mem 0x000a0000-0x000bffff window]
[    0.538294] pci_bus 0000:00: resource 7 [mem 0x000c0000-0x000c3fff window]
[    0.538295] pci_bus 0000:00: resource 8 [mem 0x000c4000-0x000c7fff window]
[    0.538296] pci_bus 0000:00: resource 9 [mem 0x000c8000-0x000cbfff window]
[    0.538297] pci_bus 0000:00: resource 10 [mem 0x000cc000-0x000cffff window]
[    0.538298] pci_bus 0000:00: resource 11 [mem 0x000d0000-0x000d3fff window]
[    0.538299] pci_bus 0000:00: resource 12 [mem 0x000d4000-0x000d7fff window]
[    0.538300] pci_bus 0000:00: resource 13 [mem 0x000d8000-0x000dbfff window]
[    0.538301] pci_bus 0000:00: resource 14 [mem 0x000dc000-0x000dffff window]
[    0.538302] pci_bus 0000:00: resource 15 [mem 0x000e0000-0x000e3fff window]
[    0.538303] pci_bus 0000:00: resource 16 [mem 0x000e4000-0x000e7fff window]
[    0.538304] pci_bus 0000:00: resource 17 [mem 0x000e8000-0x000ebfff window]
[    0.538305] pci_bus 0000:00: resource 18 [mem 0x000ec000-0x000effff window]
[    0.538306] pci_bus 0000:00: resource 19 [mem 0x000f0000-0x000fffff window]
[    0.538307] pci_bus 0000:00: resource 20 [mem 0x7fa00000-0xfeafffff window]
[    0.538308] pci_bus 0000:00: resource 21 [mem 0xfed40000-0xfed44fff window]
[    0.538309] pci_bus 0000:01: resource 1 [mem 0xa0b00000-0xa0bfffff]
[    0.538310] pci_bus 0000:05: resource 0 [io  0x4000-0x6fff]
[    0.538311] pci_bus 0000:05: resource 1 [mem 0xa0d00000-0xacdfffff]
[    0.538312] pci_bus 0000:05: resource 2 [mem 0xace00000-0xb8dfffff 64bit pref]
[    0.538313] pci_bus 0000:06: resource 0 [io  0x4000-0x5fff]
[    0.538314] pci_bus 0000:06: resource 1 [mem 0xa0d00000-0xa8dfffff]
[    0.538315] pci_bus 0000:06: resource 2 [mem 0xace00000-0xb4dfffff 64bit pref]
[    0.538316] pci_bus 0000:07: resource 1 [mem 0xa0d00000-0xa0dfffff]
[    0.538317] pci_bus 0000:08: resource 0 [io  0x4000-0x4fff]
[    0.538317] pci_bus 0000:08: resource 1 [mem 0xa0e00000-0xa4dfffff]
[    0.538318] pci_bus 0000:08: resource 2 [mem 0xace00000-0xb0dfffff 64bit pref]
[    0.538319] pci_bus 0000:3a: resource 0 [io  0x5000-0x5fff]
[    0.538320] pci_bus 0000:3a: resource 1 [mem 0xa4e00000-0xa8dfffff]
[    0.538321] pci_bus 0000:3a: resource 2 [mem 0xb0e00000-0xb4dfffff 64bit pref]
[    0.538322] pci_bus 0000:02: resource 0 [io  0x2000-0x2fff]
[    0.538323] pci_bus 0000:02: resource 1 [mem 0x7fc00000-0x7fdfffff]
[    0.538324] pci_bus 0000:02: resource 2 [mem 0x7fe00000-0x7fffffff 64bit pref]
[    0.538325] pci_bus 0000:03: resource 1 [mem 0xa0400000-0xa08fffff]
[    0.538326] pci_bus 0000:04: resource 1 [mem 0xa0900000-0xa0afffff]
[    0.538327] pci_bus 0000:04: resource 2 [mem 0x80000000-0x8fffffff 64bit pref]
[    0.538427] NET: Registered protocol family 2
[    0.538546] tcp_listen_portaddr_hash hash table entries: 8192 (order: 5, 131072 bytes)
[    0.538592] TCP established hash table entries: 131072 (order: 8, 1048576 bytes)
[    0.538739] TCP bind hash table entries: 65536 (order: 8, 1048576 bytes)
[    0.538856] TCP: Hash tables configured (established 131072 bind 65536)
[    0.538885] UDP hash table entries: 8192 (order: 6, 262144 bytes)
[    0.538920] UDP-Lite hash table entries: 8192 (order: 6, 262144 bytes)
[    0.538983] NET: Registered protocol family 1
[    0.538986] NET: Registered protocol family 44
[    0.538995] pci 0000:00:02.0: Video device with shadowed ROM at [mem 0x000c0000-0x000dffff]
[    0.539230] PCI: CLS 256 bytes, default 64
[    0.539256] Unpacking initramfs...
[    1.689777] Freeing initrd memory: 92884K
[    1.695131] PCI-DMA: Using software bounce buffering for IO (SWIOTLB)
[    1.695134] software IO TLB: mapped [mem 0x5f070000-0x63070000] (64MB)
[    1.698249] Initialise system trusted keyrings
[    1.698263] Key type blacklist registered
[    1.698315] workingset: timestamp_bits=36 max_order=22 bucket_order=0
[    1.699615] zbud: loaded
[    1.831082] alg: No test for 842 (842-generic)
[    1.831660] alg: No test for 842 (842-scomp)
[    1.851196] NET: Registered protocol family 38
[    1.851198] Key type asymmetric registered
[    1.851199] Asymmetric key parser 'x509' registered
[    1.851208] Block layer SCSI generic (bsg) driver version 0.4 loaded (major 243)
[    1.851232] io scheduler mq-deadline registered
[    1.851287] atomic64_test: passed for x86-64 platform with CX8 and with SSE
[    1.851659] pciehp 0000:00:1c.0:pcie004: Slot #0 AttnBtn- PwrCtrl- MRL- AttnInd- PwrInd- HotPlug+ Surprise+ Interlock- NoCompl+ LLActRep+
[    1.852148] pciehp 0000:06:00.0:pcie204: Slot #0 AttnBtn- PwrCtrl- MRL- AttnInd- PwrInd- HotPlug+ Surprise+ Interlock- NoCompl+ LLActRep+
[    1.852302] pciehp 0000:06:03.0:pcie204: Slot #3 AttnBtn- PwrCtrl- MRL- AttnInd- PwrInd- HotPlug+ Surprise+ Interlock- NoCompl+ LLActRep+
[    1.852451] pciehp 0000:06:04.0:pcie204: Slot #4 AttnBtn- PwrCtrl- MRL- AttnInd- PwrInd- HotPlug+ Surprise+ Interlock- NoCompl+ LLActRep+
[    1.852598] pciehp 0000:06:05.0:pcie204: Slot #5 AttnBtn- PwrCtrl- MRL- AttnInd- PwrInd- HotPlug+ Surprise+ Interlock- NoCompl+ LLActRep+
[    1.852750] pciehp 0000:06:06.0:pcie204: Slot #6 AttnBtn- PwrCtrl- MRL- AttnInd- PwrInd- HotPlug+ Surprise+ Interlock- NoCompl+ LLActRep+
[    1.852828] shpchp: Standard Hot Plug PCI Controller Driver version: 0.4
[    1.852844] efifb: probing for efifb
[    1.852856] efifb: No BGRT, not showing boot graphics
[    1.852857] efifb: framebuffer at 0x90000000, using 20700k, total 20700k
[    1.852857] efifb: mode is 2880x1800x32, linelength=11776, pages=1
[    1.852858] efifb: scrolling: redraw
[    1.852859] efifb: Truecolor: size=8:8:8:8, shift=24:16:8:0
[    1.852889] fbcon: Deferring console take-over
[    1.852889] fb0: EFI VGA frame buffer device
[    1.852895] intel_idle: MWAIT substates: 0x42120
[    1.852896] intel_idle: v0.4.1 model 0x46
[    1.853127] intel_idle: lapic_timer_reliable_states 0xffffffff
[    1.853215] ACPI: AC Adapter [ADP1] (on-line)
[    1.853262] input: Lid Switch as /devices/LNXSYSTM:00/LNXSYBUS:00/PNP0C0D:00/input/input0
[    1.853273] ACPI: Lid Switch [LID0]
[    1.853304] input: Power Button as /devices/LNXSYSTM:00/LNXSYBUS:00/PNP0C0C:00/input/input1
[    1.853310] ACPI: Power Button [PWRB]
[    1.853330] input: Sleep Button as /devices/LNXSYSTM:00/LNXSYBUS:00/PNP0C0E:00/input/input2
[    1.853334] ACPI: Sleep Button [SLPB]
[    1.853352] input: Power Button as /devices/LNXSYSTM:00/LNXPWRBN:00/input/input3
[    1.853360] ACPI: Power Button [PWRF]
[    1.854080] Serial: 8250/16550 driver, 32 ports, IRQ sharing enabled
[    1.855372] Non-volatile memory driver v1.3
[    1.855389] Linux agpgart interface v0.103
[    1.856010] ahci 0000:01:00.0: version 3.0
[    1.876324] ahci 0000:01:00.0: AHCI 0001.0300 32 slots 1 ports 6 Gbps 0x1 impl SATA mode
[    1.876329] ahci 0000:01:00.0: flags: 64bit ncq led clo only pio ccc 
[    1.876758] scsi host0: ahci
[    1.876848] ata1: SATA max UDMA/133 abar m8192@0xa0b00000 port 0xa0b00100 irq 33
[    1.876932] libphy: Fixed MDIO Bus: probed
[    1.877050] ehci_hcd: USB 2.0 'Enhanced' Host Controller (EHCI) Driver
[    1.877055] ehci-pci: EHCI PCI platform driver
[    1.877072] ohci_hcd: USB 1.1 'Open' Host Controller (OHCI) Driver
[    1.877074] ohci-pci: OHCI PCI platform driver
[    1.877082] uhci_hcd: USB Universal Host Controller Interface driver
[    1.877273] xhci_hcd 0000:00:14.0: xHCI Host Controller
[    1.877402] xhci_hcd 0000:00:14.0: new USB bus registered, assigned bus number 1
[    1.878499] xhci_hcd 0000:00:14.0: hcc params 0x200077c1 hci version 0x100 quirks 0x0000000000009810
[    1.878503] xhci_hcd 0000:00:14.0: cache line size of 256 is not supported
[    1.878800] usb usb1: New USB device found, idVendor=1d6b, idProduct=0002, bcdDevice= 5.00
[    1.878802] usb usb1: New USB device strings: Mfr=3, Product=2, SerialNumber=1
[    1.878803] usb usb1: Product: xHCI Host Controller
[    1.878804] usb usb1: Manufacturer: Linux 5.0.0-rc8+ xhci-hcd
[    1.878805] usb usb1: SerialNumber: 0000:00:14.0
[    1.878943] hub 1-0:1.0: USB hub found
[    1.878967] hub 1-0:1.0: 14 ports detected
[    1.879264] xhci_hcd 0000:00:14.0: xHCI Host Controller
[    1.879355] xhci_hcd 0000:00:14.0: new USB bus registered, assigned bus number 2
[    1.879367] xhci_hcd 0000:00:14.0: Host supports USB 3.0  SuperSpeed
[    1.879410] usb usb2: New USB device found, idVendor=1d6b, idProduct=0003, bcdDevice= 5.00
[    1.879411] usb usb2: New USB device strings: Mfr=3, Product=2, SerialNumber=1
[    1.879412] usb usb2: Product: xHCI Host Controller
[    1.879413] usb usb2: Manufacturer: Linux 5.0.0-rc8+ xhci-hcd
[    1.879413] usb usb2: SerialNumber: 0000:00:14.0
[    1.879532] hub 2-0:1.0: USB hub found
[    1.879549] hub 2-0:1.0: 6 ports detected
[    1.879591] usb: port power management may be unreliable
[    1.879758] usbcore: registered new interface driver usbserial_generic
[    1.879764] usbserial: USB Serial support registered for generic
[    1.879785] i8042: PNP: No PS/2 controller found.
[    1.879847] mousedev: PS/2 mouse device common for all mice
[    1.880019] rtc_cmos 00:02: RTC can wake from S4
[    1.880195] rtc_cmos 00:02: registered as rtc0
[    1.880197] rtc_cmos 00:02: alarms up to one month, y3k, 242 bytes nvram, hpet irqs
[    1.880279] device-mapper: uevent: version 1.0.3
[    1.880331] device-mapper: ioctl: 4.39.0-ioctl (2018-04-03) initialised: dm-devel@redhat.com
[    1.880403] intel_pstate: Intel P-state driver initializing
[    1.880912] hidraw: raw HID events driver (C) Jiri Kosina
[    1.880994] usbcore: registered new interface driver usbhid
[    1.880996] usbhid: USB HID core driver
[    1.881290] drop_monitor: Initializing network drop monitor service
[    1.881590] Initializing XFRM netlink socket
[    1.881862] NET: Registered protocol family 10
[    1.891272] Segment Routing with IPv6
[    1.891303] mip6: Mobile IPv6
[    1.891306] NET: Registered protocol family 17
[    1.892458] RAS: Correctable Errors collector initialized.
[    1.892519] microcode: sig=0x40661, pf=0x20, revision=0x1a
[    1.892698] microcode: Microcode Update Driver: v2.2.
[    1.892712] AVX2 version of gcm_enc/dec engaged.
[    1.892713] AES CTR mode by8 optimization enabled
[    1.932584] sched_clock: Marking stable (1932300135, 265409)->(2016441764, -83876220)
[    1.932875] registered taskstats version 1
[    1.932882] Loading compiled-in X.509 certificates
[    1.964517] Loaded X.509 cert 'Build time autogenerated kernel key: 307e4e8a55fe74f83f10b61aeadbf24a5fc6325b'
[    1.964534] zswap: loaded using pool lzo/zbud
[    1.969291] Key type big_key registered
[    1.971380] Key type encrypted registered
[    1.971386] ima: No TPM chip found, activating TPM-bypass!
[    1.971392] ima: Allocated hash algorithm: sha1
[    1.971397] No architecture policies found
[    1.972021]   Magic number: 7:658:492
[    1.972067] pcieport 0000:06:00.0: hash matches
[    1.972163] rtc_cmos 00:02: setting system clock to 2019-02-26T17:27:26 UTC (1551202046)
[    2.203384] usb 2-4: new SuperSpeed Gen 1 USB device number 2 using xhci_hcd
[    2.207441] ata1: SATA link up 6.0 Gbps (SStatus 133 SControl 300)
[    2.207802] ata1.00: unexpected _GTF length (8)
[    2.207946] ata1.00: ATA-8: APPLE SSD SM0256G, BXW1SA0Q, max UDMA/133
[    2.207949] ata1.00: 490234752 sectors, multi 16: LBA48 NCQ (depth 32), AA
[    2.208388] ata1.00: unexpected _GTF length (8)
[    2.208532] ata1.00: configured for UDMA/133
[    2.208773] scsi 0:0:0:0: Direct-Access     ATA      APPLE SSD SM0256 SA0Q PQ: 0 ANSI: 5
[    2.208995] sd 0:0:0:0: Attached scsi generic sg0 type 0
[    2.209362] sd 0:0:0:0: [sda] 490234752 512-byte logical blocks: (251 GB/234 GiB)
[    2.209365] sd 0:0:0:0: [sda] 4096-byte physical blocks
[    2.209390] sd 0:0:0:0: [sda] Write Protect is off
[    2.209393] sd 0:0:0:0: [sda] Mode Sense: 00 3a 00 00
[    2.209435] sd 0:0:0:0: [sda] Write cache: enabled, read cache: enabled, doesn't support DPO or FUA
[    2.211240]  sda: sda1 sda2 sda3 sda4
[    2.211921] sd 0:0:0:0: [sda] Attached SCSI disk
[    2.212910] Freeing unused decrypted memory: 2040K
[    2.213254] Freeing unused kernel image memory: 2152K
[    2.217993] usb 2-4: New USB device found, idVendor=05ac, idProduct=8406, bcdDevice= 8.20
[    2.217996] usb 2-4: New USB device strings: Mfr=3, Product=4, SerialNumber=5
[    2.217998] usb 2-4: Product: Card Reader
[    2.217999] usb 2-4: Manufacturer: Apple
[    2.218000] usb 2-4: SerialNumber: 000000000820
[    2.227228] Write protecting the kernel read-only data: 18432k
[    2.227968] Freeing unused kernel image memory: 2020K
[    2.228110] Freeing unused kernel image memory: 68K
[    2.242220] x86/mm: Checked W+X mappings: passed, no W+X pages found.
[    2.242224] rodata_test: all tests were successful
[    2.242225] x86/mm: Checking user space page tables
[    2.248903] x86/mm: Checked W+X mappings: passed, no W+X pages found.
[    2.248905] Run /init as init process
[    2.330120] usb 1-8: new full-speed USB device number 2 using xhci_hcd
[    2.458261] usb 1-8: New USB device found, idVendor=05ac, idProduct=8290, bcdDevice= 1.61
[    2.458263] usb 1-8: New USB device strings: Mfr=1, Product=2, SerialNumber=0
[    2.458264] usb 1-8: Product: Bluetooth USB Host Controller
[    2.458275] usb 1-8: Manufacturer: Broadcom Corp.
[    2.461529] input: Broadcom Corp. Bluetooth USB Host Controller as /devices/pci0000:00/0000:00:14.0/usb1/1-8/1-8:1.0/0003:05AC:8290.0001/input/input4
[    2.485389] systemd[1]: systemd 239 running in system mode. (+PAM +AUDIT +SELINUX +IMA -APPARMOR +SMACK +SYSVINIT +UTMP +LIBCRYPTSETUP +GCRYPT +GNUTLS +ACL +XZ +LZ4 +SECCOMP +BLKID +ELFUTILS +KMOD +IDN2 -IDN +PCRE2 default-hierarchy=hybrid)
[    2.497254] systemd[1]: Detected architecture x86-64.
[    2.497258] systemd[1]: Running in initial RAM disk.
[    2.499493] systemd[1]: Set hostname to <im-mac>.
[    2.514275] hid-generic 0003:05AC:8290.0001: input,hidraw0: USB HID v1.11 Keyboard [Broadcom Corp. Bluetooth USB Host Controller] on usb-0000:00:14.0-8/input0
[    2.514847] input: Broadcom Corp. Bluetooth USB Host Controller as /devices/pci0000:00/0000:00:14.0/usb1/1-8/1-8:1.1/0003:05AC:8290.0002/input/input5
[    2.514953] hid-generic 0003:05AC:8290.0002: input,hidraw1: USB HID v1.11 Mouse [Broadcom Corp. Bluetooth USB Host Controller] on usb-0000:00:14.0-8/input1
[    2.553687] systemd[1]: Listening on Journal Audit Socket.
[    2.553818] systemd[1]: Listening on udev Kernel Socket.
[    2.553931] systemd[1]: Listening on Journal Socket (/dev/log).
[    2.554030] systemd[1]: Listening on udev Control Socket.
[    2.554044] systemd[1]: Reached target Swap.
[    2.554053] systemd[1]: Reached target Slices.
[    2.602012] audit: type=1130 audit(1551202047.128:2): pid=1 uid=0 auid=4294967295 ses=4294967295 subj=kernel msg='unit=systemd-journald comm="systemd" exe="/usr/lib/systemd/systemd" hostname=? addr=? terminal=? res=success'
[    2.607491] audit: type=1130 audit(1551202047.134:3): pid=1 uid=0 auid=4294967295 ses=4294967295 subj=kernel msg='unit=systemd-vconsole-setup comm="systemd" exe="/usr/lib/systemd/systemd" hostname=? addr=? terminal=? res=success'
[    2.607498] audit: type=1131 audit(1551202047.134:4): pid=1 uid=0 auid=4294967295 ses=4294967295 subj=kernel msg='unit=systemd-vconsole-setup comm="systemd" exe="/usr/lib/systemd/systemd" hostname=? addr=? terminal=? res=success'
[    2.629117] usb 1-12: new full-speed USB device number 3 using xhci_hcd
[    2.753128] tsc: Refined TSC clocksource calibration: 2194.907 MHz
[    2.753136] clocksource: tsc: mask: 0xffffffffffffffff max_cycles: 0x1fa367be724, max_idle_ns: 440795227810 ns
[    2.753159] clocksource: Switched to clocksource tsc
[    2.756890] usb 1-12: New USB device found, idVendor=05ac, idProduct=0274, bcdDevice= 6.24
[    2.756893] usb 1-12: New USB device strings: Mfr=1, Product=2, SerialNumber=3
[    2.756894] usb 1-12: Product: Apple Internal Keyboard / Trackpad
[    2.756896] usb 1-12: Manufacturer: Apple Inc.
[    2.756897] usb 1-12: SerialNumber: D3H61830CG1FTV4A16PF
[    2.774335] audit: type=1130 audit(1551202047.301:5): pid=1 uid=0 auid=4294967295 ses=4294967295 subj=kernel msg='unit=dracut-cmdline comm="systemd" exe="/usr/lib/systemd/systemd" hostname=? addr=? terminal=? res=success'
[    2.804106] audit: type=1130 audit(1551202047.330:6): pid=1 uid=0 auid=4294967295 ses=4294967295 subj=kernel msg='unit=dracut-pre-udev comm="systemd" exe="/usr/lib/systemd/systemd" hostname=? addr=? terminal=? res=success'
[    2.823472] audit: type=1130 audit(1551202047.350:7): pid=1 uid=0 auid=4294967295 ses=4294967295 subj=kernel msg='unit=systemd-udevd comm="systemd" exe="/usr/lib/systemd/systemd" hostname=? addr=? terminal=? res=success'
[    2.828671] apple 0003:05AC:0274.0003: hiddev96,hidraw2: USB HID v1.10 Device [Apple Inc. Apple Internal Keyboard / Trackpad] on usb-0000:00:14.0-12/input0
[    2.828866] input: Apple Inc. Apple Internal Keyboard / Trackpad as /devices/pci0000:00/0000:00:14.0/usb1/1-12/1-12:1.1/0003:05AC:0274.0004/input/input6
[    2.880260] apple 0003:05AC:0274.0004: input,hiddev97,hidraw3: USB HID v1.10 Keyboard [Apple Inc. Apple Internal Keyboard / Trackpad] on usb-0000:00:14.0-12/input1
[    2.880363] apple 0003:05AC:0274.0005: hiddev98,hidraw4: USB HID v1.10 Device [Apple Inc. Apple Internal Keyboard / Trackpad] on usb-0000:00:14.0-12/input3
[    2.880435] apple 0003:05AC:0274.0006: hiddev99,hidraw5: USB HID v1.10 Device [Apple Inc. Apple Internal Keyboard / Trackpad] on usb-0000:00:14.0-12/input4
[    2.883299] audit: type=1130 audit(1551202047.410:8): pid=1 uid=0 auid=4294967295 ses=4294967295 subj=kernel msg='unit=systemd-udev-trigger comm="systemd" exe="/usr/lib/systemd/systemd" hostname=? addr=? terminal=? res=success'
[    2.917403] audit: type=1130 audit(1551202047.444:9): pid=1 uid=0 auid=4294967295 ses=4294967295 subj=kernel msg='unit=plymouth-start comm="systemd" exe="/usr/lib/systemd/systemd" hostname=? addr=? terminal=? res=success'
[    2.923860] usb-storage 2-4:1.0: USB Mass Storage device detected
[    2.924770] scsi host1: usb-storage 2-4:1.0
[    2.924887] usbcore: registered new interface driver usb-storage
[    2.932020] usbcore: registered new interface driver uas
[    3.075657] audit: type=1130 audit(1551202047.602:10): pid=1 uid=0 auid=4294967295 ses=4294967295 subj=kernel msg='unit=systemd-ask-password-plymouth comm="systemd" exe="/usr/lib/systemd/systemd" hostname=? addr=? terminal=? res=success'
[    3.168788] VFIO - User Level meta-driver version: 0.3
[    3.745275] [drm] Found 128MB of eDRAM
[    3.745423] checking generic (90000000 1437000) vs hw (90000000 10000000)
[    3.745424] fb0: switching to inteldrmfb from EFI VGA
[    3.745497] [drm] Replacing VGA console driver
[    3.745857] [drm] Supports vblank timestamp caching Rev 2 (21.10.2013).
[    3.745858] [drm] Driver supports precise vblank timestamp query.
[    3.745894] i915 0000:00:02.0: vgaarb: changed VGA decodes: olddecodes=io+mem,decodes=io+mem:owns=io+mem
[    3.759393] [drm] Initialized i915 1.6.0 20181204 for 0000:00:02.0 on minor 0
[    3.760370] ACPI: Video Device [IGPU] (multi-head: yes  rom: no  post: no)
[    3.760959] acpi device:57: registered as cooling_device8
[    3.761036] input: Video Bus as /devices/LNXSYSTM:00/LNXSYBUS:00/PNP0A08:00/LNXVIDEO:00/input/input7
[    3.767408] fbcon: inteldrmfb (fb0) is primary device
[    3.767410] fbcon: Deferring console take-over
[    3.767412] i915 0000:00:02.0: fb0: inteldrmfb frame buffer device
[    3.971564] scsi 1:0:0:0: Direct-Access     APPLE    SD Card Reader   3.00 PQ: 0 ANSI: 6
[    3.971883] sd 1:0:0:0: Attached scsi generic sg1 type 0
[    3.973123] sd 1:0:0:0: [sdb] Attached SCSI removable disk
[   11.854061] device-mapper: crypt: xts(aes) using implementation "xts-aes-aesni"
[   11.908502] kauditd_printk_skb: 2 callbacks suppressed
[   11.908503] audit: type=1130 audit(1551202056.435:13): pid=1 uid=0 auid=4294967295 ses=4294967295 subj=kernel msg='unit=systemd-cryptsetup@luks\x2ddd1fa933\x2def9f\x2d402b\x2da2e4\x2d7c9d6fb7ce0d comm="systemd" exe="/usr/lib/systemd/systemd" hostname=? addr=? terminal=? res=success'
[   12.484646] PM: Image not found (code -22)
[   12.485683] audit: type=1130 audit(1551202057.012:14): pid=1 uid=0 auid=4294967295 ses=4294967295 subj=kernel msg='unit=systemd-hibernate-resume@dev-mapper-im\x2d\x2dmac\x2dswap comm="systemd" exe="/usr/lib/systemd/systemd" hostname=? addr=? terminal=? res=success'
[   12.485695] audit: type=1131 audit(1551202057.012:15): pid=1 uid=0 auid=4294967295 ses=4294967295 subj=kernel msg='unit=systemd-hibernate-resume@dev-mapper-im\x2d\x2dmac\x2dswap comm="systemd" exe="/usr/lib/systemd/systemd" hostname=? addr=? terminal=? res=success'
[   12.493978] audit: type=1130 audit(1551202057.020:16): pid=1 uid=0 auid=4294967295 ses=4294967295 subj=kernel msg='unit=systemd-tmpfiles-setup comm="systemd" exe="/usr/lib/systemd/systemd" hostname=? addr=? terminal=? res=success'
[   12.514892] audit: type=1130 audit(1551202057.041:17): pid=1 uid=0 auid=4294967295 ses=4294967295 subj=kernel msg='unit=dracut-initqueue comm="systemd" exe="/usr/lib/systemd/systemd" hostname=? addr=? terminal=? res=success'
[   12.531764] audit: type=1130 audit(1551202057.058:18): pid=1 uid=0 auid=4294967295 ses=4294967295 subj=kernel msg='unit=systemd-fsck-root comm="systemd" exe="/usr/lib/systemd/systemd" hostname=? addr=? terminal=? res=success'
[   12.844547] SGI XFS with ACLs, security attributes, scrub, no debug enabled
[   12.846576] XFS (dm-1): Mounting V5 Filesystem
[   12.856643] XFS (dm-1): Ending clean mount
[   12.977854] audit: type=1130 audit(1551202057.504:19): pid=1 uid=0 auid=4294967295 ses=4294967295 subj=kernel msg='unit=initrd-parse-etc comm="systemd" exe="/usr/lib/systemd/systemd" hostname=? addr=? terminal=? res=success'
[   12.977856] audit: type=1131 audit(1551202057.504:20): pid=1 uid=0 auid=4294967295 ses=4294967295 subj=kernel msg='unit=initrd-parse-etc comm="systemd" exe="/usr/lib/systemd/systemd" hostname=? addr=? terminal=? res=success'
[   13.123784] audit: type=1130 audit(1551202057.650:21): pid=1 uid=0 auid=4294967295 ses=4294967295 subj=kernel msg='unit=dracut-pre-pivot comm="systemd" exe="/usr/lib/systemd/systemd" hostname=? addr=? terminal=? res=success'
[   13.135957] audit: type=1131 audit(1551202057.662:22): pid=1 uid=0 auid=4294967295 ses=4294967295 subj=kernel msg='unit=dracut-pre-pivot comm="systemd" exe="/usr/lib/systemd/systemd" hostname=? addr=? terminal=? res=success'
[   13.218475] systemd-journald[308]: Received SIGTERM from PID 1 (systemd).
[   13.248478] printk: systemd: 14 output lines suppressed due to ratelimiting
[   13.679612] SELinux:  Class xdp_socket not defined in policy.
[   13.679614] SELinux: the above unknown classes and permissions will be allowed
[   13.679617] SELinux:  policy capability network_peer_controls=1
[   13.679617] SELinux:  policy capability open_perms=1
[   13.679617] SELinux:  policy capability extended_socket_class=1
[   13.679618] SELinux:  policy capability always_check_network=0
[   13.679618] SELinux:  policy capability cgroup_seclabel=1
[   13.679619] SELinux:  policy capability nnp_nosuid_transition=1
[   13.700575] systemd[1]: Successfully loaded SELinux policy in 374.799ms.
[   13.736668] systemd[1]: Relabelled /dev, /run and /sys/fs/cgroup in 24.566ms.
[   13.739047] systemd[1]: systemd 239 running in system mode. (+PAM +AUDIT +SELINUX +IMA -APPARMOR +SMACK +SYSVINIT +UTMP +LIBCRYPTSETUP +GCRYPT +GNUTLS +ACL +XZ +LZ4 +SECCOMP +BLKID +ELFUTILS +KMOD +IDN2 -IDN +PCRE2 default-hierarchy=hybrid)
[   13.751300] systemd[1]: Detected architecture x86-64.
[   13.753142] systemd[1]: Set hostname to <im-mac>.
[   13.781282] systemd-sysv-generator[894]: stat() failed on /etc/rc.d/init.d/jexec, ignoring: No such file or directory
[   13.948020] systemd[1]: Stopped Switch Root.
[   13.948224] systemd[1]: systemd-journald.service: Service has no hold-off time (RestartSec=0), scheduling restart.
[   13.948284] systemd[1]: systemd-journald.service: Scheduled restart job, restart counter is at 1.
[   13.948303] systemd[1]: Stopped Journal Service.
[   13.949213] systemd[1]: Starting Journal Service...
[   13.949745] systemd[1]: Stopped File System Check on Root Device.
[   13.949971] systemd[1]: Started Forward Password Requests to Wall Directory Watch.
[   13.976180] Adding 4194300k swap on /dev/mapper/im--mac-swap.  Priority:-2 extents:1 across:4194300k SSFS
[   14.006717] systemd-journald[901]: Received request to flush runtime journal from PID 1
[   14.158549] smbus_hc ACPI0001:00: SBS HC: offset = 0x20, query_bit = 0x10
[   14.166718] apple_gmux: gmux device not present
[   14.233439] ACPI Warning: SystemIO range 0x0000000000000840-0x000000000000084F conflicts with OpRegion 0x0000000000000800-0x0000000000000863 (\GPIO) (20181213/utaddress-213)
[   14.233445] ACPI: If an ACPI driver is available for this device, you should use it instead of the native driver
[   14.233445] ACPI Warning: SystemIO range 0x0000000000000830-0x000000000000083F conflicts with OpRegion 0x0000000000000800-0x0000000000000863 (\GPIO) (20181213/utaddress-213)
[   14.233449] ACPI: If an ACPI driver is available for this device, you should use it instead of the native driver
[   14.233450] ACPI Warning: SystemIO range 0x0000000000000800-0x000000000000082F conflicts with OpRegion 0x0000000000000810-0x0000000000000813 (\_PR.IO_D) (20181213/utaddress-213)
[   14.233453] ACPI Warning: SystemIO range 0x0000000000000800-0x000000000000082F conflicts with OpRegion 0x0000000000000800-0x0000000000000863 (\GPIO) (20181213/utaddress-213)
[   14.233457] ACPI Warning: SystemIO range 0x0000000000000800-0x000000000000082F conflicts with OpRegion 0x0000000000000810-0x0000000000000813 (\IO_D) (20181213/utaddress-213)
[   14.233460] ACPI Warning: SystemIO range 0x0000000000000800-0x000000000000082F conflicts with OpRegion 0x0000000000000800-0x000000000000080F (\IO_T) (20181213/utaddress-213)
[   14.233463] ACPI: If an ACPI driver is available for this device, you should use it instead of the native driver
[   14.233464] lpc_ich: Resource conflict(s) found affecting gpio_ich
[   14.239149] i801_smbus 0000:00:1f.3: SPD Write Disable is set
[   14.239184] i801_smbus 0000:00:1f.3: SMBus using PCI interrupt
[   14.291637] RAPL PMU: API unit is 2^-32 Joules, 4 fixed counters, 655360 ms ovfl timer
[   14.291639] RAPL PMU: hw unit of domain pp0-core 2^-14 Joules
[   14.291639] RAPL PMU: hw unit of domain package 2^-14 Joules
[   14.291640] RAPL PMU: hw unit of domain dram 2^-14 Joules
[   14.291641] RAPL PMU: hw unit of domain pp1-gpu 2^-14 Joules
[   14.306552] input: bcm5974 as /devices/pci0000:00/0000:00:14.0/usb1/1-12/1-12:1.2/input/input8
[   14.306706] usbcore: registered new interface driver bcm5974
[   14.347941] thunderbolt 0000:07:00.0: 0:1: is unplugged (state: 7)
[   14.348067] thunderbolt 0000:07:00.0: 0:3: is unplugged (state: 7)
[   14.350162] ACPI: Smart Battery System [SBS0]: Battery Slot [BAT0] (battery present)
[   14.473635] Bluetooth: Core ver 2.22
[   14.473657] NET: Registered protocol family 31
[   14.473658] Bluetooth: HCI device and connection manager initialized
[   14.473661] Bluetooth: HCI socket layer initialized
[   14.473663] Bluetooth: L2CAP socket layer initialized
[   14.473667] Bluetooth: SCO socket layer initialized
[   14.477245] iTCO_vendor_support: vendor-support=0
[   14.494466] cfg80211: Loading compiled-in X.509 certificates for regulatory database
[   14.495053] cfg80211: Loaded X.509 cert 'sforshee: 00b28ddf47aef9cea7'
[   14.515641] iTCO_wdt: Intel TCO WatchDog Timer Driver v1.11
[   14.515692] iTCO_wdt: unable to reset NO_REBOOT flag, device disabled by hardware/BIOS
[   14.589292] applesmc: key=719 fan=2 temp=48 index=43 acc=0 lux=2 kbd=1
[   14.589487] applesmc applesmc.768: hwmon_device_register() is deprecated. Please convert the driver to use hwmon_device_register_with_info().
[   14.631790] usbcore: registered new interface driver btusb
[   14.700998] usbcore: registered new interface driver brcmfmac
[   14.706787] snd_hda_intel 0000:00:03.0: Linked as a consumer to 0000:00:02.0
[   14.706834] snd_hda_intel 0000:00:03.0: bound 0000:00:02.0 (ops i915_audio_component_bind_ops [i915])
[   14.739349] snd_hda_codec_cirrus hdaudioC1D0: autoconfig for CS4208: line_outs=2 (0x12/0x13/0x0/0x0/0x0) type:speaker
[   14.739351] snd_hda_codec_cirrus hdaudioC1D0:    speaker_outs=0 (0x0/0x0/0x0/0x0/0x0)
[   14.739353] snd_hda_codec_cirrus hdaudioC1D0:    hp_outs=1 (0x10/0x0/0x0/0x0/0x0)
[   14.739353] snd_hda_codec_cirrus hdaudioC1D0:    mono: mono_out=0x0
[   14.739354] snd_hda_codec_cirrus hdaudioC1D0:    dig-out=0x21/0x0
[   14.739355] snd_hda_codec_cirrus hdaudioC1D0:    inputs:
[   14.739356] snd_hda_codec_cirrus hdaudioC1D0:      Internal Mic=0x1c
[   14.739357] snd_hda_codec_cirrus hdaudioC1D0:      Mic=0x18
[   14.739535] intel_rapl: Found RAPL domain package
[   14.739536] intel_rapl: Found RAPL domain core
[   14.739537] intel_rapl: Found RAPL domain uncore
[   14.739538] intel_rapl: Found RAPL domain dram
[   14.745129] input: HDA Intel HDMI HDMI/DP,pcm=3 as /devices/pci0000:00/0000:00:03.0/sound/card0/input9
[   14.745204] input: HDA Intel HDMI HDMI/DP,pcm=7 as /devices/pci0000:00/0000:00:03.0/sound/card0/input10
[   14.745250] input: HDA Intel HDMI HDMI/DP,pcm=8 as /devices/pci0000:00/0000:00:03.0/sound/card0/input11
[   14.745292] input: HDA Intel HDMI HDMI/DP,pcm=9 as /devices/pci0000:00/0000:00:03.0/sound/card0/input12
[   14.745337] input: HDA Intel HDMI HDMI/DP,pcm=10 as /devices/pci0000:00/0000:00:03.0/sound/card0/input13
[   14.746236] Bluetooth: hci0: BCM: chip id 102 build 0715
[   14.747231] Bluetooth: hci0: BCM: product 05ac:8290
[   14.748235] Bluetooth: hci0: BCM: features 0x2f
[   14.751877] input: HDA Intel PCH Mic as /devices/pci0000:00/0000:00:1b.0/sound/card1/input14
[   14.751953] input: HDA Intel PCH Headphone as /devices/pci0000:00/0000:00:1b.0/sound/card1/input15
[   14.752037] input: HDA Intel PCH SPDIF as /devices/pci0000:00/0000:00:1b.0/sound/card1/input16
[   14.764319] Bluetooth: hci0: im-mac
[   14.809578] brcmfmac: brcmf_fw_alloc_request: using brcm/brcmfmac43602-pcie for chip BCM43602/1
[   14.811528] brcmfmac 0000:03:00.0: Direct firmware load for brcm/brcmfmac43602-pcie.Apple Inc.-MacBookPro11,4.txt failed with error -2
[   14.811546] brcmfmac 0000:03:00.0: Direct firmware load for brcm/brcmfmac43602-pcie.txt failed with error -2
[   14.820778] XFS (dm-3): Mounting V5 Filesystem
[   14.824589] XFS (sda3): Mounting V5 Filesystem
[   14.828633] XFS (dm-4): Mounting V5 Filesystem
[   14.840695] XFS (dm-3): Ending clean mount
[   14.843132] XFS (sda3): Ending clean mount
[   14.854553] XFS (dm-4): Ending clean mount
[   15.132405] Bluetooth: BNEP (Ethernet Emulation) ver 1.3
[   15.132406] Bluetooth: BNEP filters: protocol multicast
[   15.132408] Bluetooth: BNEP socket layer initialized
[   15.326851] brcmfmac: brcmf_fw_alloc_request: using brcm/brcmfmac43602-pcie for chip BCM43602/1
[   15.326987] brcmfmac 0000:03:00.0: Direct firmware load for brcm/brcmfmac43602-pcie.clm_blob failed with error -2
[   15.326989] brcmfmac: brcmf_c_process_clm_blob: no clm_blob available (err=-2), device may have limited channels available
[   15.327537] brcmfmac: brcmf_c_preinit_dcmds: Firmware: BCM43602/1 wl0: Nov 10 2015 06:38:10 version 7.35.177.61 (r598657) FWID 01-ea662a8c
[   15.380128] brcmfmac 0000:03:00.0 wlp3s0: renamed from wlan0
[   16.675564] L1TF CPU bug present and SMT on, data leak possible. See CVE-2018-3646 and https://www.kernel.org/doc/html/latest/admin-guide/l1tf.html for details.
[   17.429371] tun: Universal TUN/TAP device driver, 1.6
[   17.431454] virbr0: port 1(virbr0-nic) entered blocking state
[   17.431456] virbr0: port 1(virbr0-nic) entered disabled state
[   17.431517] device virbr0-nic entered promiscuous mode
[   17.542292] virbr0: port 1(virbr0-nic) entered blocking state
[   17.542296] virbr0: port 1(virbr0-nic) entered listening state
[   17.610907] virbr0: port 1(virbr0-nic) entered disabled state
[   23.467641] Bluetooth: RFCOMM TTY layer initialized
[   23.467649] Bluetooth: RFCOMM socket layer initialized
[   23.467742] Bluetooth: RFCOMM ver 1.11
[   23.635577] fuse init (API version 7.28)
[   24.799615] rfkill: input handler disabled
[   24.963667] IPv6: ADDRCONF(NETDEV_CHANGE): wlp3s0: link becomes ready
[   25.530995] brcmfmac: brcmf_inetaddr_changed: fail to get arp ip table err:-52
[  281.957452] usbcore: deregistering interface driver uas
[  281.966349] usbcore: deregistering interface driver usb-storage
[  297.505837] xhci_hcd 0000:00:14.0: ep 0x82 - asked for 65 bytes, 55 bytes untransferred
[  297.737834] xhci_hcd 0000:00:14.0: ep 0x82 - asked for 65 bytes, 55 bytes untransferred
[  297.809830] xhci_hcd 0000:00:14.0: ep 0x82 - asked for 65 bytes, 55 bytes untransferred
[  298.193841] xhci_hcd 0000:00:14.0: ep 0x82 - asked for 65 bytes, 55 bytes untransferred
[  298.329838] xhci_hcd 0000:00:14.0: ep 0x82 - asked for 65 bytes, 55 bytes untransferred
[  298.377840] xhci_hcd 0000:00:14.0: ep 0x82 - asked for 65 bytes, 55 bytes untransferred
[  298.417839] xhci_hcd 0000:00:14.0: ep 0x82 - asked for 65 bytes, 55 bytes untransferred
[  298.433828] xhci_hcd 0000:00:14.0: ep 0x82 - asked for 65 bytes, 55 bytes untransferred
[  301.873873] xhci_hcd 0000:00:14.0: ep 0x82 - asked for 65 bytes, 55 bytes untransferred
[  301.977870] xhci_hcd 0000:00:14.0: ep 0x82 - asked for 65 bytes, 55 bytes untransferred
[  302.041870] xhci_hcd 0000:00:14.0: ep 0x82 - asked for 65 bytes, 55 bytes untransferred
[  302.641869] xhci_hcd 0000:00:14.0: ep 0x82 - asked for 65 bytes, 55 bytes untransferred
[  303.201865] xhci_hcd 0000:00:14.0: ep 0x82 - asked for 65 bytes, 55 bytes untransferred
[  303.265871] xhci_hcd 0000:00:14.0: ep 0x82 - asked for 65 bytes, 55 bytes untransferred
[  303.409870] xhci_hcd 0000:00:14.0: ep 0x82 - asked for 65 bytes, 55 bytes untransferred
[  303.465848] xhci_hcd 0000:00:14.0: ep 0x82 - asked for 65 bytes, 55 bytes untransferred
[  303.689871] xhci_hcd 0000:00:14.0: ep 0x82 - asked for 65 bytes, 55 bytes untransferred
[  303.769881] xhci_hcd 0000:00:14.0: ep 0x82 - asked for 65 bytes, 55 bytes untransferred
[  303.945869] xhci_hcd 0000:00:14.0: ep 0x82 - asked for 65 bytes, 55 bytes untransferred
[  304.041885] xhci_hcd 0000:00:14.0: ep 0x82 - asked for 65 bytes, 55 bytes untransferred
[  304.969877] xhci_hcd 0000:00:14.0: ep 0x82 - asked for 65 bytes, 55 bytes untransferred
[  305.025878] xhci_hcd 0000:00:14.0: ep 0x82 - asked for 65 bytes, 55 bytes untransferred
[  306.329882] xhci_hcd 0000:00:14.0: ep 0x82 - asked for 65 bytes, 55 bytes untransferred
[  306.433888] xhci_hcd 0000:00:14.0: ep 0x82 - asked for 65 bytes, 55 bytes untransferred
[  306.513892] xhci_hcd 0000:00:14.0: ep 0x82 - asked for 65 bytes, 55 bytes untransferred
[  306.649890] xhci_hcd 0000:00:14.0: ep 0x82 - asked for 65 bytes, 55 bytes untransferred
[  308.968900] xhci_hcd 0000:00:14.0: ep 0x83 - asked for 526 bytes, 450 bytes untransferred
[  308.976889] xhci_hcd 0000:00:14.0: ep 0x83 - asked for 526 bytes, 450 bytes untransferred
[  308.984885] xhci_hcd 0000:00:14.0: ep 0x83 - asked for 526 bytes, 450 bytes untransferred
[  308.992886] xhci_hcd 0000:00:14.0: ep 0x83 - asked for 526 bytes, 450 bytes untransferred
[  309.000887] xhci_hcd 0000:00:14.0: ep 0x83 - asked for 526 bytes, 450 bytes untransferred
[  309.008890] xhci_hcd 0000:00:14.0: ep 0x83 - asked for 526 bytes, 450 bytes untransferred
[  309.016890] xhci_hcd 0000:00:14.0: ep 0x83 - asked for 526 bytes, 450 bytes untransferred
[  309.024891] xhci_hcd 0000:00:14.0: ep 0x83 - asked for 526 bytes, 450 bytes untransferred
[  309.032894] xhci_hcd 0000:00:14.0: ep 0x83 - asked for 526 bytes, 450 bytes untransferred
[  309.040895] xhci_hcd 0000:00:14.0: ep 0x83 - asked for 526 bytes, 450 bytes untransferred
[  309.048893] xhci_hcd 0000:00:14.0: ep 0x83 - asked for 526 bytes, 450 bytes untransferred
[  309.056883] xhci_hcd 0000:00:14.0: ep 0x83 - asked for 526 bytes, 450 bytes untransferred
[  309.064892] xhci_hcd 0000:00:14.0: ep 0x83 - asked for 526 bytes, 450 bytes untransferred
[  309.073873] xhci_hcd 0000:00:14.0: ep 0x83 - asked for 526 bytes, 450 bytes untransferred
[  309.081892] xhci_hcd 0000:00:14.0: ep 0x83 - asked for 526 bytes, 450 bytes untransferred
[  309.089891] xhci_hcd 0000:00:14.0: ep 0x83 - asked for 526 bytes, 450 bytes untransferred
[  309.097891] xhci_hcd 0000:00:14.0: ep 0x83 - asked for 526 bytes, 450 bytes untransferred
[  309.105892] xhci_hcd 0000:00:14.0: ep 0x83 - asked for 526 bytes, 450 bytes untransferred
[  309.113892] xhci_hcd 0000:00:14.0: ep 0x83 - asked for 526 bytes, 450 bytes untransferred
[  309.121892] xhci_hcd 0000:00:14.0: ep 0x83 - asked for 526 bytes, 450 bytes untransferred
[  309.129890] xhci_hcd 0000:00:14.0: ep 0x83 - asked for 526 bytes, 450 bytes untransferred
[  309.137879] xhci_hcd 0000:00:14.0: ep 0x83 - asked for 526 bytes, 450 bytes untransferred
[  309.145890] xhci_hcd 0000:00:14.0: ep 0x83 - asked for 526 bytes, 450 bytes untransferred
[  309.153892] xhci_hcd 0000:00:14.0: ep 0x83 - asked for 526 bytes, 450 bytes untransferred
[  309.161877] xhci_hcd 0000:00:14.0: ep 0x83 - asked for 526 bytes, 450 bytes untransferred
[  309.170877] xhci_hcd 0000:00:14.0: ep 0x83 - asked for 526 bytes, 450 bytes untransferred
[  309.178888] xhci_hcd 0000:00:14.0: ep 0x83 - asked for 526 bytes, 450 bytes untransferred
[  309.186873] xhci_hcd 0000:00:14.0: ep 0x83 - asked for 526 bytes, 450 bytes untransferred
[  309.194894] xhci_hcd 0000:00:14.0: ep 0x83 - asked for 526 bytes, 450 bytes untransferred
[  309.202878] xhci_hcd 0000:00:14.0: ep 0x83 - asked for 526 bytes, 450 bytes untransferred
[  309.210895] xhci_hcd 0000:00:14.0: ep 0x83 - asked for 526 bytes, 450 bytes untransferred
[  309.218879] xhci_hcd 0000:00:14.0: ep 0x83 - asked for 526 bytes, 450 bytes untransferred
[  309.226898] xhci_hcd 0000:00:14.0: ep 0x83 - asked for 526 bytes, 450 bytes untransferred
[  309.234885] xhci_hcd 0000:00:14.0: ep 0x83 - asked for 526 bytes, 450 bytes untransferred
[  309.242880] xhci_hcd 0000:00:14.0: ep 0x83 - asked for 526 bytes, 450 bytes untransferred
[  309.250876] xhci_hcd 0000:00:14.0: ep 0x83 - asked for 526 bytes, 450 bytes untransferred
[  309.258893] xhci_hcd 0000:00:14.0: ep 0x83 - asked for 526 bytes, 450 bytes untransferred
[  309.266882] xhci_hcd 0000:00:14.0: ep 0x83 - asked for 526 bytes, 450 bytes untransferred
[  309.274884] xhci_hcd 0000:00:14.0: ep 0x83 - asked for 526 bytes, 450 bytes untransferred
[  309.282895] xhci_hcd 0000:00:14.0: ep 0x83 - asked for 526 bytes, 450 bytes untransferred
[  309.291904] xhci_hcd 0000:00:14.0: ep 0x83 - asked for 526 bytes, 450 bytes untransferred
[  309.299882] xhci_hcd 0000:00:14.0: ep 0x83 - asked for 526 bytes, 450 bytes untransferred
[  309.307880] xhci_hcd 0000:00:14.0: ep 0x83 - asked for 526 bytes, 450 bytes untransferred
[  309.315878] xhci_hcd 0000:00:14.0: ep 0x83 - asked for 526 bytes, 450 bytes untransferred
[  309.323884] xhci_hcd 0000:00:14.0: ep 0x83 - asked for 526 bytes, 450 bytes untransferred
[  309.331862] xhci_hcd 0000:00:14.0: ep 0x83 - asked for 526 bytes, 450 bytes untransferred
[  309.339888] xhci_hcd 0000:00:14.0: ep 0x83 - asked for 526 bytes, 450 bytes untransferred
[  309.347878] xhci_hcd 0000:00:14.0: ep 0x83 - asked for 526 bytes, 450 bytes untransferred
[  309.355892] xhci_hcd 0000:00:14.0: ep 0x83 - asked for 526 bytes, 450 bytes untransferred
[  309.363872] xhci_hcd 0000:00:14.0: ep 0x83 - asked for 526 bytes, 450 bytes untransferred
[  309.371897] xhci_hcd 0000:00:14.0: ep 0x83 - asked for 526 bytes, 450 bytes untransferred
[  309.379876] xhci_hcd 0000:00:14.0: ep 0x83 - asked for 526 bytes, 450 bytes untransferred
[  309.387892] xhci_hcd 0000:00:14.0: ep 0x83 - asked for 526 bytes, 450 bytes untransferred
[  309.395878] xhci_hcd 0000:00:14.0: ep 0x83 - asked for 526 bytes, 450 bytes untransferred
[  309.404894] xhci_hcd 0000:00:14.0: ep 0x83 - asked for 526 bytes, 450 bytes untransferred
[  309.412872] xhci_hcd 0000:00:14.0: ep 0x83 - asked for 526 bytes, 450 bytes untransferred
[  309.420867] xhci_hcd 0000:00:14.0: ep 0x83 - asked for 526 bytes, 450 bytes untransferred
[  309.428876] xhci_hcd 0000:00:14.0: ep 0x83 - asked for 526 bytes, 450 bytes untransferred
[  309.436884] xhci_hcd 0000:00:14.0: ep 0x83 - asked for 526 bytes, 450 bytes untransferred
[  309.444859] xhci_hcd 0000:00:14.0: ep 0x83 - asked for 526 bytes, 450 bytes untransferred
[  309.452894] xhci_hcd 0000:00:14.0: ep 0x83 - asked for 526 bytes, 450 bytes untransferred
[  309.460891] xhci_hcd 0000:00:14.0: ep 0x83 - asked for 526 bytes, 450 bytes untransferred
[  309.468892] xhci_hcd 0000:00:14.0: ep 0x83 - asked for 526 bytes, 450 bytes untransferred
[  309.476895] xhci_hcd 0000:00:14.0: ep 0x83 - asked for 526 bytes, 450 bytes untransferred
[  309.484898] xhci_hcd 0000:00:14.0: ep 0x83 - asked for 526 bytes, 450 bytes untransferred
[  309.492894] xhci_hcd 0000:00:14.0: ep 0x83 - asked for 526 bytes, 450 bytes untransferred
[  309.500897] xhci_hcd 0000:00:14.0: ep 0x83 - asked for 526 bytes, 450 bytes untransferred
[  309.508899] xhci_hcd 0000:00:14.0: ep 0x83 - asked for 526 bytes, 450 bytes untransferred
[  309.516883] xhci_hcd 0000:00:14.0: ep 0x83 - asked for 526 bytes, 450 bytes untransferred
[  309.525874] xhci_hcd 0000:00:14.0: ep 0x83 - asked for 526 bytes, 450 bytes untransferred
[  309.533889] xhci_hcd 0000:00:14.0: ep 0x83 - asked for 526 bytes, 450 bytes untransferred
[  309.541878] xhci_hcd 0000:00:14.0: ep 0x83 - asked for 526 bytes, 450 bytes untransferred
[  309.549877] xhci_hcd 0000:00:14.0: ep 0x83 - asked for 526 bytes, 450 bytes untransferred
[  309.557880] xhci_hcd 0000:00:14.0: ep 0x83 - asked for 526 bytes, 450 bytes untransferred
[  309.565896] xhci_hcd 0000:00:14.0: ep 0x83 - asked for 526 bytes, 450 bytes untransferred
[  309.573874] xhci_hcd 0000:00:14.0: ep 0x83 - asked for 526 bytes, 450 bytes untransferred
[  309.581894] xhci_hcd 0000:00:14.0: ep 0x83 - asked for 526 bytes, 450 bytes untransferred
[  309.589881] xhci_hcd 0000:00:14.0: ep 0x83 - asked for 526 bytes, 450 bytes untransferred
[  309.597894] xhci_hcd 0000:00:14.0: ep 0x83 - asked for 526 bytes, 450 bytes untransferred
[  309.605878] xhci_hcd 0000:00:14.0: ep 0x83 - asked for 526 bytes, 450 bytes untransferred
[  309.613899] xhci_hcd 0000:00:14.0: ep 0x83 - asked for 526 bytes, 450 bytes untransferred
[  309.621895] xhci_hcd 0000:00:14.0: ep 0x83 - asked for 526 bytes, 450 bytes untransferred
[  309.629896] xhci_hcd 0000:00:14.0: ep 0x83 - asked for 526 bytes, 450 bytes untransferred
[  309.638877] xhci_hcd 0000:00:14.0: ep 0x83 - asked for 526 bytes, 450 bytes untransferred
[  309.646895] xhci_hcd 0000:00:14.0: ep 0x83 - asked for 526 bytes, 450 bytes untransferred
[  309.654881] xhci_hcd 0000:00:14.0: ep 0x83 - asked for 526 bytes, 450 bytes untransferred
[  309.662896] xhci_hcd 0000:00:14.0: ep 0x83 - asked for 526 bytes, 450 bytes untransferred
[  309.670884] xhci_hcd 0000:00:14.0: ep 0x83 - asked for 526 bytes, 450 bytes untransferred
[  309.678900] xhci_hcd 0000:00:14.0: ep 0x83 - asked for 526 bytes, 450 bytes untransferred
[  309.686887] xhci_hcd 0000:00:14.0: ep 0x83 - asked for 526 bytes, 450 bytes untransferred
[  309.694899] xhci_hcd 0000:00:14.0: ep 0x83 - asked for 526 bytes, 450 bytes untransferred
[  309.702887] xhci_hcd 0000:00:14.0: ep 0x83 - asked for 526 bytes, 450 bytes untransferred
[  309.710901] xhci_hcd 0000:00:14.0: ep 0x83 - asked for 526 bytes, 450 bytes untransferred
[  309.718886] xhci_hcd 0000:00:14.0: ep 0x83 - asked for 526 bytes, 450 bytes untransferred
[  309.726886] xhci_hcd 0000:00:14.0: ep 0x83 - asked for 526 bytes, 450 bytes untransferred
[  309.734885] xhci_hcd 0000:00:14.0: ep 0x83 - asked for 526 bytes, 450 bytes untransferred
[  309.742903] xhci_hcd 0000:00:14.0: ep 0x83 - asked for 526 bytes, 450 bytes untransferred
[  309.750903] xhci_hcd 0000:00:14.0: ep 0x83 - asked for 526 bytes, 450 bytes untransferred
[  309.759885] xhci_hcd 0000:00:14.0: ep 0x83 - asked for 526 bytes, 450 bytes untransferred
[  309.767883] xhci_hcd 0000:00:14.0: ep 0x83 - asked for 526 bytes, 450 bytes untransferred
[  309.775898] xhci_hcd 0000:00:14.0: ep 0x83 - asked for 526 bytes, 450 bytes untransferred
[  309.783883] xhci_hcd 0000:00:14.0: ep 0x83 - asked for 526 bytes, 450 bytes untransferred
[  309.791898] xhci_hcd 0000:00:14.0: ep 0x83 - asked for 526 bytes, 450 bytes untransferred
[  309.799887] xhci_hcd 0000:00:14.0: ep 0x83 - asked for 526 bytes, 450 bytes untransferred
[  309.807896] xhci_hcd 0000:00:14.0: ep 0x83 - asked for 526 bytes, 450 bytes untransferred
[  309.815877] xhci_hcd 0000:00:14.0: ep 0x83 - asked for 526 bytes, 450 bytes untransferred
[  309.823877] xhci_hcd 0000:00:14.0: ep 0x83 - asked for 526 bytes, 450 bytes untransferred
[  309.831884] xhci_hcd 0000:00:14.0: ep 0x83 - asked for 526 bytes, 450 bytes untransferred
[  309.839896] xhci_hcd 0000:00:14.0: ep 0x83 - asked for 526 bytes, 450 bytes untransferred
[  309.847895] xhci_hcd 0000:00:14.0: ep 0x83 - asked for 526 bytes, 450 bytes untransferred
[  309.856896] xhci_hcd 0000:00:14.0: ep 0x83 - asked for 526 bytes, 450 bytes untransferred
[  309.864879] xhci_hcd 0000:00:14.0: ep 0x83 - asked for 526 bytes, 450 bytes untransferred
[  309.872899] xhci_hcd 0000:00:14.0: ep 0x83 - asked for 526 bytes, 450 bytes untransferred
[  309.880899] xhci_hcd 0000:00:14.0: ep 0x83 - asked for 526 bytes, 450 bytes untransferred
[  309.888898] xhci_hcd 0000:00:14.0: ep 0x83 - asked for 526 bytes, 450 bytes untransferred
[  309.896886] xhci_hcd 0000:00:14.0: ep 0x83 - asked for 526 bytes, 450 bytes untransferred
[  309.904886] xhci_hcd 0000:00:14.0: ep 0x83 - asked for 526 bytes, 450 bytes untransferred
[  309.912900] xhci_hcd 0000:00:14.0: ep 0x83 - asked for 526 bytes, 450 bytes untransferred
[  309.920897] xhci_hcd 0000:00:14.0: ep 0x83 - asked for 526 bytes, 450 bytes untransferred
[  309.928901] xhci_hcd 0000:00:14.0: ep 0x83 - asked for 526 bytes, 450 bytes untransferred
[  309.936880] xhci_hcd 0000:00:14.0: ep 0x83 - asked for 526 bytes, 450 bytes untransferred
[  309.944887] xhci_hcd 0000:00:14.0: ep 0x83 - asked for 526 bytes, 450 bytes untransferred
[  309.953896] xhci_hcd 0000:00:14.0: ep 0x83 - asked for 526 bytes, 450 bytes untransferred
[  309.961903] xhci_hcd 0000:00:14.0: ep 0x83 - asked for 526 bytes, 450 bytes untransferred
[  309.969884] xhci_hcd 0000:00:14.0: ep 0x83 - asked for 526 bytes, 450 bytes untransferred
[  309.977906] xhci_hcd 0000:00:14.0: ep 0x83 - asked for 526 bytes, 450 bytes untransferred
[  309.985900] xhci_hcd 0000:00:14.0: ep 0x83 - asked for 526 bytes, 450 bytes untransferred
[  309.993903] xhci_hcd 0000:00:14.0: ep 0x83 - asked for 526 bytes, 450 bytes untransferred
[  310.001901] xhci_hcd 0000:00:14.0: ep 0x83 - asked for 526 bytes, 450 bytes untransferred
[  310.009908] xhci_hcd 0000:00:14.0: ep 0x83 - asked for 526 bytes, 450 bytes untransferred
[  310.017896] xhci_hcd 0000:00:14.0: ep 0x83 - asked for 526 bytes, 450 bytes untransferred
[  310.025899] xhci_hcd 0000:00:14.0: ep 0x83 - asked for 526 bytes, 450 bytes untransferred
[  310.033898] xhci_hcd 0000:00:14.0: ep 0x83 - asked for 526 bytes, 450 bytes untransferred
[  310.041885] xhci_hcd 0000:00:14.0: ep 0x83 - asked for 526 bytes, 450 bytes untransferred
[  310.049903] xhci_hcd 0000:00:14.0: ep 0x83 - asked for 526 bytes, 450 bytes untransferred
[  310.058871] xhci_hcd 0000:00:14.0: ep 0x83 - asked for 526 bytes, 450 bytes untransferred
[  310.066865] xhci_hcd 0000:00:14.0: ep 0x83 - asked for 526 bytes, 450 bytes untransferred
[  310.074881] xhci_hcd 0000:00:14.0: ep 0x83 - asked for 526 bytes, 450 bytes untransferred
[  310.082896] xhci_hcd 0000:00:14.0: ep 0x83 - asked for 526 bytes, 450 bytes untransferred
[  310.090870] xhci_hcd 0000:00:14.0: ep 0x83 - asked for 526 bytes, 450 bytes untransferred
[  310.098896] xhci_hcd 0000:00:14.0: ep 0x83 - asked for 526 bytes, 450 bytes untransferred
[  310.106879] xhci_hcd 0000:00:14.0: ep 0x83 - asked for 526 bytes, 450 bytes untransferred
[  310.114899] xhci_hcd 0000:00:14.0: ep 0x83 - asked for 526 bytes, 450 bytes untransferred
[  310.122900] xhci_hcd 0000:00:14.0: ep 0x83 - asked for 526 bytes, 450 bytes untransferred
[  310.130880] xhci_hcd 0000:00:14.0: ep 0x83 - asked for 526 bytes, 450 bytes untransferred
[  310.138877] xhci_hcd 0000:00:14.0: ep 0x83 - asked for 526 bytes, 450 bytes untransferred
[  310.146897] xhci_hcd 0000:00:14.0: ep 0x83 - asked for 526 bytes, 450 bytes untransferred
[  310.154891] xhci_hcd 0000:00:14.0: ep 0x83 - asked for 526 bytes, 450 bytes untransferred
[  310.162900] xhci_hcd 0000:00:14.0: ep 0x83 - asked for 526 bytes, 450 bytes untransferred
[  310.171898] xhci_hcd 0000:00:14.0: ep 0x83 - asked for 526 bytes, 450 bytes untransferred
[  310.179901] xhci_hcd 0000:00:14.0: ep 0x83 - asked for 526 bytes, 450 bytes untransferred
[  310.187901] xhci_hcd 0000:00:14.0: ep 0x83 - asked for 526 bytes, 450 bytes untransferred
[  310.195899] xhci_hcd 0000:00:14.0: ep 0x83 - asked for 526 bytes, 450 bytes untransferred
[  310.203904] xhci_hcd 0000:00:14.0: ep 0x83 - asked for 526 bytes, 450 bytes untransferred
[  310.211887] xhci_hcd 0000:00:14.0: ep 0x83 - asked for 526 bytes, 450 bytes untransferred
[  310.219892] xhci_hcd 0000:00:14.0: ep 0x83 - asked for 526 bytes, 450 bytes untransferred
[  310.227894] xhci_hcd 0000:00:14.0: ep 0x83 - asked for 526 bytes, 450 bytes untransferred
[  310.235884] xhci_hcd 0000:00:14.0: ep 0x83 - asked for 526 bytes, 450 bytes untransferred
[  310.243896] xhci_hcd 0000:00:14.0: ep 0x83 - asked for 526 bytes, 450 bytes untransferred
[  310.251894] xhci_hcd 0000:00:14.0: ep 0x83 - asked for 526 bytes, 450 bytes untransferred
[  310.259903] xhci_hcd 0000:00:14.0: ep 0x83 - asked for 526 bytes, 450 bytes untransferred
[  310.267900] xhci_hcd 0000:00:14.0: ep 0x83 - asked for 526 bytes, 450 bytes untransferred
[  310.275900] xhci_hcd 0000:00:14.0: ep 0x83 - asked for 526 bytes, 450 bytes untransferred
[  310.283905] xhci_hcd 0000:00:14.0: ep 0x83 - asked for 526 bytes, 450 bytes untransferred
[  310.292899] xhci_hcd 0000:00:14.0: ep 0x83 - asked for 526 bytes, 450 bytes untransferred
[  310.300900] xhci_hcd 0000:00:14.0: ep 0x83 - asked for 526 bytes, 450 bytes untransferred
[  310.309903] xhci_hcd 0000:00:14.0: ep 0x83 - asked for 526 bytes, 450 bytes untransferred
[  310.316885] xhci_hcd 0000:00:14.0: ep 0x83 - asked for 526 bytes, 450 bytes untransferred
[  310.324890] xhci_hcd 0000:00:14.0: ep 0x83 - asked for 526 bytes, 450 bytes untransferred
[  310.332898] xhci_hcd 0000:00:14.0: ep 0x83 - asked for 526 bytes, 450 bytes untransferred
[  310.340896] xhci_hcd 0000:00:14.0: ep 0x83 - asked for 526 bytes, 450 bytes untransferred
[  310.348890] xhci_hcd 0000:00:14.0: ep 0x83 - asked for 526 bytes, 450 bytes untransferred
[  310.356902] xhci_hcd 0000:00:14.0: ep 0x83 - asked for 526 bytes, 450 bytes untransferred
[  310.364900] xhci_hcd 0000:00:14.0: ep 0x83 - asked for 526 bytes, 450 bytes untransferred
[  310.372901] xhci_hcd 0000:00:14.0: ep 0x83 - asked for 526 bytes, 450 bytes untransferred
[  310.381897] xhci_hcd 0000:00:14.0: ep 0x83 - asked for 526 bytes, 450 bytes untransferred
[  310.388898] xhci_hcd 0000:00:14.0: ep 0x83 - asked for 526 bytes, 450 bytes untransferred
[  310.396894] xhci_hcd 0000:00:14.0: ep 0x83 - asked for 526 bytes, 450 bytes untransferred
[  310.404896] xhci_hcd 0000:00:14.0: ep 0x83 - asked for 526 bytes, 450 bytes untransferred
[  310.412910] xhci_hcd 0000:00:14.0: ep 0x83 - asked for 526 bytes, 450 bytes untransferred
[  310.420884] xhci_hcd 0000:00:14.0: ep 0x83 - asked for 526 bytes, 450 bytes untransferred
[  310.665916] xhci_hcd 0000:00:14.0: ep 0x82 - asked for 65 bytes, 55 bytes untransferred
[  310.785920] xhci_hcd 0000:00:14.0: ep 0x82 - asked for 65 bytes, 55 bytes untransferred
[  310.881896] xhci_hcd 0000:00:14.0: ep 0x82 - asked for 65 bytes, 55 bytes untransferred
[  310.889886] xhci_hcd 0000:00:14.0: ep 0x82 - asked for 65 bytes, 55 bytes untransferred
[  311.001920] xhci_hcd 0000:00:14.0: ep 0x82 - asked for 65 bytes, 55 bytes untransferred
[  311.169904] xhci_hcd 0000:00:14.0: ep 0x82 - asked for 65 bytes, 55 bytes untransferred
[  311.241926] xhci_hcd 0000:00:14.0: ep 0x82 - asked for 65 bytes, 55 bytes untransferred
[  311.297911] xhci_hcd 0000:00:14.0: ep 0x82 - asked for 65 bytes, 55 bytes untransferred
[  311.769903] xhci_hcd 0000:00:14.0: ep 0x82 - asked for 65 bytes, 55 bytes untransferred
[  311.873919] xhci_hcd 0000:00:14.0: ep 0x82 - asked for 65 bytes, 55 bytes untransferred
[  311.929927] xhci_hcd 0000:00:14.0: ep 0x82 - asked for 65 bytes, 55 bytes untransferred
[  311.937919] xhci_hcd 0000:00:14.0: ep 0x82 - asked for 65 bytes, 55 bytes untransferred
[  312.033909] xhci_hcd 0000:00:14.0: ep 0x82 - asked for 65 bytes, 55 bytes untransferred
[  312.169919] xhci_hcd 0000:00:14.0: ep 0x82 - asked for 65 bytes, 55 bytes untransferred
[  312.225926] xhci_hcd 0000:00:14.0: ep 0x82 - asked for 65 bytes, 55 bytes untransferred
[  312.233910] xhci_hcd 0000:00:14.0: ep 0x82 - asked for 65 bytes, 55 bytes untransferred
[  312.377916] xhci_hcd 0000:00:14.0: ep 0x82 - asked for 65 bytes, 55 bytes untransferred
[  312.417888] xhci_hcd 0000:00:14.0: ep 0x82 - asked for 65 bytes, 55 bytes untransferred
[  312.473890] xhci_hcd 0000:00:14.0: ep 0x82 - asked for 65 bytes, 55 bytes untransferred
[  312.513896] xhci_hcd 0000:00:14.0: ep 0x82 - asked for 65 bytes, 55 bytes untransferred
[  312.633912] xhci_hcd 0000:00:14.0: ep 0x82 - asked for 65 bytes, 55 bytes untransferred
[  312.913892] xhci_hcd 0000:00:14.0: ep 0x82 - asked for 65 bytes, 55 bytes untransferred
[  312.969889] xhci_hcd 0000:00:14.0: ep 0x82 - asked for 65 bytes, 55 bytes untransferred
[  313.001902] xhci_hcd 0000:00:14.0: ep 0x82 - asked for 65 bytes, 55 bytes untransferred
[  313.454887] xhci_hcd 0000:00:14.0: ep 0x83 - asked for 526 bytes, 450 bytes untransferred
[  313.461897] xhci_hcd 0000:00:14.0: ep 0x83 - asked for 526 bytes, 450 bytes untransferred
[  313.469888] xhci_hcd 0000:00:14.0: ep 0x83 - asked for 526 bytes, 450 bytes untransferred
[  313.478886] xhci_hcd 0000:00:14.0: ep 0x83 - asked for 526 bytes, 450 bytes untransferred
[  313.485884] xhci_hcd 0000:00:14.0: ep 0x83 - asked for 526 bytes, 450 bytes untransferred
[  313.493907] xhci_hcd 0000:00:14.0: ep 0x83 - asked for 526 bytes, 450 bytes untransferred
[  313.502901] xhci_hcd 0000:00:14.0: ep 0x83 - asked for 526 bytes, 450 bytes untransferred
[  313.510906] xhci_hcd 0000:00:14.0: ep 0x83 - asked for 526 bytes, 450 bytes untransferred
[  313.518893] xhci_hcd 0000:00:14.0: ep 0x83 - asked for 526 bytes, 450 bytes untransferred
[  313.526901] xhci_hcd 0000:00:14.0: ep 0x83 - asked for 526 bytes, 450 bytes untransferred
[  313.534883] xhci_hcd 0000:00:14.0: ep 0x83 - asked for 526 bytes, 450 bytes untransferred
[  313.542885] xhci_hcd 0000:00:14.0: ep 0x83 - asked for 526 bytes, 450 bytes untransferred
[  313.550893] xhci_hcd 0000:00:14.0: ep 0x83 - asked for 526 bytes, 450 bytes untransferred
[  313.558897] xhci_hcd 0000:00:14.0: ep 0x83 - asked for 526 bytes, 450 bytes untransferred
[  313.566907] xhci_hcd 0000:00:14.0: ep 0x83 - asked for 526 bytes, 450 bytes untransferred
[  313.574901] xhci_hcd 0000:00:14.0: ep 0x83 - asked for 526 bytes, 450 bytes untransferred
[  313.582913] xhci_hcd 0000:00:14.0: ep 0x83 - asked for 526 bytes, 450 bytes untransferred
[  313.590902] xhci_hcd 0000:00:14.0: ep 0x83 - asked for 526 bytes, 450 bytes untransferred
[  313.598915] xhci_hcd 0000:00:14.0: ep 0x83 - asked for 526 bytes, 450 bytes untransferred
[  313.606912] xhci_hcd 0000:00:14.0: ep 0x83 - asked for 526 bytes, 450 bytes untransferred
[  313.615917] xhci_hcd 0000:00:14.0: ep 0x83 - asked for 526 bytes, 450 bytes untransferred
[  313.623893] xhci_hcd 0000:00:14.0: ep 0x83 - asked for 526 bytes, 450 bytes untransferred
[  313.631919] xhci_hcd 0000:00:14.0: ep 0x83 - asked for 526 bytes, 450 bytes untransferred
[  313.639915] xhci_hcd 0000:00:14.0: ep 0x83 - asked for 526 bytes, 450 bytes untransferred
[  313.647918] xhci_hcd 0000:00:14.0: ep 0x83 - asked for 526 bytes, 450 bytes untransferred
[  313.655915] xhci_hcd 0000:00:14.0: ep 0x83 - asked for 526 bytes, 450 bytes untransferred
[  313.663902] xhci_hcd 0000:00:14.0: ep 0x83 - asked for 526 bytes, 450 bytes untransferred
[  313.671919] xhci_hcd 0000:00:14.0: ep 0x83 - asked for 526 bytes, 450 bytes untransferred
[  313.679906] xhci_hcd 0000:00:14.0: ep 0x83 - asked for 526 bytes, 450 bytes untransferred
[  313.687917] xhci_hcd 0000:00:14.0: ep 0x83 - asked for 526 bytes, 450 bytes untransferred
[  313.696916] xhci_hcd 0000:00:14.0: ep 0x83 - asked for 526 bytes, 450 bytes untransferred
[  313.704908] xhci_hcd 0000:00:14.0: ep 0x83 - asked for 526 bytes, 450 bytes untransferred
[  313.712903] xhci_hcd 0000:00:14.0: ep 0x83 - asked for 526 bytes, 450 bytes untransferred
