[    0.000000] microcode: microcode updated early to revision 0x1a, date = 2018-04-02
[    0.000000] Linux version 5.0.0-rc6+ (im@im-mac) (gcc version 8.2.1 20181215 (Red Hat 8.2.1-6) (GCC)) #47 SMP Tue Feb 12 02:06:47 +05 2019
[    0.000000] Command line: BOOT_IMAGE=/vmlinuz-5.0.0-rc6+ root=/dev/mapper/im--mac-root ro resume=/dev/mapper/im--mac-swap rd.lvm.lv=im-mac/root rd.luks.uuid=luks-dd1fa933-ef9f-402b-a2e4-7c9d6fb7ce0d rd.lvm.lv=im-mac/swap rhgb quiet hid_apple.fnmode=2 hid_apple.iso_layout=0 xhci_hcd.quirks=0x80
[    0.000000] x86/fpu: Supporting XSAVE feature 0x001: 'x87 floating point registers'
[    0.000000] x86/fpu: Supporting XSAVE feature 0x002: 'SSE registers'
[    0.000000] x86/fpu: Supporting XSAVE feature 0x004: 'AVX registers'
[    0.000000] x86/fpu: xstate_offset[2]:  576, xstate_sizes[2]:  256
[    0.000000] x86/fpu: Enabled xstate features 0x7, context size is 832 bytes, using 'standard' format.
[    0.000000] BIOS-provided physical RAM map:
[    0.000000] BIOS-e820: [mem 0x0000000000000000-0x0000000000057fff] usable
[    0.000000] BIOS-e820: [mem 0x0000000000058000-0x0000000000058fff] reserved
[    0.000000] BIOS-e820: [mem 0x0000000000059000-0x000000000009ffff] usable
[    0.000000] BIOS-e820: [mem 0x00000000000a0000-0x00000000000bffff] reserved
[    0.000000] BIOS-e820: [mem 0x0000000000100000-0x0000000078d00fff] usable
[    0.000000] BIOS-e820: [mem 0x0000000078d01000-0x0000000078d48fff] ACPI NVS
[    0.000000] BIOS-e820: [mem 0x0000000078d49000-0x0000000078d5cfff] usable
[    0.000000] BIOS-e820: [mem 0x0000000078d5d000-0x0000000078d8efff] ACPI data
[    0.000000] BIOS-e820: [mem 0x0000000078d8f000-0x0000000078e39fff] usable
[    0.000000] BIOS-e820: [mem 0x0000000078e3a000-0x0000000078e8efff] reserved
[    0.000000] BIOS-e820: [mem 0x0000000078e8f000-0x0000000078ecbfff] usable
[    0.000000] BIOS-e820: [mem 0x0000000078ecc000-0x0000000078efefff] reserved
[    0.000000] BIOS-e820: [mem 0x0000000078eff000-0x0000000078f84fff] usable
[    0.000000] BIOS-e820: [mem 0x0000000078f85000-0x0000000078fdefff] reserved
[    0.000000] BIOS-e820: [mem 0x0000000078fdf000-0x0000000078ffffff] usable
[    0.000000] BIOS-e820: [mem 0x0000000079000000-0x000000007f9fffff] reserved
[    0.000000] BIOS-e820: [mem 0x00000000e00f8000-0x00000000e00f8fff] reserved
[    0.000000] BIOS-e820: [mem 0x00000000fed1c000-0x00000000fed1ffff] reserved
[    0.000000] BIOS-e820: [mem 0x00000000ffd70000-0x00000000ffd9ffff] reserved
[    0.000000] BIOS-e820: [mem 0x0000000100000000-0x000000047f5fffff] usable
[    0.000000] NX (Execute Disable) protection: active
[    0.000000] e820: update [mem 0x66282710-0x66282ad2] usable ==> usable
[    0.000000] e820: update [mem 0x66282710-0x66282ad2] usable ==> usable
[    0.000000] extended physical RAM map:
[    0.000000] reserve setup_data: [mem 0x0000000000000000-0x0000000000057fff] usable
[    0.000000] reserve setup_data: [mem 0x0000000000058000-0x0000000000058fff] reserved
[    0.000000] reserve setup_data: [mem 0x0000000000059000-0x000000000009ffff] usable
[    0.000000] reserve setup_data: [mem 0x00000000000a0000-0x00000000000bffff] reserved
[    0.000000] reserve setup_data: [mem 0x0000000000100000-0x000000006628270f] usable
[    0.000000] reserve setup_data: [mem 0x0000000066282710-0x0000000066282ad2] usable
[    0.000000] reserve setup_data: [mem 0x0000000066282ad3-0x0000000078d00fff] usable
[    0.000000] reserve setup_data: [mem 0x0000000078d01000-0x0000000078d48fff] ACPI NVS
[    0.000000] reserve setup_data: [mem 0x0000000078d49000-0x0000000078d5cfff] usable
[    0.000000] reserve setup_data: [mem 0x0000000078d5d000-0x0000000078d8efff] ACPI data
[    0.000000] reserve setup_data: [mem 0x0000000078d8f000-0x0000000078e39fff] usable
[    0.000000] reserve setup_data: [mem 0x0000000078e3a000-0x0000000078e8efff] reserved
[    0.000000] reserve setup_data: [mem 0x0000000078e8f000-0x0000000078ecbfff] usable
[    0.000000] reserve setup_data: [mem 0x0000000078ecc000-0x0000000078efefff] reserved
[    0.000000] reserve setup_data: [mem 0x0000000078eff000-0x0000000078f84fff] usable
[    0.000000] reserve setup_data: [mem 0x0000000078f85000-0x0000000078fdefff] reserved
[    0.000000] reserve setup_data: [mem 0x0000000078fdf000-0x0000000078ffffff] usable
[    0.000000] reserve setup_data: [mem 0x0000000079000000-0x000000007f9fffff] reserved
[    0.000000] reserve setup_data: [mem 0x00000000e00f8000-0x00000000e00f8fff] reserved
[    0.000000] reserve setup_data: [mem 0x00000000fed1c000-0x00000000fed1ffff] reserved
[    0.000000] reserve setup_data: [mem 0x00000000ffd70000-0x00000000ffd9ffff] reserved
[    0.000000] reserve setup_data: [mem 0x0000000100000000-0x000000047f5fffff] usable
[    0.000000] efi: EFI v1.10 by Apple
[    0.000000] efi:  ACPI=0x78d8e000  ACPI 2.0=0x78d8e014  SMBIOS=0x78f8b000 
[    0.000000] SMBIOS 2.7 present.
[    0.000000] DMI: Apple Inc. MacBookPro11,4/Mac-06F11FD93F0323C5, BIOS MBP114.88Z.0184.B00.1806051659 06/05/2018
[    0.000000] tsc: Fast TSC calibration using PIT
[    0.000000] tsc: Detected 2195.077 MHz processor
[    0.000139] e820: update [mem 0x00000000-0x00000fff] usable ==> reserved
[    0.000140] e820: remove [mem 0x000a0000-0x000fffff] usable
[    0.000145] last_pfn = 0x47f600 max_arch_pfn = 0x400000000
[    0.000148] MTRR default type: write-back
[    0.000148] MTRR fixed ranges enabled:
[    0.000149]   00000-9FFFF write-back
[    0.000150]   A0000-BFFFF uncachable
[    0.000151]   C0000-DFFFF write-protect
[    0.000151]   E0000-FFFFF uncachable
[    0.000152] MTRR variable ranges enabled:
[    0.000153]   0 base 0080000000 mask 7F80000000 uncachable
[    0.000153]   1 base 007C000000 mask 7FFC000000 uncachable
[    0.000154]   2 base 007A000000 mask 7FFE000000 uncachable
[    0.000154]   3 base 0079000000 mask 7FFF000000 uncachable
[    0.000155]   4 disabled
[    0.000155]   5 disabled
[    0.000155]   6 disabled
[    0.000155]   7 disabled
[    0.000156]   8 disabled
[    0.000156]   9 disabled
[    0.009951] x86/PAT: Configuration [0-7]: WB  WC  UC- UC  WB  WP  UC- WT  
[    0.010044] last_pfn = 0x79000 max_arch_pfn = 0x400000000
[    0.021626] Base memory trampoline at [(____ptrval____)] 99000 size 24576
[    0.021629] Using GB pages for direct mapping
[    0.021631] BRK [0x41ee01000, 0x41ee01fff] PGTABLE
[    0.021633] BRK [0x41ee02000, 0x41ee02fff] PGTABLE
[    0.021634] BRK [0x41ee03000, 0x41ee03fff] PGTABLE
[    0.021651] BRK [0x41ee04000, 0x41ee04fff] PGTABLE
[    0.021652] BRK [0x41ee05000, 0x41ee05fff] PGTABLE
[    0.021653] BRK [0x41ee06000, 0x41ee06fff] PGTABLE
[    0.021776] BRK [0x41ee07000, 0x41ee07fff] PGTABLE
[    0.021786] BRK [0x41ee08000, 0x41ee08fff] PGTABLE
[    0.021817] BRK [0x41ee09000, 0x41ee09fff] PGTABLE
[    0.021914] Secure boot disabled
[    0.021914] RAMDISK: [mem 0x42ad6000-0x48561fff]
[    0.021926] ACPI: Early table checksum verification disabled
[    0.021928] ACPI: RSDP 0x0000000078D8E014 000024 (v02 APPLE )
[    0.021931] ACPI: XSDT 0x0000000078D8E1C0 0000A4 (v01 APPLE  Apple00  00000000      01000013)
[    0.021934] ACPI: FACP 0x0000000078D8C000 0000F4 (v05 APPLE  Apple00  00000000 Loki 0000005F)
[    0.021937] ACPI BIOS Warning (bug): 32/64X length mismatch in FADT/Gpe0Block: 128/0 (20181213/tbfadt-569)
[    0.021940] ACPI: DSDT 0x0000000078D7F000 007331 (v03 APPLE  MacBookP 00110004 INTL 20140424)
[    0.021942] ACPI: FACS 0x0000000078D06000 000040
[    0.021943] ACPI: FACS 0x0000000078D06000 000040
[    0.021945] ACPI: HPET 0x0000000078D8B000 000038 (v01 APPLE  Apple00  00000001 Loki 0000005F)
[    0.021947] ACPI: APIC 0x0000000078D8A000 0000BC (v02 APPLE  Apple00  00000001 Loki 0000005F)
[    0.021948] ACPI: SBST 0x0000000078D88000 000030 (v01 APPLE  Apple00  00000001 Loki 0000005F)
[    0.021950] ACPI: ECDT 0x0000000078D87000 000053 (v01 APPLE  Apple00  00000001 Loki 0000005F)
[    0.021952] ACPI: SSDT 0x0000000078D7E000 000024 (v01 APPLE  SataAhci 00001000 INTL 20140424)
[    0.021954] ACPI: SSDT 0x0000000078D7D000 000024 (v01 APPLE  SmcDppt  00001000 INTL 20140424)
[    0.021955] ACPI: SSDT 0x0000000078D7C000 000032 (v01 APPLE  SsdtS3   00001000 INTL 20140424)
[    0.021957] ACPI: SSDT 0x0000000078D68000 0086DA (v01 APPLE  TbtPEG11 00001000 INTL 20140424)
[    0.021959] ACPI: SSDT 0x0000000078D67000 0000B8 (v01 APPLE  Sdxc     00001000 INTL 20140424)
[    0.021961] ACPI: SSDT 0x0000000078D66000 000A7B (v02 APPLE  Xhci     00001000 INTL 20140424)
[    0.021962] ACPI: SSDT 0x0000000078D64000 000341 (v01 APPLE  PEG0SSD0 00001000 INTL 20140424)
[    0.021964] ACPI: SSDT 0x0000000078D5F000 00069C (v01 PmRef  Cpu0Ist  00003000 INTL 20140424)
[    0.021966] ACPI: SSDT 0x0000000078D5E000 000C17 (v01 CpuRef CpuSsdt  00003000 INTL 20140424)
[    0.021968] ACPI: DMAR 0x0000000078D5D000 000088 (v01 APPLE  BDW      00000001 INTL 00000001)
[    0.021969] ACPI: MCFG 0x0000000078D89000 00003C (v01 APPLE  Apple00  00000001 Loki 0000005F)
[    0.021974] ACPI: DMI detected to setup _OSI("Darwin"): Apple hardware
[    0.021976] ACPI: Local APIC address 0xfee00000
[    0.022048] No NUMA configuration found
[    0.022049] Faking a node at [mem 0x0000000000000000-0x000000047f5fffff]
[    0.022057] NODE_DATA(0) allocated [mem 0x47f5d5000-0x47f5fffff]
[    0.051565] Zone ranges:
[    0.051566]   DMA      [mem 0x0000000000001000-0x0000000000ffffff]
[    0.051567]   DMA32    [mem 0x0000000001000000-0x00000000ffffffff]
[    0.051568]   Normal   [mem 0x0000000100000000-0x000000047f5fffff]
[    0.051569]   Device   empty
[    0.051569] Movable zone start for each node
[    0.051572] Early memory node ranges
[    0.051573]   node   0: [mem 0x0000000000001000-0x0000000000057fff]
[    0.051573]   node   0: [mem 0x0000000000059000-0x000000000009ffff]
[    0.051574]   node   0: [mem 0x0000000000100000-0x0000000078d00fff]
[    0.051574]   node   0: [mem 0x0000000078d49000-0x0000000078d5cfff]
[    0.051574]   node   0: [mem 0x0000000078d8f000-0x0000000078e39fff]
[    0.051575]   node   0: [mem 0x0000000078e8f000-0x0000000078ecbfff]
[    0.051575]   node   0: [mem 0x0000000078eff000-0x0000000078f84fff]
[    0.051575]   node   0: [mem 0x0000000078fdf000-0x0000000078ffffff]
[    0.051576]   node   0: [mem 0x0000000100000000-0x000000047f5fffff]
[    0.051949] Zeroed struct page in unavailable ranges: 29118 pages
[    0.051950] Initmem setup node 0 [mem 0x0000000000001000-0x000000047f5fffff]
[    0.051951] On node 0 totalpages: 4162626
[    0.051952]   DMA zone: 64 pages used for memmap
[    0.051953]   DMA zone: 22 pages reserved
[    0.051953]   DMA zone: 3998 pages, LIFO batch:0
[    0.052024]   DMA32 zone: 7675 pages used for memmap
[    0.052025]   DMA32 zone: 491172 pages, LIFO batch:63
[    0.063724]   Normal zone: 57304 pages used for memmap
[    0.063726]   Normal zone: 3667456 pages, LIFO batch:63
[    0.132944] Reserving Intel graphics memory at [mem 0x79a00000-0x7f9fffff]
[    0.133010] ACPI: PM-Timer IO Port: 0x1808
[    0.133012] ACPI: Local APIC address 0xfee00000
[    0.133017] ACPI: LAPIC_NMI (acpi_id[0x01] high edge lint[0x1])
[    0.133018] ACPI: LAPIC_NMI (acpi_id[0x02] high edge lint[0x1])
[    0.133018] ACPI: LAPIC_NMI (acpi_id[0x03] high edge lint[0x1])
[    0.133019] ACPI: LAPIC_NMI (acpi_id[0x04] high edge lint[0x1])
[    0.133019] ACPI: LAPIC_NMI (acpi_id[0x05] high edge lint[0x1])
[    0.133019] ACPI: LAPIC_NMI (acpi_id[0x06] high edge lint[0x1])
[    0.133020] ACPI: LAPIC_NMI (acpi_id[0x07] high edge lint[0x1])
[    0.133020] ACPI: LAPIC_NMI (acpi_id[0x08] high edge lint[0x1])
[    0.133034] IOAPIC[0]: apic_id 2, version 32, address 0xfec00000, GSI 0-23
[    0.133036] ACPI: INT_SRC_OVR (bus 0 bus_irq 0 global_irq 2 dfl dfl)
[    0.133037] ACPI: INT_SRC_OVR (bus 0 bus_irq 9 global_irq 9 high level)
[    0.133038] ACPI: IRQ0 used by override.
[    0.133039] ACPI: IRQ9 used by override.
[    0.133040] Using ACPI (MADT) for SMP configuration information
[    0.133041] ACPI: HPET id: 0x8086a201 base: 0xfed00000
[    0.133044] smpboot: Allowing 8 CPUs, 0 hotplug CPUs
[    0.133057] PM: Registered nosave memory: [mem 0x00000000-0x00000fff]
[    0.133058] PM: Registered nosave memory: [mem 0x00058000-0x00058fff]
[    0.133059] PM: Registered nosave memory: [mem 0x000a0000-0x000bffff]
[    0.133060] PM: Registered nosave memory: [mem 0x000c0000-0x000fffff]
[    0.133061] PM: Registered nosave memory: [mem 0x66282000-0x66282fff]
[    0.133062] PM: Registered nosave memory: [mem 0x66282000-0x66282fff]
[    0.133063] PM: Registered nosave memory: [mem 0x78d01000-0x78d48fff]
[    0.133064] PM: Registered nosave memory: [mem 0x78d5d000-0x78d8efff]
[    0.133065] PM: Registered nosave memory: [mem 0x78e3a000-0x78e8efff]
[    0.133066] PM: Registered nosave memory: [mem 0x78ecc000-0x78efefff]
[    0.133067] PM: Registered nosave memory: [mem 0x78f85000-0x78fdefff]
[    0.133068] PM: Registered nosave memory: [mem 0x79000000-0x7f9fffff]
[    0.133068] PM: Registered nosave memory: [mem 0x7fa00000-0xe00f7fff]
[    0.133068] PM: Registered nosave memory: [mem 0xe00f8000-0xe00f8fff]
[    0.133069] PM: Registered nosave memory: [mem 0xe00f9000-0xfed1bfff]
[    0.133069] PM: Registered nosave memory: [mem 0xfed1c000-0xfed1ffff]
[    0.133070] PM: Registered nosave memory: [mem 0xfed20000-0xffd6ffff]
[    0.133070] PM: Registered nosave memory: [mem 0xffd70000-0xffd9ffff]
[    0.133070] PM: Registered nosave memory: [mem 0xffda0000-0xffffffff]
[    0.133072] [mem 0x7fa00000-0xe00f7fff] available for PCI devices
[    0.133074] Booting paravirtualized kernel on bare hardware
[    0.133076] clocksource: refined-jiffies: mask: 0xffffffff max_cycles: 0xffffffff, max_idle_ns: 1910969940391419 ns
[    0.228256] random: get_random_bytes called from start_kernel+0x93/0x503 with crng_init=0
[    0.228262] setup_percpu: NR_CPUS:64 nr_cpumask_bits:64 nr_cpu_ids:8 nr_node_ids:1
[    0.228436] percpu: Embedded 44 pages/cpu @(____ptrval____) s143360 r8192 d28672 u262144
[    0.228441] pcpu-alloc: s143360 r8192 d28672 u262144 alloc=1*2097152
[    0.228442] pcpu-alloc: [0] 0 1 2 3 4 5 6 7 
[    0.228457] Built 1 zonelists, mobility grouping on.  Total pages: 4097561
[    0.228458] Policy zone: Normal
[    0.228460] Kernel command line: BOOT_IMAGE=/vmlinuz-5.0.0-rc6+ root=/dev/mapper/im--mac-root ro resume=/dev/mapper/im--mac-swap rd.lvm.lv=im-mac/root rd.luks.uuid=luks-dd1fa933-ef9f-402b-a2e4-7c9d6fb7ce0d rd.lvm.lv=im-mac/swap rhgb quiet hid_apple.fnmode=2 hid_apple.iso_layout=0 xhci_hcd.quirks=0x80
[    0.274135] Memory: 15844032K/16650504K available (12291K kernel code, 1403K rwdata, 4028K rodata, 2152K init, 4944K bss, 806472K reserved, 0K cma-reserved)
[    0.274233] SLUB: HWalign=64, Order=0-3, MinObjects=0, CPUs=8, Nodes=1
[    0.274238] Kernel/User page tables isolation: enabled
[    0.274249] ftrace: allocating 38170 entries in 150 pages
[    0.287376] rcu: Hierarchical RCU implementation.
[    0.287377] rcu: 	RCU restricting CPUs from NR_CPUS=64 to nr_cpu_ids=8.
[    0.287379] rcu: RCU calculated value of scheduler-enlistment delay is 100 jiffies.
[    0.287379] rcu: Adjusting geometry for rcu_fanout_leaf=16, nr_cpu_ids=8
[    0.289308] NR_IRQS: 4352, nr_irqs: 488, preallocated irqs: 16
[    0.289434] rcu: 	Offload RCU callbacks from CPUs: (none).
[    0.289477] Console: colour dummy device 80x25
[    0.289481] printk: console [tty0] enabled
[    0.289493] ACPI: Core revision 20181213
[    0.289698] clocksource: hpet: mask: 0xffffffff max_cycles: 0xffffffff, max_idle_ns: 133484882848 ns
[    0.289706] hpet clockevent registered
[    0.289710] APIC: Switch to symmetric I/O mode setup
[    0.289711] DMAR: Host address width 39
[    0.289712] DMAR: DRHD base: 0x000000fed90000 flags: 0x0
[    0.289715] DMAR: dmar0: reg_base_addr fed90000 ver 1:0 cap c0000020660462 ecap f0101a
[    0.289716] DMAR: DRHD base: 0x000000fed91000 flags: 0x1
[    0.289718] DMAR: dmar1: reg_base_addr fed91000 ver 1:0 cap d2008c20660462 ecap f010da
[    0.289718] DMAR: RMRR base: 0x00000079800000 end: 0x0000007f9fffff
[    0.289721] DMAR-IR: IOAPIC id 2 under DRHD base  0xfed91000 IOMMU 1
[    0.289722] DMAR-IR: HPET id 0 under DRHD base 0xfed91000
[    0.289722] DMAR-IR: x2apic is disabled because BIOS sets x2apic opt out bit.
[    0.289722] DMAR-IR: Use 'intremap=no_x2apic_optout' to override the BIOS setting.
[    0.290160] DMAR-IR: Enabled IRQ remapping in xapic mode
[    0.290161] x2apic: IRQ remapping doesn't support X2APIC mode
[    0.290533] ..TIMER: vector=0x30 apic1=0 pin1=2 apic2=-1 pin2=-1
[    0.294715] clocksource: tsc-early: mask: 0xffffffffffffffff max_cycles: 0x1fa40850756, max_idle_ns: 440795213802 ns
[    0.294725] Calibrating delay loop (skipped), value calculated using timer frequency.. 4390.15 BogoMIPS (lpj=2195077)
[    0.294727] pid_max: default: 32768 minimum: 301
[    0.305116] LSM: Security Framework initializing
[    0.305117] Yama: becoming mindful.
[    0.305121] SELinux:  Initializing.
[    0.307094] Dentry cache hash table entries: 2097152 (order: 12, 16777216 bytes)
[    0.308046] Inode-cache hash table entries: 1048576 (order: 11, 8388608 bytes)
[    0.308084] Mount-cache hash table entries: 32768 (order: 6, 262144 bytes)
[    0.308115] Mountpoint-cache hash table entries: 32768 (order: 6, 262144 bytes)
[    0.308272] ENERGY_PERF_BIAS: Set to 'normal', was 'performance'
[    0.308272] ENERGY_PERF_BIAS: View and update with x86_energy_perf_policy(8)
[    0.308276] mce: CPU supports 10 MCE banks
[    0.308284] mce: CPU0: Thermal monitoring enabled (TM1)
[    0.308296] process: using mwait in idle threads
[    0.308298] Last level iTLB entries: 4KB 1024, 2MB 1024, 4MB 1024
[    0.308299] Last level dTLB entries: 4KB 1024, 2MB 1024, 4MB 1024, 1GB 4
[    0.308300] Spectre V2 : Mitigation: Full generic retpoline
[    0.308301] Spectre V2 : Spectre v2 / SpectreRSB mitigation: Filling RSB on context switch
[    0.308301] Spectre V2 : Enabling Restricted Speculation for firmware calls
[    0.308306] Spectre V2 : mitigation: Enabling conditional Indirect Branch Prediction Barrier
[    0.308306] Spectre V2 : User space: Mitigation: STIBP via seccomp and prctl
[    0.308307] Speculative Store Bypass: Mitigation: Speculative Store Bypass disabled via prctl and seccomp
[    0.308468] Freeing SMP alternatives memory: 36K
[    0.309562] TSC deadline timer enabled
[    0.309564] smpboot: CPU0: Intel(R) Core(TM) i7-4770HQ CPU @ 2.20GHz (family: 0x6, model: 0x46, stepping: 0x1)
[    0.309631] Performance Events: PEBS fmt2+, Haswell events, 16-deep LBR, full-width counters, Intel PMU driver.
[    0.309667] ... version:                3
[    0.309668] ... bit width:              48
[    0.309668] ... generic registers:      4
[    0.309669] ... value mask:             0000ffffffffffff
[    0.309669] ... max period:             00007fffffffffff
[    0.309669] ... fixed-purpose events:   3
[    0.309670] ... event mask:             000000070000000f
[    0.309695] rcu: Hierarchical SRCU implementation.
[    0.309716] random: crng done (trusting CPU's manufacturer)
[    0.309766] NMI watchdog: Enabled. Permanently consumes one hw-PMU counter.
[    0.309852] smp: Bringing up secondary CPUs ...
[    0.309934] x86: Booting SMP configuration:
[    0.309935] .... node  #0, CPUs:      #1 #2 #3 #4 #5 #6 #7
[    0.358721] smp: Brought up 1 node, 8 CPUs
[    0.358722] smpboot: Max logical packages: 1
[    0.358724] smpboot: Total of 8 processors activated (35121.23 BogoMIPS)
[    0.360091] devtmpfs: initialized
[    0.360091] x86/mm: Memory block size: 128MB
[    0.360968] PM: Registering ACPI NVS region [mem 0x78d01000-0x78d48fff] (294912 bytes)
[    0.360968] clocksource: jiffies: mask: 0xffffffff max_cycles: 0xffffffff, max_idle_ns: 1911260446275000 ns
[    0.360968] futex hash table entries: 2048 (order: 5, 131072 bytes)
[    0.360968] pinctrl core: initialized pinctrl subsystem
[    0.360968] RTC time: 23:37:49, date: 2019-02-11
[    0.361053] NET: Registered protocol family 16
[    0.361143] audit: initializing netlink subsys (disabled)
[    0.361147] audit: type=2000 audit(1549928269.071:1): state=initialized audit_enabled=0 res=1
[    0.361147] cpuidle: using governor menu
[    0.361147] ACPI: bus type PCI registered
[    0.361147] acpiphp: ACPI Hot Plug PCI Controller Driver version: 0.5
[    0.361147] PCI: MMCONFIG for domain 0000 [bus 00-9b] at [mem 0xe0000000-0xe9bfffff] (base 0xe0000000)
[    0.361147] PCI: not using MMCONFIG
[    0.361147] PCI: Using configuration type 1 for base access
[    0.361147] core: PMU erratum BJ122, BV98, HSD29 worked around, HT is on
[    0.362738] HugeTLB registered 1.00 GiB page size, pre-allocated 0 pages
[    0.362738] HugeTLB registered 2.00 MiB page size, pre-allocated 0 pages
[    0.362740] cryptd: max_cpu_qlen set to 1000
[    0.362760] ACPI: Disabled all _OSI OS vendors
[    0.362761] ACPI: Added _OSI(Module Device)
[    0.362762] ACPI: Added _OSI(Processor Device)
[    0.362762] ACPI: Added _OSI(3.0 _SCP Extensions)
[    0.362763] ACPI: Added _OSI(Processor Aggregator Device)
[    0.362763] ACPI: Added _OSI(Linux-Dell-Video)
[    0.362764] ACPI: Added _OSI(Linux-Lenovo-NV-HDMI-Audio)
[    0.362765] ACPI: Added _OSI(Linux-HPI-Hybrid-Graphics)
[    0.362765] ACPI: Added _OSI(Darwin)
[    0.374143] ACPI: 10 ACPI AML tables successfully acquired and loaded
[    0.374750] ACPI: EC: EC started
[    0.374750] ACPI: EC: interrupt blocked
[    0.376715] ACPI: \: Used as first EC
[    0.376716] ACPI: \: GPE=0x17, EC_CMD/EC_SC=0x66, EC_DATA=0x62
[    0.376716] ACPI: \: Used as boot ECDT EC to handle transactions
[    0.377425] ACPI: BIOS _OSI(Darwin) query honored via DMI
[    0.377946] ACPI: [Firmware Bug]: BIOS _OSI(Linux) query ignored
[    0.378061] ACPI Error: Needed type [Reference], found [Integer] 000000001a39de8b (20181213/exresop-69)
[    0.378064] ACPI Error: AE_AML_OPERAND_TYPE, While resolving operands for [OpcodeName unavailable] (20181213/dswexec-427)
[    0.378066] ACPI Error: Method parse/execution failed \_PR.CPU0._PDC, AE_AML_OPERAND_TYPE (20181213/psparse-531)
[    0.378251] ACPI: Dynamic OEM Table Load:
[    0.378256] ACPI: SSDT 0xFFFF9A822CB48800 00067C (v01 PmRef  ApIst    00003000 INTL 20140424)
[    0.378625] ACPI: Dynamic OEM Table Load:
[    0.378629] ACPI: SSDT 0xFFFF9A822CB9A600 000119 (v01 PmRef  ApCst    00003000 INTL 20140424)
[    0.379675] ACPI: Interpreter enabled
[    0.379690] ACPI: (supports S0 S3 S4 S5)
[    0.379691] ACPI: Using IOAPIC for interrupt routing
[    0.379707] PCI: MMCONFIG for domain 0000 [bus 00-9b] at [mem 0xe0000000-0xe9bfffff] (base 0xe0000000)
[    0.380080] PCI: MMCONFIG at [mem 0xe0000000-0xe9bfffff] reserved in ACPI motherboard resources
[    0.380088] PCI: Using host bridge windows from ACPI; if necessary, use "pci=nocrs" and report a bug
[    0.380266] ACPI: Enabled 7 GPEs in block 00 to 3F
[    0.387774] ACPI: PCI Root Bridge [PCI0] (domain 0000 [bus 00-ff])
[    0.387778] acpi PNP0A08:00: _OSC: OS assumes control of [PCIeHotplug SHPCHotplug AER PCIeCapability LTR]
[    0.387789] acpi PNP0A08:00: [Firmware Info]: MMCONFIG for domain 0000 [bus 00-9b] only partially covers this bridge
[    0.387989] PCI host bridge to bus 0000:00
[    0.387991] pci_bus 0000:00: root bus resource [io  0x0000-0x0cf7 window]
[    0.387992] pci_bus 0000:00: root bus resource [io  0x0d00-0xffff window]
[    0.387993] pci_bus 0000:00: root bus resource [mem 0x000a0000-0x000bffff window]
[    0.387994] pci_bus 0000:00: root bus resource [mem 0x000c0000-0x000c3fff window]
[    0.387995] pci_bus 0000:00: root bus resource [mem 0x000c4000-0x000c7fff window]
[    0.387996] pci_bus 0000:00: root bus resource [mem 0x000c8000-0x000cbfff window]
[    0.387996] pci_bus 0000:00: root bus resource [mem 0x000cc000-0x000cffff window]
[    0.387997] pci_bus 0000:00: root bus resource [mem 0x000d0000-0x000d3fff window]
[    0.387998] pci_bus 0000:00: root bus resource [mem 0x000d4000-0x000d7fff window]
[    0.387999] pci_bus 0000:00: root bus resource [mem 0x000d8000-0x000dbfff window]
[    0.388000] pci_bus 0000:00: root bus resource [mem 0x000dc000-0x000dffff window]
[    0.388001] pci_bus 0000:00: root bus resource [mem 0x000e0000-0x000e3fff window]
[    0.388002] pci_bus 0000:00: root bus resource [mem 0x000e4000-0x000e7fff window]
[    0.388003] pci_bus 0000:00: root bus resource [mem 0x000e8000-0x000ebfff window]
[    0.388004] pci_bus 0000:00: root bus resource [mem 0x000ec000-0x000effff window]
[    0.388005] pci_bus 0000:00: root bus resource [mem 0x000f0000-0x000fffff window]
[    0.388006] pci_bus 0000:00: root bus resource [mem 0x7fa00000-0xfeafffff window]
[    0.388007] pci_bus 0000:00: root bus resource [mem 0xfed40000-0xfed44fff window]
[    0.388008] pci_bus 0000:00: root bus resource [bus 00-ff]
[    0.388014] pci 0000:00:00.0: [8086:0d04] type 00 class 0x060000
[    0.388079] pci 0000:00:01.0: [8086:0d01] type 01 class 0x060400
[    0.388110] pci 0000:00:01.0: PME# supported from D0 D3hot D3cold
[    0.388155] pci 0000:00:01.1: [8086:0d05] type 01 class 0x060400
[    0.388183] pci 0000:00:01.1: PME# supported from D0 D3hot D3cold
[    0.388253] pci 0000:00:02.0: [8086:0d26] type 00 class 0x030000
[    0.388262] pci 0000:00:02.0: reg 0x10: [mem 0xa0000000-0xa03fffff 64bit]
[    0.388266] pci 0000:00:02.0: reg 0x18: [mem 0x90000000-0x9fffffff 64bit pref]
[    0.388270] pci 0000:00:02.0: reg 0x20: [io  0x3000-0x303f]
[    0.388279] pci 0000:00:02.0: BAR 2: assigned to efifb
[    0.388328] pci 0000:00:03.0: [8086:0d0c] type 00 class 0x040300
[    0.388335] pci 0000:00:03.0: reg 0x10: [mem 0xa0c10000-0xa0c13fff 64bit]
[    0.388413] pci 0000:00:14.0: [8086:8c31] type 00 class 0x0c0330
[    0.388431] pci 0000:00:14.0: reg 0x10: [mem 0xa0c00000-0xa0c0ffff 64bit]
[    0.388482] pci 0000:00:14.0: PME# supported from D3hot D3cold
[    0.388558] pci 0000:00:16.0: [8086:8c3a] type 00 class 0x078000
[    0.388577] pci 0000:00:16.0: reg 0x10: [mem 0xa0c19100-0xa0c1910f 64bit]
[    0.388629] pci 0000:00:16.0: PME# supported from D0 D3hot D3cold
[    0.388684] pci 0000:00:1b.0: [8086:8c20] type 00 class 0x040300
[    0.388701] pci 0000:00:1b.0: reg 0x10: [mem 0xa0c14000-0xa0c17fff 64bit]
[    0.388761] pci 0000:00:1b.0: PME# supported from D0 D3hot D3cold
[    0.388812] pci 0000:00:1c.0: [8086:8c10] type 01 class 0x060400
[    0.388854] pci 0000:00:1c.0: claimed MacBook Pro poweroff workaround [mem 0x7fa00000-0x7fbfffff]
[    0.388899] pci 0000:00:1c.0: PME# supported from D0 D3hot D3cold
[    0.388959] pci 0000:00:1c.2: [8086:8c14] type 01 class 0x060400
[    0.389027] pci 0000:00:1c.2: PME# supported from D0 D3hot D3cold
[    0.389083] pci 0000:00:1c.3: [8086:8c16] type 01 class 0x060400
[    0.389152] pci 0000:00:1c.3: PME# supported from D0 D3hot D3cold
[    0.389214] pci 0000:00:1f.0: [8086:8c4b] type 00 class 0x060100
[    0.389348] pci 0000:00:1f.3: [8086:8c22] type 00 class 0x0c0500
[    0.389364] pci 0000:00:1f.3: reg 0x10: [mem 0xa0c19000-0xa0c190ff 64bit]
[    0.389381] pci 0000:00:1f.3: reg 0x20: [io  0xefa0-0xefbf]
[    0.389439] pci 0000:00:1f.6: [8086:8c24] type 00 class 0x118000
[    0.389458] pci 0000:00:1f.6: reg 0x10: [mem 0xa0c18000-0xa0c18fff 64bit]
[    0.389607] pci 0000:01:00.0: [144d:a801] type 00 class 0x010601
[    0.389641] pci 0000:01:00.0: reg 0x24: [mem 0xa0b00000-0xa0b01fff]
[    0.389766] pci 0000:00:01.0: PCI bridge to [bus 01]
[    0.389769] pci 0000:00:01.0:   bridge window [mem 0xa0b00000-0xa0bfffff]
[    0.389817] pci 0000:05:00.0: [8086:156d] type 01 class 0x060400
[    0.389896] pci 0000:05:00.0: supports D1 D2
[    0.389897] pci 0000:05:00.0: PME# supported from D0 D1 D2 D3hot D3cold
[    0.389981] pci 0000:00:01.1: PCI bridge to [bus 05-9b]
[    0.389983] pci 0000:00:01.1:   bridge window [io  0x4000-0x6fff]
[    0.389984] pci 0000:00:01.1:   bridge window [mem 0xa0d00000-0xacdfffff]
[    0.389987] pci 0000:00:01.1:   bridge window [mem 0xace00000-0xb8dfffff 64bit pref]
[    0.390066] pci 0000:06:00.0: [8086:156d] type 01 class 0x060400
[    0.390153] pci 0000:06:00.0: supports D1 D2
[    0.390154] pci 0000:06:00.0: PME# supported from D0 D1 D2 D3hot D3cold
[    0.390215] pci 0000:06:03.0: [8086:156d] type 01 class 0x060400
[    0.390301] pci 0000:06:03.0: supports D1 D2
[    0.390302] pci 0000:06:03.0: PME# supported from D0 D1 D2 D3hot D3cold
[    0.390360] pci 0000:06:04.0: [8086:156d] type 01 class 0x060400
[    0.390445] pci 0000:06:04.0: supports D1 D2
[    0.390446] pci 0000:06:04.0: PME# supported from D0 D1 D2 D3hot D3cold
[    0.390505] pci 0000:06:05.0: [8086:156d] type 01 class 0x060400
[    0.390590] pci 0000:06:05.0: supports D1 D2
[    0.390591] pci 0000:06:05.0: PME# supported from D0 D1 D2 D3hot D3cold
[    0.390649] pci 0000:06:06.0: [8086:156d] type 01 class 0x060400
[    0.390735] pci 0000:06:06.0: supports D1 D2
[    0.390736] pci 0000:06:06.0: PME# supported from D0 D1 D2 D3hot D3cold
[    0.390806] pci 0000:05:00.0: PCI bridge to [bus 06-6b]
[    0.390809] pci 0000:05:00.0:   bridge window [io  0x4000-0x5fff]
[    0.390812] pci 0000:05:00.0:   bridge window [mem 0xa0d00000-0xa8dfffff]
[    0.390815] pci 0000:05:00.0:   bridge window [mem 0xace00000-0xb4dfffff 64bit pref]
[    0.390862] pci 0000:07:00.0: [8086:156c] type 00 class 0x088000
[    0.390887] pci 0000:07:00.0: reg 0x10: [mem 0xa0d00000-0xa0d3ffff]
[    0.390895] pci 0000:07:00.0: reg 0x14: [mem 0xa0d40000-0xa0d40fff]
[    0.391014] pci 0000:07:00.0: supports D1 D2
[    0.391015] pci 0000:07:00.0: PME# supported from D0 D1 D2 D3hot D3cold
[    0.391154] pci 0000:06:00.0: PCI bridge to [bus 07]
[    0.391160] pci 0000:06:00.0:   bridge window [mem 0xa0d00000-0xa0dfffff]
[    0.391213] pci 0000:06:03.0: PCI bridge to [bus 08-38]
[    0.391217] pci 0000:06:03.0:   bridge window [io  0x4000-0x4fff]
[    0.391219] pci 0000:06:03.0:   bridge window [mem 0xa0e00000-0xa4dfffff]
[    0.391223] pci 0000:06:03.0:   bridge window [mem 0xace00000-0xb0dfffff 64bit pref]
[    0.391272] pci 0000:06:04.0: PCI bridge to [bus 39]
[    0.391327] pci 0000:06:05.0: PCI bridge to [bus 3a-6a]
[    0.391331] pci 0000:06:05.0:   bridge window [io  0x5000-0x5fff]
[    0.391334] pci 0000:06:05.0:   bridge window [mem 0xa4e00000-0xa8dfffff]
[    0.391338] pci 0000:06:05.0:   bridge window [mem 0xb0e00000-0xb4dfffff 64bit pref]
[    0.391364] pci 0000:06:06.0: PCI bridge to [bus 6b]
[    0.391430] pci 0000:00:1c.0: PCI bridge to [bus 02]
[    0.391525] pci 0000:03:00.0: [14e4:43ba] type 00 class 0x028000
[    0.391589] pci 0000:03:00.0: reg 0x10: [mem 0xa0800000-0xa0807fff 64bit]
[    0.391616] pci 0000:03:00.0: reg 0x18: [mem 0xa0400000-0xa07fffff 64bit]
[    0.391821] pci 0000:03:00.0: supports D1 D2
[    0.391822] pci 0000:03:00.0: PME# supported from D0 D1 D2 D3hot D3cold
[    0.392050] pci 0000:00:1c.2: PCI bridge to [bus 03]
[    0.392055] pci 0000:00:1c.2:   bridge window [mem 0xa0400000-0xa08fffff]
[    0.392111] pci 0000:04:00.0: [14e4:1570] type 00 class 0x048000
[    0.392143] pci 0000:04:00.0: reg 0x10: [mem 0xa0a00000-0xa0a0ffff 64bit]
[    0.392157] pci 0000:04:00.0: reg 0x18: [mem 0x80000000-0x8fffffff 64bit pref]
[    0.392171] pci 0000:04:00.0: reg 0x20: [mem 0xa0900000-0xa09fffff 64bit]
[    0.392257] pci 0000:04:00.0: supports D1
[    0.392258] pci 0000:04:00.0: PME# supported from D0 D3hot
[    0.392365] pci 0000:00:1c.3: PCI bridge to [bus 04]
[    0.392370] pci 0000:00:1c.3:   bridge window [mem 0xa0900000-0xa0afffff]
[    0.392374] pci 0000:00:1c.3:   bridge window [mem 0x80000000-0x8fffffff 64bit pref]
[    0.393104] ACPI: PCI Interrupt Link [LNKA] (IRQs 1 3 4 5 6 7 10 12 14 15) *0, disabled.
[    0.393147] ACPI: PCI Interrupt Link [LNKB] (IRQs 1 3 4 5 6 7 11 12 14 15) *0, disabled.
[    0.393192] ACPI: PCI Interrupt Link [LNKC] (IRQs 1 3 4 5 6 7 10 12 14 15) *0, disabled.
[    0.393237] ACPI: PCI Interrupt Link [LNKD] (IRQs 1 3 4 5 6 7 11 12 14 15) *0, disabled.
[    0.393282] ACPI: PCI Interrupt Link [LNKE] (IRQs 1 3 4 5 6 7 10 12 14 15) *0, disabled.
[    0.393318] ACPI: PCI Interrupt Link [LNKF] (IRQs 1 3 4 5 6 7 11 12 14 15) *0, disabled.
[    0.393354] ACPI: PCI Interrupt Link [LNKG] (IRQs 1 3 4 5 6 7 10 12 14 15) *0, disabled.
[    0.393395] ACPI: PCI Interrupt Link [LNKH] (IRQs 1 3 4 5 6 7 11 12 14 15) *0, disabled.
[    0.393536] ACPI: EC: interrupt unblocked
[    0.393553] ACPI: EC: event unblocked
[    0.393558] ACPI: \_SB_.PCI0.LPCB.EC__: GPE=0x17, EC_CMD/EC_SC=0x66, EC_DATA=0x62
[    0.393559] ACPI: \_SB_.PCI0.LPCB.EC__: Used as boot DSDT EC to handle transactions and events
[    0.393602] pci 0000:00:02.0: vgaarb: setting as boot VGA device
[    0.393602] pci 0000:00:02.0: vgaarb: VGA device added: decodes=io+mem,owns=io+mem,locks=none
[    0.393602] pci 0000:00:02.0: vgaarb: bridge control possible
[    0.393602] vgaarb: loaded
[    0.393602] SCSI subsystem initialized
[    0.393723] libata version 3.00 loaded.
[    0.393736] ACPI: bus type USB registered
[    0.393746] usbcore: registered new interface driver usbfs
[    0.393751] usbcore: registered new interface driver hub
[    0.393766] usbcore: registered new device driver usb
[    0.393784] pps_core: LinuxPPS API ver. 1 registered
[    0.393784] pps_core: Software ver. 5.3.6 - Copyright 2005-2007 Rodolfo Giometti <giometti@linux.it>
[    0.393786] PTP clock support registered
[    0.393799] EDAC MC: Ver: 3.0.0
[    0.393820] Registered efivars operations
[    0.435423] PCI: Using ACPI for IRQ routing
[    0.437771] PCI: pci_cache_line_size set to 64 bytes
[    0.437910] e820: reserve RAM buffer [mem 0x00058000-0x0005ffff]
[    0.437911] e820: reserve RAM buffer [mem 0x66282710-0x67ffffff]
[    0.437912] e820: reserve RAM buffer [mem 0x78d01000-0x7bffffff]
[    0.437913] e820: reserve RAM buffer [mem 0x78d5d000-0x7bffffff]
[    0.437914] e820: reserve RAM buffer [mem 0x78e3a000-0x7bffffff]
[    0.437915] e820: reserve RAM buffer [mem 0x78ecc000-0x7bffffff]
[    0.437916] e820: reserve RAM buffer [mem 0x78f85000-0x7bffffff]
[    0.437917] e820: reserve RAM buffer [mem 0x79000000-0x7bffffff]
[    0.437918] e820: reserve RAM buffer [mem 0x47f600000-0x47fffffff]
[    0.438717] NetLabel: Initializing
[    0.438717] NetLabel:  domain hash size = 128
[    0.438717] NetLabel:  protocols = UNLABELED CIPSOv4 CALIPSO
[    0.438717] NetLabel:  unlabeled traffic allowed by default
[    0.438793] hpet0: at MMIO 0xfed00000, IRQs 2, 8, 0, 0, 0, 0, 0, 0
[    0.438796] hpet0: 8 comparators, 64-bit 14.318180 MHz counter
[    0.440733] clocksource: Switched to clocksource tsc-early
[    0.450356] VFS: Disk quotas dquot_6.6.0
[    0.450370] VFS: Dquot-cache hash table entries: 512 (order 0, 4096 bytes)
[    0.450416] pnp: PnP ACPI init
[    0.451051] system 00:00: [mem 0xfed00000-0xfed03fff] has been reserved
[    0.451056] system 00:00: Plug and Play ACPI device, IDs PNP0103 PNP0c01 (active)
[    0.451090] system 00:01: [io  0xffff] has been reserved
[    0.451091] system 00:01: [io  0x1800-0x187f] has been reserved
[    0.451093] system 00:01: [io  0x0800-0x087f] has been reserved
[    0.451095] system 00:01: Plug and Play ACPI device, IDs PNP0c02 (active)
[    0.451107] pnp 00:02: Plug and Play ACPI device, IDs PNP0b00 (active)
[    0.451151] pnp 00:03: Plug and Play ACPI device, IDs APP000b (active)
[    0.451251] system 00:04: [mem 0xfed1c000-0xfed1ffff] has been reserved
[    0.451252] system 00:04: [mem 0xfed10000-0xfed17fff] has been reserved
[    0.451253] system 00:04: [mem 0xfed18000-0xfed18fff] has been reserved
[    0.451254] system 00:04: [mem 0xfed19000-0xfed19fff] has been reserved
[    0.451255] system 00:04: [mem 0xe0000000-0xefffffff] could not be reserved
[    0.451257] system 00:04: [mem 0xfed20000-0xfed3ffff] has been reserved
[    0.451258] system 00:04: [mem 0xfed90000-0xfed93fff] could not be reserved
[    0.451259] system 00:04: [mem 0xfed45000-0xfed8ffff] has been reserved
[    0.451260] system 00:04: [mem 0xff000000-0xffffffff] could not be reserved
[    0.451261] system 00:04: [mem 0xfee00000-0xfeefffff] has been reserved
[    0.451264] system 00:04: Plug and Play ACPI device, IDs PNP0c02 (active)
[    0.451301] system 00:05: [mem 0x20000000-0x201fffff] could not be reserved
[    0.451302] system 00:05: [mem 0x40000000-0x401fffff] could not be reserved
[    0.451304] system 00:05: Plug and Play ACPI device, IDs PNP0c01 (active)
[    0.451412] pnp: PnP ACPI: found 6 devices
[    0.452240] pci 0000:07:00.0: assigning 8 device properties
[    0.452251] pci 0000:00:1b.0: assigning 4 device properties
[    0.452255] pci 0000:00:02.0: assigning 2 device properties
[    0.456825] clocksource: acpi_pm: mask: 0xffffff max_cycles: 0xffffff, max_idle_ns: 2085701024 ns
[    0.456857] pci 0000:06:00.0: bridge window [io  0x1000-0x0fff] to [bus 07] add_size 1000
[    0.456859] pci 0000:06:00.0: bridge window [mem 0x00100000-0x000fffff 64bit pref] to [bus 07] add_size 200000 add_align 100000
[    0.456870] pci 0000:06:04.0: bridge window [io  0x1000-0x0fff] to [bus 39] add_size 1000
[    0.456871] pci 0000:06:04.0: bridge window [mem 0x00100000-0x000fffff 64bit pref] to [bus 39] add_size 200000 add_align 100000
[    0.456872] pci 0000:06:04.0: bridge window [mem 0x00100000-0x000fffff] to [bus 39] add_size 200000 add_align 100000
[    0.456883] pci 0000:06:06.0: bridge window [io  0x1000-0x0fff] to [bus 6b] add_size 1000
[    0.456884] pci 0000:06:06.0: bridge window [mem 0x00100000-0x000fffff 64bit pref] to [bus 6b] add_size 200000 add_align 100000
[    0.456885] pci 0000:06:06.0: bridge window [mem 0x00100000-0x000fffff] to [bus 6b] add_size 200000 add_align 100000
[    0.456904] pci 0000:00:1c.0: bridge window [io  0x1000-0x0fff] to [bus 02] add_size 1000
[    0.456905] pci 0000:00:1c.0: bridge window [mem 0x00100000-0x000fffff 64bit pref] to [bus 02] add_size 200000 add_align 100000
[    0.456907] pci 0000:00:1c.0: bridge window [mem 0x00100000-0x000fffff] to [bus 02] add_size 200000 add_align 100000
[    0.456925] pci 0000:00:1c.0: BAR 14: assigned [mem 0x7fc00000-0x7fdfffff]
[    0.456932] pci 0000:00:1c.0: BAR 15: assigned [mem 0x7fe00000-0x7fffffff 64bit pref]
[    0.456934] pci 0000:00:1c.0: BAR 13: assigned [io  0x2000-0x2fff]
[    0.456936] pci 0000:00:01.0: PCI bridge to [bus 01]
[    0.456938] pci 0000:00:01.0:   bridge window [mem 0xa0b00000-0xa0bfffff]
[    0.456945] pci 0000:06:00.0: BAR 15: no space for [mem size 0x00200000 64bit pref]
[    0.456946] pci 0000:06:00.0: BAR 15: failed to assign [mem size 0x00200000 64bit pref]
[    0.456947] pci 0000:06:04.0: BAR 14: no space for [mem size 0x00200000]
[    0.456948] pci 0000:06:04.0: BAR 14: failed to assign [mem size 0x00200000]
[    0.456950] pci 0000:06:04.0: BAR 15: no space for [mem size 0x00200000 64bit pref]
[    0.456951] pci 0000:06:04.0: BAR 15: failed to assign [mem size 0x00200000 64bit pref]
[    0.456952] pci 0000:06:06.0: BAR 14: no space for [mem size 0x00200000]
[    0.456953] pci 0000:06:06.0: BAR 14: failed to assign [mem size 0x00200000]
[    0.456955] pci 0000:06:06.0: BAR 15: no space for [mem size 0x00200000 64bit pref]
[    0.456956] pci 0000:06:06.0: BAR 15: failed to assign [mem size 0x00200000 64bit pref]
[    0.456957] pci 0000:06:00.0: BAR 13: no space for [io  size 0x1000]
[    0.456958] pci 0000:06:00.0: BAR 13: failed to assign [io  size 0x1000]
[    0.456959] pci 0000:06:04.0: BAR 13: no space for [io  size 0x1000]
[    0.456960] pci 0000:06:04.0: BAR 13: failed to assign [io  size 0x1000]
[    0.456961] pci 0000:06:06.0: BAR 13: no space for [io  size 0x1000]
[    0.456962] pci 0000:06:06.0: BAR 13: failed to assign [io  size 0x1000]
[    0.456963] pci 0000:06:06.0: BAR 14: no space for [mem size 0x00200000]
[    0.456964] pci 0000:06:06.0: BAR 14: failed to assign [mem size 0x00200000]
[    0.456966] pci 0000:06:06.0: BAR 15: no space for [mem size 0x00200000 64bit pref]
[    0.456967] pci 0000:06:06.0: BAR 15: failed to assign [mem size 0x00200000 64bit pref]
[    0.456968] pci 0000:06:06.0: BAR 13: no space for [io  size 0x1000]
[    0.456969] pci 0000:06:06.0: BAR 13: failed to assign [io  size 0x1000]
[    0.456970] pci 0000:06:04.0: BAR 14: no space for [mem size 0x00200000]
[    0.456971] pci 0000:06:04.0: BAR 14: failed to assign [mem size 0x00200000]
[    0.456973] pci 0000:06:04.0: BAR 15: no space for [mem size 0x00200000 64bit pref]
[    0.456974] pci 0000:06:04.0: BAR 15: failed to assign [mem size 0x00200000 64bit pref]
[    0.456975] pci 0000:06:04.0: BAR 13: no space for [io  size 0x1000]
[    0.456976] pci 0000:06:04.0: BAR 13: failed to assign [io  size 0x1000]
[    0.456977] pci 0000:06:00.0: BAR 15: no space for [mem size 0x00200000 64bit pref]
[    0.456978] pci 0000:06:00.0: BAR 15: failed to assign [mem size 0x00200000 64bit pref]
[    0.456979] pci 0000:06:00.0: BAR 13: no space for [io  size 0x1000]
[    0.456980] pci 0000:06:00.0: BAR 13: failed to assign [io  size 0x1000]
[    0.456981] pci 0000:06:00.0: PCI bridge to [bus 07]
[    0.456985] pci 0000:06:00.0:   bridge window [mem 0xa0d00000-0xa0dfffff]
[    0.456991] pci 0000:06:03.0: PCI bridge to [bus 08-38]
[    0.456992] pci 0000:06:03.0:   bridge window [io  0x4000-0x4fff]
[    0.456996] pci 0000:06:03.0:   bridge window [mem 0xa0e00000-0xa4dfffff]
[    0.456998] pci 0000:06:03.0:   bridge window [mem 0xace00000-0xb0dfffff 64bit pref]
[    0.457002] pci 0000:06:04.0: PCI bridge to [bus 39]
[    0.457010] pci 0000:06:05.0: PCI bridge to [bus 3a-6a]
[    0.457012] pci 0000:06:05.0:   bridge window [io  0x5000-0x5fff]
[    0.457015] pci 0000:06:05.0:   bridge window [mem 0xa4e00000-0xa8dfffff]
[    0.457018] pci 0000:06:05.0:   bridge window [mem 0xb0e00000-0xb4dfffff 64bit pref]
[    0.457022] pci 0000:06:06.0: PCI bridge to [bus 6b]
[    0.457030] pci 0000:05:00.0: PCI bridge to [bus 06-6b]
[    0.457031] pci 0000:05:00.0:   bridge window [io  0x4000-0x5fff]
[    0.457034] pci 0000:05:00.0:   bridge window [mem 0xa0d00000-0xa8dfffff]
[    0.457037] pci 0000:05:00.0:   bridge window [mem 0xace00000-0xb4dfffff 64bit pref]
[    0.457041] pci 0000:00:01.1: PCI bridge to [bus 05-9b]
[    0.457042] pci 0000:00:01.1:   bridge window [io  0x4000-0x6fff]
[    0.457044] pci 0000:00:01.1:   bridge window [mem 0xa0d00000-0xacdfffff]
[    0.457045] pci 0000:00:01.1:   bridge window [mem 0xace00000-0xb8dfffff 64bit pref]
[    0.457048] pci 0000:00:1c.0: PCI bridge to [bus 02]
[    0.457055] pci 0000:00:1c.0:   bridge window [io  0x2000-0x2fff]
[    0.457059] pci 0000:00:1c.0:   bridge window [mem 0x7fc00000-0x7fdfffff]
[    0.457062] pci 0000:00:1c.0:   bridge window [mem 0x7fe00000-0x7fffffff 64bit pref]
[    0.457068] pci 0000:00:1c.2: PCI bridge to [bus 03]
[    0.457072] pci 0000:00:1c.2:   bridge window [mem 0xa0400000-0xa08fffff]
[    0.457079] pci 0000:00:1c.3: PCI bridge to [bus 04]
[    0.457083] pci 0000:00:1c.3:   bridge window [mem 0xa0900000-0xa0afffff]
[    0.457086] pci 0000:00:1c.3:   bridge window [mem 0x80000000-0x8fffffff 64bit pref]
[    0.457092] pci_bus 0000:00: resource 4 [io  0x0000-0x0cf7 window]
[    0.457093] pci_bus 0000:00: resource 5 [io  0x0d00-0xffff window]
[    0.457094] pci_bus 0000:00: resource 6 [mem 0x000a0000-0x000bffff window]
[    0.457095] pci_bus 0000:00: resource 7 [mem 0x000c0000-0x000c3fff window]
[    0.457096] pci_bus 0000:00: resource 8 [mem 0x000c4000-0x000c7fff window]
[    0.457097] pci_bus 0000:00: resource 9 [mem 0x000c8000-0x000cbfff window]
[    0.457098] pci_bus 0000:00: resource 10 [mem 0x000cc000-0x000cffff window]
[    0.457099] pci_bus 0000:00: resource 11 [mem 0x000d0000-0x000d3fff window]
[    0.457099] pci_bus 0000:00: resource 12 [mem 0x000d4000-0x000d7fff window]
[    0.457100] pci_bus 0000:00: resource 13 [mem 0x000d8000-0x000dbfff window]
[    0.457101] pci_bus 0000:00: resource 14 [mem 0x000dc000-0x000dffff window]
[    0.457102] pci_bus 0000:00: resource 15 [mem 0x000e0000-0x000e3fff window]
[    0.457103] pci_bus 0000:00: resource 16 [mem 0x000e4000-0x000e7fff window]
[    0.457104] pci_bus 0000:00: resource 17 [mem 0x000e8000-0x000ebfff window]
[    0.457105] pci_bus 0000:00: resource 18 [mem 0x000ec000-0x000effff window]
[    0.457106] pci_bus 0000:00: resource 19 [mem 0x000f0000-0x000fffff window]
[    0.457107] pci_bus 0000:00: resource 20 [mem 0x7fa00000-0xfeafffff window]
[    0.457108] pci_bus 0000:00: resource 21 [mem 0xfed40000-0xfed44fff window]
[    0.457109] pci_bus 0000:01: resource 1 [mem 0xa0b00000-0xa0bfffff]
[    0.457110] pci_bus 0000:05: resource 0 [io  0x4000-0x6fff]
[    0.457111] pci_bus 0000:05: resource 1 [mem 0xa0d00000-0xacdfffff]
[    0.457112] pci_bus 0000:05: resource 2 [mem 0xace00000-0xb8dfffff 64bit pref]
[    0.457113] pci_bus 0000:06: resource 0 [io  0x4000-0x5fff]
[    0.457114] pci_bus 0000:06: resource 1 [mem 0xa0d00000-0xa8dfffff]
[    0.457115] pci_bus 0000:06: resource 2 [mem 0xace00000-0xb4dfffff 64bit pref]
[    0.457116] pci_bus 0000:07: resource 1 [mem 0xa0d00000-0xa0dfffff]
[    0.457117] pci_bus 0000:08: resource 0 [io  0x4000-0x4fff]
[    0.457118] pci_bus 0000:08: resource 1 [mem 0xa0e00000-0xa4dfffff]
[    0.457119] pci_bus 0000:08: resource 2 [mem 0xace00000-0xb0dfffff 64bit pref]
[    0.457120] pci_bus 0000:3a: resource 0 [io  0x5000-0x5fff]
[    0.457121] pci_bus 0000:3a: resource 1 [mem 0xa4e00000-0xa8dfffff]
[    0.457122] pci_bus 0000:3a: resource 2 [mem 0xb0e00000-0xb4dfffff 64bit pref]
[    0.457123] pci_bus 0000:02: resource 0 [io  0x2000-0x2fff]
[    0.457124] pci_bus 0000:02: resource 1 [mem 0x7fc00000-0x7fdfffff]
[    0.457125] pci_bus 0000:02: resource 2 [mem 0x7fe00000-0x7fffffff 64bit pref]
[    0.457126] pci_bus 0000:03: resource 1 [mem 0xa0400000-0xa08fffff]
[    0.457127] pci_bus 0000:04: resource 1 [mem 0xa0900000-0xa0afffff]
[    0.457127] pci_bus 0000:04: resource 2 [mem 0x80000000-0x8fffffff 64bit pref]
[    0.457229] NET: Registered protocol family 2
[    0.457341] tcp_listen_portaddr_hash hash table entries: 8192 (order: 5, 131072 bytes)
[    0.457383] TCP established hash table entries: 131072 (order: 8, 1048576 bytes)
[    0.457520] TCP bind hash table entries: 65536 (order: 8, 1048576 bytes)
[    0.457634] TCP: Hash tables configured (established 131072 bind 65536)
[    0.457664] UDP hash table entries: 8192 (order: 6, 262144 bytes)
[    0.457699] UDP-Lite hash table entries: 8192 (order: 6, 262144 bytes)
[    0.457774] NET: Registered protocol family 1
[    0.457777] NET: Registered protocol family 44
[    0.457786] pci 0000:00:02.0: Video device with shadowed ROM at [mem 0x000c0000-0x000dffff]
[    0.458010] PCI: CLS 256 bytes, default 64
[    0.458035] Unpacking initramfs...
[    1.581912] Freeing initrd memory: 92720K
[    1.587756] PCI-DMA: Using software bounce buffering for IO (SWIOTLB)
[    1.587759] software IO TLB: mapped [mem 0x5f070000-0x63070000] (64MB)
[    1.590130] Initialise system trusted keyrings
[    1.590142] Key type blacklist registered
[    1.590183] workingset: timestamp_bits=36 max_order=22 bucket_order=0
[    1.591446] zbud: loaded
[    1.722581] alg: No test for 842 (842-generic)
[    1.723163] alg: No test for 842 (842-scomp)
[    1.744195] NET: Registered protocol family 38
[    1.744198] Key type asymmetric registered
[    1.744198] Asymmetric key parser 'x509' registered
[    1.744208] Block layer SCSI generic (bsg) driver version 0.4 loaded (major 243)
[    1.744236] io scheduler mq-deadline registered
[    1.744291] atomic64_test: passed for x86-64 platform with CX8 and with SSE
[    1.744681] pciehp 0000:00:1c.0:pcie004: Slot #0 AttnBtn- PwrCtrl- MRL- AttnInd- PwrInd- HotPlug+ Surprise+ Interlock- NoCompl+ LLActRep+
[    1.745175] pciehp 0000:06:00.0:pcie204: Slot #0 AttnBtn- PwrCtrl- MRL- AttnInd- PwrInd- HotPlug+ Surprise+ Interlock- NoCompl+ LLActRep+
[    1.745324] pciehp 0000:06:03.0:pcie204: Slot #3 AttnBtn- PwrCtrl- MRL- AttnInd- PwrInd- HotPlug+ Surprise+ Interlock- NoCompl+ LLActRep+
[    1.745469] pciehp 0000:06:04.0:pcie204: Slot #4 AttnBtn- PwrCtrl- MRL- AttnInd- PwrInd- HotPlug+ Surprise+ Interlock- NoCompl+ LLActRep+
[    1.745612] pciehp 0000:06:05.0:pcie204: Slot #5 AttnBtn- PwrCtrl- MRL- AttnInd- PwrInd- HotPlug+ Surprise+ Interlock- NoCompl+ LLActRep+
[    1.745762] pciehp 0000:06:06.0:pcie204: Slot #6 AttnBtn- PwrCtrl- MRL- AttnInd- PwrInd- HotPlug+ Surprise+ Interlock- NoCompl+ LLActRep+
[    1.745839] shpchp: Standard Hot Plug PCI Controller Driver version: 0.4
[    1.745858] efifb: probing for efifb
[    1.745874] efifb: No BGRT, not showing boot graphics
[    1.745875] efifb: framebuffer at 0x90000000, using 20700k, total 20700k
[    1.745876] efifb: mode is 2880x1800x32, linelength=11776, pages=1
[    1.745876] efifb: scrolling: redraw
[    1.745877] efifb: Truecolor: size=8:8:8:8, shift=24:16:8:0
[    1.745907] fbcon: Deferring console take-over
[    1.745908] fb0: EFI VGA frame buffer device
[    1.745913] intel_idle: MWAIT substates: 0x42120
[    1.745914] intel_idle: v0.4.1 model 0x46
[    1.746149] intel_idle: lapic_timer_reliable_states 0xffffffff
[    1.746249] ACPI: AC Adapter [ADP1] (on-line)
[    1.746295] input: Lid Switch as /devices/LNXSYSTM:00/LNXSYBUS:00/PNP0C0D:00/input/input0
[    1.746325] ACPI: Lid Switch [LID0]
[    1.746358] input: Power Button as /devices/LNXSYSTM:00/LNXSYBUS:00/PNP0C0C:00/input/input1
[    1.746364] ACPI: Power Button [PWRB]
[    1.746383] input: Sleep Button as /devices/LNXSYSTM:00/LNXSYBUS:00/PNP0C0E:00/input/input2
[    1.746387] ACPI: Sleep Button [SLPB]
[    1.746405] input: Power Button as /devices/LNXSYSTM:00/LNXPWRBN:00/input/input3
[    1.746415] ACPI: Power Button [PWRF]
[    1.747299] Serial: 8250/16550 driver, 32 ports, IRQ sharing enabled
[    1.748715] Non-volatile memory driver v1.3
[    1.748746] Linux agpgart interface v0.103
[    1.749497] ahci 0000:01:00.0: version 3.0
[    1.780108] ahci 0000:01:00.0: AHCI 0001.0300 32 slots 1 ports 6 Gbps 0x1 impl SATA mode
[    1.780112] ahci 0000:01:00.0: flags: 64bit ncq led clo only pio ccc 
[    1.780639] scsi host0: ahci
[    1.780740] ata1: SATA max UDMA/133 abar m8192@0xa0b00000 port 0xa0b00100 irq 33
[    1.780822] libphy: Fixed MDIO Bus: probed
[    1.780965] ehci_hcd: USB 2.0 'Enhanced' Host Controller (EHCI) Driver
[    1.780969] ehci-pci: EHCI PCI platform driver
[    1.780986] ohci_hcd: USB 1.1 'Open' Host Controller (OHCI) Driver
[    1.780988] ohci-pci: OHCI PCI platform driver
[    1.780996] uhci_hcd: USB Universal Host Controller Interface driver
[    1.781177] xhci_hcd 0000:00:14.0: xHCI Host Controller
[    1.781303] xhci_hcd 0000:00:14.0: new USB bus registered, assigned bus number 1
[    1.782379] xhci_hcd 0000:00:14.0: hcc params 0x200077c1 hci version 0x100 quirks 0x0000000000009890
[    1.782384] xhci_hcd 0000:00:14.0: cache line size of 256 is not supported
[    1.782570] usb usb1: New USB device found, idVendor=1d6b, idProduct=0002, bcdDevice= 5.00
[    1.782572] usb usb1: New USB device strings: Mfr=3, Product=2, SerialNumber=1
[    1.782573] usb usb1: Product: xHCI Host Controller
[    1.782574] usb usb1: Manufacturer: Linux 5.0.0-rc6+ xhci-hcd
[    1.782575] usb usb1: SerialNumber: 0000:00:14.0
[    1.782739] hub 1-0:1.0: USB hub found
[    1.782761] hub 1-0:1.0: 14 ports detected
[    1.783097] xhci_hcd 0000:00:14.0: xHCI Host Controller
[    1.783202] xhci_hcd 0000:00:14.0: new USB bus registered, assigned bus number 2
[    1.783217] xhci_hcd 0000:00:14.0: Host supports USB 3.0  SuperSpeed
[    1.783260] usb usb2: New USB device found, idVendor=1d6b, idProduct=0003, bcdDevice= 5.00
[    1.783262] usb usb2: New USB device strings: Mfr=3, Product=2, SerialNumber=1
[    1.783263] usb usb2: Product: xHCI Host Controller
[    1.783264] usb usb2: Manufacturer: Linux 5.0.0-rc6+ xhci-hcd
[    1.783264] usb usb2: SerialNumber: 0000:00:14.0
[    1.783340] hub 2-0:1.0: USB hub found
[    1.783356] hub 2-0:1.0: 6 ports detected
[    1.783390] usb: port power management may be unreliable
[    1.783528] usbcore: registered new interface driver usbserial_generic
[    1.783531] usbserial: USB Serial support registered for generic
[    1.783549] i8042: PNP: No PS/2 controller found.
[    1.783580] mousedev: PS/2 mouse device common for all mice
[    1.783677] rtc_cmos 00:02: RTC can wake from S4
[    1.783816] rtc_cmos 00:02: registered as rtc0
[    1.783818] rtc_cmos 00:02: alarms up to one month, y3k, 242 bytes nvram, hpet irqs
[    1.783879] device-mapper: uevent: version 1.0.3
[    1.783918] device-mapper: ioctl: 4.39.0-ioctl (2018-04-03) initialised: dm-devel@redhat.com
[    1.783999] intel_pstate: Intel P-state driver initializing
[    1.784504] hidraw: raw HID events driver (C) Jiri Kosina
[    1.784585] usbcore: registered new interface driver usbhid
[    1.784586] usbhid: USB HID core driver
[    1.784870] drop_monitor: Initializing network drop monitor service
[    1.785219] Initializing XFRM netlink socket
[    1.785494] NET: Registered protocol family 10
[    1.794486] Segment Routing with IPv6
[    1.794534] mip6: Mobile IPv6
[    1.794539] NET: Registered protocol family 17
[    1.796098] RAS: Correctable Errors collector initialized.
[    1.796191] microcode: sig=0x40661, pf=0x20, revision=0x1a
[    1.796428] microcode: Microcode Update Driver: v2.2.
[    1.796443] AVX2 version of gcm_enc/dec engaged.
[    1.796444] AES CTR mode by8 optimization enabled
[    1.828653] sched_clock: Marking stable (1828390279, 255468)->(1912255517, -83609770)
[    1.829092] registered taskstats version 1
[    1.829099] Loading compiled-in X.509 certificates
[    1.859204] Loaded X.509 cert 'Build time autogenerated kernel key: 307e4e8a55fe74f83f10b61aeadbf24a5fc6325b'
[    1.859227] zswap: loaded using pool lzo/zbud
[    1.864674] Key type big_key registered
[    1.867463] Key type encrypted registered
[    1.867470] ima: No TPM chip found, activating TPM-bypass!
[    1.867476] ima: Allocated hash algorithm: sha1
[    1.867480] No architecture policies found
[    1.868082]   Magic number: 7:822:655
[    1.868105] pciehp 0000:06:04.0:pcie204: hash matches
[    1.868225] rtc_cmos 00:02: setting system clock to 2019-02-11T23:37:51 UTC (1549928271)
[    2.108009] usb 2-4: new SuperSpeed Gen 1 USB device number 2 using xhci_hcd
[    2.112405] ata1: SATA link up 6.0 Gbps (SStatus 133 SControl 300)
[    2.114391] ata1.00: unexpected _GTF length (8)
[    2.114618] ata1.00: ATA-8: APPLE SSD SM0256G, BXW1SA0Q, max UDMA/133
[    2.114620] ata1.00: 490234752 sectors, multi 16: LBA48 NCQ (depth 32), AA
[    2.115099] ata1.00: unexpected _GTF length (8)
[    2.115330] ata1.00: configured for UDMA/133
[    2.115562] scsi 0:0:0:0: Direct-Access     ATA      APPLE SSD SM0256 SA0Q PQ: 0 ANSI: 5
[    2.115796] sd 0:0:0:0: Attached scsi generic sg0 type 0
[    2.115877] sd 0:0:0:0: [sda] 490234752 512-byte logical blocks: (251 GB/234 GiB)
[    2.115879] sd 0:0:0:0: [sda] 4096-byte physical blocks
[    2.115914] sd 0:0:0:0: [sda] Write Protect is off
[    2.115917] sd 0:0:0:0: [sda] Mode Sense: 00 3a 00 00
[    2.115947] sd 0:0:0:0: [sda] Write cache: enabled, read cache: enabled, doesn't support DPO or FUA
[    2.117156]  sda: sda1 sda2 sda3 sda4
[    2.117653] sd 0:0:0:0: [sda] Attached SCSI disk
[    2.118632] Freeing unused decrypted memory: 2040K
[    2.118968] Freeing unused kernel image memory: 2152K
[    2.122471] usb 2-4: New USB device found, idVendor=05ac, idProduct=8406, bcdDevice= 8.20
[    2.122474] usb 2-4: New USB device strings: Mfr=3, Product=4, SerialNumber=5
[    2.122475] usb 2-4: Product: Card Reader
[    2.122477] usb 2-4: Manufacturer: Apple
[    2.122478] usb 2-4: SerialNumber: 000000000820
[    2.125768] Write protecting the kernel read-only data: 18432k
[    2.126291] Freeing unused kernel image memory: 2020K
[    2.126385] Freeing unused kernel image memory: 68K
[    2.137300] x86/mm: Checked W+X mappings: passed, no W+X pages found.
[    2.137304] rodata_test: all tests were successful
[    2.137304] x86/mm: Checking user space page tables
[    2.143966] x86/mm: Checked W+X mappings: passed, no W+X pages found.
[    2.143967] Run /init as init process
[    2.230978] systemd[1]: systemd 239 running in system mode. (+PAM +AUDIT +SELINUX +IMA -APPARMOR +SMACK +SYSVINIT +UTMP +LIBCRYPTSETUP +GCRYPT +GNUTLS +ACL +XZ +LZ4 +SECCOMP +BLKID +ELFUTILS +KMOD +IDN2 -IDN +PCRE2 default-hierarchy=hybrid)
[    2.234789] usb 1-8: new full-speed USB device number 2 using xhci_hcd
[    2.242878] systemd[1]: Detected architecture x86-64.
[    2.242882] systemd[1]: Running in initial RAM disk.
[    2.244992] systemd[1]: Set hostname to <im-mac>.
[    2.299859] systemd[1]: Listening on Journal Socket (/dev/log).
[    2.299898] systemd[1]: Reached target Slices.
[    2.299968] systemd[1]: Listening on Journal Socket.
[    2.301258] systemd[1]: Starting Setup Virtual Console...
[    2.301337] systemd[1]: Reached target Swap.
[    2.301410] systemd[1]: Listening on Journal Audit Socket.
[    2.348649] audit: type=1130 audit(1549928271.978:2): pid=1 uid=0 auid=4294967295 ses=4294967295 subj=kernel msg='unit=systemd-journald comm="systemd" exe="/usr/lib/systemd/systemd" hostname=? addr=? terminal=? res=success'
[    2.350748] audit: type=1130 audit(1549928271.981:3): pid=1 uid=0 auid=4294967295 ses=4294967295 subj=kernel msg='unit=systemd-vconsole-setup comm="systemd" exe="/usr/lib/systemd/systemd" hostname=? addr=? terminal=? res=success'
[    2.350758] audit: type=1131 audit(1549928271.981:4): pid=1 uid=0 auid=4294967295 ses=4294967295 subj=kernel msg='unit=systemd-vconsole-setup comm="systemd" exe="/usr/lib/systemd/systemd" hostname=? addr=? terminal=? res=success'
[    2.362805] usb 1-8: New USB device found, idVendor=05ac, idProduct=8290, bcdDevice= 1.61
[    2.362808] usb 1-8: New USB device strings: Mfr=1, Product=2, SerialNumber=0
[    2.362809] usb 1-8: Product: Bluetooth USB Host Controller
[    2.362811] usb 1-8: Manufacturer: Broadcom Corp.
[    2.365882] input: Broadcom Corp. Bluetooth USB Host Controller as /devices/pci0000:00/0000:00:14.0/usb1/1-8/1-8:1.0/0003:05AC:8290.0001/input/input4
[    2.419066] hid-generic 0003:05AC:8290.0001: input,hidraw0: USB HID v1.11 Keyboard [Broadcom Corp. Bluetooth USB Host Controller] on usb-0000:00:14.0-8/input0
[    2.419609] input: Broadcom Corp. Bluetooth USB Host Controller as /devices/pci0000:00/0000:00:14.0/usb1/1-8/1-8:1.1/0003:05AC:8290.0002/input/input5
[    2.419711] hid-generic 0003:05AC:8290.0002: input,hidraw1: USB HID v1.11 Mouse [Broadcom Corp. Bluetooth USB Host Controller] on usb-0000:00:14.0-8/input1
[    2.522943] audit: type=1130 audit(1549928272.153:5): pid=1 uid=0 auid=4294967295 ses=4294967295 subj=kernel msg='unit=dracut-cmdline comm="systemd" exe="/usr/lib/systemd/systemd" hostname=? addr=? terminal=? res=success'
[    2.534770] usb 1-12: new full-speed USB device number 3 using xhci_hcd
[    2.556865] audit: type=1130 audit(1549928272.187:6): pid=1 uid=0 auid=4294967295 ses=4294967295 subj=kernel msg='unit=dracut-pre-udev comm="systemd" exe="/usr/lib/systemd/systemd" hostname=? addr=? terminal=? res=success'
[    2.576964] audit: type=1130 audit(1549928272.207:7): pid=1 uid=0 auid=4294967295 ses=4294967295 subj=kernel msg='unit=systemd-udevd comm="systemd" exe="/usr/lib/systemd/systemd" hostname=? addr=? terminal=? res=success'
[    2.625749] tsc: Refined TSC clocksource calibration: 2194.919 MHz
[    2.625755] clocksource: tsc: mask: 0xffffffffffffffff max_cycles: 0x1fa372fc492, max_idle_ns: 440795285018 ns
[    2.625778] clocksource: Switched to clocksource tsc
[    2.634173] audit: type=1130 audit(1549928272.264:8): pid=1 uid=0 auid=4294967295 ses=4294967295 subj=kernel msg='unit=systemd-udev-trigger comm="systemd" exe="/usr/lib/systemd/systemd" hostname=? addr=? terminal=? res=success'
[    2.650375] audit: type=1130 audit(1549928272.280:9): pid=1 uid=0 auid=4294967295 ses=4294967295 subj=kernel msg='unit=plymouth-start comm="systemd" exe="/usr/lib/systemd/systemd" hostname=? addr=? terminal=? res=success'
[    2.662345] usb 1-12: New USB device found, idVendor=05ac, idProduct=0274, bcdDevice= 6.24
[    2.662348] usb 1-12: New USB device strings: Mfr=1, Product=2, SerialNumber=3
[    2.662350] usb 1-12: Product: Apple Internal Keyboard / Trackpad
[    2.662352] usb 1-12: Manufacturer: Apple Inc.
[    2.662353] usb 1-12: SerialNumber: D3H61830CG1FTV4A16PF
[    2.674641] usb-storage 2-4:1.0: USB Mass Storage device detected
[    2.675139] scsi host1: usb-storage 2-4:1.0
[    2.675210] usbcore: registered new interface driver usb-storage
[    2.680646] usbcore: registered new interface driver uas
[    2.692480] apple 0003:05AC:0274.0003: hiddev96,hidraw2: USB HID v1.10 Device [Apple Inc. Apple Internal Keyboard / Trackpad] on usb-0000:00:14.0-12/input0
[    2.692705] input: Apple Inc. Apple Internal Keyboard / Trackpad as /devices/pci0000:00/0000:00:14.0/usb1/1-12/1-12:1.1/0003:05AC:0274.0004/input/input6
[    2.743958] apple 0003:05AC:0274.0004: input,hiddev97,hidraw3: USB HID v1.10 Keyboard [Apple Inc. Apple Internal Keyboard / Trackpad] on usb-0000:00:14.0-12/input1
[    2.744124] apple 0003:05AC:0274.0005: hiddev98,hidraw4: USB HID v1.10 Device [Apple Inc. Apple Internal Keyboard / Trackpad] on usb-0000:00:14.0-12/input3
[    2.744235] apple 0003:05AC:0274.0006: hiddev99,hidraw5: USB HID v1.10 Device [Apple Inc. Apple Internal Keyboard / Trackpad] on usb-0000:00:14.0-12/input4
[    2.827164] audit: type=1130 audit(1549928272.457:10): pid=1 uid=0 auid=4294967295 ses=4294967295 subj=kernel msg='unit=systemd-ask-password-plymouth comm="systemd" exe="/usr/lib/systemd/systemd" hostname=? addr=? terminal=? res=success'
[    2.929909] VFIO - User Level meta-driver version: 0.3
[    3.508727] [drm] Found 128MB of eDRAM
[    3.508876] checking generic (90000000 1437000) vs hw (90000000 10000000)
[    3.508877] fb0: switching to inteldrmfb from EFI VGA
[    3.508947] [drm] Replacing VGA console driver
[    3.509258] [drm] Supports vblank timestamp caching Rev 2 (21.10.2013).
[    3.509258] [drm] Driver supports precise vblank timestamp query.
[    3.509306] i915 0000:00:02.0: vgaarb: changed VGA decodes: olddecodes=io+mem,decodes=io+mem:owns=io+mem
[    3.526984] [drm] Initialized i915 1.6.0 20181204 for 0000:00:02.0 on minor 0
[    3.527889] ACPI: Video Device [IGPU] (multi-head: yes  rom: no  post: no)
[    3.528467] acpi device:57: registered as cooling_device8
[    3.528538] input: Video Bus as /devices/LNXSYSTM:00/LNXSYBUS:00/PNP0A08:00/LNXVIDEO:00/input/input7
[    3.535363] fbcon: inteldrmfb (fb0) is primary device
[    3.535364] fbcon: Deferring console take-over
[    3.535367] i915 0000:00:02.0: fb0: inteldrmfb frame buffer device
[    3.716180] scsi 1:0:0:0: Direct-Access     APPLE    SD Card Reader   3.00 PQ: 0 ANSI: 6
[    3.716545] sd 1:0:0:0: Attached scsi generic sg1 type 0
[    3.717736] sd 1:0:0:0: [sdb] Attached SCSI removable disk
[   16.461587] device-mapper: crypt: xts(aes) using implementation "xts-aes-aesni"
[   16.508796] kauditd_printk_skb: 2 callbacks suppressed
[   16.508797] audit: type=1130 audit(1549928286.139:13): pid=1 uid=0 auid=4294967295 ses=4294967295 subj=kernel msg='unit=systemd-cryptsetup@luks\x2ddd1fa933\x2def9f\x2d402b\x2da2e4\x2d7c9d6fb7ce0d comm="systemd" exe="/usr/lib/systemd/systemd" hostname=? addr=? terminal=? res=success'
[   17.070626] PM: Image not found (code -22)
[   17.071877] audit: type=1130 audit(1549928286.702:14): pid=1 uid=0 auid=4294967295 ses=4294967295 subj=kernel msg='unit=systemd-hibernate-resume@dev-mapper-im\x2d\x2dmac\x2dswap comm="systemd" exe="/usr/lib/systemd/systemd" hostname=? addr=? terminal=? res=success'
[   17.071894] audit: type=1131 audit(1549928286.702:15): pid=1 uid=0 auid=4294967295 ses=4294967295 subj=kernel msg='unit=systemd-hibernate-resume@dev-mapper-im\x2d\x2dmac\x2dswap comm="systemd" exe="/usr/lib/systemd/systemd" hostname=? addr=? terminal=? res=success'
[   17.079321] audit: type=1130 audit(1549928286.709:16): pid=1 uid=0 auid=4294967295 ses=4294967295 subj=kernel msg='unit=systemd-tmpfiles-setup comm="systemd" exe="/usr/lib/systemd/systemd" hostname=? addr=? terminal=? res=success'
[   17.086501] audit: type=1130 audit(1549928286.716:17): pid=1 uid=0 auid=4294967295 ses=4294967295 subj=kernel msg='unit=dracut-initqueue comm="systemd" exe="/usr/lib/systemd/systemd" hostname=? addr=? terminal=? res=success'
[   17.101638] audit: type=1130 audit(1549928286.731:18): pid=1 uid=0 auid=4294967295 ses=4294967295 subj=kernel msg='unit=systemd-fsck-root comm="systemd" exe="/usr/lib/systemd/systemd" hostname=? addr=? terminal=? res=success'
[   17.414162] SGI XFS with ACLs, security attributes, scrub, no debug enabled
[   17.418344] XFS (dm-1): Mounting V5 Filesystem
[   17.437366] XFS (dm-1): Ending clean mount
[   17.553096] audit: type=1130 audit(1549928287.183:19): pid=1 uid=0 auid=4294967295 ses=4294967295 subj=kernel msg='unit=initrd-parse-etc comm="systemd" exe="/usr/lib/systemd/systemd" hostname=? addr=? terminal=? res=success'
[   17.553105] audit: type=1131 audit(1549928287.183:20): pid=1 uid=0 auid=4294967295 ses=4294967295 subj=kernel msg='unit=initrd-parse-etc comm="systemd" exe="/usr/lib/systemd/systemd" hostname=? addr=? terminal=? res=success'
[   17.697752] audit: type=1130 audit(1549928287.327:21): pid=1 uid=0 auid=4294967295 ses=4294967295 subj=kernel msg='unit=dracut-pre-pivot comm="systemd" exe="/usr/lib/systemd/systemd" hostname=? addr=? terminal=? res=success'
[   17.711951] audit: type=1131 audit(1549928287.342:22): pid=1 uid=0 auid=4294967295 ses=4294967295 subj=kernel msg='unit=dracut-pre-pivot comm="systemd" exe="/usr/lib/systemd/systemd" hostname=? addr=? terminal=? res=success'
[   17.797693] systemd-journald[308]: Received SIGTERM from PID 1 (systemd).
[   17.826941] printk: systemd: 14 output lines suppressed due to ratelimiting
[   18.288861] SELinux:  Class xdp_socket not defined in policy.
[   18.288862] SELinux: the above unknown classes and permissions will be allowed
[   18.288865] SELinux:  policy capability network_peer_controls=1
[   18.288865] SELinux:  policy capability open_perms=1
[   18.288865] SELinux:  policy capability extended_socket_class=1
[   18.288866] SELinux:  policy capability always_check_network=0
[   18.288866] SELinux:  policy capability cgroup_seclabel=1
[   18.288867] SELinux:  policy capability nnp_nosuid_transition=1
[   18.309952] systemd[1]: Successfully loaded SELinux policy in 401.870ms.
[   18.349097] systemd[1]: Relabelled /dev, /run and /sys/fs/cgroup in 25.432ms.
[   18.351424] systemd[1]: systemd 239 running in system mode. (+PAM +AUDIT +SELINUX +IMA -APPARMOR +SMACK +SYSVINIT +UTMP +LIBCRYPTSETUP +GCRYPT +GNUTLS +ACL +XZ +LZ4 +SECCOMP +BLKID +ELFUTILS +KMOD +IDN2 -IDN +PCRE2 default-hierarchy=hybrid)
[   18.362915] systemd[1]: Detected architecture x86-64.
[   18.364689] systemd[1]: Set hostname to <im-mac>.
[   18.395273] systemd-sysv-generator[963]: stat() failed on /etc/rc.d/init.d/jexec, ignoring: No such file or directory
[   18.556261] systemd[1]: Stopped Switch Root.
[   18.556469] systemd[1]: systemd-journald.service: Service has no hold-off time (RestartSec=0), scheduling restart.
[   18.556528] systemd[1]: systemd-journald.service: Scheduled restart job, restart counter is at 1.
[   18.556547] systemd[1]: Stopped Journal Service.
[   18.557473] systemd[1]: Starting Journal Service...
[   18.558885] systemd[1]: Listening on LVM2 poll daemon socket.
[   18.560221] systemd[1]: Starting Create list of required static device nodes for the current kernel...
[   18.566982] Adding 4194300k swap on /dev/mapper/im--mac-swap.  Priority:-2 extents:1 across:4194300k SSFS
[   18.607708] systemd-journald[969]: Received request to flush runtime journal from PID 1
[   18.770089] apple_gmux: gmux device not present
[   18.797380] smbus_hc ACPI0001:00: SBS HC: offset = 0x20, query_bit = 0x10
[   18.862627] ACPI Warning: SystemIO range 0x0000000000000840-0x000000000000084F conflicts with OpRegion 0x0000000000000800-0x0000000000000863 (\GPIO) (20181213/utaddress-213)
[   18.862633] ACPI: If an ACPI driver is available for this device, you should use it instead of the native driver
[   18.862634] ACPI Warning: SystemIO range 0x0000000000000830-0x000000000000083F conflicts with OpRegion 0x0000000000000800-0x0000000000000863 (\GPIO) (20181213/utaddress-213)
[   18.862637] ACPI: If an ACPI driver is available for this device, you should use it instead of the native driver
[   18.862639] ACPI Warning: SystemIO range 0x0000000000000800-0x000000000000082F conflicts with OpRegion 0x0000000000000810-0x0000000000000813 (\_PR.IO_D) (20181213/utaddress-213)
[   18.862642] ACPI Warning: SystemIO range 0x0000000000000800-0x000000000000082F conflicts with OpRegion 0x0000000000000800-0x0000000000000863 (\GPIO) (20181213/utaddress-213)
[   18.862645] ACPI Warning: SystemIO range 0x0000000000000800-0x000000000000082F conflicts with OpRegion 0x0000000000000810-0x0000000000000813 (\IO_D) (20181213/utaddress-213)
[   18.862648] ACPI Warning: SystemIO range 0x0000000000000800-0x000000000000082F conflicts with OpRegion 0x0000000000000800-0x000000000000080F (\IO_T) (20181213/utaddress-213)
[   18.862651] ACPI: If an ACPI driver is available for this device, you should use it instead of the native driver
[   18.862652] lpc_ich: Resource conflict(s) found affecting gpio_ich
[   18.863752] i801_smbus 0000:00:1f.3: SPD Write Disable is set
[   18.863785] i801_smbus 0000:00:1f.3: SMBus using PCI interrupt
[   18.924926] ACPI: Smart Battery System [SBS0]: Battery Slot [BAT0] (battery present)
[   18.929649] thunderbolt 0000:07:00.0: 0:1: is unplugged (state: 7)
[   18.929674] thunderbolt 0000:07:00.0: 0:3: is unplugged (state: 7)
[   18.939387] input: bcm5974 as /devices/pci0000:00/0000:00:14.0/usb1/1-12/1-12:1.2/input/input8
[   18.939534] usbcore: registered new interface driver bcm5974
[   19.061675] applesmc: key=719 fan=2 temp=48 index=43 acc=0 lux=2 kbd=1
[   19.061882] applesmc applesmc.768: hwmon_device_register() is deprecated. Please convert the driver to use hwmon_device_register_with_info().
[   19.070085] cfg80211: Loading compiled-in X.509 certificates for regulatory database
[   19.071006] cfg80211: Loaded X.509 cert 'sforshee: 00b28ddf47aef9cea7'
[   19.106698] RAPL PMU: API unit is 2^-32 Joules, 4 fixed counters, 655360 ms ovfl timer
[   19.106699] RAPL PMU: hw unit of domain pp0-core 2^-14 Joules
[   19.106700] RAPL PMU: hw unit of domain package 2^-14 Joules
[   19.106701] RAPL PMU: hw unit of domain dram 2^-14 Joules
[   19.106701] RAPL PMU: hw unit of domain pp1-gpu 2^-14 Joules
[   19.121226] Bluetooth: Core ver 2.22
[   19.121247] NET: Registered protocol family 31
[   19.121248] Bluetooth: HCI device and connection manager initialized
[   19.121251] Bluetooth: HCI socket layer initialized
[   19.121253] Bluetooth: L2CAP socket layer initialized
[   19.121257] Bluetooth: SCO socket layer initialized
[   19.137904] iTCO_vendor_support: vendor-support=0
[   19.145282] iTCO_wdt: Intel TCO WatchDog Timer Driver v1.11
[   19.145331] iTCO_wdt: unable to reset NO_REBOOT flag, device disabled by hardware/BIOS
[   19.189331] snd_hda_intel 0000:00:03.0: Linked as a consumer to 0000:00:02.0
[   19.189373] snd_hda_intel 0000:00:03.0: bound 0000:00:02.0 (ops i915_audio_component_bind_ops [i915])
[   19.194036] usbcore: registered new interface driver btusb
[   19.255399] snd_hda_codec_cirrus hdaudioC1D0: autoconfig for CS4208: line_outs=2 (0x12/0x13/0x0/0x0/0x0) type:speaker
[   19.255402] snd_hda_codec_cirrus hdaudioC1D0:    speaker_outs=0 (0x0/0x0/0x0/0x0/0x0)
[   19.255404] snd_hda_codec_cirrus hdaudioC1D0:    hp_outs=1 (0x10/0x0/0x0/0x0/0x0)
[   19.255405] snd_hda_codec_cirrus hdaudioC1D0:    mono: mono_out=0x0
[   19.255407] snd_hda_codec_cirrus hdaudioC1D0:    dig-out=0x21/0x0
[   19.255408] snd_hda_codec_cirrus hdaudioC1D0:    inputs:
[   19.255410] snd_hda_codec_cirrus hdaudioC1D0:      Internal Mic=0x1c
[   19.255411] snd_hda_codec_cirrus hdaudioC1D0:      Mic=0x18
[   19.274484] input: HDA Intel PCH Mic as /devices/pci0000:00/0000:00:1b.0/sound/card1/input14
[   19.274602] input: HDA Intel PCH Headphone as /devices/pci0000:00/0000:00:1b.0/sound/card1/input15
[   19.274689] input: HDA Intel PCH SPDIF as /devices/pci0000:00/0000:00:1b.0/sound/card1/input16
[   19.274835] input: HDA Intel HDMI HDMI/DP,pcm=3 as /devices/pci0000:00/0000:00:03.0/sound/card0/input9
[   19.274994] input: HDA Intel HDMI HDMI/DP,pcm=7 as /devices/pci0000:00/0000:00:03.0/sound/card0/input10
[   19.275073] input: HDA Intel HDMI HDMI/DP,pcm=8 as /devices/pci0000:00/0000:00:03.0/sound/card0/input11
[   19.275148] input: HDA Intel HDMI HDMI/DP,pcm=9 as /devices/pci0000:00/0000:00:03.0/sound/card0/input12
[   19.275226] input: HDA Intel HDMI HDMI/DP,pcm=10 as /devices/pci0000:00/0000:00:03.0/sound/card0/input13
[   19.306537] Bluetooth: hci0: BCM: chip id 102 build 0715
[   19.307535] Bluetooth: hci0: BCM: product 05ac:8290
[   19.310376] usbcore: registered new interface driver brcmfmac
[   19.312743] Bluetooth: hci0: BCM: features 0x2f
[   19.328548] Bluetooth: hci0: im-mac
[   19.344862] intel_rapl: Found RAPL domain package
[   19.344863] intel_rapl: Found RAPL domain core
[   19.344864] intel_rapl: Found RAPL domain uncore
[   19.344865] intel_rapl: Found RAPL domain dram
[   19.388448] XFS (dm-3): Mounting V5 Filesystem
[   19.388647] XFS (sda3): Mounting V5 Filesystem
[   19.393368] XFS (dm-4): Mounting V5 Filesystem
[   19.400582] XFS (sda3): Ending clean mount
[   19.401691] XFS (dm-3): Ending clean mount
[   19.415848] XFS (dm-4): Ending clean mount
[   19.418105] brcmfmac: brcmf_fw_alloc_request: using brcm/brcmfmac43602-pcie for chip BCM43602/1
[   19.420295] brcmfmac 0000:03:00.0: Direct firmware load for brcm/brcmfmac43602-pcie.Apple Inc.-MacBookPro11,4.txt failed with error -2
[   19.420302] brcmfmac 0000:03:00.0: Direct firmware load for brcm/brcmfmac43602-pcie.txt failed with error -2
[   19.697480] Bluetooth: BNEP (Ethernet Emulation) ver 1.3
[   19.697482] Bluetooth: BNEP filters: protocol multicast
[   19.697484] Bluetooth: BNEP socket layer initialized
[   19.933528] brcmfmac: brcmf_fw_alloc_request: using brcm/brcmfmac43602-pcie for chip BCM43602/1
[   19.933664] brcmfmac 0000:03:00.0: Direct firmware load for brcm/brcmfmac43602-pcie.clm_blob failed with error -2
[   19.933665] brcmfmac: brcmf_c_process_clm_blob: no clm_blob available (err=-2), device may have limited channels available
[   19.934142] brcmfmac: brcmf_c_preinit_dcmds: Firmware: BCM43602/1 wl0: Nov 10 2015 06:38:10 version 7.35.177.61 (r598657) FWID 01-ea662a8c
[   19.993285] brcmfmac 0000:03:00.0 wlp3s0: renamed from wlan0
[   21.153373] tun: Universal TUN/TAP device driver, 1.6
[   21.156396] virbr0: port 1(virbr0-nic) entered blocking state
[   21.156398] virbr0: port 1(virbr0-nic) entered disabled state
[   21.156461] device virbr0-nic entered promiscuous mode
[   21.340298] virbr0: port 1(virbr0-nic) entered blocking state
[   21.340300] virbr0: port 1(virbr0-nic) entered listening state
[   21.390312] virbr0: port 1(virbr0-nic) entered disabled state
[   28.483017] fuse init (API version 7.28)
[   29.089753] Bluetooth: RFCOMM TTY layer initialized
[   29.089759] Bluetooth: RFCOMM socket layer initialized
[   29.089806] Bluetooth: RFCOMM ver 1.11
[   29.331529] IPv6: ADDRCONF(NETDEV_CHANGE): wlp3s0: link becomes ready
[   29.398596] brcmfmac: brcmf_inetaddr_changed: fail to get arp ip table err:-52
[   30.076961] rfkill: input handler disabled
[   84.416623] xhci_hcd 0000:00:14.0: ep 0x82 - asked for 65 bytes, 55 bytes untransferred
[   84.672623] xhci_hcd 0000:00:14.0: ep 0x82 - asked for 65 bytes, 55 bytes untransferred
[   84.728566] xhci_hcd 0000:00:14.0: ep 0x82 - asked for 65 bytes, 55 bytes untransferred
[   84.752596] xhci_hcd 0000:00:14.0: ep 0x82 - asked for 65 bytes, 55 bytes untransferred
[   84.848623] xhci_hcd 0000:00:14.0: ep 0x82 - asked for 65 bytes, 55 bytes untransferred
[   84.896567] xhci_hcd 0000:00:14.0: ep 0x82 - asked for 65 bytes, 55 bytes untransferred
[   84.904575] xhci_hcd 0000:00:14.0: ep 0x82 - asked for 65 bytes, 55 bytes untransferred
[   84.960621] xhci_hcd 0000:00:14.0: ep 0x82 - asked for 65 bytes, 55 bytes untransferred
[   85.024621] xhci_hcd 0000:00:14.0: ep 0x82 - asked for 65 bytes, 55 bytes untransferred
[   85.076351] xhci_hcd 0000:00:14.0: ep 0x81 - asked for 96 bytes, 78 bytes untransferred
[   85.076358] xhci_hcd 0000:00:14.0: Giveback URB 0000000066c81d6d, len = 18, expected = 96, status = 0
[   85.076403] xhci_hcd 0000:00:14.0: Stalled endpoint for slot 2 ep 2
[   85.076409] xhci_hcd 0000:00:14.0: Cleaning up stalled endpoint ring
[   85.076412] xhci_hcd 0000:00:14.0: Finding endpoint context
[   85.076414] xhci_hcd 0000:00:14.0: Cycle state = 0x1
[   85.076417] xhci_hcd 0000:00:14.0: New dequeue segment = 0000000089365f68 (virtual)
[   85.076420] xhci_hcd 0000:00:14.0: New dequeue pointer = 0x459e3f440 (DMA)
[   85.076422] xhci_hcd 0000:00:14.0: Queueing new dequeue state
[   85.076428] xhci_hcd 0000:00:14.0: Set TR Deq Ptr cmd, new deq seg = 0000000089365f68 (0x459e3f000 dma), new deq ptr = 00000000126c135b (0x459e3f440 dma), new cycle = 1
[   85.076430] xhci_hcd 0000:00:14.0: // Ding dong!
[   85.076440] xhci_hcd 0000:00:14.0: Giveback URB 0000000048706aff, len = 0, expected = 13, status = -32
[   85.076447] xhci_hcd 0000:00:14.0: Ignoring reset ep completion code of 1
[   85.076451] xhci_hcd 0000:00:14.0: Successful Set TR Deq Ptr cmd, deq = @459e3f440
[   85.080545] xhci_hcd 0000:00:14.0: ep 0x82 - asked for 65 bytes, 55 bytes untransferred
[   85.784625] xhci_hcd 0000:00:14.0: ep 0x82 - asked for 65 bytes, 55 bytes untransferred
[   85.850931] usb usb1-port8: DeviceRemovable is changed to 1 according to platform information.
[   85.850935] usb usb1-port12: DeviceRemovable is changed to 1 according to platform information.
[   85.851000] usb usb1-port8: DeviceRemovable is changed to 1 according to platform information.
[   85.851002] usb usb1-port12: DeviceRemovable is changed to 1 according to platform information.
[   85.851034] xhci_hcd 0000:00:14.0: get port status, actual port 3 status  = 0x1243
[   85.851036] xhci_hcd 0000:00:14.0: Get port status returned 0x243
[   85.851680] xhci_hcd 0000:00:14.0: Waiting for status stage event
[   85.851870] xhci_hcd 0000:00:14.0: Waiting for status stage event
[   85.852037] xhci_hcd 0000:00:14.0: Waiting for status stage event
[   85.852269] xhci_hcd 0000:00:14.0: Waiting for status stage event
[   85.852428] xhci_hcd 0000:00:14.0: Waiting for status stage event
[   85.852686] xhci_hcd 0000:00:14.0: Waiting for status stage event
[   85.852770] xhci_hcd 0000:00:14.0: get port status, actual port 3 status  = 0x1223
[   85.852775] xhci_hcd 0000:00:14.0: Get port status returned 0x223
[   85.856577] xhci_hcd 0000:00:14.0: ep 0x82 - asked for 65 bytes, 55 bytes untransferred
[   86.003075] xhci_hcd 0000:00:14.0: get port status, actual port 3 status  = 0x80
[   86.003083] xhci_hcd 0000:00:14.0: Get port status returned 0x80
[   87.003344] xhci_hcd 0000:00:14.0: Cancel URB 00000000c67f0abe, dev 4, ep 0x0, starting at offset 0x459e35e70
[   87.003358] xhci_hcd 0000:00:14.0: // Ding dong!
[   87.003415] xhci_hcd 0000:00:14.0: Stopped on Transfer TRB for slot 2 ep 0
[   87.003429] xhci_hcd 0000:00:14.0: Removing canceled TD starting at 0x459e35e70 (dma).
[   87.003435] xhci_hcd 0000:00:14.0: Finding endpoint context
[   87.003439] xhci_hcd 0000:00:14.0: Cycle state = 0x1
[   87.003444] xhci_hcd 0000:00:14.0: New dequeue segment = 0000000071ea2c60 (virtual)
[   87.003449] xhci_hcd 0000:00:14.0: New dequeue pointer = 0x459e35ea0 (DMA)
[   87.003455] xhci_hcd 0000:00:14.0: Set TR Deq Ptr cmd, new deq seg = 0000000071ea2c60 (0x459e35000 dma), new deq ptr = 0000000075cf489a (0x459e35ea0 dma), new cycle = 1
[   87.003461] xhci_hcd 0000:00:14.0: // Ding dong!
[   87.003547] xhci_hcd 0000:00:14.0: Successful Set TR Deq Ptr cmd, deq = @459e35ea0
[   88.003776] xhci_hcd 0000:00:14.0: Cancel URB 00000000c67f0abe, dev 4, ep 0x0, starting at offset 0x459e35ea0
[   88.003789] xhci_hcd 0000:00:14.0: // Ding dong!
[   88.003842] xhci_hcd 0000:00:14.0: Stopped on Transfer TRB for slot 2 ep 0
[   88.003856] xhci_hcd 0000:00:14.0: Removing canceled TD starting at 0x459e35ea0 (dma).
[   88.003861] xhci_hcd 0000:00:14.0: Finding endpoint context
[   88.003865] xhci_hcd 0000:00:14.0: Cycle state = 0x1
[   88.003870] xhci_hcd 0000:00:14.0: New dequeue segment = 0000000071ea2c60 (virtual)
[   88.003874] xhci_hcd 0000:00:14.0: New dequeue pointer = 0x459e35ed0 (DMA)
[   88.003880] xhci_hcd 0000:00:14.0: Set TR Deq Ptr cmd, new deq seg = 0000000071ea2c60 (0x459e35000 dma), new deq ptr = 0000000062e5be3e (0x459e35ed0 dma), new cycle = 1
[   88.003885] xhci_hcd 0000:00:14.0: // Ding dong!
[   88.003950] xhci_hcd 0000:00:14.0: Successful Set TR Deq Ptr cmd, deq = @459e35ed0
[   89.004145] xhci_hcd 0000:00:14.0: Cancel URB 00000000c67f0abe, dev 4, ep 0x0, starting at offset 0x459e35ed0
[   89.004153] xhci_hcd 0000:00:14.0: // Ding dong!
[   89.004215] xhci_hcd 0000:00:14.0: Stopped on Transfer TRB for slot 2 ep 0
[   89.004222] xhci_hcd 0000:00:14.0: Removing canceled TD starting at 0x459e35ed0 (dma).
[   89.004225] xhci_hcd 0000:00:14.0: Finding endpoint context
[   89.004227] xhci_hcd 0000:00:14.0: Cycle state = 0x1
[   89.004229] xhci_hcd 0000:00:14.0: New dequeue segment = 0000000071ea2c60 (virtual)
[   89.004231] xhci_hcd 0000:00:14.0: New dequeue pointer = 0x459e35f00 (DMA)
[   89.004235] xhci_hcd 0000:00:14.0: Set TR Deq Ptr cmd, new deq seg = 0000000071ea2c60 (0x459e35000 dma), new deq ptr = 0000000037efd463 (0x459e35f00 dma), new cycle = 1
[   89.004238] xhci_hcd 0000:00:14.0: // Ding dong!
[   89.004256] xhci_hcd 0000:00:14.0: Successful Set TR Deq Ptr cmd, deq = @459e35f00
[   89.448613] xhci_hcd 0000:00:14.0: ep 0x82 - asked for 65 bytes, 55 bytes untransferred
[   89.592620] xhci_hcd 0000:00:14.0: ep 0x82 - asked for 65 bytes, 55 bytes untransferred
[   89.648577] xhci_hcd 0000:00:14.0: ep 0x82 - asked for 65 bytes, 55 bytes untransferred
[   89.696566] xhci_hcd 0000:00:14.0: ep 0x82 - asked for 65 bytes, 55 bytes untransferred
[   90.296618] xhci_hcd 0000:00:14.0: ep 0x82 - asked for 65 bytes, 55 bytes untransferred
[   90.632622] xhci_hcd 0000:00:14.0: ep 0x82 - asked for 65 bytes, 55 bytes untransferred
[   90.712568] xhci_hcd 0000:00:14.0: ep 0x82 - asked for 65 bytes, 55 bytes untransferred
[   90.752569] xhci_hcd 0000:00:14.0: ep 0x82 - asked for 65 bytes, 55 bytes untransferred
[   90.864618] xhci_hcd 0000:00:14.0: ep 0x82 - asked for 65 bytes, 55 bytes untransferred
[   90.936555] xhci_hcd 0000:00:14.0: ep 0x82 - asked for 65 bytes, 55 bytes untransferred
[   91.016612] xhci_hcd 0000:00:14.0: ep 0x82 - asked for 65 bytes, 55 bytes untransferred
[   91.032560] xhci_hcd 0000:00:14.0: ep 0x82 - asked for 65 bytes, 55 bytes untransferred
[   92.616639] xhci_hcd 0000:00:14.0: ep 0x82 - asked for 65 bytes, 55 bytes untransferred
[   92.904621] xhci_hcd 0000:00:14.0: ep 0x82 - asked for 65 bytes, 55 bytes untransferred
[   92.960564] xhci_hcd 0000:00:14.0: ep 0x82 - asked for 65 bytes, 55 bytes untransferred
[   92.968570] xhci_hcd 0000:00:14.0: ep 0x82 - asked for 65 bytes, 55 bytes untransferred
[   93.264630] xhci_hcd 0000:00:14.0: ep 0x82 - asked for 65 bytes, 55 bytes untransferred
[   93.448615] xhci_hcd 0000:00:14.0: ep 0x82 - asked for 65 bytes, 55 bytes untransferred
[   94.000634] xhci_hcd 0000:00:14.0: ep 0x82 - asked for 65 bytes, 55 bytes untransferred
[   94.056615] xhci_hcd 0000:00:14.0: ep 0x82 - asked for 65 bytes, 55 bytes untransferred
[   94.088577] xhci_hcd 0000:00:14.0: ep 0x82 - asked for 65 bytes, 55 bytes untransferred
[   94.136566] xhci_hcd 0000:00:14.0: ep 0x82 - asked for 65 bytes, 55 bytes untransferred
[   94.216613] xhci_hcd 0000:00:14.0: ep 0x82 - asked for 65 bytes, 55 bytes untransferred
[   94.272569] xhci_hcd 0000:00:14.0: ep 0x82 - asked for 65 bytes, 55 bytes untransferred
[   94.344554] xhci_hcd 0000:00:14.0: ep 0x82 - asked for 65 bytes, 55 bytes untransferred
[   94.392566] xhci_hcd 0000:00:14.0: ep 0x82 - asked for 65 bytes, 55 bytes untransferred
[   94.648620] xhci_hcd 0000:00:14.0: ep 0x82 - asked for 65 bytes, 55 bytes untransferred
[   94.720616] xhci_hcd 0000:00:14.0: ep 0x82 - asked for 65 bytes, 55 bytes untransferred
[   94.968626] xhci_hcd 0000:00:14.0: ep 0x82 - asked for 65 bytes, 55 bytes untransferred
[   95.024572] xhci_hcd 0000:00:14.0: ep 0x82 - asked for 65 bytes, 55 bytes untransferred
[   96.494861] xhci_hcd 0000:00:14.0: Cancel URB 0000000036985c46, dev 12, ep 0x83, starting at offset 0x4564ca4e0
[   96.494867] xhci_hcd 0000:00:14.0: // Ding dong!
[   96.494877] xhci_hcd 0000:00:14.0: Stopped on Transfer TRB for slot 3 ep 6
[   96.494880] xhci_hcd 0000:00:14.0: Removing canceled TD starting at 0x4564ca4e0 (dma).
[   96.494882] xhci_hcd 0000:00:14.0: Finding endpoint context
[   96.494884] xhci_hcd 0000:00:14.0: Cycle state = 0x1
[   96.494885] xhci_hcd 0000:00:14.0: New dequeue segment = 00000000380b58c3 (virtual)
[   96.494887] xhci_hcd 0000:00:14.0: New dequeue pointer = 0x4564ca4f0 (DMA)
[   96.494889] xhci_hcd 0000:00:14.0: Set TR Deq Ptr cmd, new deq seg = 00000000380b58c3 (0x4564ca000 dma), new deq ptr = 0000000008acaa0a (0x4564ca4f0 dma), new cycle = 1
[   96.494891] xhci_hcd 0000:00:14.0: // Ding dong!
[   96.494903] xhci_hcd 0000:00:14.0: Successful Set TR Deq Ptr cmd, deq = @4564ca4f0
[   96.541907] brcmfmac: brcmf_inetaddr_changed: fail to get arp ip table err:-52
[   98.291530] PM: suspend entry (deep)
[   98.291534] PM: Syncing filesystems ... done.
[   98.330664] Freezing user space processes ... (elapsed 0.305 seconds) done.
[   98.635959] OOM killer disabled.
[   98.635961] Freezing remaining freezable tasks ... 
[  117.599789] xhci_hcd 0000:00:14.0: Cancel URB 0000000048706aff, dev 4, ep 0x2, starting at offset 0x459e41a10
[  117.599808] xhci_hcd 0000:00:14.0: // Ding dong!
[  117.599842] xhci_hcd 0000:00:14.0: Stopped on Transfer TRB for slot 2 ep 3
[  117.599855] xhci_hcd 0000:00:14.0: Removing canceled TD starting at 0x459e41a10 (dma).
[  117.599860] xhci_hcd 0000:00:14.0: Finding endpoint context
[  117.599865] xhci_hcd 0000:00:14.0: Cycle state = 0x1
[  117.599871] xhci_hcd 0000:00:14.0: New dequeue segment = 00000000aea70809 (virtual)
[  117.599877] xhci_hcd 0000:00:14.0: New dequeue pointer = 0x459e41a20 (DMA)
[  117.599884] xhci_hcd 0000:00:14.0: Set TR Deq Ptr cmd, new deq seg = 00000000aea70809 (0x459e41000 dma), new deq ptr = 00000000b34d158a (0x459e41a20 dma), new cycle = 1
[  117.599890] xhci_hcd 0000:00:14.0: // Ding dong!
[  117.599916] xhci_hcd 0000:00:14.0: Successful Set TR Deq Ptr cmd, deq = @459e41a20
[  118.640378] Freezing of tasks failed after 20.003 seconds (0 tasks refusing to freeze, wq_busy=1):
[  118.640387] Showing busy workqueues and worker pools:
[  118.640394] workqueue events_freezable: flags=0x4
[  118.640398]   pwq 4: cpus=2 node=0 flags=0x0 nice=0 active=0/0
[  118.640409]     delayed: pci_pme_list_scan
[  118.640424] workqueue events_freezable_power_: flags=0x84
[  118.640429]   pwq 2: cpus=1 node=0 flags=0x0 nice=0 active=1/0
[  118.640436]     in-flight: 69:disk_events_workfn
[  118.640452] workqueue writeback: flags=0x4e
[  118.640454]   pwq 16: cpus=0-7 flags=0x4 nice=0 active=0/0
[  118.640461]     delayed: wb_workfn, wb_workfn
[  118.640486] workqueue scsi_tmf_1: flags=0x2000a
[  118.640489]   pwq 16: cpus=0-7 flags=0x4 nice=0 active=1/1
[  118.640494]     in-flight: 937:scmd_eh_abort_handler
[  118.640518] workqueue xfs-reclaim/dm-1: flags=0xc
[  118.640522]   pwq 6: cpus=3 node=0 flags=0x0 nice=0 active=0/0
[  118.640528]     delayed: xfs_reclaim_worker [xfs]
[  118.640741] workqueue xfs-sync/dm-1: flags=0x4
[  118.640745]   pwq 8: cpus=4 node=0 flags=0x0 nice=0 active=0/0
[  118.640751]     delayed: xfs_log_worker [xfs]
[  118.640869] workqueue xfs-reclaim/dm-3: flags=0xc
[  118.640872]   pwq 10: cpus=5 node=0 flags=0x0 nice=0 active=0/0
[  118.640879]     delayed: xfs_reclaim_worker [xfs]
[  118.640981] workqueue xfs-sync/dm-3: flags=0x4
[  118.640984]   pwq 12: cpus=6 node=0 flags=0x0 nice=0 active=0/0
[  118.640990]     delayed: xfs_log_worker [xfs]
[  118.641101] workqueue xfs-sync/sda3: flags=0x4
[  118.641103]   pwq 14: cpus=7 node=0 flags=0x0 nice=0 active=0/0
[  118.641109]     delayed: xfs_log_worker [xfs]
[  118.641221] workqueue xfs-sync/dm-4: flags=0x4
[  118.641224]   pwq 12: cpus=6 node=0 flags=0x0 nice=0 active=0/0
[  118.641229]     delayed: xfs_log_worker [xfs]
[  118.641337] pool 2: cpus=1 node=0 flags=0x0 nice=0 hung=0s workers=4 idle: 480 3174 17
[  118.641351] pool 16: cpus=0-7 flags=0x4 nice=0 hung=1s workers=5 idle: 533 64 7 188
[  118.641454] Restarting kernel threads ... done.
[  118.643304] OOM killer enabled.
[  118.643307] Restarting tasks ... done.
[  118.687988] video LNXVIDEO:00: Restoring backlight state
[  118.688148] PM: suspend exit
[  118.688248] PM: suspend entry (s2idle)
[  118.688250] PM: Syncing filesystems ... done.
[  118.719165] Freezing user space processes ... (elapsed 0.002 seconds) done.
[  118.721640] OOM killer disabled.
[  118.721641] Freezing remaining freezable tasks ... 
[  122.709000] xhci_hcd 0000:00:14.0: Cancel URB 00000000088ee319, dev 4, ep 0x0, starting at offset 0x459e35f00
[  122.709016] xhci_hcd 0000:00:14.0: // Ding dong!
[  122.709040] xhci_hcd 0000:00:14.0: Stopped on Transfer TRB for slot 2 ep 0
[  122.709048] xhci_hcd 0000:00:14.0: Removing canceled TD starting at 0x459e35f00 (dma).
[  122.709053] xhci_hcd 0000:00:14.0: Finding endpoint context
[  122.709058] xhci_hcd 0000:00:14.0: Cycle state = 0x1
[  122.709062] xhci_hcd 0000:00:14.0: New dequeue segment = 0000000071ea2c60 (virtual)
[  122.709068] xhci_hcd 0000:00:14.0: New dequeue pointer = 0x459e35f20 (DMA)
[  122.709075] xhci_hcd 0000:00:14.0: Set TR Deq Ptr cmd, new deq seg = 0000000071ea2c60 (0x459e35000 dma), new deq ptr = 00000000a11ff778 (0x459e35f20 dma), new cycle = 1
[  122.709079] xhci_hcd 0000:00:14.0: // Ding dong!
[  122.709098] xhci_hcd 0000:00:14.0: Successful Set TR Deq Ptr cmd, deq = @459e35f20
[  122.709118] usb 2-4: usb-storage timed out on ep0out len=0/0
[  122.709124] usb 2-4: Disable of device-initiated U1 failed.
[  127.829128] xhci_hcd 0000:00:14.0: Cancel URB 00000000f4054916, dev 4, ep 0x0, starting at offset 0x459e35f20
[  127.829144] xhci_hcd 0000:00:14.0: // Ding dong!
[  127.829207] xhci_hcd 0000:00:14.0: Stopped on Transfer TRB for slot 2 ep 0
[  127.829222] xhci_hcd 0000:00:14.0: Removing canceled TD starting at 0x459e35f20 (dma).
[  127.829229] xhci_hcd 0000:00:14.0: Finding endpoint context
[  127.829234] xhci_hcd 0000:00:14.0: Cycle state = 0x1
[  127.829240] xhci_hcd 0000:00:14.0: New dequeue segment = 0000000071ea2c60 (virtual)
[  127.829246] xhci_hcd 0000:00:14.0: New dequeue pointer = 0x459e35f40 (DMA)
[  127.829254] xhci_hcd 0000:00:14.0: Set TR Deq Ptr cmd, new deq seg = 0000000071ea2c60 (0x459e35000 dma), new deq ptr = 00000000688af6fe (0x459e35f40 dma), new cycle = 1
[  127.829260] xhci_hcd 0000:00:14.0: // Ding dong!
[  127.829287] xhci_hcd 0000:00:14.0: Successful Set TR Deq Ptr cmd, deq = @459e35f40
[  127.829325] usb 2-4: usb-storage timed out on ep0out len=0/0
[  127.829337] usb 2-4: Disable of device-initiated U2 failed.
[  127.829346] xhci_hcd 0000:00:14.0: Set up evaluate context for LPM MEL change.
[  127.829354] xhci_hcd 0000:00:14.0: // Ding dong!
[  127.829430] xhci_hcd 0000:00:14.0: Successful evaluate context command
[  127.829454] xhci_hcd 0000:00:14.0: get port status, actual port 3 status  = 0x80
[  127.829459] xhci_hcd 0000:00:14.0: Get port status returned 0x80
[  127.829546] xhci_hcd 0000:00:14.0: set port reset, actual port 3 status  = 0x80
[  127.891211] xhci_hcd 0000:00:14.0: get port status, actual port 3 status  = 0x80
[  127.891222] xhci_hcd 0000:00:14.0: Get port status returned 0x80
[  127.891319] usb usb2-port4: not reset yet, waiting 60ms
[  127.953208] xhci_hcd 0000:00:14.0: get port status, actual port 3 status  = 0x80
[  127.953219] xhci_hcd 0000:00:14.0: Get port status returned 0x80
[  127.953301] usb usb2-port4: not reset yet, waiting 200ms
[  128.157201] xhci_hcd 0000:00:14.0: get port status, actual port 3 status  = 0x80
[  128.157212] xhci_hcd 0000:00:14.0: Get port status returned 0x80
[  128.157299] usb usb2-port4: not reset yet, waiting 200ms
[  128.365224] xhci_hcd 0000:00:14.0: get port status, actual port 3 status  = 0x80
[  128.365235] xhci_hcd 0000:00:14.0: Get port status returned 0x80
[  128.365334] usb usb2-port4: not reset yet, waiting 200ms
[  128.573141] xhci_hcd 0000:00:14.0: get port status, actual port 3 status  = 0x80
[  128.573152] xhci_hcd 0000:00:14.0: Get port status returned 0x80
[  128.573232] usb usb2-port4: not reset yet, waiting 200ms
[  128.573254] xhci_hcd 0000:00:14.0: clear port reset change, actual port 3 status  = 0x80
[  128.573334] xhci_hcd 0000:00:14.0: clear port warm(BH) reset change, actual port 3 status  = 0x80
[  128.573390] xhci_hcd 0000:00:14.0: clear port link state change, actual port 3 status  = 0x80
[  128.573448] xhci_hcd 0000:00:14.0: clear port connect change, actual port 3 status  = 0x80
[  128.573513] xhci_hcd 0000:00:14.0: get port status, actual port 3 status  = 0x80
[  128.573522] xhci_hcd 0000:00:14.0: Get port status returned 0x80
[  128.573579] xhci_hcd 0000:00:14.0: CTRL: TypeReq=0x2303 val=0x5 idx=0x304 len=0 ==> -19
[  128.573611] usb usb2-port4: logical disconnect
[  128.573630] xhci_hcd 0000:00:14.0: CTRL: TypeReq=0x2303 val=0x5 idx=0x304 len=0 ==> -19
[  128.581218] (elapsed 9.859 seconds) done.
[  128.581230] printk: Suspending console(s) (use no_console_suspend to debug)
[  128.582222] xhci_hcd 0000:00:14.0: Cancel URB 000000001a8e9ced, dev 12, ep 0x82, starting at offset 0x4564c9650
[  128.582234] xhci_hcd 0000:00:14.0: // Ding dong!
[  128.582290] xhci_hcd 0000:00:14.0: Stopped on Transfer TRB for slot 3 ep 4
[  128.582299] xhci_hcd 0000:00:14.0: Removing canceled TD starting at 0x4564c9650 (dma).
[  128.582304] xhci_hcd 0000:00:14.0: Finding endpoint context
[  128.582308] xhci_hcd 0000:00:14.0: Cycle state = 0x1
[  128.582312] xhci_hcd 0000:00:14.0: New dequeue segment = 000000004dd8cd2a (virtual)
[  128.582316] xhci_hcd 0000:00:14.0: New dequeue pointer = 0x4564c9660 (DMA)
[  128.582323] xhci_hcd 0000:00:14.0: Set TR Deq Ptr cmd, new deq seg = 000000004dd8cd2a (0x4564c9000 dma), new deq ptr = 00000000c572d441 (0x4564c9660 dma), new cycle = 1
[  128.582327] xhci_hcd 0000:00:14.0: // Ding dong!
[  128.582350] xhci_hcd 0000:00:14.0: Successful Set TR Deq Ptr cmd, deq = @4564c9660
[  128.582525] xhci_hcd 0000:00:14.0: // Ding dong!
[  128.582556] xhci_hcd 0000:00:14.0: Stopped on No-op or Link TRB for slot 3 ep 10
[  128.582563] xhci_hcd 0000:00:14.0: Stopped on No-op or Link TRB for slot 3 ep 8
[  128.582568] xhci_hcd 0000:00:14.0: Stopped on No-op or Link TRB for slot 3 ep 7
[  128.582572] xhci_hcd 0000:00:14.0: Stopped on No-op or Link TRB for slot 3 ep 2
[  128.582577] xhci_hcd 0000:00:14.0: Stopped on No-op or Link TRB for slot 3 ep 0
[  128.587231] usb usb2-port4: device 2-4 not suspended yet
[  128.587236] hub 2-0:1.0: hub_suspend
[  128.587289] usb usb2: bus suspend, wakeup 0
[  128.591163] sd 0:0:0:0: [sda] Synchronizing SCSI cache
[  128.593320] sd 0:0:0:0: [sda] Stopping disk
[  128.594117] usb 1-12: usb suspend, wakeup 1
[  128.606100] hub 1-0:1.0: hub_suspend
[  128.606137] usb usb1: bus suspend, wakeup 0
[  128.606172] xhci_hcd 0000:00:14.0: xhci_suspend: stopping port polling.
[  128.606187] xhci_hcd 0000:00:14.0: // Setting command ring address to 0x45a36b001
[  129.086440] PM: suspend devices took 0.505 seconds
[  129.098684] ACPI: EC: interrupt blocked
[  129.099698] xhci_hcd 0000:00:14.0: wakeup: 1
[  129.100385] xhci_hcd 0000:00:14.0: --> PCI D3hot
[  253.721099] ACPI: EC: interrupt unblocked
[  253.744949] pcieport 0000:06:05.0: quirk: waiting for Thunderbolt to reestablish PCI tunnels...
[  253.744954] pcieport 0000:06:03.0: quirk: waiting for Thunderbolt to reestablish PCI tunnels...
[  253.744957] pcieport 0000:06:04.0: quirk: waiting for Thunderbolt to reestablish PCI tunnels...
[  253.744960] pcieport 0000:06:06.0: quirk: waiting for Thunderbolt to reestablish PCI tunnels...
[  253.778095] pcieport 0000:06:03.0: quirk_apple_wait_for_thunderbolt+0x0/0xe0 took 32353 usecs
[  253.778103] pcieport 0000:06:05.0: quirk_apple_wait_for_thunderbolt+0x0/0xe0 took 32362 usecs
[  253.778113] pcieport 0000:06:04.0: quirk_apple_wait_for_thunderbolt+0x0/0xe0 took 32352 usecs
[  253.778122] pcieport 0000:06:06.0: quirk_apple_wait_for_thunderbolt+0x0/0xe0 took 32353 usecs
[  253.846262] thunderbolt 0000:07:00.0: resetting error on 0:b.
[  253.846286] thunderbolt 0000:07:00.0: 0:b: hotplug: scanning
[  253.846290] thunderbolt 0000:07:00.0: 0:b: hotplug: no switch found
[  253.846383] thunderbolt 0000:07:00.0: resetting error on 0:c.
[  253.846409] thunderbolt 0000:07:00.0: 0:c: hotplug: scanning
[  253.846412] thunderbolt 0000:07:00.0: 0:c: hotplug: no switch found
[  254.821757] usb usb1: root hub lost power or was reset
[  254.821764] usb usb2: root hub lost power or was reset
[  254.821770] xhci_hcd 0000:00:14.0: Stop HCD
[  254.821775] xhci_hcd 0000:00:14.0: // Halt the HC
[  254.821787] xhci_hcd 0000:00:14.0: // Reset the HC
[  254.822798] xhci_hcd 0000:00:14.0: Wait for controller to be ready for doorbell rings
[  254.822929] xhci_hcd 0000:00:14.0: // Disabling event ring interrupts
[  254.822939] xhci_hcd 0000:00:14.0: cleaning up memory
[  254.822952] xhci_hcd 0000:00:14.0: Freed event ring
[  254.822958] xhci_hcd 0000:00:14.0: Freed command ring
[  254.823291] xhci_hcd 0000:00:14.0: Freed segment pool
[  254.823298] xhci_hcd 0000:00:14.0: Freed device context pool
[  254.823301] xhci_hcd 0000:00:14.0: Freed small stream array pool
[  254.823305] xhci_hcd 0000:00:14.0: Freed medium stream array pool
[  254.823501] xhci_hcd 0000:00:14.0: xhci_stop completed - status = 1
[  254.823505] xhci_hcd 0000:00:14.0: Initialize the xhci_hcd
[  254.823510] xhci_hcd 0000:00:14.0: xhci_init
[  254.823515] xhci_hcd 0000:00:14.0: xHCI doesn't need link TRB QUIRK
[  254.823530] xhci_hcd 0000:00:14.0: Supported page size register = 0x1
[  254.823535] xhci_hcd 0000:00:14.0: Supported page size of 4K
[  254.823540] xhci_hcd 0000:00:14.0: HCD page size set to 4K
[  254.823551] xhci_hcd 0000:00:14.0: // xHC can handle at most 32 device slots.
[  254.823565] xhci_hcd 0000:00:14.0: // Setting Max device slots reg = 0x20.
[  254.823576] xhci_hcd 0000:00:14.0: // Device context base array address = 0x45a36f000 (DMA), 000000006992b9fd (virt)
[  254.823590] xhci_hcd 0000:00:14.0: Allocated command ring at 00000000e7c7eb15
[  254.823594] xhci_hcd 0000:00:14.0: First segment DMA is 0x459c65000
[  254.823605] xhci_hcd 0000:00:14.0: // Setting command ring address to 0x0000000459c65001
[  254.823613] xhci_hcd 0000:00:14.0: // Doorbell array is located at offset 0x3000 from cap regs base addr
[  254.823617] xhci_hcd 0000:00:14.0: // Allocating event ring
[  254.823627] xhci_hcd 0000:00:14.0: TRB math tests passed.
[  254.823637] xhci_hcd 0000:00:14.0: // Write ERST size = 1 to ir_set 0 (some bits preserved)
[  254.823641] xhci_hcd 0000:00:14.0: // Set ERST entries to point to event ring.
[  254.823646] xhci_hcd 0000:00:14.0: // Set ERST base address for ir_set 0 = 0x459c62000
[  254.823654] xhci_hcd 0000:00:14.0: // Write event ring dequeue pointer, preserving EHB bit
[  254.823658] xhci_hcd 0000:00:14.0: Wrote ERST address to ir_set 0.
[  254.823665] xhci_hcd 0000:00:14.0: Allocating 16 scratchpad buffers
[  254.823720] xhci_hcd 0000:00:14.0: Ext Cap 00000000d5de93ff, port offset = 1, count = 14, revision = 0x2
[  254.823737] xhci_hcd 0000:00:14.0: PSIV:1 PSIE:2 PLT:0 PFD:0 LP:0 PSIM:12
[  254.823751] xhci_hcd 0000:00:14.0: PSIV:2 PSIE:1 PLT:0 PFD:0 LP:0 PSIM:1500
[  254.823765] xhci_hcd 0000:00:14.0: PSIV:3 PSIE:2 PLT:0 PFD:0 LP:0 PSIM:480
[  254.823781] xhci_hcd 0000:00:14.0: Ext Cap 000000006ddb2d9b, port offset = 16, count = 6, revision = 0x3
