[    0.000000] microcode: microcode updated early to revision 0x1a, date = 2018-04-02
[    0.000000] Linux version 4.20.7-200.ivan3.fc29.x86_64 (root@17a77f67e2f24a608d8308c0261efd9d) (gcc version 8.2.1 20181215 (Red Hat 8.2.1-6) (GCC)) #1 SMP Tue Feb 12 23:58:43 +05 2019
[    0.000000] Command line: BOOT_IMAGE=/vmlinuz-4.20.7-200.ivan3.fc29.x86_64 root=/dev/mapper/im--mac-root ro resume=/dev/mapper/im--mac-swap rd.lvm.lv=im-mac/root rd.luks.uuid=luks-dd1fa933-ef9f-402b-a2e4-7c9d6fb7ce0d rd.lvm.lv=im-mac/swap rhgb quiet hid_apple.fnmode=2 hid_apple.iso_layout=0
[    0.000000] x86/fpu: Supporting XSAVE feature 0x001: 'x87 floating point registers'
[    0.000000] x86/fpu: Supporting XSAVE feature 0x002: 'SSE registers'
[    0.000000] x86/fpu: Supporting XSAVE feature 0x004: 'AVX registers'
[    0.000000] x86/fpu: xstate_offset[2]:  576, xstate_sizes[2]:  256
[    0.000000] x86/fpu: Enabled xstate features 0x7, context size is 832 bytes, using 'standard' format.
[    0.000000] BIOS-provided physical RAM map:
[    0.000000] BIOS-e820: [mem 0x0000000000000000-0x0000000000057fff] usable
[    0.000000] BIOS-e820: [mem 0x0000000000058000-0x0000000000058fff] reserved
[    0.000000] BIOS-e820: [mem 0x0000000000059000-0x000000000009ffff] usable
[    0.000000] BIOS-e820: [mem 0x00000000000a0000-0x00000000000bffff] reserved
[    0.000000] BIOS-e820: [mem 0x0000000000100000-0x0000000078d00fff] usable
[    0.000000] BIOS-e820: [mem 0x0000000078d01000-0x0000000078d48fff] ACPI NVS
[    0.000000] BIOS-e820: [mem 0x0000000078d49000-0x0000000078d5cfff] usable
[    0.000000] BIOS-e820: [mem 0x0000000078d5d000-0x0000000078d8efff] ACPI data
[    0.000000] BIOS-e820: [mem 0x0000000078d8f000-0x0000000078e39fff] usable
[    0.000000] BIOS-e820: [mem 0x0000000078e3a000-0x0000000078e8efff] reserved
[    0.000000] BIOS-e820: [mem 0x0000000078e8f000-0x0000000078ecbfff] usable
[    0.000000] BIOS-e820: [mem 0x0000000078ecc000-0x0000000078efefff] reserved
[    0.000000] BIOS-e820: [mem 0x0000000078eff000-0x0000000078f84fff] usable
[    0.000000] BIOS-e820: [mem 0x0000000078f85000-0x0000000078fdefff] reserved
[    0.000000] BIOS-e820: [mem 0x0000000078fdf000-0x0000000078ffffff] usable
[    0.000000] BIOS-e820: [mem 0x0000000079000000-0x000000007f9fffff] reserved
[    0.000000] BIOS-e820: [mem 0x00000000e00f8000-0x00000000e00f8fff] reserved
[    0.000000] BIOS-e820: [mem 0x00000000fed1c000-0x00000000fed1ffff] reserved
[    0.000000] BIOS-e820: [mem 0x00000000ffd70000-0x00000000ffd9ffff] reserved
[    0.000000] BIOS-e820: [mem 0x0000000100000000-0x000000047f5fffff] usable
[    0.000000] NX (Execute Disable) protection: active
[    0.000000] e820: update [mem 0x66282710-0x66282ad2] usable ==> usable
[    0.000000] e820: update [mem 0x66282710-0x66282ad2] usable ==> usable
[    0.000000] extended physical RAM map:
[    0.000000] reserve setup_data: [mem 0x0000000000000000-0x0000000000057fff] usable
[    0.000000] reserve setup_data: [mem 0x0000000000058000-0x0000000000058fff] reserved
[    0.000000] reserve setup_data: [mem 0x0000000000059000-0x000000000009ffff] usable
[    0.000000] reserve setup_data: [mem 0x00000000000a0000-0x00000000000bffff] reserved
[    0.000000] reserve setup_data: [mem 0x0000000000100000-0x000000006628270f] usable
[    0.000000] reserve setup_data: [mem 0x0000000066282710-0x0000000066282ad2] usable
[    0.000000] reserve setup_data: [mem 0x0000000066282ad3-0x0000000078d00fff] usable
[    0.000000] reserve setup_data: [mem 0x0000000078d01000-0x0000000078d48fff] ACPI NVS
[    0.000000] reserve setup_data: [mem 0x0000000078d49000-0x0000000078d5cfff] usable
[    0.000000] reserve setup_data: [mem 0x0000000078d5d000-0x0000000078d8efff] ACPI data
[    0.000000] reserve setup_data: [mem 0x0000000078d8f000-0x0000000078e39fff] usable
[    0.000000] reserve setup_data: [mem 0x0000000078e3a000-0x0000000078e8efff] reserved
[    0.000000] reserve setup_data: [mem 0x0000000078e8f000-0x0000000078ecbfff] usable
[    0.000000] reserve setup_data: [mem 0x0000000078ecc000-0x0000000078efefff] reserved
[    0.000000] reserve setup_data: [mem 0x0000000078eff000-0x0000000078f84fff] usable
[    0.000000] reserve setup_data: [mem 0x0000000078f85000-0x0000000078fdefff] reserved
[    0.000000] reserve setup_data: [mem 0x0000000078fdf000-0x0000000078ffffff] usable
[    0.000000] reserve setup_data: [mem 0x0000000079000000-0x000000007f9fffff] reserved
[    0.000000] reserve setup_data: [mem 0x00000000e00f8000-0x00000000e00f8fff] reserved
[    0.000000] reserve setup_data: [mem 0x00000000fed1c000-0x00000000fed1ffff] reserved
[    0.000000] reserve setup_data: [mem 0x00000000ffd70000-0x00000000ffd9ffff] reserved
[    0.000000] reserve setup_data: [mem 0x0000000100000000-0x000000047f5fffff] usable
[    0.000000] efi: EFI v1.10 by Apple
[    0.000000] efi:  ACPI=0x78d8e000  ACPI 2.0=0x78d8e014  SMBIOS=0x78f8b000 
[    0.000000] secureboot: Secure boot disabled
[    0.000000] SMBIOS 2.7 present.
[    0.000000] DMI: Apple Inc. MacBookPro11,4/Mac-06F11FD93F0323C5, BIOS MBP114.88Z.0184.B00.1806051659 06/05/2018
[    0.000000] tsc: Fast TSC calibration using PIT
[    0.000000] tsc: Detected 2194.859 MHz processor
[    0.000110] e820: update [mem 0x00000000-0x00000fff] usable ==> reserved
[    0.000111] e820: remove [mem 0x000a0000-0x000fffff] usable
[    0.000116] last_pfn = 0x47f600 max_arch_pfn = 0x400000000
[    0.000119] MTRR default type: write-back
[    0.000120] MTRR fixed ranges enabled:
[    0.000121]   00000-9FFFF write-back
[    0.000121]   A0000-BFFFF uncachable
[    0.000122]   C0000-DFFFF write-protect
[    0.000122]   E0000-FFFFF uncachable
[    0.000123] MTRR variable ranges enabled:
[    0.000124]   0 base 0080000000 mask 7F80000000 uncachable
[    0.000124]   1 base 007C000000 mask 7FFC000000 uncachable
[    0.000125]   2 base 007A000000 mask 7FFE000000 uncachable
[    0.000125]   3 base 0079000000 mask 7FFF000000 uncachable
[    0.000126]   4 disabled
[    0.000126]   5 disabled
[    0.000126]   6 disabled
[    0.000127]   7 disabled
[    0.000127]   8 disabled
[    0.000127]   9 disabled
[    0.009922] x86/PAT: Configuration [0-7]: WB  WC  UC- UC  WB  WP  UC- WT  
[    0.010015] last_pfn = 0x79000 max_arch_pfn = 0x400000000
[    0.021717] Base memory trampoline at [(____ptrval____)] 99000 size 24576
[    0.021720] Using GB pages for direct mapping
[    0.021722] BRK [0x40be01000, 0x40be01fff] PGTABLE
[    0.021723] BRK [0x40be02000, 0x40be02fff] PGTABLE
[    0.021724] BRK [0x40be03000, 0x40be03fff] PGTABLE
[    0.021769] BRK [0x40be04000, 0x40be04fff] PGTABLE
[    0.021770] BRK [0x40be05000, 0x40be05fff] PGTABLE
[    0.021915] BRK [0x40be06000, 0x40be06fff] PGTABLE
[    0.021952] BRK [0x40be07000, 0x40be07fff] PGTABLE
[    0.022035] BRK [0x40be08000, 0x40be08fff] PGTABLE
[    0.022235] RAMDISK: [mem 0x46b78000-0x4852ffff]
[    0.022246] ACPI: Early table checksum verification disabled
[    0.022248] ACPI: RSDP 0x0000000078D8E014 000024 (v02 APPLE )
[    0.022251] ACPI: XSDT 0x0000000078D8E1C0 0000A4 (v01 APPLE  Apple00  00000000      01000013)
[    0.022255] ACPI: FACP 0x0000000078D8C000 0000F4 (v05 APPLE  Apple00  00000000 Loki 0000005F)
[    0.022258] ACPI BIOS Warning (bug): 32/64X length mismatch in FADT/Gpe0Block: 128/0 (20181003/tbfadt-569)
[    0.022260] ACPI: DSDT 0x0000000078D7F000 007331 (v03 APPLE  MacBookP 00110004 INTL 20140424)
[    0.022262] ACPI: FACS 0x0000000078D06000 000040
[    0.022264] ACPI: FACS 0x0000000078D06000 000040
[    0.022265] ACPI: HPET 0x0000000078D8B000 000038 (v01 APPLE  Apple00  00000001 Loki 0000005F)
[    0.022267] ACPI: APIC 0x0000000078D8A000 0000BC (v02 APPLE  Apple00  00000001 Loki 0000005F)
[    0.022269] ACPI: SBST 0x0000000078D88000 000030 (v01 APPLE  Apple00  00000001 Loki 0000005F)
[    0.022270] ACPI: ECDT 0x0000000078D87000 000053 (v01 APPLE  Apple00  00000001 Loki 0000005F)
[    0.022272] ACPI: SSDT 0x0000000078D7E000 000024 (v01 APPLE  SataAhci 00001000 INTL 20140424)
[    0.022274] ACPI: SSDT 0x0000000078D7D000 000024 (v01 APPLE  SmcDppt  00001000 INTL 20140424)
[    0.022276] ACPI: SSDT 0x0000000078D7C000 000032 (v01 APPLE  SsdtS3   00001000 INTL 20140424)
[    0.022277] ACPI: SSDT 0x0000000078D68000 0086DA (v01 APPLE  TbtPEG11 00001000 INTL 20140424)
[    0.022279] ACPI: SSDT 0x0000000078D67000 0000B8 (v01 APPLE  Sdxc     00001000 INTL 20140424)
[    0.022281] ACPI: SSDT 0x0000000078D66000 000A7B (v02 APPLE  Xhci     00001000 INTL 20140424)
[    0.022283] ACPI: SSDT 0x0000000078D64000 000341 (v01 APPLE  PEG0SSD0 00001000 INTL 20140424)
[    0.022285] ACPI: SSDT 0x0000000078D5F000 00069C (v01 PmRef  Cpu0Ist  00003000 INTL 20140424)
[    0.022286] ACPI: SSDT 0x0000000078D5E000 000C17 (v01 CpuRef CpuSsdt  00003000 INTL 20140424)
[    0.022288] ACPI: DMAR 0x0000000078D5D000 000088 (v01 APPLE  BDW      00000001 INTL 00000001)
[    0.022290] ACPI: MCFG 0x0000000078D89000 00003C (v01 APPLE  Apple00  00000001 Loki 0000005F)
[    0.022295] ACPI: DMI detected to setup _OSI("Darwin"): Apple hardware
[    0.022297] ACPI: Local APIC address 0xfee00000
[    0.022368] No NUMA configuration found
[    0.022369] Faking a node at [mem 0x0000000000000000-0x000000047f5fffff]
[    0.022377] NODE_DATA(0) allocated [mem 0x47f5d5000-0x47f5fffff]
[    0.051707] Zone ranges:
[    0.051709]   DMA      [mem 0x0000000000001000-0x0000000000ffffff]
[    0.051710]   DMA32    [mem 0x0000000001000000-0x00000000ffffffff]
[    0.051711]   Normal   [mem 0x0000000100000000-0x000000047f5fffff]
[    0.051711]   Device   empty
[    0.051712] Movable zone start for each node
[    0.051714] Early memory node ranges
[    0.051715]   node   0: [mem 0x0000000000001000-0x0000000000057fff]
[    0.051716]   node   0: [mem 0x0000000000059000-0x000000000009ffff]
[    0.051716]   node   0: [mem 0x0000000000100000-0x0000000078d00fff]
[    0.051716]   node   0: [mem 0x0000000078d49000-0x0000000078d5cfff]
[    0.051717]   node   0: [mem 0x0000000078d8f000-0x0000000078e39fff]
[    0.051717]   node   0: [mem 0x0000000078e8f000-0x0000000078ecbfff]
[    0.051718]   node   0: [mem 0x0000000078eff000-0x0000000078f84fff]
[    0.051718]   node   0: [mem 0x0000000078fdf000-0x0000000078ffffff]
[    0.051718]   node   0: [mem 0x0000000100000000-0x000000047f5fffff]
[    0.052094] Zeroed struct page in unavailable ranges: 29118 pages
[    0.052096] Initmem setup node 0 [mem 0x0000000000001000-0x000000047f5fffff]
[    0.052097] On node 0 totalpages: 4162626
[    0.052098]   DMA zone: 64 pages used for memmap
[    0.052098]   DMA zone: 22 pages reserved
[    0.052099]   DMA zone: 3998 pages, LIFO batch:0
[    0.052170]   DMA32 zone: 7675 pages used for memmap
[    0.052171]   DMA32 zone: 491172 pages, LIFO batch:63
[    0.063834]   Normal zone: 57304 pages used for memmap
[    0.063834]   Normal zone: 3667456 pages, LIFO batch:63
[    0.135036] Reserving Intel graphics memory at [mem 0x79a00000-0x7f9fffff]
[    0.135109] ACPI: PM-Timer IO Port: 0x1808
[    0.135110] ACPI: Local APIC address 0xfee00000
[    0.135118] ACPI: LAPIC_NMI (acpi_id[0x01] high edge lint[0x1])
[    0.135119] ACPI: LAPIC_NMI (acpi_id[0x02] high edge lint[0x1])
[    0.135119] ACPI: LAPIC_NMI (acpi_id[0x03] high edge lint[0x1])
[    0.135119] ACPI: LAPIC_NMI (acpi_id[0x04] high edge lint[0x1])
[    0.135120] ACPI: LAPIC_NMI (acpi_id[0x05] high edge lint[0x1])
[    0.135120] ACPI: LAPIC_NMI (acpi_id[0x06] high edge lint[0x1])
[    0.135121] ACPI: LAPIC_NMI (acpi_id[0x07] high edge lint[0x1])
[    0.135121] ACPI: LAPIC_NMI (acpi_id[0x08] high edge lint[0x1])
[    0.135136] IOAPIC[0]: apic_id 2, version 32, address 0xfec00000, GSI 0-23
[    0.135138] ACPI: INT_SRC_OVR (bus 0 bus_irq 0 global_irq 2 dfl dfl)
[    0.135139] ACPI: INT_SRC_OVR (bus 0 bus_irq 9 global_irq 9 high level)
[    0.135140] ACPI: IRQ0 used by override.
[    0.135141] ACPI: IRQ9 used by override.
[    0.135142] Using ACPI (MADT) for SMP configuration information
[    0.135143] ACPI: HPET id: 0x8086a201 base: 0xfed00000
[    0.135148] smpboot: Allowing 8 CPUs, 0 hotplug CPUs
[    0.135166] PM: Registered nosave memory: [mem 0x00000000-0x00000fff]
[    0.135167] PM: Registered nosave memory: [mem 0x00058000-0x00058fff]
[    0.135168] PM: Registered nosave memory: [mem 0x000a0000-0x000bffff]
[    0.135168] PM: Registered nosave memory: [mem 0x000c0000-0x000fffff]
[    0.135169] PM: Registered nosave memory: [mem 0x66282000-0x66282fff]
[    0.135170] PM: Registered nosave memory: [mem 0x66282000-0x66282fff]
[    0.135171] PM: Registered nosave memory: [mem 0x78d01000-0x78d48fff]
[    0.135173] PM: Registered nosave memory: [mem 0x78d5d000-0x78d8efff]
[    0.135174] PM: Registered nosave memory: [mem 0x78e3a000-0x78e8efff]
[    0.135175] PM: Registered nosave memory: [mem 0x78ecc000-0x78efefff]
[    0.135176] PM: Registered nosave memory: [mem 0x78f85000-0x78fdefff]
[    0.135177] PM: Registered nosave memory: [mem 0x79000000-0x7f9fffff]
[    0.135177] PM: Registered nosave memory: [mem 0x7fa00000-0xe00f7fff]
[    0.135177] PM: Registered nosave memory: [mem 0xe00f8000-0xe00f8fff]
[    0.135178] PM: Registered nosave memory: [mem 0xe00f9000-0xfed1bfff]
[    0.135178] PM: Registered nosave memory: [mem 0xfed1c000-0xfed1ffff]
[    0.135179] PM: Registered nosave memory: [mem 0xfed20000-0xffd6ffff]
[    0.135179] PM: Registered nosave memory: [mem 0xffd70000-0xffd9ffff]
[    0.135179] PM: Registered nosave memory: [mem 0xffda0000-0xffffffff]
[    0.135181] [mem 0x7fa00000-0xe00f7fff] available for PCI devices
[    0.135187] Booting paravirtualized kernel on bare hardware
[    0.135191] clocksource: refined-jiffies: mask: 0xffffffff max_cycles: 0xffffffff, max_idle_ns: 1910969940391419 ns
[    0.232666] random: get_random_bytes called from start_kernel+0x93/0x528 with crng_init=0
[    0.232671] setup_percpu: NR_CPUS:1024 nr_cpumask_bits:8 nr_cpu_ids:8 nr_node_ids:1
[    0.232846] percpu: Embedded 45 pages/cpu @(____ptrval____) s147456 r8192 d28672 u262144
[    0.232851] pcpu-alloc: s147456 r8192 d28672 u262144 alloc=1*2097152
[    0.232852] pcpu-alloc: [0] 0 1 2 3 4 5 6 7 
[    0.232872] Built 1 zonelists, mobility grouping on.  Total pages: 4097561
[    0.232872] Policy zone: Normal
[    0.232874] Kernel command line: BOOT_IMAGE=/vmlinuz-4.20.7-200.ivan3.fc29.x86_64 root=/dev/mapper/im--mac-root ro resume=/dev/mapper/im--mac-swap rd.lvm.lv=im-mac/root rd.luks.uuid=luks-dd1fa933-ef9f-402b-a2e4-7c9d6fb7ce0d rd.lvm.lv=im-mac/swap rhgb quiet hid_apple.fnmode=2 hid_apple.iso_layout=0
[    0.277448] Memory: 15910384K/16650504K available (12293K kernel code, 1502K rwdata, 4084K rodata, 2188K init, 4756K bss, 740120K reserved, 0K cma-reserved)
[    0.277581] SLUB: HWalign=64, Order=0-3, MinObjects=0, CPUs=8, Nodes=1
[    0.277589] Kernel/User page tables isolation: enabled
[    0.277610] ftrace: allocating 38693 entries in 152 pages
[    0.290985] rcu: Hierarchical RCU implementation.
[    0.290986] rcu: 	RCU restricting CPUs from NR_CPUS=1024 to nr_cpu_ids=8.
[    0.290986] 	Tasks RCU enabled.
[    0.290987] rcu: RCU calculated value of scheduler-enlistment delay is 100 jiffies.
[    0.290987] rcu: Adjusting geometry for rcu_fanout_leaf=16, nr_cpu_ids=8
[    0.292922] NR_IRQS: 65792, nr_irqs: 488, preallocated irqs: 16
[    0.293090] Console: colour dummy device 80x25
[    0.293094] printk: console [tty0] enabled
[    0.293106] ACPI: Core revision 20181003
[    0.293309] clocksource: hpet: mask: 0xffffffff max_cycles: 0xffffffff, max_idle_ns: 133484882848 ns
[    0.293318] hpet clockevent registered
[    0.293322] APIC: Switch to symmetric I/O mode setup
[    0.293323] DMAR: Host address width 39
[    0.293324] DMAR: DRHD base: 0x000000fed90000 flags: 0x0
[    0.293327] DMAR: dmar0: reg_base_addr fed90000 ver 1:0 cap c0000020660462 ecap f0101a
[    0.293328] DMAR: DRHD base: 0x000000fed91000 flags: 0x1
[    0.293330] DMAR: dmar1: reg_base_addr fed91000 ver 1:0 cap d2008c20660462 ecap f010da
[    0.293330] DMAR: RMRR base: 0x00000079800000 end: 0x0000007f9fffff
[    0.293333] DMAR-IR: IOAPIC id 2 under DRHD base  0xfed91000 IOMMU 1
[    0.293334] DMAR-IR: HPET id 0 under DRHD base 0xfed91000
[    0.293334] DMAR-IR: x2apic is disabled because BIOS sets x2apic opt out bit.
[    0.293334] DMAR-IR: Use 'intremap=no_x2apic_optout' to override the BIOS setting.
[    0.293764] DMAR-IR: Enabled IRQ remapping in xapic mode
[    0.293764] x2apic: IRQ remapping doesn't support X2APIC mode
[    0.294137] ..TIMER: vector=0x30 apic1=0 pin1=2 apic2=-1 pin2=-1
[    0.298327] clocksource: tsc-early: mask: 0xffffffffffffffff max_cycles: 0x1fa33a4a48c, max_idle_ns: 440795283848 ns
[    0.298337] Calibrating delay loop (skipped), value calculated using timer frequency.. 4389.71 BogoMIPS (lpj=2194859)
[    0.298339] pid_max: default: 32768 minimum: 301
[    0.302483] LSM: Security Framework initializing
[    0.302484] Yama: becoming mindful.
[    0.302487] SELinux:  Initializing.
[    0.304436] Dentry cache hash table entries: 2097152 (order: 12, 16777216 bytes)
[    0.305404] Inode-cache hash table entries: 1048576 (order: 11, 8388608 bytes)
[    0.305443] Mount-cache hash table entries: 32768 (order: 6, 262144 bytes)
[    0.305473] Mountpoint-cache hash table entries: 32768 (order: 6, 262144 bytes)
[    0.305630] ENERGY_PERF_BIAS: Set to 'normal', was 'performance'
[    0.305630] ENERGY_PERF_BIAS: View and update with x86_energy_perf_policy(8)
[    0.305634] mce: CPU supports 10 MCE banks
[    0.305641] CPU0: Thermal monitoring enabled (TM1)
[    0.305653] process: using mwait in idle threads
[    0.305655] Last level iTLB entries: 4KB 1024, 2MB 1024, 4MB 1024
[    0.305656] Last level dTLB entries: 4KB 1024, 2MB 1024, 4MB 1024, 1GB 4
[    0.305657] Spectre V2 : Mitigation: Full generic retpoline
[    0.305658] Spectre V2 : Spectre v2 / SpectreRSB mitigation: Filling RSB on context switch
[    0.305658] Spectre V2 : Enabling Restricted Speculation for firmware calls
[    0.305663] Spectre V2 : mitigation: Enabling conditional Indirect Branch Prediction Barrier
[    0.305663] Spectre V2 : User space: Mitigation: STIBP via seccomp and prctl
[    0.305664] Speculative Store Bypass: Mitigation: Speculative Store Bypass disabled via prctl and seccomp
[    0.305800] Freeing SMP alternatives memory: 36K
[    0.314535] TSC deadline timer enabled
[    0.314539] smpboot: CPU0: Intel(R) Core(TM) i7-4770HQ CPU @ 2.20GHz (family: 0x6, model: 0x46, stepping: 0x1)
[    0.314655] Performance Events: PEBS fmt2+, Haswell events, 16-deep LBR, full-width counters, Intel PMU driver.
[    0.314695] ... version:                3
[    0.314695] ... bit width:              48
[    0.314696] ... generic registers:      4
[    0.314696] ... value mask:             0000ffffffffffff
[    0.314697] ... max period:             00007fffffffffff
[    0.314697] ... fixed-purpose events:   3
[    0.314698] ... event mask:             000000070000000f
[    0.314736] rcu: Hierarchical SRCU implementation.
[    0.315215] random: crng done (trusting CPU's manufacturer)
[    0.315412] NMI watchdog: Enabled. Permanently consumes one hw-PMU counter.
[    0.315470] smp: Bringing up secondary CPUs ...
[    0.315522] x86: Booting SMP configuration:
[    0.315523] .... node  #0, CPUs:      #1 #2 #3 #4 #5 #6 #7
[    0.363334] smp: Brought up 1 node, 8 CPUs
[    0.363336] smpboot: Max logical packages: 1
[    0.363338] smpboot: Total of 8 processors activated (35117.74 BogoMIPS)
[    0.364717] devtmpfs: initialized
[    0.364717] x86/mm: Memory block size: 128MB
[    0.365579] PM: Registering ACPI NVS region [mem 0x78d01000-0x78d48fff] (294912 bytes)
[    0.365579] clocksource: jiffies: mask: 0xffffffff max_cycles: 0xffffffff, max_idle_ns: 1911260446275000 ns
[    0.365579] futex hash table entries: 2048 (order: 5, 131072 bytes)
[    0.365579] pinctrl core: initialized pinctrl subsystem
[    0.365579] RTC time:  1:02:44, date: 02/14/19
[    0.365579] NET: Registered protocol family 16
[    0.365662] audit: initializing netlink subsys (disabled)
[    0.365666] audit: type=2000 audit(1550106164.072:1): state=initialized audit_enabled=0 res=1
[    0.365666] cpuidle: using governor menu
[    0.365666] ACPI: bus type PCI registered
[    0.365666] acpiphp: ACPI Hot Plug PCI Controller Driver version: 0.5
[    0.365666] PCI: MMCONFIG for domain 0000 [bus 00-9b] at [mem 0xe0000000-0xe9bfffff] (base 0xe0000000)
[    0.365666] PCI: not using MMCONFIG
[    0.365666] PCI: Using configuration type 1 for base access
[    0.365666] core: PMU erratum BJ122, BV98, HSD29 worked around, HT is on
[    0.367352] HugeTLB registered 1.00 GiB page size, pre-allocated 0 pages
[    0.367352] HugeTLB registered 2.00 MiB page size, pre-allocated 0 pages
[    0.367355] cryptd: max_cpu_qlen set to 1000
[    0.367374] ACPI: Disabled all _OSI OS vendors
[    0.367376] ACPI: Added _OSI(Module Device)
[    0.367376] ACPI: Added _OSI(Processor Device)
[    0.367377] ACPI: Added _OSI(3.0 _SCP Extensions)
[    0.367377] ACPI: Added _OSI(Processor Aggregator Device)
[    0.367378] ACPI: Added _OSI(Linux-Dell-Video)
[    0.367379] ACPI: Added _OSI(Linux-Lenovo-NV-HDMI-Audio)
[    0.367379] ACPI: Added _OSI(Darwin)
[    0.379052] ACPI: 10 ACPI AML tables successfully acquired and loaded
[    0.379663] ACPI: EC: EC started
[    0.379663] ACPI: EC: interrupt blocked
[    0.381639] ACPI: \: Used as first EC
[    0.381641] ACPI: \: GPE=0x17, EC_CMD/EC_SC=0x66, EC_DATA=0x62
[    0.381642] ACPI: \: Used as boot ECDT EC to handle transactions
[    0.382360] ACPI: BIOS _OSI(Darwin) query honored via DMI
[    0.382881] ACPI: [Firmware Bug]: BIOS _OSI(Linux) query ignored
[    0.382997] ACPI Error: Needed type [Reference], found [Integer] 00000000666a42e4 (20181003/exresop-69)
[    0.383001] ACPI Error: AE_AML_OPERAND_TYPE, While resolving operands for [OpcodeName unavailable] (20181003/dswexec-427)
[    0.383003] ACPI Error: Method parse/execution failed \_PR.CPU0._PDC, AE_AML_OPERAND_TYPE (20181003/psparse-516)
[    0.383191] ACPI: Dynamic OEM Table Load:
[    0.383197] ACPI: SSDT 0xFFFF9994ECB49800 00067C (v01 PmRef  ApIst    00003000 INTL 20140424)
[    0.383577] ACPI: Dynamic OEM Table Load:
[    0.383580] ACPI: SSDT 0xFFFF9994ECBABC00 000119 (v01 PmRef  ApCst    00003000 INTL 20140424)
[    0.384656] ACPI: Interpreter enabled
[    0.384672] ACPI: (supports S0 S3 S4 S5)
[    0.384673] ACPI: Using IOAPIC for interrupt routing
[    0.384689] PCI: MMCONFIG for domain 0000 [bus 00-9b] at [mem 0xe0000000-0xe9bfffff] (base 0xe0000000)
[    0.385058] PCI: MMCONFIG at [mem 0xe0000000-0xe9bfffff] reserved in ACPI motherboard resources
[    0.385067] PCI: Using host bridge windows from ACPI; if necessary, use "pci=nocrs" and report a bug
[    0.385245] ACPI: Enabled 7 GPEs in block 00 to 3F
[    0.392776] ACPI: PCI Root Bridge [PCI0] (domain 0000 [bus 00-ff])
[    0.392779] acpi PNP0A08:00: _OSC: OS assumes control of [PCIeHotplug SHPCHotplug AER PCIeCapability LTR]
[    0.392790] acpi PNP0A08:00: [Firmware Info]: MMCONFIG for domain 0000 [bus 00-9b] only partially covers this bridge
[    0.393000] PCI host bridge to bus 0000:00
[    0.393002] pci_bus 0000:00: root bus resource [io  0x0000-0x0cf7 window]
[    0.393003] pci_bus 0000:00: root bus resource [io  0x0d00-0xffff window]
[    0.393004] pci_bus 0000:00: root bus resource [mem 0x000a0000-0x000bffff window]
[    0.393005] pci_bus 0000:00: root bus resource [mem 0x000c0000-0x000c3fff window]
[    0.393006] pci_bus 0000:00: root bus resource [mem 0x000c4000-0x000c7fff window]
[    0.393007] pci_bus 0000:00: root bus resource [mem 0x000c8000-0x000cbfff window]
[    0.393008] pci_bus 0000:00: root bus resource [mem 0x000cc000-0x000cffff window]
[    0.393009] pci_bus 0000:00: root bus resource [mem 0x000d0000-0x000d3fff window]
[    0.393010] pci_bus 0000:00: root bus resource [mem 0x000d4000-0x000d7fff window]
[    0.393011] pci_bus 0000:00: root bus resource [mem 0x000d8000-0x000dbfff window]
[    0.393012] pci_bus 0000:00: root bus resource [mem 0x000dc000-0x000dffff window]
[    0.393013] pci_bus 0000:00: root bus resource [mem 0x000e0000-0x000e3fff window]
[    0.393014] pci_bus 0000:00: root bus resource [mem 0x000e4000-0x000e7fff window]
[    0.393015] pci_bus 0000:00: root bus resource [mem 0x000e8000-0x000ebfff window]
[    0.393016] pci_bus 0000:00: root bus resource [mem 0x000ec000-0x000effff window]
[    0.393017] pci_bus 0000:00: root bus resource [mem 0x000f0000-0x000fffff window]
[    0.393018] pci_bus 0000:00: root bus resource [mem 0x7fa00000-0xfeafffff window]
[    0.393019] pci_bus 0000:00: root bus resource [mem 0xfed40000-0xfed44fff window]
[    0.393021] pci_bus 0000:00: root bus resource [bus 00-ff]
[    0.393027] pci 0000:00:00.0: [8086:0d04] type 00 class 0x060000
[    0.393092] pci 0000:00:01.0: [8086:0d01] type 01 class 0x060400
[    0.393123] pci 0000:00:01.0: PME# supported from D0 D3hot D3cold
[    0.393170] pci 0000:00:01.1: [8086:0d05] type 01 class 0x060400
[    0.393199] pci 0000:00:01.1: PME# supported from D0 D3hot D3cold
[    0.393272] pci 0000:00:02.0: [8086:0d26] type 00 class 0x030000
[    0.393281] pci 0000:00:02.0: reg 0x10: [mem 0xa0000000-0xa03fffff 64bit]
[    0.393286] pci 0000:00:02.0: reg 0x18: [mem 0x90000000-0x9fffffff 64bit pref]
[    0.393289] pci 0000:00:02.0: reg 0x20: [io  0x3000-0x303f]
[    0.393298] pci 0000:00:02.0: BAR 2: assigned to efifb
[    0.393349] pci 0000:00:03.0: [8086:0d0c] type 00 class 0x040300
[    0.393357] pci 0000:00:03.0: reg 0x10: [mem 0xa0c10000-0xa0c13fff 64bit]
[    0.393441] pci 0000:00:14.0: [8086:8c31] type 00 class 0x0c0330
[    0.393460] pci 0000:00:14.0: reg 0x10: [mem 0xa0c00000-0xa0c0ffff 64bit]
[    0.393510] pci 0000:00:14.0: PME# supported from D3hot D3cold
[    0.393590] pci 0000:00:16.0: [8086:8c3a] type 00 class 0x078000
[    0.393609] pci 0000:00:16.0: reg 0x10: [mem 0xa0c19100-0xa0c1910f 64bit]
[    0.393662] pci 0000:00:16.0: PME# supported from D0 D3hot D3cold
[    0.393720] pci 0000:00:1b.0: [8086:8c20] type 00 class 0x040300
[    0.393738] pci 0000:00:1b.0: reg 0x10: [mem 0xa0c14000-0xa0c17fff 64bit]
[    0.393797] pci 0000:00:1b.0: PME# supported from D0 D3hot D3cold
[    0.393848] pci 0000:00:1c.0: [8086:8c10] type 01 class 0x060400
[    0.393890] pci 0000:00:1c.0: claimed MacBook Pro poweroff workaround [mem 0x7fa00000-0x7fbfffff]
[    0.393935] pci 0000:00:1c.0: PME# supported from D0 D3hot D3cold
[    0.393997] pci 0000:00:1c.2: [8086:8c14] type 01 class 0x060400
[    0.394067] pci 0000:00:1c.2: PME# supported from D0 D3hot D3cold
[    0.394125] pci 0000:00:1c.3: [8086:8c16] type 01 class 0x060400
[    0.394195] pci 0000:00:1c.3: PME# supported from D0 D3hot D3cold
[    0.394260] pci 0000:00:1f.0: [8086:8c4b] type 00 class 0x060100
[    0.394402] pci 0000:00:1f.3: [8086:8c22] type 00 class 0x0c0500
[    0.394418] pci 0000:00:1f.3: reg 0x10: [mem 0xa0c19000-0xa0c190ff 64bit]
[    0.394435] pci 0000:00:1f.3: reg 0x20: [io  0xefa0-0xefbf]
[    0.394493] pci 0000:00:1f.6: [8086:8c24] type 00 class 0x118000
[    0.394512] pci 0000:00:1f.6: reg 0x10: [mem 0xa0c18000-0xa0c18fff 64bit]
[    0.394662] pci 0000:01:00.0: [144d:a801] type 00 class 0x010601
[    0.394696] pci 0000:01:00.0: reg 0x24: [mem 0xa0b00000-0xa0b01fff]
[    0.394820] pci 0000:00:01.0: PCI bridge to [bus 01]
[    0.394823] pci 0000:00:01.0:   bridge window [mem 0xa0b00000-0xa0bfffff]
[    0.394870] pci 0000:05:00.0: [8086:156d] type 01 class 0x060400
[    0.394949] pci 0000:05:00.0: supports D1 D2
[    0.394950] pci 0000:05:00.0: PME# supported from D0 D1 D2 D3hot D3cold
[    0.395034] pci 0000:00:01.1: PCI bridge to [bus 05-9b]
[    0.395036] pci 0000:00:01.1:   bridge window [io  0x4000-0x6fff]
[    0.395038] pci 0000:00:01.1:   bridge window [mem 0xa0d00000-0xacdfffff]
[    0.395040] pci 0000:00:01.1:   bridge window [mem 0xace00000-0xb8dfffff 64bit pref]
[    0.395121] pci 0000:06:00.0: [8086:156d] type 01 class 0x060400
[    0.395208] pci 0000:06:00.0: supports D1 D2
[    0.395209] pci 0000:06:00.0: PME# supported from D0 D1 D2 D3hot D3cold
[    0.395271] pci 0000:06:03.0: [8086:156d] type 01 class 0x060400
[    0.395357] pci 0000:06:03.0: supports D1 D2
[    0.395358] pci 0000:06:03.0: PME# supported from D0 D1 D2 D3hot D3cold
[    0.395417] pci 0000:06:04.0: [8086:156d] type 01 class 0x060400
[    0.395504] pci 0000:06:04.0: supports D1 D2
[    0.395505] pci 0000:06:04.0: PME# supported from D0 D1 D2 D3hot D3cold
[    0.395564] pci 0000:06:05.0: [8086:156d] type 01 class 0x060400
[    0.395649] pci 0000:06:05.0: supports D1 D2
[    0.395650] pci 0000:06:05.0: PME# supported from D0 D1 D2 D3hot D3cold
[    0.395708] pci 0000:06:06.0: [8086:156d] type 01 class 0x060400
[    0.395793] pci 0000:06:06.0: supports D1 D2
[    0.395794] pci 0000:06:06.0: PME# supported from D0 D1 D2 D3hot D3cold
[    0.395863] pci 0000:05:00.0: PCI bridge to [bus 06-6b]
[    0.395866] pci 0000:05:00.0:   bridge window [io  0x4000-0x5fff]
[    0.395869] pci 0000:05:00.0:   bridge window [mem 0xa0d00000-0xa8dfffff]
[    0.395872] pci 0000:05:00.0:   bridge window [mem 0xace00000-0xb4dfffff 64bit pref]
[    0.395919] pci 0000:07:00.0: [8086:156c] type 00 class 0x088000
[    0.395944] pci 0000:07:00.0: reg 0x10: [mem 0xa0d00000-0xa0d3ffff]
[    0.395952] pci 0000:07:00.0: reg 0x14: [mem 0xa0d40000-0xa0d40fff]
[    0.396071] pci 0000:07:00.0: supports D1 D2
[    0.396072] pci 0000:07:00.0: PME# supported from D0 D1 D2 D3hot D3cold
[    0.396211] pci 0000:06:00.0: PCI bridge to [bus 07]
[    0.396217] pci 0000:06:00.0:   bridge window [mem 0xa0d00000-0xa0dfffff]
[    0.396270] pci 0000:06:03.0: PCI bridge to [bus 08-38]
[    0.396274] pci 0000:06:03.0:   bridge window [io  0x4000-0x4fff]
[    0.396277] pci 0000:06:03.0:   bridge window [mem 0xa0e00000-0xa4dfffff]
[    0.396281] pci 0000:06:03.0:   bridge window [mem 0xace00000-0xb0dfffff 64bit pref]
[    0.396331] pci 0000:06:04.0: PCI bridge to [bus 39]
[    0.396390] pci 0000:06:05.0: PCI bridge to [bus 3a-6a]
[    0.396394] pci 0000:06:05.0:   bridge window [io  0x5000-0x5fff]
[    0.396396] pci 0000:06:05.0:   bridge window [mem 0xa4e00000-0xa8dfffff]
[    0.396400] pci 0000:06:05.0:   bridge window [mem 0xb0e00000-0xb4dfffff 64bit pref]
[    0.396427] pci 0000:06:06.0: PCI bridge to [bus 6b]
[    0.396493] pci 0000:00:1c.0: PCI bridge to [bus 02]
[    0.396587] pci 0000:03:00.0: [14e4:43ba] type 00 class 0x028000
[    0.396653] pci 0000:03:00.0: reg 0x10: [mem 0xa0800000-0xa0807fff 64bit]
[    0.396680] pci 0000:03:00.0: reg 0x18: [mem 0xa0400000-0xa07fffff 64bit]
[    0.396885] pci 0000:03:00.0: supports D1 D2
[    0.396886] pci 0000:03:00.0: PME# supported from D0 D1 D2 D3hot D3cold
[    0.397114] pci 0000:00:1c.2: PCI bridge to [bus 03]
[    0.397118] pci 0000:00:1c.2:   bridge window [mem 0xa0400000-0xa08fffff]
[    0.397179] pci 0000:04:00.0: [14e4:1570] type 00 class 0x048000
[    0.397210] pci 0000:04:00.0: reg 0x10: [mem 0xa0a00000-0xa0a0ffff 64bit]
[    0.397239] pci 0000:04:00.0: reg 0x18: [mem 0x80000000-0x8fffffff 64bit pref]
[    0.397255] pci 0000:04:00.0: reg 0x20: [mem 0xa0900000-0xa09fffff 64bit]
[    0.397347] pci 0000:04:00.0: supports D1
[    0.397349] pci 0000:04:00.0: PME# supported from D0 D3hot
[    0.397466] pci 0000:00:1c.3: PCI bridge to [bus 04]
[    0.397472] pci 0000:00:1c.3:   bridge window [mem 0xa0900000-0xa0afffff]
[    0.397477] pci 0000:00:1c.3:   bridge window [mem 0x80000000-0x8fffffff 64bit pref]
[    0.398411] ACPI: PCI Interrupt Link [LNKA] (IRQs 1 3 4 5 6 7 10 12 14 15) *0, disabled.
[    0.398459] ACPI: PCI Interrupt Link [LNKB] (IRQs 1 3 4 5 6 7 11 12 14 15) *0, disabled.
[    0.398500] ACPI: PCI Interrupt Link [LNKC] (IRQs 1 3 4 5 6 7 10 12 14 15) *0, disabled.
[    0.398541] ACPI: PCI Interrupt Link [LNKD] (IRQs 1 3 4 5 6 7 11 12 14 15) *0, disabled.
[    0.398587] ACPI: PCI Interrupt Link [LNKE] (IRQs 1 3 4 5 6 7 10 12 14 15) *0, disabled.
[    0.398632] ACPI: PCI Interrupt Link [LNKF] (IRQs 1 3 4 5 6 7 11 12 14 15) *0, disabled.
[    0.398677] ACPI: PCI Interrupt Link [LNKG] (IRQs 1 3 4 5 6 7 10 12 14 15) *0, disabled.
[    0.398723] ACPI: PCI Interrupt Link [LNKH] (IRQs 1 3 4 5 6 7 11 12 14 15) *0, disabled.
[    0.398865] ACPI: EC: interrupt unblocked
[    0.398882] ACPI: EC: event unblocked
[    0.398888] ACPI: \_SB_.PCI0.LPCB.EC__: GPE=0x17, EC_CMD/EC_SC=0x66, EC_DATA=0x62
[    0.398889] ACPI: \_SB_.PCI0.LPCB.EC__: Used as boot DSDT EC to handle transactions and events
[    0.398933] pci 0000:00:02.0: vgaarb: setting as boot VGA device
[    0.398933] pci 0000:00:02.0: vgaarb: VGA device added: decodes=io+mem,owns=io+mem,locks=none
[    0.398933] pci 0000:00:02.0: vgaarb: bridge control possible
[    0.398933] vgaarb: loaded
[    0.398933] SCSI subsystem initialized
[    0.398933] libata version 3.00 loaded.
[    0.398933] ACPI: bus type USB registered
[    0.398933] usbcore: registered new interface driver usbfs
[    0.398933] usbcore: registered new interface driver hub
[    0.398933] usbcore: registered new device driver usb
[    0.398933] pps_core: LinuxPPS API ver. 1 registered
[    0.398933] pps_core: Software ver. 5.3.6 - Copyright 2005-2007 Rodolfo Giometti <giometti@linux.it>
[    0.398933] PTP clock support registered
[    0.398933] EDAC MC: Ver: 3.0.0
[    0.398933] Registered efivars operations
[    0.483347] PCI: Using ACPI for IRQ routing
[    0.485781] PCI: pci_cache_line_size set to 64 bytes
[    0.485913] e820: reserve RAM buffer [mem 0x00058000-0x0005ffff]
[    0.485914] e820: reserve RAM buffer [mem 0x66282710-0x67ffffff]
[    0.485915] e820: reserve RAM buffer [mem 0x78d01000-0x7bffffff]
[    0.485916] e820: reserve RAM buffer [mem 0x78d5d000-0x7bffffff]
[    0.485917] e820: reserve RAM buffer [mem 0x78e3a000-0x7bffffff]
[    0.485918] e820: reserve RAM buffer [mem 0x78ecc000-0x7bffffff]
[    0.485919] e820: reserve RAM buffer [mem 0x78f85000-0x7bffffff]
[    0.485920] e820: reserve RAM buffer [mem 0x79000000-0x7bffffff]
[    0.485920] e820: reserve RAM buffer [mem 0x47f600000-0x47fffffff]
[    0.486329] NetLabel: Initializing
[    0.486329] NetLabel:  domain hash size = 128
[    0.486329] NetLabel:  protocols = UNLABELED CIPSOv4 CALIPSO
[    0.486329] NetLabel:  unlabeled traffic allowed by default
[    0.486402] hpet0: at MMIO 0xfed00000, IRQs 2, 8, 0, 0, 0, 0, 0, 0
[    0.486405] hpet0: 8 comparators, 64-bit 14.318180 MHz counter
[    0.488346] clocksource: Switched to clocksource tsc-early
[    0.498172] VFS: Disk quotas dquot_6.6.0
[    0.498185] VFS: Dquot-cache hash table entries: 512 (order 0, 4096 bytes)
[    0.498233] pnp: PnP ACPI init
[    0.498890] system 00:00: [mem 0xfed00000-0xfed03fff] has been reserved
[    0.498894] system 00:00: Plug and Play ACPI device, IDs PNP0103 PNP0c01 (active)
[    0.498928] system 00:01: [io  0xffff] has been reserved
[    0.498929] system 00:01: [io  0x1800-0x187f] has been reserved
[    0.498931] system 00:01: [io  0x0800-0x087f] has been reserved
[    0.498933] system 00:01: Plug and Play ACPI device, IDs PNP0c02 (active)
[    0.498945] pnp 00:02: Plug and Play ACPI device, IDs PNP0b00 (active)
[    0.498990] pnp 00:03: Plug and Play ACPI device, IDs APP000b (active)
[    0.499088] system 00:04: [mem 0xfed1c000-0xfed1ffff] has been reserved
[    0.499090] system 00:04: [mem 0xfed10000-0xfed17fff] has been reserved
[    0.499091] system 00:04: [mem 0xfed18000-0xfed18fff] has been reserved
[    0.499092] system 00:04: [mem 0xfed19000-0xfed19fff] has been reserved
[    0.499093] system 00:04: [mem 0xe0000000-0xefffffff] could not be reserved
[    0.499094] system 00:04: [mem 0xfed20000-0xfed3ffff] has been reserved
[    0.499096] system 00:04: [mem 0xfed90000-0xfed93fff] could not be reserved
[    0.499097] system 00:04: [mem 0xfed45000-0xfed8ffff] has been reserved
[    0.499098] system 00:04: [mem 0xff000000-0xffffffff] could not be reserved
[    0.499099] system 00:04: [mem 0xfee00000-0xfeefffff] has been reserved
[    0.499102] system 00:04: Plug and Play ACPI device, IDs PNP0c02 (active)
[    0.499139] system 00:05: [mem 0x20000000-0x201fffff] could not be reserved
[    0.499140] system 00:05: [mem 0x40000000-0x401fffff] could not be reserved
[    0.499143] system 00:05: Plug and Play ACPI device, IDs PNP0c01 (active)
[    0.499257] pnp: PnP ACPI: found 6 devices
[    0.500095] pci 0000:07:00.0: assigning 8 device properties
[    0.500101] pci 0000:00:1b.0: assigning 4 device properties
[    0.500104] pci 0000:00:02.0: assigning 2 device properties
[    0.504674] clocksource: acpi_pm: mask: 0xffffff max_cycles: 0xffffff, max_idle_ns: 2085701024 ns
[    0.504706] pci 0000:06:00.0: bridge window [io  0x1000-0x0fff] to [bus 07] add_size 1000
[    0.504708] pci 0000:06:00.0: bridge window [mem 0x00100000-0x000fffff 64bit pref] to [bus 07] add_size 200000 add_align 100000
[    0.504719] pci 0000:06:04.0: bridge window [io  0x1000-0x0fff] to [bus 39] add_size 1000
[    0.504720] pci 0000:06:04.0: bridge window [mem 0x00100000-0x000fffff 64bit pref] to [bus 39] add_size 200000 add_align 100000
[    0.504721] pci 0000:06:04.0: bridge window [mem 0x00100000-0x000fffff] to [bus 39] add_size 200000 add_align 100000
[    0.504732] pci 0000:06:06.0: bridge window [io  0x1000-0x0fff] to [bus 6b] add_size 1000
[    0.504733] pci 0000:06:06.0: bridge window [mem 0x00100000-0x000fffff 64bit pref] to [bus 6b] add_size 200000 add_align 100000
[    0.504734] pci 0000:06:06.0: bridge window [mem 0x00100000-0x000fffff] to [bus 6b] add_size 200000 add_align 100000
[    0.504753] pci 0000:00:1c.0: bridge window [io  0x1000-0x0fff] to [bus 02] add_size 1000
[    0.504754] pci 0000:00:1c.0: bridge window [mem 0x00100000-0x000fffff 64bit pref] to [bus 02] add_size 200000 add_align 100000
[    0.504755] pci 0000:00:1c.0: bridge window [mem 0x00100000-0x000fffff] to [bus 02] add_size 200000 add_align 100000
[    0.504778] pci 0000:00:1c.0: BAR 14: assigned [mem 0x7fc00000-0x7fdfffff]
[    0.504785] pci 0000:00:1c.0: BAR 15: assigned [mem 0x7fe00000-0x7fffffff 64bit pref]
[    0.504787] pci 0000:00:1c.0: BAR 13: assigned [io  0x2000-0x2fff]
[    0.504789] pci 0000:00:01.0: PCI bridge to [bus 01]
[    0.504791] pci 0000:00:01.0:   bridge window [mem 0xa0b00000-0xa0bfffff]
[    0.504798] pci 0000:06:00.0: BAR 15: no space for [mem size 0x00200000 64bit pref]
[    0.504799] pci 0000:06:00.0: BAR 15: failed to assign [mem size 0x00200000 64bit pref]
[    0.504801] pci 0000:06:04.0: BAR 14: no space for [mem size 0x00200000]
[    0.504802] pci 0000:06:04.0: BAR 14: failed to assign [mem size 0x00200000]
[    0.504803] pci 0000:06:04.0: BAR 15: no space for [mem size 0x00200000 64bit pref]
[    0.504804] pci 0000:06:04.0: BAR 15: failed to assign [mem size 0x00200000 64bit pref]
[    0.504806] pci 0000:06:06.0: BAR 14: no space for [mem size 0x00200000]
[    0.504806] pci 0000:06:06.0: BAR 14: failed to assign [mem size 0x00200000]
[    0.504808] pci 0000:06:06.0: BAR 15: no space for [mem size 0x00200000 64bit pref]
[    0.504809] pci 0000:06:06.0: BAR 15: failed to assign [mem size 0x00200000 64bit pref]
[    0.504810] pci 0000:06:00.0: BAR 13: no space for [io  size 0x1000]
[    0.504811] pci 0000:06:00.0: BAR 13: failed to assign [io  size 0x1000]
[    0.504812] pci 0000:06:04.0: BAR 13: no space for [io  size 0x1000]
[    0.504813] pci 0000:06:04.0: BAR 13: failed to assign [io  size 0x1000]
[    0.504814] pci 0000:06:06.0: BAR 13: no space for [io  size 0x1000]
[    0.504815] pci 0000:06:06.0: BAR 13: failed to assign [io  size 0x1000]
[    0.504817] pci 0000:06:06.0: BAR 14: no space for [mem size 0x00200000]
[    0.504818] pci 0000:06:06.0: BAR 14: failed to assign [mem size 0x00200000]
[    0.504819] pci 0000:06:06.0: BAR 15: no space for [mem size 0x00200000 64bit pref]
[    0.504820] pci 0000:06:06.0: BAR 15: failed to assign [mem size 0x00200000 64bit pref]
[    0.504821] pci 0000:06:06.0: BAR 13: no space for [io  size 0x1000]
[    0.504822] pci 0000:06:06.0: BAR 13: failed to assign [io  size 0x1000]
[    0.504824] pci 0000:06:04.0: BAR 14: no space for [mem size 0x00200000]
[    0.504824] pci 0000:06:04.0: BAR 14: failed to assign [mem size 0x00200000]
[    0.504826] pci 0000:06:04.0: BAR 15: no space for [mem size 0x00200000 64bit pref]
[    0.504827] pci 0000:06:04.0: BAR 15: failed to assign [mem size 0x00200000 64bit pref]
[    0.504828] pci 0000:06:04.0: BAR 13: no space for [io  size 0x1000]
[    0.504829] pci 0000:06:04.0: BAR 13: failed to assign [io  size 0x1000]
[    0.504831] pci 0000:06:00.0: BAR 15: no space for [mem size 0x00200000 64bit pref]
[    0.504832] pci 0000:06:00.0: BAR 15: failed to assign [mem size 0x00200000 64bit pref]
[    0.504833] pci 0000:06:00.0: BAR 13: no space for [io  size 0x1000]
[    0.504834] pci 0000:06:00.0: BAR 13: failed to assign [io  size 0x1000]
[    0.504835] pci 0000:06:00.0: PCI bridge to [bus 07]
[    0.504838] pci 0000:06:00.0:   bridge window [mem 0xa0d00000-0xa0dfffff]
[    0.504844] pci 0000:06:03.0: PCI bridge to [bus 08-38]
[    0.504846] pci 0000:06:03.0:   bridge window [io  0x4000-0x4fff]
[    0.504849] pci 0000:06:03.0:   bridge window [mem 0xa0e00000-0xa4dfffff]
[    0.504852] pci 0000:06:03.0:   bridge window [mem 0xace00000-0xb0dfffff 64bit pref]
[    0.504856] pci 0000:06:04.0: PCI bridge to [bus 39]
[    0.504864] pci 0000:06:05.0: PCI bridge to [bus 3a-6a]
[    0.504865] pci 0000:06:05.0:   bridge window [io  0x5000-0x5fff]
[    0.504869] pci 0000:06:05.0:   bridge window [mem 0xa4e00000-0xa8dfffff]
[    0.504871] pci 0000:06:05.0:   bridge window [mem 0xb0e00000-0xb4dfffff 64bit pref]
[    0.504875] pci 0000:06:06.0: PCI bridge to [bus 6b]
[    0.504883] pci 0000:05:00.0: PCI bridge to [bus 06-6b]
[    0.504885] pci 0000:05:00.0:   bridge window [io  0x4000-0x5fff]
[    0.504888] pci 0000:05:00.0:   bridge window [mem 0xa0d00000-0xa8dfffff]
[    0.504890] pci 0000:05:00.0:   bridge window [mem 0xace00000-0xb4dfffff 64bit pref]
[    0.504894] pci 0000:00:01.1: PCI bridge to [bus 05-9b]
[    0.504895] pci 0000:00:01.1:   bridge window [io  0x4000-0x6fff]
[    0.504897] pci 0000:00:01.1:   bridge window [mem 0xa0d00000-0xacdfffff]
[    0.504899] pci 0000:00:01.1:   bridge window [mem 0xace00000-0xb8dfffff 64bit pref]
[    0.504901] pci 0000:00:1c.0: PCI bridge to [bus 02]
[    0.504908] pci 0000:00:1c.0:   bridge window [io  0x2000-0x2fff]
[    0.504912] pci 0000:00:1c.0:   bridge window [mem 0x7fc00000-0x7fdfffff]
[    0.504916] pci 0000:00:1c.0:   bridge window [mem 0x7fe00000-0x7fffffff 64bit pref]
[    0.504921] pci 0000:00:1c.2: PCI bridge to [bus 03]
[    0.504924] pci 0000:00:1c.2:   bridge window [mem 0xa0400000-0xa08fffff]
[    0.504931] pci 0000:00:1c.3: PCI bridge to [bus 04]
[    0.504935] pci 0000:00:1c.3:   bridge window [mem 0xa0900000-0xa0afffff]
[    0.504938] pci 0000:00:1c.3:   bridge window [mem 0x80000000-0x8fffffff 64bit pref]
[    0.504944] pci_bus 0000:00: resource 4 [io  0x0000-0x0cf7 window]
[    0.504945] pci_bus 0000:00: resource 5 [io  0x0d00-0xffff window]
[    0.504946] pci_bus 0000:00: resource 6 [mem 0x000a0000-0x000bffff window]
[    0.504947] pci_bus 0000:00: resource 7 [mem 0x000c0000-0x000c3fff window]
[    0.504948] pci_bus 0000:00: resource 8 [mem 0x000c4000-0x000c7fff window]
[    0.504949] pci_bus 0000:00: resource 9 [mem 0x000c8000-0x000cbfff window]
[    0.504950] pci_bus 0000:00: resource 10 [mem 0x000cc000-0x000cffff window]
[    0.504951] pci_bus 0000:00: resource 11 [mem 0x000d0000-0x000d3fff window]
[    0.504952] pci_bus 0000:00: resource 12 [mem 0x000d4000-0x000d7fff window]
[    0.504953] pci_bus 0000:00: resource 13 [mem 0x000d8000-0x000dbfff window]
[    0.504954] pci_bus 0000:00: resource 14 [mem 0x000dc000-0x000dffff window]
[    0.504955] pci_bus 0000:00: resource 15 [mem 0x000e0000-0x000e3fff window]
[    0.504956] pci_bus 0000:00: resource 16 [mem 0x000e4000-0x000e7fff window]
[    0.504957] pci_bus 0000:00: resource 17 [mem 0x000e8000-0x000ebfff window]
[    0.504958] pci_bus 0000:00: resource 18 [mem 0x000ec000-0x000effff window]
[    0.504959] pci_bus 0000:00: resource 19 [mem 0x000f0000-0x000fffff window]
[    0.504960] pci_bus 0000:00: resource 20 [mem 0x7fa00000-0xfeafffff window]
[    0.504960] pci_bus 0000:00: resource 21 [mem 0xfed40000-0xfed44fff window]
[    0.504962] pci_bus 0000:01: resource 1 [mem 0xa0b00000-0xa0bfffff]
[    0.504963] pci_bus 0000:05: resource 0 [io  0x4000-0x6fff]
[    0.504964] pci_bus 0000:05: resource 1 [mem 0xa0d00000-0xacdfffff]
[    0.504965] pci_bus 0000:05: resource 2 [mem 0xace00000-0xb8dfffff 64bit pref]
[    0.504966] pci_bus 0000:06: resource 0 [io  0x4000-0x5fff]
[    0.504967] pci_bus 0000:06: resource 1 [mem 0xa0d00000-0xa8dfffff]
[    0.504968] pci_bus 0000:06: resource 2 [mem 0xace00000-0xb4dfffff 64bit pref]
[    0.504969] pci_bus 0000:07: resource 1 [mem 0xa0d00000-0xa0dfffff]
[    0.504970] pci_bus 0000:08: resource 0 [io  0x4000-0x4fff]
[    0.504971] pci_bus 0000:08: resource 1 [mem 0xa0e00000-0xa4dfffff]
[    0.504972] pci_bus 0000:08: resource 2 [mem 0xace00000-0xb0dfffff 64bit pref]
[    0.504973] pci_bus 0000:3a: resource 0 [io  0x5000-0x5fff]
[    0.504974] pci_bus 0000:3a: resource 1 [mem 0xa4e00000-0xa8dfffff]
[    0.504975] pci_bus 0000:3a: resource 2 [mem 0xb0e00000-0xb4dfffff 64bit pref]
[    0.504976] pci_bus 0000:02: resource 0 [io  0x2000-0x2fff]
[    0.504977] pci_bus 0000:02: resource 1 [mem 0x7fc00000-0x7fdfffff]
[    0.504978] pci_bus 0000:02: resource 2 [mem 0x7fe00000-0x7fffffff 64bit pref]
[    0.504979] pci_bus 0000:03: resource 1 [mem 0xa0400000-0xa08fffff]
[    0.504980] pci_bus 0000:04: resource 1 [mem 0xa0900000-0xa0afffff]
[    0.504981] pci_bus 0000:04: resource 2 [mem 0x80000000-0x8fffffff 64bit pref]
[    0.505081] NET: Registered protocol family 2
[    0.505218] tcp_listen_portaddr_hash hash table entries: 8192 (order: 5, 131072 bytes)
[    0.505261] TCP established hash table entries: 131072 (order: 8, 1048576 bytes)
[    0.505415] TCP bind hash table entries: 65536 (order: 8, 1048576 bytes)
[    0.505543] TCP: Hash tables configured (established 131072 bind 65536)
[    0.505583] UDP hash table entries: 8192 (order: 6, 262144 bytes)
[    0.505623] UDP-Lite hash table entries: 8192 (order: 6, 262144 bytes)
[    0.505731] NET: Registered protocol family 1
[    0.505735] NET: Registered protocol family 44
[    0.505746] pci 0000:00:02.0: Video device with shadowed ROM at [mem 0x000c0000-0x000dffff]
[    0.506021] PCI: CLS 256 bytes, default 64
[    0.506053] Unpacking initramfs...
[    0.792624] Freeing initrd memory: 26336K
[    0.798369] PCI-DMA: Using software bounce buffering for IO (SWIOTLB)
[    0.798371] software IO TLB: mapped [mem 0x5f070000-0x63070000] (64MB)
[    0.800675] Initialise system trusted keyrings
[    0.800685] Key type blacklist registered
[    0.800720] workingset: timestamp_bits=36 max_order=22 bucket_order=0
[    0.801899] zbud: loaded
[    0.935027] alg: No test for 842 (842-generic)
[    0.935643] alg: No test for 842 (842-scomp)
[    0.955153] NET: Registered protocol family 38
[    0.955155] Key type asymmetric registered
[    0.955156] Asymmetric key parser 'x509' registered
[    0.955164] Block layer SCSI generic (bsg) driver version 0.4 loaded (major 243)
[    0.955190] io scheduler noop registered
[    0.955190] io scheduler deadline registered
[    0.955215] io scheduler cfq registered (default)
[    0.955216] io scheduler mq-deadline registered
[    0.955275] atomic64_test: passed for x86-64 platform with CX8 and with SSE
[    0.955666] pciehp 0000:00:1c.0:pcie004: Slot #0 AttnBtn- PwrCtrl- MRL- AttnInd- PwrInd- HotPlug+ Surprise+ Interlock- NoCompl+ LLActRep+
[    0.956137] pciehp 0000:06:00.0:pcie204: Slot #0 AttnBtn- PwrCtrl- MRL- AttnInd- PwrInd- HotPlug+ Surprise+ Interlock- NoCompl+ LLActRep+
[    0.956289] pciehp 0000:06:03.0:pcie204: Slot #3 AttnBtn- PwrCtrl- MRL- AttnInd- PwrInd- HotPlug+ Surprise+ Interlock- NoCompl+ LLActRep+
[    0.956443] pciehp 0000:06:04.0:pcie204: Slot #4 AttnBtn- PwrCtrl- MRL- AttnInd- PwrInd- HotPlug+ Surprise+ Interlock- NoCompl+ LLActRep+
[    0.956594] pciehp 0000:06:05.0:pcie204: Slot #5 AttnBtn- PwrCtrl- MRL- AttnInd- PwrInd- HotPlug+ Surprise+ Interlock- NoCompl+ LLActRep+
[    0.956742] pciehp 0000:06:06.0:pcie204: Slot #6 AttnBtn- PwrCtrl- MRL- AttnInd- PwrInd- HotPlug+ Surprise+ Interlock- NoCompl+ LLActRep+
[    0.956819] shpchp: Standard Hot Plug PCI Controller Driver version: 0.4
[    0.956836] efifb: probing for efifb
[    0.956849] efifb: No BGRT, not showing boot graphics
[    0.956850] efifb: framebuffer at 0x90000000, using 20700k, total 20700k
[    0.956850] efifb: mode is 2880x1800x32, linelength=11776, pages=1
[    0.956851] efifb: scrolling: redraw
[    0.956852] efifb: Truecolor: size=8:8:8:8, shift=24:16:8:0
[    0.956883] fbcon: Deferring console take-over
[    0.956884] fb0: EFI VGA frame buffer device
[    0.956889] intel_idle: MWAIT substates: 0x42120
[    0.956890] intel_idle: v0.4.1 model 0x46
[    0.957107] intel_idle: lapic_timer_reliable_states 0xffffffff
[    0.957216] ACPI: AC Adapter [ADP1] (on-line)
[    0.957261] input: Lid Switch as /devices/LNXSYSTM:00/LNXSYBUS:00/PNP0C0D:00/input/input0
[    0.957287] ACPI: Lid Switch [LID0]
[    0.957318] input: Power Button as /devices/LNXSYSTM:00/LNXSYBUS:00/PNP0C0C:00/input/input1
[    0.957323] ACPI: Power Button [PWRB]
[    0.957358] input: Sleep Button as /devices/LNXSYSTM:00/LNXSYBUS:00/PNP0C0E:00/input/input2
[    0.957363] ACPI: Sleep Button [SLPB]
[    0.957390] input: Power Button as /devices/LNXSYSTM:00/LNXPWRBN:00/input/input3
[    0.957501] ACPI: Power Button [PWRF]
[    0.958419] Serial: 8250/16550 driver, 32 ports, IRQ sharing enabled
[    0.959807] Non-volatile memory driver v1.3
[    0.959826] Linux agpgart interface v0.103
[    0.960427] ahci 0000:01:00.0: version 3.0
[    0.982405] ahci 0000:01:00.0: AHCI 0001.0300 32 slots 1 ports 6 Gbps 0x1 impl SATA mode
[    0.982409] ahci 0000:01:00.0: flags: 64bit ncq led clo only pio ccc 
[    0.982838] scsi host0: ahci
[    0.982906] ata1: SATA max UDMA/133 abar m8192@0xa0b00000 port 0xa0b00100 irq 33
[    0.982990] libphy: Fixed MDIO Bus: probed
[    0.983093] ehci_hcd: USB 2.0 'Enhanced' Host Controller (EHCI) Driver
[    0.983107] ehci-pci: EHCI PCI platform driver
[    0.983135] ohci_hcd: USB 1.1 'Open' Host Controller (OHCI) Driver
[    0.983137] ohci-pci: OHCI PCI platform driver
[    0.983144] uhci_hcd: USB Universal Host Controller Interface driver
[    0.983327] xhci_hcd 0000:00:14.0: xHCI Host Controller
[    0.983449] xhci_hcd 0000:00:14.0: new USB bus registered, assigned bus number 1
[    0.984531] xhci_hcd 0000:00:14.0: hcc params 0x200077c1 hci version 0x100 quirks 0x0000000000009810
[    0.984536] xhci_hcd 0000:00:14.0: cache line size of 256 is not supported
[    0.984720] usb usb1: New USB device found, idVendor=1d6b, idProduct=0002, bcdDevice= 4.20
[    0.984721] usb usb1: New USB device strings: Mfr=3, Product=2, SerialNumber=1
[    0.984723] usb usb1: Product: xHCI Host Controller
[    0.984724] usb usb1: Manufacturer: Linux 4.20.7-200.ivan3.fc29.x86_64 xhci-hcd
[    0.984725] usb usb1: SerialNumber: 0000:00:14.0
[    0.984892] hub 1-0:1.0: USB hub found
[    0.984913] hub 1-0:1.0: 14 ports detected
[    0.985256] xhci_hcd 0000:00:14.0: xHCI Host Controller
[    0.985290] xhci_hcd 0000:00:14.0: new USB bus registered, assigned bus number 2
[    0.985292] xhci_hcd 0000:00:14.0: Host supports USB 3.0  SuperSpeed
[    0.985335] usb usb2: New USB device found, idVendor=1d6b, idProduct=0003, bcdDevice= 4.20
[    0.985337] usb usb2: New USB device strings: Mfr=3, Product=2, SerialNumber=1
[    0.985339] usb usb2: Product: xHCI Host Controller
[    0.985340] usb usb2: Manufacturer: Linux 4.20.7-200.ivan3.fc29.x86_64 xhci-hcd
[    0.985341] usb usb2: SerialNumber: 0000:00:14.0
[    0.985424] hub 2-0:1.0: USB hub found
[    0.985440] hub 2-0:1.0: 6 ports detected
[    0.985475] usb: port power management may be unreliable
[    0.985612] usbcore: registered new interface driver usbserial_generic
[    0.985616] usbserial: USB Serial support registered for generic
[    0.985663] mousedev: PS/2 mouse device common for all mice
[    0.985808] rtc_cmos 00:02: RTC can wake from S4
[    0.985938] rtc_cmos 00:02: registered as rtc0
[    0.985940] rtc_cmos 00:02: alarms up to one month, y3k, 242 bytes nvram, hpet irqs
[    0.985981] device-mapper: uevent: version 1.0.3
[    0.986018] device-mapper: ioctl: 4.39.0-ioctl (2018-04-03) initialised: dm-devel@redhat.com
[    0.986089] intel_pstate: Intel P-state driver initializing
[    0.986574] hidraw: raw HID events driver (C) Jiri Kosina
[    0.986653] usbcore: registered new interface driver usbhid
[    0.986654] usbhid: USB HID core driver
[    0.986920] drop_monitor: Initializing network drop monitor service
[    0.987176] Initializing XFRM netlink socket
[    0.987479] NET: Registered protocol family 10
[    0.996432] Segment Routing with IPv6
[    0.996481] mip6: Mobile IPv6
[    0.996485] NET: Registered protocol family 17
[    0.997740] RAS: Correctable Errors collector initialized.
[    0.997773] microcode: sig=0x40661, pf=0x20, revision=0x1a
[    0.997929] microcode: Microcode Update Driver: v2.2.
[    0.997937] AVX2 version of gcm_enc/dec engaged.
[    0.997938] AES CTR mode by8 optimization enabled
[    1.030373] sched_clock: Marking stable (1030110136, 256181)->(1114421413, -84055096)
[    1.030691] registered taskstats version 1
[    1.030704] Loading compiled-in X.509 certificates
[    1.064518] Loaded X.509 cert 'Fedora kernel signing key: c7e47c0ffc68b60151b97a434d5f332f9208953d'
[    1.080942] zswap: loaded using pool lzo/zbud
[    1.085739] Key type big_key registered
[    1.088725] Key type encrypted registered
[    1.088731] ima: No TPM chip found, activating TPM-bypass!
[    1.088737] ima: Allocated hash algorithm: sha1
[    1.089313]   Magic number: 7:91:3
[    1.089470] rtc_cmos 00:02: setting system clock to 2019-02-14 01:02:44 UTC (1550106164)
[    1.303386] usb 1-8: new full-speed USB device number 2 using xhci_hcd
[    1.318078] ata1: SATA link up 6.0 Gbps (SStatus 133 SControl 300)
[    1.320293] ata1.00: unexpected _GTF length (8)
[    1.320521] ata1.00: ATA-8: APPLE SSD SM0256G, BXW1SA0Q, max UDMA/133
[    1.320526] ata1.00: 490234752 sectors, multi 16: LBA48 NCQ (depth 32), AA
[    1.321219] ata1.00: unexpected _GTF length (8)
[    1.321469] ata1.00: configured for UDMA/133
[    1.321927] scsi 0:0:0:0: Direct-Access     ATA      APPLE SSD SM0256 SA0Q PQ: 0 ANSI: 5
[    1.322331] sd 0:0:0:0: Attached scsi generic sg0 type 0
[    1.322410] sd 0:0:0:0: [sda] 490234752 512-byte logical blocks: (251 GB/234 GiB)
[    1.322416] sd 0:0:0:0: [sda] 4096-byte physical blocks
[    1.322434] sd 0:0:0:0: [sda] Write Protect is off
[    1.322439] sd 0:0:0:0: [sda] Mode Sense: 00 3a 00 00
[    1.322466] sd 0:0:0:0: [sda] Write cache: enabled, read cache: enabled, doesn't support DPO or FUA
[    1.324261]  sda: sda1 sda2 sda3 sda4
[    1.325034] sd 0:0:0:0: [sda] Attached SCSI disk
[    1.326144] Freeing unused decrypted memory: 2040K
[    1.326457] Freeing unused kernel image memory: 2188K
[    1.332413] Write protecting the kernel read-only data: 18432k
[    1.332932] Freeing unused kernel image memory: 2020K
[    1.333009] Freeing unused kernel image memory: 12K
[    1.340239] x86/mm: Checked W+X mappings: passed, no W+X pages found.
[    1.340242] rodata_test: all tests were successful
[    1.340243] x86/mm: Checking user space page tables
[    1.346848] x86/mm: Checked W+X mappings: passed, no W+X pages found.
[    1.346849] Run /init as init process
[    1.431037] usb 1-8: New USB device found, idVendor=05ac, idProduct=8290, bcdDevice= 1.61
[    1.431040] usb 1-8: New USB device strings: Mfr=1, Product=2, SerialNumber=0
[    1.431043] usb 1-8: Product: Bluetooth USB Host Controller
[    1.431046] usb 1-8: Manufacturer: Broadcom Corp.
[    1.433971] input: Broadcom Corp. Bluetooth USB Host Controller as /devices/pci0000:00/0000:00:14.0/usb1/1-8/1-8:1.0/0003:05AC:8290.0001/input/input4
[    1.485583] hid-generic 0003:05AC:8290.0001: input,hidraw0: USB HID v1.11 Keyboard [Broadcom Corp. Bluetooth USB Host Controller] on usb-0000:00:14.0-8/input0
[    1.486194] input: Broadcom Corp. Bluetooth USB Host Controller as /devices/pci0000:00/0000:00:14.0/usb1/1-8/1-8:1.1/0003:05AC:8290.0002/input/input5
[    1.486448] hid-generic 0003:05AC:8290.0002: input,hidraw1: USB HID v1.11 Mouse [Broadcom Corp. Bluetooth USB Host Controller] on usb-0000:00:14.0-8/input1
[    1.515964] systemd[1]: systemd 239 running in system mode. (+PAM +AUDIT +SELINUX +IMA -APPARMOR +SMACK +SYSVINIT +UTMP +LIBCRYPTSETUP +GCRYPT +GNUTLS +ACL +XZ +LZ4 +SECCOMP +BLKID +ELFUTILS +KMOD +IDN2 -IDN +PCRE2 default-hierarchy=hybrid)
[    1.527496] systemd[1]: Detected architecture x86-64.
[    1.527499] systemd[1]: Running in initial RAM disk.
[    1.530743] systemd[1]: Set hostname to <im-mac>.
[    1.543530] usb 2-4: new SuperSpeed Gen 1 USB device number 2 using xhci_hcd
[    1.557644] usb 2-4: New USB device found, idVendor=05ac, idProduct=8406, bcdDevice= 8.20
[    1.557646] usb 2-4: New USB device strings: Mfr=3, Product=4, SerialNumber=5
[    1.557648] usb 2-4: Product: Card Reader
[    1.557649] usb 2-4: Manufacturer: Apple
[    1.557650] usb 2-4: SerialNumber: 000000000820
[    1.576641] systemd[1]: Listening on Journal Audit Socket.
[    1.576676] systemd[1]: Reached target Timers.
[    1.577622] systemd[1]: Created slice system-systemd\x2dhibernate\x2dresume.slice.
[    1.577688] systemd[1]: Listening on udev Control Socket.
[    1.577696] systemd[1]: Reached target Swap.
[    1.577749] systemd[1]: Listening on Journal Socket (/dev/log).
[    1.625236] audit: type=1130 audit(1550106165.034:2): pid=1 uid=0 auid=4294967295 ses=4294967295 subj=kernel msg='unit=systemd-journald comm="systemd" exe="/usr/lib/systemd/systemd" hostname=? addr=? terminal=? res=success'
[    1.628596] audit: type=1130 audit(1550106165.038:3): pid=1 uid=0 auid=4294967295 ses=4294967295 subj=kernel msg='unit=systemd-vconsole-setup comm="systemd" exe="/usr/lib/systemd/systemd" hostname=? addr=? terminal=? res=success'
[    1.628605] audit: type=1131 audit(1550106165.038:4): pid=1 uid=0 auid=4294967295 ses=4294967295 subj=kernel msg='unit=systemd-vconsole-setup comm="systemd" exe="/usr/lib/systemd/systemd" hostname=? addr=? terminal=? res=success'
[    1.670361] usb 1-12: new full-speed USB device number 3 using xhci_hcd
[    1.800213] usb 1-12: New USB device found, idVendor=05ac, idProduct=0274, bcdDevice= 6.24
[    1.800216] usb 1-12: New USB device strings: Mfr=1, Product=2, SerialNumber=3
[    1.800218] usb 1-12: Product: Apple Internal Keyboard / Trackpad
[    1.800220] usb 1-12: Manufacturer: Apple Inc.
[    1.800222] usb 1-12: SerialNumber: D3H61830CG1FTV4A16PF
[    1.806435] audit: type=1130 audit(1550106165.216:5): pid=1 uid=0 auid=4294967295 ses=4294967295 subj=kernel msg='unit=dracut-cmdline comm="systemd" exe="/usr/lib/systemd/systemd" hostname=? addr=? terminal=? res=success'
[    1.839979] audit: type=1130 audit(1550106165.249:6): pid=1 uid=0 auid=4294967295 ses=4294967295 subj=kernel msg='unit=dracut-pre-udev comm="systemd" exe="/usr/lib/systemd/systemd" hostname=? addr=? terminal=? res=success'
[    1.861372] tsc: Refined TSC clocksource calibration: 2194.905 MHz
[    1.861381] clocksource: tsc: mask: 0xffffffffffffffff max_cycles: 0x1fa36608846, max_idle_ns: 440795317706 ns
[    1.861409] clocksource: Switched to clocksource tsc
[    1.864200] audit: type=1130 audit(1550106165.272:7): pid=1 uid=0 auid=4294967295 ses=4294967295 subj=kernel msg='unit=systemd-udevd comm="systemd" exe="/usr/lib/systemd/systemd" hostname=? addr=? terminal=? res=success'
[    1.868158] apple 0003:05AC:0274.0003: hiddev96,hidraw2: USB HID v1.10 Device [Apple Inc. Apple Internal Keyboard / Trackpad] on usb-0000:00:14.0-12/input0
[    1.868443] input: Apple Inc. Apple Internal Keyboard / Trackpad as /devices/pci0000:00/0000:00:14.0/usb1/1-12/1-12:1.1/0003:05AC:0274.0004/input/input6
[    1.920587] apple 0003:05AC:0274.0004: input,hiddev97,hidraw3: USB HID v1.10 Keyboard [Apple Inc. Apple Internal Keyboard / Trackpad] on usb-0000:00:14.0-12/input1
[    1.920707] apple 0003:05AC:0274.0005: hiddev98,hidraw4: USB HID v1.10 Device [Apple Inc. Apple Internal Keyboard / Trackpad] on usb-0000:00:14.0-12/input3
[    1.920788] apple 0003:05AC:0274.0006: hiddev99,hidraw5: USB HID v1.10 Device [Apple Inc. Apple Internal Keyboard / Trackpad] on usb-0000:00:14.0-12/input4
[    1.924141] audit: type=1130 audit(1550106165.332:8): pid=1 uid=0 auid=4294967295 ses=4294967295 subj=kernel msg='unit=systemd-udev-trigger comm="systemd" exe="/usr/lib/systemd/systemd" hostname=? addr=? terminal=? res=success'
[    1.942885] audit: type=1130 audit(1550106165.351:9): pid=1 uid=0 auid=4294967295 ses=4294967295 subj=kernel msg='unit=plymouth-start comm="systemd" exe="/usr/lib/systemd/systemd" hostname=? addr=? terminal=? res=success'
[    1.954314] usb-storage 2-4:1.0: USB Mass Storage device detected
[    1.957531] scsi host1: usb-storage 2-4:1.0
[    1.957613] usbcore: registered new interface driver usb-storage
[    1.960609] usbcore: registered new interface driver uas
[    2.032246] VFIO - User Level meta-driver version: 0.3
[    2.106481] audit: type=1130 audit(1550106165.515:10): pid=1 uid=0 auid=4294967295 ses=4294967295 subj=kernel msg='unit=systemd-ask-password-plymouth comm="systemd" exe="/usr/lib/systemd/systemd" hostname=? addr=? terminal=? res=success'
[    2.151134] [drm] Found 128MB of eDRAM
[    2.151260] checking generic (90000000 1437000) vs hw (90000000 10000000)
[    2.151261] fb0: switching to inteldrmfb from EFI VGA
[    2.151321] [drm] Replacing VGA console driver
[    2.151635] [drm] Supports vblank timestamp caching Rev 2 (21.10.2013).
[    2.151636] [drm] Driver supports precise vblank timestamp query.
[    2.151676] i915 0000:00:02.0: vgaarb: changed VGA decodes: olddecodes=io+mem,decodes=io+mem:owns=io+mem
[    2.502132] [drm] Initialized i915 1.6.0 20180921 for 0000:00:02.0 on minor 0
[    2.502739] ACPI: Video Device [IGPU] (multi-head: yes  rom: no  post: no)
[    2.503157] acpi device:57: registered as cooling_device8
[    2.503207] input: Video Bus as /devices/LNXSYSTM:00/LNXSYBUS:00/PNP0A08:00/LNXVIDEO:00/input/input7
[    2.509482] fbcon: inteldrmfb (fb0) is primary device
[    2.509483] fbcon: Deferring console take-over
[    2.509485] i915 0000:00:02.0: fb0: inteldrmfb frame buffer device
[    3.017231] scsi 1:0:0:0: Direct-Access     APPLE    SD Card Reader   3.00 PQ: 0 ANSI: 6
[    3.017698] sd 1:0:0:0: Attached scsi generic sg1 type 0
[    3.018724] sd 1:0:0:0: [sdb] Attached SCSI removable disk
[   10.199611] kauditd_printk_skb: 2 callbacks suppressed
[   10.199613] audit: type=1130 audit(1550106173.608:13): pid=1 uid=0 auid=4294967295 ses=4294967295 subj=kernel msg='unit=systemd-cryptsetup@luks\x2ddd1fa933\x2def9f\x2d402b\x2da2e4\x2d7c9d6fb7ce0d comm="systemd" exe="/usr/lib/systemd/systemd" hostname=? addr=? terminal=? res=success'
[   10.715150] PM: Image not found (code -22)
[   10.716399] audit: type=1130 audit(1550106174.125:14): pid=1 uid=0 auid=4294967295 ses=4294967295 subj=kernel msg='unit=systemd-hibernate-resume@dev-mapper-im\x2d\x2dmac\x2dswap comm="systemd" exe="/usr/lib/systemd/systemd" hostname=? addr=? terminal=? res=success'
[   10.716403] audit: type=1131 audit(1550106174.125:15): pid=1 uid=0 auid=4294967295 ses=4294967295 subj=kernel msg='unit=systemd-hibernate-resume@dev-mapper-im\x2d\x2dmac\x2dswap comm="systemd" exe="/usr/lib/systemd/systemd" hostname=? addr=? terminal=? res=success'
[   10.726091] audit: type=1130 audit(1550106174.134:16): pid=1 uid=0 auid=4294967295 ses=4294967295 subj=kernel msg='unit=systemd-tmpfiles-setup comm="systemd" exe="/usr/lib/systemd/systemd" hostname=? addr=? terminal=? res=success'
[   10.732707] audit: type=1130 audit(1550106174.141:17): pid=1 uid=0 auid=4294967295 ses=4294967295 subj=kernel msg='unit=dracut-initqueue comm="systemd" exe="/usr/lib/systemd/systemd" hostname=? addr=? terminal=? res=success'
[   10.748479] audit: type=1130 audit(1550106174.157:18): pid=1 uid=0 auid=4294967295 ses=4294967295 subj=kernel msg='unit=systemd-fsck-root comm="systemd" exe="/usr/lib/systemd/systemd" hostname=? addr=? terminal=? res=success'
[   10.839678] SGI XFS with ACLs, security attributes, scrub, no debug enabled
[   10.842773] XFS (dm-1): Mounting V5 Filesystem
[   10.853886] XFS (dm-1): Ending clean mount
[   10.971400] audit: type=1130 audit(1550106174.380:19): pid=1 uid=0 auid=4294967295 ses=4294967295 subj=kernel msg='unit=initrd-parse-etc comm="systemd" exe="/usr/lib/systemd/systemd" hostname=? addr=? terminal=? res=success'
[   10.971407] audit: type=1131 audit(1550106174.380:20): pid=1 uid=0 auid=4294967295 ses=4294967295 subj=kernel msg='unit=initrd-parse-etc comm="systemd" exe="/usr/lib/systemd/systemd" hostname=? addr=? terminal=? res=success'
[   11.112471] audit: type=1130 audit(1550106174.521:21): pid=1 uid=0 auid=4294967295 ses=4294967295 subj=kernel msg='unit=dracut-pre-pivot comm="systemd" exe="/usr/lib/systemd/systemd" hostname=? addr=? terminal=? res=success'
[   11.124080] audit: type=1131 audit(1550106174.532:22): pid=1 uid=0 auid=4294967295 ses=4294967295 subj=kernel msg='unit=dracut-pre-pivot comm="systemd" exe="/usr/lib/systemd/systemd" hostname=? addr=? terminal=? res=success'
[   11.210128] systemd-journald[309]: Received SIGTERM from PID 1 (systemd).
[   11.229591] printk: systemd: 14 output lines suppressed due to ratelimiting
[   11.685093] SELinux:  Class xdp_socket not defined in policy.
[   11.685094] SELinux: the above unknown classes and permissions will be allowed
[   11.685098] SELinux:  policy capability network_peer_controls=1
[   11.685098] SELinux:  policy capability open_perms=1
[   11.685099] SELinux:  policy capability extended_socket_class=1
[   11.685099] SELinux:  policy capability always_check_network=0
[   11.685100] SELinux:  policy capability cgroup_seclabel=1
[   11.685100] SELinux:  policy capability nnp_nosuid_transition=1
[   11.705194] systemd[1]: Successfully loaded SELinux policy in 399.360ms.
[   11.744447] systemd[1]: Relabelled /dev, /run and /sys/fs/cgroup in 25.144ms.
[   11.746704] systemd[1]: systemd 239 running in system mode. (+PAM +AUDIT +SELINUX +IMA -APPARMOR +SMACK +SYSVINIT +UTMP +LIBCRYPTSETUP +GCRYPT +GNUTLS +ACL +XZ +LZ4 +SECCOMP +BLKID +ELFUTILS +KMOD +IDN2 -IDN +PCRE2 default-hierarchy=hybrid)
[   11.758523] systemd[1]: Detected architecture x86-64.
[   11.760109] systemd[1]: Set hostname to <im-mac>.
[   11.787746] systemd-sysv-generator[887]: stat() failed on /etc/rc.d/init.d/jexec, ignoring: No such file or directory
[   11.951156] systemd[1]: Stopped Switch Root.
[   11.951396] systemd[1]: systemd-journald.service: Service has no hold-off time (RestartSec=0), scheduling restart.
[   11.951453] systemd[1]: systemd-journald.service: Scheduled restart job, restart counter is at 1.
[   11.951472] systemd[1]: Stopped Journal Service.
[   11.952395] systemd[1]: Starting Journal Service...
[   11.952867] systemd[1]: Stopped File System Check on Root Device.
[   11.953724] systemd[1]: Mounting Huge Pages File System...
[   11.967627] Adding 4194300k swap on /dev/mapper/im--mac-swap.  Priority:-2 extents:1 across:4194300k SSFS
[   12.000759] systemd-journald[893]: Received request to flush runtime journal from PID 1
[   12.191268] apple_gmux: gmux device not present
[   12.195484] smbus_hc ACPI0001:00: SBS HC: offset = 0x20, query_bit = 0x10
[   12.252819] ACPI Warning: SystemIO range 0x0000000000000840-0x000000000000084F conflicts with OpRegion 0x0000000000000800-0x0000000000000863 (\GPIO) (20181003/utaddress-213)
[   12.252826] ACPI: If an ACPI driver is available for this device, you should use it instead of the native driver
[   12.252827] ACPI Warning: SystemIO range 0x0000000000000830-0x000000000000083F conflicts with OpRegion 0x0000000000000800-0x0000000000000863 (\GPIO) (20181003/utaddress-213)
[   12.252834] ACPI: If an ACPI driver is available for this device, you should use it instead of the native driver
[   12.253733] ACPI Warning: SystemIO range 0x0000000000000800-0x000000000000082F conflicts with OpRegion 0x0000000000000810-0x0000000000000813 (\_PR.IO_D) (20181003/utaddress-213)
[   12.253738] ACPI Warning: SystemIO range 0x0000000000000800-0x000000000000082F conflicts with OpRegion 0x0000000000000800-0x0000000000000863 (\GPIO) (20181003/utaddress-213)
[   12.253742] ACPI Warning: SystemIO range 0x0000000000000800-0x000000000000082F conflicts with OpRegion 0x0000000000000810-0x0000000000000813 (\IO_D) (20181003/utaddress-213)
[   12.253745] ACPI Warning: SystemIO range 0x0000000000000800-0x000000000000082F conflicts with OpRegion 0x0000000000000800-0x000000000000080F (\IO_T) (20181003/utaddress-213)
[   12.253752] ACPI: If an ACPI driver is available for this device, you should use it instead of the native driver
[   12.253753] lpc_ich: Resource conflict(s) found affecting gpio_ich
[   12.257269] i801_smbus 0000:00:1f.3: SPD Write Disable is set
[   12.257295] i801_smbus 0000:00:1f.3: SMBus using PCI interrupt
[   12.279456] thunderbolt 0000:07:00.0: 0:1: is unplugged (state: 7)
[   12.279578] thunderbolt 0000:07:00.0: 0:3: is unplugged (state: 7)
[   12.301846] input: bcm5974 as /devices/pci0000:00/0000:00:14.0/usb1/1-12/1-12:1.2/input/input8
[   12.302046] usbcore: registered new interface driver bcm5974
[   12.311866] snd_hda_intel 0000:00:03.0: bound 0000:00:02.0 (ops i915_audio_component_bind_ops [i915])
[   12.325921] RAPL PMU: API unit is 2^-32 Joules, 4 fixed counters, 655360 ms ovfl timer
[   12.325923] RAPL PMU: hw unit of domain pp0-core 2^-14 Joules
[   12.325923] RAPL PMU: hw unit of domain package 2^-14 Joules
[   12.325924] RAPL PMU: hw unit of domain dram 2^-14 Joules
[   12.325925] RAPL PMU: hw unit of domain pp1-gpu 2^-14 Joules
[   12.337616] cfg80211: Loading compiled-in X.509 certificates for regulatory database
[   12.338552] cfg80211: Loaded X.509 cert 'sforshee: 00b28ddf47aef9cea7'
[   12.341512] input: HDA Intel HDMI HDMI/DP,pcm=3 as /devices/pci0000:00/0000:00:03.0/sound/card0/input9
[   12.341582] input: HDA Intel HDMI HDMI/DP,pcm=7 as /devices/pci0000:00/0000:00:03.0/sound/card0/input10
[   12.341652] input: HDA Intel HDMI HDMI/DP,pcm=8 as /devices/pci0000:00/0000:00:03.0/sound/card0/input11
[   12.341709] input: HDA Intel HDMI HDMI/DP,pcm=9 as /devices/pci0000:00/0000:00:03.0/sound/card0/input12
[   12.341767] input: HDA Intel HDMI HDMI/DP,pcm=10 as /devices/pci0000:00/0000:00:03.0/sound/card0/input13
[   12.346322] ACPI: Smart Battery System [SBS0]: Battery Slot [BAT0] (battery present)
[   12.347965] snd_hda_codec_cirrus hdaudioC1D0: autoconfig for CS4208: line_outs=2 (0x12/0x13/0x0/0x0/0x0) type:speaker
[   12.347968] snd_hda_codec_cirrus hdaudioC1D0:    speaker_outs=0 (0x0/0x0/0x0/0x0/0x0)
[   12.347970] snd_hda_codec_cirrus hdaudioC1D0:    hp_outs=1 (0x10/0x0/0x0/0x0/0x0)
[   12.347971] snd_hda_codec_cirrus hdaudioC1D0:    mono: mono_out=0x0
[   12.347973] snd_hda_codec_cirrus hdaudioC1D0:    dig-out=0x21/0x0
[   12.347974] snd_hda_codec_cirrus hdaudioC1D0:    inputs:
[   12.347976] snd_hda_codec_cirrus hdaudioC1D0:      Internal Mic=0x1c
[   12.347977] snd_hda_codec_cirrus hdaudioC1D0:      Mic=0x18
[   12.356792] input: HDA Intel PCH Mic as /devices/pci0000:00/0000:00:1b.0/sound/card1/input14
[   12.356851] input: HDA Intel PCH Headphone as /devices/pci0000:00/0000:00:1b.0/sound/card1/input15
[   12.356902] input: HDA Intel PCH SPDIF as /devices/pci0000:00/0000:00:1b.0/sound/card1/input16
[   12.372466] usbcore: registered new interface driver brcmfmac
[   12.405365] Bluetooth: Core ver 2.22
[   12.405384] NET: Registered protocol family 31
[   12.405385] Bluetooth: HCI device and connection manager initialized
[   12.405388] Bluetooth: HCI socket layer initialized
[   12.405389] Bluetooth: L2CAP socket layer initialized
[   12.405393] Bluetooth: SCO socket layer initialized
[   12.410644] intel_rapl: Found RAPL domain package
[   12.410646] intel_rapl: Found RAPL domain core
[   12.410647] intel_rapl: Found RAPL domain uncore
[   12.410648] intel_rapl: Found RAPL domain dram
[   12.420970] usbcore: registered new interface driver btusb
[   12.437641] iTCO_vendor_support: vendor-support=0
[   12.456802] iTCO_wdt: Intel TCO WatchDog Timer Driver v1.11
[   12.456842] iTCO_wdt: unable to reset NO_REBOOT flag, device disabled by hardware/BIOS
[   12.471750] applesmc: key=719 fan=2 temp=48 index=43 acc=0 lux=2 kbd=1
[   12.471933] applesmc applesmc.768: hwmon_device_register() is deprecated. Please convert the driver to use hwmon_device_register_with_info().
[   12.478591] brcmfmac: brcmf_fw_alloc_request: using brcm/brcmfmac43602-pcie for chip BCM43602/1
[   12.480870] brcmfmac 0000:03:00.0: Direct firmware load for brcm/brcmfmac43602-pcie.Apple Inc.-MacBookPro11,4.txt failed with error -2
[   12.480877] brcmfmac 0000:03:00.0: Direct firmware load for brcm/brcmfmac43602-pcie.txt failed with error -2
[   12.571184] Bluetooth: hci0: BCM: chip id 102 build 0715
[   12.572167] Bluetooth: hci0: BCM: product 05ac:8290
[   12.573182] Bluetooth: hci0: BCM: features 0x2f
[   12.590187] Bluetooth: hci0: im-mac
[   12.657134] XFS (sda3): Mounting V5 Filesystem
[   12.657185] XFS (dm-4): Mounting V5 Filesystem
[   12.657713] XFS (dm-3): Mounting V5 Filesystem
[   12.670250] XFS (sda3): Ending clean mount
[   12.676353] XFS (dm-3): Ending clean mount
[   12.676820] XFS (dm-4): Ending clean mount
[   12.806529] RPC: Registered named UNIX socket transport module.
[   12.806530] RPC: Registered udp transport module.
[   12.806531] RPC: Registered tcp transport module.
[   12.806531] RPC: Registered tcp NFSv4.1 backchannel transport module.
[   12.944443] Bluetooth: BNEP (Ethernet Emulation) ver 1.3
[   12.944445] Bluetooth: BNEP filters: protocol multicast
[   12.944447] Bluetooth: BNEP socket layer initialized
[   12.993139] brcmfmac: brcmf_fw_alloc_request: using brcm/brcmfmac43602-pcie for chip BCM43602/1
[   12.993210] brcmfmac 0000:03:00.0: Direct firmware load for brcm/brcmfmac43602-pcie.clm_blob failed with error -2
[   12.993212] brcmfmac: brcmf_c_process_clm_blob: no clm_blob available (err=-2), device may have limited channels available
[   12.993824] brcmfmac: brcmf_c_preinit_dcmds: Firmware: BCM43602/1 wl0: Nov 10 2015 06:38:10 version 7.35.177.61 (r598657) FWID 01-ea662a8c
[   13.051268] brcmfmac 0000:03:00.0 wlp3s0: renamed from wlan0
[   13.533105] IPv6: ADDRCONF(NETDEV_UP): wlp3s0: link is not ready
[   13.576896] IPv6: ADDRCONF(NETDEV_UP): wlp3s0: link is not ready
[   14.087713] IPv6: ADDRCONF(NETDEV_UP): wlp3s0: link is not ready
[   14.200572] IPv6: ADDRCONF(NETDEV_UP): wlp3s0: link is not ready
[   14.320295] bridge: filtering via arp/ip/ip6tables is no longer available by default. Update your scripts to load br_netfilter if you need this.
[   14.328218] tun: Universal TUN/TAP device driver, 1.6
[   14.332210] virbr0: port 1(virbr0-nic) entered blocking state
[   14.332212] virbr0: port 1(virbr0-nic) entered disabled state
[   14.332271] device virbr0-nic entered promiscuous mode
[   14.415578] virbr0: port 1(virbr0-nic) entered blocking state
[   14.415581] virbr0: port 1(virbr0-nic) entered listening state
[   14.463896] virbr0: port 1(virbr0-nic) entered disabled state
[   17.297696] IPv6: ADDRCONF(NETDEV_UP): wlp3s0: link is not ready
[   21.526344] Bluetooth: RFCOMM TTY layer initialized
[   21.526352] Bluetooth: RFCOMM socket layer initialized
[   21.526422] Bluetooth: RFCOMM ver 1.11
[   21.690607] fuse init (API version 7.28)
[   22.561068] IPv6: ADDRCONF(NETDEV_CHANGE): wlp3s0: link becomes ready
[   22.850829] rfkill: input handler disabled
[   27.096431] brcmfmac: brcmf_inetaddr_changed: fail to get arp ip table err:-52
[   73.175383] brcmfmac: brcmf_inetaddr_changed: fail to get arp ip table err:-52
[   73.684824] IPv6: ADDRCONF(NETDEV_UP): wlp3s0: link is not ready
[   74.219296] IPv6: ADDRCONF(NETDEV_UP): wlp3s0: link is not ready
[   74.937336] PM: suspend entry (deep)
[   74.937337] PM: Syncing filesystems ... done.
[   74.963910] Freezing user space processes ... (elapsed 0.313 seconds) done.
[   75.276945] OOM killer disabled.
[   75.276946] Freezing remaining freezable tasks ... (elapsed 0.001 seconds) done.
[   75.278441] printk: Suspending console(s) (use no_console_suspend to debug)
[   75.289694] sd 0:0:0:0: [sda] Synchronizing SCSI cache
[   75.291466] sd 0:0:0:0: [sda] Stopping disk
[   75.291752] pcieport 0000:06:06.0: quirk: waiting for Thunderbolt to reestablish PCI tunnels...
[   75.292845] pcieport 0000:06:04.0: quirk: waiting for Thunderbolt to reestablish PCI tunnels...
[   75.292860] pcieport 0000:06:03.0: quirk: waiting for Thunderbolt to reestablish PCI tunnels...
[   75.292866] pcieport 0000:06:05.0: quirk: waiting for Thunderbolt to reestablish PCI tunnels...
[   76.194612] PM: suspend devices took 0.916 seconds
[   76.207346] ACPI: EC: interrupt blocked
[   77.203920] ACPI: Preparing to enter system sleep state S3
[   77.204663] ACPI: EC: event blocked
[   77.204664] ACPI: EC: EC stopped
[   77.204665] PM: Saving platform NVS memory
[   77.204679] Disabling non-boot CPUs ...
[   77.226266] smpboot: CPU 1 is now offline
[   77.241478] smpboot: CPU 2 is now offline
[   77.265102] smpboot: CPU 3 is now offline
[   77.276592] smpboot: CPU 4 is now offline
[   77.291794] smpboot: CPU 5 is now offline
[   77.303322] smpboot: CPU 6 is now offline
[   77.311112] smpboot: CPU 7 is now offline
[   77.331266] ACPI: Low-level resume complete
[   77.331331] ACPI: EC: EC started
[   77.331331] PM: Restoring platform NVS memory
[   77.338788] Enabling non-boot CPUs ...
[   77.338845] x86: Booting SMP configuration:
[   77.338847] smpboot: Booting Node 0 Processor 1 APIC 0x2
[   80.466544] hrtimer: interrupt took 2332787 ns
[   81.930603]  cache: parent cpu1 should not be sleeping
[   85.652211] CPU1 is up
[   85.652299] smpboot: Booting Node 0 Processor 2 APIC 0x4
[   85.957723]  cache: parent cpu2 should not be sleeping
[   88.726173] CPU2 is up
[   88.726230] smpboot: Booting Node 0 Processor 3 APIC 0x6
[   88.926774]  cache: parent cpu3 should not be sleeping
[   89.671110] CPU3 is up
[   89.671173] smpboot: Booting Node 0 Processor 4 APIC 0x1
[   89.676703]  cache: parent cpu4 should not be sleeping
[   89.718831] CPU4 is up
[   89.718855] smpboot: Booting Node 0 Processor 5 APIC 0x3
[   89.908787]  cache: parent cpu5 should not be sleeping
[   90.488095] CPU5 is up
[   90.488131] smpboot: Booting Node 0 Processor 6 APIC 0x5
[   90.635573]  cache: parent cpu6 should not be sleeping
[   91.239030] CPU6 is up
[   91.239066] smpboot: Booting Node 0 Processor 7 APIC 0x7
[   91.384731]  cache: parent cpu7 should not be sleeping
[   92.061072] CPU7 is up
[   92.148249] ACPI: Waking up from system sleep state S3
[   92.150094] ACPI: EC: interrupt unblocked
[   92.173949] pcieport 0000:06:03.0: quirk: waiting for Thunderbolt to reestablish PCI tunnels...
[   92.173951] pcieport 0000:06:04.0: quirk: waiting for Thunderbolt to reestablish PCI tunnels...
[   92.173952] pcieport 0000:06:05.0: quirk: waiting for Thunderbolt to reestablish PCI tunnels...
[   92.173954] pcieport 0000:06:06.0: quirk: waiting for Thunderbolt to reestablish PCI tunnels...
[   92.205966] pcieport 0000:06:04.0: quirk_apple_wait_for_thunderbolt+0x0/0xe0 took 31258 usecs
[   92.205972] pcieport 0000:06:03.0: quirk_apple_wait_for_thunderbolt+0x0/0xe0 took 31262 usecs
[   92.205977] pcieport 0000:06:05.0: quirk_apple_wait_for_thunderbolt+0x0/0xe0 took 31257 usecs
[   92.205981] pcieport 0000:06:06.0: quirk_apple_wait_for_thunderbolt+0x0/0xe0 took 31256 usecs
[   92.275221] thunderbolt 0000:07:00.0: resetting error on 0:b.
[   92.275229] thunderbolt 0000:07:00.0: 0:b: hotplug: scanning
[   92.275230] thunderbolt 0000:07:00.0: 0:b: hotplug: no switch found
[   92.275327] thunderbolt 0000:07:00.0: resetting error on 0:c.
[   92.275331] thunderbolt 0000:07:00.0: 0:c: hotplug: scanning
[   92.275332] thunderbolt 0000:07:00.0: 0:c: hotplug: no switch found
[   93.248307] ACPI: EC: event unblocked
[   93.268748] sd 0:0:0:0: [sda] Starting disk
[   93.554346] usb 2-4: reset SuperSpeed Gen 1 USB device number 2 using xhci_hcd
[   93.574177] PM: resume devices took 0.326 seconds
[   93.574702] OOM killer enabled.
[   93.574704] Restarting tasks ... done.
[   93.605318] ata1: SATA link up 6.0 Gbps (SStatus 133 SControl 300)
[   93.605559] ata1.00: unexpected _GTF length (8)
[   93.605922] ata1.00: unexpected _GTF length (8)
[   93.606005] ata1.00: configured for UDMA/133
[   93.631480] video LNXVIDEO:00: Restoring backlight state
[   93.631707] PM: suspend exit
[   93.637580] IPv6: ADDRCONF(NETDEV_UP): wlp3s0: link is not ready
[   93.674083] IPv6: ADDRCONF(NETDEV_UP): wlp3s0: link is not ready
[   98.990103] IPv6: ADDRCONF(NETDEV_CHANGE): wlp3s0: link becomes ready
[  104.532933] brcmfmac: brcmf_inetaddr_changed: fail to get arp ip table err:-52
[  111.583344] brcmfmac: brcmf_inetaddr_changed: fail to get arp ip table err:-52
[  112.097454] IPv6: ADDRCONF(NETDEV_UP): wlp3s0: link is not ready
[  112.637071] IPv6: ADDRCONF(NETDEV_UP): wlp3s0: link is not ready
[  112.655594] PM: suspend entry (deep)
[  112.655595] PM: Syncing filesystems ... done.
[  112.675288] Freezing user space processes ... (elapsed 0.003 seconds) done.
[  112.678563] OOM killer disabled.
[  112.678564] Freezing remaining freezable tasks ... (elapsed 0.000 seconds) done.
[  112.679604] printk: Suspending console(s) (use no_console_suspend to debug)
[  112.690649] sd 0:0:0:0: [sda] Synchronizing SCSI cache
[  112.690707] sd 0:0:0:0: [sda] Stopping disk
[  112.691714] pcieport 0000:06:03.0: quirk: waiting for Thunderbolt to reestablish PCI tunnels...
[  112.691717] pcieport 0000:06:06.0: quirk: waiting for Thunderbolt to reestablish PCI tunnels...
[  112.691718] pcieport 0000:06:05.0: quirk: waiting for Thunderbolt to reestablish PCI tunnels...
[  112.691720] pcieport 0000:06:04.0: quirk: waiting for Thunderbolt to reestablish PCI tunnels...
[  113.190553] PM: suspend devices took 0.511 seconds
[  113.203099] ACPI: EC: interrupt blocked
[  114.155862] ACPI: Preparing to enter system sleep state S3
[  114.156452] ACPI: EC: event blocked
[  114.156453] ACPI: EC: EC stopped
[  114.156454] PM: Saving platform NVS memory
[  114.156459] Disabling non-boot CPUs ...
[  114.164070] smpboot: CPU 1 is now offline
[  114.175362] smpboot: CPU 2 is now offline
[  114.187914] smpboot: CPU 3 is now offline
[  114.201687] smpboot: CPU 4 is now offline
[  114.214843] smpboot: CPU 5 is now offline
[  114.225921] smpboot: CPU 6 is now offline
[  114.232932] smpboot: CPU 7 is now offline
[  114.255724] ACPI: Low-level resume complete
[  114.255785] ACPI: EC: EC started
[  114.255786] PM: Restoring platform NVS memory
[  114.263243] Enabling non-boot CPUs ...
[  114.263300] x86: Booting SMP configuration:
[  114.263302] smpboot: Booting Node 0 Processor 1 APIC 0x2
[  117.462218]  cache: parent cpu1 should not be sleeping
[  120.989905] CPU1 is up
[  120.989960] smpboot: Booting Node 0 Processor 2 APIC 0x4
[  121.279558]  cache: parent cpu2 should not be sleeping
[  122.420918] CPU2 is up
[  122.420971] smpboot: Booting Node 0 Processor 3 APIC 0x6
[  122.640451]  cache: parent cpu3 should not be sleeping
[  122.835039] perf: interrupt took too long (2926 > 2500), lowering kernel.perf_event_max_sample_rate to 68000
[  123.284892] CPU3 is up
[  123.284952] smpboot: Booting Node 0 Processor 4 APIC 0x1
[  123.290361]  cache: parent cpu4 should not be sleeping
[  123.320781] CPU4 is up
[  123.320805] smpboot: Booting Node 0 Processor 5 APIC 0x3
[  123.525529]  cache: parent cpu5 should not be sleeping
[  124.122673] CPU5 is up
[  124.122708] smpboot: Booting Node 0 Processor 6 APIC 0x5
[  124.279145]  cache: parent cpu6 should not be sleeping
[  124.850798] CPU6 is up
[  124.850831] smpboot: Booting Node 0 Processor 7 APIC 0x7
[  125.003348]  cache: parent cpu7 should not be sleeping
[  125.660850] CPU7 is up
[  125.747901] ACPI: Waking up from system sleep state S3
[  125.749709] ACPI: EC: interrupt unblocked
[  125.773681] pcieport 0000:06:04.0: quirk: waiting for Thunderbolt to reestablish PCI tunnels...
[  125.773687] pcieport 0000:06:03.0: quirk: waiting for Thunderbolt to reestablish PCI tunnels...
[  125.773688] pcieport 0000:06:05.0: quirk: waiting for Thunderbolt to reestablish PCI tunnels...
[  125.773689] pcieport 0000:06:06.0: quirk: waiting for Thunderbolt to reestablish PCI tunnels...
[  125.805700] pcieport 0000:06:04.0: quirk_apple_wait_for_thunderbolt+0x0/0xe0 took 31263 usecs
[  125.805706] pcieport 0000:06:03.0: quirk_apple_wait_for_thunderbolt+0x0/0xe0 took 31258 usecs
[  125.805709] pcieport 0000:06:05.0: quirk_apple_wait_for_thunderbolt+0x0/0xe0 took 31258 usecs
[  125.805714] pcieport 0000:06:06.0: quirk_apple_wait_for_thunderbolt+0x0/0xe0 took 31258 usecs
[  125.874954] thunderbolt 0000:07:00.0: resetting error on 0:b.
[  125.874962] thunderbolt 0000:07:00.0: 0:b: hotplug: scanning
[  125.874964] thunderbolt 0000:07:00.0: 0:b: hotplug: no switch found
[  125.875061] thunderbolt 0000:07:00.0: resetting error on 0:c.
[  125.875065] thunderbolt 0000:07:00.0: 0:c: hotplug: scanning
[  125.875067] thunderbolt 0000:07:00.0: 0:c: hotplug: no switch found
[  126.847063] ACPI: EC: event unblocked
[  126.867598] sd 0:0:0:0: [sda] Starting disk
[  127.153102] usb 2-4: reset SuperSpeed Gen 1 USB device number 2 using xhci_hcd
[  127.173435] PM: resume devices took 0.327 seconds
[  127.173778] OOM killer enabled.
[  127.173780] Restarting tasks ... done.
[  127.201488] ata1: SATA link up 6.0 Gbps (SStatus 133 SControl 300)
[  127.201743] ata1.00: unexpected _GTF length (8)
[  127.202076] ata1.00: unexpected _GTF length (8)
[  127.202135] ata1.00: configured for UDMA/133
[  127.233253] video LNXVIDEO:00: Restoring backlight state
[  127.233471] PM: suspend exit
[  127.238610] IPv6: ADDRCONF(NETDEV_UP): wlp3s0: link is not ready
[  127.281503] IPv6: ADDRCONF(NETDEV_UP): wlp3s0: link is not ready
[  132.633885] IPv6: ADDRCONF(NETDEV_CHANGE): wlp3s0: link becomes ready
[  135.637957] brcmfmac: brcmf_inetaddr_changed: fail to get arp ip table err:-52
[  547.286910] brcmfmac: brcmf_inetaddr_changed: fail to get arp ip table err:-52
[  547.793985] IPv6: ADDRCONF(NETDEV_UP): wlp3s0: link is not ready
[  548.314561] IPv6: ADDRCONF(NETDEV_UP): wlp3s0: link is not ready
[  549.089609] PM: suspend entry (deep)
[  549.089611] PM: Syncing filesystems ... done.
[  549.127629] Freezing user space processes ... (elapsed 0.283 seconds) done.
[  549.411640] OOM killer disabled.
[  549.411641] Freezing remaining freezable tasks ... (elapsed 0.001 seconds) done.
[  549.413152] printk: Suspending console(s) (use no_console_suspend to debug)
[  549.424413] sd 0:0:0:0: [sda] Synchronizing SCSI cache
[  549.426468] pcieport 0000:06:04.0: quirk: waiting for Thunderbolt to reestablish PCI tunnels...
[  549.426535] pcieport 0000:06:05.0: quirk: waiting for Thunderbolt to reestablish PCI tunnels...
[  549.426544] pcieport 0000:06:06.0: quirk: waiting for Thunderbolt to reestablish PCI tunnels...
[  549.426546] pcieport 0000:06:03.0: quirk: waiting for Thunderbolt to reestablish PCI tunnels...
[  549.426567] sd 0:0:0:0: [sda] Stopping disk
[  550.305250] PM: suspend devices took 0.892 seconds
[  550.317950] ACPI: EC: interrupt blocked
[  551.317289] ACPI: Preparing to enter system sleep state S3
[  551.317893] ACPI: EC: event blocked
[  551.317894] ACPI: EC: EC stopped
[  551.317894] PM: Saving platform NVS memory
[  551.317899] Disabling non-boot CPUs ...
[  551.329351] smpboot: CPU 1 is now offline
[  551.353237] smpboot: CPU 2 is now offline
[  551.374689] smpboot: CPU 3 is now offline
[  551.397519] smpboot: CPU 4 is now offline
[  551.411785] smpboot: CPU 5 is now offline
[  551.427953] smpboot: CPU 6 is now offline
[  551.435963] smpboot: CPU 7 is now offline
[  551.460818] ACPI: Low-level resume complete
[  551.460880] ACPI: EC: EC started
[  551.460881] PM: Restoring platform NVS memory
[  551.468434] Enabling non-boot CPUs ...
[  551.468490] x86: Booting SMP configuration:
[  551.468491] smpboot: Booting Node 0 Processor 1 APIC 0x2
[  555.397872]  cache: parent cpu1 should not be sleeping
[  558.631404] CPU1 is up
[  558.631458] smpboot: Booting Node 0 Processor 2 APIC 0x4
[  558.900949]  cache: parent cpu2 should not be sleeping
[  560.816343] CPU2 is up
[  560.816399] smpboot: Booting Node 0 Processor 3 APIC 0x6
[  561.022972]  cache: parent cpu3 should not be sleeping
[  561.050780] perf: interrupt took too long (4270 > 3657), lowering kernel.perf_event_max_sample_rate to 46000
[  561.777265] CPU3 is up
[  561.777328] smpboot: Booting Node 0 Processor 4 APIC 0x1
[  561.782871]  cache: parent cpu4 should not be sleeping
[  561.804632] CPU4 is up
[  561.804655] smpboot: Booting Node 0 Processor 5 APIC 0x3
[  561.986890]  cache: parent cpu5 should not be sleeping
[  562.562131] CPU5 is up
[  562.562164] smpboot: Booting Node 0 Processor 6 APIC 0x5
[  562.709654]  cache: parent cpu6 should not be sleeping
[  563.285100] CPU6 is up
[  563.285142] smpboot: Booting Node 0 Processor 7 APIC 0x7
[  563.434859]  cache: parent cpu7 should not be sleeping
[  564.091296] CPU7 is up
[  564.180351] ACPI: Waking up from system sleep state S3
[  564.182150] ACPI: EC: interrupt unblocked
[  564.206098] pcieport 0000:06:03.0: quirk: waiting for Thunderbolt to reestablish PCI tunnels...
[  564.206103] pcieport 0000:06:04.0: quirk: waiting for Thunderbolt to reestablish PCI tunnels...
[  564.206105] pcieport 0000:06:05.0: quirk: waiting for Thunderbolt to reestablish PCI tunnels...
[  564.206106] pcieport 0000:06:06.0: quirk: waiting for Thunderbolt to reestablish PCI tunnels...
[  564.238118] pcieport 0000:06:03.0: quirk_apple_wait_for_thunderbolt+0x0/0xe0 took 31264 usecs
[  564.238122] pcieport 0000:06:05.0: quirk_apple_wait_for_thunderbolt+0x0/0xe0 took 31259 usecs
[  564.238127] pcieport 0000:06:04.0: quirk_apple_wait_for_thunderbolt+0x0/0xe0 took 31259 usecs
[  564.238131] pcieport 0000:06:06.0: quirk_apple_wait_for_thunderbolt+0x0/0xe0 took 31259 usecs
[  564.307372] thunderbolt 0000:07:00.0: resetting error on 0:b.
[  564.307380] thunderbolt 0000:07:00.0: 0:b: hotplug: scanning
[  564.307383] thunderbolt 0000:07:00.0: 0:b: hotplug: no switch found
[  564.307479] thunderbolt 0000:07:00.0: resetting error on 0:c.
[  564.307483] thunderbolt 0000:07:00.0: 0:c: hotplug: scanning
[  564.307484] thunderbolt 0000:07:00.0: 0:c: hotplug: no switch found
[  565.275277] ACPI: EC: event unblocked
[  565.295713] sd 0:0:0:0: [sda] Starting disk
[  565.581208] usb 2-4: reset SuperSpeed Gen 1 USB device number 2 using xhci_hcd
[  565.599439] PM: resume devices took 0.324 seconds
[  565.599725] OOM killer enabled.
[  565.599727] Restarting tasks ... done.
[  565.628047] ata1: SATA link up 6.0 Gbps (SStatus 133 SControl 300)
[  565.628353] ata1.00: unexpected _GTF length (8)
[  565.628823] ata1.00: unexpected _GTF length (8)
[  565.628923] ata1.00: configured for UDMA/133
[  565.656617] video LNXVIDEO:00: Restoring backlight state
[  565.656807] PM: suspend exit
[  565.666503] IPv6: ADDRCONF(NETDEV_UP): wlp3s0: link is not ready
[  565.709474] IPv6: ADDRCONF(NETDEV_UP): wlp3s0: link is not ready
[  571.015155] IPv6: ADDRCONF(NETDEV_CHANGE): wlp3s0: link becomes ready
[  575.501449] brcmfmac: brcmf_inetaddr_changed: fail to get arp ip table err:-52
[  652.491270] CPU1: Core temperature above threshold, cpu clock throttled (total events = 1)
[  652.491271] CPU5: Core temperature above threshold, cpu clock throttled (total events = 1)
[  652.491273] CPU7: Package temperature above threshold, cpu clock throttled (total events = 1)
[  652.491274] CPU3: Package temperature above threshold, cpu clock throttled (total events = 1)
[  652.491277] CPU0: Package temperature above threshold, cpu clock throttled (total events = 1)
[  652.491278] CPU2: Package temperature above threshold, cpu clock throttled (total events = 1)
[  652.491280] CPU4: Package temperature above threshold, cpu clock throttled (total events = 1)
[  652.491281] CPU6: Package temperature above threshold, cpu clock throttled (total events = 1)
[  652.491281] CPU5: Package temperature above threshold, cpu clock throttled (total events = 1)
[  652.491289] CPU1: Package temperature above threshold, cpu clock throttled (total events = 1)
[  652.492275] CPU1: Core temperature/speed normal
[  652.492276] CPU5: Core temperature/speed normal
[  652.492277] CPU3: Package temperature/speed normal
[  652.492278] CPU0: Package temperature/speed normal
[  652.492279] CPU2: Package temperature/speed normal
[  652.492280] CPU6: Package temperature/speed normal
[  652.492281] CPU4: Package temperature/speed normal
[  652.492282] CPU7: Package temperature/speed normal
[  652.492283] CPU5: Package temperature/speed normal
[  652.492283] CPU1: Package temperature/speed normal
[ 1964.279734] TCP: wlp3s0: Driver has suspect GRO implementation, TCP performance may be compromised.
[ 5887.016959] CPU5: Core temperature above threshold, cpu clock throttled (total events = 4952)
[ 5887.016960] CPU1: Core temperature above threshold, cpu clock throttled (total events = 4952)
[ 5887.016962] CPU3: Package temperature above threshold, cpu clock throttled (total events = 7305)
[ 5887.016963] CPU7: Package temperature above threshold, cpu clock throttled (total events = 7305)
[ 5887.016966] CPU2: Package temperature above threshold, cpu clock throttled (total events = 7305)
[ 5887.016968] CPU0: Package temperature above threshold, cpu clock throttled (total events = 7305)
[ 5887.016969] CPU4: Package temperature above threshold, cpu clock throttled (total events = 7305)
[ 5887.016970] CPU6: Package temperature above threshold, cpu clock throttled (total events = 7305)
[ 5887.016971] CPU1: Package temperature above threshold, cpu clock throttled (total events = 7305)
[ 5887.016979] CPU5: Package temperature above threshold, cpu clock throttled (total events = 7305)
[ 5887.017964] CPU1: Core temperature/speed normal
[ 5887.017965] CPU5: Core temperature/speed normal
[ 5887.017966] CPU0: Package temperature/speed normal
[ 5887.017968] CPU4: Package temperature/speed normal
[ 5887.017969] CPU6: Package temperature/speed normal
[ 5887.017970] CPU2: Package temperature/speed normal
[ 5887.017971] CPU3: Package temperature/speed normal
[ 5887.017972] CPU7: Package temperature/speed normal
[ 5887.017973] CPU5: Package temperature/speed normal
[ 5887.017973] CPU1: Package temperature/speed normal
[ 6187.196153] CPU1: Core temperature above threshold, cpu clock throttled (total events = 44210)
[ 6187.196154] CPU5: Core temperature above threshold, cpu clock throttled (total events = 44210)
[ 6187.196156] CPU3: Package temperature above threshold, cpu clock throttled (total events = 64629)
[ 6187.196157] CPU7: Package temperature above threshold, cpu clock throttled (total events = 64629)
[ 6187.196159] CPU4: Package temperature above threshold, cpu clock throttled (total events = 64629)
[ 6187.196162] CPU0: Package temperature above threshold, cpu clock throttled (total events = 64629)
[ 6187.196163] CPU6: Package temperature above threshold, cpu clock throttled (total events = 64629)
[ 6187.196165] CPU2: Package temperature above threshold, cpu clock throttled (total events = 64629)
[ 6187.196165] CPU5: Package temperature above threshold, cpu clock throttled (total events = 64629)
[ 6187.196174] CPU1: Package temperature above threshold, cpu clock throttled (total events = 64629)
[ 6187.198136] CPU1: Core temperature/speed normal
[ 6187.198137] CPU5: Core temperature/speed normal
[ 6187.198138] CPU2: Package temperature/speed normal
[ 6187.198139] CPU6: Package temperature/speed normal
[ 6187.198140] CPU0: Package temperature/speed normal
[ 6187.198141] CPU4: Package temperature/speed normal
[ 6187.198142] CPU3: Package temperature/speed normal
[ 6187.198143] CPU7: Package temperature/speed normal
[ 6187.198144] CPU5: Package temperature/speed normal
[ 6187.198145] CPU1: Package temperature/speed normal
[ 7800.975158] L1TF CPU bug present and SMT on, data leak possible. See CVE-2018-3646 and https://www.kernel.org/doc/html/latest/admin-guide/l1tf.html for details.
[ 7807.744971] kvm [29072]: vcpu0, guest rIP: 0xffffffffbd064718 disabled perfctr wrmsr: 0xc2 data 0xffff
[ 7852.401883] kvm [29099]: vcpu0, guest rIP: 0xffffffff8ff8c54b disabled perfctr wrmsr: 0xc2 data 0xffff
[ 8014.859042] kvm [29193]: vcpu0, guest rIP: 0xffffffffa198c54b disabled perfctr wrmsr: 0xc2 data 0xffff
[ 8023.679896] kvm [29216]: vcpu0, guest rIP: 0xffffffffaa78c54b disabled perfctr wrmsr: 0xc2 data 0xffff
[ 8055.510324] kvm [29216]: vcpu0, guest rIP: 0xffffffff8918c54b disabled perfctr wrmsr: 0xc2 data 0xffff
[ 8184.247988] kvm [29275]: vcpu0, guest rIP: 0xffffffffa598c54b disabled perfctr wrmsr: 0xc2 data 0xffff
[ 8560.870749] kvm [29458]: vcpu0, guest rIP: 0xffffffffaa78c54b disabled perfctr wrmsr: 0xc2 data 0xffff
[ 9367.273698] kvm [30423]: vcpu0, guest rIP: 0xffffffffaf38c54b disabled perfctr wrmsr: 0xc2 data 0xffff
[ 9392.159397] kvm [30463]: vcpu0, guest rIP: 0xffffffff9a18c54b disabled perfctr wrmsr: 0xc2 data 0xffff
[ 9798.310381] kvm [30600]: vcpu0, guest rIP: 0xffffffff9518c54b disabled perfctr wrmsr: 0xc2 data 0xffff
[ 9808.972326] kvm [30624]: vcpu0, guest rIP: 0xffffffffa2d8c54b disabled perfctr wrmsr: 0xc2 data 0xffff
[ 9821.782643] perf: interrupt took too long (5355 > 5337), lowering kernel.perf_event_max_sample_rate to 37000
[ 9920.083767] kvm [30624]: vcpu0, guest rIP: 0xffffffff9738c54b disabled perfctr wrmsr: 0xc2 data 0xffff
[ 9995.748913] kvm [30624]: vcpu0, guest rIP: 0xffffffffb898c54b disabled perfctr wrmsr: 0xc2 data 0xffff
[10031.112564] kvm [7835]: vcpu0, guest rIP: 0xffffffff9858c54b disabled perfctr wrmsr: 0xc2 data 0xffff
[10119.916567] kvm [7883]: vcpu0, guest rIP: 0xffffffff8438c54b disabled perfctr wrmsr: 0xc2 data 0xffff
[10447.755084] kvm [7932]: vcpu0, guest rIP: 0xffffffffbed8c54b disabled perfctr wrmsr: 0xc2 data 0xffff
[10552.608900] kvm [7932]: vcpu0, guest rIP: 0xffffffffa7d8c54b disabled perfctr wrmsr: 0xc2 data 0xffff
[10693.216118] kvm [8006]: vcpu0, guest rIP: 0xffffffffabd8c54b disabled perfctr wrmsr: 0xc2 data 0xffff
[10837.497546] kvm [8006]: vcpu0, guest rIP: 0xffffffffbb78c54b disabled perfctr wrmsr: 0xc2 data 0xffff
[10869.880171] kvm [8048]: vcpu0, guest rIP: 0xffffffff9c38c54b disabled perfctr wrmsr: 0xc2 data 0xffff
[11055.680403] kvm [8048]: vcpu0, guest rIP: 0xffffffff8958c54b disabled perfctr wrmsr: 0xc2 data 0xffff
[11143.014531] kvm [8048]: vcpu0, guest rIP: 0xffffffffa578c54b disabled perfctr wrmsr: 0xc2 data 0xffff
[11183.313613] kvm [8107]: vcpu0, guest rIP: 0xffffffff8818c54b disabled perfctr wrmsr: 0xc2 data 0xffff
[11314.245644] kvm [8107]: vcpu0, guest rIP: 0xffffffffb198c54b disabled perfctr wrmsr: 0xc2 data 0xffff
[11354.628812] kvm [8181]: vcpu0, guest rIP: 0xffffffff9118c54b disabled perfctr wrmsr: 0xc2 data 0xffff
[11396.404051] kvm [8206]: vcpu0, guest rIP: 0xffffffff9df8c54b disabled perfctr wrmsr: 0xc2 data 0xffff
[11436.068983] kvm [8206]: vcpu0, guest rIP: 0xffffffff9858c54b disabled perfctr wrmsr: 0xc2 data 0xffff
[11463.286691] kvm [17151]: vcpu0, guest rIP: 0xffffffffaab8c54b disabled perfctr wrmsr: 0xc2 data 0xffff
[11611.044263] CPU1: Core temperature above threshold, cpu clock throttled (total events = 44912)
[11611.044264] CPU5: Core temperature above threshold, cpu clock throttled (total events = 44912)
[11611.044266] CPU0: Package temperature above threshold, cpu clock throttled (total events = 65677)
[11611.044269] CPU4: Package temperature above threshold, cpu clock throttled (total events = 65677)
[11611.044271] CPU3: Package temperature above threshold, cpu clock throttled (total events = 65677)
[11611.044272] CPU2: Package temperature above threshold, cpu clock throttled (total events = 65677)
