[    0.000000] microcode: microcode updated early to revision 0x1a, date = 2018-04-02
[    0.000000] Linux version 5.0.0-rc8+ (im@im-mac) (gcc version 8.2.1 20181215 (Red Hat 8.2.1-6) (GCC)) #16 SMP Tue Feb 26 01:01:32 +05 2019
[    0.000000] Command line: BOOT_IMAGE=/vmlinuz-5.0.0-rc8+ root=/dev/mapper/im--mac-root ro resume=/dev/mapper/im--mac-swap rd.lvm.lv=im-mac/root rd.luks.uuid=luks-dd1fa933-ef9f-402b-a2e4-7c9d6fb7ce0d rd.lvm.lv=im-mac/swap rhgb quiet hid_apple.fnmode=2 hid_apple.iso_layout=0
[    0.000000] x86/fpu: Supporting XSAVE feature 0x001: 'x87 floating point registers'
[    0.000000] x86/fpu: Supporting XSAVE feature 0x002: 'SSE registers'
[    0.000000] x86/fpu: Supporting XSAVE feature 0x004: 'AVX registers'
[    0.000000] x86/fpu: xstate_offset[2]:  576, xstate_sizes[2]:  256
[    0.000000] x86/fpu: Enabled xstate features 0x7, context size is 832 bytes, using 'standard' format.
[    0.000000] BIOS-provided physical RAM map:
[    0.000000] BIOS-e820: [mem 0x0000000000000000-0x0000000000057fff] usable
[    0.000000] BIOS-e820: [mem 0x0000000000058000-0x0000000000058fff] reserved
[    0.000000] BIOS-e820: [mem 0x0000000000059000-0x000000000009ffff] usable
[    0.000000] BIOS-e820: [mem 0x00000000000a0000-0x00000000000bffff] reserved
[    0.000000] BIOS-e820: [mem 0x0000000000100000-0x0000000078d00fff] usable
[    0.000000] BIOS-e820: [mem 0x0000000078d01000-0x0000000078d48fff] ACPI NVS
[    0.000000] BIOS-e820: [mem 0x0000000078d49000-0x0000000078d5cfff] usable
[    0.000000] BIOS-e820: [mem 0x0000000078d5d000-0x0000000078d8efff] ACPI data
[    0.000000] BIOS-e820: [mem 0x0000000078d8f000-0x0000000078e39fff] usable
[    0.000000] BIOS-e820: [mem 0x0000000078e3a000-0x0000000078e8efff] reserved
[    0.000000] BIOS-e820: [mem 0x0000000078e8f000-0x0000000078ecbfff] usable
[    0.000000] BIOS-e820: [mem 0x0000000078ecc000-0x0000000078efefff] reserved
[    0.000000] BIOS-e820: [mem 0x0000000078eff000-0x0000000078f84fff] usable
[    0.000000] BIOS-e820: [mem 0x0000000078f85000-0x0000000078fdefff] reserved
[    0.000000] BIOS-e820: [mem 0x0000000078fdf000-0x0000000078ffffff] usable
[    0.000000] BIOS-e820: [mem 0x0000000079000000-0x000000007f9fffff] reserved
[    0.000000] BIOS-e820: [mem 0x00000000e00f8000-0x00000000e00f8fff] reserved
[    0.000000] BIOS-e820: [mem 0x00000000fed1c000-0x00000000fed1ffff] reserved
[    0.000000] BIOS-e820: [mem 0x00000000ffd70000-0x00000000ffd9ffff] reserved
[    0.000000] BIOS-e820: [mem 0x0000000100000000-0x000000047f5fffff] usable
[    0.000000] NX (Execute Disable) protection: active
[    0.000000] e820: update [mem 0x662f4710-0x662f4ad2] usable ==> usable
[    0.000000] e820: update [mem 0x662f4710-0x662f4ad2] usable ==> usable
[    0.000000] extended physical RAM map:
[    0.000000] reserve setup_data: [mem 0x0000000000000000-0x0000000000057fff] usable
[    0.000000] reserve setup_data: [mem 0x0000000000058000-0x0000000000058fff] reserved
[    0.000000] reserve setup_data: [mem 0x0000000000059000-0x000000000009ffff] usable
[    0.000000] reserve setup_data: [mem 0x00000000000a0000-0x00000000000bffff] reserved
[    0.000000] reserve setup_data: [mem 0x0000000000100000-0x00000000662f470f] usable
[    0.000000] reserve setup_data: [mem 0x00000000662f4710-0x00000000662f4ad2] usable
[    0.000000] reserve setup_data: [mem 0x00000000662f4ad3-0x0000000078d00fff] usable
[    0.000000] reserve setup_data: [mem 0x0000000078d01000-0x0000000078d48fff] ACPI NVS
[    0.000000] reserve setup_data: [mem 0x0000000078d49000-0x0000000078d5cfff] usable
[    0.000000] reserve setup_data: [mem 0x0000000078d5d000-0x0000000078d8efff] ACPI data
[    0.000000] reserve setup_data: [mem 0x0000000078d8f000-0x0000000078e39fff] usable
[    0.000000] reserve setup_data: [mem 0x0000000078e3a000-0x0000000078e8efff] reserved
[    0.000000] reserve setup_data: [mem 0x0000000078e8f000-0x0000000078ecbfff] usable
[    0.000000] reserve setup_data: [mem 0x0000000078ecc000-0x0000000078efefff] reserved
[    0.000000] reserve setup_data: [mem 0x0000000078eff000-0x0000000078f84fff] usable
[    0.000000] reserve setup_data: [mem 0x0000000078f85000-0x0000000078fdefff] reserved
[    0.000000] reserve setup_data: [mem 0x0000000078fdf000-0x0000000078ffffff] usable
[    0.000000] reserve setup_data: [mem 0x0000000079000000-0x000000007f9fffff] reserved
[    0.000000] reserve setup_data: [mem 0x00000000e00f8000-0x00000000e00f8fff] reserved
[    0.000000] reserve setup_data: [mem 0x00000000fed1c000-0x00000000fed1ffff] reserved
[    0.000000] reserve setup_data: [mem 0x00000000ffd70000-0x00000000ffd9ffff] reserved
[    0.000000] reserve setup_data: [mem 0x0000000100000000-0x000000047f5fffff] usable
[    0.000000] efi: EFI v1.10 by Apple
[    0.000000] efi:  ACPI=0x78d8e000  ACPI 2.0=0x78d8e014  SMBIOS=0x78f8b000 
[    0.000000] SMBIOS 2.7 present.
[    0.000000] DMI: Apple Inc. MacBookPro11,4/Mac-06F11FD93F0323C5, BIOS MBP114.88Z.0184.B00.1806051659 06/05/2018
[    0.000000] tsc: Fast TSC calibration using PIT
[    0.000000] tsc: Detected 2195.076 MHz processor
[    0.000128] e820: update [mem 0x00000000-0x00000fff] usable ==> reserved
[    0.000129] e820: remove [mem 0x000a0000-0x000fffff] usable
[    0.000135] last_pfn = 0x47f600 max_arch_pfn = 0x400000000
[    0.000138] MTRR default type: write-back
[    0.000138] MTRR fixed ranges enabled:
[    0.000139]   00000-9FFFF write-back
[    0.000140]   A0000-BFFFF uncachable
[    0.000140]   C0000-DFFFF write-protect
[    0.000141]   E0000-FFFFF uncachable
[    0.000141] MTRR variable ranges enabled:
[    0.000142]   0 base 0080000000 mask 7F80000000 uncachable
[    0.000143]   1 base 007C000000 mask 7FFC000000 uncachable
[    0.000143]   2 base 007A000000 mask 7FFE000000 uncachable
[    0.000144]   3 base 0079000000 mask 7FFF000000 uncachable
[    0.000144]   4 disabled
[    0.000145]   5 disabled
[    0.000145]   6 disabled
[    0.000145]   7 disabled
[    0.000145]   8 disabled
[    0.000146]   9 disabled
[    0.009941] x86/PAT: Configuration [0-7]: WB  WC  UC- UC  WB  WP  UC- WT  
[    0.010034] last_pfn = 0x79000 max_arch_pfn = 0x400000000
[    0.021684] Base memory trampoline at [(____ptrval____)] 99000 size 24576
[    0.021687] Using GB pages for direct mapping
[    0.021688] BRK [0x280e01000, 0x280e01fff] PGTABLE
[    0.021690] BRK [0x280e02000, 0x280e02fff] PGTABLE
[    0.021690] BRK [0x280e03000, 0x280e03fff] PGTABLE
[    0.021726] BRK [0x280e04000, 0x280e04fff] PGTABLE
[    0.021727] BRK [0x280e05000, 0x280e05fff] PGTABLE
[    0.021837] BRK [0x280e06000, 0x280e06fff] PGTABLE
[    0.021865] BRK [0x280e07000, 0x280e07fff] PGTABLE
[    0.021930] BRK [0x280e08000, 0x280e08fff] PGTABLE
[    0.022086] Secure boot disabled
[    0.022087] RAMDISK: [mem 0x42aae000-0x48561fff]
[    0.022099] ACPI: Early table checksum verification disabled
[    0.022101] ACPI: RSDP 0x0000000078D8E014 000024 (v02 APPLE )
[    0.022104] ACPI: XSDT 0x0000000078D8E1C0 0000A4 (v01 APPLE  Apple00  00000000      01000013)
[    0.022108] ACPI: FACP 0x0000000078D8C000 0000F4 (v05 APPLE  Apple00  00000000 Loki 0000005F)
[    0.022111] ACPI BIOS Warning (bug): 32/64X length mismatch in FADT/Gpe0Block: 128/0 (20181213/tbfadt-569)
[    0.022114] ACPI: DSDT 0x0000000078D7F000 007331 (v03 APPLE  MacBookP 00110004 INTL 20140424)
[    0.022116] ACPI: FACS 0x0000000078D06000 000040
[    0.022117] ACPI: FACS 0x0000000078D06000 000040
[    0.022119] ACPI: HPET 0x0000000078D8B000 000038 (v01 APPLE  Apple00  00000001 Loki 0000005F)
[    0.022120] ACPI: APIC 0x0000000078D8A000 0000BC (v02 APPLE  Apple00  00000001 Loki 0000005F)
[    0.022122] ACPI: SBST 0x0000000078D88000 000030 (v01 APPLE  Apple00  00000001 Loki 0000005F)
[    0.022124] ACPI: ECDT 0x0000000078D87000 000053 (v01 APPLE  Apple00  00000001 Loki 0000005F)
[    0.022126] ACPI: SSDT 0x0000000078D7E000 000024 (v01 APPLE  SataAhci 00001000 INTL 20140424)
[    0.022127] ACPI: SSDT 0x0000000078D7D000 000024 (v01 APPLE  SmcDppt  00001000 INTL 20140424)
[    0.022129] ACPI: SSDT 0x0000000078D7C000 000032 (v01 APPLE  SsdtS3   00001000 INTL 20140424)
[    0.022131] ACPI: SSDT 0x0000000078D68000 0086DA (v01 APPLE  TbtPEG11 00001000 INTL 20140424)
[    0.022133] ACPI: SSDT 0x0000000078D67000 0000B8 (v01 APPLE  Sdxc     00001000 INTL 20140424)
[    0.022135] ACPI: SSDT 0x0000000078D66000 000A7B (v02 APPLE  Xhci     00001000 INTL 20140424)
[    0.022137] ACPI: SSDT 0x0000000078D64000 000341 (v01 APPLE  PEG0SSD0 00001000 INTL 20140424)
[    0.022138] ACPI: SSDT 0x0000000078D5F000 00069C (v01 PmRef  Cpu0Ist  00003000 INTL 20140424)
[    0.022140] ACPI: SSDT 0x0000000078D5E000 000C17 (v01 CpuRef CpuSsdt  00003000 INTL 20140424)
[    0.022142] ACPI: DMAR 0x0000000078D5D000 000088 (v01 APPLE  BDW      00000001 INTL 00000001)
[    0.022144] ACPI: MCFG 0x0000000078D89000 00003C (v01 APPLE  Apple00  00000001 Loki 0000005F)
[    0.022148] ACPI: DMI detected to setup _OSI("Darwin"): Apple hardware
[    0.022150] ACPI: Local APIC address 0xfee00000
[    0.022223] No NUMA configuration found
[    0.022223] Faking a node at [mem 0x0000000000000000-0x000000047f5fffff]
[    0.022232] NODE_DATA(0) allocated [mem 0x47f5d5000-0x47f5fffff]
[    0.051911] Zone ranges:
[    0.051912]   DMA      [mem 0x0000000000001000-0x0000000000ffffff]
[    0.051913]   DMA32    [mem 0x0000000001000000-0x00000000ffffffff]
[    0.051914]   Normal   [mem 0x0000000100000000-0x000000047f5fffff]
[    0.051915]   Device   empty
[    0.051915] Movable zone start for each node
[    0.051918] Early memory node ranges
[    0.051919]   node   0: [mem 0x0000000000001000-0x0000000000057fff]
[    0.051919]   node   0: [mem 0x0000000000059000-0x000000000009ffff]
[    0.051920]   node   0: [mem 0x0000000000100000-0x0000000078d00fff]
[    0.051920]   node   0: [mem 0x0000000078d49000-0x0000000078d5cfff]
[    0.051920]   node   0: [mem 0x0000000078d8f000-0x0000000078e39fff]
[    0.051921]   node   0: [mem 0x0000000078e8f000-0x0000000078ecbfff]
[    0.051921]   node   0: [mem 0x0000000078eff000-0x0000000078f84fff]
[    0.051922]   node   0: [mem 0x0000000078fdf000-0x0000000078ffffff]
[    0.051922]   node   0: [mem 0x0000000100000000-0x000000047f5fffff]
[    0.052290] Zeroed struct page in unavailable ranges: 29118 pages
[    0.052291] Initmem setup node 0 [mem 0x0000000000001000-0x000000047f5fffff]
[    0.052292] On node 0 totalpages: 4162626
[    0.052293]   DMA zone: 64 pages used for memmap
[    0.052293]   DMA zone: 22 pages reserved
[    0.052294]   DMA zone: 3998 pages, LIFO batch:0
[    0.052364]   DMA32 zone: 7675 pages used for memmap
[    0.052364]   DMA32 zone: 491172 pages, LIFO batch:63
[    0.064282]   Normal zone: 57304 pages used for memmap
[    0.064283]   Normal zone: 3667456 pages, LIFO batch:63
[    0.132826] Reserving Intel graphics memory at [mem 0x79a00000-0x7f9fffff]
[    0.132892] ACPI: PM-Timer IO Port: 0x1808
[    0.132894] ACPI: Local APIC address 0xfee00000
[    0.132899] ACPI: LAPIC_NMI (acpi_id[0x01] high edge lint[0x1])
[    0.132900] ACPI: LAPIC_NMI (acpi_id[0x02] high edge lint[0x1])
[    0.132900] ACPI: LAPIC_NMI (acpi_id[0x03] high edge lint[0x1])
[    0.132900] ACPI: LAPIC_NMI (acpi_id[0x04] high edge lint[0x1])
[    0.132901] ACPI: LAPIC_NMI (acpi_id[0x05] high edge lint[0x1])
[    0.132901] ACPI: LAPIC_NMI (acpi_id[0x06] high edge lint[0x1])
[    0.132902] ACPI: LAPIC_NMI (acpi_id[0x07] high edge lint[0x1])
[    0.132902] ACPI: LAPIC_NMI (acpi_id[0x08] high edge lint[0x1])
[    0.132916] IOAPIC[0]: apic_id 2, version 32, address 0xfec00000, GSI 0-23
[    0.132918] ACPI: INT_SRC_OVR (bus 0 bus_irq 0 global_irq 2 dfl dfl)
[    0.132919] ACPI: INT_SRC_OVR (bus 0 bus_irq 9 global_irq 9 high level)
[    0.132920] ACPI: IRQ0 used by override.
[    0.132920] ACPI: IRQ9 used by override.
[    0.132922] Using ACPI (MADT) for SMP configuration information
[    0.132923] ACPI: HPET id: 0x8086a201 base: 0xfed00000
[    0.132926] smpboot: Allowing 8 CPUs, 0 hotplug CPUs
[    0.132940] PM: Registered nosave memory: [mem 0x00000000-0x00000fff]
[    0.132941] PM: Registered nosave memory: [mem 0x00058000-0x00058fff]
[    0.132942] PM: Registered nosave memory: [mem 0x000a0000-0x000bffff]
[    0.132942] PM: Registered nosave memory: [mem 0x000c0000-0x000fffff]
[    0.132943] PM: Registered nosave memory: [mem 0x662f4000-0x662f4fff]
[    0.132944] PM: Registered nosave memory: [mem 0x662f4000-0x662f4fff]
[    0.132945] PM: Registered nosave memory: [mem 0x78d01000-0x78d48fff]
[    0.132946] PM: Registered nosave memory: [mem 0x78d5d000-0x78d8efff]
[    0.132947] PM: Registered nosave memory: [mem 0x78e3a000-0x78e8efff]
[    0.132948] PM: Registered nosave memory: [mem 0x78ecc000-0x78efefff]
[    0.132949] PM: Registered nosave memory: [mem 0x78f85000-0x78fdefff]
[    0.132950] PM: Registered nosave memory: [mem 0x79000000-0x7f9fffff]
[    0.132950] PM: Registered nosave memory: [mem 0x7fa00000-0xe00f7fff]
[    0.132951] PM: Registered nosave memory: [mem 0xe00f8000-0xe00f8fff]
[    0.132951] PM: Registered nosave memory: [mem 0xe00f9000-0xfed1bfff]
[    0.132951] PM: Registered nosave memory: [mem 0xfed1c000-0xfed1ffff]
[    0.132952] PM: Registered nosave memory: [mem 0xfed20000-0xffd6ffff]
[    0.132952] PM: Registered nosave memory: [mem 0xffd70000-0xffd9ffff]
[    0.132952] PM: Registered nosave memory: [mem 0xffda0000-0xffffffff]
[    0.132954] [mem 0x7fa00000-0xe00f7fff] available for PCI devices
[    0.132958] Booting paravirtualized kernel on bare hardware
[    0.132961] clocksource: refined-jiffies: mask: 0xffffffff max_cycles: 0xffffffff, max_idle_ns: 1910969940391419 ns
[    0.228078] random: get_random_bytes called from start_kernel+0x93/0x503 with crng_init=0
[    0.228083] setup_percpu: NR_CPUS:64 nr_cpumask_bits:64 nr_cpu_ids:8 nr_node_ids:1
[    0.228254] percpu: Embedded 44 pages/cpu @(____ptrval____) s143360 r8192 d28672 u262144
[    0.228260] pcpu-alloc: s143360 r8192 d28672 u262144 alloc=1*2097152
[    0.228261] pcpu-alloc: [0] 0 1 2 3 4 5 6 7 
[    0.228276] Built 1 zonelists, mobility grouping on.  Total pages: 4097561
[    0.228277] Policy zone: Normal
[    0.228278] Kernel command line: BOOT_IMAGE=/vmlinuz-5.0.0-rc8+ root=/dev/mapper/im--mac-root ro resume=/dev/mapper/im--mac-swap rd.lvm.lv=im-mac/root rd.luks.uuid=luks-dd1fa933-ef9f-402b-a2e4-7c9d6fb7ce0d rd.lvm.lv=im-mac/swap rhgb quiet hid_apple.fnmode=2 hid_apple.iso_layout=0
[    0.273942] Memory: 15843872K/16650504K available (12291K kernel code, 1404K rwdata, 4028K rodata, 2152K init, 4944K bss, 806632K reserved, 0K cma-reserved)
[    0.274085] SLUB: HWalign=64, Order=0-3, MinObjects=0, CPUs=8, Nodes=1
[    0.274093] Kernel/User page tables isolation: enabled
[    0.274116] ftrace: allocating 38174 entries in 150 pages
[    0.286970] rcu: Hierarchical RCU implementation.
[    0.286971] rcu: 	RCU restricting CPUs from NR_CPUS=64 to nr_cpu_ids=8.
[    0.286972] rcu: RCU calculated value of scheduler-enlistment delay is 100 jiffies.
[    0.286972] rcu: Adjusting geometry for rcu_fanout_leaf=16, nr_cpu_ids=8
[    0.288832] NR_IRQS: 4352, nr_irqs: 488, preallocated irqs: 16
[    0.288955] rcu: 	Offload RCU callbacks from CPUs: (none).
[    0.288999] Console: colour dummy device 80x25
[    0.289004] printk: console [tty0] enabled
[    0.289016] ACPI: Core revision 20181213
[    0.289219] clocksource: hpet: mask: 0xffffffff max_cycles: 0xffffffff, max_idle_ns: 133484882848 ns
[    0.289229] hpet clockevent registered
[    0.289233] APIC: Switch to symmetric I/O mode setup
[    0.289234] DMAR: Host address width 39
[    0.289235] DMAR: DRHD base: 0x000000fed90000 flags: 0x0
[    0.289238] DMAR: dmar0: reg_base_addr fed90000 ver 1:0 cap c0000020660462 ecap f0101a
[    0.289239] DMAR: DRHD base: 0x000000fed91000 flags: 0x1
[    0.289241] DMAR: dmar1: reg_base_addr fed91000 ver 1:0 cap d2008c20660462 ecap f010da
[    0.289241] DMAR: RMRR base: 0x00000079800000 end: 0x0000007f9fffff
[    0.289244] DMAR-IR: IOAPIC id 2 under DRHD base  0xfed91000 IOMMU 1
[    0.289244] DMAR-IR: HPET id 0 under DRHD base 0xfed91000
[    0.289245] DMAR-IR: x2apic is disabled because BIOS sets x2apic opt out bit.
[    0.289245] DMAR-IR: Use 'intremap=no_x2apic_optout' to override the BIOS setting.
[    0.289678] DMAR-IR: Enabled IRQ remapping in xapic mode
[    0.289678] x2apic: IRQ remapping doesn't support X2APIC mode
[    0.290050] ..TIMER: vector=0x30 apic1=0 pin1=2 apic2=-1 pin2=-1
[    0.294238] clocksource: tsc-early: mask: 0xffffffffffffffff max_cycles: 0x1fa407562ca, max_idle_ns: 440795265175 ns
[    0.294247] Calibrating delay loop (skipped), value calculated using timer frequency.. 4390.15 BogoMIPS (lpj=2195076)
[    0.294249] pid_max: default: 32768 minimum: 301
[    0.307244] LSM: Security Framework initializing
[    0.307245] Yama: becoming mindful.
[    0.307249] SELinux:  Initializing.
[    0.309632] Dentry cache hash table entries: 2097152 (order: 12, 16777216 bytes)
[    0.310808] Inode-cache hash table entries: 1048576 (order: 11, 8388608 bytes)
[    0.310856] Mount-cache hash table entries: 32768 (order: 6, 262144 bytes)
[    0.310895] Mountpoint-cache hash table entries: 32768 (order: 6, 262144 bytes)
[    0.311065] ENERGY_PERF_BIAS: Set to 'normal', was 'performance'
[    0.311066] ENERGY_PERF_BIAS: View and update with x86_energy_perf_policy(8)
[    0.311069] mce: CPU supports 10 MCE banks
[    0.311078] mce: CPU0: Thermal monitoring enabled (TM1)
[    0.311090] process: using mwait in idle threads
[    0.311092] Last level iTLB entries: 4KB 1024, 2MB 1024, 4MB 1024
[    0.311092] Last level dTLB entries: 4KB 1024, 2MB 1024, 4MB 1024, 1GB 4
[    0.311094] Spectre V2 : Mitigation: Full generic retpoline
[    0.311094] Spectre V2 : Spectre v2 / SpectreRSB mitigation: Filling RSB on context switch
[    0.311095] Spectre V2 : Enabling Restricted Speculation for firmware calls
[    0.311101] Spectre V2 : mitigation: Enabling conditional Indirect Branch Prediction Barrier
[    0.311102] Spectre V2 : User space: Mitigation: STIBP via seccomp and prctl
[    0.311103] Speculative Store Bypass: Mitigation: Speculative Store Bypass disabled via prctl and seccomp
[    0.311267] Freeing SMP alternatives memory: 36K
[    0.312305] TSC deadline timer enabled
[    0.312308] smpboot: CPU0: Intel(R) Core(TM) i7-4770HQ CPU @ 2.20GHz (family: 0x6, model: 0x46, stepping: 0x1)
[    0.312386] Performance Events: PEBS fmt2+, Haswell events, 16-deep LBR, full-width counters, Intel PMU driver.
[    0.312422] ... version:                3
[    0.312423] ... bit width:              48
[    0.312423] ... generic registers:      4
[    0.312424] ... value mask:             0000ffffffffffff
[    0.312425] ... max period:             00007fffffffffff
[    0.312425] ... fixed-purpose events:   3
[    0.312425] ... event mask:             000000070000000f
[    0.312451] rcu: Hierarchical SRCU implementation.
[    0.312884] random: crng done (trusting CPU's manufacturer)
[    0.313239] NMI watchdog: Enabled. Permanently consumes one hw-PMU counter.
[    0.313278] smp: Bringing up secondary CPUs ...
[    0.313329] x86: Booting SMP configuration:
[    0.313330] .... node  #0, CPUs:      #1 #2 #3 #4 #5 #6 #7
[    0.362243] smp: Brought up 1 node, 8 CPUs
[    0.362245] smpboot: Max logical packages: 1
[    0.362246] smpboot: Total of 8 processors activated (35121.21 BogoMIPS)
[    0.363617] devtmpfs: initialized
[    0.363617] x86/mm: Memory block size: 128MB
[    0.364500] PM: Registering ACPI NVS region [mem 0x78d01000-0x78d48fff] (294912 bytes)
[    0.364500] clocksource: jiffies: mask: 0xffffffff max_cycles: 0xffffffff, max_idle_ns: 1911260446275000 ns
[    0.364500] futex hash table entries: 2048 (order: 5, 131072 bytes)
[    0.364500] pinctrl core: initialized pinctrl subsystem
[    0.364500] RTC time: 20:12:07, date: 2019-02-25
[    0.364573] NET: Registered protocol family 16
[    0.364659] audit: initializing netlink subsys (disabled)
[    0.364663] audit: type=2000 audit(1551125527.075:1): state=initialized audit_enabled=0 res=1
[    0.364663] cpuidle: using governor menu
[    0.364663] ACPI: bus type PCI registered
[    0.364663] acpiphp: ACPI Hot Plug PCI Controller Driver version: 0.5
[    0.364663] PCI: MMCONFIG for domain 0000 [bus 00-9b] at [mem 0xe0000000-0xe9bfffff] (base 0xe0000000)
[    0.364663] PCI: not using MMCONFIG
[    0.364663] PCI: Using configuration type 1 for base access
[    0.364663] core: PMU erratum BJ122, BV98, HSD29 worked around, HT is on
[    0.366261] HugeTLB registered 1.00 GiB page size, pre-allocated 0 pages
[    0.366261] HugeTLB registered 2.00 MiB page size, pre-allocated 0 pages
[    0.366262] cryptd: max_cpu_qlen set to 1000
[    0.366282] ACPI: Disabled all _OSI OS vendors
[    0.366283] ACPI: Added _OSI(Module Device)
[    0.366284] ACPI: Added _OSI(Processor Device)
[    0.366284] ACPI: Added _OSI(3.0 _SCP Extensions)
[    0.366285] ACPI: Added _OSI(Processor Aggregator Device)
[    0.366286] ACPI: Added _OSI(Linux-Dell-Video)
[    0.366286] ACPI: Added _OSI(Linux-Lenovo-NV-HDMI-Audio)
[    0.366287] ACPI: Added _OSI(Linux-HPI-Hybrid-Graphics)
[    0.366288] ACPI: Added _OSI(Darwin)
[    0.377950] ACPI: 10 ACPI AML tables successfully acquired and loaded
[    0.378570] ACPI: EC: EC started
[    0.378571] ACPI: EC: interrupt blocked
[    0.380561] ACPI: \: Used as first EC
[    0.380562] ACPI: \: GPE=0x17, EC_CMD/EC_SC=0x66, EC_DATA=0x62
[    0.380563] ACPI: \: Used as boot ECDT EC to handle transactions
[    0.381294] ACPI: BIOS _OSI(Darwin) query honored via DMI
[    0.381831] ACPI: [Firmware Bug]: BIOS _OSI(Linux) query ignored
[    0.381947] ACPI Error: Needed type [Reference], found [Integer] 000000006a768855 (20181213/exresop-69)
[    0.381951] ACPI Error: AE_AML_OPERAND_TYPE, While resolving operands for [OpcodeName unavailable] (20181213/dswexec-427)
[    0.381953] ACPI Error: Method parse/execution failed \_PR.CPU0._PDC, AE_AML_OPERAND_TYPE (20181213/psparse-531)
[    0.382142] ACPI: Dynamic OEM Table Load:
[    0.382147] ACPI: SSDT 0xFFFF9D2F6CB4B800 00067C (v01 PmRef  ApIst    00003000 INTL 20140424)
[    0.382530] ACPI: Dynamic OEM Table Load:
[    0.382533] ACPI: SSDT 0xFFFF9D2F6CB98000 000119 (v01 PmRef  ApCst    00003000 INTL 20140424)
[    0.383610] ACPI: Interpreter enabled
[    0.383626] ACPI: (supports S0 S3 S4 S5)
[    0.383627] ACPI: Using IOAPIC for interrupt routing
[    0.383643] PCI: MMCONFIG for domain 0000 [bus 00-9b] at [mem 0xe0000000-0xe9bfffff] (base 0xe0000000)
[    0.384010] PCI: MMCONFIG at [mem 0xe0000000-0xe9bfffff] reserved in ACPI motherboard resources
[    0.384018] PCI: Using host bridge windows from ACPI; if necessary, use "pci=nocrs" and report a bug
[    0.384196] ACPI: Enabled 7 GPEs in block 00 to 3F
[    0.391441] ACPI: PCI Root Bridge [PCI0] (domain 0000 [bus 00-ff])
[    0.391444] acpi PNP0A08:00: _OSC: OS assumes control of [PCIeHotplug SHPCHotplug AER PCIeCapability LTR]
[    0.391454] acpi PNP0A08:00: [Firmware Info]: MMCONFIG for domain 0000 [bus 00-9b] only partially covers this bridge
[    0.391656] PCI host bridge to bus 0000:00
[    0.391658] pci_bus 0000:00: root bus resource [io  0x0000-0x0cf7 window]
[    0.391659] pci_bus 0000:00: root bus resource [io  0x0d00-0xffff window]
[    0.391660] pci_bus 0000:00: root bus resource [mem 0x000a0000-0x000bffff window]
[    0.391661] pci_bus 0000:00: root bus resource [mem 0x000c0000-0x000c3fff window]
[    0.391662] pci_bus 0000:00: root bus resource [mem 0x000c4000-0x000c7fff window]
[    0.391663] pci_bus 0000:00: root bus resource [mem 0x000c8000-0x000cbfff window]
[    0.391663] pci_bus 0000:00: root bus resource [mem 0x000cc000-0x000cffff window]
[    0.391664] pci_bus 0000:00: root bus resource [mem 0x000d0000-0x000d3fff window]
[    0.391665] pci_bus 0000:00: root bus resource [mem 0x000d4000-0x000d7fff window]
[    0.391666] pci_bus 0000:00: root bus resource [mem 0x000d8000-0x000dbfff window]
[    0.391667] pci_bus 0000:00: root bus resource [mem 0x000dc000-0x000dffff window]
[    0.391668] pci_bus 0000:00: root bus resource [mem 0x000e0000-0x000e3fff window]
[    0.391669] pci_bus 0000:00: root bus resource [mem 0x000e4000-0x000e7fff window]
[    0.391670] pci_bus 0000:00: root bus resource [mem 0x000e8000-0x000ebfff window]
[    0.391671] pci_bus 0000:00: root bus resource [mem 0x000ec000-0x000effff window]
[    0.391672] pci_bus 0000:00: root bus resource [mem 0x000f0000-0x000fffff window]
[    0.391673] pci_bus 0000:00: root bus resource [mem 0x7fa00000-0xfeafffff window]
[    0.391674] pci_bus 0000:00: root bus resource [mem 0xfed40000-0xfed44fff window]
[    0.391675] pci_bus 0000:00: root bus resource [bus 00-ff]
[    0.391681] pci 0000:00:00.0: [8086:0d04] type 00 class 0x060000
[    0.391748] pci 0000:00:01.0: [8086:0d01] type 01 class 0x060400
[    0.391779] pci 0000:00:01.0: PME# supported from D0 D3hot D3cold
[    0.391824] pci 0000:00:01.1: [8086:0d05] type 01 class 0x060400
[    0.391852] pci 0000:00:01.1: PME# supported from D0 D3hot D3cold
[    0.391923] pci 0000:00:02.0: [8086:0d26] type 00 class 0x030000
[    0.391932] pci 0000:00:02.0: reg 0x10: [mem 0xa0000000-0xa03fffff 64bit]
[    0.391936] pci 0000:00:02.0: reg 0x18: [mem 0x90000000-0x9fffffff 64bit pref]
[    0.391939] pci 0000:00:02.0: reg 0x20: [io  0x3000-0x303f]
[    0.391948] pci 0000:00:02.0: BAR 2: assigned to efifb
[    0.391997] pci 0000:00:03.0: [8086:0d0c] type 00 class 0x040300
[    0.392004] pci 0000:00:03.0: reg 0x10: [mem 0xa0c10000-0xa0c13fff 64bit]
[    0.392082] pci 0000:00:14.0: [8086:8c31] type 00 class 0x0c0330
[    0.392100] pci 0000:00:14.0: reg 0x10: [mem 0xa0c00000-0xa0c0ffff 64bit]
[    0.392151] pci 0000:00:14.0: PME# supported from D3hot D3cold
[    0.392227] pci 0000:00:16.0: [8086:8c3a] type 00 class 0x078000
[    0.392247] pci 0000:00:16.0: reg 0x10: [mem 0xa0c19100-0xa0c1910f 64bit]
[    0.392298] pci 0000:00:16.0: PME# supported from D0 D3hot D3cold
[    0.392355] pci 0000:00:1b.0: [8086:8c20] type 00 class 0x040300
[    0.392372] pci 0000:00:1b.0: reg 0x10: [mem 0xa0c14000-0xa0c17fff 64bit]
[    0.392431] pci 0000:00:1b.0: PME# supported from D0 D3hot D3cold
[    0.392480] pci 0000:00:1c.0: [8086:8c10] type 01 class 0x060400
[    0.392522] pci 0000:00:1c.0: claimed MacBook Pro poweroff workaround [mem 0x7fa00000-0x7fbfffff]
[    0.392566] pci 0000:00:1c.0: PME# supported from D0 D3hot D3cold
[    0.392626] pci 0000:00:1c.2: [8086:8c14] type 01 class 0x060400
[    0.392696] pci 0000:00:1c.2: PME# supported from D0 D3hot D3cold
[    0.392752] pci 0000:00:1c.3: [8086:8c16] type 01 class 0x060400
[    0.392821] pci 0000:00:1c.3: PME# supported from D0 D3hot D3cold
[    0.392883] pci 0000:00:1f.0: [8086:8c4b] type 00 class 0x060100
[    0.393016] pci 0000:00:1f.3: [8086:8c22] type 00 class 0x0c0500
[    0.393032] pci 0000:00:1f.3: reg 0x10: [mem 0xa0c19000-0xa0c190ff 64bit]
[    0.393049] pci 0000:00:1f.3: reg 0x20: [io  0xefa0-0xefbf]
[    0.393107] pci 0000:00:1f.6: [8086:8c24] type 00 class 0x118000
[    0.393127] pci 0000:00:1f.6: reg 0x10: [mem 0xa0c18000-0xa0c18fff 64bit]
[    0.393278] pci 0000:01:00.0: [144d:a801] type 00 class 0x010601
[    0.393312] pci 0000:01:00.0: reg 0x24: [mem 0xa0b00000-0xa0b01fff]
[    0.393438] pci 0000:00:01.0: PCI bridge to [bus 01]
[    0.393441] pci 0000:00:01.0:   bridge window [mem 0xa0b00000-0xa0bfffff]
[    0.393489] pci 0000:05:00.0: [8086:156d] type 01 class 0x060400
[    0.393568] pci 0000:05:00.0: supports D1 D2
[    0.393569] pci 0000:05:00.0: PME# supported from D0 D1 D2 D3hot D3cold
[    0.393653] pci 0000:00:01.1: PCI bridge to [bus 05-9b]
[    0.393655] pci 0000:00:01.1:   bridge window [io  0x4000-0x6fff]
[    0.393657] pci 0000:00:01.1:   bridge window [mem 0xa0d00000-0xacdfffff]
[    0.393659] pci 0000:00:01.1:   bridge window [mem 0xace00000-0xb8dfffff 64bit pref]
[    0.393739] pci 0000:06:00.0: [8086:156d] type 01 class 0x060400
[    0.393826] pci 0000:06:00.0: supports D1 D2
[    0.393827] pci 0000:06:00.0: PME# supported from D0 D1 D2 D3hot D3cold
[    0.393888] pci 0000:06:03.0: [8086:156d] type 01 class 0x060400
[    0.393974] pci 0000:06:03.0: supports D1 D2
[    0.393975] pci 0000:06:03.0: PME# supported from D0 D1 D2 D3hot D3cold
[    0.394033] pci 0000:06:04.0: [8086:156d] type 01 class 0x060400
[    0.394119] pci 0000:06:04.0: supports D1 D2
[    0.394120] pci 0000:06:04.0: PME# supported from D0 D1 D2 D3hot D3cold
[    0.394179] pci 0000:06:05.0: [8086:156d] type 01 class 0x060400
[    0.394266] pci 0000:06:05.0: supports D1 D2
[    0.394267] pci 0000:06:05.0: PME# supported from D0 D1 D2 D3hot D3cold
[    0.394326] pci 0000:06:06.0: [8086:156d] type 01 class 0x060400
[    0.394413] pci 0000:06:06.0: supports D1 D2
[    0.394413] pci 0000:06:06.0: PME# supported from D0 D1 D2 D3hot D3cold
[    0.394482] pci 0000:05:00.0: PCI bridge to [bus 06-6b]
[    0.394486] pci 0000:05:00.0:   bridge window [io  0x4000-0x5fff]
[    0.394488] pci 0000:05:00.0:   bridge window [mem 0xa0d00000-0xa8dfffff]
[    0.394492] pci 0000:05:00.0:   bridge window [mem 0xace00000-0xb4dfffff 64bit pref]
[    0.394539] pci 0000:07:00.0: [8086:156c] type 00 class 0x088000
[    0.394564] pci 0000:07:00.0: reg 0x10: [mem 0xa0d00000-0xa0d3ffff]
[    0.394573] pci 0000:07:00.0: reg 0x14: [mem 0xa0d40000-0xa0d40fff]
[    0.394691] pci 0000:07:00.0: supports D1 D2
[    0.394692] pci 0000:07:00.0: PME# supported from D0 D1 D2 D3hot D3cold
[    0.394833] pci 0000:06:00.0: PCI bridge to [bus 07]
[    0.394839] pci 0000:06:00.0:   bridge window [mem 0xa0d00000-0xa0dfffff]
[    0.394892] pci 0000:06:03.0: PCI bridge to [bus 08-38]
[    0.394896] pci 0000:06:03.0:   bridge window [io  0x4000-0x4fff]
[    0.394898] pci 0000:06:03.0:   bridge window [mem 0xa0e00000-0xa4dfffff]
[    0.394902] pci 0000:06:03.0:   bridge window [mem 0xace00000-0xb0dfffff 64bit pref]
[    0.394952] pci 0000:06:04.0: PCI bridge to [bus 39]
[    0.395007] pci 0000:06:05.0: PCI bridge to [bus 3a-6a]
[    0.395011] pci 0000:06:05.0:   bridge window [io  0x5000-0x5fff]
[    0.395014] pci 0000:06:05.0:   bridge window [mem 0xa4e00000-0xa8dfffff]
[    0.395017] pci 0000:06:05.0:   bridge window [mem 0xb0e00000-0xb4dfffff 64bit pref]
[    0.395044] pci 0000:06:06.0: PCI bridge to [bus 6b]
[    0.395109] pci 0000:00:1c.0: PCI bridge to [bus 02]
[    0.395205] pci 0000:03:00.0: [14e4:43ba] type 00 class 0x028000
[    0.395273] pci 0000:03:00.0: reg 0x10: [mem 0xa0800000-0xa0807fff 64bit]
[    0.395301] pci 0000:03:00.0: reg 0x18: [mem 0xa0400000-0xa07fffff 64bit]
[    0.395507] pci 0000:03:00.0: supports D1 D2
[    0.395508] pci 0000:03:00.0: PME# supported from D0 D1 D2 D3hot D3cold
[    0.395742] pci 0000:00:1c.2: PCI bridge to [bus 03]
[    0.395746] pci 0000:00:1c.2:   bridge window [mem 0xa0400000-0xa08fffff]
[    0.395807] pci 0000:04:00.0: [14e4:1570] type 00 class 0x048000
[    0.395839] pci 0000:04:00.0: reg 0x10: [mem 0xa0a00000-0xa0a0ffff 64bit]
[    0.395853] pci 0000:04:00.0: reg 0x18: [mem 0x80000000-0x8fffffff 64bit pref]
[    0.395868] pci 0000:04:00.0: reg 0x20: [mem 0xa0900000-0xa09fffff 64bit]
[    0.395954] pci 0000:04:00.0: supports D1
[    0.395955] pci 0000:04:00.0: PME# supported from D0 D3hot
[    0.396062] pci 0000:00:1c.3: PCI bridge to [bus 04]
[    0.396067] pci 0000:00:1c.3:   bridge window [mem 0xa0900000-0xa0afffff]
[    0.396071] pci 0000:00:1c.3:   bridge window [mem 0x80000000-0x8fffffff 64bit pref]
[    0.396801] ACPI: PCI Interrupt Link [LNKA] (IRQs 1 3 4 5 6 7 10 12 14 15) *0, disabled.
[    0.396847] ACPI: PCI Interrupt Link [LNKB] (IRQs 1 3 4 5 6 7 11 12 14 15) *0, disabled.
[    0.396892] ACPI: PCI Interrupt Link [LNKC] (IRQs 1 3 4 5 6 7 10 12 14 15) *0, disabled.
[    0.396937] ACPI: PCI Interrupt Link [LNKD] (IRQs 1 3 4 5 6 7 11 12 14 15) *0, disabled.
[    0.396972] ACPI: PCI Interrupt Link [LNKE] (IRQs 1 3 4 5 6 7 10 12 14 15) *0, disabled.
[    0.397017] ACPI: PCI Interrupt Link [LNKF] (IRQs 1 3 4 5 6 7 11 12 14 15) *0, disabled.
[    0.397057] ACPI: PCI Interrupt Link [LNKG] (IRQs 1 3 4 5 6 7 10 12 14 15) *0, disabled.
[    0.397102] ACPI: PCI Interrupt Link [LNKH] (IRQs 1 3 4 5 6 7 11 12 14 15) *0, disabled.
[    0.397243] ACPI: EC: interrupt unblocked
[    0.397260] ACPI: EC: event unblocked
[    0.397273] ACPI: \_SB_.PCI0.LPCB.EC__: GPE=0x17, EC_CMD/EC_SC=0x66, EC_DATA=0x62
[    0.397274] ACPI: \_SB_.PCI0.LPCB.EC__: Used as boot DSDT EC to handle transactions and events
[    0.397323] pci 0000:00:02.0: vgaarb: setting as boot VGA device
[    0.397323] pci 0000:00:02.0: vgaarb: VGA device added: decodes=io+mem,owns=io+mem,locks=none
[    0.397323] pci 0000:00:02.0: vgaarb: bridge control possible
[    0.397323] vgaarb: loaded
[    0.397323] SCSI subsystem initialized
[    0.397323] libata version 3.00 loaded.
[    0.397323] ACPI: bus type USB registered
[    0.397323] usbcore: registered new interface driver usbfs
[    0.397323] usbcore: registered new interface driver hub
[    0.397323] usbcore: registered new device driver usb
[    0.397323] pps_core: LinuxPPS API ver. 1 registered
[    0.397323] pps_core: Software ver. 5.3.6 - Copyright 2005-2007 Rodolfo Giometti <giometti@linux.it>
[    0.397323] PTP clock support registered
[    0.397335] EDAC MC: Ver: 3.0.0
[    0.397344] Registered efivars operations
[    0.494258] PCI: Using ACPI for IRQ routing
[    0.496475] PCI: pci_cache_line_size set to 64 bytes
[    0.496607] e820: reserve RAM buffer [mem 0x00058000-0x0005ffff]
[    0.496608] e820: reserve RAM buffer [mem 0x662f4710-0x67ffffff]
[    0.496609] e820: reserve RAM buffer [mem 0x78d01000-0x7bffffff]
[    0.496610] e820: reserve RAM buffer [mem 0x78d5d000-0x7bffffff]
[    0.496611] e820: reserve RAM buffer [mem 0x78e3a000-0x7bffffff]
[    0.496612] e820: reserve RAM buffer [mem 0x78ecc000-0x7bffffff]
[    0.496613] e820: reserve RAM buffer [mem 0x78f85000-0x7bffffff]
[    0.496614] e820: reserve RAM buffer [mem 0x79000000-0x7bffffff]
[    0.496615] e820: reserve RAM buffer [mem 0x47f600000-0x47fffffff]
[    0.497239] NetLabel: Initializing
[    0.497239] NetLabel:  domain hash size = 128
[    0.497239] NetLabel:  protocols = UNLABELED CIPSOv4 CALIPSO
[    0.497239] NetLabel:  unlabeled traffic allowed by default
[    0.497313] hpet0: at MMIO 0xfed00000, IRQs 2, 8, 0, 0, 0, 0, 0, 0
[    0.497316] hpet0: 8 comparators, 64-bit 14.318180 MHz counter
[    0.499256] clocksource: Switched to clocksource tsc-early
[    0.508820] VFS: Disk quotas dquot_6.6.0
[    0.508834] VFS: Dquot-cache hash table entries: 512 (order 0, 4096 bytes)
[    0.508880] pnp: PnP ACPI init
[    0.509538] system 00:00: [mem 0xfed00000-0xfed03fff] has been reserved
[    0.509543] system 00:00: Plug and Play ACPI device, IDs PNP0103 PNP0c01 (active)
[    0.509576] system 00:01: [io  0xffff] has been reserved
[    0.509577] system 00:01: [io  0x1800-0x187f] has been reserved
[    0.509579] system 00:01: [io  0x0800-0x087f] has been reserved
[    0.509581] system 00:01: Plug and Play ACPI device, IDs PNP0c02 (active)
[    0.509593] pnp 00:02: Plug and Play ACPI device, IDs PNP0b00 (active)
[    0.509639] pnp 00:03: Plug and Play ACPI device, IDs APP000b (active)
[    0.509738] system 00:04: [mem 0xfed1c000-0xfed1ffff] has been reserved
[    0.509740] system 00:04: [mem 0xfed10000-0xfed17fff] has been reserved
[    0.509741] system 00:04: [mem 0xfed18000-0xfed18fff] has been reserved
[    0.509742] system 00:04: [mem 0xfed19000-0xfed19fff] has been reserved
[    0.509743] system 00:04: [mem 0xe0000000-0xefffffff] could not be reserved
[    0.509744] system 00:04: [mem 0xfed20000-0xfed3ffff] has been reserved
[    0.509746] system 00:04: [mem 0xfed90000-0xfed93fff] could not be reserved
[    0.509747] system 00:04: [mem 0xfed45000-0xfed8ffff] has been reserved
[    0.509748] system 00:04: [mem 0xff000000-0xffffffff] could not be reserved
[    0.509749] system 00:04: [mem 0xfee00000-0xfeefffff] has been reserved
[    0.509752] system 00:04: Plug and Play ACPI device, IDs PNP0c02 (active)
[    0.509789] system 00:05: [mem 0x20000000-0x201fffff] could not be reserved
[    0.509790] system 00:05: [mem 0x40000000-0x401fffff] could not be reserved
[    0.509792] system 00:05: Plug and Play ACPI device, IDs PNP0c01 (active)
[    0.509904] pnp: PnP ACPI: found 6 devices
[    0.510718] pci 0000:07:00.0: assigning 8 device properties
[    0.510726] pci 0000:00:1b.0: assigning 4 device properties
[    0.510731] pci 0000:00:02.0: assigning 2 device properties
[    0.515300] clocksource: acpi_pm: mask: 0xffffff max_cycles: 0xffffff, max_idle_ns: 2085701024 ns
[    0.515334] pci 0000:06:00.0: bridge window [io  0x1000-0x0fff] to [bus 07] add_size 1000
[    0.515336] pci 0000:06:00.0: bridge window [mem 0x00100000-0x000fffff 64bit pref] to [bus 07] add_size 200000 add_align 100000
[    0.515347] pci 0000:06:04.0: bridge window [io  0x1000-0x0fff] to [bus 39] add_size 1000
[    0.515348] pci 0000:06:04.0: bridge window [mem 0x00100000-0x000fffff 64bit pref] to [bus 39] add_size 200000 add_align 100000
[    0.515349] pci 0000:06:04.0: bridge window [mem 0x00100000-0x000fffff] to [bus 39] add_size 200000 add_align 100000
[    0.515360] pci 0000:06:06.0: bridge window [io  0x1000-0x0fff] to [bus 6b] add_size 1000
[    0.515361] pci 0000:06:06.0: bridge window [mem 0x00100000-0x000fffff 64bit pref] to [bus 6b] add_size 200000 add_align 100000
[    0.515362] pci 0000:06:06.0: bridge window [mem 0x00100000-0x000fffff] to [bus 6b] add_size 200000 add_align 100000
[    0.515381] pci 0000:00:1c.0: bridge window [io  0x1000-0x0fff] to [bus 02] add_size 1000
[    0.515382] pci 0000:00:1c.0: bridge window [mem 0x00100000-0x000fffff 64bit pref] to [bus 02] add_size 200000 add_align 100000
[    0.515383] pci 0000:00:1c.0: bridge window [mem 0x00100000-0x000fffff] to [bus 02] add_size 200000 add_align 100000
[    0.515403] pci 0000:00:1c.0: BAR 14: assigned [mem 0x7fc00000-0x7fdfffff]
[    0.515410] pci 0000:00:1c.0: BAR 15: assigned [mem 0x7fe00000-0x7fffffff 64bit pref]
[    0.515411] pci 0000:00:1c.0: BAR 13: assigned [io  0x2000-0x2fff]
[    0.515414] pci 0000:00:01.0: PCI bridge to [bus 01]
[    0.515416] pci 0000:00:01.0:   bridge window [mem 0xa0b00000-0xa0bfffff]
[    0.515423] pci 0000:06:00.0: BAR 15: no space for [mem size 0x00200000 64bit pref]
[    0.515424] pci 0000:06:00.0: BAR 15: failed to assign [mem size 0x00200000 64bit pref]
[    0.515425] pci 0000:06:04.0: BAR 14: no space for [mem size 0x00200000]
[    0.515426] pci 0000:06:04.0: BAR 14: failed to assign [mem size 0x00200000]
[    0.515428] pci 0000:06:04.0: BAR 15: no space for [mem size 0x00200000 64bit pref]
[    0.515429] pci 0000:06:04.0: BAR 15: failed to assign [mem size 0x00200000 64bit pref]
[    0.515430] pci 0000:06:06.0: BAR 14: no space for [mem size 0x00200000]
[    0.515431] pci 0000:06:06.0: BAR 14: failed to assign [mem size 0x00200000]
[    0.515433] pci 0000:06:06.0: BAR 15: no space for [mem size 0x00200000 64bit pref]
[    0.515434] pci 0000:06:06.0: BAR 15: failed to assign [mem size 0x00200000 64bit pref]
[    0.515435] pci 0000:06:00.0: BAR 13: no space for [io  size 0x1000]
[    0.515436] pci 0000:06:00.0: BAR 13: failed to assign [io  size 0x1000]
[    0.515437] pci 0000:06:04.0: BAR 13: no space for [io  size 0x1000]
[    0.515437] pci 0000:06:04.0: BAR 13: failed to assign [io  size 0x1000]
[    0.515438] pci 0000:06:06.0: BAR 13: no space for [io  size 0x1000]
[    0.515439] pci 0000:06:06.0: BAR 13: failed to assign [io  size 0x1000]
[    0.515441] pci 0000:06:06.0: BAR 14: no space for [mem size 0x00200000]
[    0.515442] pci 0000:06:06.0: BAR 14: failed to assign [mem size 0x00200000]
[    0.515444] pci 0000:06:06.0: BAR 15: no space for [mem size 0x00200000 64bit pref]
[    0.515445] pci 0000:06:06.0: BAR 15: failed to assign [mem size 0x00200000 64bit pref]
[    0.515446] pci 0000:06:06.0: BAR 13: no space for [io  size 0x1000]
[    0.515447] pci 0000:06:06.0: BAR 13: failed to assign [io  size 0x1000]
[    0.515448] pci 0000:06:04.0: BAR 14: no space for [mem size 0x00200000]
[    0.515449] pci 0000:06:04.0: BAR 14: failed to assign [mem size 0x00200000]
[    0.515450] pci 0000:06:04.0: BAR 15: no space for [mem size 0x00200000 64bit pref]
[    0.515451] pci 0000:06:04.0: BAR 15: failed to assign [mem size 0x00200000 64bit pref]
[    0.515452] pci 0000:06:04.0: BAR 13: no space for [io  size 0x1000]
[    0.515453] pci 0000:06:04.0: BAR 13: failed to assign [io  size 0x1000]
[    0.515455] pci 0000:06:00.0: BAR 15: no space for [mem size 0x00200000 64bit pref]
[    0.515456] pci 0000:06:00.0: BAR 15: failed to assign [mem size 0x00200000 64bit pref]
[    0.515457] pci 0000:06:00.0: BAR 13: no space for [io  size 0x1000]
[    0.515458] pci 0000:06:00.0: BAR 13: failed to assign [io  size 0x1000]
[    0.515459] pci 0000:06:00.0: PCI bridge to [bus 07]
[    0.515462] pci 0000:06:00.0:   bridge window [mem 0xa0d00000-0xa0dfffff]
[    0.515468] pci 0000:06:03.0: PCI bridge to [bus 08-38]
[    0.515470] pci 0000:06:03.0:   bridge window [io  0x4000-0x4fff]
[    0.515473] pci 0000:06:03.0:   bridge window [mem 0xa0e00000-0xa4dfffff]
[    0.515476] pci 0000:06:03.0:   bridge window [mem 0xace00000-0xb0dfffff 64bit pref]
[    0.515480] pci 0000:06:04.0: PCI bridge to [bus 39]
[    0.515488] pci 0000:06:05.0: PCI bridge to [bus 3a-6a]
[    0.515490] pci 0000:06:05.0:   bridge window [io  0x5000-0x5fff]
[    0.515493] pci 0000:06:05.0:   bridge window [mem 0xa4e00000-0xa8dfffff]
[    0.515495] pci 0000:06:05.0:   bridge window [mem 0xb0e00000-0xb4dfffff 64bit pref]
[    0.515499] pci 0000:06:06.0: PCI bridge to [bus 6b]
[    0.515507] pci 0000:05:00.0: PCI bridge to [bus 06-6b]
[    0.515509] pci 0000:05:00.0:   bridge window [io  0x4000-0x5fff]
[    0.515512] pci 0000:05:00.0:   bridge window [mem 0xa0d00000-0xa8dfffff]
[    0.515514] pci 0000:05:00.0:   bridge window [mem 0xace00000-0xb4dfffff 64bit pref]
[    0.515518] pci 0000:00:01.1: PCI bridge to [bus 05-9b]
[    0.515519] pci 0000:00:01.1:   bridge window [io  0x4000-0x6fff]
[    0.515521] pci 0000:00:01.1:   bridge window [mem 0xa0d00000-0xacdfffff]
[    0.515523] pci 0000:00:01.1:   bridge window [mem 0xace00000-0xb8dfffff 64bit pref]
[    0.515525] pci 0000:00:1c.0: PCI bridge to [bus 02]
[    0.515533] pci 0000:00:1c.0:   bridge window [io  0x2000-0x2fff]
[    0.515537] pci 0000:00:1c.0:   bridge window [mem 0x7fc00000-0x7fdfffff]
[    0.515540] pci 0000:00:1c.0:   bridge window [mem 0x7fe00000-0x7fffffff 64bit pref]
[    0.515545] pci 0000:00:1c.2: PCI bridge to [bus 03]
[    0.515550] pci 0000:00:1c.2:   bridge window [mem 0xa0400000-0xa08fffff]
[    0.515556] pci 0000:00:1c.3: PCI bridge to [bus 04]
[    0.515560] pci 0000:00:1c.3:   bridge window [mem 0xa0900000-0xa0afffff]
[    0.515563] pci 0000:00:1c.3:   bridge window [mem 0x80000000-0x8fffffff 64bit pref]
[    0.515569] pci_bus 0000:00: resource 4 [io  0x0000-0x0cf7 window]
[    0.515570] pci_bus 0000:00: resource 5 [io  0x0d00-0xffff window]
[    0.515571] pci_bus 0000:00: resource 6 [mem 0x000a0000-0x000bffff window]
[    0.515572] pci_bus 0000:00: resource 7 [mem 0x000c0000-0x000c3fff window]
[    0.515573] pci_bus 0000:00: resource 8 [mem 0x000c4000-0x000c7fff window]
[    0.515574] pci_bus 0000:00: resource 9 [mem 0x000c8000-0x000cbfff window]
[    0.515575] pci_bus 0000:00: resource 10 [mem 0x000cc000-0x000cffff window]
[    0.515576] pci_bus 0000:00: resource 11 [mem 0x000d0000-0x000d3fff window]
[    0.515576] pci_bus 0000:00: resource 12 [mem 0x000d4000-0x000d7fff window]
[    0.515577] pci_bus 0000:00: resource 13 [mem 0x000d8000-0x000dbfff window]
[    0.515578] pci_bus 0000:00: resource 14 [mem 0x000dc000-0x000dffff window]
[    0.515579] pci_bus 0000:00: resource 15 [mem 0x000e0000-0x000e3fff window]
[    0.515580] pci_bus 0000:00: resource 16 [mem 0x000e4000-0x000e7fff window]
[    0.515581] pci_bus 0000:00: resource 17 [mem 0x000e8000-0x000ebfff window]
[    0.515582] pci_bus 0000:00: resource 18 [mem 0x000ec000-0x000effff window]
[    0.515583] pci_bus 0000:00: resource 19 [mem 0x000f0000-0x000fffff window]
[    0.515584] pci_bus 0000:00: resource 20 [mem 0x7fa00000-0xfeafffff window]
[    0.515585] pci_bus 0000:00: resource 21 [mem 0xfed40000-0xfed44fff window]
[    0.515586] pci_bus 0000:01: resource 1 [mem 0xa0b00000-0xa0bfffff]
[    0.515587] pci_bus 0000:05: resource 0 [io  0x4000-0x6fff]
[    0.515588] pci_bus 0000:05: resource 1 [mem 0xa0d00000-0xacdfffff]
[    0.515589] pci_bus 0000:05: resource 2 [mem 0xace00000-0xb8dfffff 64bit pref]
[    0.515590] pci_bus 0000:06: resource 0 [io  0x4000-0x5fff]
[    0.515591] pci_bus 0000:06: resource 1 [mem 0xa0d00000-0xa8dfffff]
[    0.515592] pci_bus 0000:06: resource 2 [mem 0xace00000-0xb4dfffff 64bit pref]
[    0.515593] pci_bus 0000:07: resource 1 [mem 0xa0d00000-0xa0dfffff]
[    0.515594] pci_bus 0000:08: resource 0 [io  0x4000-0x4fff]
[    0.515595] pci_bus 0000:08: resource 1 [mem 0xa0e00000-0xa4dfffff]
[    0.515596] pci_bus 0000:08: resource 2 [mem 0xace00000-0xb0dfffff 64bit pref]
[    0.515597] pci_bus 0000:3a: resource 0 [io  0x5000-0x5fff]
[    0.515598] pci_bus 0000:3a: resource 1 [mem 0xa4e00000-0xa8dfffff]
[    0.515599] pci_bus 0000:3a: resource 2 [mem 0xb0e00000-0xb4dfffff 64bit pref]
[    0.515600] pci_bus 0000:02: resource 0 [io  0x2000-0x2fff]
[    0.515601] pci_bus 0000:02: resource 1 [mem 0x7fc00000-0x7fdfffff]
[    0.515602] pci_bus 0000:02: resource 2 [mem 0x7fe00000-0x7fffffff 64bit pref]
[    0.515603] pci_bus 0000:03: resource 1 [mem 0xa0400000-0xa08fffff]
[    0.515604] pci_bus 0000:04: resource 1 [mem 0xa0900000-0xa0afffff]
[    0.515605] pci_bus 0000:04: resource 2 [mem 0x80000000-0x8fffffff 64bit pref]
[    0.515700] NET: Registered protocol family 2
[    0.515798] tcp_listen_portaddr_hash hash table entries: 8192 (order: 5, 131072 bytes)
[    0.515840] TCP established hash table entries: 131072 (order: 8, 1048576 bytes)
[    0.515987] TCP bind hash table entries: 65536 (order: 8, 1048576 bytes)
[    0.516104] TCP: Hash tables configured (established 131072 bind 65536)
[    0.516133] UDP hash table entries: 8192 (order: 6, 262144 bytes)
[    0.516169] UDP-Lite hash table entries: 8192 (order: 6, 262144 bytes)
[    0.516228] NET: Registered protocol family 1
[    0.516231] NET: Registered protocol family 44
[    0.516239] pci 0000:00:02.0: Video device with shadowed ROM at [mem 0x000c0000-0x000dffff]
[    0.516466] PCI: CLS 256 bytes, default 64
[    0.516494] Unpacking initramfs...
[    1.655839] Freeing initrd memory: 92880K
[    1.661285] PCI-DMA: Using software bounce buffering for IO (SWIOTLB)
[    1.661288] software IO TLB: mapped [mem 0x5f070000-0x63070000] (64MB)
[    1.664453] Initialise system trusted keyrings
[    1.664467] Key type blacklist registered
[    1.664510] workingset: timestamp_bits=36 max_order=22 bucket_order=0
[    1.665772] zbud: loaded
[    1.797712] alg: No test for 842 (842-generic)
[    1.798293] alg: No test for 842 (842-scomp)
[    1.819174] NET: Registered protocol family 38
[    1.819176] Key type asymmetric registered
[    1.819177] Asymmetric key parser 'x509' registered
[    1.819184] Block layer SCSI generic (bsg) driver version 0.4 loaded (major 243)
[    1.819211] io scheduler mq-deadline registered
[    1.819279] atomic64_test: passed for x86-64 platform with CX8 and with SSE
[    1.819654] pciehp 0000:00:1c.0:pcie004: Slot #0 AttnBtn- PwrCtrl- MRL- AttnInd- PwrInd- HotPlug+ Surprise+ Interlock- NoCompl+ LLActRep+
[    1.820120] pciehp 0000:06:00.0:pcie204: Slot #0 AttnBtn- PwrCtrl- MRL- AttnInd- PwrInd- HotPlug+ Surprise+ Interlock- NoCompl+ LLActRep+
[    1.820271] pciehp 0000:06:03.0:pcie204: Slot #3 AttnBtn- PwrCtrl- MRL- AttnInd- PwrInd- HotPlug+ Surprise+ Interlock- NoCompl+ LLActRep+
[    1.820418] pciehp 0000:06:04.0:pcie204: Slot #4 AttnBtn- PwrCtrl- MRL- AttnInd- PwrInd- HotPlug+ Surprise+ Interlock- NoCompl+ LLActRep+
[    1.820561] pciehp 0000:06:05.0:pcie204: Slot #5 AttnBtn- PwrCtrl- MRL- AttnInd- PwrInd- HotPlug+ Surprise+ Interlock- NoCompl+ LLActRep+
[    1.820711] pciehp 0000:06:06.0:pcie204: Slot #6 AttnBtn- PwrCtrl- MRL- AttnInd- PwrInd- HotPlug+ Surprise+ Interlock- NoCompl+ LLActRep+
[    1.820789] shpchp: Standard Hot Plug PCI Controller Driver version: 0.4
[    1.820805] efifb: probing for efifb
[    1.820817] efifb: No BGRT, not showing boot graphics
[    1.820818] efifb: framebuffer at 0x90000000, using 20700k, total 20700k
[    1.820819] efifb: mode is 2880x1800x32, linelength=11776, pages=1
[    1.820820] efifb: scrolling: redraw
[    1.820821] efifb: Truecolor: size=8:8:8:8, shift=24:16:8:0
[    1.820853] fbcon: Deferring console take-over
[    1.820854] fb0: EFI VGA frame buffer device
[    1.820859] intel_idle: MWAIT substates: 0x42120
[    1.820860] intel_idle: v0.4.1 model 0x46
[    1.821087] intel_idle: lapic_timer_reliable_states 0xffffffff
[    1.821173] ACPI: AC Adapter [ADP1] (on-line)
[    1.821218] input: Lid Switch as /devices/LNXSYSTM:00/LNXSYBUS:00/PNP0C0D:00/input/input0
[    1.821239] ACPI: Lid Switch [LID0]
[    1.821273] input: Power Button as /devices/LNXSYSTM:00/LNXSYBUS:00/PNP0C0C:00/input/input1
[    1.821279] ACPI: Power Button [PWRB]
[    1.821300] input: Sleep Button as /devices/LNXSYSTM:00/LNXSYBUS:00/PNP0C0E:00/input/input2
[    1.821304] ACPI: Sleep Button [SLPB]
[    1.821322] input: Power Button as /devices/LNXSYSTM:00/LNXPWRBN:00/input/input3
[    1.821332] ACPI: Power Button [PWRF]
[    1.822361] Serial: 8250/16550 driver, 32 ports, IRQ sharing enabled
[    1.823754] Non-volatile memory driver v1.3
[    1.823785] Linux agpgart interface v0.103
[    1.824450] ahci 0000:01:00.0: version 3.0
[    1.855099] ahci 0000:01:00.0: AHCI 0001.0300 32 slots 1 ports 6 Gbps 0x1 impl SATA mode
[    1.855103] ahci 0000:01:00.0: flags: 64bit ncq led clo only pio ccc 
[    1.855545] scsi host0: ahci
[    1.855643] ata1: SATA max UDMA/133 abar m8192@0xa0b00000 port 0xa0b00100 irq 33
[    1.855731] libphy: Fixed MDIO Bus: probed
[    1.855873] ehci_hcd: USB 2.0 'Enhanced' Host Controller (EHCI) Driver
[    1.855878] ehci-pci: EHCI PCI platform driver
[    1.855894] ohci_hcd: USB 1.1 'Open' Host Controller (OHCI) Driver
[    1.855896] ohci-pci: OHCI PCI platform driver
[    1.855906] uhci_hcd: USB Universal Host Controller Interface driver
[    1.856083] xhci_hcd 0000:00:14.0: xHCI Host Controller
[    1.856210] xhci_hcd 0000:00:14.0: new USB bus registered, assigned bus number 1
[    1.857301] xhci_hcd 0000:00:14.0: hcc params 0x200077c1 hci version 0x100 quirks 0x0000000000009810
[    1.857307] xhci_hcd 0000:00:14.0: cache line size of 256 is not supported
[    1.857500] usb usb1: New USB device found, idVendor=1d6b, idProduct=0002, bcdDevice= 5.00
[    1.857502] usb usb1: New USB device strings: Mfr=3, Product=2, SerialNumber=1
[    1.857503] usb usb1: Product: xHCI Host Controller
[    1.857504] usb usb1: Manufacturer: Linux 5.0.0-rc8+ xhci-hcd
[    1.857505] usb usb1: SerialNumber: 0000:00:14.0
[    1.857655] hub 1-0:1.0: USB hub found
[    1.857675] hub 1-0:1.0: 14 ports detected
[    1.857984] xhci_hcd 0000:00:14.0: xHCI Host Controller
[    1.858078] xhci_hcd 0000:00:14.0: new USB bus registered, assigned bus number 2
[    1.858081] xhci_hcd 0000:00:14.0: Host supports USB 3.0  SuperSpeed
[    1.858136] usb usb2: New USB device found, idVendor=1d6b, idProduct=0003, bcdDevice= 5.00
[    1.858137] usb usb2: New USB device strings: Mfr=3, Product=2, SerialNumber=1
[    1.858138] usb usb2: Product: xHCI Host Controller
[    1.858139] usb usb2: Manufacturer: Linux 5.0.0-rc8+ xhci-hcd
[    1.858139] usb usb2: SerialNumber: 0000:00:14.0
[    1.858211] hub 2-0:1.0: USB hub found
[    1.858226] hub 2-0:1.0: 6 ports detected
[    1.858262] usb: port power management may be unreliable
[    1.858388] usbcore: registered new interface driver usbserial_generic
[    1.858392] usbserial: USB Serial support registered for generic
[    1.858407] i8042: PNP: No PS/2 controller found.
[    1.858450] mousedev: PS/2 mouse device common for all mice
[    1.858656] rtc_cmos 00:02: RTC can wake from S4
[    1.858808] rtc_cmos 00:02: registered as rtc0
[    1.858809] rtc_cmos 00:02: alarms up to one month, y3k, 242 bytes nvram, hpet irqs
[    1.858874] device-mapper: uevent: version 1.0.3
[    1.858931] device-mapper: ioctl: 4.39.0-ioctl (2018-04-03) initialised: dm-devel@redhat.com
[    1.859023] intel_pstate: Intel P-state driver initializing
[    1.859547] hidraw: raw HID events driver (C) Jiri Kosina
[    1.859626] usbcore: registered new interface driver usbhid
[    1.859628] usbhid: USB HID core driver
[    1.859892] drop_monitor: Initializing network drop monitor service
[    1.860264] Initializing XFRM netlink socket
[    1.860550] NET: Registered protocol family 10
[    1.869590] Segment Routing with IPv6
[    1.869644] mip6: Mobile IPv6
[    1.869648] NET: Registered protocol family 17
[    1.871190] RAS: Correctable Errors collector initialized.
[    1.871279] microcode: sig=0x40661, pf=0x20, revision=0x1a
[    1.871587] microcode: Microcode Update Driver: v2.2.
[    1.871606] AVX2 version of gcm_enc/dec engaged.
[    1.871608] AES CTR mode by8 optimization enabled
[    1.905377] sched_clock: Marking stable (1905107082, 256701)->(1988545741, -83181958)
[    1.905682] registered taskstats version 1
[    1.905694] Loading compiled-in X.509 certificates
[    1.940303] Loaded X.509 cert 'Build time autogenerated kernel key: 307e4e8a55fe74f83f10b61aeadbf24a5fc6325b'
[    1.940319] zswap: loaded using pool lzo/zbud
[    1.946053] Key type big_key registered
[    1.949041] Key type encrypted registered
[    1.949048] ima: No TPM chip found, activating TPM-bypass!
[    1.949054] ima: Allocated hash algorithm: sha1
[    1.949059] No architecture policies found
[    1.949661]   Magic number: 7:145:246
[    1.949728] acpi device:5c: hash matches
[    1.949748] memory memory120: hash matches
[    1.949809] rtc_cmos 00:02: setting system clock to 2019-02-25T20:12:09 UTC (1551125529)
[    2.179514] usb 2-4: new SuperSpeed Gen 1 USB device number 2 using xhci_hcd
[    2.183912] ata1: SATA link up 6.0 Gbps (SStatus 133 SControl 300)
[    2.185916] ata1.00: unexpected _GTF length (8)
[    2.186147] ata1.00: ATA-8: APPLE SSD SM0256G, BXW1SA0Q, max UDMA/133
[    2.186149] ata1.00: 490234752 sectors, multi 16: LBA48 NCQ (depth 32), AA
[    2.186641] ata1.00: unexpected _GTF length (8)
[    2.186875] ata1.00: configured for UDMA/133
[    2.187100] scsi 0:0:0:0: Direct-Access     ATA      APPLE SSD SM0256 SA0Q PQ: 0 ANSI: 5
[    2.187310] sd 0:0:0:0: Attached scsi generic sg0 type 0
[    2.187387] sd 0:0:0:0: [sda] 490234752 512-byte logical blocks: (251 GB/234 GiB)
[    2.187390] sd 0:0:0:0: [sda] 4096-byte physical blocks
[    2.187402] sd 0:0:0:0: [sda] Write Protect is off
[    2.187404] sd 0:0:0:0: [sda] Mode Sense: 00 3a 00 00
[    2.187424] sd 0:0:0:0: [sda] Write cache: enabled, read cache: enabled, doesn't support DPO or FUA
[    2.188682]  sda: sda1 sda2 sda3 sda4
[    2.189130] sd 0:0:0:0: [sda] Attached SCSI disk
[    2.190077] Freeing unused decrypted memory: 2040K
[    2.190398] Freeing unused kernel image memory: 2152K
[    2.195034] usb 2-4: New USB device found, idVendor=05ac, idProduct=8406, bcdDevice= 8.20
[    2.195036] usb 2-4: New USB device strings: Mfr=3, Product=4, SerialNumber=5
[    2.195037] usb 2-4: Product: Card Reader
[    2.195039] usb 2-4: Manufacturer: Apple
[    2.195040] usb 2-4: SerialNumber: 000000000820
[    2.197299] Write protecting the kernel read-only data: 18432k
[    2.197843] Freeing unused kernel image memory: 2020K
[    2.197932] Freeing unused kernel image memory: 68K
[    2.205354] x86/mm: Checked W+X mappings: passed, no W+X pages found.
[    2.205359] rodata_test: all tests were successful
[    2.205360] x86/mm: Checking user space page tables
[    2.212153] x86/mm: Checked W+X mappings: passed, no W+X pages found.
[    2.212155] Run /init as init process
[    2.314182] usb 1-8: new full-speed USB device number 2 using xhci_hcd
[    2.406192] systemd[1]: systemd 239 running in system mode. (+PAM +AUDIT +SELINUX +IMA -APPARMOR +SMACK +SYSVINIT +UTMP +LIBCRYPTSETUP +GCRYPT +GNUTLS +ACL +XZ +LZ4 +SECCOMP +BLKID +ELFUTILS +KMOD +IDN2 -IDN +PCRE2 default-hierarchy=hybrid)
[    2.418405] systemd[1]: Detected architecture x86-64.
[    2.418409] systemd[1]: Running in initial RAM disk.
[    2.421175] systemd[1]: Set hostname to <im-mac>.
[    2.453290] usb 1-8: New USB device found, idVendor=05ac, idProduct=8290, bcdDevice= 1.61
[    2.453293] usb 1-8: New USB device strings: Mfr=1, Product=2, SerialNumber=0
[    2.453294] usb 1-8: Product: Bluetooth USB Host Controller
[    2.453296] usb 1-8: Manufacturer: Broadcom Corp.
[    2.456178] input: Broadcom Corp. Bluetooth USB Host Controller as /devices/pci0000:00/0000:00:14.0/usb1/1-8/1-8:1.0/0003:05AC:8290.0001/input/input4
[    2.471402] systemd[1]: Listening on udev Kernel Socket.
[    2.471501] systemd[1]: Listening on Journal Socket (/dev/log).
[    2.472402] systemd[1]: Created slice system-systemd\x2dcryptsetup.slice.
[    2.472413] systemd[1]: Reached target Slices.
[    2.472417] systemd[1]: Reached target Timers.
[    2.472486] systemd[1]: Listening on Journal Socket.
[    2.507417] hid-generic 0003:05AC:8290.0001: input,hidraw0: USB HID v1.11 Keyboard [Broadcom Corp. Bluetooth USB Host Controller] on usb-0000:00:14.0-8/input0
[    2.507889] input: Broadcom Corp. Bluetooth USB Host Controller as /devices/pci0000:00/0000:00:14.0/usb1/1-8/1-8:1.1/0003:05AC:8290.0002/input/input5
[    2.508010] hid-generic 0003:05AC:8290.0002: input,hidraw1: USB HID v1.11 Mouse [Broadcom Corp. Bluetooth USB Host Controller] on usb-0000:00:14.0-8/input1
[    2.508291] audit: type=1130 audit(1551125530.058:2): pid=1 uid=0 auid=4294967295 ses=4294967295 subj=kernel msg='unit=systemd-sysctl comm="systemd" exe="/usr/lib/systemd/systemd" hostname=? addr=? terminal=? res=success'
[    2.519792] audit: type=1130 audit(1551125530.069:3): pid=1 uid=0 auid=4294967295 ses=4294967295 subj=kernel msg='unit=systemd-journald comm="systemd" exe="/usr/lib/systemd/systemd" hostname=? addr=? terminal=? res=success'
[    2.523459] audit: type=1130 audit(1551125530.073:4): pid=1 uid=0 auid=4294967295 ses=4294967295 subj=kernel msg='unit=systemd-vconsole-setup comm="systemd" exe="/usr/lib/systemd/systemd" hostname=? addr=? terminal=? res=success'
[    2.523461] audit: type=1131 audit(1551125530.073:5): pid=1 uid=0 auid=4294967295 ses=4294967295 subj=kernel msg='unit=systemd-vconsole-setup comm="systemd" exe="/usr/lib/systemd/systemd" hostname=? addr=? terminal=? res=success'
[    2.622259] usb 1-12: new full-speed USB device number 3 using xhci_hcd
[    2.689266] tsc: Refined TSC clocksource calibration: 2194.903 MHz
[    2.689275] clocksource: tsc: mask: 0xffffffffffffffff max_cycles: 0x1fa36414070, max_idle_ns: 440795290854 ns
[    2.689298] clocksource: Switched to clocksource tsc
[    2.697109] audit: type=1130 audit(1551125530.245:6): pid=1 uid=0 auid=4294967295 ses=4294967295 subj=kernel msg='unit=dracut-cmdline comm="systemd" exe="/usr/lib/systemd/systemd" hostname=? addr=? terminal=? res=success'
[    2.725603] audit: type=1130 audit(1551125530.274:7): pid=1 uid=0 auid=4294967295 ses=4294967295 subj=kernel msg='unit=dracut-pre-udev comm="systemd" exe="/usr/lib/systemd/systemd" hostname=? addr=? terminal=? res=success'
[    2.743708] audit: type=1130 audit(1551125530.292:8): pid=1 uid=0 auid=4294967295 ses=4294967295 subj=kernel msg='unit=systemd-udevd comm="systemd" exe="/usr/lib/systemd/systemd" hostname=? addr=? terminal=? res=success'
[    2.750095] usb 1-12: New USB device found, idVendor=05ac, idProduct=0274, bcdDevice= 6.24
[    2.750097] usb 1-12: New USB device strings: Mfr=1, Product=2, SerialNumber=3
[    2.750098] usb 1-12: Product: Apple Internal Keyboard / Trackpad
[    2.750099] usb 1-12: Manufacturer: Apple Inc.
[    2.750100] usb 1-12: SerialNumber: D3H61830CG1FTV4A16PF
[    2.763595] apple 0003:05AC:0274.0003: hiddev96,hidraw2: USB HID v1.10 Device [Apple Inc. Apple Internal Keyboard / Trackpad] on usb-0000:00:14.0-12/input0
[    2.763825] input: Apple Inc. Apple Internal Keyboard / Trackpad as /devices/pci0000:00/0000:00:14.0/usb1/1-12/1-12:1.1/0003:05AC:0274.0004/input/input6
[    2.805240] audit: type=1130 audit(1551125530.353:9): pid=1 uid=0 auid=4294967295 ses=4294967295 subj=kernel msg='unit=systemd-udev-trigger comm="systemd" exe="/usr/lib/systemd/systemd" hostname=? addr=? terminal=? res=success'
[    2.815412] apple 0003:05AC:0274.0004: input,hiddev97,hidraw3: USB HID v1.10 Keyboard [Apple Inc. Apple Internal Keyboard / Trackpad] on usb-0000:00:14.0-12/input1
[    2.815512] apple 0003:05AC:0274.0005: hiddev98,hidraw4: USB HID v1.10 Device [Apple Inc. Apple Internal Keyboard / Trackpad] on usb-0000:00:14.0-12/input3
[    2.815587] apple 0003:05AC:0274.0006: hiddev99,hidraw5: USB HID v1.10 Device [Apple Inc. Apple Internal Keyboard / Trackpad] on usb-0000:00:14.0-12/input4
[    2.821868] audit: type=1130 audit(1551125530.370:10): pid=1 uid=0 auid=4294967295 ses=4294967295 subj=kernel msg='unit=plymouth-start comm="systemd" exe="/usr/lib/systemd/systemd" hostname=? addr=? terminal=? res=success'
[    2.850916] usb-storage 2-4:1.0: USB Mass Storage device detected
[    2.851500] scsi host1: usb-storage 2-4:1.0
[    2.851618] usbcore: registered new interface driver usb-storage
[    2.858179] usbcore: registered new interface driver uas
[    3.107569] VFIO - User Level meta-driver version: 0.3
[    3.682179] [drm] Found 128MB of eDRAM
[    3.682312] checking generic (90000000 1437000) vs hw (90000000 10000000)
[    3.682313] fb0: switching to inteldrmfb from EFI VGA
[    3.682396] [drm] Replacing VGA console driver
[    3.682748] [drm] Supports vblank timestamp caching Rev 2 (21.10.2013).
[    3.682748] [drm] Driver supports precise vblank timestamp query.
[    3.682785] i915 0000:00:02.0: vgaarb: changed VGA decodes: olddecodes=io+mem,decodes=io+mem:owns=io+mem
[    3.697657] [drm] Initialized i915 1.6.0 20181204 for 0000:00:02.0 on minor 0
[    3.698511] ACPI: Video Device [IGPU] (multi-head: yes  rom: no  post: no)
[    3.699022] acpi device:57: registered as cooling_device8
[    3.699088] input: Video Bus as /devices/LNXSYSTM:00/LNXSYBUS:00/PNP0A08:00/LNXVIDEO:00/input/input7
[    3.705412] fbcon: inteldrmfb (fb0) is primary device
[    3.705414] fbcon: Deferring console take-over
[    3.705416] i915 0000:00:02.0: fb0: inteldrmfb frame buffer device
[    3.907780] scsi 1:0:0:0: Direct-Access     APPLE    SD Card Reader   3.00 PQ: 0 ANSI: 6
[    3.908207] sd 1:0:0:0: Attached scsi generic sg1 type 0
[    3.909788] sd 1:0:0:0: [sdb] Attached SCSI removable disk
[   17.018872] device-mapper: crypt: xts(aes) using implementation "xts-aes-aesni"
[   17.073929] kauditd_printk_skb: 3 callbacks suppressed
[   17.073930] audit: type=1130 audit(1551125544.622:14): pid=1 uid=0 auid=4294967295 ses=4294967295 subj=kernel msg='unit=systemd-cryptsetup@luks\x2ddd1fa933\x2def9f\x2d402b\x2da2e4\x2d7c9d6fb7ce0d comm="systemd" exe="/usr/lib/systemd/systemd" hostname=? addr=? terminal=? res=success'
[   17.262539] PM: Image not found (code -22)
[   17.263373] audit: type=1130 audit(1551125544.812:15): pid=1 uid=0 auid=4294967295 ses=4294967295 subj=kernel msg='unit=systemd-hibernate-resume@dev-mapper-im\x2d\x2dmac\x2dswap comm="systemd" exe="/usr/lib/systemd/systemd" hostname=? addr=? terminal=? res=success'
[   17.263380] audit: type=1131 audit(1551125544.812:16): pid=1 uid=0 auid=4294967295 ses=4294967295 subj=kernel msg='unit=systemd-hibernate-resume@dev-mapper-im\x2d\x2dmac\x2dswap comm="systemd" exe="/usr/lib/systemd/systemd" hostname=? addr=? terminal=? res=success'
[   17.271124] audit: type=1130 audit(1551125544.819:17): pid=1 uid=0 auid=4294967295 ses=4294967295 subj=kernel msg='unit=systemd-tmpfiles-setup comm="systemd" exe="/usr/lib/systemd/systemd" hostname=? addr=? terminal=? res=success'
[   17.284343] audit: type=1130 audit(1551125544.833:18): pid=1 uid=0 auid=4294967295 ses=4294967295 subj=kernel msg='unit=dracut-initqueue comm="systemd" exe="/usr/lib/systemd/systemd" hostname=? addr=? terminal=? res=success'
[   17.299731] audit: type=1130 audit(1551125544.848:19): pid=1 uid=0 auid=4294967295 ses=4294967295 subj=kernel msg='unit=systemd-fsck-root comm="systemd" exe="/usr/lib/systemd/systemd" hostname=? addr=? terminal=? res=success'
[   17.609791] SGI XFS with ACLs, security attributes, scrub, no debug enabled
[   17.613880] XFS (dm-1): Mounting V5 Filesystem
[   17.625385] XFS (dm-1): Ending clean mount
[   17.735434] audit: type=1130 audit(1551125545.284:20): pid=1 uid=0 auid=4294967295 ses=4294967295 subj=kernel msg='unit=initrd-parse-etc comm="systemd" exe="/usr/lib/systemd/systemd" hostname=? addr=? terminal=? res=success'
[   17.735437] audit: type=1131 audit(1551125545.284:21): pid=1 uid=0 auid=4294967295 ses=4294967295 subj=kernel msg='unit=initrd-parse-etc comm="systemd" exe="/usr/lib/systemd/systemd" hostname=? addr=? terminal=? res=success'
[   17.877927] audit: type=1130 audit(1551125545.426:22): pid=1 uid=0 auid=4294967295 ses=4294967295 subj=kernel msg='unit=dracut-pre-pivot comm="systemd" exe="/usr/lib/systemd/systemd" hostname=? addr=? terminal=? res=success'
[   17.890430] audit: type=1131 audit(1551125545.439:23): pid=1 uid=0 auid=4294967295 ses=4294967295 subj=kernel msg='unit=dracut-pre-pivot comm="systemd" exe="/usr/lib/systemd/systemd" hostname=? addr=? terminal=? res=success'
[   17.970651] systemd-journald[309]: Received SIGTERM from PID 1 (systemd).
[   17.999097] printk: systemd: 14 output lines suppressed due to ratelimiting
[   18.456707] SELinux:  Class xdp_socket not defined in policy.
[   18.456709] SELinux: the above unknown classes and permissions will be allowed
[   18.456711] SELinux:  policy capability network_peer_controls=1
[   18.456711] SELinux:  policy capability open_perms=1
[   18.456712] SELinux:  policy capability extended_socket_class=1
[   18.456712] SELinux:  policy capability always_check_network=0
[   18.456713] SELinux:  policy capability cgroup_seclabel=1
[   18.456713] SELinux:  policy capability nnp_nosuid_transition=1
[   18.477492] systemd[1]: Successfully loaded SELinux policy in 397.351ms.
[   18.516323] systemd[1]: Relabelled /dev, /run and /sys/fs/cgroup in 25.873ms.
[   18.518288] systemd[1]: systemd 239 running in system mode. (+PAM +AUDIT +SELINUX +IMA -APPARMOR +SMACK +SYSVINIT +UTMP +LIBCRYPTSETUP +GCRYPT +GNUTLS +ACL +XZ +LZ4 +SECCOMP +BLKID +ELFUTILS +KMOD +IDN2 -IDN +PCRE2 default-hierarchy=hybrid)
[   18.530410] systemd[1]: Detected architecture x86-64.
[   18.531948] systemd[1]: Set hostname to <im-mac>.
[   18.556846] systemd-sysv-generator[956]: stat() failed on /etc/rc.d/init.d/jexec, ignoring: No such file or directory
[   18.715201] systemd[1]: Stopped Switch Root.
[   18.715403] systemd[1]: systemd-journald.service: Service has no hold-off time (RestartSec=0), scheduling restart.
[   18.715463] systemd[1]: systemd-journald.service: Scheduled restart job, restart counter is at 1.
[   18.715483] systemd[1]: Stopped Journal Service.
[   18.716437] systemd[1]: Starting Journal Service...
[   18.716579] systemd[1]: Started Forward Password Requests to Wall Directory Watch.
[   18.716861] systemd[1]: Created slice system-getty.slice.
[   18.742481] Adding 4194300k swap on /dev/mapper/im--mac-swap.  Priority:-2 extents:1 across:4194300k SSFS
[   18.768597] systemd-journald[963]: Received request to flush runtime journal from PID 1
[   18.926174] apple_gmux: gmux device not present
[   18.930754] smbus_hc ACPI0001:00: SBS HC: offset = 0x20, query_bit = 0x10
[   18.969059] ACPI Warning: SystemIO range 0x0000000000000840-0x000000000000084F conflicts with OpRegion 0x0000000000000800-0x0000000000000863 (\GPIO) (20181213/utaddress-213)
[   18.969065] ACPI: If an ACPI driver is available for this device, you should use it instead of the native driver
[   18.969066] ACPI Warning: SystemIO range 0x0000000000000830-0x000000000000083F conflicts with OpRegion 0x0000000000000800-0x0000000000000863 (\GPIO) (20181213/utaddress-213)
[   18.969069] ACPI: If an ACPI driver is available for this device, you should use it instead of the native driver
[   18.969070] ACPI Warning: SystemIO range 0x0000000000000800-0x000000000000082F conflicts with OpRegion 0x0000000000000810-0x0000000000000813 (\_PR.IO_D) (20181213/utaddress-213)
[   18.969073] ACPI Warning: SystemIO range 0x0000000000000800-0x000000000000082F conflicts with OpRegion 0x0000000000000800-0x0000000000000863 (\GPIO) (20181213/utaddress-213)
[   18.969077] ACPI Warning: SystemIO range 0x0000000000000800-0x000000000000082F conflicts with OpRegion 0x0000000000000810-0x0000000000000813 (\IO_D) (20181213/utaddress-213)
[   18.969080] ACPI Warning: SystemIO range 0x0000000000000800-0x000000000000082F conflicts with OpRegion 0x0000000000000800-0x000000000000080F (\IO_T) (20181213/utaddress-213)
[   18.969083] ACPI: If an ACPI driver is available for this device, you should use it instead of the native driver
[   18.969084] lpc_ich: Resource conflict(s) found affecting gpio_ich
[   19.066730] i801_smbus 0000:00:1f.3: SPD Write Disable is set
[   19.066763] i801_smbus 0000:00:1f.3: SMBus using PCI interrupt
[   19.073213] input: bcm5974 as /devices/pci0000:00/0000:00:14.0/usb1/1-12/1-12:1.2/input/input8
[   19.073405] usbcore: registered new interface driver bcm5974
[   19.089324] thunderbolt 0000:07:00.0: 0:1: is unplugged (state: 7)
[   19.089451] thunderbolt 0000:07:00.0: 0:3: is unplugged (state: 7)
[   19.168088] ACPI: Smart Battery System [SBS0]: Battery Slot [BAT0] (battery present)
[   19.197291] iTCO_vendor_support: vendor-support=0
[   19.221701] applesmc: key=719 fan=2 temp=48 index=43 acc=0 lux=2 kbd=1
[   19.221925] applesmc applesmc.768: hwmon_device_register() is deprecated. Please convert the driver to use hwmon_device_register_with_info().
[   19.228321] RAPL PMU: API unit is 2^-32 Joules, 4 fixed counters, 655360 ms ovfl timer
[   19.228323] RAPL PMU: hw unit of domain pp0-core 2^-14 Joules
[   19.228324] RAPL PMU: hw unit of domain package 2^-14 Joules
[   19.228324] RAPL PMU: hw unit of domain dram 2^-14 Joules
[   19.228325] RAPL PMU: hw unit of domain pp1-gpu 2^-14 Joules
[   19.239907] cfg80211: Loading compiled-in X.509 certificates for regulatory database
[   19.240543] cfg80211: Loaded X.509 cert 'sforshee: 00b28ddf47aef9cea7'
[   19.267411] iTCO_wdt: Intel TCO WatchDog Timer Driver v1.11
[   19.267462] iTCO_wdt: unable to reset NO_REBOOT flag, device disabled by hardware/BIOS
[   19.269263] Bluetooth: Core ver 2.22
[   19.269281] NET: Registered protocol family 31
[   19.269282] Bluetooth: HCI device and connection manager initialized
[   19.269285] Bluetooth: HCI socket layer initialized
[   19.269287] Bluetooth: L2CAP socket layer initialized
[   19.269291] Bluetooth: SCO socket layer initialized
[   19.306095] bcm5974: bad trackpad package, length: 8
[   19.316663] usbcore: registered new interface driver btusb
[   19.326678] snd_hda_intel 0000:00:03.0: Linked as a consumer to 0000:00:02.0
[   19.326725] snd_hda_intel 0000:00:03.0: bound 0000:00:02.0 (ops i915_audio_component_bind_ops [i915])
[   19.360028] input: HDA Intel HDMI HDMI/DP,pcm=3 as /devices/pci0000:00/0000:00:03.0/sound/card0/input9
[   19.360122] input: HDA Intel HDMI HDMI/DP,pcm=7 as /devices/pci0000:00/0000:00:03.0/sound/card0/input10
[   19.360210] input: HDA Intel HDMI HDMI/DP,pcm=8 as /devices/pci0000:00/0000:00:03.0/sound/card0/input11
[   19.360308] input: HDA Intel HDMI HDMI/DP,pcm=9 as /devices/pci0000:00/0000:00:03.0/sound/card0/input12
[   19.360493] input: HDA Intel HDMI HDMI/DP,pcm=10 as /devices/pci0000:00/0000:00:03.0/sound/card0/input13
[   19.361127] snd_hda_codec_cirrus hdaudioC1D0: autoconfig for CS4208: line_outs=2 (0x12/0x13/0x0/0x0/0x0) type:speaker
[   19.361130] snd_hda_codec_cirrus hdaudioC1D0:    speaker_outs=0 (0x0/0x0/0x0/0x0/0x0)
[   19.361132] snd_hda_codec_cirrus hdaudioC1D0:    hp_outs=1 (0x10/0x0/0x0/0x0/0x0)
[   19.361133] snd_hda_codec_cirrus hdaudioC1D0:    mono: mono_out=0x0
[   19.361135] snd_hda_codec_cirrus hdaudioC1D0:    dig-out=0x21/0x0
[   19.361136] snd_hda_codec_cirrus hdaudioC1D0:    inputs:
[   19.361138] snd_hda_codec_cirrus hdaudioC1D0:      Internal Mic=0x1c
[   19.361139] snd_hda_codec_cirrus hdaudioC1D0:      Mic=0x18
[   19.369577] input: HDA Intel PCH Mic as /devices/pci0000:00/0000:00:1b.0/sound/card1/input14
[   19.369643] input: HDA Intel PCH Headphone as /devices/pci0000:00/0000:00:1b.0/sound/card1/input15
[   19.369738] input: HDA Intel PCH SPDIF as /devices/pci0000:00/0000:00:1b.0/sound/card1/input16
[   19.426121] Bluetooth: hci0: BCM: chip id 102 build 0715
[   19.427121] Bluetooth: hci0: BCM: product 05ac:8290
[   19.428116] Bluetooth: hci0: BCM: features 0x2f
[   19.442956] usbcore: registered new interface driver brcmfmac
[   19.444111] Bluetooth: hci0: im-mac
[   19.501253] intel_rapl: Found RAPL domain package
[   19.501254] intel_rapl: Found RAPL domain core
[   19.501255] intel_rapl: Found RAPL domain uncore
[   19.501256] intel_rapl: Found RAPL domain dram
[   19.539836] XFS (sda3): Mounting V5 Filesystem
[   19.539904] XFS (dm-4): Mounting V5 Filesystem
[   19.539906] XFS (dm-3): Mounting V5 Filesystem
[   19.545640] brcmfmac: brcmf_fw_alloc_request: using brcm/brcmfmac43602-pcie for chip BCM43602/1
[   19.551305] brcmfmac 0000:03:00.0: Direct firmware load for brcm/brcmfmac43602-pcie.Apple Inc.-MacBookPro11,4.txt failed with error -2
[   19.551313] brcmfmac 0000:03:00.0: Direct firmware load for brcm/brcmfmac43602-pcie.txt failed with error -2
[   19.558131] XFS (sda3): Ending clean mount
[   19.558175] XFS (dm-4): Ending clean mount
[   19.559225] XFS (dm-3): Ending clean mount
[   19.879209] Bluetooth: BNEP (Ethernet Emulation) ver 1.3
[   19.879211] Bluetooth: BNEP filters: protocol multicast
[   19.879214] Bluetooth: BNEP socket layer initialized
[   20.065277] brcmfmac: brcmf_fw_alloc_request: using brcm/brcmfmac43602-pcie for chip BCM43602/1
[   20.065464] brcmfmac 0000:03:00.0: Direct firmware load for brcm/brcmfmac43602-pcie.clm_blob failed with error -2
[   20.065466] brcmfmac: brcmf_c_process_clm_blob: no clm_blob available (err=-2), device may have limited channels available
[   20.065972] brcmfmac: brcmf_c_preinit_dcmds: Firmware: BCM43602/1 wl0: Nov 10 2015 06:38:10 version 7.35.177.61 (r598657) FWID 01-ea662a8c
[   20.122680] brcmfmac 0000:03:00.0 wlp3s0: renamed from wlan0
[   21.422464] L1TF CPU bug present and SMT on, data leak possible. See CVE-2018-3646 and https://www.kernel.org/doc/html/latest/admin-guide/l1tf.html for details.
[   22.223468] tun: Universal TUN/TAP device driver, 1.6
[   22.225291] virbr0: port 1(virbr0-nic) entered blocking state
[   22.225293] virbr0: port 1(virbr0-nic) entered disabled state
[   22.225369] device virbr0-nic entered promiscuous mode
[   22.351279] virbr0: port 1(virbr0-nic) entered blocking state
[   22.351283] virbr0: port 1(virbr0-nic) entered listening state
[   22.406152] virbr0: port 1(virbr0-nic) entered disabled state
[   29.680201] IPv6: ADDRCONF(NETDEV_CHANGE): wlp3s0: link becomes ready
[   29.775088] brcmfmac: brcmf_inetaddr_changed: fail to get arp ip table err:-52
[   41.415891] fuse init (API version 7.28)
[   41.693531] Bluetooth: RFCOMM TTY layer initialized
[   41.693537] Bluetooth: RFCOMM socket layer initialized
[   41.693639] Bluetooth: RFCOMM ver 1.11
[   42.642909] rfkill: input handler disabled
[  255.204951] xhci_hcd 0000:00:14.0: ep 0x82 - asked for 65 bytes, 55 bytes untransferred
[  255.308939] xhci_hcd 0000:00:14.0: ep 0x82 - asked for 65 bytes, 55 bytes untransferred
[  255.364887] xhci_hcd 0000:00:14.0: ep 0x82 - asked for 65 bytes, 55 bytes untransferred
[  255.380857] xhci_hcd 0000:00:14.0: ep 0x82 - asked for 65 bytes, 55 bytes untransferred
[  255.730707] xhci_hcd 0000:00:14.0: ep 0x81 - asked for 96 bytes, 78 bytes untransferred
[  255.730715] xhci_hcd 0000:00:14.0: Giveback URB 00000000651900b8, len = 18, expected = 96, status = 0
[  255.730776] xhci_hcd 0000:00:14.0: Stalled endpoint for slot 2 ep 2
[  255.730784] xhci_hcd 0000:00:14.0: Cleaning up stalled endpoint ring
[  255.730788] xhci_hcd 0000:00:14.0: Finding endpoint context
[  255.730794] xhci_hcd 0000:00:14.0: Cycle state = 0x0
[  255.730798] xhci_hcd 0000:00:14.0: New dequeue segment = 000000009ff01961 (virtual)
[  255.730801] xhci_hcd 0000:00:14.0: New dequeue pointer = 0x459c03910 (DMA)
[  255.730805] xhci_hcd 0000:00:14.0: Queueing new dequeue state
[  255.730810] xhci_hcd 0000:00:14.0: Set TR Deq Ptr cmd, new deq seg = 000000009ff01961 (0x459c03000 dma), new deq ptr = 0000000056a5b9d9 (0x459c03910 dma), new cycle = 0
[  255.730815] xhci_hcd 0000:00:14.0: // Ding dong!
[  255.730827] xhci_hcd 0000:00:14.0: Giveback URB 0000000092014127, len = 0, expected = 13, status = -32
[  255.730839] xhci_hcd 0000:00:14.0: Ignoring reset ep completion code of 1
[  255.730850] xhci_hcd 0000:00:14.0: Successful Set TR Deq Ptr cmd, deq = @459c03910
[  257.779104] xhci_hcd 0000:00:14.0: ep 0x81 - asked for 96 bytes, 78 bytes untransferred
[  257.779117] xhci_hcd 0000:00:14.0: Giveback URB 00000000651900b8, len = 18, expected = 96, status = 0
[  257.779212] xhci_hcd 0000:00:14.0: Stalled endpoint for slot 2 ep 2
[  257.779228] xhci_hcd 0000:00:14.0: Cleaning up stalled endpoint ring
[  257.779236] xhci_hcd 0000:00:14.0: Finding endpoint context
[  257.779243] xhci_hcd 0000:00:14.0: Cycle state = 0x0
[  257.779255] xhci_hcd 0000:00:14.0: New dequeue segment = 000000009ff01961 (virtual)
[  257.779262] xhci_hcd 0000:00:14.0: New dequeue pointer = 0x459c03950 (DMA)
[  257.779270] xhci_hcd 0000:00:14.0: Queueing new dequeue state
[  257.779280] xhci_hcd 0000:00:14.0: Set TR Deq Ptr cmd, new deq seg = 000000009ff01961 (0x459c03000 dma), new deq ptr = 00000000626f2df9 (0x459c03950 dma), new cycle = 0
[  257.779296] xhci_hcd 0000:00:14.0: // Ding dong!
[  257.779311] xhci_hcd 0000:00:14.0: Giveback URB 0000000092014127, len = 0, expected = 13, status = -32
[  257.779336] xhci_hcd 0000:00:14.0: Ignoring reset ep completion code of 1
[  257.779353] xhci_hcd 0000:00:14.0: Successful Set TR Deq Ptr cmd, deq = @459c03950
[  257.812879] xhci_hcd 0000:00:14.0: ep 0x82 - asked for 65 bytes, 55 bytes untransferred
[  258.260967] xhci_hcd 0000:00:14.0: ep 0x82 - asked for 65 bytes, 55 bytes untransferred
[  258.308893] xhci_hcd 0000:00:14.0: ep 0x82 - asked for 65 bytes, 55 bytes untransferred
[  258.340911] xhci_hcd 0000:00:14.0: ep 0x82 - asked for 65 bytes, 55 bytes untransferred
[  259.827038] xhci_hcd 0000:00:14.0: ep 0x81 - asked for 96 bytes, 78 bytes untransferred
[  259.827053] xhci_hcd 0000:00:14.0: Giveback URB 000000007e3f4ed1, len = 18, expected = 96, status = 0
[  259.827134] xhci_hcd 0000:00:14.0: Stalled endpoint for slot 2 ep 2
[  259.827154] xhci_hcd 0000:00:14.0: Cleaning up stalled endpoint ring
[  259.827163] xhci_hcd 0000:00:14.0: Finding endpoint context
[  259.827171] xhci_hcd 0000:00:14.0: Cycle state = 0x0
[  259.827180] xhci_hcd 0000:00:14.0: New dequeue segment = 000000009ff01961 (virtual)
[  259.827190] xhci_hcd 0000:00:14.0: New dequeue pointer = 0x459c03990 (DMA)
[  259.827201] xhci_hcd 0000:00:14.0: Queueing new dequeue state
[  259.827211] xhci_hcd 0000:00:14.0: Set TR Deq Ptr cmd, new deq seg = 000000009ff01961 (0x459c03000 dma), new deq ptr = 000000009fdeb542 (0x459c03990 dma), new cycle = 0
[  259.827224] xhci_hcd 0000:00:14.0: // Ding dong!
[  259.827240] xhci_hcd 0000:00:14.0: Giveback URB 0000000092014127, len = 0, expected = 13, status = -32
[  259.827268] xhci_hcd 0000:00:14.0: Ignoring reset ep completion code of 1
[  259.827283] xhci_hcd 0000:00:14.0: Successful Set TR Deq Ptr cmd, deq = @459c03990
[  261.875136] xhci_hcd 0000:00:14.0: ep 0x81 - asked for 96 bytes, 78 bytes untransferred
[  261.875150] xhci_hcd 0000:00:14.0: Giveback URB 000000008f404bea, len = 18, expected = 96, status = 0
[  261.875220] xhci_hcd 0000:00:14.0: Stalled endpoint for slot 2 ep 2
[  261.875240] xhci_hcd 0000:00:14.0: Cleaning up stalled endpoint ring
[  261.875247] xhci_hcd 0000:00:14.0: Finding endpoint context
[  261.875255] xhci_hcd 0000:00:14.0: Cycle state = 0x0
[  261.875263] xhci_hcd 0000:00:14.0: New dequeue segment = 000000009ff01961 (virtual)
[  261.875271] xhci_hcd 0000:00:14.0: New dequeue pointer = 0x459c039d0 (DMA)
[  261.875278] xhci_hcd 0000:00:14.0: Queueing new dequeue state
[  261.875287] xhci_hcd 0000:00:14.0: Set TR Deq Ptr cmd, new deq seg = 000000009ff01961 (0x459c03000 dma), new deq ptr = 000000009711986b (0x459c039d0 dma), new cycle = 0
[  261.875298] xhci_hcd 0000:00:14.0: // Ding dong!
[  261.875311] xhci_hcd 0000:00:14.0: Giveback URB 0000000092014127, len = 0, expected = 13, status = -32
[  261.875328] xhci_hcd 0000:00:14.0: Ignoring reset ep completion code of 1
[  261.875343] xhci_hcd 0000:00:14.0: Successful Set TR Deq Ptr cmd, deq = @459c039d0
[  262.108994] xhci_hcd 0000:00:14.0: ep 0x82 - asked for 65 bytes, 55 bytes untransferred
[  262.172987] xhci_hcd 0000:00:14.0: ep 0x82 - asked for 65 bytes, 55 bytes untransferred
[  262.212921] xhci_hcd 0000:00:14.0: ep 0x82 - asked for 65 bytes, 55 bytes untransferred
[  262.268957] xhci_hcd 0000:00:14.0: ep 0x82 - asked for 65 bytes, 55 bytes untransferred
[  262.332943] xhci_hcd 0000:00:14.0: ep 0x82 - asked for 65 bytes, 55 bytes untransferred
[  262.388943] xhci_hcd 0000:00:14.0: ep 0x82 - asked for 65 bytes, 55 bytes untransferred
[  262.404925] xhci_hcd 0000:00:14.0: ep 0x82 - asked for 65 bytes, 55 bytes untransferred
[  262.460986] xhci_hcd 0000:00:14.0: ep 0x82 - asked for 65 bytes, 55 bytes untransferred
[  262.492939] xhci_hcd 0000:00:14.0: ep 0x82 - asked for 65 bytes, 55 bytes untransferred
[  262.540944] xhci_hcd 0000:00:14.0: ep 0x82 - asked for 65 bytes, 55 bytes untransferred
[  263.004991] xhci_hcd 0000:00:14.0: ep 0x82 - asked for 65 bytes, 55 bytes untransferred
[  263.068960] xhci_hcd 0000:00:14.0: ep 0x82 - asked for 65 bytes, 55 bytes untransferred
[  263.923084] xhci_hcd 0000:00:14.0: ep 0x81 - asked for 96 bytes, 78 bytes untransferred
[  263.923096] xhci_hcd 0000:00:14.0: Giveback URB 000000006994f8ec, len = 18, expected = 96, status = 0
[  263.923166] xhci_hcd 0000:00:14.0: Stalled endpoint for slot 2 ep 2
[  263.923181] xhci_hcd 0000:00:14.0: Cleaning up stalled endpoint ring
[  263.923188] xhci_hcd 0000:00:14.0: Finding endpoint context
[  263.923196] xhci_hcd 0000:00:14.0: Cycle state = 0x0
[  263.923203] xhci_hcd 0000:00:14.0: New dequeue segment = 000000009ff01961 (virtual)
[  263.923211] xhci_hcd 0000:00:14.0: New dequeue pointer = 0x459c03a10 (DMA)
[  263.923223] xhci_hcd 0000:00:14.0: Queueing new dequeue state
[  263.923233] xhci_hcd 0000:00:14.0: Set TR Deq Ptr cmd, new deq seg = 000000009ff01961 (0x459c03000 dma), new deq ptr = 0000000060877d1c (0x459c03a10 dma), new cycle = 0
[  263.923245] xhci_hcd 0000:00:14.0: // Ding dong!
[  263.923260] xhci_hcd 0000:00:14.0: Giveback URB 0000000092014127, len = 0, expected = 13, status = -32
[  263.923275] xhci_hcd 0000:00:14.0: Ignoring reset ep completion code of 1
[  263.923290] xhci_hcd 0000:00:14.0: Successful Set TR Deq Ptr cmd, deq = @459c03a10
[  264.093004] xhci_hcd 0000:00:14.0: ep 0x82 - asked for 65 bytes, 55 bytes untransferred
[  264.381020] xhci_hcd 0000:00:14.0: ep 0x82 - asked for 65 bytes, 55 bytes untransferred
[  264.428961] xhci_hcd 0000:00:14.0: ep 0x82 - asked for 65 bytes, 55 bytes untransferred
[  264.436955] xhci_hcd 0000:00:14.0: ep 0x82 - asked for 65 bytes, 55 bytes untransferred
[  264.517001] xhci_hcd 0000:00:14.0: ep 0x82 - asked for 65 bytes, 55 bytes untransferred
[  264.580966] xhci_hcd 0000:00:14.0: ep 0x82 - asked for 65 bytes, 55 bytes untransferred
[  264.653013] xhci_hcd 0000:00:14.0: ep 0x82 - asked for 65 bytes, 55 bytes untransferred
[  264.708958] xhci_hcd 0000:00:14.0: ep 0x82 - asked for 65 bytes, 55 bytes untransferred
[  265.212975] xhci_hcd 0000:00:14.0: ep 0x82 - asked for 65 bytes, 55 bytes untransferred
[  265.279041] xhci_hcd 0000:00:14.0: ep 0x81 - asked for 96 bytes, 78 bytes untransferred
[  265.279048] xhci_hcd 0000:00:14.0: Giveback URB 00000000651900b8, len = 18, expected = 96, status = 0
[  265.279094] xhci_hcd 0000:00:14.0: Stalled endpoint for slot 2 ep 2
[  265.279100] xhci_hcd 0000:00:14.0: Cleaning up stalled endpoint ring
[  265.279102] xhci_hcd 0000:00:14.0: Finding endpoint context
[  265.279105] xhci_hcd 0000:00:14.0: Cycle state = 0x0
[  265.279107] xhci_hcd 0000:00:14.0: New dequeue segment = 000000009ff01961 (virtual)
[  265.279110] xhci_hcd 0000:00:14.0: New dequeue pointer = 0x459c03a50 (DMA)
[  265.279113] xhci_hcd 0000:00:14.0: Queueing new dequeue state
[  265.279116] xhci_hcd 0000:00:14.0: Set TR Deq Ptr cmd, new deq seg = 000000009ff01961 (0x459c03000 dma), new deq ptr = 00000000033fb0aa (0x459c03a50 dma), new cycle = 0
[  265.279120] xhci_hcd 0000:00:14.0: // Ding dong!
[  265.279130] xhci_hcd 0000:00:14.0: Giveback URB 0000000092014127, len = 0, expected = 13, status = -32
[  265.279139] xhci_hcd 0000:00:14.0: Ignoring reset ep completion code of 1
[  265.279147] xhci_hcd 0000:00:14.0: Successful Set TR Deq Ptr cmd, deq = @459c03a50
[  265.284919] xhci_hcd 0000:00:14.0: ep 0x82 - asked for 65 bytes, 55 bytes untransferred
[  267.315205] xhci_hcd 0000:00:14.0: ep 0x81 - asked for 96 bytes, 78 bytes untransferred
[  267.315216] xhci_hcd 0000:00:14.0: Giveback URB 00000000651900b8, len = 18, expected = 96, status = 0
[  267.315289] xhci_hcd 0000:00:14.0: Stalled endpoint for slot 2 ep 2
[  267.315299] xhci_hcd 0000:00:14.0: Cleaning up stalled endpoint ring
[  267.315304] xhci_hcd 0000:00:14.0: Finding endpoint context
[  267.315312] xhci_hcd 0000:00:14.0: Cycle state = 0x0
[  267.315318] xhci_hcd 0000:00:14.0: New dequeue segment = 000000009ff01961 (virtual)
[  267.315322] xhci_hcd 0000:00:14.0: New dequeue pointer = 0x459c03a90 (DMA)
[  267.315327] xhci_hcd 0000:00:14.0: Queueing new dequeue state
[  267.315334] xhci_hcd 0000:00:14.0: Set TR Deq Ptr cmd, new deq seg = 000000009ff01961 (0x459c03000 dma), new deq ptr = 000000000ec9d38c (0x459c03a90 dma), new cycle = 0
[  267.315342] xhci_hcd 0000:00:14.0: // Ding dong!
[  267.315353] xhci_hcd 0000:00:14.0: Giveback URB 0000000092014127, len = 0, expected = 13, status = -32
[  267.315362] xhci_hcd 0000:00:14.0: Ignoring reset ep completion code of 1
[  267.315371] xhci_hcd 0000:00:14.0: Successful Set TR Deq Ptr cmd, deq = @459c03a90
[  268.136263] xhci_hcd 0000:00:14.0: Cancel URB 000000005d46ef57, dev 12, ep 0x83, starting at offset 0x45a240e30
[  268.136273] xhci_hcd 0000:00:14.0: // Ding dong!
[  268.136291] xhci_hcd 0000:00:14.0: Stopped on Transfer TRB for slot 3 ep 6
[  268.136302] xhci_hcd 0000:00:14.0: Removing canceled TD starting at 0x45a240e30 (dma).
[  268.136305] xhci_hcd 0000:00:14.0: Finding endpoint context
[  268.136308] xhci_hcd 0000:00:14.0: Cycle state = 0x1
[  268.136311] xhci_hcd 0000:00:14.0: New dequeue segment = 00000000ead276b1 (virtual)
[  268.136314] xhci_hcd 0000:00:14.0: New dequeue pointer = 0x45a240e40 (DMA)
[  268.136318] xhci_hcd 0000:00:14.0: Set TR Deq Ptr cmd, new deq seg = 00000000ead276b1 (0x45a240000 dma), new deq ptr = 00000000076990d7 (0x45a240e40 dma), new cycle = 1
[  268.136325] xhci_hcd 0000:00:14.0: // Ding dong!
[  268.136344] xhci_hcd 0000:00:14.0: Successful Set TR Deq Ptr cmd, deq = @45a240e40
[  268.159763] brcmfmac: brcmf_inetaddr_changed: fail to get arp ip table err:-52
[  269.363323] xhci_hcd 0000:00:14.0: ep 0x81 - asked for 96 bytes, 78 bytes untransferred
[  269.363334] xhci_hcd 0000:00:14.0: Giveback URB 00000000b47f662a, len = 18, expected = 96, status = 0
[  269.363398] xhci_hcd 0000:00:14.0: Stalled endpoint for slot 2 ep 2
[  269.363410] xhci_hcd 0000:00:14.0: Cleaning up stalled endpoint ring
[  269.363416] xhci_hcd 0000:00:14.0: Finding endpoint context
[  269.363421] xhci_hcd 0000:00:14.0: Cycle state = 0x0
[  269.363427] xhci_hcd 0000:00:14.0: New dequeue segment = 000000009ff01961 (virtual)
[  269.363437] xhci_hcd 0000:00:14.0: New dequeue pointer = 0x459c03ad0 (DMA)
[  269.363445] xhci_hcd 0000:00:14.0: Queueing new dequeue state
[  269.363454] xhci_hcd 0000:00:14.0: Set TR Deq Ptr cmd, new deq seg = 000000009ff01961 (0x459c03000 dma), new deq ptr = 000000001507dc07 (0x459c03ad0 dma), new cycle = 0
[  269.363463] xhci_hcd 0000:00:14.0: // Ding dong!
[  269.363476] xhci_hcd 0000:00:14.0: Giveback URB 0000000092014127, len = 0, expected = 13, status = -32
[  269.363492] xhci_hcd 0000:00:14.0: Ignoring reset ep completion code of 1
[  269.363506] xhci_hcd 0000:00:14.0: Successful Set TR Deq Ptr cmd, deq = @459c03ad0
[  269.905389] PM: suspend entry (deep)
[  269.905392] PM: Syncing filesystems ... done.
[  269.937767] Freezing user space processes ... (elapsed 0.307 seconds) done.
[  270.245003] OOM killer disabled.
[  270.245005] Freezing remaining freezable tasks ... (elapsed 0.001 seconds) done.
[  270.246733] printk: Suspending console(s) (use no_console_suspend to debug)
[  270.247927] xhci_hcd 0000:00:14.0: Cancel URB 000000001bf56860, dev 12, ep 0x82, starting at offset 0x45a2418c0
[  270.247936] xhci_hcd 0000:00:14.0: // Ding dong!
[  270.247950] xhci_hcd 0000:00:14.0: Stopped on Transfer TRB for slot 3 ep 4
[  270.247958] xhci_hcd 0000:00:14.0: Removing canceled TD starting at 0x45a2418c0 (dma).
[  270.247961] xhci_hcd 0000:00:14.0: Finding endpoint context
[  270.247963] xhci_hcd 0000:00:14.0: Cycle state = 0x1
[  270.247966] xhci_hcd 0000:00:14.0: New dequeue segment = 000000004998936f (virtual)
[  270.247968] xhci_hcd 0000:00:14.0: New dequeue pointer = 0x45a2418d0 (DMA)
[  270.247971] xhci_hcd 0000:00:14.0: Set TR Deq Ptr cmd, new deq seg = 000000004998936f (0x45a241000 dma), new deq ptr = 00000000392fc9a3 (0x45a2418d0 dma), new cycle = 1
[  270.247974] xhci_hcd 0000:00:14.0: // Ding dong!
[  270.247987] xhci_hcd 0000:00:14.0: Successful Set TR Deq Ptr cmd, deq = @45a2418d0
[  270.248111] xhci_hcd 0000:00:14.0: // Ding dong!
[  270.248144] xhci_hcd 0000:00:14.0: Stopped on No-op or Link TRB for slot 3 ep 10
[  270.248149] xhci_hcd 0000:00:14.0: Stopped on No-op or Link TRB for slot 3 ep 8
[  270.248152] xhci_hcd 0000:00:14.0: Stopped on No-op or Link TRB for slot 3 ep 7
[  270.248155] xhci_hcd 0000:00:14.0: Stopped on No-op or Link TRB for slot 3 ep 2
[  270.248157] xhci_hcd 0000:00:14.0: Stopped on No-op or Link TRB for slot 3 ep 0
[  270.258606] sd 0:0:0:0: [sda] Synchronizing SCSI cache
[  270.260301] xhci_hcd 0000:00:14.0: // Ding dong!
[  270.260317] xhci_hcd 0000:00:14.0: Stopped on No-op or Link TRB for slot 2 ep 3
[  270.260324] xhci_hcd 0000:00:14.0: Stopped on No-op or Link TRB for slot 2 ep 2
[  270.260327] xhci_hcd 0000:00:14.0: Stopped on No-op or Link TRB for slot 2 ep 0
[  270.260364] usb 1-12: usb suspend, wakeup 1
[  270.260455] pcieport 0000:06:05.0: quirk: waiting for Thunderbolt to reestablish PCI tunnels...
[  270.260458] pcieport 0000:06:06.0: quirk: waiting for Thunderbolt to reestablish PCI tunnels...
[  270.261448] pcieport 0000:06:03.0: quirk: waiting for Thunderbolt to reestablish PCI tunnels...
[  270.261465] pcieport 0000:06:04.0: quirk: waiting for Thunderbolt to reestablish PCI tunnels...
[  270.264349] sd 0:0:0:0: [sda] Stopping disk
[  270.272478] hub 1-0:1.0: hub_suspend
[  270.272520] usb usb1: bus suspend, wakeup 0
[  270.282497] usb 2-4: usb suspend, wakeup 0
[  270.294479] hub 2-0:1.0: hub_suspend
[  270.294507] usb usb2: bus suspend, wakeup 0
[  270.294547] xhci_hcd 0000:00:14.0: xhci_suspend: stopping port polling.
[  270.294564] xhci_hcd 0000:00:14.0: // Setting command ring address to 0x459da7001
[  271.155475] PM: suspend devices took 0.909 seconds
[  271.168062] ACPI: EC: interrupt blocked
[  271.168867] xhci_hcd 0000:00:14.0: wakeup: 1
[  271.169373] xhci_hcd 0000:00:14.0: --> PCI D3hot
[  272.127224] ACPI: Preparing to enter system sleep state S3
[  272.128078] ACPI: EC: event blocked
[  272.128079] ACPI: EC: EC stopped
[  272.128080] PM: Saving platform NVS memory
[  272.128087] Disabling non-boot CPUs ...
[  272.145436] smpboot: CPU 1 is now offline
[  272.151546] smpboot: CPU 2 is now offline
[  272.168192] smpboot: CPU 3 is now offline
[  272.179205] smpboot: CPU 4 is now offline
[  272.182671] smpboot: CPU 5 is now offline
[  272.186306] smpboot: CPU 6 is now offline
[  272.190078] smpboot: CPU 7 is now offline
[  272.208295] ACPI: Low-level resume complete
[  272.208357] ACPI: EC: EC started
[  272.208358] PM: Restoring platform NVS memory
[  272.215907] Enabling non-boot CPUs ...
[  272.215965] x86: Booting SMP configuration:
[  272.215967] smpboot: Booting Node 0 Processor 1 APIC 0x2
[  272.515434] hrtimer: interrupt took 2256006 ns
[  273.751386]  cache: parent cpu1 should not be sleeping
[  276.792028] CPU1 is up
[  276.792084] smpboot: Booting Node 0 Processor 2 APIC 0x4
[  277.049154]  cache: parent cpu2 should not be sleeping
[  278.002791] CPU2 is up
[  278.002844] smpboot: Booting Node 0 Processor 3 APIC 0x6
[  278.202329]  cache: parent cpu3 should not be sleeping
[  278.791784] CPU3 is up
[  278.791840] smpboot: Booting Node 0 Processor 4 APIC 0x1
[  278.799945]  cache: parent cpu4 should not be sleeping
[  278.819692] CPU4 is up
[  278.819723] smpboot: Booting Node 0 Processor 5 APIC 0x3
[  278.979294]  cache: parent cpu5 should not be sleeping
[  279.498675] CPU5 is up
[  279.498708] smpboot: Booting Node 0 Processor 6 APIC 0x5
[  279.631428]  cache: parent cpu6 should not be sleeping
[  280.135602] CPU6 is up
[  280.135634] smpboot: Booting Node 0 Processor 7 APIC 0x7
[  280.261045]  cache: parent cpu7 should not be sleeping
[  280.885807] CPU7 is up
[  280.979321] ACPI: Waking up from system sleep state S3
[  280.981198] ACPI: EC: interrupt unblocked
[  281.004565] pcieport 0000:06:04.0: quirk: waiting for Thunderbolt to reestablish PCI tunnels...
[  281.004566] pcieport 0000:06:03.0: quirk: waiting for Thunderbolt to reestablish PCI tunnels...
[  281.004567] pcieport 0000:06:05.0: quirk: waiting for Thunderbolt to reestablish PCI tunnels...
[  281.004569] pcieport 0000:06:06.0: quirk: waiting for Thunderbolt to reestablish PCI tunnels...
[  281.036585] pcieport 0000:06:03.0: quirk_apple_wait_for_thunderbolt+0x0/0xe0 took 31264 usecs
[  281.036589] pcieport 0000:06:04.0: quirk_apple_wait_for_thunderbolt+0x0/0xe0 took 31266 usecs
[  281.036594] pcieport 0000:06:05.0: quirk_apple_wait_for_thunderbolt+0x0/0xe0 took 31263 usecs
[  281.036597] pcieport 0000:06:06.0: quirk_apple_wait_for_thunderbolt+0x0/0xe0 took 31263 usecs
[  281.105839] thunderbolt 0000:07:00.0: resetting error on 0:b.
[  281.105846] thunderbolt 0000:07:00.0: 0:b: hotplug: scanning
[  281.105848] thunderbolt 0000:07:00.0: 0:b: hotplug: no switch found
[  281.105945] thunderbolt 0000:07:00.0: resetting error on 0:c.
[  281.105949] thunderbolt 0000:07:00.0: 0:c: hotplug: scanning
[  281.105950] thunderbolt 0000:07:00.0: 0:c: hotplug: no switch found
[  282.079831] ACPI: EC: event unblocked
[  282.079856] xhci_hcd 0000:00:14.0: // Setting command ring address to 0x459da7001
[  282.079977] xhci_hcd 0000:00:14.0: xhci_resume: starting port polling.
[  282.079987] xhci_hcd 0000:00:14.0: xhci_hub_status_data: stopping port polling.
[  282.080005] xhci_hcd 0000:00:14.0: xhci_hub_status_data: stopping port polling.
[  282.080015] usb usb1: usb resume
[  282.080042] hub 1-0:1.0: hub_resume
[  282.080059] xhci_hcd 0000:00:14.0: get port status, actual port 0 status  = 0x2a0
[  282.080060] xhci_hcd 0000:00:14.0: Get port status returned 0x100
[  282.080083] xhci_hcd 0000:00:14.0: get port status, actual port 1 status  = 0x2a0
[  282.080085] xhci_hcd 0000:00:14.0: Get port status returned 0x100
[  282.080088] usb usb2: usb resume
[  282.080109] hub 2-0:1.0: hub_resume
[  282.080114] xhci_hcd 0000:00:14.0: get port status, actual port 0 status  = 0x2a0
[  282.080116] xhci_hcd 0000:00:14.0: Get port status returned 0x2a0
[  282.080130] xhci_hcd 0000:00:14.0: get port status, actual port 2 status  = 0x2a0
[  282.080132] xhci_hcd 0000:00:14.0: Get port status returned 0x100
[  282.080139] xhci_hcd 0000:00:14.0: get port status, actual port 1 status  = 0x2a0
[  282.080140] xhci_hcd 0000:00:14.0: Get port status returned 0x2a0
[  282.080145] xhci_hcd 0000:00:14.0: get port status, actual port 2 status  = 0x2a0
[  282.080146] xhci_hcd 0000:00:14.0: Get port status returned 0x2a0
[  282.080152] xhci_hcd 0000:00:14.0: get port status, actual port 3 status  = 0x2a0
[  282.080155] xhci_hcd 0000:00:14.0: Get port status returned 0x100
[  282.080157] xhci_hcd 0000:00:14.0: get port status, actual port 3 status  = 0x1263
[  282.080159] xhci_hcd 0000:00:14.0: Get port status returned 0x263
[  282.080162] usb usb2-port4: status 0263 change 0000
[  282.080165] xhci_hcd 0000:00:14.0: get port status, actual port 4 status  = 0x2a0
[  282.080167] xhci_hcd 0000:00:14.0: Get port status returned 0x2a0
[  282.080171] xhci_hcd 0000:00:14.0: get port status, actual port 4 status  = 0x2a0
[  282.080173] xhci_hcd 0000:00:14.0: Get port status returned 0x100
[  282.080176] xhci_hcd 0000:00:14.0: get port status, actual port 5 status  = 0x2a0
[  282.080177] xhci_hcd 0000:00:14.0: Get port status returned 0x2a0
[  282.080208] xhci_hcd 0000:00:14.0: get port status, actual port 5 status  = 0x2a0
[  282.080211] xhci_hcd 0000:00:14.0: Get port status returned 0x100
[  282.080244] xhci_hcd 0000:00:14.0: get port status, actual port 3 status  = 0x1263
[  282.080246] xhci_hcd 0000:00:14.0: Get port status returned 0x263
[  282.080256] xhci_hcd 0000:00:14.0: get port status, actual port 6 status  = 0x2a0
[  282.080258] xhci_hcd 0000:00:14.0: Get port status returned 0x100
[  282.080276] xhci_hcd 0000:00:14.0: get port status, actual port 7 status  = 0x663
[  282.080278] xhci_hcd 0000:00:14.0: Get port status returned 0x107
[  282.080289] usb usb1-port8: status 0107 change 0000
[  282.080294] xhci_hcd 0000:00:14.0: get port status, actual port 8 status  = 0x2a0
[  282.080296] xhci_hcd 0000:00:14.0: Get port status returned 0x100
[  282.080307] xhci_hcd 0000:00:14.0: get port status, actual port 9 status  = 0x2a0
[  282.080309] xhci_hcd 0000:00:14.0: Get port status returned 0x100
[  282.080324] xhci_hcd 0000:00:14.0: get port status, actual port 10 status  = 0x2a0
[  282.080325] xhci_hcd 0000:00:14.0: Get port status returned 0x100
[  282.080335] xhci_hcd 0000:00:14.0: get port status, actual port 11 status  = 0x663
[  282.080337] xhci_hcd 0000:00:14.0: Get port status returned 0x107
[  282.080344] usb usb1-port12: status 0107 change 0000
[  282.080348] xhci_hcd 0000:00:14.0: get port status, actual port 12 status  = 0x2a0
[  282.080349] xhci_hcd 0000:00:14.0: Get port status returned 0x100
[  282.080358] xhci_hcd 0000:00:14.0: get port status, actual port 13 status  = 0x2a0
[  282.080360] xhci_hcd 0000:00:14.0: Get port status returned 0x100
[  282.080379] xhci_hcd 0000:00:14.0: get port status, actual port 7 status  = 0x663
[  282.080381] xhci_hcd 0000:00:14.0: Get port status returned 0x107
[  282.080410] xhci_hcd 0000:00:14.0: clear USB_PORT_FEAT_SUSPEND
[  282.080412] xhci_hcd 0000:00:14.0: PORTSC 0663
[  282.080426] xhci_hcd 0000:00:14.0: get port status, actual port 11 status  = 0x663
[  282.080428] xhci_hcd 0000:00:14.0: Get port status returned 0x107
[  282.080436] xhci_hcd 0000:00:14.0: clear USB_PORT_FEAT_SUSPEND
[  282.080438] xhci_hcd 0000:00:14.0: PORTSC 0663
[  282.100325] sd 0:0:0:0: [sda] Starting disk
[  282.102324] usb 2-4: usb resume
[  282.122377] xhci_hcd 0000:00:14.0: Port Status Change Event for port 12
[  282.122386] xhci_hcd 0000:00:14.0: handle_port_status: starting port polling.
[  282.122407] xhci_hcd 0000:00:14.0: Port Status Change Event for port 8
[  282.122414] xhci_hcd 0000:00:14.0: handle_port_status: starting port polling.
[  282.122529] usb 1-8: usb resume
[  282.122538] usb 1-12: usb resume
[  282.122785] xhci_hcd 0000:00:14.0: underrun event on endpoint
[  282.122788] xhci_hcd 0000:00:14.0: overrun event on endpoint
