[    0.000000] microcode: microcode updated early to revision 0x1a, date = 2018-04-02
[    0.000000] Linux version 5.0.0-rc6+ (im@im-mac) (gcc version 8.2.1 20181215 (Red Hat 8.2.1-6) (GCC)) #47 SMP Tue Feb 12 02:06:47 +05 2019
[    0.000000] Command line: BOOT_IMAGE=/vmlinuz-5.0.0-rc6+ root=/dev/mapper/im--mac-root ro resume=/dev/mapper/im--mac-swap rd.lvm.lv=im-mac/root rd.luks.uuid=luks-dd1fa933-ef9f-402b-a2e4-7c9d6fb7ce0d rd.lvm.lv=im-mac/swap rhgb quiet hid_apple.fnmode=2 hid_apple.iso_layout=0 usbcore.quirks=05ac:8406:m
[    0.000000] x86/fpu: Supporting XSAVE feature 0x001: 'x87 floating point registers'
[    0.000000] x86/fpu: Supporting XSAVE feature 0x002: 'SSE registers'
[    0.000000] x86/fpu: Supporting XSAVE feature 0x004: 'AVX registers'
[    0.000000] x86/fpu: xstate_offset[2]:  576, xstate_sizes[2]:  256
[    0.000000] x86/fpu: Enabled xstate features 0x7, context size is 832 bytes, using 'standard' format.
[    0.000000] BIOS-provided physical RAM map:
[    0.000000] BIOS-e820: [mem 0x0000000000000000-0x0000000000057fff] usable
[    0.000000] BIOS-e820: [mem 0x0000000000058000-0x0000000000058fff] reserved
[    0.000000] BIOS-e820: [mem 0x0000000000059000-0x000000000009ffff] usable
[    0.000000] BIOS-e820: [mem 0x00000000000a0000-0x00000000000bffff] reserved
[    0.000000] BIOS-e820: [mem 0x0000000000100000-0x0000000078d00fff] usable
[    0.000000] BIOS-e820: [mem 0x0000000078d01000-0x0000000078d48fff] ACPI NVS
[    0.000000] BIOS-e820: [mem 0x0000000078d49000-0x0000000078d5cfff] usable
[    0.000000] BIOS-e820: [mem 0x0000000078d5d000-0x0000000078d8efff] ACPI data
[    0.000000] BIOS-e820: [mem 0x0000000078d8f000-0x0000000078e39fff] usable
[    0.000000] BIOS-e820: [mem 0x0000000078e3a000-0x0000000078e8efff] reserved
[    0.000000] BIOS-e820: [mem 0x0000000078e8f000-0x0000000078ecbfff] usable
[    0.000000] BIOS-e820: [mem 0x0000000078ecc000-0x0000000078efefff] reserved
[    0.000000] BIOS-e820: [mem 0x0000000078eff000-0x0000000078f84fff] usable
[    0.000000] BIOS-e820: [mem 0x0000000078f85000-0x0000000078fdefff] reserved
[    0.000000] BIOS-e820: [mem 0x0000000078fdf000-0x0000000078ffffff] usable
[    0.000000] BIOS-e820: [mem 0x0000000079000000-0x000000007f9fffff] reserved
[    0.000000] BIOS-e820: [mem 0x00000000e00f8000-0x00000000e00f8fff] reserved
[    0.000000] BIOS-e820: [mem 0x00000000fed1c000-0x00000000fed1ffff] reserved
[    0.000000] BIOS-e820: [mem 0x00000000ffd70000-0x00000000ffd9ffff] reserved
[    0.000000] BIOS-e820: [mem 0x0000000100000000-0x000000047f5fffff] usable
[    0.000000] NX (Execute Disable) protection: active
[    0.000000] e820: update [mem 0x66282710-0x66282ad2] usable ==> usable
[    0.000000] e820: update [mem 0x66282710-0x66282ad2] usable ==> usable
[    0.000000] extended physical RAM map:
[    0.000000] reserve setup_data: [mem 0x0000000000000000-0x0000000000057fff] usable
[    0.000000] reserve setup_data: [mem 0x0000000000058000-0x0000000000058fff] reserved
[    0.000000] reserve setup_data: [mem 0x0000000000059000-0x000000000009ffff] usable
[    0.000000] reserve setup_data: [mem 0x00000000000a0000-0x00000000000bffff] reserved
[    0.000000] reserve setup_data: [mem 0x0000000000100000-0x000000006628270f] usable
[    0.000000] reserve setup_data: [mem 0x0000000066282710-0x0000000066282ad2] usable
[    0.000000] reserve setup_data: [mem 0x0000000066282ad3-0x0000000078d00fff] usable
[    0.000000] reserve setup_data: [mem 0x0000000078d01000-0x0000000078d48fff] ACPI NVS
[    0.000000] reserve setup_data: [mem 0x0000000078d49000-0x0000000078d5cfff] usable
[    0.000000] reserve setup_data: [mem 0x0000000078d5d000-0x0000000078d8efff] ACPI data
[    0.000000] reserve setup_data: [mem 0x0000000078d8f000-0x0000000078e39fff] usable
[    0.000000] reserve setup_data: [mem 0x0000000078e3a000-0x0000000078e8efff] reserved
[    0.000000] reserve setup_data: [mem 0x0000000078e8f000-0x0000000078ecbfff] usable
[    0.000000] reserve setup_data: [mem 0x0000000078ecc000-0x0000000078efefff] reserved
[    0.000000] reserve setup_data: [mem 0x0000000078eff000-0x0000000078f84fff] usable
[    0.000000] reserve setup_data: [mem 0x0000000078f85000-0x0000000078fdefff] reserved
[    0.000000] reserve setup_data: [mem 0x0000000078fdf000-0x0000000078ffffff] usable
[    0.000000] reserve setup_data: [mem 0x0000000079000000-0x000000007f9fffff] reserved
[    0.000000] reserve setup_data: [mem 0x00000000e00f8000-0x00000000e00f8fff] reserved
[    0.000000] reserve setup_data: [mem 0x00000000fed1c000-0x00000000fed1ffff] reserved
[    0.000000] reserve setup_data: [mem 0x00000000ffd70000-0x00000000ffd9ffff] reserved
[    0.000000] reserve setup_data: [mem 0x0000000100000000-0x000000047f5fffff] usable
[    0.000000] efi: EFI v1.10 by Apple
[    0.000000] efi:  ACPI=0x78d8e000  ACPI 2.0=0x78d8e014  SMBIOS=0x78f8b000 
[    0.000000] SMBIOS 2.7 present.
[    0.000000] DMI: Apple Inc. MacBookPro11,4/Mac-06F11FD93F0323C5, BIOS MBP114.88Z.0184.B00.1806051659 06/05/2018
[    0.000000] tsc: Fast TSC calibration using PIT
[    0.000000] tsc: Detected 2194.943 MHz processor
[    0.000133] e820: update [mem 0x00000000-0x00000fff] usable ==> reserved
[    0.000134] e820: remove [mem 0x000a0000-0x000fffff] usable
[    0.000139] last_pfn = 0x47f600 max_arch_pfn = 0x400000000
[    0.000143] MTRR default type: write-back
[    0.000143] MTRR fixed ranges enabled:
[    0.000144]   00000-9FFFF write-back
[    0.000145]   A0000-BFFFF uncachable
[    0.000145]   C0000-DFFFF write-protect
[    0.000146]   E0000-FFFFF uncachable
[    0.000146] MTRR variable ranges enabled:
[    0.000147]   0 base 0080000000 mask 7F80000000 uncachable
[    0.000148]   1 base 007C000000 mask 7FFC000000 uncachable
[    0.000148]   2 base 007A000000 mask 7FFE000000 uncachable
[    0.000149]   3 base 0079000000 mask 7FFF000000 uncachable
[    0.000149]   4 disabled
[    0.000150]   5 disabled
[    0.000150]   6 disabled
[    0.000150]   7 disabled
[    0.000150]   8 disabled
[    0.000151]   9 disabled
[    0.009950] x86/PAT: Configuration [0-7]: WB  WC  UC- UC  WB  WP  UC- WT  
[    0.010042] last_pfn = 0x79000 max_arch_pfn = 0x400000000
[    0.021628] Base memory trampoline at [(____ptrval____)] 99000 size 24576
[    0.021631] Using GB pages for direct mapping
[    0.021633] BRK [0x40de01000, 0x40de01fff] PGTABLE
[    0.021634] BRK [0x40de02000, 0x40de02fff] PGTABLE
[    0.021635] BRK [0x40de03000, 0x40de03fff] PGTABLE
[    0.021656] BRK [0x40de04000, 0x40de04fff] PGTABLE
[    0.021658] BRK [0x40de05000, 0x40de05fff] PGTABLE
[    0.021716] BRK [0x40de06000, 0x40de06fff] PGTABLE
[    0.021731] BRK [0x40de07000, 0x40de07fff] PGTABLE
[    0.021771] BRK [0x40de08000, 0x40de08fff] PGTABLE
[    0.021864] Secure boot disabled
[    0.021865] RAMDISK: [mem 0x42ad6000-0x48561fff]
[    0.021876] ACPI: Early table checksum verification disabled
[    0.021878] ACPI: RSDP 0x0000000078D8E014 000024 (v02 APPLE )
[    0.021881] ACPI: XSDT 0x0000000078D8E1C0 0000A4 (v01 APPLE  Apple00  00000000      01000013)
[    0.021885] ACPI: FACP 0x0000000078D8C000 0000F4 (v05 APPLE  Apple00  00000000 Loki 0000005F)
[    0.021888] ACPI BIOS Warning (bug): 32/64X length mismatch in FADT/Gpe0Block: 128/0 (20181213/tbfadt-569)
[    0.021890] ACPI: DSDT 0x0000000078D7F000 007331 (v03 APPLE  MacBookP 00110004 INTL 20140424)
[    0.021892] ACPI: FACS 0x0000000078D06000 000040
[    0.021894] ACPI: FACS 0x0000000078D06000 000040
[    0.021895] ACPI: HPET 0x0000000078D8B000 000038 (v01 APPLE  Apple00  00000001 Loki 0000005F)
[    0.021897] ACPI: APIC 0x0000000078D8A000 0000BC (v02 APPLE  Apple00  00000001 Loki 0000005F)
[    0.021899] ACPI: SBST 0x0000000078D88000 000030 (v01 APPLE  Apple00  00000001 Loki 0000005F)
[    0.021900] ACPI: ECDT 0x0000000078D87000 000053 (v01 APPLE  Apple00  00000001 Loki 0000005F)
[    0.021902] ACPI: SSDT 0x0000000078D7E000 000024 (v01 APPLE  SataAhci 00001000 INTL 20140424)
[    0.021904] ACPI: SSDT 0x0000000078D7D000 000024 (v01 APPLE  SmcDppt  00001000 INTL 20140424)
[    0.021906] ACPI: SSDT 0x0000000078D7C000 000032 (v01 APPLE  SsdtS3   00001000 INTL 20140424)
[    0.021908] ACPI: SSDT 0x0000000078D68000 0086DA (v01 APPLE  TbtPEG11 00001000 INTL 20140424)
[    0.021909] ACPI: SSDT 0x0000000078D67000 0000B8 (v01 APPLE  Sdxc     00001000 INTL 20140424)
[    0.021911] ACPI: SSDT 0x0000000078D66000 000A7B (v02 APPLE  Xhci     00001000 INTL 20140424)
[    0.021913] ACPI: SSDT 0x0000000078D64000 000341 (v01 APPLE  PEG0SSD0 00001000 INTL 20140424)
[    0.021915] ACPI: SSDT 0x0000000078D5F000 00069C (v01 PmRef  Cpu0Ist  00003000 INTL 20140424)
[    0.021916] ACPI: SSDT 0x0000000078D5E000 000C17 (v01 CpuRef CpuSsdt  00003000 INTL 20140424)
[    0.021918] ACPI: DMAR 0x0000000078D5D000 000088 (v01 APPLE  BDW      00000001 INTL 00000001)
[    0.021920] ACPI: MCFG 0x0000000078D89000 00003C (v01 APPLE  Apple00  00000001 Loki 0000005F)
[    0.021925] ACPI: DMI detected to setup _OSI("Darwin"): Apple hardware
[    0.021927] ACPI: Local APIC address 0xfee00000
[    0.021998] No NUMA configuration found
[    0.021999] Faking a node at [mem 0x0000000000000000-0x000000047f5fffff]
[    0.022007] NODE_DATA(0) allocated [mem 0x47f5d5000-0x47f5fffff]
[    0.051217] Zone ranges:
[    0.051218]   DMA      [mem 0x0000000000001000-0x0000000000ffffff]
[    0.051220]   DMA32    [mem 0x0000000001000000-0x00000000ffffffff]
[    0.051220]   Normal   [mem 0x0000000100000000-0x000000047f5fffff]
[    0.051221]   Device   empty
[    0.051221] Movable zone start for each node
[    0.051224] Early memory node ranges
[    0.051225]   node   0: [mem 0x0000000000001000-0x0000000000057fff]
[    0.051225]   node   0: [mem 0x0000000000059000-0x000000000009ffff]
[    0.051225]   node   0: [mem 0x0000000000100000-0x0000000078d00fff]
[    0.051226]   node   0: [mem 0x0000000078d49000-0x0000000078d5cfff]
[    0.051226]   node   0: [mem 0x0000000078d8f000-0x0000000078e39fff]
[    0.051227]   node   0: [mem 0x0000000078e8f000-0x0000000078ecbfff]
[    0.051227]   node   0: [mem 0x0000000078eff000-0x0000000078f84fff]
[    0.051227]   node   0: [mem 0x0000000078fdf000-0x0000000078ffffff]
[    0.051228]   node   0: [mem 0x0000000100000000-0x000000047f5fffff]
[    0.051603] Zeroed struct page in unavailable ranges: 29118 pages
[    0.051604] Initmem setup node 0 [mem 0x0000000000001000-0x000000047f5fffff]
[    0.051605] On node 0 totalpages: 4162626
[    0.051606]   DMA zone: 64 pages used for memmap
[    0.051606]   DMA zone: 22 pages reserved
[    0.051607]   DMA zone: 3998 pages, LIFO batch:0
[    0.051678]   DMA32 zone: 7675 pages used for memmap
[    0.051679]   DMA32 zone: 491172 pages, LIFO batch:63
[    0.062634]   Normal zone: 57304 pages used for memmap
[    0.062635]   Normal zone: 3667456 pages, LIFO batch:63
[    0.130837] Reserving Intel graphics memory at [mem 0x79a00000-0x7f9fffff]
[    0.130903] ACPI: PM-Timer IO Port: 0x1808
[    0.130904] ACPI: Local APIC address 0xfee00000
[    0.130910] ACPI: LAPIC_NMI (acpi_id[0x01] high edge lint[0x1])
[    0.130910] ACPI: LAPIC_NMI (acpi_id[0x02] high edge lint[0x1])
[    0.130911] ACPI: LAPIC_NMI (acpi_id[0x03] high edge lint[0x1])
[    0.130911] ACPI: LAPIC_NMI (acpi_id[0x04] high edge lint[0x1])
[    0.130912] ACPI: LAPIC_NMI (acpi_id[0x05] high edge lint[0x1])
[    0.130912] ACPI: LAPIC_NMI (acpi_id[0x06] high edge lint[0x1])
[    0.130912] ACPI: LAPIC_NMI (acpi_id[0x07] high edge lint[0x1])
[    0.130913] ACPI: LAPIC_NMI (acpi_id[0x08] high edge lint[0x1])
[    0.130927] IOAPIC[0]: apic_id 2, version 32, address 0xfec00000, GSI 0-23
[    0.130929] ACPI: INT_SRC_OVR (bus 0 bus_irq 0 global_irq 2 dfl dfl)
[    0.130930] ACPI: INT_SRC_OVR (bus 0 bus_irq 9 global_irq 9 high level)
[    0.130930] ACPI: IRQ0 used by override.
[    0.130931] ACPI: IRQ9 used by override.
[    0.130932] Using ACPI (MADT) for SMP configuration information
[    0.130933] ACPI: HPET id: 0x8086a201 base: 0xfed00000
[    0.130937] smpboot: Allowing 8 CPUs, 0 hotplug CPUs
[    0.130950] PM: Registered nosave memory: [mem 0x00000000-0x00000fff]
[    0.130951] PM: Registered nosave memory: [mem 0x00058000-0x00058fff]
[    0.130952] PM: Registered nosave memory: [mem 0x000a0000-0x000bffff]
[    0.130953] PM: Registered nosave memory: [mem 0x000c0000-0x000fffff]
[    0.130954] PM: Registered nosave memory: [mem 0x66282000-0x66282fff]
[    0.130955] PM: Registered nosave memory: [mem 0x66282000-0x66282fff]
[    0.130956] PM: Registered nosave memory: [mem 0x78d01000-0x78d48fff]
[    0.130957] PM: Registered nosave memory: [mem 0x78d5d000-0x78d8efff]
[    0.130958] PM: Registered nosave memory: [mem 0x78e3a000-0x78e8efff]
[    0.130959] PM: Registered nosave memory: [mem 0x78ecc000-0x78efefff]
[    0.130960] PM: Registered nosave memory: [mem 0x78f85000-0x78fdefff]
[    0.130961] PM: Registered nosave memory: [mem 0x79000000-0x7f9fffff]
[    0.130961] PM: Registered nosave memory: [mem 0x7fa00000-0xe00f7fff]
[    0.130961] PM: Registered nosave memory: [mem 0xe00f8000-0xe00f8fff]
[    0.130962] PM: Registered nosave memory: [mem 0xe00f9000-0xfed1bfff]
[    0.130962] PM: Registered nosave memory: [mem 0xfed1c000-0xfed1ffff]
[    0.130962] PM: Registered nosave memory: [mem 0xfed20000-0xffd6ffff]
[    0.130963] PM: Registered nosave memory: [mem 0xffd70000-0xffd9ffff]
[    0.130963] PM: Registered nosave memory: [mem 0xffda0000-0xffffffff]
[    0.130965] [mem 0x7fa00000-0xe00f7fff] available for PCI devices
[    0.130967] Booting paravirtualized kernel on bare hardware
[    0.130969] clocksource: refined-jiffies: mask: 0xffffffff max_cycles: 0xffffffff, max_idle_ns: 1910969940391419 ns
[    0.226414] random: get_random_bytes called from start_kernel+0x93/0x503 with crng_init=0
[    0.226420] setup_percpu: NR_CPUS:64 nr_cpumask_bits:64 nr_cpu_ids:8 nr_node_ids:1
[    0.226589] percpu: Embedded 44 pages/cpu @(____ptrval____) s143360 r8192 d28672 u262144
[    0.226594] pcpu-alloc: s143360 r8192 d28672 u262144 alloc=1*2097152
[    0.226595] pcpu-alloc: [0] 0 1 2 3 4 5 6 7 
[    0.226610] Built 1 zonelists, mobility grouping on.  Total pages: 4097561
[    0.226611] Policy zone: Normal
[    0.226612] Kernel command line: BOOT_IMAGE=/vmlinuz-5.0.0-rc6+ root=/dev/mapper/im--mac-root ro resume=/dev/mapper/im--mac-swap rd.lvm.lv=im-mac/root rd.luks.uuid=luks-dd1fa933-ef9f-402b-a2e4-7c9d6fb7ce0d rd.lvm.lv=im-mac/swap rhgb quiet hid_apple.fnmode=2 hid_apple.iso_layout=0 usbcore.quirks=05ac:8406:m
[    0.270796] Memory: 15844032K/16650504K available (12291K kernel code, 1403K rwdata, 4028K rodata, 2152K init, 4944K bss, 806472K reserved, 0K cma-reserved)
[    0.270924] SLUB: HWalign=64, Order=0-3, MinObjects=0, CPUs=8, Nodes=1
[    0.270932] Kernel/User page tables isolation: enabled
[    0.270952] ftrace: allocating 38170 entries in 150 pages
[    0.283129] rcu: Hierarchical RCU implementation.
[    0.283130] rcu: 	RCU restricting CPUs from NR_CPUS=64 to nr_cpu_ids=8.
[    0.283130] rcu: RCU calculated value of scheduler-enlistment delay is 100 jiffies.
[    0.283131] rcu: Adjusting geometry for rcu_fanout_leaf=16, nr_cpu_ids=8
[    0.285001] NR_IRQS: 4352, nr_irqs: 488, preallocated irqs: 16
[    0.285126] rcu: 	Offload RCU callbacks from CPUs: (none).
[    0.285168] Console: colour dummy device 80x25
[    0.285173] printk: console [tty0] enabled
[    0.285184] ACPI: Core revision 20181213
[    0.285387] clocksource: hpet: mask: 0xffffffff max_cycles: 0xffffffff, max_idle_ns: 133484882848 ns
[    0.285396] hpet clockevent registered
[    0.285399] APIC: Switch to symmetric I/O mode setup
[    0.285401] DMAR: Host address width 39
[    0.285401] DMAR: DRHD base: 0x000000fed90000 flags: 0x0
[    0.285404] DMAR: dmar0: reg_base_addr fed90000 ver 1:0 cap c0000020660462 ecap f0101a
[    0.285405] DMAR: DRHD base: 0x000000fed91000 flags: 0x1
[    0.285407] DMAR: dmar1: reg_base_addr fed91000 ver 1:0 cap d2008c20660462 ecap f010da
[    0.285407] DMAR: RMRR base: 0x00000079800000 end: 0x0000007f9fffff
[    0.285410] DMAR-IR: IOAPIC id 2 under DRHD base  0xfed91000 IOMMU 1
[    0.285411] DMAR-IR: HPET id 0 under DRHD base 0xfed91000
[    0.285411] DMAR-IR: x2apic is disabled because BIOS sets x2apic opt out bit.
[    0.285411] DMAR-IR: Use 'intremap=no_x2apic_optout' to override the BIOS setting.
[    0.285785] DMAR-IR: Enabled IRQ remapping in xapic mode
[    0.285785] x2apic: IRQ remapping doesn't support X2APIC mode
[    0.286155] ..TIMER: vector=0x30 apic1=0 pin1=2 apic2=-1 pin2=-1
[    0.290405] clocksource: tsc-early: mask: 0xffffffffffffffff max_cycles: 0x1fa389b69f0, max_idle_ns: 440795256998 ns
[    0.290414] Calibrating delay loop (skipped), value calculated using timer frequency.. 4389.88 BogoMIPS (lpj=2194943)
[    0.290416] pid_max: default: 32768 minimum: 301
[    0.300509] LSM: Security Framework initializing
[    0.300510] Yama: becoming mindful.
[    0.300514] SELinux:  Initializing.
[    0.302891] Dentry cache hash table entries: 2097152 (order: 12, 16777216 bytes)
[    0.304047] Inode-cache hash table entries: 1048576 (order: 11, 8388608 bytes)
[    0.304087] Mount-cache hash table entries: 32768 (order: 6, 262144 bytes)
[    0.304119] Mountpoint-cache hash table entries: 32768 (order: 6, 262144 bytes)
[    0.304285] ENERGY_PERF_BIAS: Set to 'normal', was 'performance'
[    0.304285] ENERGY_PERF_BIAS: View and update with x86_energy_perf_policy(8)
[    0.304289] mce: CPU supports 10 MCE banks
[    0.304298] mce: CPU0: Thermal monitoring enabled (TM1)
[    0.304310] process: using mwait in idle threads
[    0.304312] Last level iTLB entries: 4KB 1024, 2MB 1024, 4MB 1024
[    0.304313] Last level dTLB entries: 4KB 1024, 2MB 1024, 4MB 1024, 1GB 4
[    0.304315] Spectre V2 : Mitigation: Full generic retpoline
[    0.304315] Spectre V2 : Spectre v2 / SpectreRSB mitigation: Filling RSB on context switch
[    0.304315] Spectre V2 : Enabling Restricted Speculation for firmware calls
[    0.304322] Spectre V2 : mitigation: Enabling conditional Indirect Branch Prediction Barrier
[    0.304322] Spectre V2 : User space: Mitigation: STIBP via seccomp and prctl
[    0.304323] Speculative Store Bypass: Mitigation: Speculative Store Bypass disabled via prctl and seccomp
[    0.304490] Freeing SMP alternatives memory: 36K
[    0.305471] TSC deadline timer enabled
[    0.305473] smpboot: CPU0: Intel(R) Core(TM) i7-4770HQ CPU @ 2.20GHz (family: 0x6, model: 0x46, stepping: 0x1)
[    0.305541] Performance Events: PEBS fmt2+, Haswell events, 16-deep LBR, full-width counters, Intel PMU driver.
[    0.305578] ... version:                3
[    0.305578] ... bit width:              48
[    0.305578] ... generic registers:      4
[    0.305579] ... value mask:             0000ffffffffffff
[    0.305580] ... max period:             00007fffffffffff
[    0.305580] ... fixed-purpose events:   3
[    0.305580] ... event mask:             000000070000000f
[    0.305606] rcu: Hierarchical SRCU implementation.
[    0.306044] random: crng done (trusting CPU's manufacturer)
[    0.306406] NMI watchdog: Enabled. Permanently consumes one hw-PMU counter.
[    0.306440] smp: Bringing up secondary CPUs ...
[    0.306491] x86: Booting SMP configuration:
[    0.306492] .... node  #0, CPUs:      #1 #2 #3 #4 #5 #6 #7
[    0.355411] smp: Brought up 1 node, 8 CPUs
[    0.355412] smpboot: Max logical packages: 1
[    0.355414] smpboot: Total of 8 processors activated (35119.08 BogoMIPS)
[    0.356784] devtmpfs: initialized
[    0.356784] x86/mm: Memory block size: 128MB
[    0.357660] PM: Registering ACPI NVS region [mem 0x78d01000-0x78d48fff] (294912 bytes)
[    0.357660] clocksource: jiffies: mask: 0xffffffff max_cycles: 0xffffffff, max_idle_ns: 1911260446275000 ns
[    0.357660] futex hash table entries: 2048 (order: 5, 131072 bytes)
[    0.357660] pinctrl core: initialized pinctrl subsystem
[    0.357660] RTC time: 22:34:00, date: 2019-02-11
[    0.357741] NET: Registered protocol family 16
[    0.357832] audit: initializing netlink subsys (disabled)
[    0.357835] audit: type=2000 audit(1549924440.072:1): state=initialized audit_enabled=0 res=1
[    0.357835] cpuidle: using governor menu
[    0.357835] ACPI: bus type PCI registered
[    0.357835] acpiphp: ACPI Hot Plug PCI Controller Driver version: 0.5
[    0.357835] PCI: MMCONFIG for domain 0000 [bus 00-9b] at [mem 0xe0000000-0xe9bfffff] (base 0xe0000000)
[    0.357835] PCI: not using MMCONFIG
[    0.357835] PCI: Using configuration type 1 for base access
[    0.357835] core: PMU erratum BJ122, BV98, HSD29 worked around, HT is on
[    0.359434] HugeTLB registered 1.00 GiB page size, pre-allocated 0 pages
[    0.359434] HugeTLB registered 2.00 MiB page size, pre-allocated 0 pages
[    0.359434] cryptd: max_cpu_qlen set to 1000
[    0.359449] ACPI: Disabled all _OSI OS vendors
[    0.359451] ACPI: Added _OSI(Module Device)
[    0.359451] ACPI: Added _OSI(Processor Device)
[    0.359452] ACPI: Added _OSI(3.0 _SCP Extensions)
[    0.359452] ACPI: Added _OSI(Processor Aggregator Device)
[    0.359453] ACPI: Added _OSI(Linux-Dell-Video)
[    0.359454] ACPI: Added _OSI(Linux-Lenovo-NV-HDMI-Audio)
[    0.359454] ACPI: Added _OSI(Linux-HPI-Hybrid-Graphics)
[    0.359455] ACPI: Added _OSI(Darwin)
[    0.370887] ACPI: 10 ACPI AML tables successfully acquired and loaded
[    0.371495] ACPI: EC: EC started
[    0.371495] ACPI: EC: interrupt blocked
[    0.373445] ACPI: \: Used as first EC
[    0.373447] ACPI: \: GPE=0x17, EC_CMD/EC_SC=0x66, EC_DATA=0x62
[    0.373448] ACPI: \: Used as boot ECDT EC to handle transactions
[    0.374155] ACPI: BIOS _OSI(Darwin) query honored via DMI
[    0.374678] ACPI: [Firmware Bug]: BIOS _OSI(Linux) query ignored
[    0.374793] ACPI Error: Needed type [Reference], found [Integer] 00000000d9eea598 (20181213/exresop-69)
[    0.374797] ACPI Error: AE_AML_OPERAND_TYPE, While resolving operands for [OpcodeName unavailable] (20181213/dswexec-427)
[    0.374799] ACPI Error: Method parse/execution failed \_PR.CPU0._PDC, AE_AML_OPERAND_TYPE (20181213/psparse-531)
[    0.374993] ACPI: Dynamic OEM Table Load:
[    0.374998] ACPI: SSDT 0xFFFF946BACB4C000 00067C (v01 PmRef  ApIst    00003000 INTL 20140424)
[    0.375370] ACPI: Dynamic OEM Table Load:
[    0.375374] ACPI: SSDT 0xFFFF946BACB99000 000119 (v01 PmRef  ApCst    00003000 INTL 20140424)
[    0.376439] ACPI: Interpreter enabled
[    0.376455] ACPI: (supports S0 S3 S4 S5)
[    0.376455] ACPI: Using IOAPIC for interrupt routing
[    0.376472] PCI: MMCONFIG for domain 0000 [bus 00-9b] at [mem 0xe0000000-0xe9bfffff] (base 0xe0000000)
[    0.376839] PCI: MMCONFIG at [mem 0xe0000000-0xe9bfffff] reserved in ACPI motherboard resources
[    0.376847] PCI: Using host bridge windows from ACPI; if necessary, use "pci=nocrs" and report a bug
[    0.377024] ACPI: Enabled 7 GPEs in block 00 to 3F
[    0.384243] ACPI: PCI Root Bridge [PCI0] (domain 0000 [bus 00-ff])
[    0.384247] acpi PNP0A08:00: _OSC: OS assumes control of [PCIeHotplug SHPCHotplug AER PCIeCapability LTR]
[    0.384256] acpi PNP0A08:00: [Firmware Info]: MMCONFIG for domain 0000 [bus 00-9b] only partially covers this bridge
[    0.384459] PCI host bridge to bus 0000:00
[    0.384461] pci_bus 0000:00: root bus resource [io  0x0000-0x0cf7 window]
[    0.384462] pci_bus 0000:00: root bus resource [io  0x0d00-0xffff window]
[    0.384463] pci_bus 0000:00: root bus resource [mem 0x000a0000-0x000bffff window]
[    0.384464] pci_bus 0000:00: root bus resource [mem 0x000c0000-0x000c3fff window]
[    0.384465] pci_bus 0000:00: root bus resource [mem 0x000c4000-0x000c7fff window]
[    0.384466] pci_bus 0000:00: root bus resource [mem 0x000c8000-0x000cbfff window]
[    0.384467] pci_bus 0000:00: root bus resource [mem 0x000cc000-0x000cffff window]
[    0.384468] pci_bus 0000:00: root bus resource [mem 0x000d0000-0x000d3fff window]
[    0.384469] pci_bus 0000:00: root bus resource [mem 0x000d4000-0x000d7fff window]
[    0.384470] pci_bus 0000:00: root bus resource [mem 0x000d8000-0x000dbfff window]
[    0.384471] pci_bus 0000:00: root bus resource [mem 0x000dc000-0x000dffff window]
[    0.384471] pci_bus 0000:00: root bus resource [mem 0x000e0000-0x000e3fff window]
[    0.384472] pci_bus 0000:00: root bus resource [mem 0x000e4000-0x000e7fff window]
[    0.384473] pci_bus 0000:00: root bus resource [mem 0x000e8000-0x000ebfff window]
[    0.384474] pci_bus 0000:00: root bus resource [mem 0x000ec000-0x000effff window]
[    0.384475] pci_bus 0000:00: root bus resource [mem 0x000f0000-0x000fffff window]
[    0.384476] pci_bus 0000:00: root bus resource [mem 0x7fa00000-0xfeafffff window]
[    0.384477] pci_bus 0000:00: root bus resource [mem 0xfed40000-0xfed44fff window]
[    0.384478] pci_bus 0000:00: root bus resource [bus 00-ff]
[    0.384485] pci 0000:00:00.0: [8086:0d04] type 00 class 0x060000
[    0.384551] pci 0000:00:01.0: [8086:0d01] type 01 class 0x060400
[    0.384582] pci 0000:00:01.0: PME# supported from D0 D3hot D3cold
[    0.384628] pci 0000:00:01.1: [8086:0d05] type 01 class 0x060400
[    0.384655] pci 0000:00:01.1: PME# supported from D0 D3hot D3cold
[    0.384725] pci 0000:00:02.0: [8086:0d26] type 00 class 0x030000
[    0.384734] pci 0000:00:02.0: reg 0x10: [mem 0xa0000000-0xa03fffff 64bit]
[    0.384738] pci 0000:00:02.0: reg 0x18: [mem 0x90000000-0x9fffffff 64bit pref]
[    0.384742] pci 0000:00:02.0: reg 0x20: [io  0x3000-0x303f]
[    0.384751] pci 0000:00:02.0: BAR 2: assigned to efifb
[    0.384799] pci 0000:00:03.0: [8086:0d0c] type 00 class 0x040300
[    0.384806] pci 0000:00:03.0: reg 0x10: [mem 0xa0c10000-0xa0c13fff 64bit]
[    0.384884] pci 0000:00:14.0: [8086:8c31] type 00 class 0x0c0330
[    0.384902] pci 0000:00:14.0: reg 0x10: [mem 0xa0c00000-0xa0c0ffff 64bit]
[    0.384952] pci 0000:00:14.0: PME# supported from D3hot D3cold
[    0.385028] pci 0000:00:16.0: [8086:8c3a] type 00 class 0x078000
[    0.385047] pci 0000:00:16.0: reg 0x10: [mem 0xa0c19100-0xa0c1910f 64bit]
[    0.385099] pci 0000:00:16.0: PME# supported from D0 D3hot D3cold
[    0.385155] pci 0000:00:1b.0: [8086:8c20] type 00 class 0x040300
[    0.385173] pci 0000:00:1b.0: reg 0x10: [mem 0xa0c14000-0xa0c17fff 64bit]
[    0.385231] pci 0000:00:1b.0: PME# supported from D0 D3hot D3cold
[    0.385280] pci 0000:00:1c.0: [8086:8c10] type 01 class 0x060400
[    0.385322] pci 0000:00:1c.0: claimed MacBook Pro poweroff workaround [mem 0x7fa00000-0x7fbfffff]
[    0.385366] pci 0000:00:1c.0: PME# supported from D0 D3hot D3cold
[    0.385429] pci 0000:00:1c.2: [8086:8c14] type 01 class 0x060400
[    0.385498] pci 0000:00:1c.2: PME# supported from D0 D3hot D3cold
[    0.385555] pci 0000:00:1c.3: [8086:8c16] type 01 class 0x060400
[    0.385623] pci 0000:00:1c.3: PME# supported from D0 D3hot D3cold
[    0.385686] pci 0000:00:1f.0: [8086:8c4b] type 00 class 0x060100
[    0.385819] pci 0000:00:1f.3: [8086:8c22] type 00 class 0x0c0500
[    0.385835] pci 0000:00:1f.3: reg 0x10: [mem 0xa0c19000-0xa0c190ff 64bit]
[    0.385852] pci 0000:00:1f.3: reg 0x20: [io  0xefa0-0xefbf]
[    0.385910] pci 0000:00:1f.6: [8086:8c24] type 00 class 0x118000
[    0.385928] pci 0000:00:1f.6: reg 0x10: [mem 0xa0c18000-0xa0c18fff 64bit]
[    0.386078] pci 0000:01:00.0: [144d:a801] type 00 class 0x010601
[    0.386112] pci 0000:01:00.0: reg 0x24: [mem 0xa0b00000-0xa0b01fff]
[    0.386236] pci 0000:00:01.0: PCI bridge to [bus 01]
[    0.386239] pci 0000:00:01.0:   bridge window [mem 0xa0b00000-0xa0bfffff]
[    0.386287] pci 0000:05:00.0: [8086:156d] type 01 class 0x060400
[    0.386366] pci 0000:05:00.0: supports D1 D2
[    0.386367] pci 0000:05:00.0: PME# supported from D0 D1 D2 D3hot D3cold
[    0.386454] pci 0000:00:01.1: PCI bridge to [bus 05-9b]
[    0.386456] pci 0000:00:01.1:   bridge window [io  0x4000-0x6fff]
[    0.386458] pci 0000:00:01.1:   bridge window [mem 0xa0d00000-0xacdfffff]
[    0.386460] pci 0000:00:01.1:   bridge window [mem 0xace00000-0xb8dfffff 64bit pref]
[    0.386540] pci 0000:06:00.0: [8086:156d] type 01 class 0x060400
[    0.386628] pci 0000:06:00.0: supports D1 D2
[    0.386629] pci 0000:06:00.0: PME# supported from D0 D1 D2 D3hot D3cold
[    0.386691] pci 0000:06:03.0: [8086:156d] type 01 class 0x060400
[    0.386778] pci 0000:06:03.0: supports D1 D2
[    0.386779] pci 0000:06:03.0: PME# supported from D0 D1 D2 D3hot D3cold
[    0.386837] pci 0000:06:04.0: [8086:156d] type 01 class 0x060400
[    0.386923] pci 0000:06:04.0: supports D1 D2
[    0.386924] pci 0000:06:04.0: PME# supported from D0 D1 D2 D3hot D3cold
[    0.386984] pci 0000:06:05.0: [8086:156d] type 01 class 0x060400
[    0.387070] pci 0000:06:05.0: supports D1 D2
[    0.387071] pci 0000:06:05.0: PME# supported from D0 D1 D2 D3hot D3cold
[    0.387129] pci 0000:06:06.0: [8086:156d] type 01 class 0x060400
[    0.387215] pci 0000:06:06.0: supports D1 D2
[    0.387216] pci 0000:06:06.0: PME# supported from D0 D1 D2 D3hot D3cold
[    0.387285] pci 0000:05:00.0: PCI bridge to [bus 06-6b]
[    0.387289] pci 0000:05:00.0:   bridge window [io  0x4000-0x5fff]
[    0.387291] pci 0000:05:00.0:   bridge window [mem 0xa0d00000-0xa8dfffff]
[    0.387295] pci 0000:05:00.0:   bridge window [mem 0xace00000-0xb4dfffff 64bit pref]
[    0.387342] pci 0000:07:00.0: [8086:156c] type 00 class 0x088000
[    0.387366] pci 0000:07:00.0: reg 0x10: [mem 0xa0d00000-0xa0d3ffff]
[    0.387375] pci 0000:07:00.0: reg 0x14: [mem 0xa0d40000-0xa0d40fff]
[    0.387494] pci 0000:07:00.0: supports D1 D2
[    0.387495] pci 0000:07:00.0: PME# supported from D0 D1 D2 D3hot D3cold
[    0.387636] pci 0000:06:00.0: PCI bridge to [bus 07]
[    0.387641] pci 0000:06:00.0:   bridge window [mem 0xa0d00000-0xa0dfffff]
[    0.387695] pci 0000:06:03.0: PCI bridge to [bus 08-38]
[    0.387699] pci 0000:06:03.0:   bridge window [io  0x4000-0x4fff]
[    0.387701] pci 0000:06:03.0:   bridge window [mem 0xa0e00000-0xa4dfffff]
[    0.387705] pci 0000:06:03.0:   bridge window [mem 0xace00000-0xb0dfffff 64bit pref]
[    0.387755] pci 0000:06:04.0: PCI bridge to [bus 39]
[    0.387810] pci 0000:06:05.0: PCI bridge to [bus 3a-6a]
[    0.387814] pci 0000:06:05.0:   bridge window [io  0x5000-0x5fff]
[    0.387816] pci 0000:06:05.0:   bridge window [mem 0xa4e00000-0xa8dfffff]
[    0.387820] pci 0000:06:05.0:   bridge window [mem 0xb0e00000-0xb4dfffff 64bit pref]
[    0.387847] pci 0000:06:06.0: PCI bridge to [bus 6b]
[    0.387912] pci 0000:00:1c.0: PCI bridge to [bus 02]
[    0.388008] pci 0000:03:00.0: [14e4:43ba] type 00 class 0x028000
[    0.388073] pci 0000:03:00.0: reg 0x10: [mem 0xa0800000-0xa0807fff 64bit]
[    0.388099] pci 0000:03:00.0: reg 0x18: [mem 0xa0400000-0xa07fffff 64bit]
[    0.388303] pci 0000:03:00.0: supports D1 D2
[    0.388304] pci 0000:03:00.0: PME# supported from D0 D1 D2 D3hot D3cold
[    0.388534] pci 0000:00:1c.2: PCI bridge to [bus 03]
[    0.388538] pci 0000:00:1c.2:   bridge window [mem 0xa0400000-0xa08fffff]
[    0.388599] pci 0000:04:00.0: [14e4:1570] type 00 class 0x048000
[    0.388631] pci 0000:04:00.0: reg 0x10: [mem 0xa0a00000-0xa0a0ffff 64bit]
[    0.388646] pci 0000:04:00.0: reg 0x18: [mem 0x80000000-0x8fffffff 64bit pref]
[    0.388660] pci 0000:04:00.0: reg 0x20: [mem 0xa0900000-0xa09fffff 64bit]
[    0.388746] pci 0000:04:00.0: supports D1
[    0.388747] pci 0000:04:00.0: PME# supported from D0 D3hot
[    0.388849] pci 0000:00:1c.3: PCI bridge to [bus 04]
[    0.388853] pci 0000:00:1c.3:   bridge window [mem 0xa0900000-0xa0afffff]
[    0.388858] pci 0000:00:1c.3:   bridge window [mem 0x80000000-0x8fffffff 64bit pref]
[    0.389587] ACPI: PCI Interrupt Link [LNKA] (IRQs 1 3 4 5 6 7 10 12 14 15) *0, disabled.
[    0.389634] ACPI: PCI Interrupt Link [LNKB] (IRQs 1 3 4 5 6 7 11 12 14 15) *0, disabled.
[    0.389679] ACPI: PCI Interrupt Link [LNKC] (IRQs 1 3 4 5 6 7 10 12 14 15) *0, disabled.
[    0.389721] ACPI: PCI Interrupt Link [LNKD] (IRQs 1 3 4 5 6 7 11 12 14 15) *0, disabled.
[    0.389762] ACPI: PCI Interrupt Link [LNKE] (IRQs 1 3 4 5 6 7 10 12 14 15) *0, disabled.
[    0.389803] ACPI: PCI Interrupt Link [LNKF] (IRQs 1 3 4 5 6 7 11 12 14 15) *0, disabled.
[    0.389838] ACPI: PCI Interrupt Link [LNKG] (IRQs 1 3 4 5 6 7 10 12 14 15) *0, disabled.
[    0.389884] ACPI: PCI Interrupt Link [LNKH] (IRQs 1 3 4 5 6 7 11 12 14 15) *0, disabled.
[    0.390025] ACPI: EC: interrupt unblocked
[    0.390042] ACPI: EC: event unblocked
[    0.390055] ACPI: \_SB_.PCI0.LPCB.EC__: GPE=0x17, EC_CMD/EC_SC=0x66, EC_DATA=0x62
[    0.390056] ACPI: \_SB_.PCI0.LPCB.EC__: Used as boot DSDT EC to handle transactions and events
[    0.390099] pci 0000:00:02.0: vgaarb: setting as boot VGA device
[    0.390099] pci 0000:00:02.0: vgaarb: VGA device added: decodes=io+mem,owns=io+mem,locks=none
[    0.390099] pci 0000:00:02.0: vgaarb: bridge control possible
[    0.390099] vgaarb: loaded
[    0.390099] SCSI subsystem initialized
[    0.390099] libata version 3.00 loaded.
[    0.390099] ACPI: bus type USB registered
[    0.390099] usbcore: registered new interface driver usbfs
[    0.390099] usbcore: registered new interface driver hub
[    0.390099] usbcore: registered new device driver usb
[    0.390099] pps_core: LinuxPPS API ver. 1 registered
[    0.390099] pps_core: Software ver. 5.3.6 - Copyright 2005-2007 Rodolfo Giometti <giometti@linux.it>
[    0.390099] PTP clock support registered
[    0.390099] EDAC MC: Ver: 3.0.0
[    0.390429] Registered efivars operations
[    0.425438] PCI: Using ACPI for IRQ routing
[    0.428440] PCI: pci_cache_line_size set to 64 bytes
[    0.428543] e820: reserve RAM buffer [mem 0x00058000-0x0005ffff]
[    0.428544] e820: reserve RAM buffer [mem 0x66282710-0x67ffffff]
[    0.428545] e820: reserve RAM buffer [mem 0x78d01000-0x7bffffff]
[    0.428546] e820: reserve RAM buffer [mem 0x78d5d000-0x7bffffff]
[    0.428547] e820: reserve RAM buffer [mem 0x78e3a000-0x7bffffff]
[    0.428548] e820: reserve RAM buffer [mem 0x78ecc000-0x7bffffff]
[    0.428549] e820: reserve RAM buffer [mem 0x78f85000-0x7bffffff]
[    0.428550] e820: reserve RAM buffer [mem 0x79000000-0x7bffffff]
[    0.428550] e820: reserve RAM buffer [mem 0x47f600000-0x47fffffff]
[    0.428621] NetLabel: Initializing
[    0.428622] NetLabel:  domain hash size = 128
[    0.428622] NetLabel:  protocols = UNLABELED CIPSOv4 CALIPSO
[    0.428631] NetLabel:  unlabeled traffic allowed by default
[    0.429482] hpet0: at MMIO 0xfed00000, IRQs 2, 8, 0, 0, 0, 0, 0, 0
[    0.429485] hpet0: 8 comparators, 64-bit 14.318180 MHz counter
[    0.431422] clocksource: Switched to clocksource tsc-early
[    0.441045] VFS: Disk quotas dquot_6.6.0
[    0.441058] VFS: Dquot-cache hash table entries: 512 (order 0, 4096 bytes)
[    0.441103] pnp: PnP ACPI init
[    0.441740] system 00:00: [mem 0xfed00000-0xfed03fff] has been reserved
[    0.441744] system 00:00: Plug and Play ACPI device, IDs PNP0103 PNP0c01 (active)
[    0.441777] system 00:01: [io  0xffff] has been reserved
[    0.441778] system 00:01: [io  0x1800-0x187f] has been reserved
[    0.441779] system 00:01: [io  0x0800-0x087f] has been reserved
[    0.441782] system 00:01: Plug and Play ACPI device, IDs PNP0c02 (active)
[    0.441794] pnp 00:02: Plug and Play ACPI device, IDs PNP0b00 (active)
[    0.441838] pnp 00:03: Plug and Play ACPI device, IDs APP000b (active)
[    0.441935] system 00:04: [mem 0xfed1c000-0xfed1ffff] has been reserved
[    0.441936] system 00:04: [mem 0xfed10000-0xfed17fff] has been reserved
[    0.441937] system 00:04: [mem 0xfed18000-0xfed18fff] has been reserved
[    0.441938] system 00:04: [mem 0xfed19000-0xfed19fff] has been reserved
[    0.441940] system 00:04: [mem 0xe0000000-0xefffffff] could not be reserved
[    0.441941] system 00:04: [mem 0xfed20000-0xfed3ffff] has been reserved
[    0.441942] system 00:04: [mem 0xfed90000-0xfed93fff] could not be reserved
[    0.441943] system 00:04: [mem 0xfed45000-0xfed8ffff] has been reserved
[    0.441944] system 00:04: [mem 0xff000000-0xffffffff] could not be reserved
[    0.441946] system 00:04: [mem 0xfee00000-0xfeefffff] has been reserved
[    0.441948] system 00:04: Plug and Play ACPI device, IDs PNP0c02 (active)
[    0.441986] system 00:05: [mem 0x20000000-0x201fffff] could not be reserved
[    0.441987] system 00:05: [mem 0x40000000-0x401fffff] could not be reserved
[    0.441989] system 00:05: Plug and Play ACPI device, IDs PNP0c01 (active)
[    0.442095] pnp: PnP ACPI: found 6 devices
[    0.442923] pci 0000:07:00.0: assigning 8 device properties
[    0.442933] pci 0000:00:1b.0: assigning 4 device properties
[    0.442938] pci 0000:00:02.0: assigning 2 device properties
[    0.447510] clocksource: acpi_pm: mask: 0xffffff max_cycles: 0xffffff, max_idle_ns: 2085701024 ns
[    0.447543] pci 0000:06:00.0: bridge window [io  0x1000-0x0fff] to [bus 07] add_size 1000
[    0.447545] pci 0000:06:00.0: bridge window [mem 0x00100000-0x000fffff 64bit pref] to [bus 07] add_size 200000 add_align 100000
[    0.447555] pci 0000:06:04.0: bridge window [io  0x1000-0x0fff] to [bus 39] add_size 1000
[    0.447557] pci 0000:06:04.0: bridge window [mem 0x00100000-0x000fffff 64bit pref] to [bus 39] add_size 200000 add_align 100000
[    0.447558] pci 0000:06:04.0: bridge window [mem 0x00100000-0x000fffff] to [bus 39] add_size 200000 add_align 100000
[    0.447568] pci 0000:06:06.0: bridge window [io  0x1000-0x0fff] to [bus 6b] add_size 1000
[    0.447570] pci 0000:06:06.0: bridge window [mem 0x00100000-0x000fffff 64bit pref] to [bus 6b] add_size 200000 add_align 100000
[    0.447571] pci 0000:06:06.0: bridge window [mem 0x00100000-0x000fffff] to [bus 6b] add_size 200000 add_align 100000
[    0.447589] pci 0000:00:1c.0: bridge window [io  0x1000-0x0fff] to [bus 02] add_size 1000
[    0.447590] pci 0000:00:1c.0: bridge window [mem 0x00100000-0x000fffff 64bit pref] to [bus 02] add_size 200000 add_align 100000
[    0.447591] pci 0000:00:1c.0: bridge window [mem 0x00100000-0x000fffff] to [bus 02] add_size 200000 add_align 100000
[    0.447609] pci 0000:00:1c.0: BAR 14: assigned [mem 0x7fc00000-0x7fdfffff]
[    0.447617] pci 0000:00:1c.0: BAR 15: assigned [mem 0x7fe00000-0x7fffffff 64bit pref]
[    0.447618] pci 0000:00:1c.0: BAR 13: assigned [io  0x2000-0x2fff]
[    0.447620] pci 0000:00:01.0: PCI bridge to [bus 01]
[    0.447622] pci 0000:00:01.0:   bridge window [mem 0xa0b00000-0xa0bfffff]
[    0.447629] pci 0000:06:00.0: BAR 15: no space for [mem size 0x00200000 64bit pref]
[    0.447630] pci 0000:06:00.0: BAR 15: failed to assign [mem size 0x00200000 64bit pref]
[    0.447631] pci 0000:06:04.0: BAR 14: no space for [mem size 0x00200000]
[    0.447632] pci 0000:06:04.0: BAR 14: failed to assign [mem size 0x00200000]
[    0.447634] pci 0000:06:04.0: BAR 15: no space for [mem size 0x00200000 64bit pref]
[    0.447635] pci 0000:06:04.0: BAR 15: failed to assign [mem size 0x00200000 64bit pref]
[    0.447636] pci 0000:06:06.0: BAR 14: no space for [mem size 0x00200000]
[    0.447637] pci 0000:06:06.0: BAR 14: failed to assign [mem size 0x00200000]
[    0.447639] pci 0000:06:06.0: BAR 15: no space for [mem size 0x00200000 64bit pref]
[    0.447640] pci 0000:06:06.0: BAR 15: failed to assign [mem size 0x00200000 64bit pref]
[    0.447641] pci 0000:06:00.0: BAR 13: no space for [io  size 0x1000]
[    0.447642] pci 0000:06:00.0: BAR 13: failed to assign [io  size 0x1000]
[    0.447643] pci 0000:06:04.0: BAR 13: no space for [io  size 0x1000]
[    0.447644] pci 0000:06:04.0: BAR 13: failed to assign [io  size 0x1000]
[    0.447645] pci 0000:06:06.0: BAR 13: no space for [io  size 0x1000]
[    0.447646] pci 0000:06:06.0: BAR 13: failed to assign [io  size 0x1000]
[    0.447647] pci 0000:06:06.0: BAR 14: no space for [mem size 0x00200000]
[    0.447648] pci 0000:06:06.0: BAR 14: failed to assign [mem size 0x00200000]
[    0.447650] pci 0000:06:06.0: BAR 15: no space for [mem size 0x00200000 64bit pref]
[    0.447651] pci 0000:06:06.0: BAR 15: failed to assign [mem size 0x00200000 64bit pref]
[    0.447652] pci 0000:06:06.0: BAR 13: no space for [io  size 0x1000]
[    0.447653] pci 0000:06:06.0: BAR 13: failed to assign [io  size 0x1000]
[    0.447654] pci 0000:06:04.0: BAR 14: no space for [mem size 0x00200000]
[    0.447655] pci 0000:06:04.0: BAR 14: failed to assign [mem size 0x00200000]
[    0.447657] pci 0000:06:04.0: BAR 15: no space for [mem size 0x00200000 64bit pref]
[    0.447658] pci 0000:06:04.0: BAR 15: failed to assign [mem size 0x00200000 64bit pref]
[    0.447659] pci 0000:06:04.0: BAR 13: no space for [io  size 0x1000]
[    0.447660] pci 0000:06:04.0: BAR 13: failed to assign [io  size 0x1000]
[    0.447661] pci 0000:06:00.0: BAR 15: no space for [mem size 0x00200000 64bit pref]
[    0.447662] pci 0000:06:00.0: BAR 15: failed to assign [mem size 0x00200000 64bit pref]
[    0.447663] pci 0000:06:00.0: BAR 13: no space for [io  size 0x1000]
[    0.447664] pci 0000:06:00.0: BAR 13: failed to assign [io  size 0x1000]
[    0.447665] pci 0000:06:00.0: PCI bridge to [bus 07]
[    0.447669] pci 0000:06:00.0:   bridge window [mem 0xa0d00000-0xa0dfffff]
[    0.447674] pci 0000:06:03.0: PCI bridge to [bus 08-38]
[    0.447676] pci 0000:06:03.0:   bridge window [io  0x4000-0x4fff]
[    0.447679] pci 0000:06:03.0:   bridge window [mem 0xa0e00000-0xa4dfffff]
[    0.447682] pci 0000:06:03.0:   bridge window [mem 0xace00000-0xb0dfffff 64bit pref]
[    0.447686] pci 0000:06:04.0: PCI bridge to [bus 39]
[    0.447694] pci 0000:06:05.0: PCI bridge to [bus 3a-6a]
[    0.447696] pci 0000:06:05.0:   bridge window [io  0x5000-0x5fff]
[    0.447699] pci 0000:06:05.0:   bridge window [mem 0xa4e00000-0xa8dfffff]
[    0.447702] pci 0000:06:05.0:   bridge window [mem 0xb0e00000-0xb4dfffff 64bit pref]
[    0.447706] pci 0000:06:06.0: PCI bridge to [bus 6b]
[    0.447714] pci 0000:05:00.0: PCI bridge to [bus 06-6b]
[    0.447715] pci 0000:05:00.0:   bridge window [io  0x4000-0x5fff]
[    0.447718] pci 0000:05:00.0:   bridge window [mem 0xa0d00000-0xa8dfffff]
[    0.447721] pci 0000:05:00.0:   bridge window [mem 0xace00000-0xb4dfffff 64bit pref]
[    0.447725] pci 0000:00:01.1: PCI bridge to [bus 05-9b]
[    0.447726] pci 0000:00:01.1:   bridge window [io  0x4000-0x6fff]
[    0.447728] pci 0000:00:01.1:   bridge window [mem 0xa0d00000-0xacdfffff]
[    0.447729] pci 0000:00:01.1:   bridge window [mem 0xace00000-0xb8dfffff 64bit pref]
[    0.447732] pci 0000:00:1c.0: PCI bridge to [bus 02]
[    0.447739] pci 0000:00:1c.0:   bridge window [io  0x2000-0x2fff]
[    0.447743] pci 0000:00:1c.0:   bridge window [mem 0x7fc00000-0x7fdfffff]
[    0.447746] pci 0000:00:1c.0:   bridge window [mem 0x7fe00000-0x7fffffff 64bit pref]
[    0.447751] pci 0000:00:1c.2: PCI bridge to [bus 03]
[    0.447755] pci 0000:00:1c.2:   bridge window [mem 0xa0400000-0xa08fffff]
[    0.447762] pci 0000:00:1c.3: PCI bridge to [bus 04]
[    0.447766] pci 0000:00:1c.3:   bridge window [mem 0xa0900000-0xa0afffff]
[    0.447770] pci 0000:00:1c.3:   bridge window [mem 0x80000000-0x8fffffff 64bit pref]
[    0.447775] pci_bus 0000:00: resource 4 [io  0x0000-0x0cf7 window]
[    0.447776] pci_bus 0000:00: resource 5 [io  0x0d00-0xffff window]
[    0.447777] pci_bus 0000:00: resource 6 [mem 0x000a0000-0x000bffff window]
[    0.447778] pci_bus 0000:00: resource 7 [mem 0x000c0000-0x000c3fff window]
[    0.447779] pci_bus 0000:00: resource 8 [mem 0x000c4000-0x000c7fff window]
[    0.447780] pci_bus 0000:00: resource 9 [mem 0x000c8000-0x000cbfff window]
[    0.447781] pci_bus 0000:00: resource 10 [mem 0x000cc000-0x000cffff window]
[    0.447782] pci_bus 0000:00: resource 11 [mem 0x000d0000-0x000d3fff window]
[    0.447783] pci_bus 0000:00: resource 12 [mem 0x000d4000-0x000d7fff window]
[    0.447784] pci_bus 0000:00: resource 13 [mem 0x000d8000-0x000dbfff window]
[    0.447785] pci_bus 0000:00: resource 14 [mem 0x000dc000-0x000dffff window]
[    0.447786] pci_bus 0000:00: resource 15 [mem 0x000e0000-0x000e3fff window]
[    0.447787] pci_bus 0000:00: resource 16 [mem 0x000e4000-0x000e7fff window]
[    0.447788] pci_bus 0000:00: resource 17 [mem 0x000e8000-0x000ebfff window]
[    0.447789] pci_bus 0000:00: resource 18 [mem 0x000ec000-0x000effff window]
[    0.447790] pci_bus 0000:00: resource 19 [mem 0x000f0000-0x000fffff window]
[    0.447791] pci_bus 0000:00: resource 20 [mem 0x7fa00000-0xfeafffff window]
[    0.447791] pci_bus 0000:00: resource 21 [mem 0xfed40000-0xfed44fff window]
[    0.447793] pci_bus 0000:01: resource 1 [mem 0xa0b00000-0xa0bfffff]
[    0.447794] pci_bus 0000:05: resource 0 [io  0x4000-0x6fff]
[    0.447795] pci_bus 0000:05: resource 1 [mem 0xa0d00000-0xacdfffff]
[    0.447796] pci_bus 0000:05: resource 2 [mem 0xace00000-0xb8dfffff 64bit pref]
[    0.447796] pci_bus 0000:06: resource 0 [io  0x4000-0x5fff]
[    0.447797] pci_bus 0000:06: resource 1 [mem 0xa0d00000-0xa8dfffff]
[    0.447798] pci_bus 0000:06: resource 2 [mem 0xace00000-0xb4dfffff 64bit pref]
[    0.447799] pci_bus 0000:07: resource 1 [mem 0xa0d00000-0xa0dfffff]
[    0.447800] pci_bus 0000:08: resource 0 [io  0x4000-0x4fff]
[    0.447801] pci_bus 0000:08: resource 1 [mem 0xa0e00000-0xa4dfffff]
[    0.447802] pci_bus 0000:08: resource 2 [mem 0xace00000-0xb0dfffff 64bit pref]
[    0.447803] pci_bus 0000:3a: resource 0 [io  0x5000-0x5fff]
[    0.447804] pci_bus 0000:3a: resource 1 [mem 0xa4e00000-0xa8dfffff]
[    0.447805] pci_bus 0000:3a: resource 2 [mem 0xb0e00000-0xb4dfffff 64bit pref]
[    0.447806] pci_bus 0000:02: resource 0 [io  0x2000-0x2fff]
[    0.447807] pci_bus 0000:02: resource 1 [mem 0x7fc00000-0x7fdfffff]
[    0.447808] pci_bus 0000:02: resource 2 [mem 0x7fe00000-0x7fffffff 64bit pref]
[    0.447809] pci_bus 0000:03: resource 1 [mem 0xa0400000-0xa08fffff]
[    0.447810] pci_bus 0000:04: resource 1 [mem 0xa0900000-0xa0afffff]
[    0.447811] pci_bus 0000:04: resource 2 [mem 0x80000000-0x8fffffff 64bit pref]
[    0.447913] NET: Registered protocol family 2
[    0.448024] tcp_listen_portaddr_hash hash table entries: 8192 (order: 5, 131072 bytes)
[    0.448067] TCP established hash table entries: 131072 (order: 8, 1048576 bytes)
[    0.448212] TCP bind hash table entries: 65536 (order: 8, 1048576 bytes)
[    0.448332] TCP: Hash tables configured (established 131072 bind 65536)
[    0.448361] UDP hash table entries: 8192 (order: 6, 262144 bytes)
[    0.448398] UDP-Lite hash table entries: 8192 (order: 6, 262144 bytes)
[    0.448471] NET: Registered protocol family 1
[    0.448474] NET: Registered protocol family 44
[    0.448483] pci 0000:00:02.0: Video device with shadowed ROM at [mem 0x000c0000-0x000dffff]
[    0.448744] PCI: CLS 256 bytes, default 64
[    0.448769] Unpacking initramfs...
[    1.573216] Freeing initrd memory: 92720K
[    1.578446] PCI-DMA: Using software bounce buffering for IO (SWIOTLB)
[    1.578449] software IO TLB: mapped [mem 0x5f070000-0x63070000] (64MB)
[    1.581357] Initialise system trusted keyrings
[    1.581369] Key type blacklist registered
[    1.581407] workingset: timestamp_bits=36 max_order=22 bucket_order=0
[    1.582447] zbud: loaded
[    1.717259] alg: No test for 842 (842-generic)
[    1.718080] alg: No test for 842 (842-scomp)
[    1.739339] NET: Registered protocol family 38
[    1.739342] Key type asymmetric registered
[    1.739343] Asymmetric key parser 'x509' registered
[    1.739354] Block layer SCSI generic (bsg) driver version 0.4 loaded (major 243)
[    1.739380] io scheduler mq-deadline registered
[    1.739439] atomic64_test: passed for x86-64 platform with CX8 and with SSE
[    1.739822] pciehp 0000:00:1c.0:pcie004: Slot #0 AttnBtn- PwrCtrl- MRL- AttnInd- PwrInd- HotPlug+ Surprise+ Interlock- NoCompl+ LLActRep+
[    1.740289] pciehp 0000:06:00.0:pcie204: Slot #0 AttnBtn- PwrCtrl- MRL- AttnInd- PwrInd- HotPlug+ Surprise+ Interlock- NoCompl+ LLActRep+
[    1.740437] pciehp 0000:06:03.0:pcie204: Slot #3 AttnBtn- PwrCtrl- MRL- AttnInd- PwrInd- HotPlug+ Surprise+ Interlock- NoCompl+ LLActRep+
[    1.740584] pciehp 0000:06:04.0:pcie204: Slot #4 AttnBtn- PwrCtrl- MRL- AttnInd- PwrInd- HotPlug+ Surprise+ Interlock- NoCompl+ LLActRep+
[    1.740741] pciehp 0000:06:05.0:pcie204: Slot #5 AttnBtn- PwrCtrl- MRL- AttnInd- PwrInd- HotPlug+ Surprise+ Interlock- NoCompl+ LLActRep+
[    1.740887] pciehp 0000:06:06.0:pcie204: Slot #6 AttnBtn- PwrCtrl- MRL- AttnInd- PwrInd- HotPlug+ Surprise+ Interlock- NoCompl+ LLActRep+
[    1.740963] shpchp: Standard Hot Plug PCI Controller Driver version: 0.4
[    1.740979] efifb: probing for efifb
[    1.740991] efifb: No BGRT, not showing boot graphics
[    1.740992] efifb: framebuffer at 0x90000000, using 20700k, total 20700k
[    1.740993] efifb: mode is 2880x1800x32, linelength=11776, pages=1
[    1.740993] efifb: scrolling: redraw
[    1.740995] efifb: Truecolor: size=8:8:8:8, shift=24:16:8:0
[    1.741025] fbcon: Deferring console take-over
[    1.741026] fb0: EFI VGA frame buffer device
[    1.741032] intel_idle: MWAIT substates: 0x42120
[    1.741032] intel_idle: v0.4.1 model 0x46
[    1.741262] intel_idle: lapic_timer_reliable_states 0xffffffff
[    1.741365] ACPI: AC Adapter [ADP1] (on-line)
[    1.741421] input: Lid Switch as /devices/LNXSYSTM:00/LNXSYBUS:00/PNP0C0D:00/input/input0
[    1.741436] ACPI: Lid Switch [LID0]
[    1.741478] input: Power Button as /devices/LNXSYSTM:00/LNXSYBUS:00/PNP0C0C:00/input/input1
[    1.741484] ACPI: Power Button [PWRB]
[    1.741503] input: Sleep Button as /devices/LNXSYSTM:00/LNXSYBUS:00/PNP0C0E:00/input/input2
[    1.741506] ACPI: Sleep Button [SLPB]
[    1.741524] input: Power Button as /devices/LNXSYSTM:00/LNXPWRBN:00/input/input3
[    1.741531] ACPI: Power Button [PWRF]
[    1.742587] Serial: 8250/16550 driver, 32 ports, IRQ sharing enabled
[    1.744112] Non-volatile memory driver v1.3
[    1.744135] Linux agpgart interface v0.103
[    1.744999] ahci 0000:01:00.0: version 3.0
[    1.775644] ahci 0000:01:00.0: AHCI 0001.0300 32 slots 1 ports 6 Gbps 0x1 impl SATA mode
[    1.775648] ahci 0000:01:00.0: flags: 64bit ncq led clo only pio ccc 
[    1.776140] scsi host0: ahci
[    1.776233] ata1: SATA max UDMA/133 abar m8192@0xa0b00000 port 0xa0b00100 irq 33
[    1.776315] libphy: Fixed MDIO Bus: probed
[    1.776434] ehci_hcd: USB 2.0 'Enhanced' Host Controller (EHCI) Driver
[    1.776439] ehci-pci: EHCI PCI platform driver
[    1.776455] ohci_hcd: USB 1.1 'Open' Host Controller (OHCI) Driver
[    1.776457] ohci-pci: OHCI PCI platform driver
[    1.776467] uhci_hcd: USB Universal Host Controller Interface driver
[    1.776644] xhci_hcd 0000:00:14.0: xHCI Host Controller
[    1.776745] xhci_hcd 0000:00:14.0: new USB bus registered, assigned bus number 1
[    1.777822] xhci_hcd 0000:00:14.0: hcc params 0x200077c1 hci version 0x100 quirks 0x0000000000009810
[    1.777828] xhci_hcd 0000:00:14.0: cache line size of 256 is not supported
[    1.778022] usb usb1: New USB device found, idVendor=1d6b, idProduct=0002, bcdDevice= 5.00
[    1.778024] usb usb1: New USB device strings: Mfr=3, Product=2, SerialNumber=1
[    1.778025] usb usb1: Product: xHCI Host Controller
[    1.778026] usb usb1: Manufacturer: Linux 5.0.0-rc6+ xhci-hcd
[    1.778026] usb usb1: SerialNumber: 0000:00:14.0
[    1.778177] hub 1-0:1.0: USB hub found
[    1.778197] hub 1-0:1.0: 14 ports detected
[    1.778529] xhci_hcd 0000:00:14.0: xHCI Host Controller
[    1.778579] xhci_hcd 0000:00:14.0: new USB bus registered, assigned bus number 2
[    1.778581] xhci_hcd 0000:00:14.0: Host supports USB 3.0  SuperSpeed
[    1.778638] usb usb2: New USB device found, idVendor=1d6b, idProduct=0003, bcdDevice= 5.00
[    1.778639] usb usb2: New USB device strings: Mfr=3, Product=2, SerialNumber=1
[    1.778640] usb usb2: Product: xHCI Host Controller
[    1.778641] usb usb2: Manufacturer: Linux 5.0.0-rc6+ xhci-hcd
[    1.778642] usb usb2: SerialNumber: 0000:00:14.0
[    1.778727] hub 2-0:1.0: USB hub found
[    1.778743] hub 2-0:1.0: 6 ports detected
[    1.778770] usb: port power management may be unreliable
[    1.778883] usbcore: registered new interface driver usbserial_generic
[    1.778886] usbserial: USB Serial support registered for generic
[    1.778902] i8042: PNP: No PS/2 controller found.
[    1.778946] mousedev: PS/2 mouse device common for all mice
[    1.779130] rtc_cmos 00:02: RTC can wake from S4
[    1.779259] rtc_cmos 00:02: registered as rtc0
[    1.779260] rtc_cmos 00:02: alarms up to one month, y3k, 242 bytes nvram, hpet irqs
[    1.779314] device-mapper: uevent: version 1.0.3
[    1.779369] device-mapper: ioctl: 4.39.0-ioctl (2018-04-03) initialised: dm-devel@redhat.com
[    1.779429] intel_pstate: Intel P-state driver initializing
[    1.779890] hidraw: raw HID events driver (C) Jiri Kosina
[    1.779981] usbcore: registered new interface driver usbhid
[    1.779982] usbhid: USB HID core driver
[    1.780272] drop_monitor: Initializing network drop monitor service
[    1.780675] Initializing XFRM netlink socket
[    1.780955] NET: Registered protocol family 10
[    1.790030] Segment Routing with IPv6
[    1.790080] mip6: Mobile IPv6
[    1.790084] NET: Registered protocol family 17
[    1.791596] RAS: Correctable Errors collector initialized.
[    1.791685] microcode: sig=0x40661, pf=0x20, revision=0x1a
[    1.791984] microcode: Microcode Update Driver: v2.2.
[    1.792004] AVX2 version of gcm_enc/dec engaged.
[    1.792005] AES CTR mode by8 optimization enabled
[    1.827254] sched_clock: Marking stable (1826988555, 254232)->(1911035798, -83793011)
[    1.827498] registered taskstats version 1
[    1.827506] Loading compiled-in X.509 certificates
[    1.858470] Loaded X.509 cert 'Build time autogenerated kernel key: 307e4e8a55fe74f83f10b61aeadbf24a5fc6325b'
[    1.858494] zswap: loaded using pool lzo/zbud
[    1.864201] Key type big_key registered
[    1.866339] Key type encrypted registered
[    1.866344] ima: No TPM chip found, activating TPM-bypass!
[    1.866348] ima: Allocated hash algorithm: sha1
[    1.866353] No architecture policies found
[    1.866823]   Magic number: 7:166:603
[    1.866949] rtc_cmos 00:02: setting system clock to 2019-02-11T22:34:02 UTC (1549924442)
[    2.103697] usb 2-4: new SuperSpeed Gen 1 USB device number 2 using xhci_hcd
[    2.108081] ata1: SATA link up 6.0 Gbps (SStatus 133 SControl 300)
[    2.110064] ata1.00: unexpected _GTF length (8)
[    2.110289] ata1.00: ATA-8: APPLE SSD SM0256G, BXW1SA0Q, max UDMA/133
[    2.110291] ata1.00: 490234752 sectors, multi 16: LBA48 NCQ (depth 32), AA
[    2.110709] ata1.00: unexpected _GTF length (8)
[    2.110860] ata1.00: configured for UDMA/133
[    2.111091] scsi 0:0:0:0: Direct-Access     ATA      APPLE SSD SM0256 SA0Q PQ: 0 ANSI: 5
[    2.111386] sd 0:0:0:0: Attached scsi generic sg0 type 0
[    2.111622] sd 0:0:0:0: [sda] 490234752 512-byte logical blocks: (251 GB/234 GiB)
[    2.111624] sd 0:0:0:0: [sda] 4096-byte physical blocks
[    2.111649] sd 0:0:0:0: [sda] Write Protect is off
[    2.111652] sd 0:0:0:0: [sda] Mode Sense: 00 3a 00 00
[    2.111680] sd 0:0:0:0: [sda] Write cache: enabled, read cache: enabled, doesn't support DPO or FUA
[    2.112967]  sda: sda1 sda2 sda3 sda4
[    2.113349] sd 0:0:0:0: [sda] Attached SCSI disk
[    2.114331] Freeing unused decrypted memory: 2040K
[    2.114704] Freeing unused kernel image memory: 2152K
[    2.118140] usb 2-4: New USB device found, idVendor=05ac, idProduct=8406, bcdDevice= 8.20
[    2.118142] usb 2-4: New USB device strings: Mfr=3, Product=4, SerialNumber=5
[    2.118144] usb 2-4: Product: Card Reader
[    2.118145] usb 2-4: Manufacturer: Apple
[    2.118147] usb 2-4: SerialNumber: 000000000820
[    2.122496] Write protecting the kernel read-only data: 18432k
[    2.123027] Freeing unused kernel image memory: 2020K
[    2.123119] Freeing unused kernel image memory: 68K
[    2.130230] x86/mm: Checked W+X mappings: passed, no W+X pages found.
[    2.130234] rodata_test: all tests were successful
[    2.130234] x86/mm: Checking user space page tables
[    2.136888] x86/mm: Checked W+X mappings: passed, no W+X pages found.
[    2.136889] Run /init as init process
[    2.209784] systemd[1]: systemd 239 running in system mode. (+PAM +AUDIT +SELINUX +IMA -APPARMOR +SMACK +SYSVINIT +UTMP +LIBCRYPTSETUP +GCRYPT +GNUTLS +ACL +XZ +LZ4 +SECCOMP +BLKID +ELFUTILS +KMOD +IDN2 -IDN +PCRE2 default-hierarchy=hybrid)
[    2.221576] systemd[1]: Detected architecture x86-64.
[    2.221580] systemd[1]: Running in initial RAM disk.
[    2.223732] systemd[1]: Set hostname to <im-mac>.
[    2.231429] usb 1-8: new full-speed USB device number 2 using xhci_hcd
[    2.279215] systemd[1]: Listening on Journal Socket.
[    2.279291] systemd[1]: Listening on udev Kernel Socket.
[    2.280785] systemd[1]: Starting Create list of required static device nodes for the current kernel...
[    2.280947] systemd[1]: Created slice system-systemd\x2dhibernate\x2dresume.slice.
[    2.281034] systemd[1]: Listening on Journal Audit Socket.
[    2.281476] systemd[1]: Starting Setup Virtual Console...
[    2.327235] audit: type=1130 audit(1549924442.958:2): pid=1 uid=0 auid=4294967295 ses=4294967295 subj=kernel msg='unit=systemd-journald comm="systemd" exe="/usr/lib/systemd/systemd" hostname=? addr=? terminal=? res=success'
[    2.331135] audit: type=1130 audit(1549924442.962:3): pid=1 uid=0 auid=4294967295 ses=4294967295 subj=kernel msg='unit=systemd-vconsole-setup comm="systemd" exe="/usr/lib/systemd/systemd" hostname=? addr=? terminal=? res=success'
[    2.331138] audit: type=1131 audit(1549924442.962:4): pid=1 uid=0 auid=4294967295 ses=4294967295 subj=kernel msg='unit=systemd-vconsole-setup comm="systemd" exe="/usr/lib/systemd/systemd" hostname=? addr=? terminal=? res=success'
[    2.360401] usb 1-8: New USB device found, idVendor=05ac, idProduct=8290, bcdDevice= 1.61
[    2.360406] usb 1-8: New USB device strings: Mfr=1, Product=2, SerialNumber=0
[    2.360424] usb 1-8: Product: Bluetooth USB Host Controller
[    2.360426] usb 1-8: Manufacturer: Broadcom Corp.
[    2.363782] input: Broadcom Corp. Bluetooth USB Host Controller as /devices/pci0000:00/0000:00:14.0/usb1/1-8/1-8:1.0/0003:05AC:8290.0001/input/input4
[    2.415591] hid-generic 0003:05AC:8290.0001: input,hidraw0: USB HID v1.11 Keyboard [Broadcom Corp. Bluetooth USB Host Controller] on usb-0000:00:14.0-8/input0
[    2.416106] input: Broadcom Corp. Bluetooth USB Host Controller as /devices/pci0000:00/0000:00:14.0/usb1/1-8/1-8:1.1/0003:05AC:8290.0002/input/input5
[    2.416250] hid-generic 0003:05AC:8290.0002: input,hidraw1: USB HID v1.11 Mouse [Broadcom Corp. Bluetooth USB Host Controller] on usb-0000:00:14.0-8/input1
[    2.501070] audit: type=1130 audit(1549924443.132:5): pid=1 uid=0 auid=4294967295 ses=4294967295 subj=kernel msg='unit=dracut-cmdline comm="systemd" exe="/usr/lib/systemd/systemd" hostname=? addr=? terminal=? res=success'
[    2.530449] usb 1-12: new full-speed USB device number 3 using xhci_hcd
[    2.531467] audit: type=1130 audit(1549924443.163:6): pid=1 uid=0 auid=4294967295 ses=4294967295 subj=kernel msg='unit=dracut-pre-udev comm="systemd" exe="/usr/lib/systemd/systemd" hostname=? addr=? terminal=? res=success'
[    2.550053] audit: type=1130 audit(1549924443.181:7): pid=1 uid=0 auid=4294967295 ses=4294967295 subj=kernel msg='unit=systemd-udevd comm="systemd" exe="/usr/lib/systemd/systemd" hostname=? addr=? terminal=? res=success'
[    2.607093] audit: type=1130 audit(1549924443.238:8): pid=1 uid=0 auid=4294967295 ses=4294967295 subj=kernel msg='unit=systemd-udev-trigger comm="systemd" exe="/usr/lib/systemd/systemd" hostname=? addr=? terminal=? res=success'
[    2.621423] tsc: Refined TSC clocksource calibration: 2194.919 MHz
[    2.621431] clocksource: tsc: mask: 0xffffffffffffffff max_cycles: 0x1fa372fc492, max_idle_ns: 440795285018 ns
[    2.621453] clocksource: Switched to clocksource tsc
[    2.627105] audit: type=1130 audit(1549924443.258:9): pid=1 uid=0 auid=4294967295 ses=4294967295 subj=kernel msg='unit=plymouth-start comm="systemd" exe="/usr/lib/systemd/systemd" hostname=? addr=? terminal=? res=success'
[    2.644169] usb-storage 2-4:1.0: USB Mass Storage device detected
[    2.645607] scsi host1: usb-storage 2-4:1.0
[    2.645702] usbcore: registered new interface driver usb-storage
[    2.657666] usbcore: registered new interface driver uas
[    2.660463] usb 1-12: New USB device found, idVendor=05ac, idProduct=0274, bcdDevice= 6.24
[    2.660465] usb 1-12: New USB device strings: Mfr=1, Product=2, SerialNumber=3
[    2.660467] usb 1-12: Product: Apple Internal Keyboard / Trackpad
[    2.660468] usb 1-12: Manufacturer: Apple Inc.
[    2.660470] usb 1-12: SerialNumber: D3H61830CG1FTV4A16PF
[    2.682248] apple 0003:05AC:0274.0003: hiddev96,hidraw2: USB HID v1.10 Device [Apple Inc. Apple Internal Keyboard / Trackpad] on usb-0000:00:14.0-12/input0
[    2.682446] input: Apple Inc. Apple Internal Keyboard / Trackpad as /devices/pci0000:00/0000:00:14.0/usb1/1-12/1-12:1.1/0003:05AC:0274.0004/input/input6
[    2.734636] apple 0003:05AC:0274.0004: input,hiddev97,hidraw3: USB HID v1.10 Keyboard [Apple Inc. Apple Internal Keyboard / Trackpad] on usb-0000:00:14.0-12/input1
[    2.734773] apple 0003:05AC:0274.0005: hiddev98,hidraw4: USB HID v1.10 Device [Apple Inc. Apple Internal Keyboard / Trackpad] on usb-0000:00:14.0-12/input3
[    2.734867] apple 0003:05AC:0274.0006: hiddev99,hidraw5: USB HID v1.10 Device [Apple Inc. Apple Internal Keyboard / Trackpad] on usb-0000:00:14.0-12/input4
[    2.805262] audit: type=1130 audit(1549924443.436:10): pid=1 uid=0 auid=4294967295 ses=4294967295 subj=kernel msg='unit=systemd-ask-password-plymouth comm="systemd" exe="/usr/lib/systemd/systemd" hostname=? addr=? terminal=? res=success'
[    2.900825] VFIO - User Level meta-driver version: 0.3
[    3.478920] [drm] Found 128MB of eDRAM
[    3.479119] checking generic (90000000 1437000) vs hw (90000000 10000000)
[    3.479120] fb0: switching to inteldrmfb from EFI VGA
[    3.479175] [drm] Replacing VGA console driver
[    3.479550] [drm] Supports vblank timestamp caching Rev 2 (21.10.2013).
[    3.479551] [drm] Driver supports precise vblank timestamp query.
[    3.479588] i915 0000:00:02.0: vgaarb: changed VGA decodes: olddecodes=io+mem,decodes=io+mem:owns=io+mem
[    3.502031] [drm] Initialized i915 1.6.0 20181204 for 0000:00:02.0 on minor 0
[    3.502943] ACPI: Video Device [IGPU] (multi-head: yes  rom: no  post: no)
[    3.503502] acpi device:57: registered as cooling_device8
[    3.503572] input: Video Bus as /devices/LNXSYSTM:00/LNXSYBUS:00/PNP0A08:00/LNXVIDEO:00/input/input7
[    3.509909] fbcon: inteldrmfb (fb0) is primary device
[    3.509911] fbcon: Deferring console take-over
[    3.509915] i915 0000:00:02.0: fb0: inteldrmfb frame buffer device
[    3.711746] scsi 1:0:0:0: Direct-Access     APPLE    SD Card Reader   3.00 PQ: 0 ANSI: 6
[    3.712125] sd 1:0:0:0: Attached scsi generic sg1 type 0
[    3.713324] sd 1:0:0:0: [sdb] Attached SCSI removable disk
[   11.182641] device-mapper: crypt: xts(aes) using implementation "xts-aes-aesni"
[   11.238024] kauditd_printk_skb: 2 callbacks suppressed
[   11.238025] audit: type=1130 audit(1549924451.869:13): pid=1 uid=0 auid=4294967295 ses=4294967295 subj=kernel msg='unit=systemd-cryptsetup@luks\x2ddd1fa933\x2def9f\x2d402b\x2da2e4\x2d7c9d6fb7ce0d comm="systemd" exe="/usr/lib/systemd/systemd" hostname=? addr=? terminal=? res=success'
[   11.676415] PM: Image not found (code -22)
[   11.677181] audit: type=1130 audit(1549924452.308:14): pid=1 uid=0 auid=4294967295 ses=4294967295 subj=kernel msg='unit=systemd-hibernate-resume@dev-mapper-im\x2d\x2dmac\x2dswap comm="systemd" exe="/usr/lib/systemd/systemd" hostname=? addr=? terminal=? res=success'
[   11.677194] audit: type=1131 audit(1549924452.308:15): pid=1 uid=0 auid=4294967295 ses=4294967295 subj=kernel msg='unit=systemd-hibernate-resume@dev-mapper-im\x2d\x2dmac\x2dswap comm="systemd" exe="/usr/lib/systemd/systemd" hostname=? addr=? terminal=? res=success'
[   11.683646] audit: type=1130 audit(1549924452.315:16): pid=1 uid=0 auid=4294967295 ses=4294967295 subj=kernel msg='unit=systemd-tmpfiles-setup comm="systemd" exe="/usr/lib/systemd/systemd" hostname=? addr=? terminal=? res=success'
[   11.702904] audit: type=1130 audit(1549924452.334:17): pid=1 uid=0 auid=4294967295 ses=4294967295 subj=kernel msg='unit=dracut-initqueue comm="systemd" exe="/usr/lib/systemd/systemd" hostname=? addr=? terminal=? res=success'
[   11.718747] audit: type=1130 audit(1549924452.350:18): pid=1 uid=0 auid=4294967295 ses=4294967295 subj=kernel msg='unit=systemd-fsck-root comm="systemd" exe="/usr/lib/systemd/systemd" hostname=? addr=? terminal=? res=success'
[   12.030489] SGI XFS with ACLs, security attributes, scrub, no debug enabled
[   12.034298] XFS (dm-1): Mounting V5 Filesystem
[   12.054636] XFS (dm-1): Ending clean mount
[   12.170987] audit: type=1130 audit(1549924452.802:19): pid=1 uid=0 auid=4294967295 ses=4294967295 subj=kernel msg='unit=initrd-parse-etc comm="systemd" exe="/usr/lib/systemd/systemd" hostname=? addr=? terminal=? res=success'
[   12.170990] audit: type=1131 audit(1549924452.802:20): pid=1 uid=0 auid=4294967295 ses=4294967295 subj=kernel msg='unit=initrd-parse-etc comm="systemd" exe="/usr/lib/systemd/systemd" hostname=? addr=? terminal=? res=success'
[   12.316864] audit: type=1130 audit(1549924452.948:21): pid=1 uid=0 auid=4294967295 ses=4294967295 subj=kernel msg='unit=dracut-pre-pivot comm="systemd" exe="/usr/lib/systemd/systemd" hostname=? addr=? terminal=? res=success'
[   12.328629] audit: type=1131 audit(1549924452.960:22): pid=1 uid=0 auid=4294967295 ses=4294967295 subj=kernel msg='unit=dracut-pre-pivot comm="systemd" exe="/usr/lib/systemd/systemd" hostname=? addr=? terminal=? res=success'
[   12.412789] systemd-journald[308]: Received SIGTERM from PID 1 (systemd).
[   12.441966] printk: systemd: 14 output lines suppressed due to ratelimiting
[   12.889153] SELinux:  Class xdp_socket not defined in policy.
[   12.889154] SELinux: the above unknown classes and permissions will be allowed
[   12.889157] SELinux:  policy capability network_peer_controls=1
[   12.889157] SELinux:  policy capability open_perms=1
[   12.889157] SELinux:  policy capability extended_socket_class=1
[   12.889158] SELinux:  policy capability always_check_network=0
[   12.889158] SELinux:  policy capability cgroup_seclabel=1
[   12.889159] SELinux:  policy capability nnp_nosuid_transition=1
[   12.909828] systemd[1]: Successfully loaded SELinux policy in 394.510ms.
[   12.949245] systemd[1]: Relabelled /dev, /run and /sys/fs/cgroup in 26.085ms.
[   12.951249] systemd[1]: systemd 239 running in system mode. (+PAM +AUDIT +SELINUX +IMA -APPARMOR +SMACK +SYSVINIT +UTMP +LIBCRYPTSETUP +GCRYPT +GNUTLS +ACL +XZ +LZ4 +SECCOMP +BLKID +ELFUTILS +KMOD +IDN2 -IDN +PCRE2 default-hierarchy=hybrid)
[   12.963629] systemd[1]: Detected architecture x86-64.
[   12.965146] systemd[1]: Set hostname to <im-mac>.
[   12.990172] systemd-sysv-generator[901]: stat() failed on /etc/rc.d/init.d/jexec, ignoring: No such file or directory
[   13.151304] systemd[1]: Stopped Switch Root.
[   13.151520] systemd[1]: systemd-journald.service: Service has no hold-off time (RestartSec=0), scheduling restart.
[   13.151576] systemd[1]: systemd-journald.service: Scheduled restart job, restart counter is at 1.
[   13.151593] systemd[1]: Stopped Journal Service.
[   13.152497] systemd[1]: Starting Journal Service...
[   13.152789] systemd[1]: Created slice system-sshd\x2dkeygen.slice.
[   13.154512] systemd[1]: Starting Create list of required static device nodes for the current kernel...
[   13.162478] Adding 4194300k swap on /dev/mapper/im--mac-swap.  Priority:-2 extents:1 across:4194300k SSFS
[   13.200695] systemd-journald[908]: Received request to flush runtime journal from PID 1
[   13.400118] apple_gmux: gmux device not present
[   13.404129] smbus_hc ACPI0001:00: SBS HC: offset = 0x20, query_bit = 0x10
[   13.475676] ACPI Warning: SystemIO range 0x0000000000000840-0x000000000000084F conflicts with OpRegion 0x0000000000000800-0x0000000000000863 (\GPIO) (20181213/utaddress-213)
[   13.475682] ACPI: If an ACPI driver is available for this device, you should use it instead of the native driver
[   13.475684] ACPI Warning: SystemIO range 0x0000000000000830-0x000000000000083F conflicts with OpRegion 0x0000000000000800-0x0000000000000863 (\GPIO) (20181213/utaddress-213)
[   13.475686] ACPI: If an ACPI driver is available for this device, you should use it instead of the native driver
[   13.475687] ACPI Warning: SystemIO range 0x0000000000000800-0x000000000000082F conflicts with OpRegion 0x0000000000000810-0x0000000000000813 (\_PR.IO_D) (20181213/utaddress-213)
[   13.475691] ACPI Warning: SystemIO range 0x0000000000000800-0x000000000000082F conflicts with OpRegion 0x0000000000000800-0x0000000000000863 (\GPIO) (20181213/utaddress-213)
[   13.475694] ACPI Warning: SystemIO range 0x0000000000000800-0x000000000000082F conflicts with OpRegion 0x0000000000000810-0x0000000000000813 (\IO_D) (20181213/utaddress-213)
[   13.475697] ACPI Warning: SystemIO range 0x0000000000000800-0x000000000000082F conflicts with OpRegion 0x0000000000000800-0x000000000000080F (\IO_T) (20181213/utaddress-213)
[   13.475699] ACPI: If an ACPI driver is available for this device, you should use it instead of the native driver
[   13.475700] lpc_ich: Resource conflict(s) found affecting gpio_ich
[   13.475846] i801_smbus 0000:00:1f.3: SPD Write Disable is set
[   13.475877] i801_smbus 0000:00:1f.3: SMBus using PCI interrupt
[   13.498104] RAPL PMU: API unit is 2^-32 Joules, 4 fixed counters, 655360 ms ovfl timer
[   13.498106] RAPL PMU: hw unit of domain pp0-core 2^-14 Joules
[   13.498106] RAPL PMU: hw unit of domain package 2^-14 Joules
[   13.498107] RAPL PMU: hw unit of domain dram 2^-14 Joules
[   13.498108] RAPL PMU: hw unit of domain pp1-gpu 2^-14 Joules
[   13.504139] thunderbolt 0000:07:00.0: 0:1: is unplugged (state: 7)
[   13.504265] thunderbolt 0000:07:00.0: 0:3: is unplugged (state: 7)
[   13.562043] input: bcm5974 as /devices/pci0000:00/0000:00:14.0/usb1/1-12/1-12:1.2/input/input8
[   13.566314] usbcore: registered new interface driver bcm5974
[   13.571018] ACPI: Smart Battery System [SBS0]: Battery Slot [BAT0] (battery present)
[   13.664810] iTCO_vendor_support: vendor-support=0
[   13.677548] iTCO_wdt: Intel TCO WatchDog Timer Driver v1.11
[   13.677601] iTCO_wdt: unable to reset NO_REBOOT flag, device disabled by hardware/BIOS
[   13.702347] applesmc: key=719 fan=2 temp=48 index=43 acc=0 lux=2 kbd=1
[   13.712852] snd_hda_intel 0000:00:03.0: Linked as a consumer to 0000:00:02.0
[   13.712897] snd_hda_intel 0000:00:03.0: bound 0000:00:02.0 (ops i915_audio_component_bind_ops [i915])
[   13.713988] applesmc applesmc.768: hwmon_device_register() is deprecated. Please convert the driver to use hwmon_device_register_with_info().
[   13.737195] cfg80211: Loading compiled-in X.509 certificates for regulatory database
[   13.737992] cfg80211: Loaded X.509 cert 'sforshee: 00b28ddf47aef9cea7'
[   13.746492] input: HDA Intel HDMI HDMI/DP,pcm=3 as /devices/pci0000:00/0000:00:03.0/sound/card0/input9
[   13.746586] input: HDA Intel HDMI HDMI/DP,pcm=7 as /devices/pci0000:00/0000:00:03.0/sound/card0/input10
[   13.746646] input: HDA Intel HDMI HDMI/DP,pcm=8 as /devices/pci0000:00/0000:00:03.0/sound/card0/input11
[   13.746706] input: HDA Intel HDMI HDMI/DP,pcm=9 as /devices/pci0000:00/0000:00:03.0/sound/card0/input12
[   13.746761] input: HDA Intel HDMI HDMI/DP,pcm=10 as /devices/pci0000:00/0000:00:03.0/sound/card0/input13
[   13.752273] snd_hda_codec_cirrus hdaudioC1D0: autoconfig for CS4208: line_outs=2 (0x12/0x13/0x0/0x0/0x0) type:speaker
[   13.752276] snd_hda_codec_cirrus hdaudioC1D0:    speaker_outs=0 (0x0/0x0/0x0/0x0/0x0)
[   13.752278] snd_hda_codec_cirrus hdaudioC1D0:    hp_outs=1 (0x10/0x0/0x0/0x0/0x0)
[   13.752279] snd_hda_codec_cirrus hdaudioC1D0:    mono: mono_out=0x0
[   13.752280] snd_hda_codec_cirrus hdaudioC1D0:    dig-out=0x21/0x0
[   13.752281] snd_hda_codec_cirrus hdaudioC1D0:    inputs:
[   13.752283] snd_hda_codec_cirrus hdaudioC1D0:      Internal Mic=0x1c
[   13.752285] snd_hda_codec_cirrus hdaudioC1D0:      Mic=0x18
[   13.758515] Bluetooth: Core ver 2.22
[   13.758533] NET: Registered protocol family 31
[   13.758534] Bluetooth: HCI device and connection manager initialized
[   13.758537] Bluetooth: HCI socket layer initialized
[   13.758539] Bluetooth: L2CAP socket layer initialized
[   13.758542] Bluetooth: SCO socket layer initialized
[   13.761827] input: HDA Intel PCH Mic as /devices/pci0000:00/0000:00:1b.0/sound/card1/input14
[   13.761870] input: HDA Intel PCH Headphone as /devices/pci0000:00/0000:00:1b.0/sound/card1/input15
[   13.761905] input: HDA Intel PCH SPDIF as /devices/pci0000:00/0000:00:1b.0/sound/card1/input16
[   13.868732] usbcore: registered new interface driver btusb
[   13.932832] usbcore: registered new interface driver brcmfmac
[   13.952160] intel_rapl: Found RAPL domain package
[   13.952162] intel_rapl: Found RAPL domain core
[   13.952163] intel_rapl: Found RAPL domain uncore
[   13.952164] intel_rapl: Found RAPL domain dram
[   13.983059] Bluetooth: hci0: BCM: chip id 102 build 0715
[   13.984165] Bluetooth: hci0: BCM: product 05ac:8290
[   13.985197] Bluetooth: hci0: BCM: features 0x2f
[   14.001165] Bluetooth: hci0: im-mac
[   14.037877] brcmfmac: brcmf_fw_alloc_request: using brcm/brcmfmac43602-pcie for chip BCM43602/1
[   14.043286] brcmfmac 0000:03:00.0: Direct firmware load for brcm/brcmfmac43602-pcie.Apple Inc.-MacBookPro11,4.txt failed with error -2
[   14.043302] brcmfmac 0000:03:00.0: Direct firmware load for brcm/brcmfmac43602-pcie.txt failed with error -2
[   14.553761] brcmfmac: brcmf_fw_alloc_request: using brcm/brcmfmac43602-pcie for chip BCM43602/1
[   14.553803] brcmfmac 0000:03:00.0: Direct firmware load for brcm/brcmfmac43602-pcie.clm_blob failed with error -2
[   14.553805] brcmfmac: brcmf_c_process_clm_blob: no clm_blob available (err=-2), device may have limited channels available
[   14.554455] brcmfmac: brcmf_c_preinit_dcmds: Firmware: BCM43602/1 wl0: Nov 10 2015 06:38:10 version 7.35.177.61 (r598657) FWID 01-ea662a8c
[   14.608831] brcmfmac 0000:03:00.0 wlp3s0: renamed from wlan0
[   14.896466] XFS (sda3): Mounting V5 Filesystem
[   14.897325] XFS (dm-3): Mounting V5 Filesystem
[   14.900179] XFS (dm-4): Mounting V5 Filesystem
[   14.910277] XFS (sda3): Ending clean mount
[   14.917516] XFS (dm-3): Ending clean mount
[   14.921161] XFS (dm-4): Ending clean mount
[   15.224198] Bluetooth: BNEP (Ethernet Emulation) ver 1.3
[   15.224199] Bluetooth: BNEP filters: protocol multicast
[   15.224203] Bluetooth: BNEP socket layer initialized
[   16.675680] tun: Universal TUN/TAP device driver, 1.6
[   16.676657] virbr0: port 1(virbr0-nic) entered blocking state
[   16.676658] virbr0: port 1(virbr0-nic) entered disabled state
[   16.676715] device virbr0-nic entered promiscuous mode
[   16.859907] virbr0: port 1(virbr0-nic) entered blocking state
[   16.859909] virbr0: port 1(virbr0-nic) entered listening state
[   16.911990] virbr0: port 1(virbr0-nic) entered disabled state
[   23.376659] Bluetooth: RFCOMM TTY layer initialized
[   23.376666] Bluetooth: RFCOMM socket layer initialized
[   23.376732] Bluetooth: RFCOMM ver 1.11
[   23.598126] fuse init (API version 7.28)
[   24.793943] rfkill: input handler disabled
[   24.894700] IPv6: ADDRCONF(NETDEV_CHANGE): wlp3s0: link becomes ready
[   29.984259] brcmfmac: brcmf_inetaddr_changed: fail to get arp ip table err:-52
[   77.147824] xhci_hcd 0000:00:14.0: ep 0x81 - asked for 96 bytes, 78 bytes untransferred
[   77.147836] xhci_hcd 0000:00:14.0: Giveback URB 000000001781923b, len = 18, expected = 96, status = 0
[   77.147904] xhci_hcd 0000:00:14.0: Stalled endpoint for slot 2 ep 2
[   77.147914] xhci_hcd 0000:00:14.0: Cleaning up stalled endpoint ring
[   77.147918] xhci_hcd 0000:00:14.0: Finding endpoint context
[   77.147922] xhci_hcd 0000:00:14.0: Cycle state = 0x1
[   77.147926] xhci_hcd 0000:00:14.0: New dequeue segment = 00000000eed14cc5 (virtual)
[   77.147930] xhci_hcd 0000:00:14.0: New dequeue pointer = 0x459cbb300 (DMA)
[   77.147934] xhci_hcd 0000:00:14.0: Queueing new dequeue state
[   77.147939] xhci_hcd 0000:00:14.0: Set TR Deq Ptr cmd, new deq seg = 00000000eed14cc5 (0x459cbb000 dma), new deq ptr = 00000000a7c5fde4 (0x459cbb300 dma), new cycle = 1
[   77.147943] xhci_hcd 0000:00:14.0: // Ding dong!
[   77.147954] xhci_hcd 0000:00:14.0: Giveback URB 00000000b2d55d66, len = 0, expected = 13, status = -32
[   77.147962] xhci_hcd 0000:00:14.0: Ignoring reset ep completion code of 1
[   77.147968] xhci_hcd 0000:00:14.0: Successful Set TR Deq Ptr cmd, deq = @459cbb300
[   77.156076] xhci_hcd 0000:00:14.0: ep 0x82 - asked for 65 bytes, 55 bytes untransferred
[   77.243994] xhci_hcd 0000:00:14.0: ep 0x82 - asked for 65 bytes, 55 bytes untransferred
[   77.283994] xhci_hcd 0000:00:14.0: ep 0x82 - asked for 65 bytes, 55 bytes untransferred
[   77.324011] xhci_hcd 0000:00:14.0: ep 0x82 - asked for 65 bytes, 55 bytes untransferred
[   79.195534] xhci_hcd 0000:00:14.0: ep 0x81 - asked for 96 bytes, 78 bytes untransferred
[   79.195538] xhci_hcd 0000:00:14.0: Giveback URB 00000000fd738848, len = 18, expected = 96, status = 0
[   79.195566] xhci_hcd 0000:00:14.0: Stalled endpoint for slot 2 ep 2
[   79.195569] xhci_hcd 0000:00:14.0: Cleaning up stalled endpoint ring
[   79.195570] xhci_hcd 0000:00:14.0: Finding endpoint context
[   79.195572] xhci_hcd 0000:00:14.0: Cycle state = 0x1
[   79.195573] xhci_hcd 0000:00:14.0: New dequeue segment = 00000000eed14cc5 (virtual)
[   79.195575] xhci_hcd 0000:00:14.0: New dequeue pointer = 0x459cbb340 (DMA)
[   79.195576] xhci_hcd 0000:00:14.0: Queueing new dequeue state
[   79.195578] xhci_hcd 0000:00:14.0: Set TR Deq Ptr cmd, new deq seg = 00000000eed14cc5 (0x459cbb000 dma), new deq ptr = 00000000b083e0a1 (0x459cbb340 dma), new cycle = 1
[   79.195579] xhci_hcd 0000:00:14.0: // Ding dong!
[   79.195587] xhci_hcd 0000:00:14.0: Giveback URB 00000000b2d55d66, len = 0, expected = 13, status = -32
[   79.195590] xhci_hcd 0000:00:14.0: Ignoring reset ep completion code of 1
[   79.195593] xhci_hcd 0000:00:14.0: Successful Set TR Deq Ptr cmd, deq = @459cbb340
[   81.243816] xhci_hcd 0000:00:14.0: ep 0x81 - asked for 96 bytes, 78 bytes untransferred
[   81.243830] xhci_hcd 0000:00:14.0: Giveback URB 00000000fd738848, len = 18, expected = 96, status = 0
[   81.243894] xhci_hcd 0000:00:14.0: Stalled endpoint for slot 2 ep 2
[   81.243904] xhci_hcd 0000:00:14.0: Cleaning up stalled endpoint ring
[   81.243913] xhci_hcd 0000:00:14.0: Finding endpoint context
[   81.243918] xhci_hcd 0000:00:14.0: Cycle state = 0x1
[   81.243923] xhci_hcd 0000:00:14.0: New dequeue segment = 00000000eed14cc5 (virtual)
[   81.243928] xhci_hcd 0000:00:14.0: New dequeue pointer = 0x459cbb380 (DMA)
[   81.243933] xhci_hcd 0000:00:14.0: Queueing new dequeue state
[   81.243939] xhci_hcd 0000:00:14.0: Set TR Deq Ptr cmd, new deq seg = 00000000eed14cc5 (0x459cbb000 dma), new deq ptr = 0000000047132ff3 (0x459cbb380 dma), new cycle = 1
[   81.243944] xhci_hcd 0000:00:14.0: // Ding dong!
[   81.243956] xhci_hcd 0000:00:14.0: Giveback URB 00000000b2d55d66, len = 0, expected = 13, status = -32
[   81.243967] xhci_hcd 0000:00:14.0: Ignoring reset ep completion code of 1
[   81.243984] xhci_hcd 0000:00:14.0: Successful Set TR Deq Ptr cmd, deq = @459cbb380
[   83.291989] xhci_hcd 0000:00:14.0: ep 0x81 - asked for 96 bytes, 78 bytes untransferred
[   83.292001] xhci_hcd 0000:00:14.0: Giveback URB 00000000fd738848, len = 18, expected = 96, status = 0
[   83.292047] xhci_hcd 0000:00:14.0: Stalled endpoint for slot 2 ep 2
[   83.292056] xhci_hcd 0000:00:14.0: Cleaning up stalled endpoint ring
[   83.292060] xhci_hcd 0000:00:14.0: Finding endpoint context
[   83.292064] xhci_hcd 0000:00:14.0: Cycle state = 0x1
[   83.292068] xhci_hcd 0000:00:14.0: New dequeue segment = 00000000eed14cc5 (virtual)
[   83.292078] xhci_hcd 0000:00:14.0: New dequeue pointer = 0x459cbb3c0 (DMA)
[   83.292081] xhci_hcd 0000:00:14.0: Queueing new dequeue state
[   83.292087] xhci_hcd 0000:00:14.0: Set TR Deq Ptr cmd, new deq seg = 00000000eed14cc5 (0x459cbb000 dma), new deq ptr = 00000000684042b3 (0x459cbb3c0 dma), new cycle = 1
[   83.292091] xhci_hcd 0000:00:14.0: // Ding dong!
[   83.292103] xhci_hcd 0000:00:14.0: Giveback URB 00000000b2d55d66, len = 0, expected = 13, status = -32
[   83.292112] xhci_hcd 0000:00:14.0: Ignoring reset ep completion code of 1
[   83.292123] xhci_hcd 0000:00:14.0: Successful Set TR Deq Ptr cmd, deq = @459cbb3c0
[   84.092014] xhci_hcd 0000:00:14.0: ep 0x82 - asked for 65 bytes, 55 bytes untransferred
[   84.244080] xhci_hcd 0000:00:14.0: ep 0x82 - asked for 65 bytes, 55 bytes untransferred
[   84.300031] xhci_hcd 0000:00:14.0: ep 0x82 - asked for 65 bytes, 55 bytes untransferred
[   84.316022] xhci_hcd 0000:00:14.0: ep 0x82 - asked for 65 bytes, 55 bytes untransferred
[   84.852072] xhci_hcd 0000:00:14.0: ep 0x82 - asked for 65 bytes, 55 bytes untransferred
[   85.339991] xhci_hcd 0000:00:14.0: ep 0x81 - asked for 96 bytes, 78 bytes untransferred
[   85.340001] xhci_hcd 0000:00:14.0: Giveback URB 00000000fd738848, len = 18, expected = 96, status = 0
[   85.340039] xhci_hcd 0000:00:14.0: Stalled endpoint for slot 2 ep 2
[   85.340048] xhci_hcd 0000:00:14.0: Cleaning up stalled endpoint ring
[   85.340052] xhci_hcd 0000:00:14.0: Finding endpoint context
[   85.340056] xhci_hcd 0000:00:14.0: Cycle state = 0x1
[   85.340059] xhci_hcd 0000:00:14.0: New dequeue segment = 00000000eed14cc5 (virtual)
[   85.340063] xhci_hcd 0000:00:14.0: New dequeue pointer = 0x459cbb400 (DMA)
[   85.340071] xhci_hcd 0000:00:14.0: Queueing new dequeue state
[   85.340077] xhci_hcd 0000:00:14.0: Set TR Deq Ptr cmd, new deq seg = 00000000eed14cc5 (0x459cbb000 dma), new deq ptr = 00000000eef6cab8 (0x459cbb400 dma), new cycle = 1
[   85.340081] xhci_hcd 0000:00:14.0: // Ding dong!
[   85.340093] xhci_hcd 0000:00:14.0: Giveback URB 00000000b2d55d66, len = 0, expected = 13, status = -32
[   85.340101] xhci_hcd 0000:00:14.0: Ignoring reset ep completion code of 1
[   85.340111] xhci_hcd 0000:00:14.0: Successful Set TR Deq Ptr cmd, deq = @459cbb400
[   85.764079] xhci_hcd 0000:00:14.0: ep 0x82 - asked for 65 bytes, 55 bytes untransferred
[   87.280153] xhci_hcd 0000:00:14.0: Cancel URB 00000000cc796b68, dev 12, ep 0x83, starting at offset 0x456537100
[   87.280158] xhci_hcd 0000:00:14.0: // Ding dong!
[   87.280195] xhci_hcd 0000:00:14.0: Stopped on Transfer TRB for slot 3 ep 6
[   87.280199] xhci_hcd 0000:00:14.0: Removing canceled TD starting at 0x456537100 (dma).
[   87.280211] xhci_hcd 0000:00:14.0: Finding endpoint context
[   87.280212] xhci_hcd 0000:00:14.0: Cycle state = 0x1
[   87.280214] xhci_hcd 0000:00:14.0: New dequeue segment = 00000000598b16a2 (virtual)
[   87.280215] xhci_hcd 0000:00:14.0: New dequeue pointer = 0x456537110 (DMA)
[   87.280217] xhci_hcd 0000:00:14.0: Set TR Deq Ptr cmd, new deq seg = 00000000598b16a2 (0x456537000 dma), new deq ptr = 00000000a56f23fb (0x456537110 dma), new cycle = 1
[   87.280219] xhci_hcd 0000:00:14.0: // Ding dong!
[   87.280232] xhci_hcd 0000:00:14.0: Successful Set TR Deq Ptr cmd, deq = @456537110
[   87.304561] brcmfmac: brcmf_inetaddr_changed: fail to get arp ip table err:-52
[   87.387851] xhci_hcd 0000:00:14.0: ep 0x81 - asked for 96 bytes, 78 bytes untransferred
[   87.387856] xhci_hcd 0000:00:14.0: Giveback URB 00000000441b9935, len = 18, expected = 96, status = 0
[   87.387942] xhci_hcd 0000:00:14.0: Stalled endpoint for slot 2 ep 2
[   87.387948] xhci_hcd 0000:00:14.0: Cleaning up stalled endpoint ring
[   87.387949] xhci_hcd 0000:00:14.0: Finding endpoint context
[   87.387951] xhci_hcd 0000:00:14.0: Cycle state = 0x1
[   87.387952] xhci_hcd 0000:00:14.0: New dequeue segment = 00000000eed14cc5 (virtual)
[   87.387955] xhci_hcd 0000:00:14.0: New dequeue pointer = 0x459cbb440 (DMA)
[   87.387956] xhci_hcd 0000:00:14.0: Queueing new dequeue state
[   87.387958] xhci_hcd 0000:00:14.0: Set TR Deq Ptr cmd, new deq seg = 00000000eed14cc5 (0x459cbb000 dma), new deq ptr = 00000000b5a2de38 (0x459cbb440 dma), new cycle = 1
[   87.387960] xhci_hcd 0000:00:14.0: // Ding dong!
[   87.387968] xhci_hcd 0000:00:14.0: Giveback URB 00000000b2d55d66, len = 0, expected = 13, status = -32
[   87.387973] xhci_hcd 0000:00:14.0: Ignoring reset ep completion code of 1
[   87.387976] xhci_hcd 0000:00:14.0: Successful Set TR Deq Ptr cmd, deq = @459cbb440
[   89.099319] PM: suspend entry (deep)
[   89.099322] PM: Syncing filesystems ... done.
[   89.126939] Freezing user space processes ... (elapsed 0.306 seconds) done.
[   89.433638] OOM killer disabled.
[   89.433640] Freezing remaining freezable tasks ... (elapsed 0.001 seconds) done.
[   89.435475] printk: Suspending console(s) (use no_console_suspend to debug)
[   89.436722] xhci_hcd 0000:00:14.0: Cancel URB 00000000b25a7f6d, dev 12, ep 0x82, starting at offset 0x456538310
[   89.436726] xhci_hcd 0000:00:14.0: // Ding dong!
[   89.436753] xhci_hcd 0000:00:14.0: Stopped on Transfer TRB for slot 3 ep 4
[   89.436757] xhci_hcd 0000:00:14.0: Removing canceled TD starting at 0x456538310 (dma).
[   89.436759] xhci_hcd 0000:00:14.0: Finding endpoint context
[   89.436761] xhci_hcd 0000:00:14.0: Cycle state = 0x1
[   89.436762] xhci_hcd 0000:00:14.0: New dequeue segment = 00000000170805e3 (virtual)
[   89.436764] xhci_hcd 0000:00:14.0: New dequeue pointer = 0x456538320 (DMA)
[   89.436766] xhci_hcd 0000:00:14.0: Set TR Deq Ptr cmd, new deq seg = 00000000170805e3 (0x456538000 dma), new deq ptr = 00000000d18bb64a (0x456538320 dma), new cycle = 1
[   89.436768] xhci_hcd 0000:00:14.0: // Ding dong!
[   89.436780] xhci_hcd 0000:00:14.0: Successful Set TR Deq Ptr cmd, deq = @456538320
[   89.436879] xhci_hcd 0000:00:14.0: // Ding dong!
[   89.436898] xhci_hcd 0000:00:14.0: Stopped on No-op or Link TRB for slot 3 ep 10
[   89.436900] xhci_hcd 0000:00:14.0: Stopped on No-op or Link TRB for slot 3 ep 8
[   89.436902] xhci_hcd 0000:00:14.0: Stopped on No-op or Link TRB for slot 3 ep 7
[   89.436960] xhci_hcd 0000:00:14.0: Stopped on No-op or Link TRB for slot 3 ep 2
[   89.436962] xhci_hcd 0000:00:14.0: Stopped on No-op or Link TRB for slot 3 ep 0
[   89.447587] sd 0:0:0:0: [sda] Synchronizing SCSI cache
[   89.448288] usb 1-12: usb suspend, wakeup 1
[   89.448416] xhci_hcd 0000:00:14.0: // Ding dong!
[   89.448460] xhci_hcd 0000:00:14.0: Stopped on No-op or Link TRB for slot 2 ep 3
[   89.448479] xhci_hcd 0000:00:14.0: Stopped on No-op or Link TRB for slot 2 ep 2
[   89.448482] xhci_hcd 0000:00:14.0: Stopped on No-op or Link TRB for slot 2 ep 0
[   89.449251] sd 0:0:0:0: [sda] Stopping disk
[   89.449392] pcieport 0000:06:04.0: quirk: waiting for Thunderbolt to reestablish PCI tunnels...
[   89.449468] pcieport 0000:06:05.0: quirk: waiting for Thunderbolt to reestablish PCI tunnels...
[   89.449478] pcieport 0000:06:06.0: quirk: waiting for Thunderbolt to reestablish PCI tunnels...
[   89.449479] pcieport 0000:06:03.0: quirk: waiting for Thunderbolt to reestablish PCI tunnels...
[   89.460276] hub 1-0:1.0: hub_suspend
[   89.460320] usb usb1: bus suspend, wakeup 0
[   89.470383] usb 2-4: usb suspend, wakeup 0
[   89.482350] xhci_hcd 0000:00:14.0: // Ding dong!
[   89.504433] hub 2-0:1.0: hub_suspend
[   89.504488] usb usb2: bus suspend, wakeup 0
[   89.504536] xhci_hcd 0000:00:14.0: xhci_suspend: stopping port polling.
[   89.504554] xhci_hcd 0000:00:14.0: // Setting command ring address to 0x459c1c001
[   90.332186] PM: suspend devices took 0.896 seconds
[   90.344924] ACPI: EC: interrupt blocked
[   90.345673] xhci_hcd 0000:00:14.0: wakeup: 1
[   90.346194] xhci_hcd 0000:00:14.0: --> PCI D3hot
[   91.305229] ACPI: Preparing to enter system sleep state S3
[   91.306111] ACPI: EC: event blocked
[   91.306112] ACPI: EC: EC stopped
[   91.306113] PM: Saving platform NVS memory
[   91.306121] Disabling non-boot CPUs ...
[   91.325100] smpboot: CPU 1 is now offline
[   91.338537] smpboot: CPU 2 is now offline
[   91.346788] smpboot: CPU 3 is now offline
[   91.350298] smpboot: CPU 4 is now offline
[   91.359671] smpboot: CPU 5 is now offline
[   91.363298] smpboot: CPU 6 is now offline
[   91.366621] smpboot: CPU 7 is now offline
[   91.384591] ACPI: Low-level resume complete
[   91.384657] ACPI: EC: EC started
[   91.384658] PM: Restoring platform NVS memory
[   91.392171] Enabling non-boot CPUs ...
[   91.392241] x86: Booting SMP configuration:
[   91.392243] smpboot: Booting Node 0 Processor 1 APIC 0x2
[   94.145873] hrtimer: interrupt took 2294669 ns
[   95.367900]  cache: parent cpu1 should not be sleeping
[   98.228379] CPU1 is up
[   98.228435] smpboot: Booting Node 0 Processor 2 APIC 0x4
[   98.501950]  cache: parent cpu2 should not be sleeping
[   99.459297] CPU2 is up
[   99.459354] smpboot: Booting Node 0 Processor 3 APIC 0x6
[   99.672938]  cache: parent cpu3 should not be sleeping
[  100.228244] CPU3 is up
[  100.228305] smpboot: Booting Node 0 Processor 4 APIC 0x1
[  100.233762]  cache: parent cpu4 should not be sleeping
[  100.251483] CPU4 is up
[  100.251511] smpboot: Booting Node 0 Processor 5 APIC 0x3
[  100.437761]  cache: parent cpu5 should not be sleeping
[  100.960030] CPU5 is up
[  100.960065] smpboot: Booting Node 0 Processor 6 APIC 0x5
[  101.086971]  cache: parent cpu6 should not be sleeping
[  101.630228] CPU6 is up
[  101.630263] smpboot: Booting Node 0 Processor 7 APIC 0x7
[  101.758948]  cache: parent cpu7 should not be sleeping
[  102.365079] CPU7 is up
[  102.453055] ACPI: Waking up from system sleep state S3
[  102.454924] ACPI: EC: interrupt unblocked
[  102.479061] pcieport 0000:06:03.0: quirk: waiting for Thunderbolt to reestablish PCI tunnels...
[  102.479067] pcieport 0000:06:04.0: quirk: waiting for Thunderbolt to reestablish PCI tunnels...
[  102.479068] pcieport 0000:06:05.0: quirk: waiting for Thunderbolt to reestablish PCI tunnels...
[  102.479069] pcieport 0000:06:06.0: quirk: waiting for Thunderbolt to reestablish PCI tunnels...
[  102.511102] pcieport 0000:06:03.0: quirk_apple_wait_for_thunderbolt+0x0/0xe0 took 31284 usecs
[  102.511107] pcieport 0000:06:04.0: quirk_apple_wait_for_thunderbolt+0x0/0xe0 took 31278 usecs
[  102.511111] pcieport 0000:06:05.0: quirk_apple_wait_for_thunderbolt+0x0/0xe0 took 31276 usecs
[  102.511116] pcieport 0000:06:06.0: quirk_apple_wait_for_thunderbolt+0x0/0xe0 took 31277 usecs
[  102.580353] thunderbolt 0000:07:00.0: resetting error on 0:b.
[  102.580361] thunderbolt 0000:07:00.0: 0:b: hotplug: scanning
[  102.580363] thunderbolt 0000:07:00.0: 0:b: hotplug: no switch found
[  102.580459] thunderbolt 0000:07:00.0: resetting error on 0:c.
[  102.580463] thunderbolt 0000:07:00.0: 0:c: hotplug: scanning
[  102.580464] thunderbolt 0000:07:00.0: 0:c: hotplug: no switch found
[  103.552369] xhci_hcd 0000:00:14.0: // Setting command ring address to 0x459c1c001
[  103.552381] ACPI: EC: event unblocked
[  103.552433] xhci_hcd 0000:00:14.0: xhci_resume: starting port polling.
[  103.552441] xhci_hcd 0000:00:14.0: xhci_hub_status_data: stopping port polling.
[  103.552452] xhci_hcd 0000:00:14.0: xhci_hub_status_data: stopping port polling.
[  103.552472] usb usb1: usb resume
[  103.552549] hub 1-0:1.0: hub_resume
[  103.552559] xhci_hcd 0000:00:14.0: get port status, actual port 0 status  = 0x2a0
[  103.552561] xhci_hcd 0000:00:14.0: Get port status returned 0x100
[  103.552588] xhci_hcd 0000:00:14.0: get port status, actual port 1 status  = 0x2a0
[  103.552591] xhci_hcd 0000:00:14.0: Get port status returned 0x100
[  103.552612] xhci_hcd 0000:00:14.0: get port status, actual port 2 status  = 0x2a0
[  103.552615] xhci_hcd 0000:00:14.0: Get port status returned 0x100
[  103.552634] xhci_hcd 0000:00:14.0: get port status, actual port 3 status  = 0x2a0
[  103.552637] xhci_hcd 0000:00:14.0: Get port status returned 0x100
[  103.552663] xhci_hcd 0000:00:14.0: get port status, actual port 4 status  = 0x2a0
[  103.552665] xhci_hcd 0000:00:14.0: Get port status returned 0x100
[  103.552683] xhci_hcd 0000:00:14.0: get port status, actual port 5 status  = 0x2a0
[  103.552685] xhci_hcd 0000:00:14.0: Get port status returned 0x100
[  103.552700] xhci_hcd 0000:00:14.0: get port status, actual port 6 status  = 0x2a0
[  103.552703] xhci_hcd 0000:00:14.0: Get port status returned 0x100
[  103.552743] xhci_hcd 0000:00:14.0: get port status, actual port 7 status  = 0x663
[  103.552746] xhci_hcd 0000:00:14.0: Get port status returned 0x107
[  103.552758] usb usb2: usb resume
[  103.552778] hub 2-0:1.0: hub_resume
[  103.552783] xhci_hcd 0000:00:14.0: get port status, actual port 0 status  = 0x2a0
[  103.552784] xhci_hcd 0000:00:14.0: Get port status returned 0x2a0
[  103.552797] xhci_hcd 0000:00:14.0: get port status, actual port 1 status  = 0x2a0
[  103.552799] xhci_hcd 0000:00:14.0: Get port status returned 0x2a0
[  103.552805] xhci_hcd 0000:00:14.0: get port status, actual port 2 status  = 0x2a0
[  103.552807] xhci_hcd 0000:00:14.0: Get port status returned 0x2a0
[  103.552813] xhci_hcd 0000:00:14.0: get port status, actual port 3 status  = 0x1263
[  103.552815] xhci_hcd 0000:00:14.0: Get port status returned 0x263
[  103.552820] usb usb2-port4: status 0263 change 0000
[  103.552831] xhci_hcd 0000:00:14.0: get port status, actual port 4 status  = 0x2a0
[  103.552832] xhci_hcd 0000:00:14.0: Get port status returned 0x2a0
[  103.552855] xhci_hcd 0000:00:14.0: get port status, actual port 5 status  = 0x2a0
[  103.552857] xhci_hcd 0000:00:14.0: Get port status returned 0x2a0
[  103.552865] usb usb1-port8: status 0107 change 0000
[  103.552889] xhci_hcd 0000:00:14.0: get port status, actual port 3 status  = 0x1263
[  103.552892] xhci_hcd 0000:00:14.0: Get port status returned 0x263
[  103.552940] xhci_hcd 0000:00:14.0: get port status, actual port 8 status  = 0x2a0
[  103.552942] xhci_hcd 0000:00:14.0: Get port status returned 0x100
[  103.552956] xhci_hcd 0000:00:14.0: get port status, actual port 9 status  = 0x2a0
[  103.552958] xhci_hcd 0000:00:14.0: Get port status returned 0x100
[  103.552972] xhci_hcd 0000:00:14.0: get port status, actual port 10 status  = 0x2a0
[  103.552974] xhci_hcd 0000:00:14.0: Get port status returned 0x100
[  103.552986] xhci_hcd 0000:00:14.0: get port status, actual port 11 status  = 0x663
[  103.552987] xhci_hcd 0000:00:14.0: Get port status returned 0x107
[  103.552997] usb usb1-port12: status 0107 change 0000
[  103.553006] xhci_hcd 0000:00:14.0: get port status, actual port 12 status  = 0x2a0
[  103.553008] xhci_hcd 0000:00:14.0: Get port status returned 0x100
[  103.553018] xhci_hcd 0000:00:14.0: get port status, actual port 13 status  = 0x2a0
[  103.553020] xhci_hcd 0000:00:14.0: Get port status returned 0x100
[  103.553046] xhci_hcd 0000:00:14.0: get port status, actual port 7 status  = 0x663
[  103.553049] xhci_hcd 0000:00:14.0: Get port status returned 0x107
[  103.553072] xhci_hcd 0000:00:14.0: clear USB_PORT_FEAT_SUSPEND
[  103.553075] xhci_hcd 0000:00:14.0: PORTSC 0663
[  103.553087] xhci_hcd 0000:00:14.0: get port status, actual port 11 status  = 0x663
[  103.553089] xhci_hcd 0000:00:14.0: Get port status returned 0x107
[  103.553103] xhci_hcd 0000:00:14.0: clear USB_PORT_FEAT_SUSPEND
[  103.553106] xhci_hcd 0000:00:14.0: PORTSC 0663
[  103.553717] xhci_hcd 0000:00:14.0: xhci_hub_status_data: stopping port polling.
[  103.572748] sd 0:0:0:0: [sda] Starting disk
[  103.574852] usb 2-4: usb resume
[  103.594876] xhci_hcd 0000:00:14.0: Port Status Change Event for port 8
[  103.594885] xhci_hcd 0000:00:14.0: handle_port_status: starting port polling.
[  103.594900] xhci_hcd 0000:00:14.0: Port Status Change Event for port 12
[  103.594905] xhci_hcd 0000:00:14.0: handle_port_status: starting port polling.
[  103.594911] usb 1-8: usb resume
[  103.595032] usb 1-12: usb resume
[  103.595302] xhci_hcd 0000:00:14.0: underrun event on endpoint
[  103.595305] xhci_hcd 0000:00:14.0: overrun event on endpoint
[  103.616870] xhci_hcd 0000:00:14.0: get port status, actual port 3 status  = 0x1263
[  103.616873] xhci_hcd 0000:00:14.0: Get port status returned 0x263
[  103.628861] usb 2-4: Waited 0ms for CONNECT
[  103.628866] usb usb2-port4: status 0000.0263 after resume, -19
[  103.628869] usb 2-4: can't resume, status -19
[  103.628871] usb usb2-port4: logical disconnect
[  103.628889] xhci_hcd 0000:00:14.0: // Ding dong!
[  103.636870] xhci_hcd 0000:00:14.0: get port status, actual port 11 status  = 0x603
[  103.636873] xhci_hcd 0000:00:14.0: Get port status returned 0x40103
[  103.637000] xhci_hcd 0000:00:14.0: get port status, actual port 7 status  = 0x603
[  103.637004] xhci_hcd 0000:00:14.0: Get port status returned 0x40103
[  103.648878] xhci_hcd 0000:00:14.0: clear port suspend/resume change, actual port 11 status  = 0x603
[  103.648895] xhci_hcd 0000:00:14.0: clear port suspend/resume change, actual port 7 status  = 0x603
[  103.648948] usb 1-12: Waited 0ms for CONNECT
[  103.648952] usb 1-12: finish resume
[  103.649067] usb 1-8: Waited 0ms for CONNECT
[  103.649069] usb 1-8: finish resume
[  103.649503] xhci_hcd 0000:00:14.0: xhci_drop_endpoint called for udev 00000000fb6eab95
[  103.649532] xhci_hcd 0000:00:14.0: drop ep 0x83, slot id 1, new drop flags = 0x80, new add flags = 0x0
[  103.649536] xhci_hcd 0000:00:14.0: xhci_drop_endpoint called for udev 00000000fb6eab95
[  103.649548] xhci_hcd 0000:00:14.0: drop ep 0x3, slot id 1, new drop flags = 0xc0, new add flags = 0x0
[  103.649684] xhci_hcd 0000:00:14.0: add ep 0x83, slot id 1, new drop flags = 0xc0, new add flags = 0x80
[  103.649704] xhci_hcd 0000:00:14.0: add ep 0x3, slot id 1, new drop flags = 0xc0, new add flags = 0xc0
[  103.649727] xhci_hcd 0000:00:14.0: xhci_check_bandwidth called for udev 00000000fb6eab95
[  103.649732] xhci_hcd 0000:00:14.0: // Ding dong!
[  103.650024] xhci_hcd 0000:00:14.0: Successful Endpoint Configure command
[  103.651351] PM: resume devices took 0.099 seconds
[  103.651677] OOM killer enabled.
[  103.651681] Restarting tasks ... 
[  103.651862] hub 2-0:1.0: state 7 ports 6 chg 0010 evt 0000
[  103.651866] hub 1-0:1.0: state 7 ports 14 chg 0000 evt 1100
[  103.651885] xhci_hcd 0000:00:14.0: get port status, actual port 7 status  = 0x603
[  103.651890] xhci_hcd 0000:00:14.0: Get port status returned 0x103
[  103.651899] xhci_hcd 0000:00:14.0: get port status, actual port 3 status  = 0x1263
[  103.651904] xhci_hcd 0000:00:14.0: Get port status returned 0x263
[  103.651921] xhci_hcd 0000:00:14.0: get port status, actual port 11 status  = 0x603
[  103.651925] xhci_hcd 0000:00:14.0: Get port status returned 0x103
[  103.651932] usb usb2-port4: status 0263, change 0000, 5.0 Gb/s
[  103.651939] usb 2-4: USB disconnect, device number 2
[  103.651943] usb 2-4: unregistering device
[  103.651948] usb 2-4: unregistering interface 2-4:1.0
[  103.661152] done.
[  103.712760] video LNXVIDEO:00: Restoring backlight state
[  103.712901] PM: suspend exit
[  103.731727] xhci_hcd 0000:00:14.0: xhci_hub_status_data: stopping port polling.
[  103.898776] ata1: SATA link up 6.0 Gbps (SStatus 133 SControl 300)
[  103.899240] ata1.00: unexpected _GTF length (8)
[  103.899883] ata1.00: unexpected _GTF length (8)
[  103.899994] ata1.00: configured for UDMA/133
[  103.932117] usb 2-4: usb_disable_device nuking all URBs
[  103.932127] xhci_hcd 0000:00:14.0: xhci_drop_endpoint called for udev 000000009605d7fa
[  103.932150] xhci_hcd 0000:00:14.0: drop ep 0x81, slot id 2, new drop flags = 0x8, new add flags = 0x0
[  103.932154] xhci_hcd 0000:00:14.0: xhci_drop_endpoint called for udev 000000009605d7fa
[  103.932166] xhci_hcd 0000:00:14.0: drop ep 0x2, slot id 2, new drop flags = 0x18, new add flags = 0x0
[  103.932169] xhci_hcd 0000:00:14.0: xhci_check_bandwidth called for udev 000000009605d7fa
[  103.932175] xhci_hcd 0000:00:14.0: // Ding dong!
[  103.932400] xhci_hcd 0000:00:14.0: Successful Endpoint Configure command
[  103.932637] xhci_hcd 0000:00:14.0: // Ding dong!
[  103.932649] xhci_hcd 0000:00:14.0: // Ding dong!
[  103.932667] xhci_hcd 0000:00:14.0: Slot 4 output ctx = 0x456718000 (dma)
