[    0.000000] microcode: microcode updated early to revision 0x1a, date = 2018-04-02
[    0.000000] Linux version 5.0.0-rc6+ (im@im-mac) (gcc version 8.2.1 20181215 (Red Hat 8.2.1-6) (GCC)) #47 SMP Tue Feb 12 02:06:47 +05 2019
[    0.000000] Command line: BOOT_IMAGE=/vmlinuz-5.0.0-rc6+ root=/dev/mapper/im--mac-root ro resume=/dev/mapper/im--mac-swap rd.lvm.lv=im-mac/root rd.luks.uuid=luks-dd1fa933-ef9f-402b-a2e4-7c9d6fb7ce0d rd.lvm.lv=im-mac/swap rhgb quiet hid_apple.fnmode=2 hid_apple.iso_layout=0
[    0.000000] x86/fpu: Supporting XSAVE feature 0x001: 'x87 floating point registers'
[    0.000000] x86/fpu: Supporting XSAVE feature 0x002: 'SSE registers'
[    0.000000] x86/fpu: Supporting XSAVE feature 0x004: 'AVX registers'
[    0.000000] x86/fpu: xstate_offset[2]:  576, xstate_sizes[2]:  256
[    0.000000] x86/fpu: Enabled xstate features 0x7, context size is 832 bytes, using 'standard' format.
[    0.000000] BIOS-provided physical RAM map:
[    0.000000] BIOS-e820: [mem 0x0000000000000000-0x0000000000057fff] usable
[    0.000000] BIOS-e820: [mem 0x0000000000058000-0x0000000000058fff] reserved
[    0.000000] BIOS-e820: [mem 0x0000000000059000-0x000000000009ffff] usable
[    0.000000] BIOS-e820: [mem 0x00000000000a0000-0x00000000000bffff] reserved
[    0.000000] BIOS-e820: [mem 0x0000000000100000-0x0000000078d00fff] usable
[    0.000000] BIOS-e820: [mem 0x0000000078d01000-0x0000000078d48fff] ACPI NVS
[    0.000000] BIOS-e820: [mem 0x0000000078d49000-0x0000000078d5cfff] usable
[    0.000000] BIOS-e820: [mem 0x0000000078d5d000-0x0000000078d8efff] ACPI data
[    0.000000] BIOS-e820: [mem 0x0000000078d8f000-0x0000000078e39fff] usable
[    0.000000] BIOS-e820: [mem 0x0000000078e3a000-0x0000000078e8efff] reserved
[    0.000000] BIOS-e820: [mem 0x0000000078e8f000-0x0000000078ecbfff] usable
[    0.000000] BIOS-e820: [mem 0x0000000078ecc000-0x0000000078efefff] reserved
[    0.000000] BIOS-e820: [mem 0x0000000078eff000-0x0000000078f84fff] usable
[    0.000000] BIOS-e820: [mem 0x0000000078f85000-0x0000000078fdefff] reserved
[    0.000000] BIOS-e820: [mem 0x0000000078fdf000-0x0000000078ffffff] usable
[    0.000000] BIOS-e820: [mem 0x0000000079000000-0x000000007f9fffff] reserved
[    0.000000] BIOS-e820: [mem 0x00000000e00f8000-0x00000000e00f8fff] reserved
[    0.000000] BIOS-e820: [mem 0x00000000fed1c000-0x00000000fed1ffff] reserved
[    0.000000] BIOS-e820: [mem 0x00000000ffd70000-0x00000000ffd9ffff] reserved
[    0.000000] BIOS-e820: [mem 0x0000000100000000-0x000000047f5fffff] usable
[    0.000000] NX (Execute Disable) protection: active
[    0.000000] e820: update [mem 0x66275710-0x66275ad2] usable ==> usable
[    0.000000] e820: update [mem 0x66275710-0x66275ad2] usable ==> usable
[    0.000000] extended physical RAM map:
[    0.000000] reserve setup_data: [mem 0x0000000000000000-0x0000000000057fff] usable
[    0.000000] reserve setup_data: [mem 0x0000000000058000-0x0000000000058fff] reserved
[    0.000000] reserve setup_data: [mem 0x0000000000059000-0x000000000009ffff] usable
[    0.000000] reserve setup_data: [mem 0x00000000000a0000-0x00000000000bffff] reserved
[    0.000000] reserve setup_data: [mem 0x0000000000100000-0x000000006627570f] usable
[    0.000000] reserve setup_data: [mem 0x0000000066275710-0x0000000066275ad2] usable
[    0.000000] reserve setup_data: [mem 0x0000000066275ad3-0x0000000078d00fff] usable
[    0.000000] reserve setup_data: [mem 0x0000000078d01000-0x0000000078d48fff] ACPI NVS
[    0.000000] reserve setup_data: [mem 0x0000000078d49000-0x0000000078d5cfff] usable
[    0.000000] reserve setup_data: [mem 0x0000000078d5d000-0x0000000078d8efff] ACPI data
[    0.000000] reserve setup_data: [mem 0x0000000078d8f000-0x0000000078e39fff] usable
[    0.000000] reserve setup_data: [mem 0x0000000078e3a000-0x0000000078e8efff] reserved
[    0.000000] reserve setup_data: [mem 0x0000000078e8f000-0x0000000078ecbfff] usable
[    0.000000] reserve setup_data: [mem 0x0000000078ecc000-0x0000000078efefff] reserved
[    0.000000] reserve setup_data: [mem 0x0000000078eff000-0x0000000078f84fff] usable
[    0.000000] reserve setup_data: [mem 0x0000000078f85000-0x0000000078fdefff] reserved
[    0.000000] reserve setup_data: [mem 0x0000000078fdf000-0x0000000078ffffff] usable
[    0.000000] reserve setup_data: [mem 0x0000000079000000-0x000000007f9fffff] reserved
[    0.000000] reserve setup_data: [mem 0x00000000e00f8000-0x00000000e00f8fff] reserved
[    0.000000] reserve setup_data: [mem 0x00000000fed1c000-0x00000000fed1ffff] reserved
[    0.000000] reserve setup_data: [mem 0x00000000ffd70000-0x00000000ffd9ffff] reserved
[    0.000000] reserve setup_data: [mem 0x0000000100000000-0x000000047f5fffff] usable
[    0.000000] efi: EFI v1.10 by Apple
[    0.000000] efi:  ACPI=0x78d8e000  ACPI 2.0=0x78d8e014  SMBIOS=0x78f8b000 
[    0.000000] SMBIOS 2.7 present.
[    0.000000] DMI: Apple Inc. MacBookPro11,4/Mac-06F11FD93F0323C5, BIOS MBP114.88Z.0184.B00.1806051659 06/05/2018
[    0.000000] tsc: Fast TSC calibration using PIT
[    0.000000] tsc: Detected 2195.036 MHz processor
[    0.000112] e820: update [mem 0x00000000-0x00000fff] usable ==> reserved
[    0.000113] e820: remove [mem 0x000a0000-0x000fffff] usable
[    0.000118] last_pfn = 0x47f600 max_arch_pfn = 0x400000000
[    0.000122] MTRR default type: write-back
[    0.000122] MTRR fixed ranges enabled:
[    0.000123]   00000-9FFFF write-back
[    0.000124]   A0000-BFFFF uncachable
[    0.000124]   C0000-DFFFF write-protect
[    0.000125]   E0000-FFFFF uncachable
[    0.000125] MTRR variable ranges enabled:
[    0.000126]   0 base 0080000000 mask 7F80000000 uncachable
[    0.000127]   1 base 007C000000 mask 7FFC000000 uncachable
[    0.000127]   2 base 007A000000 mask 7FFE000000 uncachable
[    0.000128]   3 base 0079000000 mask 7FFF000000 uncachable
[    0.000128]   4 disabled
[    0.000128]   5 disabled
[    0.000129]   6 disabled
[    0.000129]   7 disabled
[    0.000129]   8 disabled
[    0.000129]   9 disabled
[    0.009930] x86/PAT: Configuration [0-7]: WB  WC  UC- UC  WB  WP  UC- WT  
[    0.010021] last_pfn = 0x79000 max_arch_pfn = 0x400000000
[    0.021560] Base memory trampoline at [(____ptrval____)] 99000 size 24576
[    0.021562] Using GB pages for direct mapping
[    0.021564] BRK [0x147e01000, 0x147e01fff] PGTABLE
[    0.021565] BRK [0x147e02000, 0x147e02fff] PGTABLE
[    0.021566] BRK [0x147e03000, 0x147e03fff] PGTABLE
[    0.021596] BRK [0x147e04000, 0x147e04fff] PGTABLE
[    0.021598] BRK [0x147e05000, 0x147e05fff] PGTABLE
[    0.021690] BRK [0x147e06000, 0x147e06fff] PGTABLE
[    0.021713] BRK [0x147e07000, 0x147e07fff] PGTABLE
[    0.021769] BRK [0x147e08000, 0x147e08fff] PGTABLE
[    0.021903] Secure boot disabled
[    0.021904] RAMDISK: [mem 0x42655000-0x480e0fff]
[    0.021914] ACPI: Early table checksum verification disabled
[    0.021916] ACPI: RSDP 0x0000000078D8E014 000024 (v02 APPLE )
[    0.021919] ACPI: XSDT 0x0000000078D8E1C0 0000A4 (v01 APPLE  Apple00  00000000      01000013)
[    0.021923] ACPI: FACP 0x0000000078D8C000 0000F4 (v05 APPLE  Apple00  00000000 Loki 0000005F)
[    0.021926] ACPI BIOS Warning (bug): 32/64X length mismatch in FADT/Gpe0Block: 128/0 (20181213/tbfadt-569)
[    0.021928] ACPI: DSDT 0x0000000078D7F000 007331 (v03 APPLE  MacBookP 00110004 INTL 20140424)
[    0.021930] ACPI: FACS 0x0000000078D06000 000040
[    0.021932] ACPI: FACS 0x0000000078D06000 000040
[    0.021933] ACPI: HPET 0x0000000078D8B000 000038 (v01 APPLE  Apple00  00000001 Loki 0000005F)
[    0.021935] ACPI: APIC 0x0000000078D8A000 0000BC (v02 APPLE  Apple00  00000001 Loki 0000005F)
[    0.021937] ACPI: SBST 0x0000000078D88000 000030 (v01 APPLE  Apple00  00000001 Loki 0000005F)
[    0.021938] ACPI: ECDT 0x0000000078D87000 000053 (v01 APPLE  Apple00  00000001 Loki 0000005F)
[    0.021940] ACPI: SSDT 0x0000000078D7E000 000024 (v01 APPLE  SataAhci 00001000 INTL 20140424)
[    0.021942] ACPI: SSDT 0x0000000078D7D000 000024 (v01 APPLE  SmcDppt  00001000 INTL 20140424)
[    0.021943] ACPI: SSDT 0x0000000078D7C000 000032 (v01 APPLE  SsdtS3   00001000 INTL 20140424)
[    0.021945] ACPI: SSDT 0x0000000078D68000 0086DA (v01 APPLE  TbtPEG11 00001000 INTL 20140424)
[    0.021947] ACPI: SSDT 0x0000000078D67000 0000B8 (v01 APPLE  Sdxc     00001000 INTL 20140424)
[    0.021949] ACPI: SSDT 0x0000000078D66000 000A7B (v02 APPLE  Xhci     00001000 INTL 20140424)
[    0.021950] ACPI: SSDT 0x0000000078D64000 000341 (v01 APPLE  PEG0SSD0 00001000 INTL 20140424)
[    0.021952] ACPI: SSDT 0x0000000078D5F000 00069C (v01 PmRef  Cpu0Ist  00003000 INTL 20140424)
[    0.021954] ACPI: SSDT 0x0000000078D5E000 000C17 (v01 CpuRef CpuSsdt  00003000 INTL 20140424)
[    0.021956] ACPI: DMAR 0x0000000078D5D000 000088 (v01 APPLE  BDW      00000001 INTL 00000001)
[    0.021957] ACPI: MCFG 0x0000000078D89000 00003C (v01 APPLE  Apple00  00000001 Loki 0000005F)
[    0.021962] ACPI: DMI detected to setup _OSI("Darwin"): Apple hardware
[    0.021964] ACPI: Local APIC address 0xfee00000
[    0.022036] No NUMA configuration found
[    0.022037] Faking a node at [mem 0x0000000000000000-0x000000047f5fffff]
[    0.022045] NODE_DATA(0) allocated [mem 0x47f5d5000-0x47f5fffff]
[    0.051192] Zone ranges:
[    0.051194]   DMA      [mem 0x0000000000001000-0x0000000000ffffff]
[    0.051195]   DMA32    [mem 0x0000000001000000-0x00000000ffffffff]
[    0.051195]   Normal   [mem 0x0000000100000000-0x000000047f5fffff]
[    0.051196]   Device   empty
[    0.051197] Movable zone start for each node
[    0.051199] Early memory node ranges
[    0.051200]   node   0: [mem 0x0000000000001000-0x0000000000057fff]
[    0.051200]   node   0: [mem 0x0000000000059000-0x000000000009ffff]
[    0.051201]   node   0: [mem 0x0000000000100000-0x0000000078d00fff]
[    0.051201]   node   0: [mem 0x0000000078d49000-0x0000000078d5cfff]
[    0.051202]   node   0: [mem 0x0000000078d8f000-0x0000000078e39fff]
[    0.051202]   node   0: [mem 0x0000000078e8f000-0x0000000078ecbfff]
[    0.051202]   node   0: [mem 0x0000000078eff000-0x0000000078f84fff]
[    0.051203]   node   0: [mem 0x0000000078fdf000-0x0000000078ffffff]
[    0.051203]   node   0: [mem 0x0000000100000000-0x000000047f5fffff]
[    0.051582] Zeroed struct page in unavailable ranges: 29118 pages
[    0.051584] Initmem setup node 0 [mem 0x0000000000001000-0x000000047f5fffff]
[    0.051585] On node 0 totalpages: 4162626
[    0.051586]   DMA zone: 64 pages used for memmap
[    0.051586]   DMA zone: 22 pages reserved
[    0.051587]   DMA zone: 3998 pages, LIFO batch:0
[    0.051657]   DMA32 zone: 7675 pages used for memmap
[    0.051658]   DMA32 zone: 491172 pages, LIFO batch:63
[    0.062585]   Normal zone: 57304 pages used for memmap
[    0.062586]   Normal zone: 3667456 pages, LIFO batch:63
[    0.130733] Reserving Intel graphics memory at [mem 0x79a00000-0x7f9fffff]
[    0.130799] ACPI: PM-Timer IO Port: 0x1808
[    0.130801] ACPI: Local APIC address 0xfee00000
[    0.130806] ACPI: LAPIC_NMI (acpi_id[0x01] high edge lint[0x1])
[    0.130806] ACPI: LAPIC_NMI (acpi_id[0x02] high edge lint[0x1])
[    0.130807] ACPI: LAPIC_NMI (acpi_id[0x03] high edge lint[0x1])
[    0.130807] ACPI: LAPIC_NMI (acpi_id[0x04] high edge lint[0x1])
[    0.130807] ACPI: LAPIC_NMI (acpi_id[0x05] high edge lint[0x1])
[    0.130808] ACPI: LAPIC_NMI (acpi_id[0x06] high edge lint[0x1])
[    0.130808] ACPI: LAPIC_NMI (acpi_id[0x07] high edge lint[0x1])
[    0.130809] ACPI: LAPIC_NMI (acpi_id[0x08] high edge lint[0x1])
[    0.130822] IOAPIC[0]: apic_id 2, version 32, address 0xfec00000, GSI 0-23
[    0.130824] ACPI: INT_SRC_OVR (bus 0 bus_irq 0 global_irq 2 dfl dfl)
[    0.130825] ACPI: INT_SRC_OVR (bus 0 bus_irq 9 global_irq 9 high level)
[    0.130826] ACPI: IRQ0 used by override.
[    0.130826] ACPI: IRQ9 used by override.
[    0.130828] Using ACPI (MADT) for SMP configuration information
[    0.130829] ACPI: HPET id: 0x8086a201 base: 0xfed00000
[    0.130832] smpboot: Allowing 8 CPUs, 0 hotplug CPUs
[    0.130845] PM: Registered nosave memory: [mem 0x00000000-0x00000fff]
[    0.130846] PM: Registered nosave memory: [mem 0x00058000-0x00058fff]
[    0.130847] PM: Registered nosave memory: [mem 0x000a0000-0x000bffff]
[    0.130848] PM: Registered nosave memory: [mem 0x000c0000-0x000fffff]
[    0.130849] PM: Registered nosave memory: [mem 0x66275000-0x66275fff]
[    0.130849] PM: Registered nosave memory: [mem 0x66275000-0x66275fff]
[    0.130850] PM: Registered nosave memory: [mem 0x78d01000-0x78d48fff]
[    0.130852] PM: Registered nosave memory: [mem 0x78d5d000-0x78d8efff]
[    0.130852] PM: Registered nosave memory: [mem 0x78e3a000-0x78e8efff]
[    0.130853] PM: Registered nosave memory: [mem 0x78ecc000-0x78efefff]
[    0.130855] PM: Registered nosave memory: [mem 0x78f85000-0x78fdefff]
[    0.130856] PM: Registered nosave memory: [mem 0x79000000-0x7f9fffff]
[    0.130856] PM: Registered nosave memory: [mem 0x7fa00000-0xe00f7fff]
[    0.130856] PM: Registered nosave memory: [mem 0xe00f8000-0xe00f8fff]
[    0.130857] PM: Registered nosave memory: [mem 0xe00f9000-0xfed1bfff]
[    0.130857] PM: Registered nosave memory: [mem 0xfed1c000-0xfed1ffff]
[    0.130857] PM: Registered nosave memory: [mem 0xfed20000-0xffd6ffff]
[    0.130858] PM: Registered nosave memory: [mem 0xffd70000-0xffd9ffff]
[    0.130858] PM: Registered nosave memory: [mem 0xffda0000-0xffffffff]
[    0.130859] [mem 0x7fa00000-0xe00f7fff] available for PCI devices
[    0.130862] Booting paravirtualized kernel on bare hardware
[    0.130864] clocksource: refined-jiffies: mask: 0xffffffff max_cycles: 0xffffffff, max_idle_ns: 1910969940391419 ns
[    0.226298] random: get_random_bytes called from start_kernel+0x93/0x503 with crng_init=0
[    0.226304] setup_percpu: NR_CPUS:64 nr_cpumask_bits:64 nr_cpu_ids:8 nr_node_ids:1
[    0.226475] percpu: Embedded 44 pages/cpu @(____ptrval____) s143360 r8192 d28672 u262144
[    0.226480] pcpu-alloc: s143360 r8192 d28672 u262144 alloc=1*2097152
[    0.226480] pcpu-alloc: [0] 0 1 2 3 4 5 6 7 
[    0.226496] Built 1 zonelists, mobility grouping on.  Total pages: 4097561
[    0.226497] Policy zone: Normal
[    0.226498] Kernel command line: BOOT_IMAGE=/vmlinuz-5.0.0-rc6+ root=/dev/mapper/im--mac-root ro resume=/dev/mapper/im--mac-swap rd.lvm.lv=im-mac/root rd.luks.uuid=luks-dd1fa933-ef9f-402b-a2e4-7c9d6fb7ce0d rd.lvm.lv=im-mac/swap rhgb quiet hid_apple.fnmode=2 hid_apple.iso_layout=0
[    0.270356] Memory: 15839360K/16650504K available (12291K kernel code, 1403K rwdata, 4028K rodata, 2152K init, 4944K bss, 811144K reserved, 0K cma-reserved)
[    0.270456] SLUB: HWalign=64, Order=0-3, MinObjects=0, CPUs=8, Nodes=1
[    0.270461] Kernel/User page tables isolation: enabled
[    0.270472] ftrace: allocating 38170 entries in 150 pages
[    0.282499] rcu: Hierarchical RCU implementation.
[    0.282500] rcu: 	RCU restricting CPUs from NR_CPUS=64 to nr_cpu_ids=8.
[    0.282501] rcu: RCU calculated value of scheduler-enlistment delay is 100 jiffies.
[    0.282501] rcu: Adjusting geometry for rcu_fanout_leaf=16, nr_cpu_ids=8
[    0.284379] NR_IRQS: 4352, nr_irqs: 488, preallocated irqs: 16
[    0.284505] rcu: 	Offload RCU callbacks from CPUs: (none).
[    0.284546] Console: colour dummy device 80x25
[    0.284551] printk: console [tty0] enabled
[    0.284562] ACPI: Core revision 20181213
[    0.284764] clocksource: hpet: mask: 0xffffffff max_cycles: 0xffffffff, max_idle_ns: 133484882848 ns
[    0.284774] hpet clockevent registered
[    0.284777] APIC: Switch to symmetric I/O mode setup
[    0.284778] DMAR: Host address width 39
[    0.284779] DMAR: DRHD base: 0x000000fed90000 flags: 0x0
[    0.284782] DMAR: dmar0: reg_base_addr fed90000 ver 1:0 cap c0000020660462 ecap f0101a
[    0.284783] DMAR: DRHD base: 0x000000fed91000 flags: 0x1
[    0.284785] DMAR: dmar1: reg_base_addr fed91000 ver 1:0 cap d2008c20660462 ecap f010da
[    0.284785] DMAR: RMRR base: 0x00000079800000 end: 0x0000007f9fffff
[    0.284788] DMAR-IR: IOAPIC id 2 under DRHD base  0xfed91000 IOMMU 1
[    0.284789] DMAR-IR: HPET id 0 under DRHD base 0xfed91000
[    0.284789] DMAR-IR: x2apic is disabled because BIOS sets x2apic opt out bit.
[    0.284789] DMAR-IR: Use 'intremap=no_x2apic_optout' to override the BIOS setting.
[    0.285160] DMAR-IR: Enabled IRQ remapping in xapic mode
[    0.285160] x2apic: IRQ remapping doesn't support X2APIC mode
[    0.285531] ..TIMER: vector=0x30 apic1=0 pin1=2 apic2=-1 pin2=-1
[    0.289782] clocksource: tsc-early: mask: 0xffffffffffffffff max_cycles: 0x1fa3e1b269b, max_idle_ns: 440795299032 ns
[    0.289792] Calibrating delay loop (skipped), value calculated using timer frequency.. 4390.07 BogoMIPS (lpj=2195036)
[    0.289793] pid_max: default: 32768 minimum: 301
[    0.300485] LSM: Security Framework initializing
[    0.300487] Yama: becoming mindful.
[    0.300490] SELinux:  Initializing.
[    0.302877] Dentry cache hash table entries: 2097152 (order: 12, 16777216 bytes)
[    0.304058] Inode-cache hash table entries: 1048576 (order: 11, 8388608 bytes)
[    0.304107] Mount-cache hash table entries: 32768 (order: 6, 262144 bytes)
[    0.304148] Mountpoint-cache hash table entries: 32768 (order: 6, 262144 bytes)
[    0.304320] ENERGY_PERF_BIAS: Set to 'normal', was 'performance'
[    0.304320] ENERGY_PERF_BIAS: View and update with x86_energy_perf_policy(8)
[    0.304324] mce: CPU supports 10 MCE banks
[    0.304332] mce: CPU0: Thermal monitoring enabled (TM1)
[    0.304345] process: using mwait in idle threads
[    0.304347] Last level iTLB entries: 4KB 1024, 2MB 1024, 4MB 1024
[    0.304348] Last level dTLB entries: 4KB 1024, 2MB 1024, 4MB 1024, 1GB 4
[    0.304350] Spectre V2 : Mitigation: Full generic retpoline
[    0.304350] Spectre V2 : Spectre v2 / SpectreRSB mitigation: Filling RSB on context switch
[    0.304350] Spectre V2 : Enabling Restricted Speculation for firmware calls
[    0.304356] Spectre V2 : mitigation: Enabling conditional Indirect Branch Prediction Barrier
[    0.304357] Spectre V2 : User space: Mitigation: STIBP via seccomp and prctl
[    0.304358] Speculative Store Bypass: Mitigation: Speculative Store Bypass disabled via prctl and seccomp
[    0.304523] Freeing SMP alternatives memory: 36K
[    0.305632] TSC deadline timer enabled
[    0.305635] smpboot: CPU0: Intel(R) Core(TM) i7-4770HQ CPU @ 2.20GHz (family: 0x6, model: 0x46, stepping: 0x1)
[    0.305700] Performance Events: PEBS fmt2+, Haswell events, 16-deep LBR, full-width counters, Intel PMU driver.
[    0.305737] ... version:                3
[    0.305737] ... bit width:              48
[    0.305738] ... generic registers:      4
[    0.305738] ... value mask:             0000ffffffffffff
[    0.305739] ... max period:             00007fffffffffff
[    0.305739] ... fixed-purpose events:   3
[    0.305739] ... event mask:             000000070000000f
[    0.305765] rcu: Hierarchical SRCU implementation.
[    0.305783] random: crng done (trusting CPU's manufacturer)
[    0.305783] NMI watchdog: Enabled. Permanently consumes one hw-PMU counter.
[    0.305810] smp: Bringing up secondary CPUs ...
[    0.305861] x86: Booting SMP configuration:
[    0.305862] .... node  #0, CPUs:      #1 #2 #3 #4 #5 #6 #7
[    0.354787] smp: Brought up 1 node, 8 CPUs
[    0.354789] smpboot: Max logical packages: 1
[    0.354791] smpboot: Total of 8 processors activated (35120.57 BogoMIPS)
[    0.356156] devtmpfs: initialized
[    0.356156] x86/mm: Memory block size: 128MB
[    0.357030] PM: Registering ACPI NVS region [mem 0x78d01000-0x78d48fff] (294912 bytes)
[    0.357030] clocksource: jiffies: mask: 0xffffffff max_cycles: 0xffffffff, max_idle_ns: 1911260446275000 ns
[    0.357030] futex hash table entries: 2048 (order: 5, 131072 bytes)
[    0.357030] pinctrl core: initialized pinctrl subsystem
[    0.357030] RTC time: 00:16:00, date: 2019-02-12
[    0.357116] NET: Registered protocol family 16
[    0.357202] audit: initializing netlink subsys (disabled)
[    0.357206] audit: type=2000 audit(1549930560.072:1): state=initialized audit_enabled=0 res=1
[    0.357206] cpuidle: using governor menu
[    0.357206] ACPI: bus type PCI registered
[    0.357206] acpiphp: ACPI Hot Plug PCI Controller Driver version: 0.5
[    0.357206] PCI: MMCONFIG for domain 0000 [bus 00-9b] at [mem 0xe0000000-0xe9bfffff] (base 0xe0000000)
[    0.357206] PCI: not using MMCONFIG
[    0.357206] PCI: Using configuration type 1 for base access
[    0.357206] core: PMU erratum BJ122, BV98, HSD29 worked around, HT is on
[    0.358816] HugeTLB registered 1.00 GiB page size, pre-allocated 0 pages
[    0.358816] HugeTLB registered 2.00 MiB page size, pre-allocated 0 pages
[    0.358816] cryptd: max_cpu_qlen set to 1000
[    0.358836] ACPI: Disabled all _OSI OS vendors
[    0.358837] ACPI: Added _OSI(Module Device)
[    0.358837] ACPI: Added _OSI(Processor Device)
[    0.358838] ACPI: Added _OSI(3.0 _SCP Extensions)
[    0.358838] ACPI: Added _OSI(Processor Aggregator Device)
[    0.358839] ACPI: Added _OSI(Linux-Dell-Video)
[    0.358840] ACPI: Added _OSI(Linux-Lenovo-NV-HDMI-Audio)
[    0.358840] ACPI: Added _OSI(Linux-HPI-Hybrid-Graphics)
[    0.358841] ACPI: Added _OSI(Darwin)
[    0.369968] ACPI: 10 ACPI AML tables successfully acquired and loaded
[    0.370277] ACPI: EC: EC started
[    0.370277] ACPI: EC: interrupt blocked
[    0.372424] ACPI: \: Used as first EC
[    0.372426] ACPI: \: GPE=0x17, EC_CMD/EC_SC=0x66, EC_DATA=0x62
[    0.372428] ACPI: \: Used as boot ECDT EC to handle transactions
[    0.373239] ACPI: BIOS _OSI(Darwin) query honored via DMI
[    0.373759] ACPI: [Firmware Bug]: BIOS _OSI(Linux) query ignored
[    0.374811] ACPI Error: Needed type [Reference], found [Integer] 00000000a8eee5a8 (20181213/exresop-69)
[    0.374814] ACPI Error: AE_AML_OPERAND_TYPE, While resolving operands for [OpcodeName unavailable] (20181213/dswexec-427)
[    0.374816] ACPI Error: Method parse/execution failed \_PR.CPU0._PDC, AE_AML_OPERAND_TYPE (20181213/psparse-531)
[    0.374920] ACPI: Dynamic OEM Table Load:
[    0.374920] ACPI: SSDT 0xFFFF96C5ACF11800 00067C (v01 PmRef  ApIst    00003000 INTL 20140424)
[    0.375183] ACPI: Dynamic OEM Table Load:
[    0.375183] ACPI: SSDT 0xFFFF96C5AC45A000 000119 (v01 PmRef  ApCst    00003000 INTL 20140424)
[    0.375686] ACPI: Interpreter enabled
[    0.375704] ACPI: (supports S0 S3 S4 S5)
[    0.375705] ACPI: Using IOAPIC for interrupt routing
[    0.375724] PCI: MMCONFIG for domain 0000 [bus 00-9b] at [mem 0xe0000000-0xe9bfffff] (base 0xe0000000)
[    0.376115] PCI: MMCONFIG at [mem 0xe0000000-0xe9bfffff] reserved in ACPI motherboard resources
[    0.376123] PCI: Using host bridge windows from ACPI; if necessary, use "pci=nocrs" and report a bug
[    0.376302] ACPI: Enabled 7 GPEs in block 00 to 3F
[    0.384641] ACPI: PCI Root Bridge [PCI0] (domain 0000 [bus 00-ff])
[    0.384645] acpi PNP0A08:00: _OSC: OS assumes control of [PCIeHotplug SHPCHotplug AER PCIeCapability LTR]
[    0.384655] acpi PNP0A08:00: [Firmware Info]: MMCONFIG for domain 0000 [bus 00-9b] only partially covers this bridge
[    0.384854] PCI host bridge to bus 0000:00
[    0.384856] pci_bus 0000:00: root bus resource [io  0x0000-0x0cf7 window]
[    0.384857] pci_bus 0000:00: root bus resource [io  0x0d00-0xffff window]
[    0.384858] pci_bus 0000:00: root bus resource [mem 0x000a0000-0x000bffff window]
[    0.384859] pci_bus 0000:00: root bus resource [mem 0x000c0000-0x000c3fff window]
[    0.384860] pci_bus 0000:00: root bus resource [mem 0x000c4000-0x000c7fff window]
[    0.384861] pci_bus 0000:00: root bus resource [mem 0x000c8000-0x000cbfff window]
[    0.384862] pci_bus 0000:00: root bus resource [mem 0x000cc000-0x000cffff window]
[    0.384863] pci_bus 0000:00: root bus resource [mem 0x000d0000-0x000d3fff window]
[    0.384864] pci_bus 0000:00: root bus resource [mem 0x000d4000-0x000d7fff window]
[    0.384865] pci_bus 0000:00: root bus resource [mem 0x000d8000-0x000dbfff window]
[    0.384865] pci_bus 0000:00: root bus resource [mem 0x000dc000-0x000dffff window]
[    0.384866] pci_bus 0000:00: root bus resource [mem 0x000e0000-0x000e3fff window]
[    0.384867] pci_bus 0000:00: root bus resource [mem 0x000e4000-0x000e7fff window]
[    0.384868] pci_bus 0000:00: root bus resource [mem 0x000e8000-0x000ebfff window]
[    0.384869] pci_bus 0000:00: root bus resource [mem 0x000ec000-0x000effff window]
[    0.384870] pci_bus 0000:00: root bus resource [mem 0x000f0000-0x000fffff window]
[    0.384871] pci_bus 0000:00: root bus resource [mem 0x7fa00000-0xfeafffff window]
[    0.384872] pci_bus 0000:00: root bus resource [mem 0xfed40000-0xfed44fff window]
[    0.384873] pci_bus 0000:00: root bus resource [bus 00-ff]
[    0.384879] pci 0000:00:00.0: [8086:0d04] type 00 class 0x060000
[    0.384946] pci 0000:00:01.0: [8086:0d01] type 01 class 0x060400
[    0.384977] pci 0000:00:01.0: PME# supported from D0 D3hot D3cold
[    0.385022] pci 0000:00:01.1: [8086:0d05] type 01 class 0x060400
[    0.385050] pci 0000:00:01.1: PME# supported from D0 D3hot D3cold
[    0.385120] pci 0000:00:02.0: [8086:0d26] type 00 class 0x030000
[    0.385128] pci 0000:00:02.0: reg 0x10: [mem 0xa0000000-0xa03fffff 64bit]
[    0.385133] pci 0000:00:02.0: reg 0x18: [mem 0x90000000-0x9fffffff 64bit pref]
[    0.385136] pci 0000:00:02.0: reg 0x20: [io  0x3000-0x303f]
[    0.385145] pci 0000:00:02.0: BAR 2: assigned to efifb
[    0.385192] pci 0000:00:03.0: [8086:0d0c] type 00 class 0x040300
[    0.385199] pci 0000:00:03.0: reg 0x10: [mem 0xa0c10000-0xa0c13fff 64bit]
[    0.385280] pci 0000:00:14.0: [8086:8c31] type 00 class 0x0c0330
[    0.385298] pci 0000:00:14.0: reg 0x10: [mem 0xa0c00000-0xa0c0ffff 64bit]
[    0.385348] pci 0000:00:14.0: PME# supported from D3hot D3cold
[    0.385427] pci 0000:00:16.0: [8086:8c3a] type 00 class 0x078000
[    0.385446] pci 0000:00:16.0: reg 0x10: [mem 0xa0c19100-0xa0c1910f 64bit]
[    0.385499] pci 0000:00:16.0: PME# supported from D0 D3hot D3cold
[    0.385555] pci 0000:00:1b.0: [8086:8c20] type 00 class 0x040300
[    0.385572] pci 0000:00:1b.0: reg 0x10: [mem 0xa0c14000-0xa0c17fff 64bit]
[    0.385630] pci 0000:00:1b.0: PME# supported from D0 D3hot D3cold
[    0.385680] pci 0000:00:1c.0: [8086:8c10] type 01 class 0x060400
[    0.385721] pci 0000:00:1c.0: claimed MacBook Pro poweroff workaround [mem 0x7fa00000-0x7fbfffff]
[    0.385761] pci 0000:00:1c.0: PME# supported from D0 D3hot D3cold
[    0.385821] pci 0000:00:1c.2: [8086:8c14] type 01 class 0x060400
[    0.385890] pci 0000:00:1c.2: PME# supported from D0 D3hot D3cold
[    0.385947] pci 0000:00:1c.3: [8086:8c16] type 01 class 0x060400
[    0.386016] pci 0000:00:1c.3: PME# supported from D0 D3hot D3cold
[    0.386077] pci 0000:00:1f.0: [8086:8c4b] type 00 class 0x060100
[    0.386211] pci 0000:00:1f.3: [8086:8c22] type 00 class 0x0c0500
[    0.386227] pci 0000:00:1f.3: reg 0x10: [mem 0xa0c19000-0xa0c190ff 64bit]
[    0.386244] pci 0000:00:1f.3: reg 0x20: [io  0xefa0-0xefbf]
[    0.386302] pci 0000:00:1f.6: [8086:8c24] type 00 class 0x118000
[    0.386321] pci 0000:00:1f.6: reg 0x10: [mem 0xa0c18000-0xa0c18fff 64bit]
[    0.386468] pci 0000:01:00.0: [144d:a801] type 00 class 0x010601
[    0.386502] pci 0000:01:00.0: reg 0x24: [mem 0xa0b00000-0xa0b01fff]
[    0.386626] pci 0000:00:01.0: PCI bridge to [bus 01]
[    0.386629] pci 0000:00:01.0:   bridge window [mem 0xa0b00000-0xa0bfffff]
[    0.386676] pci 0000:05:00.0: [8086:156d] type 01 class 0x060400
[    0.386755] pci 0000:05:00.0: supports D1 D2
[    0.386756] pci 0000:05:00.0: PME# supported from D0 D1 D2 D3hot D3cold
[    0.386842] pci 0000:00:01.1: PCI bridge to [bus 05-9b]
[    0.386844] pci 0000:00:01.1:   bridge window [io  0x4000-0x6fff]
[    0.386846] pci 0000:00:01.1:   bridge window [mem 0xa0d00000-0xacdfffff]
[    0.386848] pci 0000:00:01.1:   bridge window [mem 0xace00000-0xb8dfffff 64bit pref]
[    0.386929] pci 0000:06:00.0: [8086:156d] type 01 class 0x060400
[    0.387016] pci 0000:06:00.0: supports D1 D2
[    0.387017] pci 0000:06:00.0: PME# supported from D0 D1 D2 D3hot D3cold
[    0.387078] pci 0000:06:03.0: [8086:156d] type 01 class 0x060400
[    0.387163] pci 0000:06:03.0: supports D1 D2
[    0.387164] pci 0000:06:03.0: PME# supported from D0 D1 D2 D3hot D3cold
[    0.387222] pci 0000:06:04.0: [8086:156d] type 01 class 0x060400
[    0.387307] pci 0000:06:04.0: supports D1 D2
[    0.387308] pci 0000:06:04.0: PME# supported from D0 D1 D2 D3hot D3cold
[    0.387366] pci 0000:06:05.0: [8086:156d] type 01 class 0x060400
[    0.387451] pci 0000:06:05.0: supports D1 D2
[    0.387452] pci 0000:06:05.0: PME# supported from D0 D1 D2 D3hot D3cold
[    0.387510] pci 0000:06:06.0: [8086:156d] type 01 class 0x060400
[    0.387595] pci 0000:06:06.0: supports D1 D2
[    0.387596] pci 0000:06:06.0: PME# supported from D0 D1 D2 D3hot D3cold
[    0.387665] pci 0000:05:00.0: PCI bridge to [bus 06-6b]
[    0.387669] pci 0000:05:00.0:   bridge window [io  0x4000-0x5fff]
[    0.387671] pci 0000:05:00.0:   bridge window [mem 0xa0d00000-0xa8dfffff]
[    0.387675] pci 0000:05:00.0:   bridge window [mem 0xace00000-0xb4dfffff 64bit pref]
[    0.387720] pci 0000:07:00.0: [8086:156c] type 00 class 0x088000
[    0.387744] pci 0000:07:00.0: reg 0x10: [mem 0xa0d00000-0xa0d3ffff]
[    0.387753] pci 0000:07:00.0: reg 0x14: [mem 0xa0d40000-0xa0d40fff]
[    0.387873] pci 0000:07:00.0: supports D1 D2
[    0.387874] pci 0000:07:00.0: PME# supported from D0 D1 D2 D3hot D3cold
[    0.388014] pci 0000:06:00.0: PCI bridge to [bus 07]
[    0.388020] pci 0000:06:00.0:   bridge window [mem 0xa0d00000-0xa0dfffff]
[    0.388073] pci 0000:06:03.0: PCI bridge to [bus 08-38]
[    0.388077] pci 0000:06:03.0:   bridge window [io  0x4000-0x4fff]
[    0.388079] pci 0000:06:03.0:   bridge window [mem 0xa0e00000-0xa4dfffff]
[    0.388083] pci 0000:06:03.0:   bridge window [mem 0xace00000-0xb0dfffff 64bit pref]
[    0.388131] pci 0000:06:04.0: PCI bridge to [bus 39]
[    0.388185] pci 0000:06:05.0: PCI bridge to [bus 3a-6a]
[    0.388189] pci 0000:06:05.0:   bridge window [io  0x5000-0x5fff]
[    0.388191] pci 0000:06:05.0:   bridge window [mem 0xa4e00000-0xa8dfffff]
[    0.388195] pci 0000:06:05.0:   bridge window [mem 0xb0e00000-0xb4dfffff 64bit pref]
[    0.388225] pci 0000:06:06.0: PCI bridge to [bus 6b]
[    0.388290] pci 0000:00:1c.0: PCI bridge to [bus 02]
[    0.388386] pci 0000:03:00.0: [14e4:43ba] type 00 class 0x028000
[    0.388449] pci 0000:03:00.0: reg 0x10: [mem 0xa0800000-0xa0807fff 64bit]
[    0.388476] pci 0000:03:00.0: reg 0x18: [mem 0xa0400000-0xa07fffff 64bit]
[    0.388682] pci 0000:03:00.0: supports D1 D2
[    0.388683] pci 0000:03:00.0: PME# supported from D0 D1 D2 D3hot D3cold
[    0.388912] pci 0000:00:1c.2: PCI bridge to [bus 03]
[    0.388917] pci 0000:00:1c.2:   bridge window [mem 0xa0400000-0xa08fffff]
[    0.388979] pci 0000:04:00.0: [14e4:1570] type 00 class 0x048000
[    0.389010] pci 0000:04:00.0: reg 0x10: [mem 0xa0a00000-0xa0a0ffff 64bit]
[    0.389024] pci 0000:04:00.0: reg 0x18: [mem 0x80000000-0x8fffffff 64bit pref]
[    0.389039] pci 0000:04:00.0: reg 0x20: [mem 0xa0900000-0xa09fffff 64bit]
[    0.389124] pci 0000:04:00.0: supports D1
[    0.389125] pci 0000:04:00.0: PME# supported from D0 D3hot
[    0.389232] pci 0000:00:1c.3: PCI bridge to [bus 04]
[    0.389237] pci 0000:00:1c.3:   bridge window [mem 0xa0900000-0xa0afffff]
[    0.389241] pci 0000:00:1c.3:   bridge window [mem 0x80000000-0x8fffffff 64bit pref]
[    0.389974] ACPI: PCI Interrupt Link [LNKA] (IRQs 1 3 4 5 6 7 10 12 14 15) *0, disabled.
[    0.390017] ACPI: PCI Interrupt Link [LNKB] (IRQs 1 3 4 5 6 7 11 12 14 15) *0, disabled.
[    0.390061] ACPI: PCI Interrupt Link [LNKC] (IRQs 1 3 4 5 6 7 10 12 14 15) *0, disabled.
[    0.390102] ACPI: PCI Interrupt Link [LNKD] (IRQs 1 3 4 5 6 7 11 12 14 15) *0, disabled.
[    0.390143] ACPI: PCI Interrupt Link [LNKE] (IRQs 1 3 4 5 6 7 10 12 14 15) *0, disabled.
[    0.390183] ACPI: PCI Interrupt Link [LNKF] (IRQs 1 3 4 5 6 7 11 12 14 15) *0, disabled.
[    0.390228] ACPI: PCI Interrupt Link [LNKG] (IRQs 1 3 4 5 6 7 10 12 14 15) *0, disabled.
[    0.390269] ACPI: PCI Interrupt Link [LNKH] (IRQs 1 3 4 5 6 7 11 12 14 15) *0, disabled.
[    0.390414] ACPI: EC: interrupt unblocked
[    0.390454] ACPI: EC: event unblocked
[    0.390467] ACPI: \_SB_.PCI0.LPCB.EC__: GPE=0x17, EC_CMD/EC_SC=0x66, EC_DATA=0x62
[    0.390468] ACPI: \_SB_.PCI0.LPCB.EC__: Used as boot DSDT EC to handle transactions and events
[    0.390514] pci 0000:00:02.0: vgaarb: setting as boot VGA device
[    0.390514] pci 0000:00:02.0: vgaarb: VGA device added: decodes=io+mem,owns=io+mem,locks=none
[    0.390514] pci 0000:00:02.0: vgaarb: bridge control possible
[    0.390514] vgaarb: loaded
[    0.390514] SCSI subsystem initialized
[    0.390514] libata version 3.00 loaded.
[    0.390514] ACPI: bus type USB registered
[    0.390514] usbcore: registered new interface driver usbfs
[    0.390514] usbcore: registered new interface driver hub
[    0.390514] usbcore: registered new device driver usb
[    0.390514] pps_core: LinuxPPS API ver. 1 registered
[    0.390514] pps_core: Software ver. 5.3.6 - Copyright 2005-2007 Rodolfo Giometti <giometti@linux.it>
[    0.390514] PTP clock support registered
[    0.390795] EDAC MC: Ver: 3.0.0
[    0.390887] Registered efivars operations
[    0.434030] PCI: Using ACPI for IRQ routing
[    0.436530] PCI: pci_cache_line_size set to 64 bytes
[    0.436670] e820: reserve RAM buffer [mem 0x00058000-0x0005ffff]
[    0.436671] e820: reserve RAM buffer [mem 0x66275710-0x67ffffff]
[    0.436672] e820: reserve RAM buffer [mem 0x78d01000-0x7bffffff]
[    0.436674] e820: reserve RAM buffer [mem 0x78d5d000-0x7bffffff]
[    0.436675] e820: reserve RAM buffer [mem 0x78e3a000-0x7bffffff]
[    0.436676] e820: reserve RAM buffer [mem 0x78ecc000-0x7bffffff]
[    0.436677] e820: reserve RAM buffer [mem 0x78f85000-0x7bffffff]
[    0.436678] e820: reserve RAM buffer [mem 0x79000000-0x7bffffff]
[    0.436679] e820: reserve RAM buffer [mem 0x47f600000-0x47fffffff]
[    0.436784] NetLabel: Initializing
[    0.436784] NetLabel:  domain hash size = 128
[    0.436784] NetLabel:  protocols = UNLABELED CIPSOv4 CALIPSO
[    0.436784] NetLabel:  unlabeled traffic allowed by default
[    0.436872] hpet0: at MMIO 0xfed00000, IRQs 2, 8, 0, 0, 0, 0, 0, 0
[    0.436876] hpet0: 8 comparators, 64-bit 14.318180 MHz counter
[    0.439801] clocksource: Switched to clocksource tsc-early
[    0.449452] VFS: Disk quotas dquot_6.6.0
[    0.449466] VFS: Dquot-cache hash table entries: 512 (order 0, 4096 bytes)
[    0.449509] pnp: PnP ACPI init
[    0.450111] system 00:00: [mem 0xfed00000-0xfed03fff] has been reserved
[    0.450116] system 00:00: Plug and Play ACPI device, IDs PNP0103 PNP0c01 (active)
[    0.450153] system 00:01: [io  0xffff] has been reserved
[    0.450154] system 00:01: [io  0x1800-0x187f] has been reserved
[    0.450155] system 00:01: [io  0x0800-0x087f] has been reserved
[    0.450158] system 00:01: Plug and Play ACPI device, IDs PNP0c02 (active)
[    0.450169] pnp 00:02: Plug and Play ACPI device, IDs PNP0b00 (active)
[    0.450211] pnp 00:03: Plug and Play ACPI device, IDs APP000b (active)
[    0.450313] system 00:04: [mem 0xfed1c000-0xfed1ffff] has been reserved
[    0.450315] system 00:04: [mem 0xfed10000-0xfed17fff] has been reserved
[    0.450316] system 00:04: [mem 0xfed18000-0xfed18fff] has been reserved
[    0.450317] system 00:04: [mem 0xfed19000-0xfed19fff] has been reserved
[    0.450319] system 00:04: [mem 0xe0000000-0xefffffff] could not be reserved
[    0.450320] system 00:04: [mem 0xfed20000-0xfed3ffff] has been reserved
[    0.450321] system 00:04: [mem 0xfed90000-0xfed93fff] could not be reserved
[    0.450322] system 00:04: [mem 0xfed45000-0xfed8ffff] has been reserved
[    0.450323] system 00:04: [mem 0xff000000-0xffffffff] could not be reserved
[    0.450324] system 00:04: [mem 0xfee00000-0xfeefffff] has been reserved
[    0.450327] system 00:04: Plug and Play ACPI device, IDs PNP0c02 (active)
[    0.450363] system 00:05: [mem 0x20000000-0x201fffff] could not be reserved
[    0.450364] system 00:05: [mem 0x40000000-0x401fffff] could not be reserved
[    0.450367] system 00:05: Plug and Play ACPI device, IDs PNP0c01 (active)
[    0.450471] pnp: PnP ACPI: found 6 devices
[    0.451304] pci 0000:07:00.0: assigning 8 device properties
[    0.451312] pci 0000:00:1b.0: assigning 4 device properties
[    0.451317] pci 0000:00:02.0: assigning 2 device properties
[    0.455887] clocksource: acpi_pm: mask: 0xffffff max_cycles: 0xffffff, max_idle_ns: 2085701024 ns
[    0.455919] pci 0000:06:00.0: bridge window [io  0x1000-0x0fff] to [bus 07] add_size 1000
[    0.455921] pci 0000:06:00.0: bridge window [mem 0x00100000-0x000fffff 64bit pref] to [bus 07] add_size 200000 add_align 100000
[    0.455932] pci 0000:06:04.0: bridge window [io  0x1000-0x0fff] to [bus 39] add_size 1000
[    0.455933] pci 0000:06:04.0: bridge window [mem 0x00100000-0x000fffff 64bit pref] to [bus 39] add_size 200000 add_align 100000
[    0.455934] pci 0000:06:04.0: bridge window [mem 0x00100000-0x000fffff] to [bus 39] add_size 200000 add_align 100000
[    0.455945] pci 0000:06:06.0: bridge window [io  0x1000-0x0fff] to [bus 6b] add_size 1000
[    0.455946] pci 0000:06:06.0: bridge window [mem 0x00100000-0x000fffff 64bit pref] to [bus 6b] add_size 200000 add_align 100000
[    0.455948] pci 0000:06:06.0: bridge window [mem 0x00100000-0x000fffff] to [bus 6b] add_size 200000 add_align 100000
[    0.455965] pci 0000:00:1c.0: bridge window [io  0x1000-0x0fff] to [bus 02] add_size 1000
[    0.455966] pci 0000:00:1c.0: bridge window [mem 0x00100000-0x000fffff 64bit pref] to [bus 02] add_size 200000 add_align 100000
[    0.455968] pci 0000:00:1c.0: bridge window [mem 0x00100000-0x000fffff] to [bus 02] add_size 200000 add_align 100000
[    0.455987] pci 0000:00:1c.0: BAR 14: assigned [mem 0x7fc00000-0x7fdfffff]
[    0.455994] pci 0000:00:1c.0: BAR 15: assigned [mem 0x7fe00000-0x7fffffff 64bit pref]
[    0.455996] pci 0000:00:1c.0: BAR 13: assigned [io  0x2000-0x2fff]
[    0.455998] pci 0000:00:01.0: PCI bridge to [bus 01]
[    0.456000] pci 0000:00:01.0:   bridge window [mem 0xa0b00000-0xa0bfffff]
[    0.456007] pci 0000:06:00.0: BAR 15: no space for [mem size 0x00200000 64bit pref]
[    0.456008] pci 0000:06:00.0: BAR 15: failed to assign [mem size 0x00200000 64bit pref]
[    0.456010] pci 0000:06:04.0: BAR 14: no space for [mem size 0x00200000]
[    0.456011] pci 0000:06:04.0: BAR 14: failed to assign [mem size 0x00200000]
[    0.456012] pci 0000:06:04.0: BAR 15: no space for [mem size 0x00200000 64bit pref]
[    0.456013] pci 0000:06:04.0: BAR 15: failed to assign [mem size 0x00200000 64bit pref]
[    0.456014] pci 0000:06:06.0: BAR 14: no space for [mem size 0x00200000]
[    0.456015] pci 0000:06:06.0: BAR 14: failed to assign [mem size 0x00200000]
[    0.456017] pci 0000:06:06.0: BAR 15: no space for [mem size 0x00200000 64bit pref]
[    0.456018] pci 0000:06:06.0: BAR 15: failed to assign [mem size 0x00200000 64bit pref]
[    0.456019] pci 0000:06:00.0: BAR 13: no space for [io  size 0x1000]
[    0.456020] pci 0000:06:00.0: BAR 13: failed to assign [io  size 0x1000]
[    0.456021] pci 0000:06:04.0: BAR 13: no space for [io  size 0x1000]
[    0.456022] pci 0000:06:04.0: BAR 13: failed to assign [io  size 0x1000]
[    0.456023] pci 0000:06:06.0: BAR 13: no space for [io  size 0x1000]
[    0.456024] pci 0000:06:06.0: BAR 13: failed to assign [io  size 0x1000]
[    0.456026] pci 0000:06:06.0: BAR 14: no space for [mem size 0x00200000]
[    0.456026] pci 0000:06:06.0: BAR 14: failed to assign [mem size 0x00200000]
[    0.456028] pci 0000:06:06.0: BAR 15: no space for [mem size 0x00200000 64bit pref]
[    0.456029] pci 0000:06:06.0: BAR 15: failed to assign [mem size 0x00200000 64bit pref]
[    0.456030] pci 0000:06:06.0: BAR 13: no space for [io  size 0x1000]
[    0.456031] pci 0000:06:06.0: BAR 13: failed to assign [io  size 0x1000]
[    0.456032] pci 0000:06:04.0: BAR 14: no space for [mem size 0x00200000]
[    0.456033] pci 0000:06:04.0: BAR 14: failed to assign [mem size 0x00200000]
[    0.456035] pci 0000:06:04.0: BAR 15: no space for [mem size 0x00200000 64bit pref]
[    0.456036] pci 0000:06:04.0: BAR 15: failed to assign [mem size 0x00200000 64bit pref]
[    0.456037] pci 0000:06:04.0: BAR 13: no space for [io  size 0x1000]
[    0.456038] pci 0000:06:04.0: BAR 13: failed to assign [io  size 0x1000]
[    0.456039] pci 0000:06:00.0: BAR 15: no space for [mem size 0x00200000 64bit pref]
[    0.456040] pci 0000:06:00.0: BAR 15: failed to assign [mem size 0x00200000 64bit pref]
[    0.456041] pci 0000:06:00.0: BAR 13: no space for [io  size 0x1000]
[    0.456042] pci 0000:06:00.0: BAR 13: failed to assign [io  size 0x1000]
[    0.456043] pci 0000:06:00.0: PCI bridge to [bus 07]
[    0.456047] pci 0000:06:00.0:   bridge window [mem 0xa0d00000-0xa0dfffff]
[    0.456053] pci 0000:06:03.0: PCI bridge to [bus 08-38]
[    0.456055] pci 0000:06:03.0:   bridge window [io  0x4000-0x4fff]
[    0.456058] pci 0000:06:03.0:   bridge window [mem 0xa0e00000-0xa4dfffff]
[    0.456060] pci 0000:06:03.0:   bridge window [mem 0xace00000-0xb0dfffff 64bit pref]
[    0.456064] pci 0000:06:04.0: PCI bridge to [bus 39]
[    0.456073] pci 0000:06:05.0: PCI bridge to [bus 3a-6a]
[    0.456074] pci 0000:06:05.0:   bridge window [io  0x5000-0x5fff]
[    0.456077] pci 0000:06:05.0:   bridge window [mem 0xa4e00000-0xa8dfffff]
[    0.456080] pci 0000:06:05.0:   bridge window [mem 0xb0e00000-0xb4dfffff 64bit pref]
[    0.456084] pci 0000:06:06.0: PCI bridge to [bus 6b]
[    0.456092] pci 0000:05:00.0: PCI bridge to [bus 06-6b]
[    0.456094] pci 0000:05:00.0:   bridge window [io  0x4000-0x5fff]
[    0.456097] pci 0000:05:00.0:   bridge window [mem 0xa0d00000-0xa8dfffff]
[    0.456099] pci 0000:05:00.0:   bridge window [mem 0xace00000-0xb4dfffff 64bit pref]
[    0.456103] pci 0000:00:01.1: PCI bridge to [bus 05-9b]
[    0.456104] pci 0000:00:01.1:   bridge window [io  0x4000-0x6fff]
[    0.456106] pci 0000:00:01.1:   bridge window [mem 0xa0d00000-0xacdfffff]
[    0.456108] pci 0000:00:01.1:   bridge window [mem 0xace00000-0xb8dfffff 64bit pref]
[    0.456111] pci 0000:00:1c.0: PCI bridge to [bus 02]
[    0.456118] pci 0000:00:1c.0:   bridge window [io  0x2000-0x2fff]
[    0.456122] pci 0000:00:1c.0:   bridge window [mem 0x7fc00000-0x7fdfffff]
[    0.456125] pci 0000:00:1c.0:   bridge window [mem 0x7fe00000-0x7fffffff 64bit pref]
[    0.456130] pci 0000:00:1c.2: PCI bridge to [bus 03]
[    0.456134] pci 0000:00:1c.2:   bridge window [mem 0xa0400000-0xa08fffff]
[    0.456141] pci 0000:00:1c.3: PCI bridge to [bus 04]
[    0.456145] pci 0000:00:1c.3:   bridge window [mem 0xa0900000-0xa0afffff]
[    0.456149] pci 0000:00:1c.3:   bridge window [mem 0x80000000-0x8fffffff 64bit pref]
[    0.456154] pci_bus 0000:00: resource 4 [io  0x0000-0x0cf7 window]
[    0.456155] pci_bus 0000:00: resource 5 [io  0x0d00-0xffff window]
[    0.456157] pci_bus 0000:00: resource 6 [mem 0x000a0000-0x000bffff window]
[    0.456157] pci_bus 0000:00: resource 7 [mem 0x000c0000-0x000c3fff window]
[    0.456158] pci_bus 0000:00: resource 8 [mem 0x000c4000-0x000c7fff window]
[    0.456159] pci_bus 0000:00: resource 9 [mem 0x000c8000-0x000cbfff window]
[    0.456160] pci_bus 0000:00: resource 10 [mem 0x000cc000-0x000cffff window]
[    0.456161] pci_bus 0000:00: resource 11 [mem 0x000d0000-0x000d3fff window]
[    0.456162] pci_bus 0000:00: resource 12 [mem 0x000d4000-0x000d7fff window]
[    0.456163] pci_bus 0000:00: resource 13 [mem 0x000d8000-0x000dbfff window]
[    0.456164] pci_bus 0000:00: resource 14 [mem 0x000dc000-0x000dffff window]
[    0.456165] pci_bus 0000:00: resource 15 [mem 0x000e0000-0x000e3fff window]
[    0.456166] pci_bus 0000:00: resource 16 [mem 0x000e4000-0x000e7fff window]
[    0.456167] pci_bus 0000:00: resource 17 [mem 0x000e8000-0x000ebfff window]
[    0.456168] pci_bus 0000:00: resource 18 [mem 0x000ec000-0x000effff window]
[    0.456169] pci_bus 0000:00: resource 19 [mem 0x000f0000-0x000fffff window]
[    0.456170] pci_bus 0000:00: resource 20 [mem 0x7fa00000-0xfeafffff window]
[    0.456171] pci_bus 0000:00: resource 21 [mem 0xfed40000-0xfed44fff window]
[    0.456172] pci_bus 0000:01: resource 1 [mem 0xa0b00000-0xa0bfffff]
[    0.456173] pci_bus 0000:05: resource 0 [io  0x4000-0x6fff]
[    0.456174] pci_bus 0000:05: resource 1 [mem 0xa0d00000-0xacdfffff]
[    0.456175] pci_bus 0000:05: resource 2 [mem 0xace00000-0xb8dfffff 64bit pref]
[    0.456176] pci_bus 0000:06: resource 0 [io  0x4000-0x5fff]
[    0.456177] pci_bus 0000:06: resource 1 [mem 0xa0d00000-0xa8dfffff]
[    0.456178] pci_bus 0000:06: resource 2 [mem 0xace00000-0xb4dfffff 64bit pref]
[    0.456179] pci_bus 0000:07: resource 1 [mem 0xa0d00000-0xa0dfffff]
[    0.456180] pci_bus 0000:08: resource 0 [io  0x4000-0x4fff]
[    0.456181] pci_bus 0000:08: resource 1 [mem 0xa0e00000-0xa4dfffff]
[    0.456182] pci_bus 0000:08: resource 2 [mem 0xace00000-0xb0dfffff 64bit pref]
[    0.456183] pci_bus 0000:3a: resource 0 [io  0x5000-0x5fff]
[    0.456184] pci_bus 0000:3a: resource 1 [mem 0xa4e00000-0xa8dfffff]
[    0.456185] pci_bus 0000:3a: resource 2 [mem 0xb0e00000-0xb4dfffff 64bit pref]
[    0.456186] pci_bus 0000:02: resource 0 [io  0x2000-0x2fff]
[    0.456186] pci_bus 0000:02: resource 1 [mem 0x7fc00000-0x7fdfffff]
[    0.456187] pci_bus 0000:02: resource 2 [mem 0x7fe00000-0x7fffffff 64bit pref]
[    0.456189] pci_bus 0000:03: resource 1 [mem 0xa0400000-0xa08fffff]
[    0.456190] pci_bus 0000:04: resource 1 [mem 0xa0900000-0xa0afffff]
[    0.456191] pci_bus 0000:04: resource 2 [mem 0x80000000-0x8fffffff 64bit pref]
[    0.456289] NET: Registered protocol family 2
[    0.456390] tcp_listen_portaddr_hash hash table entries: 8192 (order: 5, 131072 bytes)
[    0.456434] TCP established hash table entries: 131072 (order: 8, 1048576 bytes)
[    0.456579] TCP bind hash table entries: 65536 (order: 8, 1048576 bytes)
[    0.456698] TCP: Hash tables configured (established 131072 bind 65536)
[    0.456728] UDP hash table entries: 8192 (order: 6, 262144 bytes)
[    0.456764] UDP-Lite hash table entries: 8192 (order: 6, 262144 bytes)
[    0.456837] NET: Registered protocol family 1
[    0.456840] NET: Registered protocol family 44
[    0.456848] pci 0000:00:02.0: Video device with shadowed ROM at [mem 0x000c0000-0x000dffff]
[    0.457073] PCI: CLS 256 bytes, default 64
[    0.457099] Unpacking initramfs...
[    1.584251] Freeing initrd memory: 92720K
[    1.585823] PCI-DMA: Using software bounce buffering for IO (SWIOTLB)
[    1.585825] software IO TLB: mapped [mem 0x5f070000-0x63070000] (64MB)
[    1.588193] Initialise system trusted keyrings
[    1.588202] Key type blacklist registered
[    1.588229] workingset: timestamp_bits=36 max_order=22 bucket_order=0
[    1.589349] zbud: loaded
[    1.720326] alg: No test for 842 (842-generic)
[    1.720894] alg: No test for 842 (842-scomp)
[    1.741249] NET: Registered protocol family 38
[    1.741252] Key type asymmetric registered
[    1.741253] Asymmetric key parser 'x509' registered
[    1.741266] Block layer SCSI generic (bsg) driver version 0.4 loaded (major 243)
[    1.741299] io scheduler mq-deadline registered
[    1.741373] atomic64_test: passed for x86-64 platform with CX8 and with SSE
[    1.741784] pciehp 0000:00:1c.0:pcie004: Slot #0 AttnBtn- PwrCtrl- MRL- AttnInd- PwrInd- HotPlug+ Surprise+ Interlock- NoCompl+ LLActRep+
[    1.742300] pciehp 0000:06:00.0:pcie204: Slot #0 AttnBtn- PwrCtrl- MRL- AttnInd- PwrInd- HotPlug+ Surprise+ Interlock- NoCompl+ LLActRep+
[    1.742459] pciehp 0000:06:03.0:pcie204: Slot #3 AttnBtn- PwrCtrl- MRL- AttnInd- PwrInd- HotPlug+ Surprise+ Interlock- NoCompl+ LLActRep+
[    1.742612] pciehp 0000:06:04.0:pcie204: Slot #4 AttnBtn- PwrCtrl- MRL- AttnInd- PwrInd- HotPlug+ Surprise+ Interlock- NoCompl+ LLActRep+
[    1.742760] pciehp 0000:06:05.0:pcie204: Slot #5 AttnBtn- PwrCtrl- MRL- AttnInd- PwrInd- HotPlug+ Surprise+ Interlock- NoCompl+ LLActRep+
[    1.742915] pciehp 0000:06:06.0:pcie204: Slot #6 AttnBtn- PwrCtrl- MRL- AttnInd- PwrInd- HotPlug+ Surprise+ Interlock- NoCompl+ LLActRep+
[    1.742994] shpchp: Standard Hot Plug PCI Controller Driver version: 0.4
[    1.743009] efifb: probing for efifb
[    1.743021] efifb: No BGRT, not showing boot graphics
[    1.743022] efifb: framebuffer at 0x90000000, using 20700k, total 20700k
[    1.743023] efifb: mode is 2880x1800x32, linelength=11776, pages=1
[    1.743023] efifb: scrolling: redraw
[    1.743025] efifb: Truecolor: size=8:8:8:8, shift=24:16:8:0
[    1.743052] fbcon: Deferring console take-over
[    1.743053] fb0: EFI VGA frame buffer device
[    1.743059] intel_idle: MWAIT substates: 0x42120
[    1.743059] intel_idle: v0.4.1 model 0x46
[    1.743284] intel_idle: lapic_timer_reliable_states 0xffffffff
[    1.743370] ACPI: AC Adapter [ADP1] (on-line)
[    1.743415] input: Lid Switch as /devices/LNXSYSTM:00/LNXSYBUS:00/PNP0C0D:00/input/input0
[    1.743441] ACPI: Lid Switch [LID0]
[    1.743474] input: Power Button as /devices/LNXSYSTM:00/LNXSYBUS:00/PNP0C0C:00/input/input1
[    1.743480] ACPI: Power Button [PWRB]
[    1.743500] input: Sleep Button as /devices/LNXSYSTM:00/LNXSYBUS:00/PNP0C0E:00/input/input2
[    1.743504] ACPI: Sleep Button [SLPB]
[    1.743522] input: Power Button as /devices/LNXSYSTM:00/LNXPWRBN:00/input/input3
[    1.743533] ACPI: Power Button [PWRF]
[    1.744521] Serial: 8250/16550 driver, 32 ports, IRQ sharing enabled
[    1.745889] Non-volatile memory driver v1.3
[    1.745912] Linux agpgart interface v0.103
[    1.746553] ahci 0000:01:00.0: version 3.0
[    1.777179] ahci 0000:01:00.0: AHCI 0001.0300 32 slots 1 ports 6 Gbps 0x1 impl SATA mode
[    1.777183] ahci 0000:01:00.0: flags: 64bit ncq led clo only pio ccc 
[    1.777498] scsi host0: ahci
[    1.777597] ata1: SATA max UDMA/133 abar m8192@0xa0b00000 port 0xa0b00100 irq 33
[    1.777681] libphy: Fixed MDIO Bus: probed
[    1.777843] ehci_hcd: USB 2.0 'Enhanced' Host Controller (EHCI) Driver
[    1.777847] ehci-pci: EHCI PCI platform driver
[    1.777865] ohci_hcd: USB 1.1 'Open' Host Controller (OHCI) Driver
[    1.777867] ohci-pci: OHCI PCI platform driver
[    1.777875] uhci_hcd: USB Universal Host Controller Interface driver
[    1.778057] xhci_hcd 0000:00:14.0: xHCI Host Controller
[    1.778181] xhci_hcd 0000:00:14.0: new USB bus registered, assigned bus number 1
[    1.779259] xhci_hcd 0000:00:14.0: hcc params 0x200077c1 hci version 0x100 quirks 0x0000000000009810
[    1.779263] xhci_hcd 0000:00:14.0: cache line size of 256 is not supported
[    1.779443] usb usb1: New USB device found, idVendor=1d6b, idProduct=0002, bcdDevice= 5.00
[    1.779445] usb usb1: New USB device strings: Mfr=3, Product=2, SerialNumber=1
[    1.779446] usb usb1: Product: xHCI Host Controller
[    1.779447] usb usb1: Manufacturer: Linux 5.0.0-rc6+ xhci-hcd
[    1.779448] usb usb1: SerialNumber: 0000:00:14.0
[    1.779631] hub 1-0:1.0: USB hub found
[    1.779653] hub 1-0:1.0: 14 ports detected
[    1.780009] xhci_hcd 0000:00:14.0: xHCI Host Controller
[    1.780115] xhci_hcd 0000:00:14.0: new USB bus registered, assigned bus number 2
[    1.780129] xhci_hcd 0000:00:14.0: Host supports USB 3.0  SuperSpeed
[    1.780176] usb usb2: New USB device found, idVendor=1d6b, idProduct=0003, bcdDevice= 5.00
[    1.780177] usb usb2: New USB device strings: Mfr=3, Product=2, SerialNumber=1
[    1.780178] usb usb2: Product: xHCI Host Controller
[    1.780179] usb usb2: Manufacturer: Linux 5.0.0-rc6+ xhci-hcd
[    1.780180] usb usb2: SerialNumber: 0000:00:14.0
[    1.780336] hub 2-0:1.0: USB hub found
[    1.780353] hub 2-0:1.0: 6 ports detected
[    1.780390] usb: port power management may be unreliable
[    1.780527] usbcore: registered new interface driver usbserial_generic
[    1.780531] usbserial: USB Serial support registered for generic
[    1.780550] i8042: PNP: No PS/2 controller found.
[    1.780583] mousedev: PS/2 mouse device common for all mice
[    1.780688] rtc_cmos 00:02: RTC can wake from S4
[    1.780835] rtc_cmos 00:02: registered as rtc0
[    1.780837] rtc_cmos 00:02: alarms up to one month, y3k, 242 bytes nvram, hpet irqs
[    1.780899] device-mapper: uevent: version 1.0.3
[    1.780946] device-mapper: ioctl: 4.39.0-ioctl (2018-04-03) initialised: dm-devel@redhat.com
[    1.781022] intel_pstate: Intel P-state driver initializing
[    1.781524] hidraw: raw HID events driver (C) Jiri Kosina
[    1.781603] usbcore: registered new interface driver usbhid
[    1.781604] usbhid: USB HID core driver
[    1.781900] drop_monitor: Initializing network drop monitor service
[    1.782251] Initializing XFRM netlink socket
[    1.782524] NET: Registered protocol family 10
[    1.791397] Segment Routing with IPv6
[    1.791450] mip6: Mobile IPv6
[    1.791454] NET: Registered protocol family 17
[    1.792983] RAS: Correctable Errors collector initialized.
[    1.793037] microcode: sig=0x40661, pf=0x20, revision=0x1a
[    1.793346] microcode: Microcode Update Driver: v2.2.
[    1.793367] AVX2 version of gcm_enc/dec engaged.
[    1.793368] AES CTR mode by8 optimization enabled
[    1.830158] sched_clock: Marking stable (1829867768, 253275)->(1913689742, -83568699)
[    1.830513] registered taskstats version 1
[    1.830527] Loading compiled-in X.509 certificates
[    1.860846] Loaded X.509 cert 'Build time autogenerated kernel key: 307e4e8a55fe74f83f10b61aeadbf24a5fc6325b'
[    1.860868] zswap: loaded using pool lzo/zbud
[    1.866094] Key type big_key registered
[    1.868383] Key type encrypted registered
[    1.868388] ima: No TPM chip found, activating TPM-bypass!
[    1.868393] ima: Allocated hash algorithm: sha1
[    1.868397] No architecture policies found
[    1.868957]   Magic number: 7:591:253
[    1.869032] memory memory127: hash matches
[    1.869091] rtc_cmos 00:02: setting system clock to 2019-02-12T00:16:02 UTC (1549930562)
[    2.103002] usb 2-2: new SuperSpeed Gen 1 USB device number 2 using xhci_hcd
[    2.107500] ata1: SATA link up 6.0 Gbps (SStatus 133 SControl 300)
[    2.109403] ata1.00: unexpected _GTF length (8)
[    2.109547] ata1.00: ATA-8: APPLE SSD SM0256G, BXW1SA0Q, max UDMA/133
[    2.109550] ata1.00: 490234752 sectors, multi 16: LBA48 NCQ (depth 32), AA
[    2.109993] ata1.00: unexpected _GTF length (8)
[    2.110140] ata1.00: configured for UDMA/133
[    2.110408] scsi 0:0:0:0: Direct-Access     ATA      APPLE SSD SM0256 SA0Q PQ: 0 ANSI: 5
[    2.110756] sd 0:0:0:0: Attached scsi generic sg0 type 0
[    2.110822] sd 0:0:0:0: [sda] 490234752 512-byte logical blocks: (251 GB/234 GiB)
[    2.110825] sd 0:0:0:0: [sda] 4096-byte physical blocks
[    2.110840] sd 0:0:0:0: [sda] Write Protect is off
[    2.110843] sd 0:0:0:0: [sda] Mode Sense: 00 3a 00 00
[    2.110866] sd 0:0:0:0: [sda] Write cache: enabled, read cache: enabled, doesn't support DPO or FUA
[    2.112377]  sda: sda1 sda2 sda3 sda4
[    2.113093] sd 0:0:0:0: [sda] Attached SCSI disk
[    2.114065] Freeing unused decrypted memory: 2040K
[    2.114365] Freeing unused kernel image memory: 2152K
[    2.115697] usb 2-2: New USB device found, idVendor=1b1c, idProduct=1a15, bcdDevice= 1.00
[    2.115699] usb 2-2: New USB device strings: Mfr=1, Product=2, SerialNumber=3
[    2.115700] usb 2-2: Product: Voyager SliderX1
[    2.115702] usb 2-2: Manufacturer: Corsair
[    2.115703] usb 2-2: SerialNumber: 07087C5D931C2817
[    2.120829] Write protecting the kernel read-only data: 18432k
[    2.121344] Freeing unused kernel image memory: 2020K
[    2.121434] Freeing unused kernel image memory: 68K
[    2.132515] x86/mm: Checked W+X mappings: passed, no W+X pages found.
[    2.132520] rodata_test: all tests were successful
[    2.132521] x86/mm: Checking user space page tables
[    2.140888] x86/mm: Checked W+X mappings: passed, no W+X pages found.
[    2.140889] Run /init as init process
[    2.228814] usb 1-8: new full-speed USB device number 2 using xhci_hcd
[    2.231817] systemd[1]: systemd 239 running in system mode. (+PAM +AUDIT +SELINUX +IMA -APPARMOR +SMACK +SYSVINIT +UTMP +LIBCRYPTSETUP +GCRYPT +GNUTLS +ACL +XZ +LZ4 +SECCOMP +BLKID +ELFUTILS +KMOD +IDN2 -IDN +PCRE2 default-hierarchy=hybrid)
[    2.243924] systemd[1]: Detected architecture x86-64.
[    2.243927] systemd[1]: Running in initial RAM disk.
[    2.246437] systemd[1]: Set hostname to <im-mac>.
[    2.293859] systemd[1]: Reached target Timers.
[    2.293934] systemd[1]: Reached target Swap.
[    2.294028] systemd[1]: Listening on udev Kernel Socket.
[    2.295510] systemd[1]: Created slice system-systemd\x2dcryptsetup.slice.
[    2.295648] systemd[1]: Listening on Journal Audit Socket.
[    2.295797] systemd[1]: Listening on Journal Socket.
[    2.350363] audit: type=1130 audit(1549930562.979:2): pid=1 uid=0 auid=4294967295 ses=4294967295 subj=kernel msg='unit=systemd-journald comm="systemd" exe="/usr/lib/systemd/systemd" hostname=? addr=? terminal=? res=success'
[    2.356988] usb 1-8: New USB device found, idVendor=05ac, idProduct=8290, bcdDevice= 1.61
[    2.356990] usb 1-8: New USB device strings: Mfr=1, Product=2, SerialNumber=0
[    2.356991] usb 1-8: Product: Bluetooth USB Host Controller
[    2.356992] usb 1-8: Manufacturer: Broadcom Corp.
[    2.358752] audit: type=1130 audit(1549930562.987:3): pid=1 uid=0 auid=4294967295 ses=4294967295 subj=kernel msg='unit=systemd-vconsole-setup comm="systemd" exe="/usr/lib/systemd/systemd" hostname=? addr=? terminal=? res=success'
[    2.358754] audit: type=1131 audit(1549930562.987:4): pid=1 uid=0 auid=4294967295 ses=4294967295 subj=kernel msg='unit=systemd-vconsole-setup comm="systemd" exe="/usr/lib/systemd/systemd" hostname=? addr=? terminal=? res=success'
[    2.360358] input: Broadcom Corp. Bluetooth USB Host Controller as /devices/pci0000:00/0000:00:14.0/usb1/1-8/1-8:1.0/0003:05AC:8290.0001/input/input4
[    2.412022] hid-generic 0003:05AC:8290.0001: input,hidraw0: USB HID v1.11 Keyboard [Broadcom Corp. Bluetooth USB Host Controller] on usb-0000:00:14.0-8/input0
[    2.412699] input: Broadcom Corp. Bluetooth USB Host Controller as /devices/pci0000:00/0000:00:14.0/usb1/1-8/1-8:1.1/0003:05AC:8290.0002/input/input5
[    2.412834] hid-generic 0003:05AC:8290.0002: input,hidraw1: USB HID v1.11 Mouse [Broadcom Corp. Bluetooth USB Host Controller] on usb-0000:00:14.0-8/input1
[    2.469020] usb 2-4: new SuperSpeed Gen 1 USB device number 3 using xhci_hcd
[    2.483183] usb 2-4: New USB device found, idVendor=05ac, idProduct=8406, bcdDevice= 8.20
[    2.483187] usb 2-4: New USB device strings: Mfr=3, Product=4, SerialNumber=5
[    2.483189] usb 2-4: Product: Card Reader
[    2.483192] usb 2-4: Manufacturer: Apple
[    2.483194] usb 2-4: SerialNumber: 000000000820
[    2.536625] audit: type=1130 audit(1549930563.165:5): pid=1 uid=0 auid=4294967295 ses=4294967295 subj=kernel msg='unit=dracut-cmdline comm="systemd" exe="/usr/lib/systemd/systemd" hostname=? addr=? terminal=? res=success'
[    2.569043] audit: type=1130 audit(1549930563.198:6): pid=1 uid=0 auid=4294967295 ses=4294967295 subj=kernel msg='unit=dracut-pre-udev comm="systemd" exe="/usr/lib/systemd/systemd" hostname=? addr=? terminal=? res=success'
[    2.587113] audit: type=1130 audit(1549930563.216:7): pid=1 uid=0 auid=4294967295 ses=4294967295 subj=kernel msg='unit=systemd-udevd comm="systemd" exe="/usr/lib/systemd/systemd" hostname=? addr=? terminal=? res=success'
[    2.608372] usb 1-12: new full-speed USB device number 3 using xhci_hcd
[    2.609766] usb-storage 2-2:1.0: USB Mass Storage device detected
[    2.609908] scsi host1: usb-storage 2-2:1.0
[    2.609981] usb-storage 2-4:1.0: USB Mass Storage device detected
[    2.610215] scsi host2: usb-storage 2-4:1.0
[    2.610270] usbcore: registered new interface driver usb-storage
[    2.614131] usbcore: registered new interface driver uas
[    2.620834] tsc: Refined TSC clocksource calibration: 2194.906 MHz
[    2.620838] clocksource: tsc: mask: 0xffffffffffffffff max_cycles: 0x1fa366c4337, max_idle_ns: 440795279180 ns
[    2.621006] clocksource: Switched to clocksource tsc
[    2.650619] audit: type=1130 audit(1549930563.278:8): pid=1 uid=0 auid=4294967295 ses=4294967295 subj=kernel msg='unit=systemd-udev-trigger comm="systemd" exe="/usr/lib/systemd/systemd" hostname=? addr=? terminal=? res=success'
[    2.666153] audit: type=1130 audit(1549930563.295:9): pid=1 uid=0 auid=4294967295 ses=4294967295 subj=kernel msg='unit=plymouth-start comm="systemd" exe="/usr/lib/systemd/systemd" hostname=? addr=? terminal=? res=success'
[    2.742471] usb 1-12: New USB device found, idVendor=05ac, idProduct=0274, bcdDevice= 6.24
[    2.742474] usb 1-12: New USB device strings: Mfr=1, Product=2, SerialNumber=3
[    2.742476] usb 1-12: Product: Apple Internal Keyboard / Trackpad
[    2.742478] usb 1-12: Manufacturer: Apple Inc.
[    2.742479] usb 1-12: SerialNumber: D3H61830CG1FTV4A16PF
[    2.756412] apple 0003:05AC:0274.0003: hiddev96,hidraw2: USB HID v1.10 Device [Apple Inc. Apple Internal Keyboard / Trackpad] on usb-0000:00:14.0-12/input0
[    2.756633] input: Apple Inc. Apple Internal Keyboard / Trackpad as /devices/pci0000:00/0000:00:14.0/usb1/1-12/1-12:1.1/0003:05AC:0274.0004/input/input6
[    2.808039] apple 0003:05AC:0274.0004: input,hiddev97,hidraw3: USB HID v1.10 Keyboard [Apple Inc. Apple Internal Keyboard / Trackpad] on usb-0000:00:14.0-12/input1
[    2.808170] apple 0003:05AC:0274.0005: hiddev98,hidraw4: USB HID v1.10 Device [Apple Inc. Apple Internal Keyboard / Trackpad] on usb-0000:00:14.0-12/input3
[    2.808248] apple 0003:05AC:0274.0006: hiddev99,hidraw5: USB HID v1.10 Device [Apple Inc. Apple Internal Keyboard / Trackpad] on usb-0000:00:14.0-12/input4
[    2.831358] audit: type=1130 audit(1549930563.460:10): pid=1 uid=0 auid=4294967295 ses=4294967295 subj=kernel msg='unit=systemd-ask-password-plymouth comm="systemd" exe="/usr/lib/systemd/systemd" hostname=? addr=? terminal=? res=success'
[    2.930887] VFIO - User Level meta-driver version: 0.3
[    3.510324] [drm] Found 128MB of eDRAM
[    3.510491] checking generic (90000000 1437000) vs hw (90000000 10000000)
[    3.510492] fb0: switching to inteldrmfb from EFI VGA
[    3.510556] [drm] Replacing VGA console driver
[    3.510846] [drm] Supports vblank timestamp caching Rev 2 (21.10.2013).
[    3.510847] [drm] Driver supports precise vblank timestamp query.
[    3.510884] i915 0000:00:02.0: vgaarb: changed VGA decodes: olddecodes=io+mem,decodes=io+mem:owns=io+mem
[    3.534113] [drm] Initialized i915 1.6.0 20181204 for 0000:00:02.0 on minor 0
[    3.535102] ACPI: Video Device [IGPU] (multi-head: yes  rom: no  post: no)
[    3.535659] acpi device:57: registered as cooling_device8
[    3.535735] input: Video Bus as /devices/LNXSYSTM:00/LNXSYBUS:00/PNP0A08:00/LNXVIDEO:00/input/input7
[    3.542204] fbcon: inteldrmfb (fb0) is primary device
[    3.542206] fbcon: Deferring console take-over
[    3.542209] i915 0000:00:02.0: fb0: inteldrmfb frame buffer device
[    3.645879] scsi 1:0:0:0: Direct-Access     Corsair  Voyager SliderX1 000A PQ: 0 ANSI: 6
[    3.646265] sd 1:0:0:0: Attached scsi generic sg1 type 0
[    3.646507] sd 1:0:0:0: [sdb] 494403584 512-byte logical blocks: (253 GB/236 GiB)
[    3.646969] sd 1:0:0:0: [sdb] Write Protect is off
[    3.646973] sd 1:0:0:0: [sdb] Mode Sense: 2b 00 00 08
[    3.647021] scsi 2:0:0:0: Direct-Access     APPLE    SD Card Reader   3.00 PQ: 0 ANSI: 6
[    3.647426] sd 2:0:0:0: Attached scsi generic sg2 type 0
[    3.647467] sd 1:0:0:0: [sdb] Write cache: disabled, read cache: enabled, doesn't support DPO or FUA
[    3.648951] sd 2:0:0:0: [sdc] Attached SCSI removable disk
[    3.650424]  sdb: sdb1
[    3.652639] sd 1:0:0:0: [sdb] Attached SCSI removable disk
[   13.254505] device-mapper: crypt: xts(aes) using implementation "xts-aes-aesni"
[   13.309851] kauditd_printk_skb: 2 callbacks suppressed
[   13.309853] audit: type=1130 audit(1549930573.939:13): pid=1 uid=0 auid=4294967295 ses=4294967295 subj=kernel msg='unit=systemd-cryptsetup@luks\x2ddd1fa933\x2def9f\x2d402b\x2da2e4\x2d7c9d6fb7ce0d comm="systemd" exe="/usr/lib/systemd/systemd" hostname=? addr=? terminal=? res=success'
[   13.869193] PM: Image not found (code -22)
[   13.870061] audit: type=1130 audit(1549930574.499:14): pid=1 uid=0 auid=4294967295 ses=4294967295 subj=kernel msg='unit=systemd-hibernate-resume@dev-mapper-im\x2d\x2dmac\x2dswap comm="systemd" exe="/usr/lib/systemd/systemd" hostname=? addr=? terminal=? res=success'
[   13.870064] audit: type=1131 audit(1549930574.499:15): pid=1 uid=0 auid=4294967295 ses=4294967295 subj=kernel msg='unit=systemd-hibernate-resume@dev-mapper-im\x2d\x2dmac\x2dswap comm="systemd" exe="/usr/lib/systemd/systemd" hostname=? addr=? terminal=? res=success'
[   13.877924] audit: type=1130 audit(1549930574.507:16): pid=1 uid=0 auid=4294967295 ses=4294967295 subj=kernel msg='unit=systemd-tmpfiles-setup comm="systemd" exe="/usr/lib/systemd/systemd" hostname=? addr=? terminal=? res=success'
[   13.883629] audit: type=1130 audit(1549930574.512:17): pid=1 uid=0 auid=4294967295 ses=4294967295 subj=kernel msg='unit=dracut-initqueue comm="systemd" exe="/usr/lib/systemd/systemd" hostname=? addr=? terminal=? res=success'
[   13.899662] audit: type=1130 audit(1549930574.528:18): pid=1 uid=0 auid=4294967295 ses=4294967295 subj=kernel msg='unit=systemd-fsck-root comm="systemd" exe="/usr/lib/systemd/systemd" hostname=? addr=? terminal=? res=success'
[   14.215438] SGI XFS with ACLs, security attributes, scrub, no debug enabled
[   14.219133] XFS (dm-1): Mounting V5 Filesystem
[   14.230824] XFS (dm-1): Ending clean mount
[   14.345492] audit: type=1130 audit(1549930574.974:19): pid=1 uid=0 auid=4294967295 ses=4294967295 subj=kernel msg='unit=initrd-parse-etc comm="systemd" exe="/usr/lib/systemd/systemd" hostname=? addr=? terminal=? res=success'
[   14.345496] audit: type=1131 audit(1549930574.974:20): pid=1 uid=0 auid=4294967295 ses=4294967295 subj=kernel msg='unit=initrd-parse-etc comm="systemd" exe="/usr/lib/systemd/systemd" hostname=? addr=? terminal=? res=success'
[   14.482022] audit: type=1130 audit(1549930575.111:21): pid=1 uid=0 auid=4294967295 ses=4294967295 subj=kernel msg='unit=dracut-pre-pivot comm="systemd" exe="/usr/lib/systemd/systemd" hostname=? addr=? terminal=? res=success'
[   14.496611] audit: type=1131 audit(1549930575.125:22): pid=1 uid=0 auid=4294967295 ses=4294967295 subj=kernel msg='unit=dracut-pre-pivot comm="systemd" exe="/usr/lib/systemd/systemd" hostname=? addr=? terminal=? res=success'
[   14.581770] systemd-journald[312]: Received SIGTERM from PID 1 (systemd).
[   14.613157] printk: systemd: 14 output lines suppressed due to ratelimiting
[   15.071680] SELinux:  Class xdp_socket not defined in policy.
[   15.071682] SELinux: the above unknown classes and permissions will be allowed
[   15.071685] SELinux:  policy capability network_peer_controls=1
[   15.071685] SELinux:  policy capability open_perms=1
[   15.071686] SELinux:  policy capability extended_socket_class=1
[   15.071686] SELinux:  policy capability always_check_network=0
[   15.071686] SELinux:  policy capability cgroup_seclabel=1
[   15.071687] SELinux:  policy capability nnp_nosuid_transition=1
[   15.093106] systemd[1]: Successfully loaded SELinux policy in 399.004ms.
[   15.134696] systemd[1]: Relabelled /dev, /run and /sys/fs/cgroup in 27.331ms.
[   15.136735] systemd[1]: systemd 239 running in system mode. (+PAM +AUDIT +SELINUX +IMA -APPARMOR +SMACK +SYSVINIT +UTMP +LIBCRYPTSETUP +GCRYPT +GNUTLS +ACL +XZ +LZ4 +SECCOMP +BLKID +ELFUTILS +KMOD +IDN2 -IDN +PCRE2 default-hierarchy=hybrid)
[   15.148981] systemd[1]: Detected architecture x86-64.
[   15.150657] systemd[1]: Set hostname to <im-mac>.
[   15.177976] systemd-sysv-generator[925]: stat() failed on /etc/rc.d/init.d/jexec, ignoring: No such file or directory
[   15.351222] systemd[1]: Stopped Switch Root.
[   15.351438] systemd[1]: systemd-journald.service: Service has no hold-off time (RestartSec=0), scheduling restart.
[   15.351498] systemd[1]: systemd-journald.service: Scheduled restart job, restart counter is at 1.
[   15.351516] systemd[1]: Stopped Journal Service.
[   15.352409] systemd[1]: Starting Journal Service...
[   15.352674] systemd[1]: Created slice system-getty.slice.
[   15.353779] systemd[1]: Listening on udev Control Socket.
[   15.362533] Adding 4194300k swap on /dev/mapper/im--mac-swap.  Priority:-2 extents:1 across:4194300k SSFS
[   15.396743] systemd-journald[931]: Received request to flush runtime journal from PID 1
[   15.549747] apple_gmux: gmux device not present
[   15.556933] smbus_hc ACPI0001:00: SBS HC: offset = 0x20, query_bit = 0x10
[   15.615692] ACPI Warning: SystemIO range 0x0000000000000840-0x000000000000084F conflicts with OpRegion 0x0000000000000800-0x0000000000000863 (\GPIO) (20181213/utaddress-213)
[   15.615698] ACPI: If an ACPI driver is available for this device, you should use it instead of the native driver
[   15.615699] ACPI Warning: SystemIO range 0x0000000000000830-0x000000000000083F conflicts with OpRegion 0x0000000000000800-0x0000000000000863 (\GPIO) (20181213/utaddress-213)
[   15.615702] ACPI: If an ACPI driver is available for this device, you should use it instead of the native driver
[   15.615704] ACPI Warning: SystemIO range 0x0000000000000800-0x000000000000082F conflicts with OpRegion 0x0000000000000810-0x0000000000000813 (\_PR.IO_D) (20181213/utaddress-213)
[   15.615707] ACPI Warning: SystemIO range 0x0000000000000800-0x000000000000082F conflicts with OpRegion 0x0000000000000800-0x0000000000000863 (\GPIO) (20181213/utaddress-213)
[   15.615710] ACPI Warning: SystemIO range 0x0000000000000800-0x000000000000082F conflicts with OpRegion 0x0000000000000810-0x0000000000000813 (\IO_D) (20181213/utaddress-213)
[   15.615714] ACPI Warning: SystemIO range 0x0000000000000800-0x000000000000082F conflicts with OpRegion 0x0000000000000800-0x000000000000080F (\IO_T) (20181213/utaddress-213)
[   15.615717] ACPI: If an ACPI driver is available for this device, you should use it instead of the native driver
[   15.615717] lpc_ich: Resource conflict(s) found affecting gpio_ich
[   15.617138] i801_smbus 0000:00:1f.3: SPD Write Disable is set
[   15.617169] i801_smbus 0000:00:1f.3: SMBus using PCI interrupt
[   15.652170] thunderbolt 0000:07:00.0: 0:1: is unplugged (state: 7)
[   15.652261] thunderbolt 0000:07:00.0: 0:3: is unplugged (state: 7)
[   15.695179] input: bcm5974 as /devices/pci0000:00/0000:00:14.0/usb1/1-12/1-12:1.2/input/input8
[   15.837217] RAPL PMU: API unit is 2^-32 Joules, 4 fixed counters, 655360 ms ovfl timer
[   15.837219] RAPL PMU: hw unit of domain pp0-core 2^-14 Joules
[   15.837219] RAPL PMU: hw unit of domain package 2^-14 Joules
[   15.837220] RAPL PMU: hw unit of domain dram 2^-14 Joules
[   15.837221] RAPL PMU: hw unit of domain pp1-gpu 2^-14 Joules
[   15.840519] cfg80211: Loading compiled-in X.509 certificates for regulatory database
[   15.840843] Bluetooth: Core ver 2.22
[   15.840861] NET: Registered protocol family 31
[   15.840862] Bluetooth: HCI device and connection manager initialized
[   15.840864] Bluetooth: HCI socket layer initialized
[   15.840866] Bluetooth: L2CAP socket layer initialized
[   15.840869] Bluetooth: SCO socket layer initialized
[   15.842324] cfg80211: Loaded X.509 cert 'sforshee: 00b28ddf47aef9cea7'
[   15.842763] usbcore: registered new interface driver bcm5974
[   15.859862] snd_hda_intel 0000:00:03.0: Linked as a consumer to 0000:00:02.0
[   15.859910] snd_hda_intel 0000:00:03.0: bound 0000:00:02.0 (ops i915_audio_component_bind_ops [i915])
[   15.888800] usbcore: registered new interface driver btusb
[   15.905639] ACPI: Smart Battery System [SBS0]: Battery Slot [BAT0] (battery present)
[   15.909286] iTCO_vendor_support: vendor-support=0
[   15.925386] iTCO_wdt: Intel TCO WatchDog Timer Driver v1.11
[   15.925433] iTCO_wdt: unable to reset NO_REBOOT flag, device disabled by hardware/BIOS
[   15.926459] input: HDA Intel HDMI HDMI/DP,pcm=3 as /devices/pci0000:00/0000:00:03.0/sound/card0/input9
[   15.926560] input: HDA Intel HDMI HDMI/DP,pcm=7 as /devices/pci0000:00/0000:00:03.0/sound/card0/input10
[   15.926630] input: HDA Intel HDMI HDMI/DP,pcm=8 as /devices/pci0000:00/0000:00:03.0/sound/card0/input11
[   15.926698] input: HDA Intel HDMI HDMI/DP,pcm=9 as /devices/pci0000:00/0000:00:03.0/sound/card0/input12
[   15.926769] input: HDA Intel HDMI HDMI/DP,pcm=10 as /devices/pci0000:00/0000:00:03.0/sound/card0/input13
[   15.966690] applesmc: key=719 fan=2 temp=48 index=43 acc=0 lux=2 kbd=1
[   15.971208] applesmc applesmc.768: hwmon_device_register() is deprecated. Please convert the driver to use hwmon_device_register_with_info().
[   15.986704] snd_hda_codec_cirrus hdaudioC1D0: autoconfig for CS4208: line_outs=2 (0x12/0x13/0x0/0x0/0x0) type:speaker
[   15.986707] snd_hda_codec_cirrus hdaudioC1D0:    speaker_outs=0 (0x0/0x0/0x0/0x0/0x0)
[   15.986709] snd_hda_codec_cirrus hdaudioC1D0:    hp_outs=1 (0x10/0x0/0x0/0x0/0x0)
[   15.986710] snd_hda_codec_cirrus hdaudioC1D0:    mono: mono_out=0x0
[   15.986712] snd_hda_codec_cirrus hdaudioC1D0:    dig-out=0x21/0x0
[   15.986713] snd_hda_codec_cirrus hdaudioC1D0:    inputs:
[   15.986715] snd_hda_codec_cirrus hdaudioC1D0:      Internal Mic=0x1c
[   15.986716] snd_hda_codec_cirrus hdaudioC1D0:      Mic=0x18
[   15.997311] input: HDA Intel PCH Mic as /devices/pci0000:00/0000:00:1b.0/sound/card1/input14
[   15.997381] input: HDA Intel PCH Headphone as /devices/pci0000:00/0000:00:1b.0/sound/card1/input15
[   15.997443] input: HDA Intel PCH SPDIF as /devices/pci0000:00/0000:00:1b.0/sound/card1/input16
[   15.998943] Bluetooth: hci0: BCM: chip id 102 build 0715
[   15.999941] Bluetooth: hci0: BCM: product 05ac:8290
[   16.000936] Bluetooth: hci0: BCM: features 0x2f
[   16.016950] Bluetooth: hci0: im-mac
[   16.062936] usbcore: registered new interface driver brcmfmac
[   16.096992] intel_rapl: Found RAPL domain package
[   16.096994] intel_rapl: Found RAPL domain core
[   16.096995] intel_rapl: Found RAPL domain uncore
[   16.096995] intel_rapl: Found RAPL domain dram
[   16.173223] brcmfmac: brcmf_fw_alloc_request: using brcm/brcmfmac43602-pcie for chip BCM43602/1
[   16.175125] XFS (dm-4): Mounting V5 Filesystem
[   16.176590] brcmfmac 0000:03:00.0: Direct firmware load for brcm/brcmfmac43602-pcie.Apple Inc.-MacBookPro11,4.txt failed with error -2
[   16.176603] brcmfmac 0000:03:00.0: Direct firmware load for brcm/brcmfmac43602-pcie.txt failed with error -2
[   16.177136] XFS (dm-3): Mounting V5 Filesystem
[   16.180857] XFS (sda3): Mounting V5 Filesystem
[   16.194308] XFS (dm-3): Ending clean mount
[   16.196806] XFS (dm-4): Ending clean mount
[   16.196830] XFS (sda3): Ending clean mount
[   16.597413] Bluetooth: BNEP (Ethernet Emulation) ver 1.3
[   16.597414] Bluetooth: BNEP filters: protocol multicast
[   16.597417] Bluetooth: BNEP socket layer initialized
[   16.690076] brcmfmac: brcmf_fw_alloc_request: using brcm/brcmfmac43602-pcie for chip BCM43602/1
[   16.690182] brcmfmac 0000:03:00.0: Direct firmware load for brcm/brcmfmac43602-pcie.clm_blob failed with error -2
[   16.690184] brcmfmac: brcmf_c_process_clm_blob: no clm_blob available (err=-2), device may have limited channels available
[   16.690760] brcmfmac: brcmf_c_preinit_dcmds: Firmware: BCM43602/1 wl0: Nov 10 2015 06:38:10 version 7.35.177.61 (r598657) FWID 01-ea662a8c
[   16.755361] brcmfmac 0000:03:00.0 wlp3s0: renamed from wlan0
[   18.043690] tun: Universal TUN/TAP device driver, 1.6
[   18.045079] virbr0: port 1(virbr0-nic) entered blocking state
[   18.045081] virbr0: port 1(virbr0-nic) entered disabled state
[   18.045135] device virbr0-nic entered promiscuous mode
[   18.225677] virbr0: port 1(virbr0-nic) entered blocking state
[   18.225680] virbr0: port 1(virbr0-nic) entered listening state
[   18.278835] virbr0: port 1(virbr0-nic) entered disabled state
[   25.204253] Bluetooth: RFCOMM TTY layer initialized
[   25.204259] Bluetooth: RFCOMM socket layer initialized
[   25.204321] Bluetooth: RFCOMM ver 1.11
[   25.380130] fuse init (API version 7.28)
[   26.214984] IPv6: ADDRCONF(NETDEV_CHANGE): wlp3s0: link becomes ready
[   26.291465] brcmfmac: brcmf_inetaddr_changed: fail to get arp ip table err:-52
[   26.593684] rfkill: input handler disabled
[  270.342556] xhci_hcd 0000:00:14.0: ep 0x82 - asked for 65 bytes, 55 bytes untransferred
[  270.582560] xhci_hcd 0000:00:14.0: ep 0x82 - asked for 65 bytes, 55 bytes untransferred
[  270.646487] xhci_hcd 0000:00:14.0: ep 0x82 - asked for 65 bytes, 55 bytes untransferred
[  270.702499] xhci_hcd 0000:00:14.0: ep 0x82 - asked for 65 bytes, 55 bytes untransferred
[  270.998553] xhci_hcd 0000:00:14.0: ep 0x82 - asked for 65 bytes, 55 bytes untransferred
[  271.078506] xhci_hcd 0000:00:14.0: ep 0x82 - asked for 65 bytes, 55 bytes untransferred
[  271.158506] xhci_hcd 0000:00:14.0: ep 0x82 - asked for 65 bytes, 55 bytes untransferred
[  271.172800] xhci_hcd 0000:00:14.0: ep 0x81 - asked for 96 bytes, 78 bytes untransferred
[  271.172807] xhci_hcd 0000:00:14.0: Giveback URB 00000000b8142657, len = 18, expected = 96, status = 0
[  271.172879] xhci_hcd 0000:00:14.0: Stalled endpoint for slot 3 ep 2
[  271.172890] xhci_hcd 0000:00:14.0: Cleaning up stalled endpoint ring
[  271.172893] xhci_hcd 0000:00:14.0: Finding endpoint context
[  271.172895] xhci_hcd 0000:00:14.0: Cycle state = 0x0
[  271.172898] xhci_hcd 0000:00:14.0: New dequeue segment = 00000000da8f3eb9 (virtual)
[  271.172904] xhci_hcd 0000:00:14.0: New dequeue pointer = 0x45880bad0 (DMA)
[  271.172906] xhci_hcd 0000:00:14.0: Queueing new dequeue state
[  271.172910] xhci_hcd 0000:00:14.0: Set TR Deq Ptr cmd, new deq seg = 00000000da8f3eb9 (0x45880b000 dma), new deq ptr = 0000000007801ce0 (0x45880bad0 dma), new cycle = 0
[  271.172912] xhci_hcd 0000:00:14.0: // Ding dong!
[  271.172925] xhci_hcd 0000:00:14.0: Giveback URB 000000001d2ad958, len = 0, expected = 13, status = -32
[  271.172932] xhci_hcd 0000:00:14.0: Ignoring reset ep completion code of 1
[  271.172935] xhci_hcd 0000:00:14.0: Successful Set TR Deq Ptr cmd, deq = @45880bad0
[  271.286558] xhci_hcd 0000:00:14.0: ep 0x82 - asked for 65 bytes, 55 bytes untransferred
[  273.221106] xhci_hcd 0000:00:14.0: ep 0x81 - asked for 96 bytes, 78 bytes untransferred
[  273.221125] xhci_hcd 0000:00:14.0: Giveback URB 00000000b8142657, len = 18, expected = 96, status = 0
[  273.221214] xhci_hcd 0000:00:14.0: Stalled endpoint for slot 3 ep 2
[  273.221230] xhci_hcd 0000:00:14.0: Cleaning up stalled endpoint ring
[  273.221236] xhci_hcd 0000:00:14.0: Finding endpoint context
[  273.221243] xhci_hcd 0000:00:14.0: Cycle state = 0x0
[  273.221250] xhci_hcd 0000:00:14.0: New dequeue segment = 00000000da8f3eb9 (virtual)
[  273.221257] xhci_hcd 0000:00:14.0: New dequeue pointer = 0x45880bb10 (DMA)
[  273.221263] xhci_hcd 0000:00:14.0: Queueing new dequeue state
[  273.221279] xhci_hcd 0000:00:14.0: Set TR Deq Ptr cmd, new deq seg = 00000000da8f3eb9 (0x45880b000 dma), new deq ptr = 000000008fbfd374 (0x45880bb10 dma), new cycle = 0
[  273.221284] xhci_hcd 0000:00:14.0: // Ding dong!
[  273.221298] xhci_hcd 0000:00:14.0: Giveback URB 000000001d2ad958, len = 0, expected = 13, status = -32
[  273.221307] xhci_hcd 0000:00:14.0: Ignoring reset ep completion code of 1
[  273.221317] xhci_hcd 0000:00:14.0: Successful Set TR Deq Ptr cmd, deq = @45880bb10
[  274.102592] xhci_hcd 0000:00:14.0: ep 0x82 - asked for 65 bytes, 55 bytes untransferred
[  274.174578] xhci_hcd 0000:00:14.0: ep 0x82 - asked for 65 bytes, 55 bytes untransferred
[  274.262584] xhci_hcd 0000:00:14.0: ep 0x82 - asked for 65 bytes, 55 bytes untransferred
[  274.310605] xhci_hcd 0000:00:14.0: ep 0x82 - asked for 65 bytes, 55 bytes untransferred
[  274.414590] xhci_hcd 0000:00:14.0: ep 0x82 - asked for 65 bytes, 55 bytes untransferred
[  274.446595] xhci_hcd 0000:00:14.0: ep 0x82 - asked for 65 bytes, 55 bytes untransferred
[  274.582595] xhci_hcd 0000:00:14.0: ep 0x82 - asked for 65 bytes, 55 bytes untransferred
[  274.606537] xhci_hcd 0000:00:14.0: ep 0x82 - asked for 65 bytes, 55 bytes untransferred
[  274.798592] xhci_hcd 0000:00:14.0: ep 0x82 - asked for 65 bytes, 55 bytes untransferred
[  274.902588] xhci_hcd 0000:00:14.0: ep 0x82 - asked for 65 bytes, 55 bytes untransferred
[  274.950581] xhci_hcd 0000:00:14.0: ep 0x82 - asked for 65 bytes, 55 bytes untransferred
[  274.998586] xhci_hcd 0000:00:14.0: ep 0x82 - asked for 65 bytes, 55 bytes untransferred
[  275.174589] xhci_hcd 0000:00:14.0: ep 0x82 - asked for 65 bytes, 55 bytes untransferred
[  275.269224] xhci_hcd 0000:00:14.0: ep 0x81 - asked for 96 bytes, 78 bytes untransferred
[  275.269244] xhci_hcd 0000:00:14.0: Giveback URB 00000000b8142657, len = 18, expected = 96, status = 0
[  275.269394] xhci_hcd 0000:00:14.0: Stalled endpoint for slot 3 ep 2
[  275.269413] xhci_hcd 0000:00:14.0: Cleaning up stalled endpoint ring
[  275.269420] xhci_hcd 0000:00:14.0: Finding endpoint context
[  275.269425] xhci_hcd 0000:00:14.0: Cycle state = 0x0
[  275.269431] xhci_hcd 0000:00:14.0: New dequeue segment = 00000000da8f3eb9 (virtual)
[  275.269437] xhci_hcd 0000:00:14.0: New dequeue pointer = 0x45880bb50 (DMA)
[  275.269441] xhci_hcd 0000:00:14.0: Queueing new dequeue state
[  275.269449] xhci_hcd 0000:00:14.0: Set TR Deq Ptr cmd, new deq seg = 00000000da8f3eb9 (0x45880b000 dma), new deq ptr = 000000009c8c9373 (0x45880bb50 dma), new cycle = 0
[  275.269454] xhci_hcd 0000:00:14.0: // Ding dong!
[  275.269468] xhci_hcd 0000:00:14.0: Giveback URB 000000001d2ad958, len = 0, expected = 13, status = -32
[  275.269480] xhci_hcd 0000:00:14.0: Ignoring reset ep completion code of 1
[  275.269488] xhci_hcd 0000:00:14.0: Successful Set TR Deq Ptr cmd, deq = @45880bb50
[  275.366591] xhci_hcd 0000:00:14.0: ep 0x82 - asked for 65 bytes, 55 bytes untransferred
[  275.422596] xhci_hcd 0000:00:14.0: ep 0x82 - asked for 65 bytes, 55 bytes untransferred
[  275.454600] xhci_hcd 0000:00:14.0: ep 0x82 - asked for 65 bytes, 55 bytes untransferred
[  275.542612] xhci_hcd 0000:00:14.0: ep 0x82 - asked for 65 bytes, 55 bytes untransferred
[  275.606580] xhci_hcd 0000:00:14.0: ep 0x82 - asked for 65 bytes, 55 bytes untransferred
[  275.702593] xhci_hcd 0000:00:14.0: ep 0x82 - asked for 65 bytes, 55 bytes untransferred
[  275.750583] xhci_hcd 0000:00:14.0: ep 0x82 - asked for 65 bytes, 55 bytes untransferred
[  275.830596] xhci_hcd 0000:00:14.0: ep 0x82 - asked for 65 bytes, 55 bytes untransferred
[  275.886590] xhci_hcd 0000:00:14.0: ep 0x82 - asked for 65 bytes, 55 bytes untransferred
[  275.958601] xhci_hcd 0000:00:14.0: ep 0x82 - asked for 65 bytes, 55 bytes untransferred
[  276.038557] xhci_hcd 0000:00:14.0: ep 0x82 - asked for 65 bytes, 55 bytes untransferred
[  276.046594] xhci_hcd 0000:00:14.0: ep 0x82 - asked for 65 bytes, 55 bytes untransferred
[  276.139592] xhci_hcd 0000:00:14.0: ep 0x83 - asked for 526 bytes, 450 bytes untransferred
[  276.147533] xhci_hcd 0000:00:14.0: ep 0x83 - asked for 526 bytes, 450 bytes untransferred
[  276.150597] xhci_hcd 0000:00:14.0: ep 0x82 - asked for 65 bytes, 55 bytes untransferred
[  276.155594] xhci_hcd 0000:00:14.0: ep 0x83 - asked for 526 bytes, 450 bytes untransferred
[  276.163593] xhci_hcd 0000:00:14.0: ep 0x83 - asked for 526 bytes, 450 bytes untransferred
[  276.171597] xhci_hcd 0000:00:14.0: ep 0x83 - asked for 526 bytes, 450 bytes untransferred
[  276.216592] xhci_hcd 0000:00:14.0: ep 0x83 - asked for 526 bytes, 450 bytes untransferred
[  276.222591] xhci_hcd 0000:00:14.0: ep 0x82 - asked for 65 bytes, 55 bytes untransferred
[  276.246597] xhci_hcd 0000:00:14.0: ep 0x82 - asked for 65 bytes, 55 bytes untransferred
[  277.317322] xhci_hcd 0000:00:14.0: ep 0x81 - asked for 96 bytes, 78 bytes untransferred
[  277.317330] xhci_hcd 0000:00:14.0: Giveback URB 00000000027b2bb7, len = 18, expected = 96, status = 0
[  277.317382] xhci_hcd 0000:00:14.0: Stalled endpoint for slot 3 ep 2
[  277.317388] xhci_hcd 0000:00:14.0: Cleaning up stalled endpoint ring
[  277.317391] xhci_hcd 0000:00:14.0: Finding endpoint context
[  277.317393] xhci_hcd 0000:00:14.0: Cycle state = 0x0
[  277.317396] xhci_hcd 0000:00:14.0: New dequeue segment = 00000000da8f3eb9 (virtual)
[  277.317398] xhci_hcd 0000:00:14.0: New dequeue pointer = 0x45880bb90 (DMA)
[  277.317401] xhci_hcd 0000:00:14.0: Queueing new dequeue state
[  277.317404] xhci_hcd 0000:00:14.0: Set TR Deq Ptr cmd, new deq seg = 00000000da8f3eb9 (0x45880b000 dma), new deq ptr = 00000000065d2e11 (0x45880bb90 dma), new cycle = 0
[  277.317408] xhci_hcd 0000:00:14.0: // Ding dong!
[  277.317417] xhci_hcd 0000:00:14.0: Giveback URB 000000001d2ad958, len = 0, expected = 13, status = -32
[  277.317424] xhci_hcd 0000:00:14.0: Ignoring reset ep completion code of 1
[  277.317428] xhci_hcd 0000:00:14.0: Successful Set TR Deq Ptr cmd, deq = @45880bb90
[  277.486602] xhci_hcd 0000:00:14.0: ep 0x82 - asked for 65 bytes, 55 bytes untransferred
[  277.878615] xhci_hcd 0000:00:14.0: ep 0x82 - asked for 65 bytes, 55 bytes untransferred
[  278.078616] xhci_hcd 0000:00:14.0: ep 0x82 - asked for 65 bytes, 55 bytes untransferred
[  278.142585] xhci_hcd 0000:00:14.0: ep 0x82 - asked for 65 bytes, 55 bytes untransferred
[  278.174615] xhci_hcd 0000:00:14.0: ep 0x82 - asked for 65 bytes, 55 bytes untransferred
[  278.222607] xhci_hcd 0000:00:14.0: ep 0x82 - asked for 65 bytes, 55 bytes untransferred
[  278.234535] xhci_hcd 0000:00:14.0: ep 0x83 - asked for 526 bytes, 450 bytes untransferred
[  278.242552] xhci_hcd 0000:00:14.0: ep 0x83 - asked for 526 bytes, 450 bytes untransferred
[  278.250555] xhci_hcd 0000:00:14.0: ep 0x83 - asked for 526 bytes, 450 bytes untransferred
[  278.258529] xhci_hcd 0000:00:14.0: ep 0x83 - asked for 526 bytes, 450 bytes untransferred
[  278.266545] xhci_hcd 0000:00:14.0: ep 0x83 - asked for 526 bytes, 450 bytes untransferred
[  278.302550] xhci_hcd 0000:00:14.0: ep 0x82 - asked for 65 bytes, 55 bytes untransferred
[  278.311595] xhci_hcd 0000:00:14.0: ep 0x83 - asked for 526 bytes, 450 bytes untransferred
[  278.318597] xhci_hcd 0000:00:14.0: ep 0x82 - asked for 65 bytes, 55 bytes untransferred
[  278.510601] xhci_hcd 0000:00:14.0: ep 0x82 - asked for 65 bytes, 55 bytes untransferred
[  278.662601] xhci_hcd 0000:00:14.0: ep 0x82 - asked for 65 bytes, 55 bytes untransferred
[  278.726532] xhci_hcd 0000:00:14.0: ep 0x82 - asked for 65 bytes, 55 bytes untransferred
[  278.774547] xhci_hcd 0000:00:14.0: ep 0x82 - asked for 65 bytes, 55 bytes untransferred
[  279.030539] xhci_hcd 0000:00:14.0: ep 0x82 - asked for 65 bytes, 55 bytes untransferred
[  279.094598] xhci_hcd 0000:00:14.0: ep 0x82 - asked for 65 bytes, 55 bytes untransferred
[  279.158556] xhci_hcd 0000:00:14.0: ep 0x82 - asked for 65 bytes, 55 bytes untransferred
[  279.166555] xhci_hcd 0000:00:14.0: ep 0x82 - asked for 65 bytes, 55 bytes untransferred
[  279.365217] xhci_hcd 0000:00:14.0: ep 0x81 - asked for 96 bytes, 78 bytes untransferred
[  279.365223] xhci_hcd 0000:00:14.0: Giveback URB 00000000027b2bb7, len = 18, expected = 96, status = 0
[  279.365265] xhci_hcd 0000:00:14.0: Stalled endpoint for slot 3 ep 2
[  279.365271] xhci_hcd 0000:00:14.0: Cleaning up stalled endpoint ring
[  279.365273] xhci_hcd 0000:00:14.0: Finding endpoint context
[  279.365275] xhci_hcd 0000:00:14.0: Cycle state = 0x0
[  279.365278] xhci_hcd 0000:00:14.0: New dequeue segment = 00000000da8f3eb9 (virtual)
[  279.365280] xhci_hcd 0000:00:14.0: New dequeue pointer = 0x45880bbd0 (DMA)
[  279.365282] xhci_hcd 0000:00:14.0: Queueing new dequeue state
[  279.365286] xhci_hcd 0000:00:14.0: Set TR Deq Ptr cmd, new deq seg = 00000000da8f3eb9 (0x45880b000 dma), new deq ptr = 0000000098d5f39d (0x45880bbd0 dma), new cycle = 0
[  279.365289] xhci_hcd 0000:00:14.0: // Ding dong!
[  279.365297] xhci_hcd 0000:00:14.0: Giveback URB 000000001d2ad958, len = 0, expected = 13, status = -32
[  279.365303] xhci_hcd 0000:00:14.0: Ignoring reset ep completion code of 1
[  279.365306] xhci_hcd 0000:00:14.0: Successful Set TR Deq Ptr cmd, deq = @45880bbd0
[  279.998609] xhci_hcd 0000:00:14.0: ep 0x82 - asked for 65 bytes, 55 bytes untransferred
[  280.150562] xhci_hcd 0000:00:14.0: ep 0x82 - asked for 65 bytes, 55 bytes untransferred
[  280.214559] xhci_hcd 0000:00:14.0: ep 0x82 - asked for 65 bytes, 55 bytes untransferred
[  280.854628] xhci_hcd 0000:00:14.0: ep 0x82 - asked for 65 bytes, 55 bytes untransferred
[  280.998612] xhci_hcd 0000:00:14.0: ep 0x82 - asked for 65 bytes, 55 bytes untransferred
[  281.038552] xhci_hcd 0000:00:14.0: ep 0x82 - asked for 65 bytes, 55 bytes untransferred
[  281.214623] xhci_hcd 0000:00:14.0: ep 0x82 - asked for 65 bytes, 55 bytes untransferred
[  281.270590] xhci_hcd 0000:00:14.0: ep 0x82 - asked for 65 bytes, 55 bytes untransferred
[  281.342553] xhci_hcd 0000:00:14.0: ep 0x82 - asked for 65 bytes, 55 bytes untransferred
[  281.413340] xhci_hcd 0000:00:14.0: ep 0x81 - asked for 96 bytes, 78 bytes untransferred
[  281.413347] xhci_hcd 0000:00:14.0: Giveback URB 000000006e128187, len = 18, expected = 96, status = 0
[  281.413397] xhci_hcd 0000:00:14.0: Stalled endpoint for slot 3 ep 2
[  281.413404] xhci_hcd 0000:00:14.0: Cleaning up stalled endpoint ring
[  281.413406] xhci_hcd 0000:00:14.0: Finding endpoint context
[  281.413409] xhci_hcd 0000:00:14.0: Cycle state = 0x0
[  281.413411] xhci_hcd 0000:00:14.0: New dequeue segment = 00000000da8f3eb9 (virtual)
[  281.413413] xhci_hcd 0000:00:14.0: New dequeue pointer = 0x45880bc10 (DMA)
[  281.413415] xhci_hcd 0000:00:14.0: Queueing new dequeue state
[  281.413419] xhci_hcd 0000:00:14.0: Set TR Deq Ptr cmd, new deq seg = 00000000da8f3eb9 (0x45880b000 dma), new deq ptr = 000000005fb6fabf (0x45880bc10 dma), new cycle = 0
[  281.413421] xhci_hcd 0000:00:14.0: // Ding dong!
[  281.413431] xhci_hcd 0000:00:14.0: Giveback URB 000000001d2ad958, len = 0, expected = 13, status = -32
[  281.413436] xhci_hcd 0000:00:14.0: Ignoring reset ep completion code of 1
[  281.413440] xhci_hcd 0000:00:14.0: Successful Set TR Deq Ptr cmd, deq = @45880bc10
[  282.382633] xhci_hcd 0000:00:14.0: ep 0x82 - asked for 65 bytes, 55 bytes untransferred
[  282.606626] xhci_hcd 0000:00:14.0: ep 0x82 - asked for 65 bytes, 55 bytes untransferred
[  282.654575] xhci_hcd 0000:00:14.0: ep 0x82 - asked for 65 bytes, 55 bytes untransferred
[  282.678537] xhci_hcd 0000:00:14.0: ep 0x82 - asked for 65 bytes, 55 bytes untransferred
[  282.774624] xhci_hcd 0000:00:14.0: ep 0x82 - asked for 65 bytes, 55 bytes untransferred
[  282.838621] xhci_hcd 0000:00:14.0: ep 0x82 - asked for 65 bytes, 55 bytes untransferred
[  282.902580] xhci_hcd 0000:00:14.0: ep 0x82 - asked for 65 bytes, 55 bytes untransferred
[  282.966622] xhci_hcd 0000:00:14.0: ep 0x82 - asked for 65 bytes, 55 bytes untransferred
[  283.006557] xhci_hcd 0000:00:14.0: ep 0x82 - asked for 65 bytes, 55 bytes untransferred
[  283.070574] xhci_hcd 0000:00:14.0: ep 0x82 - asked for 65 bytes, 55 bytes untransferred
[  283.166623] xhci_hcd 0000:00:14.0: ep 0x82 - asked for 65 bytes, 55 bytes untransferred
[  283.214580] xhci_hcd 0000:00:14.0: ep 0x82 - asked for 65 bytes, 55 bytes untransferred
[  283.222598] xhci_hcd 0000:00:14.0: ep 0x82 - asked for 65 bytes, 55 bytes untransferred
[  283.278630] xhci_hcd 0000:00:14.0: ep 0x82 - asked for 65 bytes, 55 bytes untransferred
[  283.382629] xhci_hcd 0000:00:14.0: ep 0x82 - asked for 65 bytes, 55 bytes untransferred
[  283.422589] xhci_hcd 0000:00:14.0: ep 0x82 - asked for 65 bytes, 55 bytes untransferred
[  283.461270] xhci_hcd 0000:00:14.0: ep 0x81 - asked for 96 bytes, 78 bytes untransferred
[  283.461277] xhci_hcd 0000:00:14.0: Giveback URB 0000000081f3211c, len = 18, expected = 96, status = 0
[  283.461311] xhci_hcd 0000:00:14.0: Stalled endpoint for slot 3 ep 2
[  283.461316] xhci_hcd 0000:00:14.0: Cleaning up stalled endpoint ring
[  283.461318] xhci_hcd 0000:00:14.0: Finding endpoint context
[  283.461321] xhci_hcd 0000:00:14.0: Cycle state = 0x0
[  283.461332] xhci_hcd 0000:00:14.0: New dequeue segment = 00000000da8f3eb9 (virtual)
[  283.461334] xhci_hcd 0000:00:14.0: New dequeue pointer = 0x45880bc50 (DMA)
[  283.461336] xhci_hcd 0000:00:14.0: Queueing new dequeue state
[  283.461338] xhci_hcd 0000:00:14.0: Set TR Deq Ptr cmd, new deq seg = 00000000da8f3eb9 (0x45880b000 dma), new deq ptr = 000000000d86669c (0x45880bc50 dma), new cycle = 0
[  283.461341] xhci_hcd 0000:00:14.0: // Ding dong!
[  283.461351] xhci_hcd 0000:00:14.0: Giveback URB 000000001d2ad958, len = 0, expected = 13, status = -32
[  283.461357] xhci_hcd 0000:00:14.0: Ignoring reset ep completion code of 1
[  283.461360] xhci_hcd 0000:00:14.0: Successful Set TR Deq Ptr cmd, deq = @45880bc50
[  284.078631] xhci_hcd 0000:00:14.0: ep 0x82 - asked for 65 bytes, 55 bytes untransferred
[  284.126546] xhci_hcd 0000:00:14.0: ep 0x82 - asked for 65 bytes, 55 bytes untransferred
[  284.139930] usb 2-4: unregistering interface 2-4:1.0
[  284.183090] xhci_hcd 0000:00:14.0: Set up evaluate context for LPM MEL change.
[  284.183102] xhci_hcd 0000:00:14.0: // Ding dong!
[  284.183160] xhci_hcd 0000:00:14.0: Successful evaluate context command
[  284.183425] usb 2-4: usb_disable_device nuking non-ep0 URBs
[  284.183437] xhci_hcd 0000:00:14.0: xhci_drop_endpoint called for udev 000000006b737d70
[  284.183479] xhci_hcd 0000:00:14.0: drop ep 0x81, slot id 3, new drop flags = 0x8, new add flags = 0x0
[  284.183484] xhci_hcd 0000:00:14.0: xhci_drop_endpoint called for udev 000000006b737d70
[  284.183517] xhci_hcd 0000:00:14.0: drop ep 0x2, slot id 3, new drop flags = 0x18, new add flags = 0x0
[  284.183523] xhci_hcd 0000:00:14.0: xhci_check_bandwidth called for udev 000000006b737d70
[  284.183532] xhci_hcd 0000:00:14.0: // Ding dong!
[  284.183811] xhci_hcd 0000:00:14.0: Successful Endpoint Configure command
[  284.183854] xhci_hcd 0000:00:14.0: xhci_check_bandwidth called for udev 000000006b737d70
[  284.184048] usb usb2-port4: logical disconnect
[  284.184072] xhci_hcd 0000:00:14.0: // Ding dong!
[  284.184093] xhci_hcd 0000:00:14.0: Stopped on No-op or Link TRB for slot 3 ep 0
[  284.205908] hub 2-0:1.0: state 7 ports 6 chg 0010 evt 0000
[  284.205927] xhci_hcd 0000:00:14.0: get port status, actual port 3 status  = 0x1263
[  284.205930] xhci_hcd 0000:00:14.0: Get port status returned 0x263
[  284.205945] usb usb2-port4: status 0263, change 0000, 5.0 Gb/s
[  284.205950] usb 2-4: USB disconnect, device number 3
[  284.205953] usb 2-4: unregistering device
[  284.205956] usb 2-4: usb_disable_device nuking all URBs
[  284.205962] xhci_hcd 0000:00:14.0: xhci_check_bandwidth called for udev 000000006b737d70
[  284.206252] xhci_hcd 0000:00:14.0: // Ding dong!
[  285.334564] xhci_hcd 0000:00:14.0: ep 0x82 - asked for 65 bytes, 55 bytes untransferred
[  285.406636] xhci_hcd 0000:00:14.0: ep 0x82 - asked for 65 bytes, 55 bytes untransferred
[  285.430561] xhci_hcd 0000:00:14.0: ep 0x82 - asked for 65 bytes, 55 bytes untransferred
[  285.486554] xhci_hcd 0000:00:14.0: ep 0x82 - asked for 65 bytes, 55 bytes untransferred
[  285.582653] xhci_hcd 0000:00:14.0: ep 0x82 - asked for 65 bytes, 55 bytes untransferred
[  285.638594] xhci_hcd 0000:00:14.0: ep 0x82 - asked for 65 bytes, 55 bytes untransferred
[  285.670606] xhci_hcd 0000:00:14.0: ep 0x82 - asked for 65 bytes, 55 bytes untransferred
[  285.710563] xhci_hcd 0000:00:14.0: ep 0x82 - asked for 65 bytes, 55 bytes untransferred
[  285.742560] xhci_hcd 0000:00:14.0: ep 0x82 - asked for 65 bytes, 55 bytes untransferred
[  285.806596] xhci_hcd 0000:00:14.0: ep 0x82 - asked for 65 bytes, 55 bytes untransferred
[  285.846593] xhci_hcd 0000:00:14.0: ep 0x82 - asked for 65 bytes, 55 bytes untransferred
[  285.886595] xhci_hcd 0000:00:14.0: ep 0x82 - asked for 65 bytes, 55 bytes untransferred
[  286.046646] xhci_hcd 0000:00:14.0: ep 0x82 - asked for 65 bytes, 55 bytes untransferred
[  286.118643] xhci_hcd 0000:00:14.0: ep 0x82 - asked for 65 bytes, 55 bytes untransferred
[  287.734653] xhci_hcd 0000:00:14.0: ep 0x82 - asked for 65 bytes, 55 bytes untransferred
[  287.798606] xhci_hcd 0000:00:14.0: ep 0x82 - asked for 65 bytes, 55 bytes untransferred
[  287.854607] xhci_hcd 0000:00:14.0: ep 0x82 - asked for 65 bytes, 55 bytes untransferred
[  287.862598] xhci_hcd 0000:00:14.0: ep 0x82 - asked for 65 bytes, 55 bytes untransferred
[  290.886692] xhci_hcd 0000:00:14.0: ep 0x82 - asked for 65 bytes, 55 bytes untransferred
[  290.982668] xhci_hcd 0000:00:14.0: ep 0x82 - asked for 65 bytes, 55 bytes untransferred
[  295.341711] xhci_hcd 0000:00:14.0: ep 0x83 - asked for 526 bytes, 450 bytes untransferred
[  295.349707] xhci_hcd 0000:00:14.0: ep 0x83 - asked for 526 bytes, 450 bytes untransferred
[  295.357706] xhci_hcd 0000:00:14.0: ep 0x83 - asked for 526 bytes, 450 bytes untransferred
[  295.365707] xhci_hcd 0000:00:14.0: ep 0x83 - asked for 526 bytes, 450 bytes untransferred
[  295.373711] xhci_hcd 0000:00:14.0: ep 0x83 - asked for 526 bytes, 450 bytes untransferred
[  295.381709] xhci_hcd 0000:00:14.0: ep 0x83 - asked for 526 bytes, 450 bytes untransferred
[  295.389707] xhci_hcd 0000:00:14.0: ep 0x83 - asked for 526 bytes, 450 bytes untransferred
[  295.397710] xhci_hcd 0000:00:14.0: ep 0x83 - asked for 526 bytes, 450 bytes untransferred
[  295.405711] xhci_hcd 0000:00:14.0: ep 0x83 - asked for 526 bytes, 450 bytes untransferred
[  295.413710] xhci_hcd 0000:00:14.0: ep 0x83 - asked for 526 bytes, 450 bytes untransferred
[  295.421708] xhci_hcd 0000:00:14.0: ep 0x83 - asked for 526 bytes, 450 bytes untransferred
[  295.429711] xhci_hcd 0000:00:14.0: ep 0x83 - asked for 526 bytes, 450 bytes untransferred
[  295.437711] xhci_hcd 0000:00:14.0: ep 0x83 - asked for 526 bytes, 450 bytes untransferred
[  295.445720] xhci_hcd 0000:00:14.0: ep 0x83 - asked for 526 bytes, 450 bytes untransferred
[  295.454651] xhci_hcd 0000:00:14.0: ep 0x83 - asked for 526 bytes, 450 bytes untransferred
[  295.462711] xhci_hcd 0000:00:14.0: ep 0x83 - asked for 526 bytes, 450 bytes untransferred
[  295.470711] xhci_hcd 0000:00:14.0: ep 0x83 - asked for 526 bytes, 450 bytes untransferred
[  295.478710] xhci_hcd 0000:00:14.0: ep 0x83 - asked for 526 bytes, 450 bytes untransferred
[  295.486712] xhci_hcd 0000:00:14.0: ep 0x83 - asked for 526 bytes, 450 bytes untransferred
[  295.494712] xhci_hcd 0000:00:14.0: ep 0x83 - asked for 526 bytes, 450 bytes untransferred
[  295.502711] xhci_hcd 0000:00:14.0: ep 0x83 - asked for 526 bytes, 450 bytes untransferred
[  295.510711] xhci_hcd 0000:00:14.0: ep 0x83 - asked for 526 bytes, 450 bytes untransferred
[  295.518711] xhci_hcd 0000:00:14.0: ep 0x83 - asked for 526 bytes, 450 bytes untransferred
[  295.526701] xhci_hcd 0000:00:14.0: ep 0x83 - asked for 526 bytes, 450 bytes untransferred
[  295.534703] xhci_hcd 0000:00:14.0: ep 0x83 - asked for 526 bytes, 450 bytes untransferred
[  295.542704] xhci_hcd 0000:00:14.0: ep 0x83 - asked for 526 bytes, 450 bytes untransferred
[  295.550708] xhci_hcd 0000:00:14.0: ep 0x83 - asked for 526 bytes, 450 bytes untransferred
[  295.558701] xhci_hcd 0000:00:14.0: ep 0x83 - asked for 526 bytes, 450 bytes untransferred
[  295.567656] xhci_hcd 0000:00:14.0: ep 0x83 - asked for 526 bytes, 450 bytes untransferred
[  295.575701] xhci_hcd 0000:00:14.0: ep 0x83 - asked for 526 bytes, 450 bytes untransferred
[  295.583651] xhci_hcd 0000:00:14.0: ep 0x83 - asked for 526 bytes, 450 bytes untransferred
[  295.591702] xhci_hcd 0000:00:14.0: ep 0x83 - asked for 526 bytes, 450 bytes untransferred
[  295.599656] xhci_hcd 0000:00:14.0: ep 0x83 - asked for 526 bytes, 450 bytes untransferred
[  295.607709] xhci_hcd 0000:00:14.0: ep 0x83 - asked for 526 bytes, 450 bytes untransferred
[  295.615655] xhci_hcd 0000:00:14.0: ep 0x83 - asked for 526 bytes, 450 bytes untransferred
[  295.623703] xhci_hcd 0000:00:14.0: ep 0x83 - asked for 526 bytes, 450 bytes untransferred
[  295.631651] xhci_hcd 0000:00:14.0: ep 0x83 - asked for 526 bytes, 450 bytes untransferred
[  295.639704] xhci_hcd 0000:00:14.0: ep 0x83 - asked for 526 bytes, 450 bytes untransferred
