[    0.000000] microcode: microcode updated early to revision 0x1a, date = 2018-04-02
[    0.000000] Linux version 5.0.0-rc6+ (im@im-mac) (gcc version 8.2.1 20181215 (Red Hat 8.2.1-6) (GCC)) #47 SMP Tue Feb 12 02:06:47 +05 2019
[    0.000000] Command line: BOOT_IMAGE=/vmlinuz-5.0.0-rc6+ root=/dev/mapper/im--mac-root ro resume=/dev/mapper/im--mac-swap rd.lvm.lv=im-mac/root rd.luks.uuid=luks-dd1fa933-ef9f-402b-a2e4-7c9d6fb7ce0d rd.lvm.lv=im-mac/swap rhgb quiet hid_apple.fnmode=2 hid_apple.iso_layout=0 usbcore.quirks=05ac:8406:b
[    0.000000] x86/fpu: Supporting XSAVE feature 0x001: 'x87 floating point registers'
[    0.000000] x86/fpu: Supporting XSAVE feature 0x002: 'SSE registers'
[    0.000000] x86/fpu: Supporting XSAVE feature 0x004: 'AVX registers'
[    0.000000] x86/fpu: xstate_offset[2]:  576, xstate_sizes[2]:  256
[    0.000000] x86/fpu: Enabled xstate features 0x7, context size is 832 bytes, using 'standard' format.
[    0.000000] BIOS-provided physical RAM map:
[    0.000000] BIOS-e820: [mem 0x0000000000000000-0x0000000000057fff] usable
[    0.000000] BIOS-e820: [mem 0x0000000000058000-0x0000000000058fff] reserved
[    0.000000] BIOS-e820: [mem 0x0000000000059000-0x000000000009ffff] usable
[    0.000000] BIOS-e820: [mem 0x00000000000a0000-0x00000000000bffff] reserved
[    0.000000] BIOS-e820: [mem 0x0000000000100000-0x0000000078d00fff] usable
[    0.000000] BIOS-e820: [mem 0x0000000078d01000-0x0000000078d48fff] ACPI NVS
[    0.000000] BIOS-e820: [mem 0x0000000078d49000-0x0000000078d5cfff] usable
[    0.000000] BIOS-e820: [mem 0x0000000078d5d000-0x0000000078d8efff] ACPI data
[    0.000000] BIOS-e820: [mem 0x0000000078d8f000-0x0000000078e39fff] usable
[    0.000000] BIOS-e820: [mem 0x0000000078e3a000-0x0000000078e8efff] reserved
[    0.000000] BIOS-e820: [mem 0x0000000078e8f000-0x0000000078ecbfff] usable
[    0.000000] BIOS-e820: [mem 0x0000000078ecc000-0x0000000078efefff] reserved
[    0.000000] BIOS-e820: [mem 0x0000000078eff000-0x0000000078f84fff] usable
[    0.000000] BIOS-e820: [mem 0x0000000078f85000-0x0000000078fdefff] reserved
[    0.000000] BIOS-e820: [mem 0x0000000078fdf000-0x0000000078ffffff] usable
[    0.000000] BIOS-e820: [mem 0x0000000079000000-0x000000007f9fffff] reserved
[    0.000000] BIOS-e820: [mem 0x00000000e00f8000-0x00000000e00f8fff] reserved
[    0.000000] BIOS-e820: [mem 0x00000000fed1c000-0x00000000fed1ffff] reserved
[    0.000000] BIOS-e820: [mem 0x00000000ffd70000-0x00000000ffd9ffff] reserved
[    0.000000] BIOS-e820: [mem 0x0000000100000000-0x000000047f5fffff] usable
[    0.000000] NX (Execute Disable) protection: active
[    0.000000] e820: update [mem 0x66282710-0x66282ad2] usable ==> usable
[    0.000000] e820: update [mem 0x66282710-0x66282ad2] usable ==> usable
[    0.000000] extended physical RAM map:
[    0.000000] reserve setup_data: [mem 0x0000000000000000-0x0000000000057fff] usable
[    0.000000] reserve setup_data: [mem 0x0000000000058000-0x0000000000058fff] reserved
[    0.000000] reserve setup_data: [mem 0x0000000000059000-0x000000000009ffff] usable
[    0.000000] reserve setup_data: [mem 0x00000000000a0000-0x00000000000bffff] reserved
[    0.000000] reserve setup_data: [mem 0x0000000000100000-0x000000006628270f] usable
[    0.000000] reserve setup_data: [mem 0x0000000066282710-0x0000000066282ad2] usable
[    0.000000] reserve setup_data: [mem 0x0000000066282ad3-0x0000000078d00fff] usable
[    0.000000] reserve setup_data: [mem 0x0000000078d01000-0x0000000078d48fff] ACPI NVS
[    0.000000] reserve setup_data: [mem 0x0000000078d49000-0x0000000078d5cfff] usable
[    0.000000] reserve setup_data: [mem 0x0000000078d5d000-0x0000000078d8efff] ACPI data
[    0.000000] reserve setup_data: [mem 0x0000000078d8f000-0x0000000078e39fff] usable
[    0.000000] reserve setup_data: [mem 0x0000000078e3a000-0x0000000078e8efff] reserved
[    0.000000] reserve setup_data: [mem 0x0000000078e8f000-0x0000000078ecbfff] usable
[    0.000000] reserve setup_data: [mem 0x0000000078ecc000-0x0000000078efefff] reserved
[    0.000000] reserve setup_data: [mem 0x0000000078eff000-0x0000000078f84fff] usable
[    0.000000] reserve setup_data: [mem 0x0000000078f85000-0x0000000078fdefff] reserved
[    0.000000] reserve setup_data: [mem 0x0000000078fdf000-0x0000000078ffffff] usable
[    0.000000] reserve setup_data: [mem 0x0000000079000000-0x000000007f9fffff] reserved
[    0.000000] reserve setup_data: [mem 0x00000000e00f8000-0x00000000e00f8fff] reserved
[    0.000000] reserve setup_data: [mem 0x00000000fed1c000-0x00000000fed1ffff] reserved
[    0.000000] reserve setup_data: [mem 0x00000000ffd70000-0x00000000ffd9ffff] reserved
[    0.000000] reserve setup_data: [mem 0x0000000100000000-0x000000047f5fffff] usable
[    0.000000] efi: EFI v1.10 by Apple
[    0.000000] efi:  ACPI=0x78d8e000  ACPI 2.0=0x78d8e014  SMBIOS=0x78f8b000 
[    0.000000] SMBIOS 2.7 present.
[    0.000000] DMI: Apple Inc. MacBookPro11,4/Mac-06F11FD93F0323C5, BIOS MBP114.88Z.0184.B00.1806051659 06/05/2018
[    0.000000] tsc: Fast TSC calibration using PIT
[    0.000000] tsc: Detected 2194.991 MHz processor
[    0.000139] e820: update [mem 0x00000000-0x00000fff] usable ==> reserved
[    0.000140] e820: remove [mem 0x000a0000-0x000fffff] usable
[    0.000145] last_pfn = 0x47f600 max_arch_pfn = 0x400000000
[    0.000148] MTRR default type: write-back
[    0.000149] MTRR fixed ranges enabled:
[    0.000149]   00000-9FFFF write-back
[    0.000150]   A0000-BFFFF uncachable
[    0.000151]   C0000-DFFFF write-protect
[    0.000151]   E0000-FFFFF uncachable
[    0.000152] MTRR variable ranges enabled:
[    0.000153]   0 base 0080000000 mask 7F80000000 uncachable
[    0.000153]   1 base 007C000000 mask 7FFC000000 uncachable
[    0.000154]   2 base 007A000000 mask 7FFE000000 uncachable
[    0.000154]   3 base 0079000000 mask 7FFF000000 uncachable
[    0.000155]   4 disabled
[    0.000155]   5 disabled
[    0.000155]   6 disabled
[    0.000155]   7 disabled
[    0.000156]   8 disabled
[    0.000156]   9 disabled
[    0.009945] x86/PAT: Configuration [0-7]: WB  WC  UC- UC  WB  WP  UC- WT  
[    0.010036] last_pfn = 0x79000 max_arch_pfn = 0x400000000
[    0.021606] Base memory trampoline at [(____ptrval____)] 99000 size 24576
[    0.021609] Using GB pages for direct mapping
[    0.021611] BRK [0x2a7e01000, 0x2a7e01fff] PGTABLE
[    0.021612] BRK [0x2a7e02000, 0x2a7e02fff] PGTABLE
[    0.021613] BRK [0x2a7e03000, 0x2a7e03fff] PGTABLE
[    0.021647] BRK [0x2a7e04000, 0x2a7e04fff] PGTABLE
[    0.021649] BRK [0x2a7e05000, 0x2a7e05fff] PGTABLE
[    0.021757] BRK [0x2a7e06000, 0x2a7e06fff] PGTABLE
[    0.021785] BRK [0x2a7e07000, 0x2a7e07fff] PGTABLE
[    0.021850] BRK [0x2a7e08000, 0x2a7e08fff] PGTABLE
[    0.022005] Secure boot disabled
[    0.022006] RAMDISK: [mem 0x42ad6000-0x48561fff]
[    0.022016] ACPI: Early table checksum verification disabled
[    0.022018] ACPI: RSDP 0x0000000078D8E014 000024 (v02 APPLE )
[    0.022021] ACPI: XSDT 0x0000000078D8E1C0 0000A4 (v01 APPLE  Apple00  00000000      01000013)
[    0.022024] ACPI: FACP 0x0000000078D8C000 0000F4 (v05 APPLE  Apple00  00000000 Loki 0000005F)
[    0.022027] ACPI BIOS Warning (bug): 32/64X length mismatch in FADT/Gpe0Block: 128/0 (20181213/tbfadt-569)
[    0.022030] ACPI: DSDT 0x0000000078D7F000 007331 (v03 APPLE  MacBookP 00110004 INTL 20140424)
[    0.022032] ACPI: FACS 0x0000000078D06000 000040
[    0.022033] ACPI: FACS 0x0000000078D06000 000040
[    0.022035] ACPI: HPET 0x0000000078D8B000 000038 (v01 APPLE  Apple00  00000001 Loki 0000005F)
[    0.022037] ACPI: APIC 0x0000000078D8A000 0000BC (v02 APPLE  Apple00  00000001 Loki 0000005F)
[    0.022039] ACPI: SBST 0x0000000078D88000 000030 (v01 APPLE  Apple00  00000001 Loki 0000005F)
[    0.022040] ACPI: ECDT 0x0000000078D87000 000053 (v01 APPLE  Apple00  00000001 Loki 0000005F)
[    0.022042] ACPI: SSDT 0x0000000078D7E000 000024 (v01 APPLE  SataAhci 00001000 INTL 20140424)
[    0.022044] ACPI: SSDT 0x0000000078D7D000 000024 (v01 APPLE  SmcDppt  00001000 INTL 20140424)
[    0.022045] ACPI: SSDT 0x0000000078D7C000 000032 (v01 APPLE  SsdtS3   00001000 INTL 20140424)
[    0.022047] ACPI: SSDT 0x0000000078D68000 0086DA (v01 APPLE  TbtPEG11 00001000 INTL 20140424)
[    0.022049] ACPI: SSDT 0x0000000078D67000 0000B8 (v01 APPLE  Sdxc     00001000 INTL 20140424)
[    0.022051] ACPI: SSDT 0x0000000078D66000 000A7B (v02 APPLE  Xhci     00001000 INTL 20140424)
[    0.022052] ACPI: SSDT 0x0000000078D64000 000341 (v01 APPLE  PEG0SSD0 00001000 INTL 20140424)
[    0.022054] ACPI: SSDT 0x0000000078D5F000 00069C (v01 PmRef  Cpu0Ist  00003000 INTL 20140424)
[    0.022056] ACPI: SSDT 0x0000000078D5E000 000C17 (v01 CpuRef CpuSsdt  00003000 INTL 20140424)
[    0.022058] ACPI: DMAR 0x0000000078D5D000 000088 (v01 APPLE  BDW      00000001 INTL 00000001)
[    0.022060] ACPI: MCFG 0x0000000078D89000 00003C (v01 APPLE  Apple00  00000001 Loki 0000005F)
[    0.022064] ACPI: DMI detected to setup _OSI("Darwin"): Apple hardware
[    0.022066] ACPI: Local APIC address 0xfee00000
[    0.022138] No NUMA configuration found
[    0.022139] Faking a node at [mem 0x0000000000000000-0x000000047f5fffff]
[    0.022147] NODE_DATA(0) allocated [mem 0x47f5d5000-0x47f5fffff]
[    0.051766] Zone ranges:
[    0.051768]   DMA      [mem 0x0000000000001000-0x0000000000ffffff]
[    0.051769]   DMA32    [mem 0x0000000001000000-0x00000000ffffffff]
[    0.051770]   Normal   [mem 0x0000000100000000-0x000000047f5fffff]
[    0.051770]   Device   empty
[    0.051771] Movable zone start for each node
[    0.051773] Early memory node ranges
[    0.051774]   node   0: [mem 0x0000000000001000-0x0000000000057fff]
[    0.051774]   node   0: [mem 0x0000000000059000-0x000000000009ffff]
[    0.051775]   node   0: [mem 0x0000000000100000-0x0000000078d00fff]
[    0.051775]   node   0: [mem 0x0000000078d49000-0x0000000078d5cfff]
[    0.051776]   node   0: [mem 0x0000000078d8f000-0x0000000078e39fff]
[    0.051776]   node   0: [mem 0x0000000078e8f000-0x0000000078ecbfff]
[    0.051776]   node   0: [mem 0x0000000078eff000-0x0000000078f84fff]
[    0.051777]   node   0: [mem 0x0000000078fdf000-0x0000000078ffffff]
[    0.051777]   node   0: [mem 0x0000000100000000-0x000000047f5fffff]
[    0.052149] Zeroed struct page in unavailable ranges: 29118 pages
[    0.052150] Initmem setup node 0 [mem 0x0000000000001000-0x000000047f5fffff]
[    0.052151] On node 0 totalpages: 4162626
[    0.052152]   DMA zone: 64 pages used for memmap
[    0.052152]   DMA zone: 22 pages reserved
[    0.052153]   DMA zone: 3998 pages, LIFO batch:0
[    0.052224]   DMA32 zone: 7675 pages used for memmap
[    0.052224]   DMA32 zone: 491172 pages, LIFO batch:63
[    0.064088]   Normal zone: 57304 pages used for memmap
[    0.064089]   Normal zone: 3667456 pages, LIFO batch:63
[    0.133619] Reserving Intel graphics memory at [mem 0x79a00000-0x7f9fffff]
[    0.133683] ACPI: PM-Timer IO Port: 0x1808
[    0.133685] ACPI: Local APIC address 0xfee00000
[    0.133691] ACPI: LAPIC_NMI (acpi_id[0x01] high edge lint[0x1])
[    0.133691] ACPI: LAPIC_NMI (acpi_id[0x02] high edge lint[0x1])
[    0.133691] ACPI: LAPIC_NMI (acpi_id[0x03] high edge lint[0x1])
[    0.133692] ACPI: LAPIC_NMI (acpi_id[0x04] high edge lint[0x1])
[    0.133692] ACPI: LAPIC_NMI (acpi_id[0x05] high edge lint[0x1])
[    0.133693] ACPI: LAPIC_NMI (acpi_id[0x06] high edge lint[0x1])
[    0.133693] ACPI: LAPIC_NMI (acpi_id[0x07] high edge lint[0x1])
[    0.133693] ACPI: LAPIC_NMI (acpi_id[0x08] high edge lint[0x1])
[    0.133708] IOAPIC[0]: apic_id 2, version 32, address 0xfec00000, GSI 0-23
[    0.133710] ACPI: INT_SRC_OVR (bus 0 bus_irq 0 global_irq 2 dfl dfl)
[    0.133711] ACPI: INT_SRC_OVR (bus 0 bus_irq 9 global_irq 9 high level)
[    0.133712] ACPI: IRQ0 used by override.
[    0.133712] ACPI: IRQ9 used by override.
[    0.133714] Using ACPI (MADT) for SMP configuration information
[    0.133715] ACPI: HPET id: 0x8086a201 base: 0xfed00000
[    0.133718] smpboot: Allowing 8 CPUs, 0 hotplug CPUs
[    0.133732] PM: Registered nosave memory: [mem 0x00000000-0x00000fff]
[    0.133733] PM: Registered nosave memory: [mem 0x00058000-0x00058fff]
[    0.133734] PM: Registered nosave memory: [mem 0x000a0000-0x000bffff]
[    0.133734] PM: Registered nosave memory: [mem 0x000c0000-0x000fffff]
[    0.133735] PM: Registered nosave memory: [mem 0x66282000-0x66282fff]
[    0.133736] PM: Registered nosave memory: [mem 0x66282000-0x66282fff]
[    0.133737] PM: Registered nosave memory: [mem 0x78d01000-0x78d48fff]
[    0.133738] PM: Registered nosave memory: [mem 0x78d5d000-0x78d8efff]
[    0.133739] PM: Registered nosave memory: [mem 0x78e3a000-0x78e8efff]
[    0.133740] PM: Registered nosave memory: [mem 0x78ecc000-0x78efefff]
[    0.133741] PM: Registered nosave memory: [mem 0x78f85000-0x78fdefff]
[    0.133742] PM: Registered nosave memory: [mem 0x79000000-0x7f9fffff]
[    0.133742] PM: Registered nosave memory: [mem 0x7fa00000-0xe00f7fff]
[    0.133743] PM: Registered nosave memory: [mem 0xe00f8000-0xe00f8fff]
[    0.133743] PM: Registered nosave memory: [mem 0xe00f9000-0xfed1bfff]
[    0.133744] PM: Registered nosave memory: [mem 0xfed1c000-0xfed1ffff]
[    0.133744] PM: Registered nosave memory: [mem 0xfed20000-0xffd6ffff]
[    0.133744] PM: Registered nosave memory: [mem 0xffd70000-0xffd9ffff]
[    0.133745] PM: Registered nosave memory: [mem 0xffda0000-0xffffffff]
[    0.133746] [mem 0x7fa00000-0xe00f7fff] available for PCI devices
[    0.133748] Booting paravirtualized kernel on bare hardware
[    0.133750] clocksource: refined-jiffies: mask: 0xffffffff max_cycles: 0xffffffff, max_idle_ns: 1910969940391419 ns
[    0.228931] random: get_random_bytes called from start_kernel+0x93/0x503 with crng_init=0
[    0.228937] setup_percpu: NR_CPUS:64 nr_cpumask_bits:64 nr_cpu_ids:8 nr_node_ids:1
[    0.229108] percpu: Embedded 44 pages/cpu @(____ptrval____) s143360 r8192 d28672 u262144
[    0.229113] pcpu-alloc: s143360 r8192 d28672 u262144 alloc=1*2097152
[    0.229114] pcpu-alloc: [0] 0 1 2 3 4 5 6 7 
[    0.229129] Built 1 zonelists, mobility grouping on.  Total pages: 4097561
[    0.229130] Policy zone: Normal
[    0.229131] Kernel command line: BOOT_IMAGE=/vmlinuz-5.0.0-rc6+ root=/dev/mapper/im--mac-root ro resume=/dev/mapper/im--mac-swap rd.lvm.lv=im-mac/root rd.luks.uuid=luks-dd1fa933-ef9f-402b-a2e4-7c9d6fb7ce0d rd.lvm.lv=im-mac/swap rhgb quiet hid_apple.fnmode=2 hid_apple.iso_layout=0 usbcore.quirks=05ac:8406:b
[    0.274142] Memory: 15844032K/16650504K available (12291K kernel code, 1403K rwdata, 4028K rodata, 2152K init, 4944K bss, 806472K reserved, 0K cma-reserved)
[    0.274279] SLUB: HWalign=64, Order=0-3, MinObjects=0, CPUs=8, Nodes=1
[    0.274286] Kernel/User page tables isolation: enabled
[    0.274309] ftrace: allocating 38170 entries in 150 pages
[    0.287425] rcu: Hierarchical RCU implementation.
[    0.287426] rcu: 	RCU restricting CPUs from NR_CPUS=64 to nr_cpu_ids=8.
[    0.287427] rcu: RCU calculated value of scheduler-enlistment delay is 100 jiffies.
[    0.287428] rcu: Adjusting geometry for rcu_fanout_leaf=16, nr_cpu_ids=8
[    0.289302] NR_IRQS: 4352, nr_irqs: 488, preallocated irqs: 16
[    0.289426] rcu: 	Offload RCU callbacks from CPUs: (none).
[    0.289468] Console: colour dummy device 80x25
[    0.289473] printk: console [tty0] enabled
[    0.289484] ACPI: Core revision 20181213
[    0.289689] clocksource: hpet: mask: 0xffffffff max_cycles: 0xffffffff, max_idle_ns: 133484882848 ns
[    0.289697] hpet clockevent registered
[    0.289701] APIC: Switch to symmetric I/O mode setup
[    0.289702] DMAR: Host address width 39
[    0.289703] DMAR: DRHD base: 0x000000fed90000 flags: 0x0
[    0.289706] DMAR: dmar0: reg_base_addr fed90000 ver 1:0 cap c0000020660462 ecap f0101a
[    0.289707] DMAR: DRHD base: 0x000000fed91000 flags: 0x1
[    0.289709] DMAR: dmar1: reg_base_addr fed91000 ver 1:0 cap d2008c20660462 ecap f010da
[    0.289709] DMAR: RMRR base: 0x00000079800000 end: 0x0000007f9fffff
[    0.289712] DMAR-IR: IOAPIC id 2 under DRHD base  0xfed91000 IOMMU 1
[    0.289713] DMAR-IR: HPET id 0 under DRHD base 0xfed91000
[    0.289713] DMAR-IR: x2apic is disabled because BIOS sets x2apic opt out bit.
[    0.289714] DMAR-IR: Use 'intremap=no_x2apic_optout' to override the BIOS setting.
[    0.290146] DMAR-IR: Enabled IRQ remapping in xapic mode
[    0.290146] x2apic: IRQ remapping doesn't support X2APIC mode
[    0.290519] ..TIMER: vector=0x30 apic1=0 pin1=2 apic2=-1 pin2=-1
[    0.294706] clocksource: tsc-early: mask: 0xffffffffffffffff max_cycles: 0x1fa3b6ed1bd, max_idle_ns: 440795213801 ns
[    0.294716] Calibrating delay loop (skipped), value calculated using timer frequency.. 4389.98 BogoMIPS (lpj=2194991)
[    0.294717] pid_max: default: 32768 minimum: 301
[    0.304716] LSM: Security Framework initializing
[    0.304717] Yama: becoming mindful.
[    0.304721] SELinux:  Initializing.
[    0.306692] Dentry cache hash table entries: 2097152 (order: 12, 16777216 bytes)
[    0.307668] Inode-cache hash table entries: 1048576 (order: 11, 8388608 bytes)
[    0.307706] Mount-cache hash table entries: 32768 (order: 6, 262144 bytes)
[    0.307737] Mountpoint-cache hash table entries: 32768 (order: 6, 262144 bytes)
[    0.307895] ENERGY_PERF_BIAS: Set to 'normal', was 'performance'
[    0.307895] ENERGY_PERF_BIAS: View and update with x86_energy_perf_policy(8)
[    0.307899] mce: CPU supports 10 MCE banks
[    0.307907] mce: CPU0: Thermal monitoring enabled (TM1)
[    0.307919] process: using mwait in idle threads
[    0.307921] Last level iTLB entries: 4KB 1024, 2MB 1024, 4MB 1024
[    0.307921] Last level dTLB entries: 4KB 1024, 2MB 1024, 4MB 1024, 1GB 4
[    0.307923] Spectre V2 : Mitigation: Full generic retpoline
[    0.307923] Spectre V2 : Spectre v2 / SpectreRSB mitigation: Filling RSB on context switch
[    0.307924] Spectre V2 : Enabling Restricted Speculation for firmware calls
[    0.307929] Spectre V2 : mitigation: Enabling conditional Indirect Branch Prediction Barrier
[    0.307929] Spectre V2 : User space: Mitigation: STIBP via seccomp and prctl
[    0.307930] Speculative Store Bypass: Mitigation: Speculative Store Bypass disabled via prctl and seccomp
[    0.308091] Freeing SMP alternatives memory: 36K
[    0.309510] TSC deadline timer enabled
[    0.309513] smpboot: CPU0: Intel(R) Core(TM) i7-4770HQ CPU @ 2.20GHz (family: 0x6, model: 0x46, stepping: 0x1)
[    0.309620] Performance Events: PEBS fmt2+, Haswell events, 16-deep LBR, full-width counters, Intel PMU driver.
[    0.309662] ... version:                3
[    0.309662] ... bit width:              48
[    0.309663] ... generic registers:      4
[    0.309663] ... value mask:             0000ffffffffffff
[    0.309664] ... max period:             00007fffffffffff
[    0.309664] ... fixed-purpose events:   3
[    0.309665] ... event mask:             000000070000000f
[    0.309702] rcu: Hierarchical SRCU implementation.
[    0.309707] random: crng done (trusting CPU's manufacturer)
[    0.309784] NMI watchdog: Enabled. Permanently consumes one hw-PMU counter.
[    0.309839] smp: Bringing up secondary CPUs ...
[    0.309890] x86: Booting SMP configuration:
[    0.309891] .... node  #0, CPUs:      #1 #2 #3 #4 #5 #6 #7
[    0.357711] smp: Brought up 1 node, 8 CPUs
[    0.357712] smpboot: Max logical packages: 1
[    0.357714] smpboot: Total of 8 processors activated (35119.85 BogoMIPS)
[    0.359084] devtmpfs: initialized
[    0.359084] x86/mm: Memory block size: 128MB
[    0.359960] PM: Registering ACPI NVS region [mem 0x78d01000-0x78d48fff] (294912 bytes)
[    0.359960] clocksource: jiffies: mask: 0xffffffff max_cycles: 0xffffffff, max_idle_ns: 1911260446275000 ns
[    0.359960] futex hash table entries: 2048 (order: 5, 131072 bytes)
[    0.359960] pinctrl core: initialized pinctrl subsystem
[    0.359960] RTC time: 22:26:10, date: 2019-02-11
[    0.360047] NET: Registered protocol family 16
[    0.360138] audit: initializing netlink subsys (disabled)
[    0.360142] audit: type=2000 audit(1549923970.070:1): state=initialized audit_enabled=0 res=1
[    0.360142] cpuidle: using governor menu
[    0.360142] ACPI: bus type PCI registered
[    0.360142] acpiphp: ACPI Hot Plug PCI Controller Driver version: 0.5
[    0.360142] PCI: MMCONFIG for domain 0000 [bus 00-9b] at [mem 0xe0000000-0xe9bfffff] (base 0xe0000000)
[    0.360142] PCI: not using MMCONFIG
[    0.360142] PCI: Using configuration type 1 for base access
[    0.360142] core: PMU erratum BJ122, BV98, HSD29 worked around, HT is on
[    0.361740] HugeTLB registered 1.00 GiB page size, pre-allocated 0 pages
[    0.361740] HugeTLB registered 2.00 MiB page size, pre-allocated 0 pages
[    0.361740] cryptd: max_cpu_qlen set to 1000
[    0.361761] ACPI: Disabled all _OSI OS vendors
[    0.361762] ACPI: Added _OSI(Module Device)
[    0.361762] ACPI: Added _OSI(Processor Device)
[    0.361763] ACPI: Added _OSI(3.0 _SCP Extensions)
[    0.361763] ACPI: Added _OSI(Processor Aggregator Device)
[    0.361764] ACPI: Added _OSI(Linux-Dell-Video)
[    0.361765] ACPI: Added _OSI(Linux-Lenovo-NV-HDMI-Audio)
[    0.361765] ACPI: Added _OSI(Linux-HPI-Hybrid-Graphics)
[    0.361766] ACPI: Added _OSI(Darwin)
[    0.372376] ACPI: 10 ACPI AML tables successfully acquired and loaded
[    0.373708] ACPI: EC: EC started
[    0.373708] ACPI: EC: interrupt blocked
[    0.376109] ACPI: \: Used as first EC
[    0.376110] ACPI: \: GPE=0x17, EC_CMD/EC_SC=0x66, EC_DATA=0x62
[    0.376111] ACPI: \: Used as boot ECDT EC to handle transactions
[    0.376820] ACPI: BIOS _OSI(Darwin) query honored via DMI
[    0.377338] ACPI: [Firmware Bug]: BIOS _OSI(Linux) query ignored
[    0.377456] ACPI Error: Needed type [Reference], found [Integer] 0000000060924688 (20181213/exresop-69)
[    0.377459] ACPI Error: AE_AML_OPERAND_TYPE, While resolving operands for [OpcodeName unavailable] (20181213/dswexec-427)
[    0.377461] ACPI Error: Method parse/execution failed \_PR.CPU0._PDC, AE_AML_OPERAND_TYPE (20181213/psparse-531)
[    0.377641] ACPI: Dynamic OEM Table Load:
[    0.377646] ACPI: SSDT 0xFFFF8D31ECF16000 00067C (v01 PmRef  ApIst    00003000 INTL 20140424)
[    0.378013] ACPI: Dynamic OEM Table Load:
[    0.378016] ACPI: SSDT 0xFFFF8D31ECB9C200 000119 (v01 PmRef  ApCst    00003000 INTL 20140424)
[    0.379046] ACPI: Interpreter enabled
[    0.379061] ACPI: (supports S0 S3 S4 S5)
[    0.379062] ACPI: Using IOAPIC for interrupt routing
[    0.379078] PCI: MMCONFIG for domain 0000 [bus 00-9b] at [mem 0xe0000000-0xe9bfffff] (base 0xe0000000)
[    0.379443] PCI: MMCONFIG at [mem 0xe0000000-0xe9bfffff] reserved in ACPI motherboard resources
[    0.379451] PCI: Using host bridge windows from ACPI; if necessary, use "pci=nocrs" and report a bug
[    0.379630] ACPI: Enabled 7 GPEs in block 00 to 3F
[    0.386624] ACPI: PCI Root Bridge [PCI0] (domain 0000 [bus 00-ff])
[    0.386628] acpi PNP0A08:00: _OSC: OS assumes control of [PCIeHotplug SHPCHotplug AER PCIeCapability LTR]
[    0.386637] acpi PNP0A08:00: [Firmware Info]: MMCONFIG for domain 0000 [bus 00-9b] only partially covers this bridge
[    0.387838] PCI host bridge to bus 0000:00
[    0.387840] pci_bus 0000:00: root bus resource [io  0x0000-0x0cf7 window]
[    0.387841] pci_bus 0000:00: root bus resource [io  0x0d00-0xffff window]
[    0.387842] pci_bus 0000:00: root bus resource [mem 0x000a0000-0x000bffff window]
[    0.387843] pci_bus 0000:00: root bus resource [mem 0x000c0000-0x000c3fff window]
[    0.387844] pci_bus 0000:00: root bus resource [mem 0x000c4000-0x000c7fff window]
[    0.387845] pci_bus 0000:00: root bus resource [mem 0x000c8000-0x000cbfff window]
[    0.387846] pci_bus 0000:00: root bus resource [mem 0x000cc000-0x000cffff window]
[    0.387847] pci_bus 0000:00: root bus resource [mem 0x000d0000-0x000d3fff window]
[    0.387848] pci_bus 0000:00: root bus resource [mem 0x000d4000-0x000d7fff window]
[    0.387848] pci_bus 0000:00: root bus resource [mem 0x000d8000-0x000dbfff window]
[    0.387849] pci_bus 0000:00: root bus resource [mem 0x000dc000-0x000dffff window]
[    0.387850] pci_bus 0000:00: root bus resource [mem 0x000e0000-0x000e3fff window]
[    0.387851] pci_bus 0000:00: root bus resource [mem 0x000e4000-0x000e7fff window]
[    0.387852] pci_bus 0000:00: root bus resource [mem 0x000e8000-0x000ebfff window]
[    0.387853] pci_bus 0000:00: root bus resource [mem 0x000ec000-0x000effff window]
[    0.387854] pci_bus 0000:00: root bus resource [mem 0x000f0000-0x000fffff window]
[    0.387855] pci_bus 0000:00: root bus resource [mem 0x7fa00000-0xfeafffff window]
[    0.387856] pci_bus 0000:00: root bus resource [mem 0xfed40000-0xfed44fff window]
[    0.387857] pci_bus 0000:00: root bus resource [bus 00-ff]
[    0.387863] pci 0000:00:00.0: [8086:0d04] type 00 class 0x060000
[    0.387930] pci 0000:00:01.0: [8086:0d01] type 01 class 0x060400
[    0.387961] pci 0000:00:01.0: PME# supported from D0 D3hot D3cold
[    0.388007] pci 0000:00:01.1: [8086:0d05] type 01 class 0x060400
[    0.388035] pci 0000:00:01.1: PME# supported from D0 D3hot D3cold
[    0.388108] pci 0000:00:02.0: [8086:0d26] type 00 class 0x030000
[    0.388116] pci 0000:00:02.0: reg 0x10: [mem 0xa0000000-0xa03fffff 64bit]
[    0.388121] pci 0000:00:02.0: reg 0x18: [mem 0x90000000-0x9fffffff 64bit pref]
[    0.388124] pci 0000:00:02.0: reg 0x20: [io  0x3000-0x303f]
[    0.388133] pci 0000:00:02.0: BAR 2: assigned to efifb
[    0.388180] pci 0000:00:03.0: [8086:0d0c] type 00 class 0x040300
[    0.388188] pci 0000:00:03.0: reg 0x10: [mem 0xa0c10000-0xa0c13fff 64bit]
[    0.388266] pci 0000:00:14.0: [8086:8c31] type 00 class 0x0c0330
[    0.388285] pci 0000:00:14.0: reg 0x10: [mem 0xa0c00000-0xa0c0ffff 64bit]
[    0.388335] pci 0000:00:14.0: PME# supported from D3hot D3cold
[    0.388412] pci 0000:00:16.0: [8086:8c3a] type 00 class 0x078000
[    0.388431] pci 0000:00:16.0: reg 0x10: [mem 0xa0c19100-0xa0c1910f 64bit]
[    0.388483] pci 0000:00:16.0: PME# supported from D0 D3hot D3cold
[    0.388538] pci 0000:00:1b.0: [8086:8c20] type 00 class 0x040300
[    0.388555] pci 0000:00:1b.0: reg 0x10: [mem 0xa0c14000-0xa0c17fff 64bit]
[    0.388614] pci 0000:00:1b.0: PME# supported from D0 D3hot D3cold
[    0.388664] pci 0000:00:1c.0: [8086:8c10] type 01 class 0x060400
[    0.388706] pci 0000:00:1c.0: claimed MacBook Pro poweroff workaround [mem 0x7fa00000-0x7fbfffff]
[    0.388747] pci 0000:00:1c.0: PME# supported from D0 D3hot D3cold
[    0.388807] pci 0000:00:1c.2: [8086:8c14] type 01 class 0x060400
[    0.388876] pci 0000:00:1c.2: PME# supported from D0 D3hot D3cold
[    0.388933] pci 0000:00:1c.3: [8086:8c16] type 01 class 0x060400
[    0.389002] pci 0000:00:1c.3: PME# supported from D0 D3hot D3cold
[    0.389063] pci 0000:00:1f.0: [8086:8c4b] type 00 class 0x060100
[    0.389198] pci 0000:00:1f.3: [8086:8c22] type 00 class 0x0c0500
[    0.389214] pci 0000:00:1f.3: reg 0x10: [mem 0xa0c19000-0xa0c190ff 64bit]
[    0.389231] pci 0000:00:1f.3: reg 0x20: [io  0xefa0-0xefbf]
[    0.389290] pci 0000:00:1f.6: [8086:8c24] type 00 class 0x118000
[    0.389309] pci 0000:00:1f.6: reg 0x10: [mem 0xa0c18000-0xa0c18fff 64bit]
[    0.389454] pci 0000:01:00.0: [144d:a801] type 00 class 0x010601
[    0.389488] pci 0000:01:00.0: reg 0x24: [mem 0xa0b00000-0xa0b01fff]
[    0.389611] pci 0000:00:01.0: PCI bridge to [bus 01]
[    0.389614] pci 0000:00:01.0:   bridge window [mem 0xa0b00000-0xa0bfffff]
[    0.389661] pci 0000:05:00.0: [8086:156d] type 01 class 0x060400
[    0.389741] pci 0000:05:00.0: supports D1 D2
[    0.389742] pci 0000:05:00.0: PME# supported from D0 D1 D2 D3hot D3cold
[    0.389830] pci 0000:00:01.1: PCI bridge to [bus 05-9b]
[    0.389832] pci 0000:00:01.1:   bridge window [io  0x4000-0x6fff]
[    0.389833] pci 0000:00:01.1:   bridge window [mem 0xa0d00000-0xacdfffff]
[    0.389836] pci 0000:00:01.1:   bridge window [mem 0xace00000-0xb8dfffff 64bit pref]
[    0.389916] pci 0000:06:00.0: [8086:156d] type 01 class 0x060400
[    0.390004] pci 0000:06:00.0: supports D1 D2
[    0.390005] pci 0000:06:00.0: PME# supported from D0 D1 D2 D3hot D3cold
[    0.390070] pci 0000:06:03.0: [8086:156d] type 01 class 0x060400
[    0.390156] pci 0000:06:03.0: supports D1 D2
[    0.390157] pci 0000:06:03.0: PME# supported from D0 D1 D2 D3hot D3cold
[    0.390215] pci 0000:06:04.0: [8086:156d] type 01 class 0x060400
[    0.390301] pci 0000:06:04.0: supports D1 D2
[    0.390302] pci 0000:06:04.0: PME# supported from D0 D1 D2 D3hot D3cold
[    0.390361] pci 0000:06:05.0: [8086:156d] type 01 class 0x060400
[    0.390447] pci 0000:06:05.0: supports D1 D2
[    0.390448] pci 0000:06:05.0: PME# supported from D0 D1 D2 D3hot D3cold
[    0.390507] pci 0000:06:06.0: [8086:156d] type 01 class 0x060400
[    0.390593] pci 0000:06:06.0: supports D1 D2
[    0.390593] pci 0000:06:06.0: PME# supported from D0 D1 D2 D3hot D3cold
[    0.390662] pci 0000:05:00.0: PCI bridge to [bus 06-6b]
[    0.390666] pci 0000:05:00.0:   bridge window [io  0x4000-0x5fff]
[    0.390668] pci 0000:05:00.0:   bridge window [mem 0xa0d00000-0xa8dfffff]
[    0.390672] pci 0000:05:00.0:   bridge window [mem 0xace00000-0xb4dfffff 64bit pref]
[    0.390719] pci 0000:07:00.0: [8086:156c] type 00 class 0x088000
[    0.390744] pci 0000:07:00.0: reg 0x10: [mem 0xa0d00000-0xa0d3ffff]
[    0.390753] pci 0000:07:00.0: reg 0x14: [mem 0xa0d40000-0xa0d40fff]
[    0.390872] pci 0000:07:00.0: supports D1 D2
[    0.390873] pci 0000:07:00.0: PME# supported from D0 D1 D2 D3hot D3cold
[    0.391017] pci 0000:06:00.0: PCI bridge to [bus 07]
[    0.391023] pci 0000:06:00.0:   bridge window [mem 0xa0d00000-0xa0dfffff]
[    0.391075] pci 0000:06:03.0: PCI bridge to [bus 08-38]
[    0.391079] pci 0000:06:03.0:   bridge window [io  0x4000-0x4fff]
[    0.391082] pci 0000:06:03.0:   bridge window [mem 0xa0e00000-0xa4dfffff]
[    0.391086] pci 0000:06:03.0:   bridge window [mem 0xace00000-0xb0dfffff 64bit pref]
[    0.391134] pci 0000:06:04.0: PCI bridge to [bus 39]
[    0.391187] pci 0000:06:05.0: PCI bridge to [bus 3a-6a]
[    0.391191] pci 0000:06:05.0:   bridge window [io  0x5000-0x5fff]
[    0.391194] pci 0000:06:05.0:   bridge window [mem 0xa4e00000-0xa8dfffff]
[    0.391198] pci 0000:06:05.0:   bridge window [mem 0xb0e00000-0xb4dfffff 64bit pref]
[    0.391225] pci 0000:06:06.0: PCI bridge to [bus 6b]
[    0.391291] pci 0000:00:1c.0: PCI bridge to [bus 02]
[    0.391387] pci 0000:03:00.0: [14e4:43ba] type 00 class 0x028000
[    0.391452] pci 0000:03:00.0: reg 0x10: [mem 0xa0800000-0xa0807fff 64bit]
[    0.391479] pci 0000:03:00.0: reg 0x18: [mem 0xa0400000-0xa07fffff 64bit]
[    0.391685] pci 0000:03:00.0: supports D1 D2
[    0.391686] pci 0000:03:00.0: PME# supported from D0 D1 D2 D3hot D3cold
[    0.391916] pci 0000:00:1c.2: PCI bridge to [bus 03]
[    0.391920] pci 0000:00:1c.2:   bridge window [mem 0xa0400000-0xa08fffff]
[    0.391982] pci 0000:04:00.0: [14e4:1570] type 00 class 0x048000
[    0.392013] pci 0000:04:00.0: reg 0x10: [mem 0xa0a00000-0xa0a0ffff 64bit]
[    0.392028] pci 0000:04:00.0: reg 0x18: [mem 0x80000000-0x8fffffff 64bit pref]
[    0.392043] pci 0000:04:00.0: reg 0x20: [mem 0xa0900000-0xa09fffff 64bit]
[    0.392128] pci 0000:04:00.0: supports D1
[    0.392129] pci 0000:04:00.0: PME# supported from D0 D3hot
[    0.392230] pci 0000:00:1c.3: PCI bridge to [bus 04]
[    0.392235] pci 0000:00:1c.3:   bridge window [mem 0xa0900000-0xa0afffff]
[    0.392239] pci 0000:00:1c.3:   bridge window [mem 0x80000000-0x8fffffff 64bit pref]
[    0.392965] ACPI: PCI Interrupt Link [LNKA] (IRQs 1 3 4 5 6 7 10 12 14 15) *0, disabled.
[    0.393012] ACPI: PCI Interrupt Link [LNKB] (IRQs 1 3 4 5 6 7 11 12 14 15) *0, disabled.
[    0.393053] ACPI: PCI Interrupt Link [LNKC] (IRQs 1 3 4 5 6 7 10 12 14 15) *0, disabled.
[    0.393094] ACPI: PCI Interrupt Link [LNKD] (IRQs 1 3 4 5 6 7 11 12 14 15) *0, disabled.
[    0.393135] ACPI: PCI Interrupt Link [LNKE] (IRQs 1 3 4 5 6 7 10 12 14 15) *0, disabled.
[    0.393180] ACPI: PCI Interrupt Link [LNKF] (IRQs 1 3 4 5 6 7 11 12 14 15) *0, disabled.
[    0.393225] ACPI: PCI Interrupt Link [LNKG] (IRQs 1 3 4 5 6 7 10 12 14 15) *0, disabled.
[    0.393270] ACPI: PCI Interrupt Link [LNKH] (IRQs 1 3 4 5 6 7 11 12 14 15) *0, disabled.
[    0.393413] ACPI: EC: interrupt unblocked
[    0.393431] ACPI: EC: event unblocked
[    0.393443] ACPI: \_SB_.PCI0.LPCB.EC__: GPE=0x17, EC_CMD/EC_SC=0x66, EC_DATA=0x62
[    0.393445] ACPI: \_SB_.PCI0.LPCB.EC__: Used as boot DSDT EC to handle transactions and events
[    0.393493] pci 0000:00:02.0: vgaarb: setting as boot VGA device
[    0.393493] pci 0000:00:02.0: vgaarb: VGA device added: decodes=io+mem,owns=io+mem,locks=none
[    0.393493] pci 0000:00:02.0: vgaarb: bridge control possible
[    0.393493] vgaarb: loaded
[    0.393493] SCSI subsystem initialized
[    0.393493] libata version 3.00 loaded.
[    0.393493] ACPI: bus type USB registered
[    0.393493] usbcore: registered new interface driver usbfs
[    0.393493] usbcore: registered new interface driver hub
[    0.393493] usbcore: registered new device driver usb
[    0.393493] pps_core: LinuxPPS API ver. 1 registered
[    0.393493] pps_core: Software ver. 5.3.6 - Copyright 2005-2007 Rodolfo Giometti <giometti@linux.it>
[    0.393493] PTP clock support registered
[    0.393719] EDAC MC: Ver: 3.0.0
[    0.393813] Registered efivars operations
[    0.427726] PCI: Using ACPI for IRQ routing
[    0.429900] PCI: pci_cache_line_size set to 64 bytes
[    0.430001] e820: reserve RAM buffer [mem 0x00058000-0x0005ffff]
[    0.430002] e820: reserve RAM buffer [mem 0x66282710-0x67ffffff]
[    0.430002] e820: reserve RAM buffer [mem 0x78d01000-0x7bffffff]
[    0.430004] e820: reserve RAM buffer [mem 0x78d5d000-0x7bffffff]
[    0.430005] e820: reserve RAM buffer [mem 0x78e3a000-0x7bffffff]
[    0.430006] e820: reserve RAM buffer [mem 0x78ecc000-0x7bffffff]
[    0.430006] e820: reserve RAM buffer [mem 0x78f85000-0x7bffffff]
[    0.430007] e820: reserve RAM buffer [mem 0x79000000-0x7bffffff]
[    0.430008] e820: reserve RAM buffer [mem 0x47f600000-0x47fffffff]
[    0.430708] NetLabel: Initializing
[    0.430708] NetLabel:  domain hash size = 128
[    0.430708] NetLabel:  protocols = UNLABELED CIPSOv4 CALIPSO
[    0.430708] NetLabel:  unlabeled traffic allowed by default
[    0.430783] hpet0: at MMIO 0xfed00000, IRQs 2, 8, 0, 0, 0, 0, 0, 0
[    0.430786] hpet0: 8 comparators, 64-bit 14.318180 MHz counter
[    0.432725] clocksource: Switched to clocksource tsc-early
[    0.442283] VFS: Disk quotas dquot_6.6.0
[    0.442295] VFS: Dquot-cache hash table entries: 512 (order 0, 4096 bytes)
[    0.442341] pnp: PnP ACPI init
[    0.442984] system 00:00: [mem 0xfed00000-0xfed03fff] has been reserved
[    0.442988] system 00:00: Plug and Play ACPI device, IDs PNP0103 PNP0c01 (active)
[    0.443022] system 00:01: [io  0xffff] has been reserved
[    0.443023] system 00:01: [io  0x1800-0x187f] has been reserved
[    0.443025] system 00:01: [io  0x0800-0x087f] has been reserved
[    0.443028] system 00:01: Plug and Play ACPI device, IDs PNP0c02 (active)
[    0.443039] pnp 00:02: Plug and Play ACPI device, IDs PNP0b00 (active)
[    0.443084] pnp 00:03: Plug and Play ACPI device, IDs APP000b (active)
[    0.443182] system 00:04: [mem 0xfed1c000-0xfed1ffff] has been reserved
[    0.443183] system 00:04: [mem 0xfed10000-0xfed17fff] has been reserved
[    0.443184] system 00:04: [mem 0xfed18000-0xfed18fff] has been reserved
[    0.443185] system 00:04: [mem 0xfed19000-0xfed19fff] has been reserved
[    0.443187] system 00:04: [mem 0xe0000000-0xefffffff] could not be reserved
[    0.443188] system 00:04: [mem 0xfed20000-0xfed3ffff] has been reserved
[    0.443189] system 00:04: [mem 0xfed90000-0xfed93fff] could not be reserved
[    0.443190] system 00:04: [mem 0xfed45000-0xfed8ffff] has been reserved
[    0.443191] system 00:04: [mem 0xff000000-0xffffffff] could not be reserved
[    0.443192] system 00:04: [mem 0xfee00000-0xfeefffff] has been reserved
[    0.443195] system 00:04: Plug and Play ACPI device, IDs PNP0c02 (active)
[    0.443232] system 00:05: [mem 0x20000000-0x201fffff] could not be reserved
[    0.443233] system 00:05: [mem 0x40000000-0x401fffff] could not be reserved
[    0.443236] system 00:05: Plug and Play ACPI device, IDs PNP0c01 (active)
[    0.443342] pnp: PnP ACPI: found 6 devices
[    0.444160] pci 0000:07:00.0: assigning 8 device properties
[    0.444168] pci 0000:00:1b.0: assigning 4 device properties
[    0.444173] pci 0000:00:02.0: assigning 2 device properties
[    0.448744] clocksource: acpi_pm: mask: 0xffffff max_cycles: 0xffffff, max_idle_ns: 2085701024 ns
[    0.448778] pci 0000:06:00.0: bridge window [io  0x1000-0x0fff] to [bus 07] add_size 1000
[    0.448780] pci 0000:06:00.0: bridge window [mem 0x00100000-0x000fffff 64bit pref] to [bus 07] add_size 200000 add_align 100000
[    0.448790] pci 0000:06:04.0: bridge window [io  0x1000-0x0fff] to [bus 39] add_size 1000
[    0.448792] pci 0000:06:04.0: bridge window [mem 0x00100000-0x000fffff 64bit pref] to [bus 39] add_size 200000 add_align 100000
[    0.448793] pci 0000:06:04.0: bridge window [mem 0x00100000-0x000fffff] to [bus 39] add_size 200000 add_align 100000
[    0.448803] pci 0000:06:06.0: bridge window [io  0x1000-0x0fff] to [bus 6b] add_size 1000
[    0.448805] pci 0000:06:06.0: bridge window [mem 0x00100000-0x000fffff 64bit pref] to [bus 6b] add_size 200000 add_align 100000
[    0.448806] pci 0000:06:06.0: bridge window [mem 0x00100000-0x000fffff] to [bus 6b] add_size 200000 add_align 100000
[    0.448823] pci 0000:00:1c.0: bridge window [io  0x1000-0x0fff] to [bus 02] add_size 1000
[    0.448825] pci 0000:00:1c.0: bridge window [mem 0x00100000-0x000fffff 64bit pref] to [bus 02] add_size 200000 add_align 100000
[    0.448826] pci 0000:00:1c.0: bridge window [mem 0x00100000-0x000fffff] to [bus 02] add_size 200000 add_align 100000
[    0.448845] pci 0000:00:1c.0: BAR 14: assigned [mem 0x7fc00000-0x7fdfffff]
[    0.448852] pci 0000:00:1c.0: BAR 15: assigned [mem 0x7fe00000-0x7fffffff 64bit pref]
[    0.448854] pci 0000:00:1c.0: BAR 13: assigned [io  0x2000-0x2fff]
[    0.448856] pci 0000:00:01.0: PCI bridge to [bus 01]
[    0.448858] pci 0000:00:01.0:   bridge window [mem 0xa0b00000-0xa0bfffff]
[    0.448865] pci 0000:06:00.0: BAR 15: no space for [mem size 0x00200000 64bit pref]
[    0.448866] pci 0000:06:00.0: BAR 15: failed to assign [mem size 0x00200000 64bit pref]
[    0.448867] pci 0000:06:04.0: BAR 14: no space for [mem size 0x00200000]
[    0.448868] pci 0000:06:04.0: BAR 14: failed to assign [mem size 0x00200000]
[    0.448870] pci 0000:06:04.0: BAR 15: no space for [mem size 0x00200000 64bit pref]
[    0.448871] pci 0000:06:04.0: BAR 15: failed to assign [mem size 0x00200000 64bit pref]
[    0.448872] pci 0000:06:06.0: BAR 14: no space for [mem size 0x00200000]
[    0.448873] pci 0000:06:06.0: BAR 14: failed to assign [mem size 0x00200000]
[    0.448875] pci 0000:06:06.0: BAR 15: no space for [mem size 0x00200000 64bit pref]
[    0.448876] pci 0000:06:06.0: BAR 15: failed to assign [mem size 0x00200000 64bit pref]
[    0.448877] pci 0000:06:00.0: BAR 13: no space for [io  size 0x1000]
[    0.448878] pci 0000:06:00.0: BAR 13: failed to assign [io  size 0x1000]
[    0.448879] pci 0000:06:04.0: BAR 13: no space for [io  size 0x1000]
[    0.448880] pci 0000:06:04.0: BAR 13: failed to assign [io  size 0x1000]
[    0.448881] pci 0000:06:06.0: BAR 13: no space for [io  size 0x1000]
[    0.448881] pci 0000:06:06.0: BAR 13: failed to assign [io  size 0x1000]
[    0.448883] pci 0000:06:06.0: BAR 14: no space for [mem size 0x00200000]
[    0.448884] pci 0000:06:06.0: BAR 14: failed to assign [mem size 0x00200000]
[    0.448886] pci 0000:06:06.0: BAR 15: no space for [mem size 0x00200000 64bit pref]
[    0.448887] pci 0000:06:06.0: BAR 15: failed to assign [mem size 0x00200000 64bit pref]
[    0.448888] pci 0000:06:06.0: BAR 13: no space for [io  size 0x1000]
[    0.448889] pci 0000:06:06.0: BAR 13: failed to assign [io  size 0x1000]
[    0.448890] pci 0000:06:04.0: BAR 14: no space for [mem size 0x00200000]
[    0.448891] pci 0000:06:04.0: BAR 14: failed to assign [mem size 0x00200000]
[    0.448893] pci 0000:06:04.0: BAR 15: no space for [mem size 0x00200000 64bit pref]
[    0.448894] pci 0000:06:04.0: BAR 15: failed to assign [mem size 0x00200000 64bit pref]
[    0.448895] pci 0000:06:04.0: BAR 13: no space for [io  size 0x1000]
[    0.448895] pci 0000:06:04.0: BAR 13: failed to assign [io  size 0x1000]
[    0.448897] pci 0000:06:00.0: BAR 15: no space for [mem size 0x00200000 64bit pref]
[    0.448898] pci 0000:06:00.0: BAR 15: failed to assign [mem size 0x00200000 64bit pref]
[    0.448899] pci 0000:06:00.0: BAR 13: no space for [io  size 0x1000]
[    0.448900] pci 0000:06:00.0: BAR 13: failed to assign [io  size 0x1000]
[    0.448901] pci 0000:06:00.0: PCI bridge to [bus 07]
[    0.448905] pci 0000:06:00.0:   bridge window [mem 0xa0d00000-0xa0dfffff]
[    0.448910] pci 0000:06:03.0: PCI bridge to [bus 08-38]
[    0.448912] pci 0000:06:03.0:   bridge window [io  0x4000-0x4fff]
[    0.448915] pci 0000:06:03.0:   bridge window [mem 0xa0e00000-0xa4dfffff]
[    0.448918] pci 0000:06:03.0:   bridge window [mem 0xace00000-0xb0dfffff 64bit pref]
[    0.448922] pci 0000:06:04.0: PCI bridge to [bus 39]
[    0.448930] pci 0000:06:05.0: PCI bridge to [bus 3a-6a]
[    0.448932] pci 0000:06:05.0:   bridge window [io  0x5000-0x5fff]
[    0.448935] pci 0000:06:05.0:   bridge window [mem 0xa4e00000-0xa8dfffff]
[    0.448937] pci 0000:06:05.0:   bridge window [mem 0xb0e00000-0xb4dfffff 64bit pref]
[    0.448941] pci 0000:06:06.0: PCI bridge to [bus 6b]
[    0.448950] pci 0000:05:00.0: PCI bridge to [bus 06-6b]
[    0.448951] pci 0000:05:00.0:   bridge window [io  0x4000-0x5fff]
[    0.448954] pci 0000:05:00.0:   bridge window [mem 0xa0d00000-0xa8dfffff]
[    0.448957] pci 0000:05:00.0:   bridge window [mem 0xace00000-0xb4dfffff 64bit pref]
[    0.448961] pci 0000:00:01.1: PCI bridge to [bus 05-9b]
[    0.448962] pci 0000:00:01.1:   bridge window [io  0x4000-0x6fff]
[    0.448964] pci 0000:00:01.1:   bridge window [mem 0xa0d00000-0xacdfffff]
[    0.448965] pci 0000:00:01.1:   bridge window [mem 0xace00000-0xb8dfffff 64bit pref]
[    0.448968] pci 0000:00:1c.0: PCI bridge to [bus 02]
[    0.448975] pci 0000:00:1c.0:   bridge window [io  0x2000-0x2fff]
[    0.448979] pci 0000:00:1c.0:   bridge window [mem 0x7fc00000-0x7fdfffff]
[    0.448982] pci 0000:00:1c.0:   bridge window [mem 0x7fe00000-0x7fffffff 64bit pref]
[    0.448988] pci 0000:00:1c.2: PCI bridge to [bus 03]
[    0.448992] pci 0000:00:1c.2:   bridge window [mem 0xa0400000-0xa08fffff]
[    0.448999] pci 0000:00:1c.3: PCI bridge to [bus 04]
[    0.449003] pci 0000:00:1c.3:   bridge window [mem 0xa0900000-0xa0afffff]
[    0.449006] pci 0000:00:1c.3:   bridge window [mem 0x80000000-0x8fffffff 64bit pref]
[    0.449012] pci_bus 0000:00: resource 4 [io  0x0000-0x0cf7 window]
[    0.449013] pci_bus 0000:00: resource 5 [io  0x0d00-0xffff window]
[    0.449014] pci_bus 0000:00: resource 6 [mem 0x000a0000-0x000bffff window]
[    0.449015] pci_bus 0000:00: resource 7 [mem 0x000c0000-0x000c3fff window]
[    0.449016] pci_bus 0000:00: resource 8 [mem 0x000c4000-0x000c7fff window]
[    0.449017] pci_bus 0000:00: resource 9 [mem 0x000c8000-0x000cbfff window]
[    0.449018] pci_bus 0000:00: resource 10 [mem 0x000cc000-0x000cffff window]
[    0.449019] pci_bus 0000:00: resource 11 [mem 0x000d0000-0x000d3fff window]
[    0.449020] pci_bus 0000:00: resource 12 [mem 0x000d4000-0x000d7fff window]
[    0.449021] pci_bus 0000:00: resource 13 [mem 0x000d8000-0x000dbfff window]
[    0.449022] pci_bus 0000:00: resource 14 [mem 0x000dc000-0x000dffff window]
[    0.449023] pci_bus 0000:00: resource 15 [mem 0x000e0000-0x000e3fff window]
[    0.449024] pci_bus 0000:00: resource 16 [mem 0x000e4000-0x000e7fff window]
[    0.449025] pci_bus 0000:00: resource 17 [mem 0x000e8000-0x000ebfff window]
[    0.449025] pci_bus 0000:00: resource 18 [mem 0x000ec000-0x000effff window]
[    0.449026] pci_bus 0000:00: resource 19 [mem 0x000f0000-0x000fffff window]
[    0.449027] pci_bus 0000:00: resource 20 [mem 0x7fa00000-0xfeafffff window]
[    0.449028] pci_bus 0000:00: resource 21 [mem 0xfed40000-0xfed44fff window]
[    0.449029] pci_bus 0000:01: resource 1 [mem 0xa0b00000-0xa0bfffff]
[    0.449030] pci_bus 0000:05: resource 0 [io  0x4000-0x6fff]
[    0.449031] pci_bus 0000:05: resource 1 [mem 0xa0d00000-0xacdfffff]
[    0.449032] pci_bus 0000:05: resource 2 [mem 0xace00000-0xb8dfffff 64bit pref]
[    0.449033] pci_bus 0000:06: resource 0 [io  0x4000-0x5fff]
[    0.449034] pci_bus 0000:06: resource 1 [mem 0xa0d00000-0xa8dfffff]
[    0.449035] pci_bus 0000:06: resource 2 [mem 0xace00000-0xb4dfffff 64bit pref]
[    0.449036] pci_bus 0000:07: resource 1 [mem 0xa0d00000-0xa0dfffff]
[    0.449037] pci_bus 0000:08: resource 0 [io  0x4000-0x4fff]
[    0.449038] pci_bus 0000:08: resource 1 [mem 0xa0e00000-0xa4dfffff]
[    0.449039] pci_bus 0000:08: resource 2 [mem 0xace00000-0xb0dfffff 64bit pref]
[    0.449040] pci_bus 0000:3a: resource 0 [io  0x5000-0x5fff]
[    0.449041] pci_bus 0000:3a: resource 1 [mem 0xa4e00000-0xa8dfffff]
[    0.449042] pci_bus 0000:3a: resource 2 [mem 0xb0e00000-0xb4dfffff 64bit pref]
[    0.449043] pci_bus 0000:02: resource 0 [io  0x2000-0x2fff]
[    0.449044] pci_bus 0000:02: resource 1 [mem 0x7fc00000-0x7fdfffff]
[    0.449045] pci_bus 0000:02: resource 2 [mem 0x7fe00000-0x7fffffff 64bit pref]
[    0.449046] pci_bus 0000:03: resource 1 [mem 0xa0400000-0xa08fffff]
[    0.449047] pci_bus 0000:04: resource 1 [mem 0xa0900000-0xa0afffff]
[    0.449048] pci_bus 0000:04: resource 2 [mem 0x80000000-0x8fffffff 64bit pref]
[    0.449143] NET: Registered protocol family 2
[    0.449255] tcp_listen_portaddr_hash hash table entries: 8192 (order: 5, 131072 bytes)
[    0.449297] TCP established hash table entries: 131072 (order: 8, 1048576 bytes)
[    0.449441] TCP bind hash table entries: 65536 (order: 8, 1048576 bytes)
[    0.449558] TCP: Hash tables configured (established 131072 bind 65536)
[    0.449587] UDP hash table entries: 8192 (order: 6, 262144 bytes)
[    0.449622] UDP-Lite hash table entries: 8192 (order: 6, 262144 bytes)
[    0.449682] NET: Registered protocol family 1
[    0.449685] NET: Registered protocol family 44
[    0.449694] pci 0000:00:02.0: Video device with shadowed ROM at [mem 0x000c0000-0x000dffff]
[    0.449958] PCI: CLS 256 bytes, default 64
[    0.449986] Unpacking initramfs...
[    1.572658] Freeing initrd memory: 92720K
[    1.581744] PCI-DMA: Using software bounce buffering for IO (SWIOTLB)
[    1.581748] software IO TLB: mapped [mem 0x5f070000-0x63070000] (64MB)
[    1.584700] Initialise system trusted keyrings
[    1.584713] Key type blacklist registered
[    1.584751] workingset: timestamp_bits=36 max_order=22 bucket_order=0
[    1.585891] zbud: loaded
[    1.718477] alg: No test for 842 (842-generic)
[    1.719049] alg: No test for 842 (842-scomp)
[    1.739435] NET: Registered protocol family 38
[    1.739437] Key type asymmetric registered
[    1.739438] Asymmetric key parser 'x509' registered
[    1.739447] Block layer SCSI generic (bsg) driver version 0.4 loaded (major 243)
[    1.739474] io scheduler mq-deadline registered
[    1.739530] atomic64_test: passed for x86-64 platform with CX8 and with SSE
[    1.739918] pciehp 0000:00:1c.0:pcie004: Slot #0 AttnBtn- PwrCtrl- MRL- AttnInd- PwrInd- HotPlug+ Surprise+ Interlock- NoCompl+ LLActRep+
[    1.740379] pciehp 0000:06:00.0:pcie204: Slot #0 AttnBtn- PwrCtrl- MRL- AttnInd- PwrInd- HotPlug+ Surprise+ Interlock- NoCompl+ LLActRep+
[    1.740524] pciehp 0000:06:03.0:pcie204: Slot #3 AttnBtn- PwrCtrl- MRL- AttnInd- PwrInd- HotPlug+ Surprise+ Interlock- NoCompl+ LLActRep+
[    1.740669] pciehp 0000:06:04.0:pcie204: Slot #4 AttnBtn- PwrCtrl- MRL- AttnInd- PwrInd- HotPlug+ Surprise+ Interlock- NoCompl+ LLActRep+
[    1.740820] pciehp 0000:06:05.0:pcie204: Slot #5 AttnBtn- PwrCtrl- MRL- AttnInd- PwrInd- HotPlug+ Surprise+ Interlock- NoCompl+ LLActRep+
[    1.740966] pciehp 0000:06:06.0:pcie204: Slot #6 AttnBtn- PwrCtrl- MRL- AttnInd- PwrInd- HotPlug+ Surprise+ Interlock- NoCompl+ LLActRep+
[    1.741043] shpchp: Standard Hot Plug PCI Controller Driver version: 0.4
[    1.741058] efifb: probing for efifb
[    1.741070] efifb: No BGRT, not showing boot graphics
[    1.741071] efifb: framebuffer at 0x90000000, using 20700k, total 20700k
[    1.741071] efifb: mode is 2880x1800x32, linelength=11776, pages=1
[    1.741072] efifb: scrolling: redraw
[    1.741073] efifb: Truecolor: size=8:8:8:8, shift=24:16:8:0
[    1.741102] fbcon: Deferring console take-over
[    1.741102] fb0: EFI VGA frame buffer device
[    1.741109] intel_idle: MWAIT substates: 0x42120
[    1.741109] intel_idle: v0.4.1 model 0x46
[    1.741367] intel_idle: lapic_timer_reliable_states 0xffffffff
[    1.741470] ACPI: AC Adapter [ADP1] (on-line)
[    1.741513] input: Lid Switch as /devices/LNXSYSTM:00/LNXSYBUS:00/PNP0C0D:00/input/input0
[    1.741542] ACPI: Lid Switch [LID0]
[    1.741572] input: Power Button as /devices/LNXSYSTM:00/LNXSYBUS:00/PNP0C0C:00/input/input1
[    1.741587] ACPI: Power Button [PWRB]
[    1.741607] input: Sleep Button as /devices/LNXSYSTM:00/LNXSYBUS:00/PNP0C0E:00/input/input2
[    1.741611] ACPI: Sleep Button [SLPB]
[    1.741630] input: Power Button as /devices/LNXSYSTM:00/LNXPWRBN:00/input/input3
[    1.741641] ACPI: Power Button [PWRF]
[    1.742301] Serial: 8250/16550 driver, 32 ports, IRQ sharing enabled
[    1.743438] Non-volatile memory driver v1.3
[    1.743456] Linux agpgart interface v0.103
[    1.744118] ahci 0000:01:00.0: version 3.0
[    1.774744] ahci 0000:01:00.0: AHCI 0001.0300 32 slots 1 ports 6 Gbps 0x1 impl SATA mode
[    1.774748] ahci 0000:01:00.0: flags: 64bit ncq led clo only pio ccc 
[    1.775176] scsi host0: ahci
[    1.775277] ata1: SATA max UDMA/133 abar m8192@0xa0b00000 port 0xa0b00100 irq 33
[    1.775363] libphy: Fixed MDIO Bus: probed
[    1.775503] ehci_hcd: USB 2.0 'Enhanced' Host Controller (EHCI) Driver
[    1.775507] ehci-pci: EHCI PCI platform driver
[    1.775524] ohci_hcd: USB 1.1 'Open' Host Controller (OHCI) Driver
[    1.775526] ohci-pci: OHCI PCI platform driver
[    1.775533] uhci_hcd: USB Universal Host Controller Interface driver
[    1.775716] xhci_hcd 0000:00:14.0: xHCI Host Controller
[    1.775841] xhci_hcd 0000:00:14.0: new USB bus registered, assigned bus number 1
[    1.776920] xhci_hcd 0000:00:14.0: hcc params 0x200077c1 hci version 0x100 quirks 0x0000000000009810
[    1.776925] xhci_hcd 0000:00:14.0: cache line size of 256 is not supported
[    1.777119] usb usb1: New USB device found, idVendor=1d6b, idProduct=0002, bcdDevice= 5.00
[    1.777121] usb usb1: New USB device strings: Mfr=3, Product=2, SerialNumber=1
[    1.777122] usb usb1: Product: xHCI Host Controller
[    1.777123] usb usb1: Manufacturer: Linux 5.0.0-rc6+ xhci-hcd
[    1.777125] usb usb1: SerialNumber: 0000:00:14.0
[    1.777309] hub 1-0:1.0: USB hub found
[    1.777330] hub 1-0:1.0: 14 ports detected
[    1.777662] xhci_hcd 0000:00:14.0: xHCI Host Controller
[    1.777720] xhci_hcd 0000:00:14.0: new USB bus registered, assigned bus number 2
[    1.777723] xhci_hcd 0000:00:14.0: Host supports USB 3.0  SuperSpeed
[    1.777768] usb usb2: New USB device found, idVendor=1d6b, idProduct=0003, bcdDevice= 5.00
[    1.777769] usb usb2: New USB device strings: Mfr=3, Product=2, SerialNumber=1
[    1.777770] usb usb2: Product: xHCI Host Controller
[    1.777771] usb usb2: Manufacturer: Linux 5.0.0-rc6+ xhci-hcd
[    1.777772] usb usb2: SerialNumber: 0000:00:14.0
[    1.777860] hub 2-0:1.0: USB hub found
[    1.777876] hub 2-0:1.0: 6 ports detected
[    1.777914] usb: port power management may be unreliable
[    1.778053] usbcore: registered new interface driver usbserial_generic
[    1.778058] usbserial: USB Serial support registered for generic
[    1.778076] i8042: PNP: No PS/2 controller found.
[    1.778124] mousedev: PS/2 mouse device common for all mice
[    1.778283] rtc_cmos 00:02: RTC can wake from S4
[    1.778429] rtc_cmos 00:02: registered as rtc0
[    1.778430] rtc_cmos 00:02: alarms up to one month, y3k, 242 bytes nvram, hpet irqs
[    1.778491] device-mapper: uevent: version 1.0.3
[    1.778528] device-mapper: ioctl: 4.39.0-ioctl (2018-04-03) initialised: dm-devel@redhat.com
[    1.778575] intel_pstate: Intel P-state driver initializing
[    1.779059] hidraw: raw HID events driver (C) Jiri Kosina
[    1.779140] usbcore: registered new interface driver usbhid
[    1.779141] usbhid: USB HID core driver
[    1.779414] drop_monitor: Initializing network drop monitor service
[    1.779806] Initializing XFRM netlink socket
[    1.780088] NET: Registered protocol family 10
[    1.789065] Segment Routing with IPv6
[    1.789114] mip6: Mobile IPv6
[    1.789118] NET: Registered protocol family 17
[    1.790664] RAS: Correctable Errors collector initialized.
[    1.790751] microcode: sig=0x40661, pf=0x20, revision=0x1a
[    1.791021] microcode: Microcode Update Driver: v2.2.
[    1.791034] AVX2 version of gcm_enc/dec engaged.
[    1.791035] AES CTR mode by8 optimization enabled
[    1.828411] sched_clock: Marking stable (1828145301, 255736)->(1912767772, -84366735)
[    1.828686] registered taskstats version 1
[    1.828694] Loading compiled-in X.509 certificates
[    1.859392] Loaded X.509 cert 'Build time autogenerated kernel key: 307e4e8a55fe74f83f10b61aeadbf24a5fc6325b'
[    1.859410] zswap: loaded using pool lzo/zbud
[    1.864465] Key type big_key registered
[    1.866707] Key type encrypted registered
[    1.866725] ima: No TPM chip found, activating TPM-bypass!
[    1.866731] ima: Allocated hash algorithm: sha1
[    1.866735] No architecture policies found
[    1.867248]   Magic number: 7:510:451
[    1.867375] rtc_cmos 00:02: setting system clock to 2019-02-11T22:26:12 UTC (1549923972)
[    2.100005] usb 2-4: new SuperSpeed Gen 1 USB device number 2 using xhci_hcd
[    2.104371] ata1: SATA link up 6.0 Gbps (SStatus 133 SControl 300)
[    2.106410] ata1.00: unexpected _GTF length (8)
[    2.106643] ata1.00: ATA-8: APPLE SSD SM0256G, BXW1SA0Q, max UDMA/133
[    2.106645] ata1.00: 490234752 sectors, multi 16: LBA48 NCQ (depth 32), AA
[    2.107110] ata1.00: unexpected _GTF length (8)
[    2.107344] ata1.00: configured for UDMA/133
[    2.107600] scsi 0:0:0:0: Direct-Access     ATA      APPLE SSD SM0256 SA0Q PQ: 0 ANSI: 5
[    2.107907] sd 0:0:0:0: Attached scsi generic sg0 type 0
[    2.108088] sd 0:0:0:0: [sda] 490234752 512-byte logical blocks: (251 GB/234 GiB)
[    2.108091] sd 0:0:0:0: [sda] 4096-byte physical blocks
[    2.108134] sd 0:0:0:0: [sda] Write Protect is off
[    2.108137] sd 0:0:0:0: [sda] Mode Sense: 00 3a 00 00
[    2.108178] sd 0:0:0:0: [sda] Write cache: enabled, read cache: enabled, doesn't support DPO or FUA
[    2.109589]  sda: sda1 sda2 sda3 sda4
[    2.110049] sd 0:0:0:0: [sda] Attached SCSI disk
[    2.111016] Freeing unused decrypted memory: 2040K
[    2.111352] Freeing unused kernel image memory: 2152K
[    2.114584] usb 2-4: New USB device found, idVendor=05ac, idProduct=8406, bcdDevice= 8.20
[    2.114586] usb 2-4: New USB device strings: Mfr=3, Product=4, SerialNumber=5
[    2.114587] usb 2-4: Product: Card Reader
[    2.114589] usb 2-4: Manufacturer: Apple
[    2.114590] usb 2-4: SerialNumber: 000000000820
[    2.122802] Write protecting the kernel read-only data: 18432k
[    2.123588] Freeing unused kernel image memory: 2020K
[    2.123733] Freeing unused kernel image memory: 68K
[    2.137115] x86/mm: Checked W+X mappings: passed, no W+X pages found.
[    2.137119] rodata_test: all tests were successful
[    2.137120] x86/mm: Checking user space page tables
[    2.143767] x86/mm: Checked W+X mappings: passed, no W+X pages found.
[    2.143768] Run /init as init process
[    2.213224] systemd[1]: systemd 239 running in system mode. (+PAM +AUDIT +SELINUX +IMA -APPARMOR +SMACK +SYSVINIT +UTMP +LIBCRYPTSETUP +GCRYPT +GNUTLS +ACL +XZ +LZ4 +SECCOMP +BLKID +ELFUTILS +KMOD +IDN2 -IDN +PCRE2 default-hierarchy=hybrid)
[    2.224875] systemd[1]: Detected architecture x86-64.
[    2.224879] systemd[1]: Running in initial RAM disk.
[    2.226729] usb 1-8: new full-speed USB device number 2 using xhci_hcd
[    2.227642] systemd[1]: Set hostname to <im-mac>.
[    2.278740] systemd[1]: Listening on udev Kernel Socket.
[    2.278845] systemd[1]: Listening on Journal Audit Socket.
[    2.278910] systemd[1]: Listening on Journal Socket (/dev/log).
[    2.280013] systemd[1]: Created slice system-systemd\x2dhibernate\x2dresume.slice.
[    2.280025] systemd[1]: Reached target Timers.
[    2.280030] systemd[1]: Reached target Swap.
[    2.325982] audit: type=1130 audit(1549923972.958:2): pid=1 uid=0 auid=4294967295 ses=4294967295 subj=kernel msg='unit=systemd-journald comm="systemd" exe="/usr/lib/systemd/systemd" hostname=? addr=? terminal=? res=success'
[    2.330634] audit: type=1130 audit(1549923972.962:3): pid=1 uid=0 auid=4294967295 ses=4294967295 subj=kernel msg='unit=systemd-vconsole-setup comm="systemd" exe="/usr/lib/systemd/systemd" hostname=? addr=? terminal=? res=success'
[    2.330638] audit: type=1131 audit(1549923972.962:4): pid=1 uid=0 auid=4294967295 ses=4294967295 subj=kernel msg='unit=systemd-vconsole-setup comm="systemd" exe="/usr/lib/systemd/systemd" hostname=? addr=? terminal=? res=success'
[    2.356827] usb 1-8: New USB device found, idVendor=05ac, idProduct=8290, bcdDevice= 1.61
[    2.356830] usb 1-8: New USB device strings: Mfr=1, Product=2, SerialNumber=0
[    2.356832] usb 1-8: Product: Bluetooth USB Host Controller
[    2.356833] usb 1-8: Manufacturer: Broadcom Corp.
[    2.359778] input: Broadcom Corp. Bluetooth USB Host Controller as /devices/pci0000:00/0000:00:14.0/usb1/1-8/1-8:1.0/0003:05AC:8290.0001/input/input4
[    2.411891] hid-generic 0003:05AC:8290.0001: input,hidraw0: USB HID v1.11 Keyboard [Broadcom Corp. Bluetooth USB Host Controller] on usb-0000:00:14.0-8/input0
[    2.412389] input: Broadcom Corp. Bluetooth USB Host Controller as /devices/pci0000:00/0000:00:14.0/usb1/1-8/1-8:1.1/0003:05AC:8290.0002/input/input5
[    2.412480] hid-generic 0003:05AC:8290.0002: input,hidraw1: USB HID v1.11 Mouse [Broadcom Corp. Bluetooth USB Host Controller] on usb-0000:00:14.0-8/input1
[    2.502670] audit: type=1130 audit(1549923973.134:5): pid=1 uid=0 auid=4294967295 ses=4294967295 subj=kernel msg='unit=dracut-cmdline comm="systemd" exe="/usr/lib/systemd/systemd" hostname=? addr=? terminal=? res=success'
[    2.525741] usb 1-12: new full-speed USB device number 3 using xhci_hcd
[    2.533557] audit: type=1130 audit(1549923973.165:6): pid=1 uid=0 auid=4294967295 ses=4294967295 subj=kernel msg='unit=dracut-pre-udev comm="systemd" exe="/usr/lib/systemd/systemd" hostname=? addr=? terminal=? res=success'
[    2.553221] audit: type=1130 audit(1549923973.185:7): pid=1 uid=0 auid=4294967295 ses=4294967295 subj=kernel msg='unit=systemd-udevd comm="systemd" exe="/usr/lib/systemd/systemd" hostname=? addr=? terminal=? res=success'
[    2.612114] audit: type=1130 audit(1549923973.244:8): pid=1 uid=0 auid=4294967295 ses=4294967295 subj=kernel msg='unit=systemd-udev-trigger comm="systemd" exe="/usr/lib/systemd/systemd" hostname=? addr=? terminal=? res=success'
[    2.625809] tsc: Refined TSC clocksource calibration: 2194.918 MHz
[    2.625816] clocksource: tsc: mask: 0xffffffffffffffff max_cycles: 0x1fa37202099, max_idle_ns: 440795206796 ns
[    2.625832] clocksource: Switched to clocksource tsc
[    2.629493] audit: type=1130 audit(1549923973.260:9): pid=1 uid=0 auid=4294967295 ses=4294967295 subj=kernel msg='unit=plymouth-start comm="systemd" exe="/usr/lib/systemd/systemd" hostname=? addr=? terminal=? res=success'
[    2.653414] usb 1-12: New USB device found, idVendor=05ac, idProduct=0274, bcdDevice= 6.24
[    2.653416] usb 1-12: New USB device strings: Mfr=1, Product=2, SerialNumber=3
[    2.653418] usb 1-12: Product: Apple Internal Keyboard / Trackpad
[    2.653420] usb 1-12: Manufacturer: Apple Inc.
[    2.653421] usb 1-12: SerialNumber: D3H61830CG1FTV4A16PF
[    2.654537] usb-storage 2-4:1.0: USB Mass Storage device detected
[    2.668307] scsi host1: usb-storage 2-4:1.0
[    2.668427] usbcore: registered new interface driver usb-storage
[    2.681301] usbcore: registered new interface driver uas
[    2.686833] apple 0003:05AC:0274.0003: hiddev96,hidraw2: USB HID v1.10 Device [Apple Inc. Apple Internal Keyboard / Trackpad] on usb-0000:00:14.0-12/input0
[    2.687051] input: Apple Inc. Apple Internal Keyboard / Trackpad as /devices/pci0000:00/0000:00:14.0/usb1/1-12/1-12:1.1/0003:05AC:0274.0004/input/input6
[    2.738932] apple 0003:05AC:0274.0004: input,hiddev97,hidraw3: USB HID v1.10 Keyboard [Apple Inc. Apple Internal Keyboard / Trackpad] on usb-0000:00:14.0-12/input1
[    2.739090] apple 0003:05AC:0274.0005: hiddev98,hidraw4: USB HID v1.10 Device [Apple Inc. Apple Internal Keyboard / Trackpad] on usb-0000:00:14.0-12/input3
[    2.739192] apple 0003:05AC:0274.0006: hiddev99,hidraw5: USB HID v1.10 Device [Apple Inc. Apple Internal Keyboard / Trackpad] on usb-0000:00:14.0-12/input4
[    2.806171] audit: type=1130 audit(1549923973.437:10): pid=1 uid=0 auid=4294967295 ses=4294967295 subj=kernel msg='unit=systemd-ask-password-plymouth comm="systemd" exe="/usr/lib/systemd/systemd" hostname=? addr=? terminal=? res=success'
[    2.911177] VFIO - User Level meta-driver version: 0.3
[    3.490274] [drm] Found 128MB of eDRAM
[    3.490419] checking generic (90000000 1437000) vs hw (90000000 10000000)
[    3.490420] fb0: switching to inteldrmfb from EFI VGA
[    3.490469] [drm] Replacing VGA console driver
[    3.490825] [drm] Supports vblank timestamp caching Rev 2 (21.10.2013).
[    3.490826] [drm] Driver supports precise vblank timestamp query.
[    3.490865] i915 0000:00:02.0: vgaarb: changed VGA decodes: olddecodes=io+mem,decodes=io+mem:owns=io+mem
[    3.512374] [drm] Initialized i915 1.6.0 20181204 for 0000:00:02.0 on minor 0
[    3.513256] ACPI: Video Device [IGPU] (multi-head: yes  rom: no  post: no)
[    3.513810] acpi device:57: registered as cooling_device8
[    3.513879] input: Video Bus as /devices/LNXSYSTM:00/LNXSYBUS:00/PNP0A08:00/LNXVIDEO:00/input/input7
[    3.520207] fbcon: inteldrmfb (fb0) is primary device
[    3.520208] fbcon: Deferring console take-over
[    3.520211] i915 0000:00:02.0: fb0: inteldrmfb frame buffer device
[    3.716065] scsi 1:0:0:0: Direct-Access     APPLE    SD Card Reader   3.00 PQ: 0 ANSI: 6
[    3.716438] sd 1:0:0:0: Attached scsi generic sg1 type 0
[    3.717633] sd 1:0:0:0: [sdb] Attached SCSI removable disk
[   12.858697] device-mapper: crypt: xts(aes) using implementation "xts-aes-aesni"
[   12.913009] kauditd_printk_skb: 2 callbacks suppressed
[   12.913011] audit: type=1130 audit(1549923983.544:13): pid=1 uid=0 auid=4294967295 ses=4294967295 subj=kernel msg='unit=systemd-cryptsetup@luks\x2ddd1fa933\x2def9f\x2d402b\x2da2e4\x2d7c9d6fb7ce0d comm="systemd" exe="/usr/lib/systemd/systemd" hostname=? addr=? terminal=? res=success'
[   13.293356] PM: Image not found (code -22)
[   13.294281] audit: type=1130 audit(1549923983.925:14): pid=1 uid=0 auid=4294967295 ses=4294967295 subj=kernel msg='unit=systemd-hibernate-resume@dev-mapper-im\x2d\x2dmac\x2dswap comm="systemd" exe="/usr/lib/systemd/systemd" hostname=? addr=? terminal=? res=success'
[   13.294284] audit: type=1131 audit(1549923983.925:15): pid=1 uid=0 auid=4294967295 ses=4294967295 subj=kernel msg='unit=systemd-hibernate-resume@dev-mapper-im\x2d\x2dmac\x2dswap comm="systemd" exe="/usr/lib/systemd/systemd" hostname=? addr=? terminal=? res=success'
[   13.302295] audit: type=1130 audit(1549923983.933:16): pid=1 uid=0 auid=4294967295 ses=4294967295 subj=kernel msg='unit=systemd-tmpfiles-setup comm="systemd" exe="/usr/lib/systemd/systemd" hostname=? addr=? terminal=? res=success'
[   13.310495] audit: type=1130 audit(1549923983.941:17): pid=1 uid=0 auid=4294967295 ses=4294967295 subj=kernel msg='unit=dracut-initqueue comm="systemd" exe="/usr/lib/systemd/systemd" hostname=? addr=? terminal=? res=success'
[   13.328973] audit: type=1130 audit(1549923983.960:18): pid=1 uid=0 auid=4294967295 ses=4294967295 subj=kernel msg='unit=systemd-fsck-root comm="systemd" exe="/usr/lib/systemd/systemd" hostname=? addr=? terminal=? res=success'
[   13.648431] SGI XFS with ACLs, security attributes, scrub, no debug enabled
[   13.652509] XFS (dm-1): Mounting V5 Filesystem
[   13.672112] XFS (dm-1): Ending clean mount
[   13.787721] audit: type=1130 audit(1549923984.418:19): pid=1 uid=0 auid=4294967295 ses=4294967295 subj=kernel msg='unit=initrd-parse-etc comm="systemd" exe="/usr/lib/systemd/systemd" hostname=? addr=? terminal=? res=success'
[   13.787730] audit: type=1131 audit(1549923984.419:20): pid=1 uid=0 auid=4294967295 ses=4294967295 subj=kernel msg='unit=initrd-parse-etc comm="systemd" exe="/usr/lib/systemd/systemd" hostname=? addr=? terminal=? res=success'
[   13.932503] audit: type=1130 audit(1549923984.563:21): pid=1 uid=0 auid=4294967295 ses=4294967295 subj=kernel msg='unit=dracut-pre-pivot comm="systemd" exe="/usr/lib/systemd/systemd" hostname=? addr=? terminal=? res=success'
[   13.942969] audit: type=1131 audit(1549923984.574:22): pid=1 uid=0 auid=4294967295 ses=4294967295 subj=kernel msg='unit=dracut-pre-pivot comm="systemd" exe="/usr/lib/systemd/systemd" hostname=? addr=? terminal=? res=success'
[   14.028415] systemd-journald[308]: Received SIGTERM from PID 1 (systemd).
[   14.060470] printk: systemd: 14 output lines suppressed due to ratelimiting
[   14.521565] SELinux:  Class xdp_socket not defined in policy.
[   14.521566] SELinux: the above unknown classes and permissions will be allowed
[   14.521569] SELinux:  policy capability network_peer_controls=1
[   14.521569] SELinux:  policy capability open_perms=1
[   14.521570] SELinux:  policy capability extended_socket_class=1
[   14.521570] SELinux:  policy capability always_check_network=0
[   14.521571] SELinux:  policy capability cgroup_seclabel=1
[   14.521571] SELinux:  policy capability nnp_nosuid_transition=1
[   14.543155] systemd[1]: Successfully loaded SELinux policy in 400.636ms.
[   14.582403] systemd[1]: Relabelled /dev, /run and /sys/fs/cgroup in 25.207ms.
[   14.584748] systemd[1]: systemd 239 running in system mode. (+PAM +AUDIT +SELINUX +IMA -APPARMOR +SMACK +SYSVINIT +UTMP +LIBCRYPTSETUP +GCRYPT +GNUTLS +ACL +XZ +LZ4 +SECCOMP +BLKID +ELFUTILS +KMOD +IDN2 -IDN +PCRE2 default-hierarchy=hybrid)
[   14.596876] systemd[1]: Detected architecture x86-64.
[   14.598578] systemd[1]: Set hostname to <im-mac>.
[   14.622317] systemd-sysv-generator[924]: stat() failed on /etc/rc.d/init.d/jexec, ignoring: No such file or directory
[   14.799581] systemd[1]: Stopped Switch Root.
[   14.799796] systemd[1]: systemd-journald.service: Service has no hold-off time (RestartSec=0), scheduling restart.
[   14.799853] systemd[1]: systemd-journald.service: Scheduled restart job, restart counter is at 1.
[   14.799871] systemd[1]: Stopped Journal Service.
[   14.800869] systemd[1]: Starting Journal Service...
[   14.801698] systemd[1]: Mounting Kernel Debug File System...
[   14.801990] systemd[1]: Created slice User and Session Slice.
[   14.812830] Adding 4194300k swap on /dev/mapper/im--mac-swap.  Priority:-2 extents:1 across:4194300k SSFS
[   14.847433] systemd-journald[931]: Received request to flush runtime journal from PID 1
[   15.036199] smbus_hc ACPI0001:00: SBS HC: offset = 0x20, query_bit = 0x10
[   15.043940] apple_gmux: gmux device not present
[   15.124963] ACPI Warning: SystemIO range 0x0000000000000840-0x000000000000084F conflicts with OpRegion 0x0000000000000800-0x0000000000000863 (\GPIO) (20181213/utaddress-213)
[   15.124970] ACPI: If an ACPI driver is available for this device, you should use it instead of the native driver
[   15.124971] ACPI Warning: SystemIO range 0x0000000000000830-0x000000000000083F conflicts with OpRegion 0x0000000000000800-0x0000000000000863 (\GPIO) (20181213/utaddress-213)
[   15.124974] ACPI: If an ACPI driver is available for this device, you should use it instead of the native driver
[   15.124975] ACPI Warning: SystemIO range 0x0000000000000800-0x000000000000082F conflicts with OpRegion 0x0000000000000810-0x0000000000000813 (\_PR.IO_D) (20181213/utaddress-213)
[   15.124979] ACPI Warning: SystemIO range 0x0000000000000800-0x000000000000082F conflicts with OpRegion 0x0000000000000800-0x0000000000000863 (\GPIO) (20181213/utaddress-213)
[   15.124982] ACPI Warning: SystemIO range 0x0000000000000800-0x000000000000082F conflicts with OpRegion 0x0000000000000810-0x0000000000000813 (\IO_D) (20181213/utaddress-213)
[   15.124984] ACPI Warning: SystemIO range 0x0000000000000800-0x000000000000082F conflicts with OpRegion 0x0000000000000800-0x000000000000080F (\IO_T) (20181213/utaddress-213)
[   15.124988] ACPI: If an ACPI driver is available for this device, you should use it instead of the native driver
[   15.124988] lpc_ich: Resource conflict(s) found affecting gpio_ich
[   15.125814] i801_smbus 0000:00:1f.3: SPD Write Disable is set
[   15.125847] i801_smbus 0000:00:1f.3: SMBus using PCI interrupt
[   15.151143] input: bcm5974 as /devices/pci0000:00/0000:00:14.0/usb1/1-12/1-12:1.2/input/input8
[   15.151289] usbcore: registered new interface driver bcm5974
[   15.169818] RAPL PMU: API unit is 2^-32 Joules, 4 fixed counters, 655360 ms ovfl timer
[   15.169820] RAPL PMU: hw unit of domain pp0-core 2^-14 Joules
[   15.169821] RAPL PMU: hw unit of domain package 2^-14 Joules
[   15.169821] RAPL PMU: hw unit of domain dram 2^-14 Joules
[   15.169822] RAPL PMU: hw unit of domain pp1-gpu 2^-14 Joules
[   15.340553] ACPI: Smart Battery System [SBS0]: Battery Slot [BAT0] (battery present)
[   15.343913] applesmc: key=719 fan=2 temp=48 index=43 acc=0 lux=2 kbd=1
[   15.344085] applesmc applesmc.768: hwmon_device_register() is deprecated. Please convert the driver to use hwmon_device_register_with_info().
[   15.353311] cfg80211: Loading compiled-in X.509 certificates for regulatory database
[   15.354174] cfg80211: Loaded X.509 cert 'sforshee: 00b28ddf47aef9cea7'
[   15.361500] iTCO_vendor_support: vendor-support=0
[   15.378517] Bluetooth: Core ver 2.22
[   15.378538] NET: Registered protocol family 31
[   15.378538] Bluetooth: HCI device and connection manager initialized
[   15.378542] Bluetooth: HCI socket layer initialized
[   15.378544] Bluetooth: L2CAP socket layer initialized
[   15.378548] Bluetooth: SCO socket layer initialized
[   15.388535] thunderbolt 0000:07:00.0: 0:1: is unplugged (state: 7)
[   15.388667] thunderbolt 0000:07:00.0: 0:3: is unplugged (state: 7)
[   15.391201] iTCO_wdt: Intel TCO WatchDog Timer Driver v1.11
[   15.391255] iTCO_wdt: unable to reset NO_REBOOT flag, device disabled by hardware/BIOS
[   15.401577] snd_hda_intel 0000:00:03.0: Linked as a consumer to 0000:00:02.0
[   15.401624] snd_hda_intel 0000:00:03.0: bound 0000:00:02.0 (ops i915_audio_component_bind_ops [i915])
[   15.434983] usbcore: registered new interface driver btusb
[   15.471605] input: HDA Intel HDMI HDMI/DP,pcm=3 as /devices/pci0000:00/0000:00:03.0/sound/card0/input9
[   15.471729] input: HDA Intel HDMI HDMI/DP,pcm=7 as /devices/pci0000:00/0000:00:03.0/sound/card0/input10
[   15.471802] input: HDA Intel HDMI HDMI/DP,pcm=8 as /devices/pci0000:00/0000:00:03.0/sound/card0/input11
[   15.471864] input: HDA Intel HDMI HDMI/DP,pcm=9 as /devices/pci0000:00/0000:00:03.0/sound/card0/input12
[   15.471917] input: HDA Intel HDMI HDMI/DP,pcm=10 as /devices/pci0000:00/0000:00:03.0/sound/card0/input13
[   15.484173] snd_hda_codec_cirrus hdaudioC1D0: autoconfig for CS4208: line_outs=2 (0x12/0x13/0x0/0x0/0x0) type:speaker
[   15.484175] snd_hda_codec_cirrus hdaudioC1D0:    speaker_outs=0 (0x0/0x0/0x0/0x0/0x0)
[   15.484177] snd_hda_codec_cirrus hdaudioC1D0:    hp_outs=1 (0x10/0x0/0x0/0x0/0x0)
[   15.484178] snd_hda_codec_cirrus hdaudioC1D0:    mono: mono_out=0x0
[   15.484180] snd_hda_codec_cirrus hdaudioC1D0:    dig-out=0x21/0x0
[   15.484181] snd_hda_codec_cirrus hdaudioC1D0:    inputs:
[   15.484183] snd_hda_codec_cirrus hdaudioC1D0:      Internal Mic=0x1c
[   15.484184] snd_hda_codec_cirrus hdaudioC1D0:      Mic=0x18
[   15.493459] input: HDA Intel PCH Mic as /devices/pci0000:00/0000:00:1b.0/sound/card1/input14
[   15.493530] input: HDA Intel PCH Headphone as /devices/pci0000:00/0000:00:1b.0/sound/card1/input15
[   15.493589] input: HDA Intel PCH SPDIF as /devices/pci0000:00/0000:00:1b.0/sound/card1/input16
[   15.554928] Bluetooth: hci0: BCM: chip id 102 build 0715
[   15.555937] Bluetooth: hci0: BCM: product 05ac:8290
[   15.556928] Bluetooth: hci0: BCM: features 0x2f
[   15.567594] usbcore: registered new interface driver brcmfmac
[   15.576872] Bluetooth: hci0: im-mac
[   15.587657] intel_rapl: Found RAPL domain package
[   15.587659] intel_rapl: Found RAPL domain core
[   15.587660] intel_rapl: Found RAPL domain uncore
[   15.587661] intel_rapl: Found RAPL domain dram
[   15.664389] XFS (sda3): Mounting V5 Filesystem
[   15.665016] XFS (dm-4): Mounting V5 Filesystem
[   15.667568] XFS (dm-3): Mounting V5 Filesystem
[   15.674117] brcmfmac: brcmf_fw_alloc_request: using brcm/brcmfmac43602-pcie for chip BCM43602/1
[   15.676016] XFS (sda3): Ending clean mount
[   15.681896] brcmfmac 0000:03:00.0: Direct firmware load for brcm/brcmfmac43602-pcie.Apple Inc.-MacBookPro11,4.txt failed with error -2
[   15.681904] brcmfmac 0000:03:00.0: Direct firmware load for brcm/brcmfmac43602-pcie.txt failed with error -2
[   15.688667] XFS (dm-4): Ending clean mount
[   15.696539] XFS (dm-3): Ending clean mount
[   15.991135] Bluetooth: BNEP (Ethernet Emulation) ver 1.3
[   15.991137] Bluetooth: BNEP filters: protocol multicast
[   15.991140] Bluetooth: BNEP socket layer initialized
[   16.195353] brcmfmac: brcmf_fw_alloc_request: using brcm/brcmfmac43602-pcie for chip BCM43602/1
[   16.195491] brcmfmac 0000:03:00.0: Direct firmware load for brcm/brcmfmac43602-pcie.clm_blob failed with error -2
[   16.195493] brcmfmac: brcmf_c_process_clm_blob: no clm_blob available (err=-2), device may have limited channels available
[   16.196252] brcmfmac: brcmf_c_preinit_dcmds: Firmware: BCM43602/1 wl0: Nov 10 2015 06:38:10 version 7.35.177.61 (r598657) FWID 01-ea662a8c
[   16.257458] brcmfmac 0000:03:00.0 wlp3s0: renamed from wlan0
[   17.405465] tun: Universal TUN/TAP device driver, 1.6
[   17.407272] virbr0: port 1(virbr0-nic) entered blocking state
[   17.407273] virbr0: port 1(virbr0-nic) entered disabled state
[   17.407311] device virbr0-nic entered promiscuous mode
[   17.570385] virbr0: port 1(virbr0-nic) entered blocking state
[   17.570389] virbr0: port 1(virbr0-nic) entered listening state
[   17.619140] virbr0: port 1(virbr0-nic) entered disabled state
[   23.939174] Bluetooth: RFCOMM TTY layer initialized
[   23.939182] Bluetooth: RFCOMM socket layer initialized
[   23.939244] Bluetooth: RFCOMM ver 1.11
[   24.127772] fuse init (API version 7.28)
[   25.297322] rfkill: input handler disabled
[   25.640516] IPv6: ADDRCONF(NETDEV_CHANGE): wlp3s0: link becomes ready
[   31.191491] brcmfmac: brcmf_inetaddr_changed: fail to get arp ip table err:-52
[   73.402998] xhci_hcd 0000:00:14.0: ep 0x82 - asked for 65 bytes, 55 bytes untransferred
[   73.482978] xhci_hcd 0000:00:14.0: ep 0x82 - asked for 65 bytes, 55 bytes untransferred
[   73.522918] xhci_hcd 0000:00:14.0: ep 0x82 - asked for 65 bytes, 55 bytes untransferred
[   73.554927] xhci_hcd 0000:00:14.0: ep 0x82 - asked for 65 bytes, 55 bytes untransferred
[   73.606064] xhci_hcd 0000:00:14.0: ep 0x81 - asked for 96 bytes, 78 bytes untransferred
[   73.606080] xhci_hcd 0000:00:14.0: Giveback URB 00000000fbcbda64, len = 18, expected = 96, status = 0
[   73.606142] xhci_hcd 0000:00:14.0: Stalled endpoint for slot 2 ep 2
[   73.606151] xhci_hcd 0000:00:14.0: Cleaning up stalled endpoint ring
[   73.606155] xhci_hcd 0000:00:14.0: Finding endpoint context
[   73.606157] xhci_hcd 0000:00:14.0: Cycle state = 0x1
[   73.606160] xhci_hcd 0000:00:14.0: New dequeue segment = 00000000620cd826 (virtual)
[   73.606162] xhci_hcd 0000:00:14.0: New dequeue pointer = 0x459cd02c0 (DMA)
[   73.606164] xhci_hcd 0000:00:14.0: Queueing new dequeue state
[   73.606168] xhci_hcd 0000:00:14.0: Set TR Deq Ptr cmd, new deq seg = 00000000620cd826 (0x459cd0000 dma), new deq ptr = 000000003751424c (0x459cd02c0 dma), new cycle = 1
[   73.606171] xhci_hcd 0000:00:14.0: // Ding dong!
[   73.606180] xhci_hcd 0000:00:14.0: Giveback URB 00000000f72ce7f8, len = 0, expected = 13, status = -32
[   73.606187] xhci_hcd 0000:00:14.0: Ignoring reset ep completion code of 1
[   73.606190] xhci_hcd 0000:00:14.0: Successful Set TR Deq Ptr cmd, deq = @459cd02c0
[   73.898983] xhci_hcd 0000:00:14.0: ep 0x82 - asked for 65 bytes, 55 bytes untransferred
[   74.010934] xhci_hcd 0000:00:14.0: ep 0x82 - asked for 65 bytes, 55 bytes untransferred
[   74.066932] xhci_hcd 0000:00:14.0: ep 0x82 - asked for 65 bytes, 55 bytes untransferred
[   74.090930] xhci_hcd 0000:00:14.0: ep 0x82 - asked for 65 bytes, 55 bytes untransferred
[   74.218987] xhci_hcd 0000:00:14.0: ep 0x82 - asked for 65 bytes, 55 bytes untransferred
[   74.274935] xhci_hcd 0000:00:14.0: ep 0x82 - asked for 65 bytes, 55 bytes untransferred
[   74.346945] xhci_hcd 0000:00:14.0: ep 0x82 - asked for 65 bytes, 55 bytes untransferred
[   74.354984] xhci_hcd 0000:00:14.0: ep 0x82 - asked for 65 bytes, 55 bytes untransferred
[   75.654248] xhci_hcd 0000:00:14.0: ep 0x81 - asked for 96 bytes, 78 bytes untransferred
[   75.654259] xhci_hcd 0000:00:14.0: Giveback URB 000000003e8fce3e, len = 18, expected = 96, status = 0
[   75.654324] xhci_hcd 0000:00:14.0: Stalled endpoint for slot 2 ep 2
[   75.654333] xhci_hcd 0000:00:14.0: Cleaning up stalled endpoint ring
[   75.654338] xhci_hcd 0000:00:14.0: Finding endpoint context
[   75.654344] xhci_hcd 0000:00:14.0: Cycle state = 0x1
[   75.654350] xhci_hcd 0000:00:14.0: New dequeue segment = 00000000620cd826 (virtual)
[   75.654355] xhci_hcd 0000:00:14.0: New dequeue pointer = 0x459cd0300 (DMA)
[   75.654359] xhci_hcd 0000:00:14.0: Queueing new dequeue state
[   75.654370] xhci_hcd 0000:00:14.0: Set TR Deq Ptr cmd, new deq seg = 00000000620cd826 (0x459cd0000 dma), new deq ptr = 000000000093b8ea (0x459cd0300 dma), new cycle = 1
[   75.654374] xhci_hcd 0000:00:14.0: // Ding dong!
[   75.654385] xhci_hcd 0000:00:14.0: Giveback URB 00000000f72ce7f8, len = 0, expected = 13, status = -32
[   75.654405] xhci_hcd 0000:00:14.0: Ignoring reset ep completion code of 1
[   75.654411] xhci_hcd 0000:00:14.0: Successful Set TR Deq Ptr cmd, deq = @459cd0300
[   75.858985] xhci_hcd 0000:00:14.0: ep 0x83 - asked for 526 bytes, 450 bytes untransferred
[   75.866985] xhci_hcd 0000:00:14.0: ep 0x83 - asked for 526 bytes, 450 bytes untransferred
[   75.874983] xhci_hcd 0000:00:14.0: ep 0x83 - asked for 526 bytes, 450 bytes untransferred
[   75.882988] xhci_hcd 0000:00:14.0: ep 0x83 - asked for 526 bytes, 450 bytes untransferred
[   75.890987] xhci_hcd 0000:00:14.0: ep 0x83 - asked for 526 bytes, 450 bytes untransferred
[   75.898993] xhci_hcd 0000:00:14.0: ep 0x83 - asked for 526 bytes, 450 bytes untransferred
[   75.906991] xhci_hcd 0000:00:14.0: ep 0x83 - asked for 526 bytes, 450 bytes untransferred
[   75.914990] xhci_hcd 0000:00:14.0: ep 0x83 - asked for 526 bytes, 450 bytes untransferred
[   75.922990] xhci_hcd 0000:00:14.0: ep 0x83 - asked for 526 bytes, 450 bytes untransferred
[   75.931990] xhci_hcd 0000:00:14.0: ep 0x83 - asked for 526 bytes, 450 bytes untransferred
[   75.939993] xhci_hcd 0000:00:14.0: ep 0x83 - asked for 526 bytes, 450 bytes untransferred
[   75.947915] xhci_hcd 0000:00:14.0: ep 0x83 - asked for 526 bytes, 450 bytes untransferred
[   75.955910] xhci_hcd 0000:00:14.0: ep 0x83 - asked for 526 bytes, 450 bytes untransferred
[   75.963903] xhci_hcd 0000:00:14.0: ep 0x83 - asked for 526 bytes, 450 bytes untransferred
[   75.971972] xhci_hcd 0000:00:14.0: ep 0x83 - asked for 526 bytes, 450 bytes untransferred
[   75.979972] xhci_hcd 0000:00:14.0: ep 0x83 - asked for 526 bytes, 450 bytes untransferred
[   75.987938] xhci_hcd 0000:00:14.0: ep 0x83 - asked for 526 bytes, 450 bytes untransferred
[   75.995974] xhci_hcd 0000:00:14.0: ep 0x83 - asked for 526 bytes, 450 bytes untransferred
[   76.003974] xhci_hcd 0000:00:14.0: ep 0x83 - asked for 526 bytes, 450 bytes untransferred
[   76.011975] xhci_hcd 0000:00:14.0: ep 0x83 - asked for 526 bytes, 450 bytes untransferred
[   76.019973] xhci_hcd 0000:00:14.0: ep 0x83 - asked for 526 bytes, 450 bytes untransferred
[   76.027983] xhci_hcd 0000:00:14.0: ep 0x83 - asked for 526 bytes, 450 bytes untransferred
[   76.035930] xhci_hcd 0000:00:14.0: ep 0x83 - asked for 526 bytes, 450 bytes untransferred
[   76.044904] xhci_hcd 0000:00:14.0: ep 0x83 - asked for 526 bytes, 450 bytes untransferred
[   76.052983] xhci_hcd 0000:00:14.0: ep 0x83 - asked for 526 bytes, 450 bytes untransferred
[   76.060984] xhci_hcd 0000:00:14.0: ep 0x83 - asked for 526 bytes, 450 bytes untransferred
[   76.068987] xhci_hcd 0000:00:14.0: ep 0x83 - asked for 526 bytes, 450 bytes untransferred
[   76.076986] xhci_hcd 0000:00:14.0: ep 0x83 - asked for 526 bytes, 450 bytes untransferred
[   76.084986] xhci_hcd 0000:00:14.0: ep 0x83 - asked for 526 bytes, 450 bytes untransferred
[   76.092987] xhci_hcd 0000:00:14.0: ep 0x83 - asked for 526 bytes, 450 bytes untransferred
[   76.100990] xhci_hcd 0000:00:14.0: ep 0x83 - asked for 526 bytes, 450 bytes untransferred
[   76.108987] xhci_hcd 0000:00:14.0: ep 0x83 - asked for 526 bytes, 450 bytes untransferred
[   76.116988] xhci_hcd 0000:00:14.0: ep 0x83 - asked for 526 bytes, 450 bytes untransferred
[   76.124987] xhci_hcd 0000:00:14.0: ep 0x83 - asked for 526 bytes, 450 bytes untransferred
[   76.132990] xhci_hcd 0000:00:14.0: ep 0x83 - asked for 526 bytes, 450 bytes untransferred
[   76.141988] xhci_hcd 0000:00:14.0: ep 0x83 - asked for 526 bytes, 450 bytes untransferred
[   76.148991] xhci_hcd 0000:00:14.0: ep 0x83 - asked for 526 bytes, 450 bytes untransferred
[   76.157990] xhci_hcd 0000:00:14.0: ep 0x83 - asked for 526 bytes, 450 bytes untransferred
[   76.165991] xhci_hcd 0000:00:14.0: ep 0x83 - asked for 526 bytes, 450 bytes untransferred
[   76.173989] xhci_hcd 0000:00:14.0: ep 0x83 - asked for 526 bytes, 450 bytes untransferred
[   76.181996] xhci_hcd 0000:00:14.0: ep 0x83 - asked for 526 bytes, 450 bytes untransferred
[   76.189996] xhci_hcd 0000:00:14.0: ep 0x83 - asked for 526 bytes, 450 bytes untransferred
[   76.197994] xhci_hcd 0000:00:14.0: ep 0x83 - asked for 526 bytes, 450 bytes untransferred
[   76.205994] xhci_hcd 0000:00:14.0: ep 0x83 - asked for 526 bytes, 450 bytes untransferred
[   76.213994] xhci_hcd 0000:00:14.0: ep 0x83 - asked for 526 bytes, 450 bytes untransferred
[   76.221993] xhci_hcd 0000:00:14.0: ep 0x83 - asked for 526 bytes, 450 bytes untransferred
[   76.231995] xhci_hcd 0000:00:14.0: ep 0x83 - asked for 526 bytes, 450 bytes untransferred
[   76.238914] xhci_hcd 0000:00:14.0: ep 0x83 - asked for 526 bytes, 450 bytes untransferred
[   76.246994] xhci_hcd 0000:00:14.0: ep 0x83 - asked for 526 bytes, 450 bytes untransferred
[   76.254987] xhci_hcd 0000:00:14.0: ep 0x83 - asked for 526 bytes, 450 bytes untransferred
[   76.262988] xhci_hcd 0000:00:14.0: ep 0x83 - asked for 526 bytes, 450 bytes untransferred
[   76.270987] xhci_hcd 0000:00:14.0: ep 0x83 - asked for 526 bytes, 450 bytes untransferred
[   76.278991] xhci_hcd 0000:00:14.0: ep 0x83 - asked for 526 bytes, 450 bytes untransferred
[   76.286994] xhci_hcd 0000:00:14.0: ep 0x83 - asked for 526 bytes, 450 bytes untransferred
[   76.295995] xhci_hcd 0000:00:14.0: ep 0x83 - asked for 526 bytes, 450 bytes untransferred
[   76.302993] xhci_hcd 0000:00:14.0: ep 0x83 - asked for 526 bytes, 450 bytes untransferred
[   76.310994] xhci_hcd 0000:00:14.0: ep 0x83 - asked for 526 bytes, 450 bytes untransferred
[   76.317995] xhci_hcd 0000:00:14.0: ep 0x83 - asked for 526 bytes, 450 bytes untransferred
[   76.325996] xhci_hcd 0000:00:14.0: ep 0x83 - asked for 526 bytes, 450 bytes untransferred
[   76.810994] xhci_hcd 0000:00:14.0: ep 0x82 - asked for 65 bytes, 55 bytes untransferred
[   77.702476] xhci_hcd 0000:00:14.0: ep 0x81 - asked for 96 bytes, 78 bytes untransferred
[   77.702486] xhci_hcd 0000:00:14.0: Giveback URB 000000003e8fce3e, len = 18, expected = 96, status = 0
[   77.702555] xhci_hcd 0000:00:14.0: Stalled endpoint for slot 2 ep 2
[   77.702563] xhci_hcd 0000:00:14.0: Cleaning up stalled endpoint ring
[   77.702569] xhci_hcd 0000:00:14.0: Finding endpoint context
[   77.702572] xhci_hcd 0000:00:14.0: Cycle state = 0x1
[   77.702575] xhci_hcd 0000:00:14.0: New dequeue segment = 00000000620cd826 (virtual)
[   77.702578] xhci_hcd 0000:00:14.0: New dequeue pointer = 0x459cd0340 (DMA)
[   77.702581] xhci_hcd 0000:00:14.0: Queueing new dequeue state
[   77.702585] xhci_hcd 0000:00:14.0: Set TR Deq Ptr cmd, new deq seg = 00000000620cd826 (0x459cd0000 dma), new deq ptr = 0000000098f324db (0x459cd0340 dma), new cycle = 1
[   77.702590] xhci_hcd 0000:00:14.0: // Ding dong!
[   77.702599] xhci_hcd 0000:00:14.0: Giveback URB 00000000f72ce7f8, len = 0, expected = 13, status = -32
[   77.702607] xhci_hcd 0000:00:14.0: Ignoring reset ep completion code of 1
[   77.702613] xhci_hcd 0000:00:14.0: Successful Set TR Deq Ptr cmd, deq = @459cd0340
[   78.250994] xhci_hcd 0000:00:14.0: ep 0x82 - asked for 65 bytes, 55 bytes untransferred
[   78.322937] xhci_hcd 0000:00:14.0: ep 0x82 - asked for 65 bytes, 55 bytes untransferred
[   78.546990] xhci_hcd 0000:00:14.0: ep 0x82 - asked for 65 bytes, 55 bytes untransferred
[   79.750592] xhci_hcd 0000:00:14.0: ep 0x81 - asked for 96 bytes, 78 bytes untransferred
[   79.750607] xhci_hcd 0000:00:14.0: Giveback URB 0000000049255db0, len = 18, expected = 96, status = 0
[   79.750702] xhci_hcd 0000:00:14.0: Stalled endpoint for slot 2 ep 2
[   79.750717] xhci_hcd 0000:00:14.0: Cleaning up stalled endpoint ring
[   79.750723] xhci_hcd 0000:00:14.0: Finding endpoint context
[   79.750729] xhci_hcd 0000:00:14.0: Cycle state = 0x1
[   79.750736] xhci_hcd 0000:00:14.0: New dequeue segment = 00000000620cd826 (virtual)
[   79.750742] xhci_hcd 0000:00:14.0: New dequeue pointer = 0x459cd0380 (DMA)
[   79.750747] xhci_hcd 0000:00:14.0: Queueing new dequeue state
[   79.750760] xhci_hcd 0000:00:14.0: Set TR Deq Ptr cmd, new deq seg = 00000000620cd826 (0x459cd0000 dma), new deq ptr = 0000000009b939c0 (0x459cd0380 dma), new cycle = 1
[   79.750771] xhci_hcd 0000:00:14.0: // Ding dong!
[   79.750784] xhci_hcd 0000:00:14.0: Giveback URB 00000000f72ce7f8, len = 0, expected = 13, status = -32
[   79.750798] xhci_hcd 0000:00:14.0: Ignoring reset ep completion code of 1
[   79.750806] xhci_hcd 0000:00:14.0: Successful Set TR Deq Ptr cmd, deq = @459cd0380
[   80.897603] xhci_hcd 0000:00:14.0: Cancel URB 00000000ac923569, dev 12, ep 0x83, starting at offset 0x4565c1ac0
[   80.897610] xhci_hcd 0000:00:14.0: // Ding dong!
[   80.897642] xhci_hcd 0000:00:14.0: Stopped on Transfer TRB for slot 3 ep 6
[   80.897646] xhci_hcd 0000:00:14.0: Removing canceled TD starting at 0x4565c1ac0 (dma).
[   80.897648] xhci_hcd 0000:00:14.0: Finding endpoint context
[   80.897650] xhci_hcd 0000:00:14.0: Cycle state = 0x0
[   80.897652] xhci_hcd 0000:00:14.0: New dequeue segment = 00000000fa307c6c (virtual)
[   80.897654] xhci_hcd 0000:00:14.0: New dequeue pointer = 0x4565c1ad0 (DMA)
[   80.897656] xhci_hcd 0000:00:14.0: Set TR Deq Ptr cmd, new deq seg = 00000000fa307c6c (0x4565c1000 dma), new deq ptr = 0000000043480c19 (0x4565c1ad0 dma), new cycle = 0
[   80.897658] xhci_hcd 0000:00:14.0: // Ding dong!
[   80.897671] xhci_hcd 0000:00:14.0: Successful Set TR Deq Ptr cmd, deq = @4565c1ad0
[   80.919856] brcmfmac: brcmf_inetaddr_changed: fail to get arp ip table err:-52
[   81.798575] xhci_hcd 0000:00:14.0: ep 0x81 - asked for 96 bytes, 78 bytes untransferred
[   81.798585] xhci_hcd 0000:00:14.0: Giveback URB 00000000ec5bcb40, len = 18, expected = 96, status = 0
[   81.798659] xhci_hcd 0000:00:14.0: Stalled endpoint for slot 2 ep 2
[   81.798669] xhci_hcd 0000:00:14.0: Cleaning up stalled endpoint ring
[   81.798672] xhci_hcd 0000:00:14.0: Finding endpoint context
[   81.798676] xhci_hcd 0000:00:14.0: Cycle state = 0x1
[   81.798680] xhci_hcd 0000:00:14.0: New dequeue segment = 00000000620cd826 (virtual)
[   81.798683] xhci_hcd 0000:00:14.0: New dequeue pointer = 0x459cd03c0 (DMA)
[   81.798686] xhci_hcd 0000:00:14.0: Queueing new dequeue state
[   81.798691] xhci_hcd 0000:00:14.0: Set TR Deq Ptr cmd, new deq seg = 00000000620cd826 (0x459cd0000 dma), new deq ptr = 00000000e0833996 (0x459cd03c0 dma), new cycle = 1
[   81.798697] xhci_hcd 0000:00:14.0: // Ding dong!
[   81.798709] xhci_hcd 0000:00:14.0: Giveback URB 00000000f72ce7f8, len = 0, expected = 13, status = -32
[   81.798716] xhci_hcd 0000:00:14.0: Ignoring reset ep completion code of 1
[   81.798721] xhci_hcd 0000:00:14.0: Successful Set TR Deq Ptr cmd, deq = @459cd03c0
[   82.663274] PM: suspend entry (deep)
[   82.663278] PM: Syncing filesystems ... done.
[   82.690359] Freezing user space processes ... (elapsed 0.312 seconds) done.
[   83.003353] OOM killer disabled.
[   83.003355] Freezing remaining freezable tasks ... (elapsed 0.001 seconds) done.
[   83.005149] printk: Suspending console(s) (use no_console_suspend to debug)
[   83.006932] xhci_hcd 0000:00:14.0: Cancel URB 000000002ccfe44a, dev 12, ep 0x82, starting at offset 0x4565c03c0
[   83.006941] xhci_hcd 0000:00:14.0: // Ding dong!
[   83.006961] xhci_hcd 0000:00:14.0: Stopped on Transfer TRB for slot 3 ep 4
[   83.006967] xhci_hcd 0000:00:14.0: Removing canceled TD starting at 0x4565c03c0 (dma).
[   83.006971] xhci_hcd 0000:00:14.0: Finding endpoint context
[   83.006974] xhci_hcd 0000:00:14.0: Cycle state = 0x1
[   83.006977] xhci_hcd 0000:00:14.0: New dequeue segment = 000000001457245f (virtual)
[   83.006980] xhci_hcd 0000:00:14.0: New dequeue pointer = 0x4565c03d0 (DMA)
[   83.006985] xhci_hcd 0000:00:14.0: Set TR Deq Ptr cmd, new deq seg = 000000001457245f (0x4565c0000 dma), new deq ptr = 000000007fdc3cad (0x4565c03d0 dma), new cycle = 1
[   83.006988] xhci_hcd 0000:00:14.0: // Ding dong!
[   83.007003] xhci_hcd 0000:00:14.0: Successful Set TR Deq Ptr cmd, deq = @4565c03d0
[   83.007153] xhci_hcd 0000:00:14.0: // Ding dong!
[   83.007169] xhci_hcd 0000:00:14.0: Stopped on No-op or Link TRB for slot 3 ep 10
[   83.007176] xhci_hcd 0000:00:14.0: Stopped on No-op or Link TRB for slot 3 ep 8
[   83.007182] xhci_hcd 0000:00:14.0: Stopped on No-op or Link TRB for slot 3 ep 7
[   83.007187] xhci_hcd 0000:00:14.0: Stopped on No-op or Link TRB for slot 3 ep 2
[   83.007193] xhci_hcd 0000:00:14.0: Stopped on No-op or Link TRB for slot 3 ep 0
[   83.015860] sd 0:0:0:0: [sda] Synchronizing SCSI cache
[   83.017556] sd 0:0:0:0: [sda] Stopping disk
[   83.017746] xhci_hcd 0000:00:14.0: // Ding dong!
[   83.017768] xhci_hcd 0000:00:14.0: Stopped on No-op or Link TRB for slot 2 ep 3
[   83.017776] xhci_hcd 0000:00:14.0: Stopped on No-op or Link TRB for slot 2 ep 2
[   83.017780] xhci_hcd 0000:00:14.0: Stopped on No-op or Link TRB for slot 2 ep 0
[   83.018755] usb 1-12: usb suspend, wakeup 1
[   83.019930] pcieport 0000:06:03.0: quirk: waiting for Thunderbolt to reestablish PCI tunnels...
[   83.019933] pcieport 0000:06:06.0: quirk: waiting for Thunderbolt to reestablish PCI tunnels...
[   83.019941] pcieport 0000:06:05.0: quirk: waiting for Thunderbolt to reestablish PCI tunnels...
[   83.020775] pcieport 0000:06:04.0: quirk: waiting for Thunderbolt to reestablish PCI tunnels...
[   83.030806] hub 1-0:1.0: hub_suspend
[   83.030861] usb usb1: bus suspend, wakeup 0
[   83.039905] usb 2-4: usb suspend, wakeup 0
[   83.051878] hub 2-0:1.0: hub_suspend
[   83.051958] usb usb2: bus suspend, wakeup 0
[   83.052046] xhci_hcd 0000:00:14.0: xhci_suspend: stopping port polling.
[   83.052069] xhci_hcd 0000:00:14.0: // Setting command ring address to 0x45a3e1001
[   83.910655] PM: suspend devices took 0.905 seconds
[   83.923388] ACPI: EC: interrupt blocked
[   83.924189] xhci_hcd 0000:00:14.0: wakeup: 1
[   83.924656] xhci_hcd 0000:00:14.0: --> PCI D3hot
[   84.883690] ACPI: Preparing to enter system sleep state S3
[   84.884407] ACPI: EC: event blocked
[   84.884408] ACPI: EC: EC stopped
[   84.884409] PM: Saving platform NVS memory
[   84.884416] Disabling non-boot CPUs ...
[   84.901863] smpboot: CPU 1 is now offline
[   84.905763] smpboot: CPU 2 is now offline
[   84.916864] smpboot: CPU 3 is now offline
[   84.920374] smpboot: CPU 4 is now offline
[   84.927752] smpboot: CPU 5 is now offline
[   84.931368] smpboot: CPU 6 is now offline
[   84.934861] smpboot: CPU 7 is now offline
[   84.954694] ACPI: Low-level resume complete
[   84.954756] ACPI: EC: EC started
[   84.954756] PM: Restoring platform NVS memory
[   84.962321] Enabling non-boot CPUs ...
[   84.962387] x86: Booting SMP configuration:
[   84.962388] smpboot: Booting Node 0 Processor 1 APIC 0x2
[   87.866976] hrtimer: interrupt took 2320821 ns
[   89.142005]  cache: parent cpu1 should not be sleeping
[   91.977597] CPU1 is up
[   91.977721] smpboot: Booting Node 0 Processor 2 APIC 0x4
[   92.250847]  cache: parent cpu2 should not be sleeping
[   93.423445] CPU2 is up
[   93.423501] smpboot: Booting Node 0 Processor 3 APIC 0x6
[   93.646931]  cache: parent cpu3 should not be sleeping
[   94.733780] CPU3 is up
[   94.733840] smpboot: Booting Node 0 Processor 4 APIC 0x1
[   94.741026]  cache: parent cpu4 should not be sleeping
[   94.760512] CPU4 is up
[   94.760537] smpboot: Booting Node 0 Processor 5 APIC 0x3
[   94.945938]  cache: parent cpu5 should not be sleeping
[   95.515218] CPU5 is up
[   95.515254] smpboot: Booting Node 0 Processor 6 APIC 0x5
[   95.652887]  cache: parent cpu6 should not be sleeping
[   96.244278] CPU6 is up
[   96.244315] smpboot: Booting Node 0 Processor 7 APIC 0x7
[   96.380914]  cache: parent cpu7 should not be sleeping
[   97.001273] CPU7 is up
[   97.091069] ACPI: Waking up from system sleep state S3
[   97.093032] ACPI: EC: interrupt unblocked
[   97.117239] pcieport 0000:06:03.0: quirk: waiting for Thunderbolt to reestablish PCI tunnels...
[   97.117241] pcieport 0000:06:05.0: quirk: waiting for Thunderbolt to reestablish PCI tunnels...
[   97.117242] pcieport 0000:06:04.0: quirk: waiting for Thunderbolt to reestablish PCI tunnels...
[   97.117244] pcieport 0000:06:06.0: quirk: waiting for Thunderbolt to reestablish PCI tunnels...
[   97.149260] pcieport 0000:06:03.0: quirk_apple_wait_for_thunderbolt+0x0/0xe0 took 31266 usecs
[   97.149264] pcieport 0000:06:04.0: quirk_apple_wait_for_thunderbolt+0x0/0xe0 took 31262 usecs
[   97.149269] pcieport 0000:06:05.0: quirk_apple_wait_for_thunderbolt+0x0/0xe0 took 31264 usecs
[   97.149272] pcieport 0000:06:06.0: quirk_apple_wait_for_thunderbolt+0x0/0xe0 took 31262 usecs
[   97.218511] thunderbolt 0000:07:00.0: resetting error on 0:b.
[   97.218519] thunderbolt 0000:07:00.0: 0:b: hotplug: scanning
[   97.218521] thunderbolt 0000:07:00.0: 0:b: hotplug: no switch found
[   97.218619] thunderbolt 0000:07:00.0: resetting error on 0:c.
[   97.218622] thunderbolt 0000:07:00.0: 0:c: hotplug: scanning
[   97.218624] thunderbolt 0000:07:00.0: 0:c: hotplug: no switch found
[   98.188488] ACPI: EC: event unblocked
[   98.188503] xhci_hcd 0000:00:14.0: // Setting command ring address to 0x45a3e1001
[   98.188571] xhci_hcd 0000:00:14.0: xhci_resume: starting port polling.
[   98.188579] xhci_hcd 0000:00:14.0: xhci_hub_status_data: stopping port polling.
[   98.188590] xhci_hcd 0000:00:14.0: xhci_hub_status_data: stopping port polling.
[   98.188601] usb usb1: usb resume
[   98.188689] hub 1-0:1.0: hub_resume
[   98.188695] xhci_hcd 0000:00:14.0: get port status, actual port 0 status  = 0x2a0
[   98.188697] xhci_hcd 0000:00:14.0: Get port status returned 0x100
[   98.188733] xhci_hcd 0000:00:14.0: get port status, actual port 1 status  = 0x2a0
[   98.188736] xhci_hcd 0000:00:14.0: Get port status returned 0x100
[   98.188766] xhci_hcd 0000:00:14.0: get port status, actual port 2 status  = 0x2a0
[   98.188769] xhci_hcd 0000:00:14.0: Get port status returned 0x100
[   98.188783] usb usb2: usb resume
[   98.188802] hub 2-0:1.0: hub_resume
[   98.188806] xhci_hcd 0000:00:14.0: get port status, actual port 0 status  = 0x2a0
[   98.188807] xhci_hcd 0000:00:14.0: Get port status returned 0x2a0
[   98.188821] xhci_hcd 0000:00:14.0: get port status, actual port 1 status  = 0x2a0
[   98.188823] xhci_hcd 0000:00:14.0: Get port status returned 0x2a0
[   98.188833] xhci_hcd 0000:00:14.0: get port status, actual port 2 status  = 0x2a0
[   98.188835] xhci_hcd 0000:00:14.0: Get port status returned 0x2a0
[   98.188851] xhci_hcd 0000:00:14.0: get port status, actual port 3 status  = 0x1263
[   98.188853] xhci_hcd 0000:00:14.0: Get port status returned 0x263
[   98.188859] usb usb2-port4: status 0263 change 0000
[   98.188868] xhci_hcd 0000:00:14.0: get port status, actual port 3 status  = 0x2a0
[   98.188871] xhci_hcd 0000:00:14.0: Get port status returned 0x100
[   98.188878] xhci_hcd 0000:00:14.0: get port status, actual port 4 status  = 0x2a0
[   98.188880] xhci_hcd 0000:00:14.0: Get port status returned 0x2a0
[   98.188886] xhci_hcd 0000:00:14.0: get port status, actual port 4 status  = 0x2a0
[   98.188888] xhci_hcd 0000:00:14.0: Get port status returned 0x100
[   98.188905] xhci_hcd 0000:00:14.0: get port status, actual port 5 status  = 0x2a0
[   98.188907] xhci_hcd 0000:00:14.0: Get port status returned 0x100
[   98.188911] xhci_hcd 0000:00:14.0: get port status, actual port 5 status  = 0x2a0
[   98.188912] xhci_hcd 0000:00:14.0: Get port status returned 0x2a0
[   98.188924] xhci_hcd 0000:00:14.0: get port status, actual port 6 status  = 0x2a0
[   98.188926] xhci_hcd 0000:00:14.0: Get port status returned 0x100
[   98.188942] xhci_hcd 0000:00:14.0: get port status, actual port 3 status  = 0x1263
[   98.188945] xhci_hcd 0000:00:14.0: Get port status returned 0x263
[   98.188950] xhci_hcd 0000:00:14.0: get port status, actual port 7 status  = 0x663
[   98.188953] xhci_hcd 0000:00:14.0: Get port status returned 0x107
[   98.188968] usb usb1-port8: status 0107 change 0000
[   98.188972] xhci_hcd 0000:00:14.0: get port status, actual port 8 status  = 0x2a0
[   98.188973] xhci_hcd 0000:00:14.0: Get port status returned 0x100
[   98.188984] xhci_hcd 0000:00:14.0: get port status, actual port 9 status  = 0x2a0
[   98.188986] xhci_hcd 0000:00:14.0: Get port status returned 0x100
[   98.188995] xhci_hcd 0000:00:14.0: get port status, actual port 10 status  = 0x2a0
[   98.188997] xhci_hcd 0000:00:14.0: Get port status returned 0x100
[   98.189007] xhci_hcd 0000:00:14.0: get port status, actual port 11 status  = 0x663
[   98.189009] xhci_hcd 0000:00:14.0: Get port status returned 0x107
[   98.189016] usb usb1-port12: status 0107 change 0000
[   98.189019] xhci_hcd 0000:00:14.0: get port status, actual port 12 status  = 0x2a0
[   98.189021] xhci_hcd 0000:00:14.0: Get port status returned 0x100
[   98.189028] xhci_hcd 0000:00:14.0: get port status, actual port 13 status  = 0x2a0
[   98.189030] xhci_hcd 0000:00:14.0: Get port status returned 0x100
[   98.189049] xhci_hcd 0000:00:14.0: get port status, actual port 7 status  = 0x663
[   98.189051] xhci_hcd 0000:00:14.0: Get port status returned 0x107
[   98.189086] xhci_hcd 0000:00:14.0: clear USB_PORT_FEAT_SUSPEND
[   98.189088] xhci_hcd 0000:00:14.0: PORTSC 0663
[   98.189098] xhci_hcd 0000:00:14.0: get port status, actual port 11 status  = 0x663
[   98.189099] xhci_hcd 0000:00:14.0: Get port status returned 0x107
[   98.189108] xhci_hcd 0000:00:14.0: clear USB_PORT_FEAT_SUSPEND
[   98.189110] xhci_hcd 0000:00:14.0: PORTSC 0663
[   98.208941] sd 0:0:0:0: [sda] Starting disk
[   98.210973] usb 2-4: usb resume
[   98.231032] xhci_hcd 0000:00:14.0: Port Status Change Event for port 8
