[    0.000000] microcode: microcode updated early to revision 0x1a, date = 2018-04-02
[    0.000000] Linux version 5.0.0-rc6+ (im@im-mac) (gcc version 8.2.1 20181215 (Red Hat 8.2.1-6) (GCC)) #47 SMP Tue Feb 12 02:06:47 +05 2019
[    0.000000] Command line: BOOT_IMAGE=/vmlinuz-5.0.0-rc6+ root=/dev/mapper/im--mac-root ro resume=/dev/mapper/im--mac-swap rd.lvm.lv=im-mac/root rd.luks.uuid=luks-dd1fa933-ef9f-402b-a2e4-7c9d6fb7ce0d rd.lvm.lv=im-mac/swap rhgb quiet hid_apple.fnmode=2 hid_apple.iso_layout=0
[    0.000000] x86/fpu: Supporting XSAVE feature 0x001: 'x87 floating point registers'
[    0.000000] x86/fpu: Supporting XSAVE feature 0x002: 'SSE registers'
[    0.000000] x86/fpu: Supporting XSAVE feature 0x004: 'AVX registers'
[    0.000000] x86/fpu: xstate_offset[2]:  576, xstate_sizes[2]:  256
[    0.000000] x86/fpu: Enabled xstate features 0x7, context size is 832 bytes, using 'standard' format.
[    0.000000] BIOS-provided physical RAM map:
[    0.000000] BIOS-e820: [mem 0x0000000000000000-0x0000000000057fff] usable
[    0.000000] BIOS-e820: [mem 0x0000000000058000-0x0000000000058fff] reserved
[    0.000000] BIOS-e820: [mem 0x0000000000059000-0x000000000009ffff] usable
[    0.000000] BIOS-e820: [mem 0x00000000000a0000-0x00000000000bffff] reserved
[    0.000000] BIOS-e820: [mem 0x0000000000100000-0x0000000078d00fff] usable
[    0.000000] BIOS-e820: [mem 0x0000000078d01000-0x0000000078d48fff] ACPI NVS
[    0.000000] BIOS-e820: [mem 0x0000000078d49000-0x0000000078d5cfff] usable
[    0.000000] BIOS-e820: [mem 0x0000000078d5d000-0x0000000078d8efff] ACPI data
[    0.000000] BIOS-e820: [mem 0x0000000078d8f000-0x0000000078e39fff] usable
[    0.000000] BIOS-e820: [mem 0x0000000078e3a000-0x0000000078e8efff] reserved
[    0.000000] BIOS-e820: [mem 0x0000000078e8f000-0x0000000078ecbfff] usable
[    0.000000] BIOS-e820: [mem 0x0000000078ecc000-0x0000000078efefff] reserved
[    0.000000] BIOS-e820: [mem 0x0000000078eff000-0x0000000078f84fff] usable
[    0.000000] BIOS-e820: [mem 0x0000000078f85000-0x0000000078fdefff] reserved
[    0.000000] BIOS-e820: [mem 0x0000000078fdf000-0x0000000078ffffff] usable
[    0.000000] BIOS-e820: [mem 0x0000000079000000-0x000000007f9fffff] reserved
[    0.000000] BIOS-e820: [mem 0x00000000e00f8000-0x00000000e00f8fff] reserved
[    0.000000] BIOS-e820: [mem 0x00000000fed1c000-0x00000000fed1ffff] reserved
[    0.000000] BIOS-e820: [mem 0x00000000ffd70000-0x00000000ffd9ffff] reserved
[    0.000000] BIOS-e820: [mem 0x0000000100000000-0x000000047f5fffff] usable
[    0.000000] NX (Execute Disable) protection: active
[    0.000000] e820: update [mem 0x66282710-0x66282ad2] usable ==> usable
[    0.000000] e820: update [mem 0x66282710-0x66282ad2] usable ==> usable
[    0.000000] extended physical RAM map:
[    0.000000] reserve setup_data: [mem 0x0000000000000000-0x0000000000057fff] usable
[    0.000000] reserve setup_data: [mem 0x0000000000058000-0x0000000000058fff] reserved
[    0.000000] reserve setup_data: [mem 0x0000000000059000-0x000000000009ffff] usable
[    0.000000] reserve setup_data: [mem 0x00000000000a0000-0x00000000000bffff] reserved
[    0.000000] reserve setup_data: [mem 0x0000000000100000-0x000000006628270f] usable
[    0.000000] reserve setup_data: [mem 0x0000000066282710-0x0000000066282ad2] usable
[    0.000000] reserve setup_data: [mem 0x0000000066282ad3-0x0000000078d00fff] usable
[    0.000000] reserve setup_data: [mem 0x0000000078d01000-0x0000000078d48fff] ACPI NVS
[    0.000000] reserve setup_data: [mem 0x0000000078d49000-0x0000000078d5cfff] usable
[    0.000000] reserve setup_data: [mem 0x0000000078d5d000-0x0000000078d8efff] ACPI data
[    0.000000] reserve setup_data: [mem 0x0000000078d8f000-0x0000000078e39fff] usable
[    0.000000] reserve setup_data: [mem 0x0000000078e3a000-0x0000000078e8efff] reserved
[    0.000000] reserve setup_data: [mem 0x0000000078e8f000-0x0000000078ecbfff] usable
[    0.000000] reserve setup_data: [mem 0x0000000078ecc000-0x0000000078efefff] reserved
[    0.000000] reserve setup_data: [mem 0x0000000078eff000-0x0000000078f84fff] usable
[    0.000000] reserve setup_data: [mem 0x0000000078f85000-0x0000000078fdefff] reserved
[    0.000000] reserve setup_data: [mem 0x0000000078fdf000-0x0000000078ffffff] usable
[    0.000000] reserve setup_data: [mem 0x0000000079000000-0x000000007f9fffff] reserved
[    0.000000] reserve setup_data: [mem 0x00000000e00f8000-0x00000000e00f8fff] reserved
[    0.000000] reserve setup_data: [mem 0x00000000fed1c000-0x00000000fed1ffff] reserved
[    0.000000] reserve setup_data: [mem 0x00000000ffd70000-0x00000000ffd9ffff] reserved
[    0.000000] reserve setup_data: [mem 0x0000000100000000-0x000000047f5fffff] usable
[    0.000000] efi: EFI v1.10 by Apple
[    0.000000] efi:  ACPI=0x78d8e000  ACPI 2.0=0x78d8e014  SMBIOS=0x78f8b000 
[    0.000000] SMBIOS 2.7 present.
[    0.000000] DMI: Apple Inc. MacBookPro11,4/Mac-06F11FD93F0323C5, BIOS MBP114.88Z.0184.B00.1806051659 06/05/2018
[    0.000000] tsc: Fast TSC calibration using PIT
[    0.000000] tsc: Detected 2194.944 MHz processor
[    0.000113] e820: update [mem 0x00000000-0x00000fff] usable ==> reserved
[    0.000114] e820: remove [mem 0x000a0000-0x000fffff] usable
[    0.000119] last_pfn = 0x47f600 max_arch_pfn = 0x400000000
[    0.000122] MTRR default type: write-back
[    0.000123] MTRR fixed ranges enabled:
[    0.000124]   00000-9FFFF write-back
[    0.000124]   A0000-BFFFF uncachable
[    0.000125]   C0000-DFFFF write-protect
[    0.000125]   E0000-FFFFF uncachable
[    0.000126] MTRR variable ranges enabled:
[    0.000127]   0 base 0080000000 mask 7F80000000 uncachable
[    0.000127]   1 base 007C000000 mask 7FFC000000 uncachable
[    0.000128]   2 base 007A000000 mask 7FFE000000 uncachable
[    0.000128]   3 base 0079000000 mask 7FFF000000 uncachable
[    0.000129]   4 disabled
[    0.000129]   5 disabled
[    0.000129]   6 disabled
[    0.000129]   7 disabled
[    0.000130]   8 disabled
[    0.000130]   9 disabled
[    0.009929] x86/PAT: Configuration [0-7]: WB  WC  UC- UC  WB  WP  UC- WT  
[    0.010023] last_pfn = 0x79000 max_arch_pfn = 0x400000000
[    0.021590] Base memory trampoline at [(____ptrval____)] 99000 size 24576
[    0.021593] Using GB pages for direct mapping
[    0.021595] BRK [0x1e6e01000, 0x1e6e01fff] PGTABLE
[    0.021596] BRK [0x1e6e02000, 0x1e6e02fff] PGTABLE
[    0.021597] BRK [0x1e6e03000, 0x1e6e03fff] PGTABLE
[    0.021615] BRK [0x1e6e04000, 0x1e6e04fff] PGTABLE
[    0.021617] BRK [0x1e6e05000, 0x1e6e05fff] PGTABLE
[    0.021659] BRK [0x1e6e06000, 0x1e6e06fff] PGTABLE
[    0.021670] BRK [0x1e6e07000, 0x1e6e07fff] PGTABLE
[    0.021702] BRK [0x1e6e08000, 0x1e6e08fff] PGTABLE
[    0.021773] Secure boot disabled
[    0.021774] RAMDISK: [mem 0x42ad6000-0x48561fff]
[    0.021785] ACPI: Early table checksum verification disabled
[    0.021787] ACPI: RSDP 0x0000000078D8E014 000024 (v02 APPLE )
[    0.021790] ACPI: XSDT 0x0000000078D8E1C0 0000A4 (v01 APPLE  Apple00  00000000      01000013)
[    0.021794] ACPI: FACP 0x0000000078D8C000 0000F4 (v05 APPLE  Apple00  00000000 Loki 0000005F)
[    0.021797] ACPI BIOS Warning (bug): 32/64X length mismatch in FADT/Gpe0Block: 128/0 (20181213/tbfadt-569)
[    0.021799] ACPI: DSDT 0x0000000078D7F000 007331 (v03 APPLE  MacBookP 00110004 INTL 20140424)
[    0.021801] ACPI: FACS 0x0000000078D06000 000040
[    0.021803] ACPI: FACS 0x0000000078D06000 000040
[    0.021804] ACPI: HPET 0x0000000078D8B000 000038 (v01 APPLE  Apple00  00000001 Loki 0000005F)
[    0.021806] ACPI: APIC 0x0000000078D8A000 0000BC (v02 APPLE  Apple00  00000001 Loki 0000005F)
[    0.021808] ACPI: SBST 0x0000000078D88000 000030 (v01 APPLE  Apple00  00000001 Loki 0000005F)
[    0.021809] ACPI: ECDT 0x0000000078D87000 000053 (v01 APPLE  Apple00  00000001 Loki 0000005F)
[    0.021811] ACPI: SSDT 0x0000000078D7E000 000024 (v01 APPLE  SataAhci 00001000 INTL 20140424)
[    0.021813] ACPI: SSDT 0x0000000078D7D000 000024 (v01 APPLE  SmcDppt  00001000 INTL 20140424)
[    0.021815] ACPI: SSDT 0x0000000078D7C000 000032 (v01 APPLE  SsdtS3   00001000 INTL 20140424)
[    0.021816] ACPI: SSDT 0x0000000078D68000 0086DA (v01 APPLE  TbtPEG11 00001000 INTL 20140424)
[    0.021818] ACPI: SSDT 0x0000000078D67000 0000B8 (v01 APPLE  Sdxc     00001000 INTL 20140424)
[    0.021820] ACPI: SSDT 0x0000000078D66000 000A7B (v02 APPLE  Xhci     00001000 INTL 20140424)
[    0.021822] ACPI: SSDT 0x0000000078D64000 000341 (v01 APPLE  PEG0SSD0 00001000 INTL 20140424)
[    0.021824] ACPI: SSDT 0x0000000078D5F000 00069C (v01 PmRef  Cpu0Ist  00003000 INTL 20140424)
[    0.021825] ACPI: SSDT 0x0000000078D5E000 000C17 (v01 CpuRef CpuSsdt  00003000 INTL 20140424)
[    0.021827] ACPI: DMAR 0x0000000078D5D000 000088 (v01 APPLE  BDW      00000001 INTL 00000001)
[    0.021829] ACPI: MCFG 0x0000000078D89000 00003C (v01 APPLE  Apple00  00000001 Loki 0000005F)
[    0.021834] ACPI: DMI detected to setup _OSI("Darwin"): Apple hardware
[    0.021836] ACPI: Local APIC address 0xfee00000
[    0.021908] No NUMA configuration found
[    0.021908] Faking a node at [mem 0x0000000000000000-0x000000047f5fffff]
[    0.021916] NODE_DATA(0) allocated [mem 0x47f5d5000-0x47f5fffff]
[    0.051524] Zone ranges:
[    0.051526]   DMA      [mem 0x0000000000001000-0x0000000000ffffff]
[    0.051528]   DMA32    [mem 0x0000000001000000-0x00000000ffffffff]
[    0.051528]   Normal   [mem 0x0000000100000000-0x000000047f5fffff]
[    0.051529]   Device   empty
[    0.051530] Movable zone start for each node
[    0.051532] Early memory node ranges
[    0.051533]   node   0: [mem 0x0000000000001000-0x0000000000057fff]
[    0.051533]   node   0: [mem 0x0000000000059000-0x000000000009ffff]
[    0.051534]   node   0: [mem 0x0000000000100000-0x0000000078d00fff]
[    0.051534]   node   0: [mem 0x0000000078d49000-0x0000000078d5cfff]
[    0.051534]   node   0: [mem 0x0000000078d8f000-0x0000000078e39fff]
[    0.051535]   node   0: [mem 0x0000000078e8f000-0x0000000078ecbfff]
[    0.051535]   node   0: [mem 0x0000000078eff000-0x0000000078f84fff]
[    0.051535]   node   0: [mem 0x0000000078fdf000-0x0000000078ffffff]
[    0.051536]   node   0: [mem 0x0000000100000000-0x000000047f5fffff]
[    0.051911] Zeroed struct page in unavailable ranges: 29118 pages
[    0.051912] Initmem setup node 0 [mem 0x0000000000001000-0x000000047f5fffff]
[    0.051913] On node 0 totalpages: 4162626
[    0.051914]   DMA zone: 64 pages used for memmap
[    0.051914]   DMA zone: 22 pages reserved
[    0.051915]   DMA zone: 3998 pages, LIFO batch:0
[    0.051986]   DMA32 zone: 7675 pages used for memmap
[    0.051986]   DMA32 zone: 491172 pages, LIFO batch:63
[    0.063692]   Normal zone: 57304 pages used for memmap
[    0.063693]   Normal zone: 3667456 pages, LIFO batch:63
[    0.132989] Reserving Intel graphics memory at [mem 0x79a00000-0x7f9fffff]
[    0.133054] ACPI: PM-Timer IO Port: 0x1808
[    0.133055] ACPI: Local APIC address 0xfee00000
[    0.133061] ACPI: LAPIC_NMI (acpi_id[0x01] high edge lint[0x1])
[    0.133061] ACPI: LAPIC_NMI (acpi_id[0x02] high edge lint[0x1])
[    0.133061] ACPI: LAPIC_NMI (acpi_id[0x03] high edge lint[0x1])
[    0.133062] ACPI: LAPIC_NMI (acpi_id[0x04] high edge lint[0x1])
[    0.133062] ACPI: LAPIC_NMI (acpi_id[0x05] high edge lint[0x1])
[    0.133063] ACPI: LAPIC_NMI (acpi_id[0x06] high edge lint[0x1])
[    0.133063] ACPI: LAPIC_NMI (acpi_id[0x07] high edge lint[0x1])
[    0.133063] ACPI: LAPIC_NMI (acpi_id[0x08] high edge lint[0x1])
[    0.133077] IOAPIC[0]: apic_id 2, version 32, address 0xfec00000, GSI 0-23
[    0.133078] ACPI: INT_SRC_OVR (bus 0 bus_irq 0 global_irq 2 dfl dfl)
[    0.133079] ACPI: INT_SRC_OVR (bus 0 bus_irq 9 global_irq 9 high level)
[    0.133080] ACPI: IRQ0 used by override.
[    0.133081] ACPI: IRQ9 used by override.
[    0.133082] Using ACPI (MADT) for SMP configuration information
[    0.133083] ACPI: HPET id: 0x8086a201 base: 0xfed00000
[    0.133086] smpboot: Allowing 8 CPUs, 0 hotplug CPUs
[    0.133100] PM: Registered nosave memory: [mem 0x00000000-0x00000fff]
[    0.133101] PM: Registered nosave memory: [mem 0x00058000-0x00058fff]
[    0.133102] PM: Registered nosave memory: [mem 0x000a0000-0x000bffff]
[    0.133103] PM: Registered nosave memory: [mem 0x000c0000-0x000fffff]
[    0.133104] PM: Registered nosave memory: [mem 0x66282000-0x66282fff]
[    0.133105] PM: Registered nosave memory: [mem 0x66282000-0x66282fff]
[    0.133106] PM: Registered nosave memory: [mem 0x78d01000-0x78d48fff]
[    0.133107] PM: Registered nosave memory: [mem 0x78d5d000-0x78d8efff]
[    0.133108] PM: Registered nosave memory: [mem 0x78e3a000-0x78e8efff]
[    0.133109] PM: Registered nosave memory: [mem 0x78ecc000-0x78efefff]
[    0.133110] PM: Registered nosave memory: [mem 0x78f85000-0x78fdefff]
[    0.133111] PM: Registered nosave memory: [mem 0x79000000-0x7f9fffff]
[    0.133111] PM: Registered nosave memory: [mem 0x7fa00000-0xe00f7fff]
[    0.133111] PM: Registered nosave memory: [mem 0xe00f8000-0xe00f8fff]
[    0.133112] PM: Registered nosave memory: [mem 0xe00f9000-0xfed1bfff]
[    0.133112] PM: Registered nosave memory: [mem 0xfed1c000-0xfed1ffff]
[    0.133112] PM: Registered nosave memory: [mem 0xfed20000-0xffd6ffff]
[    0.133113] PM: Registered nosave memory: [mem 0xffd70000-0xffd9ffff]
[    0.133113] PM: Registered nosave memory: [mem 0xffda0000-0xffffffff]
[    0.133114] [mem 0x7fa00000-0xe00f7fff] available for PCI devices
[    0.133117] Booting paravirtualized kernel on bare hardware
[    0.133119] clocksource: refined-jiffies: mask: 0xffffffff max_cycles: 0xffffffff, max_idle_ns: 1910969940391419 ns
[    0.228334] random: get_random_bytes called from start_kernel+0x93/0x503 with crng_init=0
[    0.228339] setup_percpu: NR_CPUS:64 nr_cpumask_bits:64 nr_cpu_ids:8 nr_node_ids:1
[    0.228512] percpu: Embedded 44 pages/cpu @(____ptrval____) s143360 r8192 d28672 u262144
[    0.228517] pcpu-alloc: s143360 r8192 d28672 u262144 alloc=1*2097152
[    0.228517] pcpu-alloc: [0] 0 1 2 3 4 5 6 7 
[    0.228533] Built 1 zonelists, mobility grouping on.  Total pages: 4097561
[    0.228534] Policy zone: Normal
[    0.228536] Kernel command line: BOOT_IMAGE=/vmlinuz-5.0.0-rc6+ root=/dev/mapper/im--mac-root ro resume=/dev/mapper/im--mac-swap rd.lvm.lv=im-mac/root rd.luks.uuid=luks-dd1fa933-ef9f-402b-a2e4-7c9d6fb7ce0d rd.lvm.lv=im-mac/swap rhgb quiet hid_apple.fnmode=2 hid_apple.iso_layout=0
[    0.273564] Memory: 15844032K/16650504K available (12291K kernel code, 1403K rwdata, 4028K rodata, 2152K init, 4944K bss, 806472K reserved, 0K cma-reserved)
[    0.273704] SLUB: HWalign=64, Order=0-3, MinObjects=0, CPUs=8, Nodes=1
[    0.273711] Kernel/User page tables isolation: enabled
[    0.273731] ftrace: allocating 38170 entries in 150 pages
[    0.286805] rcu: Hierarchical RCU implementation.
[    0.286806] rcu: 	RCU restricting CPUs from NR_CPUS=64 to nr_cpu_ids=8.
[    0.286807] rcu: RCU calculated value of scheduler-enlistment delay is 100 jiffies.
[    0.286808] rcu: Adjusting geometry for rcu_fanout_leaf=16, nr_cpu_ids=8
[    0.288679] NR_IRQS: 4352, nr_irqs: 488, preallocated irqs: 16
[    0.288804] rcu: 	Offload RCU callbacks from CPUs: (none).
[    0.288847] Console: colour dummy device 80x25
[    0.288851] printk: console [tty0] enabled
[    0.288863] ACPI: Core revision 20181213
[    0.289066] clocksource: hpet: mask: 0xffffffff max_cycles: 0xffffffff, max_idle_ns: 133484882848 ns
[    0.289075] hpet clockevent registered
[    0.289079] APIC: Switch to symmetric I/O mode setup
[    0.289080] DMAR: Host address width 39
[    0.289081] DMAR: DRHD base: 0x000000fed90000 flags: 0x0
[    0.289084] DMAR: dmar0: reg_base_addr fed90000 ver 1:0 cap c0000020660462 ecap f0101a
[    0.289085] DMAR: DRHD base: 0x000000fed91000 flags: 0x1
[    0.289087] DMAR: dmar1: reg_base_addr fed91000 ver 1:0 cap d2008c20660462 ecap f010da
[    0.289088] DMAR: RMRR base: 0x00000079800000 end: 0x0000007f9fffff
[    0.289090] DMAR-IR: IOAPIC id 2 under DRHD base  0xfed91000 IOMMU 1
[    0.289091] DMAR-IR: HPET id 0 under DRHD base 0xfed91000
[    0.289091] DMAR-IR: x2apic is disabled because BIOS sets x2apic opt out bit.
[    0.289092] DMAR-IR: Use 'intremap=no_x2apic_optout' to override the BIOS setting.
[    0.289529] DMAR-IR: Enabled IRQ remapping in xapic mode
[    0.289530] x2apic: IRQ remapping doesn't support X2APIC mode
[    0.289898] ..TIMER: vector=0x30 apic1=0 pin1=2 apic2=-1 pin2=-1
[    0.294084] clocksource: tsc-early: mask: 0xffffffffffffffff max_cycles: 0x1fa38a724fc, max_idle_ns: 440795218471 ns
[    0.294094] Calibrating delay loop (skipped), value calculated using timer frequency.. 4389.88 BogoMIPS (lpj=2194944)
[    0.294095] pid_max: default: 32768 minimum: 301
[    0.303768] LSM: Security Framework initializing
[    0.303769] Yama: becoming mindful.
[    0.303773] SELinux:  Initializing.
[    0.305752] Dentry cache hash table entries: 2097152 (order: 12, 16777216 bytes)
[    0.306726] Inode-cache hash table entries: 1048576 (order: 11, 8388608 bytes)
[    0.306764] Mount-cache hash table entries: 32768 (order: 6, 262144 bytes)
[    0.306795] Mountpoint-cache hash table entries: 32768 (order: 6, 262144 bytes)
[    0.306953] ENERGY_PERF_BIAS: Set to 'normal', was 'performance'
[    0.306953] ENERGY_PERF_BIAS: View and update with x86_energy_perf_policy(8)
[    0.306957] mce: CPU supports 10 MCE banks
[    0.306966] mce: CPU0: Thermal monitoring enabled (TM1)
[    0.306978] process: using mwait in idle threads
[    0.306980] Last level iTLB entries: 4KB 1024, 2MB 1024, 4MB 1024
[    0.306980] Last level dTLB entries: 4KB 1024, 2MB 1024, 4MB 1024, 1GB 4
[    0.306982] Spectre V2 : Mitigation: Full generic retpoline
[    0.306982] Spectre V2 : Spectre v2 / SpectreRSB mitigation: Filling RSB on context switch
[    0.306983] Spectre V2 : Enabling Restricted Speculation for firmware calls
[    0.306988] Spectre V2 : mitigation: Enabling conditional Indirect Branch Prediction Barrier
[    0.306988] Spectre V2 : User space: Mitigation: STIBP via seccomp and prctl
[    0.306989] Speculative Store Bypass: Mitigation: Speculative Store Bypass disabled via prctl and seccomp
[    0.307154] Freeing SMP alternatives memory: 36K
[    0.308173] TSC deadline timer enabled
[    0.308176] smpboot: CPU0: Intel(R) Core(TM) i7-4770HQ CPU @ 2.20GHz (family: 0x6, model: 0x46, stepping: 0x1)
[    0.308265] Performance Events: PEBS fmt2+, Haswell events, 16-deep LBR, full-width counters, Intel PMU driver.
[    0.308304] ... version:                3
[    0.308305] ... bit width:              48
[    0.308305] ... generic registers:      4
[    0.308306] ... value mask:             0000ffffffffffff
[    0.308306] ... max period:             00007fffffffffff
[    0.308307] ... fixed-purpose events:   3
[    0.308307] ... event mask:             000000070000000f
[    0.308346] rcu: Hierarchical SRCU implementation.
[    0.308926] random: crng done (trusting CPU's manufacturer)
[    0.309403] NMI watchdog: Enabled. Permanently consumes one hw-PMU counter.
[    0.309457] smp: Bringing up secondary CPUs ...
[    0.309507] x86: Booting SMP configuration:
[    0.309508] .... node  #0, CPUs:      #1 #2 #3 #4 #5 #6 #7
[    0.357090] smp: Brought up 1 node, 8 CPUs
[    0.357091] smpboot: Max logical packages: 1
[    0.357093] smpboot: Total of 8 processors activated (35119.10 BogoMIPS)
[    0.358449] devtmpfs: initialized
[    0.358449] x86/mm: Memory block size: 128MB
[    0.359325] PM: Registering ACPI NVS region [mem 0x78d01000-0x78d48fff] (294912 bytes)
[    0.359325] clocksource: jiffies: mask: 0xffffffff max_cycles: 0xffffffff, max_idle_ns: 1911260446275000 ns
[    0.359325] futex hash table entries: 2048 (order: 5, 131072 bytes)
[    0.359325] pinctrl core: initialized pinctrl subsystem
[    0.359325] RTC time: 21:41:50, date: 2019-02-11
[    0.359421] NET: Registered protocol family 16
[    0.359507] audit: initializing netlink subsys (disabled)
[    0.359511] audit: type=2000 audit(1549921310.070:1): state=initialized audit_enabled=0 res=1
[    0.359511] cpuidle: using governor menu
[    0.359511] ACPI: bus type PCI registered
[    0.359511] acpiphp: ACPI Hot Plug PCI Controller Driver version: 0.5
[    0.359511] PCI: MMCONFIG for domain 0000 [bus 00-9b] at [mem 0xe0000000-0xe9bfffff] (base 0xe0000000)
[    0.359511] PCI: not using MMCONFIG
[    0.359511] PCI: Using configuration type 1 for base access
[    0.359511] core: PMU erratum BJ122, BV98, HSD29 worked around, HT is on
[    0.361108] HugeTLB registered 1.00 GiB page size, pre-allocated 0 pages
[    0.361108] HugeTLB registered 2.00 MiB page size, pre-allocated 0 pages
[    0.361109] cryptd: max_cpu_qlen set to 1000
[    0.361128] ACPI: Disabled all _OSI OS vendors
[    0.361129] ACPI: Added _OSI(Module Device)
[    0.361130] ACPI: Added _OSI(Processor Device)
[    0.361131] ACPI: Added _OSI(3.0 _SCP Extensions)
[    0.361131] ACPI: Added _OSI(Processor Aggregator Device)
[    0.361132] ACPI: Added _OSI(Linux-Dell-Video)
[    0.361132] ACPI: Added _OSI(Linux-Lenovo-NV-HDMI-Audio)
[    0.361133] ACPI: Added _OSI(Linux-HPI-Hybrid-Graphics)
[    0.361134] ACPI: Added _OSI(Darwin)
[    0.372719] ACPI: 10 ACPI AML tables successfully acquired and loaded
[    0.373327] ACPI: EC: EC started
[    0.373328] ACPI: EC: interrupt blocked
[    0.375064] ACPI: \: Used as first EC
[    0.375065] ACPI: \: GPE=0x17, EC_CMD/EC_SC=0x66, EC_DATA=0x62
[    0.375066] ACPI: \: Used as boot ECDT EC to handle transactions
[    0.375784] ACPI: BIOS _OSI(Darwin) query honored via DMI
[    0.376313] ACPI: [Firmware Bug]: BIOS _OSI(Linux) query ignored
[    0.376428] ACPI Error: Needed type [Reference], found [Integer] 00000000dc669eac (20181213/exresop-69)
[    0.376432] ACPI Error: AE_AML_OPERAND_TYPE, While resolving operands for [OpcodeName unavailable] (20181213/dswexec-427)
[    0.376434] ACPI Error: Method parse/execution failed \_PR.CPU0._PDC, AE_AML_OPERAND_TYPE (20181213/psparse-531)
[    0.376619] ACPI: Dynamic OEM Table Load:
[    0.376624] ACPI: SSDT 0xFFFF8D7E6CB4B800 00067C (v01 PmRef  ApIst    00003000 INTL 20140424)
[    0.376997] ACPI: Dynamic OEM Table Load:
[    0.377000] ACPI: SSDT 0xFFFF8D7E6CB9B000 000119 (v01 PmRef  ApCst    00003000 INTL 20140424)
[    0.378059] ACPI: Interpreter enabled
[    0.378074] ACPI: (supports S0 S3 S4 S5)
[    0.378075] ACPI: Using IOAPIC for interrupt routing
[    0.378093] PCI: MMCONFIG for domain 0000 [bus 00-9b] at [mem 0xe0000000-0xe9bfffff] (base 0xe0000000)
[    0.378466] PCI: MMCONFIG at [mem 0xe0000000-0xe9bfffff] reserved in ACPI motherboard resources
[    0.378474] PCI: Using host bridge windows from ACPI; if necessary, use "pci=nocrs" and report a bug
[    0.378652] ACPI: Enabled 7 GPEs in block 00 to 3F
[    0.385888] ACPI: PCI Root Bridge [PCI0] (domain 0000 [bus 00-ff])
[    0.385892] acpi PNP0A08:00: _OSC: OS assumes control of [PCIeHotplug SHPCHotplug AER PCIeCapability LTR]
[    0.385901] acpi PNP0A08:00: [Firmware Info]: MMCONFIG for domain 0000 [bus 00-9b] only partially covers this bridge
[    0.386100] PCI host bridge to bus 0000:00
[    0.386102] pci_bus 0000:00: root bus resource [io  0x0000-0x0cf7 window]
[    0.386103] pci_bus 0000:00: root bus resource [io  0x0d00-0xffff window]
[    0.386104] pci_bus 0000:00: root bus resource [mem 0x000a0000-0x000bffff window]
[    0.386105] pci_bus 0000:00: root bus resource [mem 0x000c0000-0x000c3fff window]
[    0.386106] pci_bus 0000:00: root bus resource [mem 0x000c4000-0x000c7fff window]
[    0.386107] pci_bus 0000:00: root bus resource [mem 0x000c8000-0x000cbfff window]
[    0.386108] pci_bus 0000:00: root bus resource [mem 0x000cc000-0x000cffff window]
[    0.386108] pci_bus 0000:00: root bus resource [mem 0x000d0000-0x000d3fff window]
[    0.386109] pci_bus 0000:00: root bus resource [mem 0x000d4000-0x000d7fff window]
[    0.386110] pci_bus 0000:00: root bus resource [mem 0x000d8000-0x000dbfff window]
[    0.386111] pci_bus 0000:00: root bus resource [mem 0x000dc000-0x000dffff window]
[    0.386112] pci_bus 0000:00: root bus resource [mem 0x000e0000-0x000e3fff window]
[    0.386113] pci_bus 0000:00: root bus resource [mem 0x000e4000-0x000e7fff window]
[    0.386114] pci_bus 0000:00: root bus resource [mem 0x000e8000-0x000ebfff window]
[    0.386115] pci_bus 0000:00: root bus resource [mem 0x000ec000-0x000effff window]
[    0.386116] pci_bus 0000:00: root bus resource [mem 0x000f0000-0x000fffff window]
[    0.386117] pci_bus 0000:00: root bus resource [mem 0x7fa00000-0xfeafffff window]
[    0.386118] pci_bus 0000:00: root bus resource [mem 0xfed40000-0xfed44fff window]
[    0.386119] pci_bus 0000:00: root bus resource [bus 00-ff]
[    0.386125] pci 0000:00:00.0: [8086:0d04] type 00 class 0x060000
[    0.386190] pci 0000:00:01.0: [8086:0d01] type 01 class 0x060400
[    0.386221] pci 0000:00:01.0: PME# supported from D0 D3hot D3cold
[    0.386267] pci 0000:00:01.1: [8086:0d05] type 01 class 0x060400
[    0.386294] pci 0000:00:01.1: PME# supported from D0 D3hot D3cold
[    0.386366] pci 0000:00:02.0: [8086:0d26] type 00 class 0x030000
[    0.386375] pci 0000:00:02.0: reg 0x10: [mem 0xa0000000-0xa03fffff 64bit]
[    0.386379] pci 0000:00:02.0: reg 0x18: [mem 0x90000000-0x9fffffff 64bit pref]
[    0.386383] pci 0000:00:02.0: reg 0x20: [io  0x3000-0x303f]
[    0.386391] pci 0000:00:02.0: BAR 2: assigned to efifb
[    0.386440] pci 0000:00:03.0: [8086:0d0c] type 00 class 0x040300
[    0.386447] pci 0000:00:03.0: reg 0x10: [mem 0xa0c10000-0xa0c13fff 64bit]
[    0.386526] pci 0000:00:14.0: [8086:8c31] type 00 class 0x0c0330
[    0.386543] pci 0000:00:14.0: reg 0x10: [mem 0xa0c00000-0xa0c0ffff 64bit]
[    0.386594] pci 0000:00:14.0: PME# supported from D3hot D3cold
[    0.386670] pci 0000:00:16.0: [8086:8c3a] type 00 class 0x078000
[    0.386688] pci 0000:00:16.0: reg 0x10: [mem 0xa0c19100-0xa0c1910f 64bit]
[    0.386740] pci 0000:00:16.0: PME# supported from D0 D3hot D3cold
[    0.386795] pci 0000:00:1b.0: [8086:8c20] type 00 class 0x040300
[    0.386812] pci 0000:00:1b.0: reg 0x10: [mem 0xa0c14000-0xa0c17fff 64bit]
[    0.386870] pci 0000:00:1b.0: PME# supported from D0 D3hot D3cold
[    0.386919] pci 0000:00:1c.0: [8086:8c10] type 01 class 0x060400
[    0.386961] pci 0000:00:1c.0: claimed MacBook Pro poweroff workaround [mem 0x7fa00000-0x7fbfffff]
[    0.387001] pci 0000:00:1c.0: PME# supported from D0 D3hot D3cold
[    0.387061] pci 0000:00:1c.2: [8086:8c14] type 01 class 0x060400
[    0.387131] pci 0000:00:1c.2: PME# supported from D0 D3hot D3cold
[    0.387189] pci 0000:00:1c.3: [8086:8c16] type 01 class 0x060400
[    0.387257] pci 0000:00:1c.3: PME# supported from D0 D3hot D3cold
[    0.387319] pci 0000:00:1f.0: [8086:8c4b] type 00 class 0x060100
[    0.387453] pci 0000:00:1f.3: [8086:8c22] type 00 class 0x0c0500
[    0.387469] pci 0000:00:1f.3: reg 0x10: [mem 0xa0c19000-0xa0c190ff 64bit]
[    0.387486] pci 0000:00:1f.3: reg 0x20: [io  0xefa0-0xefbf]
[    0.387543] pci 0000:00:1f.6: [8086:8c24] type 00 class 0x118000
[    0.387562] pci 0000:00:1f.6: reg 0x10: [mem 0xa0c18000-0xa0c18fff 64bit]
[    0.387712] pci 0000:01:00.0: [144d:a801] type 00 class 0x010601
[    0.387746] pci 0000:01:00.0: reg 0x24: [mem 0xa0b00000-0xa0b01fff]
[    0.387871] pci 0000:00:01.0: PCI bridge to [bus 01]
[    0.387874] pci 0000:00:01.0:   bridge window [mem 0xa0b00000-0xa0bfffff]
[    0.387922] pci 0000:05:00.0: [8086:156d] type 01 class 0x060400
[    0.388002] pci 0000:05:00.0: supports D1 D2
[    0.388003] pci 0000:05:00.0: PME# supported from D0 D1 D2 D3hot D3cold
[    0.388088] pci 0000:00:01.1: PCI bridge to [bus 05-9b]
[    0.388089] pci 0000:00:01.1:   bridge window [io  0x4000-0x6fff]
[    0.388091] pci 0000:00:01.1:   bridge window [mem 0xa0d00000-0xacdfffff]
[    0.388094] pci 0000:00:01.1:   bridge window [mem 0xace00000-0xb8dfffff 64bit pref]
[    0.388174] pci 0000:06:00.0: [8086:156d] type 01 class 0x060400
[    0.388263] pci 0000:06:00.0: supports D1 D2
[    0.388264] pci 0000:06:00.0: PME# supported from D0 D1 D2 D3hot D3cold
[    0.388326] pci 0000:06:03.0: [8086:156d] type 01 class 0x060400
[    0.388412] pci 0000:06:03.0: supports D1 D2
[    0.388413] pci 0000:06:03.0: PME# supported from D0 D1 D2 D3hot D3cold
[    0.388472] pci 0000:06:04.0: [8086:156d] type 01 class 0x060400
[    0.388558] pci 0000:06:04.0: supports D1 D2
[    0.388559] pci 0000:06:04.0: PME# supported from D0 D1 D2 D3hot D3cold
[    0.388619] pci 0000:06:05.0: [8086:156d] type 01 class 0x060400
[    0.388705] pci 0000:06:05.0: supports D1 D2
[    0.388706] pci 0000:06:05.0: PME# supported from D0 D1 D2 D3hot D3cold
[    0.388765] pci 0000:06:06.0: [8086:156d] type 01 class 0x060400
[    0.388851] pci 0000:06:06.0: supports D1 D2
[    0.388852] pci 0000:06:06.0: PME# supported from D0 D1 D2 D3hot D3cold
[    0.388921] pci 0000:05:00.0: PCI bridge to [bus 06-6b]
[    0.388925] pci 0000:05:00.0:   bridge window [io  0x4000-0x5fff]
[    0.388927] pci 0000:05:00.0:   bridge window [mem 0xa0d00000-0xa8dfffff]
[    0.388931] pci 0000:05:00.0:   bridge window [mem 0xace00000-0xb4dfffff 64bit pref]
[    0.388977] pci 0000:07:00.0: [8086:156c] type 00 class 0x088000
[    0.389002] pci 0000:07:00.0: reg 0x10: [mem 0xa0d00000-0xa0d3ffff]
[    0.389011] pci 0000:07:00.0: reg 0x14: [mem 0xa0d40000-0xa0d40fff]
[    0.389130] pci 0000:07:00.0: supports D1 D2
[    0.389131] pci 0000:07:00.0: PME# supported from D0 D1 D2 D3hot D3cold
[    0.389273] pci 0000:06:00.0: PCI bridge to [bus 07]
[    0.389279] pci 0000:06:00.0:   bridge window [mem 0xa0d00000-0xa0dfffff]
[    0.389333] pci 0000:06:03.0: PCI bridge to [bus 08-38]
[    0.389337] pci 0000:06:03.0:   bridge window [io  0x4000-0x4fff]
[    0.389339] pci 0000:06:03.0:   bridge window [mem 0xa0e00000-0xa4dfffff]
[    0.389343] pci 0000:06:03.0:   bridge window [mem 0xace00000-0xb0dfffff 64bit pref]
[    0.389393] pci 0000:06:04.0: PCI bridge to [bus 39]
[    0.389448] pci 0000:06:05.0: PCI bridge to [bus 3a-6a]
[    0.389452] pci 0000:06:05.0:   bridge window [io  0x5000-0x5fff]
[    0.389455] pci 0000:06:05.0:   bridge window [mem 0xa4e00000-0xa8dfffff]
[    0.389459] pci 0000:06:05.0:   bridge window [mem 0xb0e00000-0xb4dfffff 64bit pref]
[    0.389485] pci 0000:06:06.0: PCI bridge to [bus 6b]
[    0.389550] pci 0000:00:1c.0: PCI bridge to [bus 02]
[    0.389646] pci 0000:03:00.0: [14e4:43ba] type 00 class 0x028000
[    0.389711] pci 0000:03:00.0: reg 0x10: [mem 0xa0800000-0xa0807fff 64bit]
[    0.389738] pci 0000:03:00.0: reg 0x18: [mem 0xa0400000-0xa07fffff 64bit]
[    0.389944] pci 0000:03:00.0: supports D1 D2
[    0.389945] pci 0000:03:00.0: PME# supported from D0 D1 D2 D3hot D3cold
[    0.390163] pci 0000:00:1c.2: PCI bridge to [bus 03]
[    0.390168] pci 0000:00:1c.2:   bridge window [mem 0xa0400000-0xa08fffff]
[    0.390229] pci 0000:04:00.0: [14e4:1570] type 00 class 0x048000
[    0.390260] pci 0000:04:00.0: reg 0x10: [mem 0xa0a00000-0xa0a0ffff 64bit]
[    0.390275] pci 0000:04:00.0: reg 0x18: [mem 0x80000000-0x8fffffff 64bit pref]
[    0.390289] pci 0000:04:00.0: reg 0x20: [mem 0xa0900000-0xa09fffff 64bit]
[    0.390375] pci 0000:04:00.0: supports D1
[    0.390376] pci 0000:04:00.0: PME# supported from D0 D3hot
[    0.390483] pci 0000:00:1c.3: PCI bridge to [bus 04]
[    0.390487] pci 0000:00:1c.3:   bridge window [mem 0xa0900000-0xa0afffff]
[    0.390492] pci 0000:00:1c.3:   bridge window [mem 0x80000000-0x8fffffff 64bit pref]
[    0.391228] ACPI: PCI Interrupt Link [LNKA] (IRQs 1 3 4 5 6 7 10 12 14 15) *0, disabled.
[    0.391275] ACPI: PCI Interrupt Link [LNKB] (IRQs 1 3 4 5 6 7 11 12 14 15) *0, disabled.
[    0.391316] ACPI: PCI Interrupt Link [LNKC] (IRQs 1 3 4 5 6 7 10 12 14 15) *0, disabled.
[    0.391355] ACPI: PCI Interrupt Link [LNKD] (IRQs 1 3 4 5 6 7 11 12 14 15) *0, disabled.
[    0.391395] ACPI: PCI Interrupt Link [LNKE] (IRQs 1 3 4 5 6 7 10 12 14 15) *0, disabled.
[    0.391440] ACPI: PCI Interrupt Link [LNKF] (IRQs 1 3 4 5 6 7 11 12 14 15) *0, disabled.
[    0.391485] ACPI: PCI Interrupt Link [LNKG] (IRQs 1 3 4 5 6 7 10 12 14 15) *0, disabled.
[    0.391530] ACPI: PCI Interrupt Link [LNKH] (IRQs 1 3 4 5 6 7 11 12 14 15) *0, disabled.
[    0.391667] ACPI: EC: interrupt unblocked
[    0.391684] ACPI: EC: event unblocked
[    0.391689] ACPI: \_SB_.PCI0.LPCB.EC__: GPE=0x17, EC_CMD/EC_SC=0x66, EC_DATA=0x62
[    0.391690] ACPI: \_SB_.PCI0.LPCB.EC__: Used as boot DSDT EC to handle transactions and events
[    0.391732] pci 0000:00:02.0: vgaarb: setting as boot VGA device
[    0.391732] pci 0000:00:02.0: vgaarb: VGA device added: decodes=io+mem,owns=io+mem,locks=none
[    0.391732] pci 0000:00:02.0: vgaarb: bridge control possible
[    0.391732] vgaarb: loaded
[    0.391732] SCSI subsystem initialized
[    0.391732] libata version 3.00 loaded.
[    0.391732] ACPI: bus type USB registered
[    0.391732] usbcore: registered new interface driver usbfs
[    0.391732] usbcore: registered new interface driver hub
[    0.391732] usbcore: registered new device driver usb
[    0.391732] pps_core: LinuxPPS API ver. 1 registered
[    0.391732] pps_core: Software ver. 5.3.6 - Copyright 2005-2007 Rodolfo Giometti <giometti@linux.it>
[    0.391732] PTP clock support registered
[    0.391732] EDAC MC: Ver: 3.0.0
[    0.391732] Registered efivars operations
[    0.419107] PCI: Using ACPI for IRQ routing
[    0.422395] PCI: pci_cache_line_size set to 64 bytes
[    0.422495] e820: reserve RAM buffer [mem 0x00058000-0x0005ffff]
[    0.422495] e820: reserve RAM buffer [mem 0x66282710-0x67ffffff]
[    0.422496] e820: reserve RAM buffer [mem 0x78d01000-0x7bffffff]
[    0.422497] e820: reserve RAM buffer [mem 0x78d5d000-0x7bffffff]
[    0.422499] e820: reserve RAM buffer [mem 0x78e3a000-0x7bffffff]
[    0.422500] e820: reserve RAM buffer [mem 0x78ecc000-0x7bffffff]
[    0.422500] e820: reserve RAM buffer [mem 0x78f85000-0x7bffffff]
[    0.422501] e820: reserve RAM buffer [mem 0x79000000-0x7bffffff]
[    0.422502] e820: reserve RAM buffer [mem 0x47f600000-0x47fffffff]
[    0.422564] NetLabel: Initializing
[    0.422564] NetLabel:  domain hash size = 128
[    0.422565] NetLabel:  protocols = UNLABELED CIPSOv4 CALIPSO
[    0.422576] NetLabel:  unlabeled traffic allowed by default
[    0.422578] hpet0: at MMIO 0xfed00000, IRQs 2, 8, 0, 0, 0, 0, 0, 0
[    0.422578] hpet0: 8 comparators, 64-bit 14.318180 MHz counter
[    0.424101] clocksource: Switched to clocksource tsc-early
[    0.433995] VFS: Disk quotas dquot_6.6.0
[    0.434010] VFS: Dquot-cache hash table entries: 512 (order 0, 4096 bytes)
[    0.434056] pnp: PnP ACPI init
[    0.434724] system 00:00: [mem 0xfed00000-0xfed03fff] has been reserved
[    0.434728] system 00:00: Plug and Play ACPI device, IDs PNP0103 PNP0c01 (active)
[    0.434759] system 00:01: [io  0xffff] has been reserved
[    0.434760] system 00:01: [io  0x1800-0x187f] has been reserved
[    0.434763] system 00:01: [io  0x0800-0x087f] has been reserved
[    0.434766] system 00:01: Plug and Play ACPI device, IDs PNP0c02 (active)
[    0.434778] pnp 00:02: Plug and Play ACPI device, IDs PNP0b00 (active)
[    0.434822] pnp 00:03: Plug and Play ACPI device, IDs APP000b (active)
[    0.434922] system 00:04: [mem 0xfed1c000-0xfed1ffff] has been reserved
[    0.434924] system 00:04: [mem 0xfed10000-0xfed17fff] has been reserved
[    0.434925] system 00:04: [mem 0xfed18000-0xfed18fff] has been reserved
[    0.434926] system 00:04: [mem 0xfed19000-0xfed19fff] has been reserved
[    0.434927] system 00:04: [mem 0xe0000000-0xefffffff] could not be reserved
[    0.434928] system 00:04: [mem 0xfed20000-0xfed3ffff] has been reserved
[    0.434930] system 00:04: [mem 0xfed90000-0xfed93fff] could not be reserved
[    0.434931] system 00:04: [mem 0xfed45000-0xfed8ffff] has been reserved
[    0.434932] system 00:04: [mem 0xff000000-0xffffffff] could not be reserved
[    0.434933] system 00:04: [mem 0xfee00000-0xfeefffff] has been reserved
[    0.434936] system 00:04: Plug and Play ACPI device, IDs PNP0c02 (active)
[    0.434972] system 00:05: [mem 0x20000000-0x201fffff] could not be reserved
[    0.434973] system 00:05: [mem 0x40000000-0x401fffff] could not be reserved
[    0.434976] system 00:05: Plug and Play ACPI device, IDs PNP0c01 (active)
[    0.435091] pnp: PnP ACPI: found 6 devices
[    0.435899] pci 0000:07:00.0: assigning 8 device properties
[    0.435907] pci 0000:00:1b.0: assigning 4 device properties
[    0.435912] pci 0000:00:02.0: assigning 2 device properties
[    0.440482] clocksource: acpi_pm: mask: 0xffffff max_cycles: 0xffffff, max_idle_ns: 2085701024 ns
[    0.440515] pci 0000:06:00.0: bridge window [io  0x1000-0x0fff] to [bus 07] add_size 1000
[    0.440517] pci 0000:06:00.0: bridge window [mem 0x00100000-0x000fffff 64bit pref] to [bus 07] add_size 200000 add_align 100000
[    0.440528] pci 0000:06:04.0: bridge window [io  0x1000-0x0fff] to [bus 39] add_size 1000
[    0.440529] pci 0000:06:04.0: bridge window [mem 0x00100000-0x000fffff 64bit pref] to [bus 39] add_size 200000 add_align 100000
[    0.440531] pci 0000:06:04.0: bridge window [mem 0x00100000-0x000fffff] to [bus 39] add_size 200000 add_align 100000
[    0.440541] pci 0000:06:06.0: bridge window [io  0x1000-0x0fff] to [bus 6b] add_size 1000
[    0.440542] pci 0000:06:06.0: bridge window [mem 0x00100000-0x000fffff 64bit pref] to [bus 6b] add_size 200000 add_align 100000
[    0.440544] pci 0000:06:06.0: bridge window [mem 0x00100000-0x000fffff] to [bus 6b] add_size 200000 add_align 100000
[    0.440561] pci 0000:00:1c.0: bridge window [io  0x1000-0x0fff] to [bus 02] add_size 1000
[    0.440562] pci 0000:00:1c.0: bridge window [mem 0x00100000-0x000fffff 64bit pref] to [bus 02] add_size 200000 add_align 100000
[    0.440564] pci 0000:00:1c.0: bridge window [mem 0x00100000-0x000fffff] to [bus 02] add_size 200000 add_align 100000
[    0.440582] pci 0000:00:1c.0: BAR 14: assigned [mem 0x7fc00000-0x7fdfffff]
[    0.440589] pci 0000:00:1c.0: BAR 15: assigned [mem 0x7fe00000-0x7fffffff 64bit pref]
[    0.440590] pci 0000:00:1c.0: BAR 13: assigned [io  0x2000-0x2fff]
[    0.440592] pci 0000:00:01.0: PCI bridge to [bus 01]
[    0.440595] pci 0000:00:01.0:   bridge window [mem 0xa0b00000-0xa0bfffff]
[    0.440602] pci 0000:06:00.0: BAR 15: no space for [mem size 0x00200000 64bit pref]
[    0.440603] pci 0000:06:00.0: BAR 15: failed to assign [mem size 0x00200000 64bit pref]
[    0.440605] pci 0000:06:04.0: BAR 14: no space for [mem size 0x00200000]
[    0.440606] pci 0000:06:04.0: BAR 14: failed to assign [mem size 0x00200000]
[    0.440607] pci 0000:06:04.0: BAR 15: no space for [mem size 0x00200000 64bit pref]
[    0.440608] pci 0000:06:04.0: BAR 15: failed to assign [mem size 0x00200000 64bit pref]
[    0.440609] pci 0000:06:06.0: BAR 14: no space for [mem size 0x00200000]
[    0.440610] pci 0000:06:06.0: BAR 14: failed to assign [mem size 0x00200000]
[    0.440612] pci 0000:06:06.0: BAR 15: no space for [mem size 0x00200000 64bit pref]
[    0.440613] pci 0000:06:06.0: BAR 15: failed to assign [mem size 0x00200000 64bit pref]
[    0.440614] pci 0000:06:00.0: BAR 13: no space for [io  size 0x1000]
[    0.440615] pci 0000:06:00.0: BAR 13: failed to assign [io  size 0x1000]
[    0.440616] pci 0000:06:04.0: BAR 13: no space for [io  size 0x1000]
[    0.440617] pci 0000:06:04.0: BAR 13: failed to assign [io  size 0x1000]
[    0.440618] pci 0000:06:06.0: BAR 13: no space for [io  size 0x1000]
[    0.440619] pci 0000:06:06.0: BAR 13: failed to assign [io  size 0x1000]
[    0.440621] pci 0000:06:06.0: BAR 14: no space for [mem size 0x00200000]
[    0.440622] pci 0000:06:06.0: BAR 14: failed to assign [mem size 0x00200000]
[    0.440624] pci 0000:06:06.0: BAR 15: no space for [mem size 0x00200000 64bit pref]
[    0.440625] pci 0000:06:06.0: BAR 15: failed to assign [mem size 0x00200000 64bit pref]
[    0.440626] pci 0000:06:06.0: BAR 13: no space for [io  size 0x1000]
[    0.440627] pci 0000:06:06.0: BAR 13: failed to assign [io  size 0x1000]
[    0.440628] pci 0000:06:04.0: BAR 14: no space for [mem size 0x00200000]
[    0.440629] pci 0000:06:04.0: BAR 14: failed to assign [mem size 0x00200000]
[    0.440631] pci 0000:06:04.0: BAR 15: no space for [mem size 0x00200000 64bit pref]
[    0.440631] pci 0000:06:04.0: BAR 15: failed to assign [mem size 0x00200000 64bit pref]
[    0.440633] pci 0000:06:04.0: BAR 13: no space for [io  size 0x1000]
[    0.440633] pci 0000:06:04.0: BAR 13: failed to assign [io  size 0x1000]
[    0.440635] pci 0000:06:00.0: BAR 15: no space for [mem size 0x00200000 64bit pref]
[    0.440636] pci 0000:06:00.0: BAR 15: failed to assign [mem size 0x00200000 64bit pref]
[    0.440637] pci 0000:06:00.0: BAR 13: no space for [io  size 0x1000]
[    0.440638] pci 0000:06:00.0: BAR 13: failed to assign [io  size 0x1000]
[    0.440639] pci 0000:06:00.0: PCI bridge to [bus 07]
[    0.440643] pci 0000:06:00.0:   bridge window [mem 0xa0d00000-0xa0dfffff]
[    0.440648] pci 0000:06:03.0: PCI bridge to [bus 08-38]
[    0.440650] pci 0000:06:03.0:   bridge window [io  0x4000-0x4fff]
[    0.440653] pci 0000:06:03.0:   bridge window [mem 0xa0e00000-0xa4dfffff]
[    0.440656] pci 0000:06:03.0:   bridge window [mem 0xace00000-0xb0dfffff 64bit pref]
[    0.440660] pci 0000:06:04.0: PCI bridge to [bus 39]
[    0.440668] pci 0000:06:05.0: PCI bridge to [bus 3a-6a]
[    0.440670] pci 0000:06:05.0:   bridge window [io  0x5000-0x5fff]
[    0.440673] pci 0000:06:05.0:   bridge window [mem 0xa4e00000-0xa8dfffff]
[    0.440675] pci 0000:06:05.0:   bridge window [mem 0xb0e00000-0xb4dfffff 64bit pref]
[    0.440679] pci 0000:06:06.0: PCI bridge to [bus 6b]
[    0.440687] pci 0000:05:00.0: PCI bridge to [bus 06-6b]
[    0.440689] pci 0000:05:00.0:   bridge window [io  0x4000-0x5fff]
[    0.440692] pci 0000:05:00.0:   bridge window [mem 0xa0d00000-0xa8dfffff]
[    0.440695] pci 0000:05:00.0:   bridge window [mem 0xace00000-0xb4dfffff 64bit pref]
[    0.440698] pci 0000:00:01.1: PCI bridge to [bus 05-9b]
[    0.440700] pci 0000:00:01.1:   bridge window [io  0x4000-0x6fff]
[    0.440701] pci 0000:00:01.1:   bridge window [mem 0xa0d00000-0xacdfffff]
[    0.440703] pci 0000:00:01.1:   bridge window [mem 0xace00000-0xb8dfffff 64bit pref]
[    0.440706] pci 0000:00:1c.0: PCI bridge to [bus 02]
[    0.440712] pci 0000:00:1c.0:   bridge window [io  0x2000-0x2fff]
[    0.440716] pci 0000:00:1c.0:   bridge window [mem 0x7fc00000-0x7fdfffff]
[    0.440719] pci 0000:00:1c.0:   bridge window [mem 0x7fe00000-0x7fffffff 64bit pref]
[    0.440724] pci 0000:00:1c.2: PCI bridge to [bus 03]
[    0.440728] pci 0000:00:1c.2:   bridge window [mem 0xa0400000-0xa08fffff]
[    0.440735] pci 0000:00:1c.3: PCI bridge to [bus 04]
[    0.440739] pci 0000:00:1c.3:   bridge window [mem 0xa0900000-0xa0afffff]
[    0.440742] pci 0000:00:1c.3:   bridge window [mem 0x80000000-0x8fffffff 64bit pref]
[    0.440748] pci_bus 0000:00: resource 4 [io  0x0000-0x0cf7 window]
[    0.440749] pci_bus 0000:00: resource 5 [io  0x0d00-0xffff window]
[    0.440750] pci_bus 0000:00: resource 6 [mem 0x000a0000-0x000bffff window]
[    0.440751] pci_bus 0000:00: resource 7 [mem 0x000c0000-0x000c3fff window]
[    0.440752] pci_bus 0000:00: resource 8 [mem 0x000c4000-0x000c7fff window]
[    0.440753] pci_bus 0000:00: resource 9 [mem 0x000c8000-0x000cbfff window]
[    0.440754] pci_bus 0000:00: resource 10 [mem 0x000cc000-0x000cffff window]
[    0.440755] pci_bus 0000:00: resource 11 [mem 0x000d0000-0x000d3fff window]
[    0.440756] pci_bus 0000:00: resource 12 [mem 0x000d4000-0x000d7fff window]
[    0.440757] pci_bus 0000:00: resource 13 [mem 0x000d8000-0x000dbfff window]
[    0.440758] pci_bus 0000:00: resource 14 [mem 0x000dc000-0x000dffff window]
[    0.440758] pci_bus 0000:00: resource 15 [mem 0x000e0000-0x000e3fff window]
[    0.440759] pci_bus 0000:00: resource 16 [mem 0x000e4000-0x000e7fff window]
[    0.440760] pci_bus 0000:00: resource 17 [mem 0x000e8000-0x000ebfff window]
[    0.440761] pci_bus 0000:00: resource 18 [mem 0x000ec000-0x000effff window]
[    0.440762] pci_bus 0000:00: resource 19 [mem 0x000f0000-0x000fffff window]
[    0.440763] pci_bus 0000:00: resource 20 [mem 0x7fa00000-0xfeafffff window]
[    0.440764] pci_bus 0000:00: resource 21 [mem 0xfed40000-0xfed44fff window]
[    0.440765] pci_bus 0000:01: resource 1 [mem 0xa0b00000-0xa0bfffff]
[    0.440767] pci_bus 0000:05: resource 0 [io  0x4000-0x6fff]
[    0.440767] pci_bus 0000:05: resource 1 [mem 0xa0d00000-0xacdfffff]
[    0.440768] pci_bus 0000:05: resource 2 [mem 0xace00000-0xb8dfffff 64bit pref]
[    0.440769] pci_bus 0000:06: resource 0 [io  0x4000-0x5fff]
[    0.440770] pci_bus 0000:06: resource 1 [mem 0xa0d00000-0xa8dfffff]
[    0.440771] pci_bus 0000:06: resource 2 [mem 0xace00000-0xb4dfffff 64bit pref]
[    0.440772] pci_bus 0000:07: resource 1 [mem 0xa0d00000-0xa0dfffff]
[    0.440773] pci_bus 0000:08: resource 0 [io  0x4000-0x4fff]
[    0.440774] pci_bus 0000:08: resource 1 [mem 0xa0e00000-0xa4dfffff]
[    0.440775] pci_bus 0000:08: resource 2 [mem 0xace00000-0xb0dfffff 64bit pref]
[    0.440776] pci_bus 0000:3a: resource 0 [io  0x5000-0x5fff]
[    0.440777] pci_bus 0000:3a: resource 1 [mem 0xa4e00000-0xa8dfffff]
[    0.440778] pci_bus 0000:3a: resource 2 [mem 0xb0e00000-0xb4dfffff 64bit pref]
[    0.440781] pci_bus 0000:02: resource 0 [io  0x2000-0x2fff]
[    0.440782] pci_bus 0000:02: resource 1 [mem 0x7fc00000-0x7fdfffff]
[    0.440783] pci_bus 0000:02: resource 2 [mem 0x7fe00000-0x7fffffff 64bit pref]
[    0.440784] pci_bus 0000:03: resource 1 [mem 0xa0400000-0xa08fffff]
[    0.440785] pci_bus 0000:04: resource 1 [mem 0xa0900000-0xa0afffff]
[    0.440786] pci_bus 0000:04: resource 2 [mem 0x80000000-0x8fffffff 64bit pref]
[    0.440881] NET: Registered protocol family 2
[    0.440993] tcp_listen_portaddr_hash hash table entries: 8192 (order: 5, 131072 bytes)
[    0.441034] TCP established hash table entries: 131072 (order: 8, 1048576 bytes)
[    0.441181] TCP bind hash table entries: 65536 (order: 8, 1048576 bytes)
[    0.441295] TCP: Hash tables configured (established 131072 bind 65536)
[    0.441324] UDP hash table entries: 8192 (order: 6, 262144 bytes)
[    0.441359] UDP-Lite hash table entries: 8192 (order: 6, 262144 bytes)
[    0.441419] NET: Registered protocol family 1
[    0.441422] NET: Registered protocol family 44
[    0.441431] pci 0000:00:02.0: Video device with shadowed ROM at [mem 0x000c0000-0x000dffff]
[    0.441693] PCI: CLS 256 bytes, default 64
[    0.441720] Unpacking initramfs...
[    1.564498] Freeing initrd memory: 92720K
[    1.570125] PCI-DMA: Using software bounce buffering for IO (SWIOTLB)
[    1.570128] software IO TLB: mapped [mem 0x5f070000-0x63070000] (64MB)
[    1.572986] Initialise system trusted keyrings
[    1.573003] Key type blacklist registered
[    1.573050] workingset: timestamp_bits=36 max_order=22 bucket_order=0
[    1.574305] zbud: loaded
[    1.704447] alg: No test for 842 (842-generic)
[    1.705015] alg: No test for 842 (842-scomp)
[    1.726651] NET: Registered protocol family 38
[    1.726653] Key type asymmetric registered
[    1.726653] Asymmetric key parser 'x509' registered
[    1.726663] Block layer SCSI generic (bsg) driver version 0.4 loaded (major 243)
[    1.726690] io scheduler mq-deadline registered
[    1.726748] atomic64_test: passed for x86-64 platform with CX8 and with SSE
[    1.727168] pciehp 0000:00:1c.0:pcie004: Slot #0 AttnBtn- PwrCtrl- MRL- AttnInd- PwrInd- HotPlug+ Surprise+ Interlock- NoCompl+ LLActRep+
[    1.727700] pciehp 0000:06:00.0:pcie204: Slot #0 AttnBtn- PwrCtrl- MRL- AttnInd- PwrInd- HotPlug+ Surprise+ Interlock- NoCompl+ LLActRep+
[    1.727875] pciehp 0000:06:03.0:pcie204: Slot #3 AttnBtn- PwrCtrl- MRL- AttnInd- PwrInd- HotPlug+ Surprise+ Interlock- NoCompl+ LLActRep+
[    1.728052] pciehp 0000:06:04.0:pcie204: Slot #4 AttnBtn- PwrCtrl- MRL- AttnInd- PwrInd- HotPlug+ Surprise+ Interlock- NoCompl+ LLActRep+
[    1.728211] pciehp 0000:06:05.0:pcie204: Slot #5 AttnBtn- PwrCtrl- MRL- AttnInd- PwrInd- HotPlug+ Surprise+ Interlock- NoCompl+ LLActRep+
[    1.728363] pciehp 0000:06:06.0:pcie204: Slot #6 AttnBtn- PwrCtrl- MRL- AttnInd- PwrInd- HotPlug+ Surprise+ Interlock- NoCompl+ LLActRep+
[    1.728448] shpchp: Standard Hot Plug PCI Controller Driver version: 0.4
[    1.728465] efifb: probing for efifb
[    1.728480] efifb: No BGRT, not showing boot graphics
[    1.728481] efifb: framebuffer at 0x90000000, using 20700k, total 20700k
[    1.728482] efifb: mode is 2880x1800x32, linelength=11776, pages=1
[    1.728482] efifb: scrolling: redraw
[    1.728483] efifb: Truecolor: size=8:8:8:8, shift=24:16:8:0
[    1.728515] fbcon: Deferring console take-over
[    1.728516] fb0: EFI VGA frame buffer device
[    1.728521] intel_idle: MWAIT substates: 0x42120
[    1.728522] intel_idle: v0.4.1 model 0x46
[    1.728785] intel_idle: lapic_timer_reliable_states 0xffffffff
[    1.728889] ACPI: AC Adapter [ADP1] (on-line)
[    1.728938] input: Lid Switch as /devices/LNXSYSTM:00/LNXSYBUS:00/PNP0C0D:00/input/input0
[    1.728964] ACPI: Lid Switch [LID0]
[    1.728995] input: Power Button as /devices/LNXSYSTM:00/LNXSYBUS:00/PNP0C0C:00/input/input1
[    1.729001] ACPI: Power Button [PWRB]
[    1.729022] input: Sleep Button as /devices/LNXSYSTM:00/LNXSYBUS:00/PNP0C0E:00/input/input2
[    1.729025] ACPI: Sleep Button [SLPB]
[    1.729053] input: Power Button as /devices/LNXSYSTM:00/LNXPWRBN:00/input/input3
[    1.729064] ACPI: Power Button [PWRF]
[    1.729796] Serial: 8250/16550 driver, 32 ports, IRQ sharing enabled
[    1.731024] Non-volatile memory driver v1.3
[    1.731043] Linux agpgart interface v0.103
[    1.731806] ahci 0000:01:00.0: version 3.0
[    1.762426] ahci 0000:01:00.0: AHCI 0001.0300 32 slots 1 ports 6 Gbps 0x1 impl SATA mode
[    1.762430] ahci 0000:01:00.0: flags: 64bit ncq led clo only pio ccc 
[    1.762791] scsi host0: ahci
[    1.762883] ata1: SATA max UDMA/133 abar m8192@0xa0b00000 port 0xa0b00100 irq 33
[    1.762963] libphy: Fixed MDIO Bus: probed
[    1.763116] ehci_hcd: USB 2.0 'Enhanced' Host Controller (EHCI) Driver
[    1.763120] ehci-pci: EHCI PCI platform driver
[    1.763136] ohci_hcd: USB 1.1 'Open' Host Controller (OHCI) Driver
[    1.763138] ohci-pci: OHCI PCI platform driver
[    1.763146] uhci_hcd: USB Universal Host Controller Interface driver
[    1.763328] xhci_hcd 0000:00:14.0: xHCI Host Controller
[    1.763453] xhci_hcd 0000:00:14.0: new USB bus registered, assigned bus number 1
[    1.764533] xhci_hcd 0000:00:14.0: hcc params 0x200077c1 hci version 0x100 quirks 0x0000000000009810
[    1.764539] xhci_hcd 0000:00:14.0: cache line size of 256 is not supported
[    1.764741] usb usb1: New USB device found, idVendor=1d6b, idProduct=0002, bcdDevice= 5.00
[    1.764743] usb usb1: New USB device strings: Mfr=3, Product=2, SerialNumber=1
[    1.764744] usb usb1: Product: xHCI Host Controller
[    1.764745] usb usb1: Manufacturer: Linux 5.0.0-rc6+ xhci-hcd
[    1.764746] usb usb1: SerialNumber: 0000:00:14.0
[    1.764922] hub 1-0:1.0: USB hub found
[    1.764944] hub 1-0:1.0: 14 ports detected
[    1.765270] xhci_hcd 0000:00:14.0: xHCI Host Controller
[    1.765365] xhci_hcd 0000:00:14.0: new USB bus registered, assigned bus number 2
[    1.765379] xhci_hcd 0000:00:14.0: Host supports USB 3.0  SuperSpeed
[    1.765425] usb usb2: New USB device found, idVendor=1d6b, idProduct=0003, bcdDevice= 5.00
[    1.765426] usb usb2: New USB device strings: Mfr=3, Product=2, SerialNumber=1
[    1.765427] usb usb2: Product: xHCI Host Controller
[    1.765428] usb usb2: Manufacturer: Linux 5.0.0-rc6+ xhci-hcd
[    1.765429] usb usb2: SerialNumber: 0000:00:14.0
[    1.765520] hub 2-0:1.0: USB hub found
[    1.765536] hub 2-0:1.0: 6 ports detected
[    1.765573] usb: port power management may be unreliable
[    1.765729] usbcore: registered new interface driver usbserial_generic
[    1.765733] usbserial: USB Serial support registered for generic
[    1.765751] i8042: PNP: No PS/2 controller found.
[    1.765783] mousedev: PS/2 mouse device common for all mice
[    1.765923] rtc_cmos 00:02: RTC can wake from S4
[    1.766054] rtc_cmos 00:02: registered as rtc0
[    1.766055] rtc_cmos 00:02: alarms up to one month, y3k, 242 bytes nvram, hpet irqs
[    1.766123] device-mapper: uevent: version 1.0.3
[    1.766180] device-mapper: ioctl: 4.39.0-ioctl (2018-04-03) initialised: dm-devel@redhat.com
[    1.766242] intel_pstate: Intel P-state driver initializing
[    1.766715] hidraw: raw HID events driver (C) Jiri Kosina
[    1.766800] usbcore: registered new interface driver usbhid
[    1.766802] usbhid: USB HID core driver
[    1.767074] drop_monitor: Initializing network drop monitor service
[    1.767453] Initializing XFRM netlink socket
[    1.767728] NET: Registered protocol family 10
[    1.776550] Segment Routing with IPv6
[    1.776605] mip6: Mobile IPv6
[    1.776609] NET: Registered protocol family 17
[    1.778194] RAS: Correctable Errors collector initialized.
[    1.778289] microcode: sig=0x40661, pf=0x20, revision=0x1a
[    1.778559] microcode: Microcode Update Driver: v2.2.
[    1.778578] AVX2 version of gcm_enc/dec engaged.
[    1.778580] AES CTR mode by8 optimization enabled
[    1.815878] sched_clock: Marking stable (1815589321, 255068)->(1900022750, -84178361)
[    1.816123] registered taskstats version 1
[    1.816132] Loading compiled-in X.509 certificates
[    1.845389] Loaded X.509 cert 'Build time autogenerated kernel key: 307e4e8a55fe74f83f10b61aeadbf24a5fc6325b'
[    1.845409] zswap: loaded using pool lzo/zbud
[    1.851841] Key type big_key registered
[    1.854773] Key type encrypted registered
[    1.854781] ima: No TPM chip found, activating TPM-bypass!
[    1.854788] ima: Allocated hash algorithm: sha1
[    1.854796] No architecture policies found
[    1.855594]   Magic number: 7:163:702
[    1.855742] rtc_cmos 00:02: setting system clock to 2019-02-11T21:41:52 UTC (1549921312)
[    2.091393] usb 2-4: new SuperSpeed Gen 1 USB device number 2 using xhci_hcd
[    2.095850] ata1: SATA link up 6.0 Gbps (SStatus 133 SControl 300)
[    2.097822] ata1.00: unexpected _GTF length (8)
[    2.098075] ata1.00: ATA-8: APPLE SSD SM0256G, BXW1SA0Q, max UDMA/133
[    2.098078] ata1.00: 490234752 sectors, multi 16: LBA48 NCQ (depth 32), AA
[    2.098575] ata1.00: unexpected _GTF length (8)
[    2.098826] ata1.00: configured for UDMA/133
[    2.099116] scsi 0:0:0:0: Direct-Access     ATA      APPLE SSD SM0256 SA0Q PQ: 0 ANSI: 5
[    2.099436] sd 0:0:0:0: Attached scsi generic sg0 type 0
[    2.099554] sd 0:0:0:0: [sda] 490234752 512-byte logical blocks: (251 GB/234 GiB)
[    2.099556] sd 0:0:0:0: [sda] 4096-byte physical blocks
[    2.099567] sd 0:0:0:0: [sda] Write Protect is off
[    2.099569] sd 0:0:0:0: [sda] Mode Sense: 00 3a 00 00
[    2.099583] sd 0:0:0:0: [sda] Write cache: enabled, read cache: enabled, doesn't support DPO or FUA
[    2.100836]  sda: sda1 sda2 sda3 sda4
[    2.101333] sd 0:0:0:0: [sda] Attached SCSI disk
[    2.102304] Freeing unused decrypted memory: 2040K
[    2.102641] Freeing unused kernel image memory: 2152K
[    2.105960] usb 2-4: New USB device found, idVendor=05ac, idProduct=8406, bcdDevice= 8.20
[    2.105962] usb 2-4: New USB device strings: Mfr=3, Product=4, SerialNumber=5
[    2.105963] usb 2-4: Product: Card Reader
[    2.105965] usb 2-4: Manufacturer: Apple
[    2.105966] usb 2-4: SerialNumber: 000000000820
[    2.109176] Write protecting the kernel read-only data: 18432k
[    2.109702] Freeing unused kernel image memory: 2020K
[    2.109792] Freeing unused kernel image memory: 68K
[    2.116914] x86/mm: Checked W+X mappings: passed, no W+X pages found.
[    2.116918] rodata_test: all tests were successful
[    2.116919] x86/mm: Checking user space page tables
[    2.123568] x86/mm: Checked W+X mappings: passed, no W+X pages found.
[    2.123570] Run /init as init process
[    2.183043] systemd[1]: systemd 239 running in system mode. (+PAM +AUDIT +SELINUX +IMA -APPARMOR +SMACK +SYSVINIT +UTMP +LIBCRYPTSETUP +GCRYPT +GNUTLS +ACL +XZ +LZ4 +SECCOMP +BLKID +ELFUTILS +KMOD +IDN2 -IDN +PCRE2 default-hierarchy=hybrid)
[    2.195248] systemd[1]: Detected architecture x86-64.
[    2.195252] systemd[1]: Running in initial RAM disk.
[    2.198983] systemd[1]: Set hostname to <im-mac>.
[    2.219102] usb 1-8: new full-speed USB device number 2 using xhci_hcd
[    2.251881] systemd[1]: Listening on Journal Socket (/dev/log).
[    2.251914] systemd[1]: Reached target Slices.
[    2.251965] systemd[1]: Listening on udev Control Socket.
[    2.251973] systemd[1]: Reached target Timers.
[    2.252024] systemd[1]: Listening on Journal Socket.
[    2.253479] systemd[1]: Starting Create list of required static device nodes for the current kernel...
[    2.300616] audit: type=1130 audit(1549921312.944:2): pid=1 uid=0 auid=4294967295 ses=4294967295 subj=kernel msg='unit=systemd-journald comm="systemd" exe="/usr/lib/systemd/systemd" hostname=? addr=? terminal=? res=success'
[    2.303323] audit: type=1130 audit(1549921312.947:3): pid=1 uid=0 auid=4294967295 ses=4294967295 subj=kernel msg='unit=systemd-vconsole-setup comm="systemd" exe="/usr/lib/systemd/systemd" hostname=? addr=? terminal=? res=success'
[    2.303326] audit: type=1131 audit(1549921312.947:4): pid=1 uid=0 auid=4294967295 ses=4294967295 subj=kernel msg='unit=systemd-vconsole-setup comm="systemd" exe="/usr/lib/systemd/systemd" hostname=? addr=? terminal=? res=success'
[    2.349299] usb 1-8: New USB device found, idVendor=05ac, idProduct=8290, bcdDevice= 1.61
[    2.349303] usb 1-8: New USB device strings: Mfr=1, Product=2, SerialNumber=0
[    2.349305] usb 1-8: Product: Bluetooth USB Host Controller
[    2.349308] usb 1-8: Manufacturer: Broadcom Corp.
[    2.352683] input: Broadcom Corp. Bluetooth USB Host Controller as /devices/pci0000:00/0000:00:14.0/usb1/1-8/1-8:1.0/0003:05AC:8290.0001/input/input4
[    2.405281] hid-generic 0003:05AC:8290.0001: input,hidraw0: USB HID v1.11 Keyboard [Broadcom Corp. Bluetooth USB Host Controller] on usb-0000:00:14.0-8/input0
[    2.405869] input: Broadcom Corp. Bluetooth USB Host Controller as /devices/pci0000:00/0000:00:14.0/usb1/1-8/1-8:1.1/0003:05AC:8290.0002/input/input5
[    2.405953] hid-generic 0003:05AC:8290.0002: input,hidraw1: USB HID v1.11 Mouse [Broadcom Corp. Bluetooth USB Host Controller] on usb-0000:00:14.0-8/input1
[    2.483328] audit: type=1130 audit(1549921313.127:5): pid=1 uid=0 auid=4294967295 ses=4294967295 subj=kernel msg='unit=dracut-cmdline comm="systemd" exe="/usr/lib/systemd/systemd" hostname=? addr=? terminal=? res=success'
[    2.513406] audit: type=1130 audit(1549921313.157:6): pid=1 uid=0 auid=4294967295 ses=4294967295 subj=kernel msg='unit=dracut-pre-udev comm="systemd" exe="/usr/lib/systemd/systemd" hostname=? addr=? terminal=? res=success'
[    2.520111] usb 1-12: new full-speed USB device number 3 using xhci_hcd
[    2.532237] audit: type=1130 audit(1549921313.176:7): pid=1 uid=0 auid=4294967295 ses=4294967295 subj=kernel msg='unit=systemd-udevd comm="systemd" exe="/usr/lib/systemd/systemd" hostname=? addr=? terminal=? res=success'
[    2.590661] audit: type=1130 audit(1549921313.234:8): pid=1 uid=0 auid=4294967295 ses=4294967295 subj=kernel msg='unit=systemd-udev-trigger comm="systemd" exe="/usr/lib/systemd/systemd" hostname=? addr=? terminal=? res=success'
[    2.625103] tsc: Refined TSC clocksource calibration: 2194.918 MHz
[    2.625110] clocksource: tsc: mask: 0xffffffffffffffff max_cycles: 0x1fa37202099, max_idle_ns: 440795206796 ns
[    2.762318] clocksource: Switched to clocksource tsc
[    2.762419] audit: type=1130 audit(1549921313.265:9): pid=1 uid=0 auid=4294967295 ses=4294967295 subj=kernel msg='unit=plymouth-start comm="systemd" exe="/usr/lib/systemd/systemd" hostname=? addr=? terminal=? res=success'
[    2.764268] usb-storage 2-4:1.0: USB Mass Storage device detected
[    2.775759] usb 1-12: New USB device found, idVendor=05ac, idProduct=0274, bcdDevice= 6.24
[    2.775762] usb 1-12: New USB device strings: Mfr=1, Product=2, SerialNumber=3
[    2.775764] usb 1-12: Product: Apple Internal Keyboard / Trackpad
[    2.775765] usb 1-12: Manufacturer: Apple Inc.
[    2.775767] usb 1-12: SerialNumber: D3H61830CG1FTV4A16PF
[    2.775990] scsi host1: usb-storage 2-4:1.0
[    2.776136] usbcore: registered new interface driver usb-storage
[    2.784809] usbcore: registered new interface driver uas
[    2.802930] apple 0003:05AC:0274.0003: hiddev96,hidraw2: USB HID v1.10 Device [Apple Inc. Apple Internal Keyboard / Trackpad] on usb-0000:00:14.0-12/input0
[    2.803166] input: Apple Inc. Apple Internal Keyboard / Trackpad as /devices/pci0000:00/0000:00:14.0/usb1/1-12/1-12:1.1/0003:05AC:0274.0004/input/input6
[    2.855282] apple 0003:05AC:0274.0004: input,hiddev97,hidraw3: USB HID v1.10 Keyboard [Apple Inc. Apple Internal Keyboard / Trackpad] on usb-0000:00:14.0-12/input1
[    2.855397] apple 0003:05AC:0274.0005: hiddev98,hidraw4: USB HID v1.10 Device [Apple Inc. Apple Internal Keyboard / Trackpad] on usb-0000:00:14.0-12/input3
[    2.855513] apple 0003:05AC:0274.0006: hiddev99,hidraw5: USB HID v1.10 Device [Apple Inc. Apple Internal Keyboard / Trackpad] on usb-0000:00:14.0-12/input4
[    2.931552] audit: type=1130 audit(1549921313.574:10): pid=1 uid=0 auid=4294967295 ses=4294967295 subj=kernel msg='unit=systemd-ask-password-plymouth comm="systemd" exe="/usr/lib/systemd/systemd" hostname=? addr=? terminal=? res=success'
[    2.941860] VFIO - User Level meta-driver version: 0.3
[    3.521814] [drm] Found 128MB of eDRAM
[    3.521938] checking generic (90000000 1437000) vs hw (90000000 10000000)
[    3.521939] fb0: switching to inteldrmfb from EFI VGA
[    3.521987] [drm] Replacing VGA console driver
[    3.522353] [drm] Supports vblank timestamp caching Rev 2 (21.10.2013).
[    3.522353] [drm] Driver supports precise vblank timestamp query.
[    3.522390] i915 0000:00:02.0: vgaarb: changed VGA decodes: olddecodes=io+mem,decodes=io+mem:owns=io+mem
[    3.544033] [drm] Initialized i915 1.6.0 20181204 for 0000:00:02.0 on minor 0
[    3.544931] ACPI: Video Device [IGPU] (multi-head: yes  rom: no  post: no)
[    3.545471] acpi device:57: registered as cooling_device8
[    3.545540] input: Video Bus as /devices/LNXSYSTM:00/LNXSYBUS:00/PNP0A08:00/LNXVIDEO:00/input/input7
[    3.551882] fbcon: inteldrmfb (fb0) is primary device
[    3.551883] fbcon: Deferring console take-over
[    3.551886] i915 0000:00:02.0: fb0: inteldrmfb frame buffer device
[    3.779458] scsi 1:0:0:0: Direct-Access     APPLE    SD Card Reader   3.00 PQ: 0 ANSI: 6
[    3.779850] sd 1:0:0:0: Attached scsi generic sg1 type 0
[    3.781010] sd 1:0:0:0: [sdb] Attached SCSI removable disk
[   11.770795] device-mapper: crypt: xts(aes) using implementation "xts-aes-aesni"
[   11.827612] kauditd_printk_skb: 2 callbacks suppressed
[   11.827613] audit: type=1130 audit(1549921322.470:13): pid=1 uid=0 auid=4294967295 ses=4294967295 subj=kernel msg='unit=systemd-cryptsetup@luks\x2ddd1fa933\x2def9f\x2d402b\x2da2e4\x2d7c9d6fb7ce0d comm="systemd" exe="/usr/lib/systemd/systemd" hostname=? addr=? terminal=? res=success'
[   12.272626] PM: Image not found (code -22)
[   12.273611] audit: type=1130 audit(1549921322.916:14): pid=1 uid=0 auid=4294967295 ses=4294967295 subj=kernel msg='unit=systemd-hibernate-resume@dev-mapper-im\x2d\x2dmac\x2dswap comm="systemd" exe="/usr/lib/systemd/systemd" hostname=? addr=? terminal=? res=success'
[   12.273614] audit: type=1131 audit(1549921322.916:15): pid=1 uid=0 auid=4294967295 ses=4294967295 subj=kernel msg='unit=systemd-hibernate-resume@dev-mapper-im\x2d\x2dmac\x2dswap comm="systemd" exe="/usr/lib/systemd/systemd" hostname=? addr=? terminal=? res=success'
[   12.284125] audit: type=1130 audit(1549921322.927:16): pid=1 uid=0 auid=4294967295 ses=4294967295 subj=kernel msg='unit=systemd-tmpfiles-setup comm="systemd" exe="/usr/lib/systemd/systemd" hostname=? addr=? terminal=? res=success'
[   12.292527] audit: type=1130 audit(1549921322.935:17): pid=1 uid=0 auid=4294967295 ses=4294967295 subj=kernel msg='unit=dracut-initqueue comm="systemd" exe="/usr/lib/systemd/systemd" hostname=? addr=? terminal=? res=success'
[   12.309727] audit: type=1130 audit(1549921322.952:18): pid=1 uid=0 auid=4294967295 ses=4294967295 subj=kernel msg='unit=systemd-fsck-root comm="systemd" exe="/usr/lib/systemd/systemd" hostname=? addr=? terminal=? res=success'
[   12.625384] SGI XFS with ACLs, security attributes, scrub, no debug enabled
[   12.628191] XFS (dm-1): Mounting V5 Filesystem
[   12.639679] XFS (dm-1): Ending clean mount
[   12.749051] audit: type=1130 audit(1549921323.391:19): pid=1 uid=0 auid=4294967295 ses=4294967295 subj=kernel msg='unit=initrd-parse-etc comm="systemd" exe="/usr/lib/systemd/systemd" hostname=? addr=? terminal=? res=success'
[   12.749053] audit: type=1131 audit(1549921323.391:20): pid=1 uid=0 auid=4294967295 ses=4294967295 subj=kernel msg='unit=initrd-parse-etc comm="systemd" exe="/usr/lib/systemd/systemd" hostname=? addr=? terminal=? res=success'
[   12.894048] audit: type=1130 audit(1549921323.536:21): pid=1 uid=0 auid=4294967295 ses=4294967295 subj=kernel msg='unit=dracut-pre-pivot comm="systemd" exe="/usr/lib/systemd/systemd" hostname=? addr=? terminal=? res=success'
[   12.905624] audit: type=1131 audit(1549921323.548:22): pid=1 uid=0 auid=4294967295 ses=4294967295 subj=kernel msg='unit=dracut-pre-pivot comm="systemd" exe="/usr/lib/systemd/systemd" hostname=? addr=? terminal=? res=success'
[   12.987439] systemd-journald[311]: Received SIGTERM from PID 1 (systemd).
[   13.015674] printk: systemd: 14 output lines suppressed due to ratelimiting
[   13.471734] SELinux:  Class xdp_socket not defined in policy.
[   13.471735] SELinux: the above unknown classes and permissions will be allowed
[   13.471738] SELinux:  policy capability network_peer_controls=1
[   13.471738] SELinux:  policy capability open_perms=1
[   13.471739] SELinux:  policy capability extended_socket_class=1
[   13.471739] SELinux:  policy capability always_check_network=0
[   13.471739] SELinux:  policy capability cgroup_seclabel=1
[   13.471740] SELinux:  policy capability nnp_nosuid_transition=1
[   13.492764] systemd[1]: Successfully loaded SELinux policy in 397.372ms.
[   13.532384] systemd[1]: Relabelled /dev, /run and /sys/fs/cgroup in 25.527ms.
[   13.534691] systemd[1]: systemd 239 running in system mode. (+PAM +AUDIT +SELINUX +IMA -APPARMOR +SMACK +SYSVINIT +UTMP +LIBCRYPTSETUP +GCRYPT +GNUTLS +ACL +XZ +LZ4 +SECCOMP +BLKID +ELFUTILS +KMOD +IDN2 -IDN +PCRE2 default-hierarchy=hybrid)
[   13.546281] systemd[1]: Detected architecture x86-64.
[   13.548017] systemd[1]: Set hostname to <im-mac>.
[   13.570230] systemd-sysv-generator[908]: stat() failed on /etc/rc.d/init.d/jexec, ignoring: No such file or directory
[   13.738507] systemd[1]: Stopped Switch Root.
[   13.738727] systemd[1]: systemd-journald.service: Service has no hold-off time (RestartSec=0), scheduling restart.
[   13.738783] systemd[1]: systemd-journald.service: Scheduled restart job, restart counter is at 1.
[   13.738801] systemd[1]: Stopped Journal Service.
[   13.739753] systemd[1]: Starting Journal Service...
[   13.739991] systemd[1]: Created slice Virtual Machine and Container Slice.
[   13.740026] systemd[1]: Reached target User and Group Name Lookups.
[   13.748836] Adding 4194300k swap on /dev/mapper/im--mac-swap.  Priority:-2 extents:1 across:4194300k SSFS
[   13.781696] systemd-journald[915]: Received request to flush runtime journal from PID 1
[   13.939599] apple_gmux: gmux device not present
[   13.955912] smbus_hc ACPI0001:00: SBS HC: offset = 0x20, query_bit = 0x10
[   13.985506] i801_smbus 0000:00:1f.3: SPD Write Disable is set
[   13.985542] i801_smbus 0000:00:1f.3: SMBus using PCI interrupt
[   13.988264] ACPI Warning: SystemIO range 0x0000000000000840-0x000000000000084F conflicts with OpRegion 0x0000000000000800-0x0000000000000863 (\GPIO) (20181213/utaddress-213)
[   13.988270] ACPI: If an ACPI driver is available for this device, you should use it instead of the native driver
[   13.988270] ACPI Warning: SystemIO range 0x0000000000000830-0x000000000000083F conflicts with OpRegion 0x0000000000000800-0x0000000000000863 (\GPIO) (20181213/utaddress-213)
[   13.988274] ACPI: If an ACPI driver is available for this device, you should use it instead of the native driver
[   13.988275] ACPI Warning: SystemIO range 0x0000000000000800-0x000000000000082F conflicts with OpRegion 0x0000000000000810-0x0000000000000813 (\_PR.IO_D) (20181213/utaddress-213)
[   13.988278] ACPI Warning: SystemIO range 0x0000000000000800-0x000000000000082F conflicts with OpRegion 0x0000000000000800-0x0000000000000863 (\GPIO) (20181213/utaddress-213)
[   13.988281] ACPI Warning: SystemIO range 0x0000000000000800-0x000000000000082F conflicts with OpRegion 0x0000000000000810-0x0000000000000813 (\IO_D) (20181213/utaddress-213)
[   13.988285] ACPI Warning: SystemIO range 0x0000000000000800-0x000000000000082F conflicts with OpRegion 0x0000000000000800-0x000000000000080F (\IO_T) (20181213/utaddress-213)
[   13.988288] ACPI: If an ACPI driver is available for this device, you should use it instead of the native driver
[   13.988288] lpc_ich: Resource conflict(s) found affecting gpio_ich
[   14.057795] thunderbolt 0000:07:00.0: 0:1: is unplugged (state: 7)
[   14.057919] thunderbolt 0000:07:00.0: 0:3: is unplugged (state: 7)
[   14.092943] input: bcm5974 as /devices/pci0000:00/0000:00:14.0/usb1/1-12/1-12:1.2/input/input8
[   14.093214] usbcore: registered new interface driver bcm5974
[   14.121781] RAPL PMU: API unit is 2^-32 Joules, 4 fixed counters, 655360 ms ovfl timer
[   14.121782] RAPL PMU: hw unit of domain pp0-core 2^-14 Joules
[   14.121783] RAPL PMU: hw unit of domain package 2^-14 Joules
[   14.121784] RAPL PMU: hw unit of domain dram 2^-14 Joules
[   14.121785] RAPL PMU: hw unit of domain pp1-gpu 2^-14 Joules
[   14.155832] ACPI: Smart Battery System [SBS0]: Battery Slot [BAT0] (battery present)
[   14.261360] iTCO_vendor_support: vendor-support=0
[   14.262045] cfg80211: Loading compiled-in X.509 certificates for regulatory database
[   14.262975] cfg80211: Loaded X.509 cert 'sforshee: 00b28ddf47aef9cea7'
[   14.273420] iTCO_wdt: Intel TCO WatchDog Timer Driver v1.11
[   14.273470] iTCO_wdt: unable to reset NO_REBOOT flag, device disabled by hardware/BIOS
[   14.381600] applesmc: key=719 fan=2 temp=48 index=43 acc=0 lux=2 kbd=1
[   14.405723] applesmc applesmc.768: hwmon_device_register() is deprecated. Please convert the driver to use hwmon_device_register_with_info().
[   14.423679] snd_hda_intel 0000:00:03.0: Linked as a consumer to 0000:00:02.0
[   14.423725] snd_hda_intel 0000:00:03.0: bound 0000:00:02.0 (ops i915_audio_component_bind_ops [i915])
[   14.425146] Bluetooth: Core ver 2.22
[   14.425168] NET: Registered protocol family 31
[   14.425168] Bluetooth: HCI device and connection manager initialized
[   14.425171] Bluetooth: HCI socket layer initialized
[   14.425173] Bluetooth: L2CAP socket layer initialized
[   14.425178] Bluetooth: SCO socket layer initialized
[   14.456448] snd_hda_codec_cirrus hdaudioC1D0: autoconfig for CS4208: line_outs=2 (0x12/0x13/0x0/0x0/0x0) type:speaker
[   14.456451] snd_hda_codec_cirrus hdaudioC1D0:    speaker_outs=0 (0x0/0x0/0x0/0x0/0x0)
[   14.456452] snd_hda_codec_cirrus hdaudioC1D0:    hp_outs=1 (0x10/0x0/0x0/0x0/0x0)
[   14.456453] snd_hda_codec_cirrus hdaudioC1D0:    mono: mono_out=0x0
[   14.456453] snd_hda_codec_cirrus hdaudioC1D0:    dig-out=0x21/0x0
[   14.456454] snd_hda_codec_cirrus hdaudioC1D0:    inputs:
[   14.456455] snd_hda_codec_cirrus hdaudioC1D0:      Internal Mic=0x1c
[   14.456456] snd_hda_codec_cirrus hdaudioC1D0:      Mic=0x18
[   14.457807] input: HDA Intel HDMI HDMI/DP,pcm=3 as /devices/pci0000:00/0000:00:03.0/sound/card0/input9
[   14.457995] input: HDA Intel HDMI HDMI/DP,pcm=7 as /devices/pci0000:00/0000:00:03.0/sound/card0/input10
[   14.458055] input: HDA Intel HDMI HDMI/DP,pcm=8 as /devices/pci0000:00/0000:00:03.0/sound/card0/input11
[   14.458114] input: HDA Intel HDMI HDMI/DP,pcm=9 as /devices/pci0000:00/0000:00:03.0/sound/card0/input12
[   14.459468] input: HDA Intel HDMI HDMI/DP,pcm=10 as /devices/pci0000:00/0000:00:03.0/sound/card0/input13
[   14.470713] usbcore: registered new interface driver btusb
[   14.474534] input: HDA Intel PCH Mic as /devices/pci0000:00/0000:00:1b.0/sound/card1/input14
[   14.474606] input: HDA Intel PCH Headphone as /devices/pci0000:00/0000:00:1b.0/sound/card1/input15
[   14.474673] input: HDA Intel PCH SPDIF as /devices/pci0000:00/0000:00:1b.0/sound/card1/input16
[   14.500349] usbcore: registered new interface driver brcmfmac
[   14.531238] intel_rapl: Found RAPL domain package
[   14.531240] intel_rapl: Found RAPL domain core
[   14.531241] intel_rapl: Found RAPL domain uncore
[   14.531242] intel_rapl: Found RAPL domain dram
[   14.578144] Bluetooth: hci0: BCM: chip id 102 build 0715
[   14.580153] Bluetooth: hci0: BCM: product 05ac:8290
[   14.581152] Bluetooth: hci0: BCM: features 0x2f
[   14.596790] XFS (sda3): Mounting V5 Filesystem
[   14.597109] Bluetooth: hci0: im-mac
[   14.604657] XFS (sda3): Ending clean mount
[   14.610505] brcmfmac: brcmf_fw_alloc_request: using brcm/brcmfmac43602-pcie for chip BCM43602/1
[   14.614847] brcmfmac 0000:03:00.0: Direct firmware load for brcm/brcmfmac43602-pcie.Apple Inc.-MacBookPro11,4.txt failed with error -2
[   14.614858] brcmfmac 0000:03:00.0: Direct firmware load for brcm/brcmfmac43602-pcie.txt failed with error -2
[   15.125256] brcmfmac: brcmf_fw_alloc_request: using brcm/brcmfmac43602-pcie for chip BCM43602/1
[   15.125307] brcmfmac 0000:03:00.0: Direct firmware load for brcm/brcmfmac43602-pcie.clm_blob failed with error -2
[   15.125310] brcmfmac: brcmf_c_process_clm_blob: no clm_blob available (err=-2), device may have limited channels available
[   15.125871] brcmfmac: brcmf_c_preinit_dcmds: Firmware: BCM43602/1 wl0: Nov 10 2015 06:38:10 version 7.35.177.61 (r598657) FWID 01-ea662a8c
[   15.179823] brcmfmac 0000:03:00.0 wlp3s0: renamed from wlan0
[   16.232339] XFS (dm-3): Mounting V5 Filesystem
[   16.232816] XFS (dm-4): Mounting V5 Filesystem
[   16.245299] XFS (dm-3): Ending clean mount
[   16.249670] XFS (dm-4): Ending clean mount
[   16.486556] Bluetooth: BNEP (Ethernet Emulation) ver 1.3
[   16.486557] Bluetooth: BNEP filters: protocol multicast
[   16.486560] Bluetooth: BNEP socket layer initialized
[   17.979896] tun: Universal TUN/TAP device driver, 1.6
[   17.983882] virbr0: port 1(virbr0-nic) entered blocking state
[   17.983884] virbr0: port 1(virbr0-nic) entered disabled state
[   17.983935] device virbr0-nic entered promiscuous mode
[   18.184176] virbr0: port 1(virbr0-nic) entered blocking state
[   18.184179] virbr0: port 1(virbr0-nic) entered listening state
[   18.243777] virbr0: port 1(virbr0-nic) entered disabled state
[   24.860082] Bluetooth: RFCOMM TTY layer initialized
[   24.860089] Bluetooth: RFCOMM socket layer initialized
[   24.860161] Bluetooth: RFCOMM ver 1.11
[   25.059600] fuse init (API version 7.28)
[   26.198848] IPv6: ADDRCONF(NETDEV_CHANGE): wlp3s0: link becomes ready
[   26.219449] rfkill: input handler disabled
[   32.689822] brcmfmac: brcmf_inetaddr_changed: fail to get arp ip table err:-52
[  105.437521] xhci_hcd 0000:00:14.0: ep 0x81 - asked for 96 bytes, 78 bytes untransferred
[  105.437536] xhci_hcd 0000:00:14.0: Giveback URB 000000008ffe8fec, len = 18, expected = 96, status = 0
[  105.437634] xhci_hcd 0000:00:14.0: Stalled endpoint for slot 2 ep 2
[  105.437647] xhci_hcd 0000:00:14.0: Cleaning up stalled endpoint ring
[  105.437653] xhci_hcd 0000:00:14.0: Finding endpoint context
[  105.437659] xhci_hcd 0000:00:14.0: Cycle state = 0x1
[  105.437665] xhci_hcd 0000:00:14.0: New dequeue segment = 00000000cfffdd9c (virtual)
[  105.437671] xhci_hcd 0000:00:14.0: New dequeue pointer = 0x46ec40680 (DMA)
[  105.437676] xhci_hcd 0000:00:14.0: Queueing new dequeue state
[  105.437684] xhci_hcd 0000:00:14.0: Set TR Deq Ptr cmd, new deq seg = 00000000cfffdd9c (0x46ec40000 dma), new deq ptr = 00000000b98a0d43 (0x46ec40680 dma), new cycle = 1
[  105.437689] xhci_hcd 0000:00:14.0: // Ding dong!
[  105.437712] xhci_hcd 0000:00:14.0: Giveback URB 0000000045046a8a, len = 0, expected = 13, status = -32
[  105.437727] xhci_hcd 0000:00:14.0: Ignoring reset ep completion code of 1
[  105.437735] xhci_hcd 0000:00:14.0: Successful Set TR Deq Ptr cmd, deq = @46ec40680
[  105.758249] xhci_hcd 0000:00:14.0: ep 0x82 - asked for 65 bytes, 55 bytes untransferred
[  105.838243] xhci_hcd 0000:00:14.0: ep 0x82 - asked for 65 bytes, 55 bytes untransferred
[  105.910197] xhci_hcd 0000:00:14.0: ep 0x82 - asked for 65 bytes, 55 bytes untransferred
[  106.094242] xhci_hcd 0000:00:14.0: ep 0x82 - asked for 65 bytes, 55 bytes untransferred
[  107.485482] xhci_hcd 0000:00:14.0: ep 0x81 - asked for 96 bytes, 78 bytes untransferred
[  107.485492] xhci_hcd 0000:00:14.0: Giveback URB 000000008ffe8fec, len = 18, expected = 96, status = 0
[  107.485557] xhci_hcd 0000:00:14.0: Stalled endpoint for slot 2 ep 2
[  107.485565] xhci_hcd 0000:00:14.0: Cleaning up stalled endpoint ring
[  107.485568] xhci_hcd 0000:00:14.0: Finding endpoint context
[  107.485571] xhci_hcd 0000:00:14.0: Cycle state = 0x1
[  107.485574] xhci_hcd 0000:00:14.0: New dequeue segment = 00000000cfffdd9c (virtual)
[  107.485577] xhci_hcd 0000:00:14.0: New dequeue pointer = 0x46ec406c0 (DMA)
[  107.485580] xhci_hcd 0000:00:14.0: Queueing new dequeue state
[  107.485584] xhci_hcd 0000:00:14.0: Set TR Deq Ptr cmd, new deq seg = 00000000cfffdd9c (0x46ec40000 dma), new deq ptr = 0000000023568c67 (0x46ec406c0 dma), new cycle = 1
[  107.485588] xhci_hcd 0000:00:14.0: // Ding dong!
[  107.485600] xhci_hcd 0000:00:14.0: Giveback URB 0000000045046a8a, len = 0, expected = 13, status = -32
[  107.485609] xhci_hcd 0000:00:14.0: Ignoring reset ep completion code of 1
[  107.485614] xhci_hcd 0000:00:14.0: Successful Set TR Deq Ptr cmd, deq = @46ec406c0
[  109.533680] xhci_hcd 0000:00:14.0: ep 0x81 - asked for 96 bytes, 78 bytes untransferred
[  109.533693] xhci_hcd 0000:00:14.0: Giveback URB 000000008ffe8fec, len = 18, expected = 96, status = 0
[  109.533797] xhci_hcd 0000:00:14.0: Stalled endpoint for slot 2 ep 2
[  109.533808] xhci_hcd 0000:00:14.0: Cleaning up stalled endpoint ring
[  109.533813] xhci_hcd 0000:00:14.0: Finding endpoint context
[  109.533818] xhci_hcd 0000:00:14.0: Cycle state = 0x1
[  109.533822] xhci_hcd 0000:00:14.0: New dequeue segment = 00000000cfffdd9c (virtual)
[  109.533827] xhci_hcd 0000:00:14.0: New dequeue pointer = 0x46ec40700 (DMA)
[  109.533831] xhci_hcd 0000:00:14.0: Queueing new dequeue state
[  109.533837] xhci_hcd 0000:00:14.0: Set TR Deq Ptr cmd, new deq seg = 00000000cfffdd9c (0x46ec40000 dma), new deq ptr = 0000000073342f18 (0x46ec40700 dma), new cycle = 1
[  109.533841] xhci_hcd 0000:00:14.0: // Ding dong!
[  109.533853] xhci_hcd 0000:00:14.0: Giveback URB 0000000045046a8a, len = 0, expected = 13, status = -32
[  109.533875] xhci_hcd 0000:00:14.0: Ignoring reset ep completion code of 1
[  109.533887] xhci_hcd 0000:00:14.0: Successful Set TR Deq Ptr cmd, deq = @46ec40700
[  110.110261] xhci_hcd 0000:00:14.0: ep 0x82 - asked for 65 bytes, 55 bytes untransferred
[  110.326249] xhci_hcd 0000:00:14.0: ep 0x82 - asked for 65 bytes, 55 bytes untransferred
[  110.382252] xhci_hcd 0000:00:14.0: ep 0x82 - asked for 65 bytes, 55 bytes untransferred
[  110.406253] xhci_hcd 0000:00:14.0: ep 0x82 - asked for 65 bytes, 55 bytes untransferred
[  110.646254] xhci_hcd 0000:00:14.0: ep 0x82 - asked for 65 bytes, 55 bytes untransferred
[  110.686205] xhci_hcd 0000:00:14.0: ep 0x82 - asked for 65 bytes, 55 bytes untransferred
[  111.581735] xhci_hcd 0000:00:14.0: ep 0x81 - asked for 96 bytes, 78 bytes untransferred
[  111.581751] xhci_hcd 0000:00:14.0: Giveback URB 000000008ffe8fec, len = 18, expected = 96, status = 0
[  111.581863] xhci_hcd 0000:00:14.0: Stalled endpoint for slot 2 ep 2
[  111.581881] xhci_hcd 0000:00:14.0: Cleaning up stalled endpoint ring
[  111.581888] xhci_hcd 0000:00:14.0: Finding endpoint context
[  111.581901] xhci_hcd 0000:00:14.0: Cycle state = 0x1
[  111.581909] xhci_hcd 0000:00:14.0: New dequeue segment = 00000000cfffdd9c (virtual)
[  111.581921] xhci_hcd 0000:00:14.0: New dequeue pointer = 0x46ec40740 (DMA)
[  111.581932] xhci_hcd 0000:00:14.0: Queueing new dequeue state
[  111.581945] xhci_hcd 0000:00:14.0: Set TR Deq Ptr cmd, new deq seg = 00000000cfffdd9c (0x46ec40000 dma), new deq ptr = 00000000a47f54b2 (0x46ec40740 dma), new cycle = 1
[  111.581957] xhci_hcd 0000:00:14.0: // Ding dong!
[  111.581975] xhci_hcd 0000:00:14.0: Giveback URB 0000000045046a8a, len = 0, expected = 13, status = -32
[  111.582000] xhci_hcd 0000:00:14.0: Ignoring reset ep completion code of 1
[  111.582020] xhci_hcd 0000:00:14.0: Successful Set TR Deq Ptr cmd, deq = @46ec40740
[  111.734268] xhci_hcd 0000:00:14.0: ep 0x82 - asked for 65 bytes, 55 bytes untransferred
[  111.798257] xhci_hcd 0000:00:14.0: ep 0x82 - asked for 65 bytes, 55 bytes untransferred
[  111.814265] xhci_hcd 0000:00:14.0: ep 0x82 - asked for 65 bytes, 55 bytes untransferred
[  111.926256] xhci_hcd 0000:00:14.0: ep 0x82 - asked for 65 bytes, 55 bytes untransferred
[  111.982261] xhci_hcd 0000:00:14.0: ep 0x82 - asked for 65 bytes, 55 bytes untransferred
[  111.990265] xhci_hcd 0000:00:14.0: ep 0x82 - asked for 65 bytes, 55 bytes untransferred
[  112.062255] xhci_hcd 0000:00:14.0: ep 0x82 - asked for 65 bytes, 55 bytes untransferred
[  112.126268] xhci_hcd 0000:00:14.0: ep 0x82 - asked for 65 bytes, 55 bytes untransferred
[  112.230252] xhci_hcd 0000:00:14.0: ep 0x82 - asked for 65 bytes, 55 bytes untransferred
[  112.398178] xhci_hcd 0000:00:14.0: ep 0x82 - asked for 65 bytes, 55 bytes untransferred
[  112.446251] xhci_hcd 0000:00:14.0: ep 0x82 - asked for 65 bytes, 55 bytes untransferred
[  112.470251] xhci_hcd 0000:00:14.0: ep 0x82 - asked for 65 bytes, 55 bytes untransferred
[  112.518256] xhci_hcd 0000:00:14.0: ep 0x82 - asked for 65 bytes, 55 bytes untransferred
[  112.582263] xhci_hcd 0000:00:14.0: ep 0x82 - asked for 65 bytes, 55 bytes untransferred
[  112.606199] xhci_hcd 0000:00:14.0: ep 0x82 - asked for 65 bytes, 55 bytes untransferred
[  112.670259] xhci_hcd 0000:00:14.0: ep 0x82 - asked for 65 bytes, 55 bytes untransferred
[  112.750259] xhci_hcd 0000:00:14.0: ep 0x82 - asked for 65 bytes, 55 bytes untransferred
[  112.806256] xhci_hcd 0000:00:14.0: ep 0x82 - asked for 65 bytes, 55 bytes untransferred
[  112.814269] xhci_hcd 0000:00:14.0: ep 0x82 - asked for 65 bytes, 55 bytes untransferred
[  112.878249] xhci_hcd 0000:00:14.0: ep 0x82 - asked for 65 bytes, 55 bytes untransferred
[  112.886260] xhci_hcd 0000:00:14.0: ep 0x82 - asked for 65 bytes, 55 bytes untransferred
[  112.934209] xhci_hcd 0000:00:14.0: ep 0x82 - asked for 65 bytes, 55 bytes untransferred
[  113.158259] xhci_hcd 0000:00:14.0: ep 0x82 - asked for 65 bytes, 55 bytes untransferred
[  113.214259] xhci_hcd 0000:00:14.0: ep 0x82 - asked for 65 bytes, 55 bytes untransferred
[  113.629697] xhci_hcd 0000:00:14.0: ep 0x81 - asked for 96 bytes, 78 bytes untransferred
[  113.629718] xhci_hcd 0000:00:14.0: Giveback URB 000000008ffe8fec, len = 18, expected = 96, status = 0
[  113.629834] xhci_hcd 0000:00:14.0: Stalled endpoint for slot 2 ep 2
[  113.629851] xhci_hcd 0000:00:14.0: Cleaning up stalled endpoint ring
[  113.629858] xhci_hcd 0000:00:14.0: Finding endpoint context
[  113.629871] xhci_hcd 0000:00:14.0: Cycle state = 0x1
[  113.629880] xhci_hcd 0000:00:14.0: New dequeue segment = 00000000cfffdd9c (virtual)
[  113.629890] xhci_hcd 0000:00:14.0: New dequeue pointer = 0x46ec40780 (DMA)
[  113.629898] xhci_hcd 0000:00:14.0: Queueing new dequeue state
[  113.629913] xhci_hcd 0000:00:14.0: Set TR Deq Ptr cmd, new deq seg = 00000000cfffdd9c (0x46ec40000 dma), new deq ptr = 00000000aaa6ebbe (0x46ec40780 dma), new cycle = 1
[  113.629921] xhci_hcd 0000:00:14.0: // Ding dong!
[  113.629941] xhci_hcd 0000:00:14.0: Giveback URB 0000000045046a8a, len = 0, expected = 13, status = -32
[  113.629963] xhci_hcd 0000:00:14.0: Ignoring reset ep completion code of 1
[  113.629978] xhci_hcd 0000:00:14.0: Successful Set TR Deq Ptr cmd, deq = @46ec40780
[  113.782251] xhci_hcd 0000:00:14.0: ep 0x82 - asked for 65 bytes, 55 bytes untransferred
[  113.830255] xhci_hcd 0000:00:14.0: ep 0x82 - asked for 65 bytes, 55 bytes untransferred
[  113.918271] xhci_hcd 0000:00:14.0: ep 0x82 - asked for 65 bytes, 55 bytes untransferred
[  113.966268] xhci_hcd 0000:00:14.0: ep 0x82 - asked for 65 bytes, 55 bytes untransferred
[  114.054266] xhci_hcd 0000:00:14.0: ep 0x82 - asked for 65 bytes, 55 bytes untransferred
[  114.110259] xhci_hcd 0000:00:14.0: ep 0x82 - asked for 65 bytes, 55 bytes untransferred
[  114.174256] xhci_hcd 0000:00:14.0: ep 0x82 - asked for 65 bytes, 55 bytes untransferred
[  114.246258] xhci_hcd 0000:00:14.0: ep 0x82 - asked for 65 bytes, 55 bytes untransferred
[  114.318268] xhci_hcd 0000:00:14.0: ep 0x82 - asked for 65 bytes, 55 bytes untransferred
[  114.374258] xhci_hcd 0000:00:14.0: ep 0x82 - asked for 65 bytes, 55 bytes untransferred
[  114.478258] xhci_hcd 0000:00:14.0: ep 0x82 - asked for 65 bytes, 55 bytes untransferred
[  114.534267] xhci_hcd 0000:00:14.0: ep 0x82 - asked for 65 bytes, 55 bytes untransferred
[  114.598256] xhci_hcd 0000:00:14.0: ep 0x82 - asked for 65 bytes, 55 bytes untransferred
[  114.662267] xhci_hcd 0000:00:14.0: ep 0x82 - asked for 65 bytes, 55 bytes untransferred
[  114.718267] xhci_hcd 0000:00:14.0: ep 0x82 - asked for 65 bytes, 55 bytes untransferred
[  114.782267] xhci_hcd 0000:00:14.0: ep 0x82 - asked for 65 bytes, 55 bytes untransferred
[  114.830257] xhci_hcd 0000:00:14.0: ep 0x82 - asked for 65 bytes, 55 bytes untransferred
[  114.894268] xhci_hcd 0000:00:14.0: ep 0x82 - asked for 65 bytes, 55 bytes untransferred
[  114.950257] xhci_hcd 0000:00:14.0: ep 0x82 - asked for 65 bytes, 55 bytes untransferred
[  114.990212] xhci_hcd 0000:00:14.0: ep 0x82 - asked for 65 bytes, 55 bytes untransferred
[  115.054267] xhci_hcd 0000:00:14.0: ep 0x82 - asked for 65 bytes, 55 bytes untransferred
[  115.102257] xhci_hcd 0000:00:14.0: ep 0x82 - asked for 65 bytes, 55 bytes untransferred
[  115.638268] xhci_hcd 0000:00:14.0: ep 0x82 - asked for 65 bytes, 55 bytes untransferred
[  115.677827] xhci_hcd 0000:00:14.0: ep 0x81 - asked for 96 bytes, 78 bytes untransferred
[  115.677842] xhci_hcd 0000:00:14.0: Giveback URB 000000008ffe8fec, len = 18, expected = 96, status = 0
[  115.677956] xhci_hcd 0000:00:14.0: Stalled endpoint for slot 2 ep 2
[  115.677974] xhci_hcd 0000:00:14.0: Cleaning up stalled endpoint ring
[  115.677986] xhci_hcd 0000:00:14.0: Finding endpoint context
[  115.677994] xhci_hcd 0000:00:14.0: Cycle state = 0x1
[  115.678003] xhci_hcd 0000:00:14.0: New dequeue segment = 00000000cfffdd9c (virtual)
[  115.678016] xhci_hcd 0000:00:14.0: New dequeue pointer = 0x46ec407c0 (DMA)
[  115.678023] xhci_hcd 0000:00:14.0: Queueing new dequeue state
[  115.678034] xhci_hcd 0000:00:14.0: Set TR Deq Ptr cmd, new deq seg = 00000000cfffdd9c (0x46ec40000 dma), new deq ptr = 0000000019a5ea12 (0x46ec407c0 dma), new cycle = 1
[  115.678048] xhci_hcd 0000:00:14.0: // Ding dong!
[  115.678065] xhci_hcd 0000:00:14.0: Giveback URB 0000000045046a8a, len = 0, expected = 13, status = -32
[  115.678089] xhci_hcd 0000:00:14.0: Ignoring reset ep completion code of 1
[  115.678107] xhci_hcd 0000:00:14.0: Successful Set TR Deq Ptr cmd, deq = @46ec407c0
[  115.726243] xhci_hcd 0000:00:14.0: ep 0x82 - asked for 65 bytes, 55 bytes untransferred
[  115.790199] xhci_hcd 0000:00:14.0: ep 0x82 - asked for 65 bytes, 55 bytes untransferred
[  115.830201] xhci_hcd 0000:00:14.0: ep 0x82 - asked for 65 bytes, 55 bytes untransferred
[  117.462254] xhci_hcd 0000:00:14.0: ep 0x82 - asked for 65 bytes, 55 bytes untransferred
[  117.725832] xhci_hcd 0000:00:14.0: ep 0x81 - asked for 96 bytes, 78 bytes untransferred
[  117.725840] xhci_hcd 0000:00:14.0: Giveback URB 000000008ffe8fec, len = 18, expected = 96, status = 0
[  117.725895] xhci_hcd 0000:00:14.0: Stalled endpoint for slot 2 ep 2
[  117.725903] xhci_hcd 0000:00:14.0: Cleaning up stalled endpoint ring
[  117.725907] xhci_hcd 0000:00:14.0: Finding endpoint context
[  117.725910] xhci_hcd 0000:00:14.0: Cycle state = 0x1
[  117.725914] xhci_hcd 0000:00:14.0: New dequeue segment = 00000000cfffdd9c (virtual)
[  117.725917] xhci_hcd 0000:00:14.0: New dequeue pointer = 0x46ec40800 (DMA)
[  117.725920] xhci_hcd 0000:00:14.0: Queueing new dequeue state
[  117.725927] xhci_hcd 0000:00:14.0: Set TR Deq Ptr cmd, new deq seg = 00000000cfffdd9c (0x46ec40000 dma), new deq ptr = 000000006b260b8d (0x46ec40800 dma), new cycle = 1
[  117.725930] xhci_hcd 0000:00:14.0: // Ding dong!
[  117.725942] xhci_hcd 0000:00:14.0: Giveback URB 0000000045046a8a, len = 0, expected = 13, status = -32
[  117.725953] xhci_hcd 0000:00:14.0: Ignoring reset ep completion code of 1
[  117.725960] xhci_hcd 0000:00:14.0: Successful Set TR Deq Ptr cmd, deq = @46ec40800
[  118.782217] xhci_hcd 0000:00:14.0: ep 0x82 - asked for 65 bytes, 55 bytes untransferred
[  118.838223] xhci_hcd 0000:00:14.0: ep 0x82 - asked for 65 bytes, 55 bytes untransferred
[  118.846188] xhci_hcd 0000:00:14.0: ep 0x82 - asked for 65 bytes, 55 bytes untransferred
[  119.606258] xhci_hcd 0000:00:14.0: ep 0x82 - asked for 65 bytes, 55 bytes untransferred
[  119.662211] xhci_hcd 0000:00:14.0: ep 0x82 - asked for 65 bytes, 55 bytes untransferred
[  119.774008] xhci_hcd 0000:00:14.0: ep 0x81 - asked for 96 bytes, 78 bytes untransferred
[  119.774020] xhci_hcd 0000:00:14.0: Giveback URB 000000008ffe8fec, len = 18, expected = 96, status = 0
[  119.774098] xhci_hcd 0000:00:14.0: Stalled endpoint for slot 2 ep 2
[  119.774112] xhci_hcd 0000:00:14.0: Cleaning up stalled endpoint ring
[  119.774118] xhci_hcd 0000:00:14.0: Finding endpoint context
[  119.774124] xhci_hcd 0000:00:14.0: Cycle state = 0x1
[  119.774130] xhci_hcd 0000:00:14.0: New dequeue segment = 00000000cfffdd9c (virtual)
[  119.774140] xhci_hcd 0000:00:14.0: New dequeue pointer = 0x46ec40840 (DMA)
[  119.774145] xhci_hcd 0000:00:14.0: Queueing new dequeue state
[  119.774155] xhci_hcd 0000:00:14.0: Set TR Deq Ptr cmd, new deq seg = 00000000cfffdd9c (0x46ec40000 dma), new deq ptr = 00000000a2d69422 (0x46ec40840 dma), new cycle = 1
[  119.774164] xhci_hcd 0000:00:14.0: // Ding dong!
[  119.774180] xhci_hcd 0000:00:14.0: Giveback URB 0000000045046a8a, len = 0, expected = 13, status = -32
[  119.774205] xhci_hcd 0000:00:14.0: ep 0x82 - asked for 65 bytes, 55 bytes untransferred
[  119.774347] xhci_hcd 0000:00:14.0: Ignoring reset ep completion code of 1
[  119.774356] xhci_hcd 0000:00:14.0: Successful Set TR Deq Ptr cmd, deq = @46ec40840
[  119.830251] xhci_hcd 0000:00:14.0: ep 0x82 - asked for 65 bytes, 55 bytes untransferred
[  119.894255] xhci_hcd 0000:00:14.0: ep 0x82 - asked for 65 bytes, 55 bytes untransferred
[  119.950260] xhci_hcd 0000:00:14.0: ep 0x82 - asked for 65 bytes, 55 bytes untransferred
[  120.030271] xhci_hcd 0000:00:14.0: ep 0x82 - asked for 65 bytes, 55 bytes untransferred
[  120.102233] xhci_hcd 0000:00:14.0: ep 0x82 - asked for 65 bytes, 55 bytes untransferred
[  120.198263] xhci_hcd 0000:00:14.0: ep 0x82 - asked for 65 bytes, 55 bytes untransferred
[  120.246206] xhci_hcd 0000:00:14.0: ep 0x82 - asked for 65 bytes, 55 bytes untransferred
[  120.262258] xhci_hcd 0000:00:14.0: ep 0x82 - asked for 65 bytes, 55 bytes untransferred
[  120.326265] xhci_hcd 0000:00:14.0: ep 0x82 - asked for 65 bytes, 55 bytes untransferred
[  120.334266] xhci_hcd 0000:00:14.0: ep 0x82 - asked for 65 bytes, 55 bytes untransferred
[  120.438269] xhci_hcd 0000:00:14.0: ep 0x82 - asked for 65 bytes, 55 bytes untransferred
[  121.821927] xhci_hcd 0000:00:14.0: ep 0x81 - asked for 96 bytes, 78 bytes untransferred
[  121.821933] xhci_hcd 0000:00:14.0: Giveback URB 000000008ffe8fec, len = 18, expected = 96, status = 0
[  121.821977] xhci_hcd 0000:00:14.0: Stalled endpoint for slot 2 ep 2
[  121.821985] xhci_hcd 0000:00:14.0: Cleaning up stalled endpoint ring
[  121.821988] xhci_hcd 0000:00:14.0: Finding endpoint context
[  121.821991] xhci_hcd 0000:00:14.0: Cycle state = 0x1
[  121.821994] xhci_hcd 0000:00:14.0: New dequeue segment = 00000000cfffdd9c (virtual)
[  121.821997] xhci_hcd 0000:00:14.0: New dequeue pointer = 0x46ec40880 (DMA)
[  121.822001] xhci_hcd 0000:00:14.0: Queueing new dequeue state
[  121.822005] xhci_hcd 0000:00:14.0: Set TR Deq Ptr cmd, new deq seg = 00000000cfffdd9c (0x46ec40000 dma), new deq ptr = 0000000099423cfd (0x46ec40880 dma), new cycle = 1
[  121.822007] xhci_hcd 0000:00:14.0: // Ding dong!
[  121.822018] xhci_hcd 0000:00:14.0: Giveback URB 0000000045046a8a, len = 0, expected = 13, status = -32
[  121.822027] xhci_hcd 0000:00:14.0: Ignoring reset ep completion code of 1
[  121.822031] xhci_hcd 0000:00:14.0: Successful Set TR Deq Ptr cmd, deq = @46ec40880
[  122.070257] xhci_hcd 0000:00:14.0: ep 0x82 - asked for 65 bytes, 55 bytes untransferred
[  122.158263] xhci_hcd 0000:00:14.0: ep 0x82 - asked for 65 bytes, 55 bytes untransferred
[  122.214201] xhci_hcd 0000:00:14.0: ep 0x82 - asked for 65 bytes, 55 bytes untransferred
[  122.222203] xhci_hcd 0000:00:14.0: ep 0x82 - asked for 65 bytes, 55 bytes untransferred
[  123.470265] xhci_hcd 0000:00:14.0: ep 0x82 - asked for 65 bytes, 55 bytes untransferred
[  123.526201] xhci_hcd 0000:00:14.0: ep 0x82 - asked for 65 bytes, 55 bytes untransferred
[  123.566204] xhci_hcd 0000:00:14.0: ep 0x82 - asked for 65 bytes, 55 bytes untransferred
[  123.622208] xhci_hcd 0000:00:14.0: ep 0x82 - asked for 65 bytes, 55 bytes untransferred
[  123.630192] xhci_hcd 0000:00:14.0: ep 0x82 - asked for 65 bytes, 55 bytes untransferred
[  123.686186] xhci_hcd 0000:00:14.0: ep 0x82 - asked for 65 bytes, 55 bytes untransferred
[  123.870047] xhci_hcd 0000:00:14.0: ep 0x81 - asked for 96 bytes, 78 bytes untransferred
[  123.870054] xhci_hcd 0000:00:14.0: Giveback URB 000000002b80fbb4, len = 18, expected = 96, status = 0
[  123.870109] xhci_hcd 0000:00:14.0: Stalled endpoint for slot 2 ep 2
[  123.870117] xhci_hcd 0000:00:14.0: Cleaning up stalled endpoint ring
[  123.870120] xhci_hcd 0000:00:14.0: Finding endpoint context
[  123.870123] xhci_hcd 0000:00:14.0: Cycle state = 0x1
[  123.870127] xhci_hcd 0000:00:14.0: New dequeue segment = 00000000cfffdd9c (virtual)
[  123.870130] xhci_hcd 0000:00:14.0: New dequeue pointer = 0x46ec408c0 (DMA)
[  123.870132] xhci_hcd 0000:00:14.0: Queueing new dequeue state
[  123.870139] xhci_hcd 0000:00:14.0: Set TR Deq Ptr cmd, new deq seg = 00000000cfffdd9c (0x46ec40000 dma), new deq ptr = 000000007740589c (0x46ec408c0 dma), new cycle = 1
[  123.870143] xhci_hcd 0000:00:14.0: // Ding dong!
[  123.870154] xhci_hcd 0000:00:14.0: Giveback URB 0000000045046a8a, len = 0, expected = 13, status = -32
[  123.870161] xhci_hcd 0000:00:14.0: Ignoring reset ep completion code of 1
[  123.870166] xhci_hcd 0000:00:14.0: Successful Set TR Deq Ptr cmd, deq = @46ec408c0
[  123.926205] xhci_hcd 0000:00:14.0: ep 0x82 - asked for 65 bytes, 55 bytes untransferred
[  123.974188] xhci_hcd 0000:00:14.0: ep 0x82 - asked for 65 bytes, 55 bytes untransferred
[  124.014200] xhci_hcd 0000:00:14.0: ep 0x82 - asked for 65 bytes, 55 bytes untransferred
[  124.062179] xhci_hcd 0000:00:14.0: ep 0x82 - asked for 65 bytes, 55 bytes untransferred
[  124.278257] xhci_hcd 0000:00:14.0: ep 0x82 - asked for 65 bytes, 55 bytes untransferred
[  124.318205] xhci_hcd 0000:00:14.0: ep 0x82 - asked for 65 bytes, 55 bytes untransferred
[  124.422254] xhci_hcd 0000:00:14.0: ep 0x82 - asked for 65 bytes, 55 bytes untransferred
[  124.478202] xhci_hcd 0000:00:14.0: ep 0x82 - asked for 65 bytes, 55 bytes untransferred
[  124.638202] xhci_hcd 0000:00:14.0: ep 0x82 - asked for 65 bytes, 55 bytes untransferred
[  124.926258] xhci_hcd 0000:00:14.0: ep 0x82 - asked for 65 bytes, 55 bytes untransferred
[  124.990206] xhci_hcd 0000:00:14.0: ep 0x82 - asked for 65 bytes, 55 bytes untransferred
[  125.142251] xhci_hcd 0000:00:14.0: ep 0x82 - asked for 65 bytes, 55 bytes untransferred
[  125.334263] xhci_hcd 0000:00:14.0: ep 0x82 - asked for 65 bytes, 55 bytes untransferred
[  125.438262] xhci_hcd 0000:00:14.0: ep 0x82 - asked for 65 bytes, 55 bytes untransferred
[  125.486235] xhci_hcd 0000:00:14.0: ep 0x82 - asked for 65 bytes, 55 bytes untransferred
[  125.518214] xhci_hcd 0000:00:14.0: ep 0x82 - asked for 65 bytes, 55 bytes untransferred
[  125.918160] xhci_hcd 0000:00:14.0: ep 0x81 - asked for 96 bytes, 78 bytes untransferred
[  125.918169] xhci_hcd 0000:00:14.0: Giveback URB 000000002b80fbb4, len = 18, expected = 96, status = 0
[  125.918235] xhci_hcd 0000:00:14.0: Stalled endpoint for slot 2 ep 2
[  125.918243] xhci_hcd 0000:00:14.0: Cleaning up stalled endpoint ring
[  125.918246] xhci_hcd 0000:00:14.0: Finding endpoint context
[  125.918249] xhci_hcd 0000:00:14.0: Cycle state = 0x1
[  125.918252] xhci_hcd 0000:00:14.0: New dequeue segment = 00000000cfffdd9c (virtual)
[  125.918256] xhci_hcd 0000:00:14.0: New dequeue pointer = 0x46ec40900 (DMA)
[  125.918258] xhci_hcd 0000:00:14.0: Queueing new dequeue state
[  125.918263] xhci_hcd 0000:00:14.0: Set TR Deq Ptr cmd, new deq seg = 00000000cfffdd9c (0x46ec40000 dma), new deq ptr = 00000000298d9085 (0x46ec40900 dma), new cycle = 1
[  125.918265] xhci_hcd 0000:00:14.0: // Ding dong!
[  125.918275] xhci_hcd 0000:00:14.0: Giveback URB 0000000045046a8a, len = 0, expected = 13, status = -32
[  125.918284] xhci_hcd 0000:00:14.0: Ignoring reset ep completion code of 1
[  125.918290] xhci_hcd 0000:00:14.0: Successful Set TR Deq Ptr cmd, deq = @46ec40900
[  126.254259] xhci_hcd 0000:00:14.0: ep 0x82 - asked for 65 bytes, 55 bytes untransferred
[  126.462258] xhci_hcd 0000:00:14.0: ep 0x82 - asked for 65 bytes, 55 bytes untransferred
[  126.742251] xhci_hcd 0000:00:14.0: ep 0x82 - asked for 65 bytes, 55 bytes untransferred
[  126.766181] xhci_hcd 0000:00:14.0: ep 0x82 - asked for 65 bytes, 55 bytes untransferred
[  126.838202] xhci_hcd 0000:00:14.0: ep 0x82 - asked for 65 bytes, 55 bytes untransferred
[  126.894249] xhci_hcd 0000:00:14.0: ep 0x82 - asked for 65 bytes, 55 bytes untransferred
[  126.942250] xhci_hcd 0000:00:14.0: ep 0x82 - asked for 65 bytes, 55 bytes untransferred
[  126.998250] xhci_hcd 0000:00:14.0: ep 0x82 - asked for 65 bytes, 55 bytes untransferred
[  127.070262] xhci_hcd 0000:00:14.0: ep 0x82 - asked for 65 bytes, 55 bytes untransferred
[  127.110208] xhci_hcd 0000:00:14.0: ep 0x82 - asked for 65 bytes, 55 bytes untransferred
[  127.126212] xhci_hcd 0000:00:14.0: ep 0x82 - asked for 65 bytes, 55 bytes untransferred
[  127.166211] xhci_hcd 0000:00:14.0: ep 0x82 - asked for 65 bytes, 55 bytes untransferred
[  127.966166] xhci_hcd 0000:00:14.0: ep 0x81 - asked for 96 bytes, 78 bytes untransferred
[  127.966173] xhci_hcd 0000:00:14.0: Giveback URB 000000002b80fbb4, len = 18, expected = 96, status = 0
[  127.966223] xhci_hcd 0000:00:14.0: Stalled endpoint for slot 2 ep 2
[  127.966229] xhci_hcd 0000:00:14.0: Cleaning up stalled endpoint ring
[  127.966231] xhci_hcd 0000:00:14.0: Finding endpoint context
[  127.966233] xhci_hcd 0000:00:14.0: Cycle state = 0x1
[  127.966235] xhci_hcd 0000:00:14.0: New dequeue segment = 00000000cfffdd9c (virtual)
[  127.966237] xhci_hcd 0000:00:14.0: New dequeue pointer = 0x46ec40940 (DMA)
[  127.966239] xhci_hcd 0000:00:14.0: Queueing new dequeue state
[  127.966242] xhci_hcd 0000:00:14.0: Set TR Deq Ptr cmd, new deq seg = 00000000cfffdd9c (0x46ec40000 dma), new deq ptr = 00000000d02f92a1 (0x46ec40940 dma), new cycle = 1
[  127.966244] xhci_hcd 0000:00:14.0: // Ding dong!
[  127.966253] xhci_hcd 0000:00:14.0: Giveback URB 0000000045046a8a, len = 0, expected = 13, status = -32
[  127.966260] xhci_hcd 0000:00:14.0: Ignoring reset ep completion code of 1
[  127.966263] xhci_hcd 0000:00:14.0: Successful Set TR Deq Ptr cmd, deq = @46ec40940
