[    0.000000] microcode: microcode updated early to revision 0x1a, date = 2018-04-02
[    0.000000] Linux version 4.20.7-200.ivan3.fc29.x86_64 (root@17a77f67e2f24a608d8308c0261efd9d) (gcc version 8.2.1 20181215 (Red Hat 8.2.1-6) (GCC)) #1 SMP Tue Feb 12 23:58:43 +05 2019
[    0.000000] Command line: BOOT_IMAGE=/vmlinuz-4.20.7-200.ivan3.fc29.x86_64 root=/dev/mapper/im--mac-root ro resume=/dev/mapper/im--mac-swap rd.lvm.lv=im-mac/root rd.luks.uuid=luks-dd1fa933-ef9f-402b-a2e4-7c9d6fb7ce0d rd.lvm.lv=im-mac/swap rhgb quiet hid_apple.fnmode=2 hid_apple.iso_layout=0
[    0.000000] x86/fpu: Supporting XSAVE feature 0x001: 'x87 floating point registers'
[    0.000000] x86/fpu: Supporting XSAVE feature 0x002: 'SSE registers'
[    0.000000] x86/fpu: Supporting XSAVE feature 0x004: 'AVX registers'
[    0.000000] x86/fpu: xstate_offset[2]:  576, xstate_sizes[2]:  256
[    0.000000] x86/fpu: Enabled xstate features 0x7, context size is 832 bytes, using 'standard' format.
[    0.000000] BIOS-provided physical RAM map:
[    0.000000] BIOS-e820: [mem 0x0000000000000000-0x0000000000057fff] usable
[    0.000000] BIOS-e820: [mem 0x0000000000058000-0x0000000000058fff] reserved
[    0.000000] BIOS-e820: [mem 0x0000000000059000-0x000000000009ffff] usable
[    0.000000] BIOS-e820: [mem 0x00000000000a0000-0x00000000000bffff] reserved
[    0.000000] BIOS-e820: [mem 0x0000000000100000-0x0000000078d00fff] usable
[    0.000000] BIOS-e820: [mem 0x0000000078d01000-0x0000000078d48fff] ACPI NVS
[    0.000000] BIOS-e820: [mem 0x0000000078d49000-0x0000000078d5cfff] usable
[    0.000000] BIOS-e820: [mem 0x0000000078d5d000-0x0000000078d8efff] ACPI data
[    0.000000] BIOS-e820: [mem 0x0000000078d8f000-0x0000000078e39fff] usable
[    0.000000] BIOS-e820: [mem 0x0000000078e3a000-0x0000000078e8efff] reserved
[    0.000000] BIOS-e820: [mem 0x0000000078e8f000-0x0000000078ecbfff] usable
[    0.000000] BIOS-e820: [mem 0x0000000078ecc000-0x0000000078efefff] reserved
[    0.000000] BIOS-e820: [mem 0x0000000078eff000-0x0000000078f84fff] usable
[    0.000000] BIOS-e820: [mem 0x0000000078f85000-0x0000000078fdefff] reserved
[    0.000000] BIOS-e820: [mem 0x0000000078fdf000-0x0000000078ffffff] usable
[    0.000000] BIOS-e820: [mem 0x0000000079000000-0x000000007f9fffff] reserved
[    0.000000] BIOS-e820: [mem 0x00000000e00f8000-0x00000000e00f8fff] reserved
[    0.000000] BIOS-e820: [mem 0x00000000fed1c000-0x00000000fed1ffff] reserved
[    0.000000] BIOS-e820: [mem 0x00000000ffd70000-0x00000000ffd9ffff] reserved
[    0.000000] BIOS-e820: [mem 0x0000000100000000-0x000000047f5fffff] usable
[    0.000000] NX (Execute Disable) protection: active
[    0.000000] e820: update [mem 0x66282710-0x66282ad2] usable ==> usable
[    0.000000] e820: update [mem 0x66282710-0x66282ad2] usable ==> usable
[    0.000000] extended physical RAM map:
[    0.000000] reserve setup_data: [mem 0x0000000000000000-0x0000000000057fff] usable
[    0.000000] reserve setup_data: [mem 0x0000000000058000-0x0000000000058fff] reserved
[    0.000000] reserve setup_data: [mem 0x0000000000059000-0x000000000009ffff] usable
[    0.000000] reserve setup_data: [mem 0x00000000000a0000-0x00000000000bffff] reserved
[    0.000000] reserve setup_data: [mem 0x0000000000100000-0x000000006628270f] usable
[    0.000000] reserve setup_data: [mem 0x0000000066282710-0x0000000066282ad2] usable
[    0.000000] reserve setup_data: [mem 0x0000000066282ad3-0x0000000078d00fff] usable
[    0.000000] reserve setup_data: [mem 0x0000000078d01000-0x0000000078d48fff] ACPI NVS
[    0.000000] reserve setup_data: [mem 0x0000000078d49000-0x0000000078d5cfff] usable
[    0.000000] reserve setup_data: [mem 0x0000000078d5d000-0x0000000078d8efff] ACPI data
[    0.000000] reserve setup_data: [mem 0x0000000078d8f000-0x0000000078e39fff] usable
[    0.000000] reserve setup_data: [mem 0x0000000078e3a000-0x0000000078e8efff] reserved
[    0.000000] reserve setup_data: [mem 0x0000000078e8f000-0x0000000078ecbfff] usable
[    0.000000] reserve setup_data: [mem 0x0000000078ecc000-0x0000000078efefff] reserved
[    0.000000] reserve setup_data: [mem 0x0000000078eff000-0x0000000078f84fff] usable
[    0.000000] reserve setup_data: [mem 0x0000000078f85000-0x0000000078fdefff] reserved
[    0.000000] reserve setup_data: [mem 0x0000000078fdf000-0x0000000078ffffff] usable
[    0.000000] reserve setup_data: [mem 0x0000000079000000-0x000000007f9fffff] reserved
[    0.000000] reserve setup_data: [mem 0x00000000e00f8000-0x00000000e00f8fff] reserved
[    0.000000] reserve setup_data: [mem 0x00000000fed1c000-0x00000000fed1ffff] reserved
[    0.000000] reserve setup_data: [mem 0x00000000ffd70000-0x00000000ffd9ffff] reserved
[    0.000000] reserve setup_data: [mem 0x0000000100000000-0x000000047f5fffff] usable
[    0.000000] efi: EFI v1.10 by Apple
[    0.000000] efi:  ACPI=0x78d8e000  ACPI 2.0=0x78d8e014  SMBIOS=0x78f8b000 
[    0.000000] secureboot: Secure boot disabled
[    0.000000] SMBIOS 2.7 present.
[    0.000000] DMI: Apple Inc. MacBookPro11,4/Mac-06F11FD93F0323C5, BIOS MBP114.88Z.0184.B00.1806051659 06/05/2018
[    0.000000] tsc: Fast TSC calibration using PIT
[    0.000000] tsc: Detected 2195.120 MHz processor
[    0.000122] e820: update [mem 0x00000000-0x00000fff] usable ==> reserved
[    0.000123] e820: remove [mem 0x000a0000-0x000fffff] usable
[    0.000128] last_pfn = 0x47f600 max_arch_pfn = 0x400000000
[    0.000132] MTRR default type: write-back
[    0.000132] MTRR fixed ranges enabled:
[    0.000133]   00000-9FFFF write-back
[    0.000134]   A0000-BFFFF uncachable
[    0.000134]   C0000-DFFFF write-protect
[    0.000135]   E0000-FFFFF uncachable
[    0.000135] MTRR variable ranges enabled:
[    0.000136]   0 base 0080000000 mask 7F80000000 uncachable
[    0.000137]   1 base 007C000000 mask 7FFC000000 uncachable
[    0.000137]   2 base 007A000000 mask 7FFE000000 uncachable
[    0.000138]   3 base 0079000000 mask 7FFF000000 uncachable
[    0.000138]   4 disabled
[    0.000138]   5 disabled
[    0.000139]   6 disabled
[    0.000139]   7 disabled
[    0.000139]   8 disabled
[    0.000140]   9 disabled
[    0.009937] x86/PAT: Configuration [0-7]: WB  WC  UC- UC  WB  WP  UC- WT  
[    0.010029] last_pfn = 0x79000 max_arch_pfn = 0x400000000
[    0.021747] Base memory trampoline at [(____ptrval____)] 99000 size 24576
[    0.021750] Using GB pages for direct mapping
[    0.021752] BRK [0x32de01000, 0x32de01fff] PGTABLE
[    0.021753] BRK [0x32de02000, 0x32de02fff] PGTABLE
[    0.021754] BRK [0x32de03000, 0x32de03fff] PGTABLE
[    0.021776] BRK [0x32de04000, 0x32de04fff] PGTABLE
[    0.021778] BRK [0x32de05000, 0x32de05fff] PGTABLE
[    0.021837] BRK [0x32de06000, 0x32de06fff] PGTABLE
[    0.021852] BRK [0x32de07000, 0x32de07fff] PGTABLE
[    0.021892] BRK [0x32de08000, 0x32de08fff] PGTABLE
[    0.021985] RAMDISK: [mem 0x46b78000-0x4852ffff]
[    0.021995] ACPI: Early table checksum verification disabled
[    0.021998] ACPI: RSDP 0x0000000078D8E014 000024 (v02 APPLE )
[    0.022001] ACPI: XSDT 0x0000000078D8E1C0 0000A4 (v01 APPLE  Apple00  00000000      01000013)
[    0.022005] ACPI: FACP 0x0000000078D8C000 0000F4 (v05 APPLE  Apple00  00000000 Loki 0000005F)
[    0.022007] ACPI BIOS Warning (bug): 32/64X length mismatch in FADT/Gpe0Block: 128/0 (20181003/tbfadt-569)
[    0.022010] ACPI: DSDT 0x0000000078D7F000 007331 (v03 APPLE  MacBookP 00110004 INTL 20140424)
[    0.022012] ACPI: FACS 0x0000000078D06000 000040
[    0.022013] ACPI: FACS 0x0000000078D06000 000040
[    0.022015] ACPI: HPET 0x0000000078D8B000 000038 (v01 APPLE  Apple00  00000001 Loki 0000005F)
[    0.022016] ACPI: APIC 0x0000000078D8A000 0000BC (v02 APPLE  Apple00  00000001 Loki 0000005F)
[    0.022018] ACPI: SBST 0x0000000078D88000 000030 (v01 APPLE  Apple00  00000001 Loki 0000005F)
[    0.022020] ACPI: ECDT 0x0000000078D87000 000053 (v01 APPLE  Apple00  00000001 Loki 0000005F)
[    0.022022] ACPI: SSDT 0x0000000078D7E000 000024 (v01 APPLE  SataAhci 00001000 INTL 20140424)
[    0.022023] ACPI: SSDT 0x0000000078D7D000 000024 (v01 APPLE  SmcDppt  00001000 INTL 20140424)
[    0.022025] ACPI: SSDT 0x0000000078D7C000 000032 (v01 APPLE  SsdtS3   00001000 INTL 20140424)
[    0.022027] ACPI: SSDT 0x0000000078D68000 0086DA (v01 APPLE  TbtPEG11 00001000 INTL 20140424)
[    0.022029] ACPI: SSDT 0x0000000078D67000 0000B8 (v01 APPLE  Sdxc     00001000 INTL 20140424)
[    0.022030] ACPI: SSDT 0x0000000078D66000 000A7B (v02 APPLE  Xhci     00001000 INTL 20140424)
[    0.022032] ACPI: SSDT 0x0000000078D64000 000341 (v01 APPLE  PEG0SSD0 00001000 INTL 20140424)
[    0.022034] ACPI: SSDT 0x0000000078D5F000 00069C (v01 PmRef  Cpu0Ist  00003000 INTL 20140424)
[    0.022036] ACPI: SSDT 0x0000000078D5E000 000C17 (v01 CpuRef CpuSsdt  00003000 INTL 20140424)
[    0.022038] ACPI: DMAR 0x0000000078D5D000 000088 (v01 APPLE  BDW      00000001 INTL 00000001)
[    0.022039] ACPI: MCFG 0x0000000078D89000 00003C (v01 APPLE  Apple00  00000001 Loki 0000005F)
[    0.022044] ACPI: DMI detected to setup _OSI("Darwin"): Apple hardware
[    0.022047] ACPI: Local APIC address 0xfee00000
[    0.022118] No NUMA configuration found
[    0.022119] Faking a node at [mem 0x0000000000000000-0x000000047f5fffff]
[    0.022127] NODE_DATA(0) allocated [mem 0x47f5d5000-0x47f5fffff]
[    0.052133] Zone ranges:
[    0.052135]   DMA      [mem 0x0000000000001000-0x0000000000ffffff]
[    0.052136]   DMA32    [mem 0x0000000001000000-0x00000000ffffffff]
[    0.052136]   Normal   [mem 0x0000000100000000-0x000000047f5fffff]
[    0.052137]   Device   empty
[    0.052138] Movable zone start for each node
[    0.052140] Early memory node ranges
[    0.052141]   node   0: [mem 0x0000000000001000-0x0000000000057fff]
[    0.052142]   node   0: [mem 0x0000000000059000-0x000000000009ffff]
[    0.052142]   node   0: [mem 0x0000000000100000-0x0000000078d00fff]
[    0.052142]   node   0: [mem 0x0000000078d49000-0x0000000078d5cfff]
[    0.052143]   node   0: [mem 0x0000000078d8f000-0x0000000078e39fff]
[    0.052143]   node   0: [mem 0x0000000078e8f000-0x0000000078ecbfff]
[    0.052144]   node   0: [mem 0x0000000078eff000-0x0000000078f84fff]
[    0.052144]   node   0: [mem 0x0000000078fdf000-0x0000000078ffffff]
[    0.052144]   node   0: [mem 0x0000000100000000-0x000000047f5fffff]
[    0.052520] Zeroed struct page in unavailable ranges: 29118 pages
[    0.052521] Initmem setup node 0 [mem 0x0000000000001000-0x000000047f5fffff]
[    0.052523] On node 0 totalpages: 4162626
[    0.052523]   DMA zone: 64 pages used for memmap
[    0.052524]   DMA zone: 22 pages reserved
[    0.052525]   DMA zone: 3998 pages, LIFO batch:0
[    0.052596]   DMA32 zone: 7675 pages used for memmap
[    0.052596]   DMA32 zone: 491172 pages, LIFO batch:63
[    0.064872]   Normal zone: 57304 pages used for memmap
[    0.064873]   Normal zone: 3667456 pages, LIFO batch:63
[    0.137035] Reserving Intel graphics memory at [mem 0x79a00000-0x7f9fffff]
[    0.137101] ACPI: PM-Timer IO Port: 0x1808
[    0.137102] ACPI: Local APIC address 0xfee00000
[    0.137108] ACPI: LAPIC_NMI (acpi_id[0x01] high edge lint[0x1])
[    0.137108] ACPI: LAPIC_NMI (acpi_id[0x02] high edge lint[0x1])
[    0.137109] ACPI: LAPIC_NMI (acpi_id[0x03] high edge lint[0x1])
[    0.137109] ACPI: LAPIC_NMI (acpi_id[0x04] high edge lint[0x1])
[    0.137110] ACPI: LAPIC_NMI (acpi_id[0x05] high edge lint[0x1])
[    0.137110] ACPI: LAPIC_NMI (acpi_id[0x06] high edge lint[0x1])
[    0.137110] ACPI: LAPIC_NMI (acpi_id[0x07] high edge lint[0x1])
[    0.137111] ACPI: LAPIC_NMI (acpi_id[0x08] high edge lint[0x1])
[    0.137125] IOAPIC[0]: apic_id 2, version 32, address 0xfec00000, GSI 0-23
[    0.137126] ACPI: INT_SRC_OVR (bus 0 bus_irq 0 global_irq 2 dfl dfl)
[    0.137127] ACPI: INT_SRC_OVR (bus 0 bus_irq 9 global_irq 9 high level)
[    0.137128] ACPI: IRQ0 used by override.
[    0.137129] ACPI: IRQ9 used by override.
[    0.137130] Using ACPI (MADT) for SMP configuration information
[    0.137131] ACPI: HPET id: 0x8086a201 base: 0xfed00000
[    0.137135] smpboot: Allowing 8 CPUs, 0 hotplug CPUs
[    0.137148] PM: Registered nosave memory: [mem 0x00000000-0x00000fff]
[    0.137149] PM: Registered nosave memory: [mem 0x00058000-0x00058fff]
[    0.137150] PM: Registered nosave memory: [mem 0x000a0000-0x000bffff]
[    0.137151] PM: Registered nosave memory: [mem 0x000c0000-0x000fffff]
[    0.137152] PM: Registered nosave memory: [mem 0x66282000-0x66282fff]
[    0.137153] PM: Registered nosave memory: [mem 0x66282000-0x66282fff]
[    0.137154] PM: Registered nosave memory: [mem 0x78d01000-0x78d48fff]
[    0.137155] PM: Registered nosave memory: [mem 0x78d5d000-0x78d8efff]
[    0.137156] PM: Registered nosave memory: [mem 0x78e3a000-0x78e8efff]
[    0.137157] PM: Registered nosave memory: [mem 0x78ecc000-0x78efefff]
[    0.137158] PM: Registered nosave memory: [mem 0x78f85000-0x78fdefff]
[    0.137159] PM: Registered nosave memory: [mem 0x79000000-0x7f9fffff]
[    0.137159] PM: Registered nosave memory: [mem 0x7fa00000-0xe00f7fff]
[    0.137159] PM: Registered nosave memory: [mem 0xe00f8000-0xe00f8fff]
[    0.137160] PM: Registered nosave memory: [mem 0xe00f9000-0xfed1bfff]
[    0.137160] PM: Registered nosave memory: [mem 0xfed1c000-0xfed1ffff]
[    0.137161] PM: Registered nosave memory: [mem 0xfed20000-0xffd6ffff]
[    0.137161] PM: Registered nosave memory: [mem 0xffd70000-0xffd9ffff]
[    0.137161] PM: Registered nosave memory: [mem 0xffda0000-0xffffffff]
[    0.137163] [mem 0x7fa00000-0xe00f7fff] available for PCI devices
[    0.137165] Booting paravirtualized kernel on bare hardware
[    0.137167] clocksource: refined-jiffies: mask: 0xffffffff max_cycles: 0xffffffff, max_idle_ns: 1910969940391419 ns
[    0.234468] random: get_random_bytes called from start_kernel+0x93/0x528 with crng_init=0
[    0.234473] setup_percpu: NR_CPUS:1024 nr_cpumask_bits:8 nr_cpu_ids:8 nr_node_ids:1
[    0.234648] percpu: Embedded 45 pages/cpu @(____ptrval____) s147456 r8192 d28672 u262144
[    0.234654] pcpu-alloc: s147456 r8192 d28672 u262144 alloc=1*2097152
[    0.234655] pcpu-alloc: [0] 0 1 2 3 4 5 6 7 
[    0.234675] Built 1 zonelists, mobility grouping on.  Total pages: 4097561
[    0.234675] Policy zone: Normal
[    0.234677] Kernel command line: BOOT_IMAGE=/vmlinuz-4.20.7-200.ivan3.fc29.x86_64 root=/dev/mapper/im--mac-root ro resume=/dev/mapper/im--mac-swap rd.lvm.lv=im-mac/root rd.luks.uuid=luks-dd1fa933-ef9f-402b-a2e4-7c9d6fb7ce0d rd.lvm.lv=im-mac/swap rhgb quiet hid_apple.fnmode=2 hid_apple.iso_layout=0
[    0.280214] Memory: 15910384K/16650504K available (12293K kernel code, 1502K rwdata, 4084K rodata, 2188K init, 4756K bss, 740120K reserved, 0K cma-reserved)
[    0.280344] SLUB: HWalign=64, Order=0-3, MinObjects=0, CPUs=8, Nodes=1
[    0.280351] Kernel/User page tables isolation: enabled
[    0.280369] ftrace: allocating 38693 entries in 152 pages
[    0.292791] rcu: Hierarchical RCU implementation.
[    0.292792] rcu: 	RCU restricting CPUs from NR_CPUS=1024 to nr_cpu_ids=8.
[    0.292793] 	Tasks RCU enabled.
[    0.292793] rcu: RCU calculated value of scheduler-enlistment delay is 100 jiffies.
[    0.292794] rcu: Adjusting geometry for rcu_fanout_leaf=16, nr_cpu_ids=8
[    0.294729] NR_IRQS: 65792, nr_irqs: 488, preallocated irqs: 16
[    0.294896] Console: colour dummy device 80x25
[    0.294901] printk: console [tty0] enabled
[    0.294912] ACPI: Core revision 20181003
[    0.295115] clocksource: hpet: mask: 0xffffffff max_cycles: 0xffffffff, max_idle_ns: 133484882848 ns
[    0.295124] hpet clockevent registered
[    0.295128] APIC: Switch to symmetric I/O mode setup
[    0.295129] DMAR: Host address width 39
[    0.295129] DMAR: DRHD base: 0x000000fed90000 flags: 0x0
[    0.295133] DMAR: dmar0: reg_base_addr fed90000 ver 1:0 cap c0000020660462 ecap f0101a
[    0.295133] DMAR: DRHD base: 0x000000fed91000 flags: 0x1
[    0.295135] DMAR: dmar1: reg_base_addr fed91000 ver 1:0 cap d2008c20660462 ecap f010da
[    0.295136] DMAR: RMRR base: 0x00000079800000 end: 0x0000007f9fffff
[    0.295139] DMAR-IR: IOAPIC id 2 under DRHD base  0xfed91000 IOMMU 1
[    0.295139] DMAR-IR: HPET id 0 under DRHD base 0xfed91000
[    0.295140] DMAR-IR: x2apic is disabled because BIOS sets x2apic opt out bit.
[    0.295140] DMAR-IR: Use 'intremap=no_x2apic_optout' to override the BIOS setting.
[    0.295514] DMAR-IR: Enabled IRQ remapping in xapic mode
[    0.295514] x2apic: IRQ remapping doesn't support X2APIC mode
[    0.295883] ..TIMER: vector=0x30 apic1=0 pin1=2 apic2=-1 pin2=-1
[    0.300133] clocksource: tsc-early: mask: 0xffffffffffffffff max_cycles: 0x1fa430e375c, max_idle_ns: 440795285025 ns
[    0.300142] Calibrating delay loop (skipped), value calculated using timer frequency.. 4390.24 BogoMIPS (lpj=2195120)
[    0.300144] pid_max: default: 32768 minimum: 301
[    0.304196] LSM: Security Framework initializing
[    0.304197] Yama: becoming mindful.
[    0.304200] SELinux:  Initializing.
[    0.306155] Dentry cache hash table entries: 2097152 (order: 12, 16777216 bytes)
[    0.307127] Inode-cache hash table entries: 1048576 (order: 11, 8388608 bytes)
[    0.307167] Mount-cache hash table entries: 32768 (order: 6, 262144 bytes)
[    0.307197] Mountpoint-cache hash table entries: 32768 (order: 6, 262144 bytes)
[    0.307350] ENERGY_PERF_BIAS: Set to 'normal', was 'performance'
[    0.307351] ENERGY_PERF_BIAS: View and update with x86_energy_perf_policy(8)
[    0.307354] mce: CPU supports 10 MCE banks
[    0.307361] CPU0: Thermal monitoring enabled (TM1)
[    0.307373] process: using mwait in idle threads
[    0.307375] Last level iTLB entries: 4KB 1024, 2MB 1024, 4MB 1024
[    0.307376] Last level dTLB entries: 4KB 1024, 2MB 1024, 4MB 1024, 1GB 4
[    0.307377] Spectre V2 : Mitigation: Full generic retpoline
[    0.307378] Spectre V2 : Spectre v2 / SpectreRSB mitigation: Filling RSB on context switch
[    0.307378] Spectre V2 : Enabling Restricted Speculation for firmware calls
[    0.307383] Spectre V2 : mitigation: Enabling conditional Indirect Branch Prediction Barrier
[    0.307383] Spectre V2 : User space: Mitigation: STIBP via seccomp and prctl
[    0.307385] Speculative Store Bypass: Mitigation: Speculative Store Bypass disabled via prctl and seccomp
[    0.307519] Freeing SMP alternatives memory: 36K
[    0.316203] TSC deadline timer enabled
[    0.316207] smpboot: CPU0: Intel(R) Core(TM) i7-4770HQ CPU @ 2.20GHz (family: 0x6, model: 0x46, stepping: 0x1)
[    0.316277] Performance Events: PEBS fmt2+, Haswell events, 16-deep LBR, full-width counters, Intel PMU driver.
[    0.316314] ... version:                3
[    0.316314] ... bit width:              48
[    0.316314] ... generic registers:      4
[    0.316315] ... value mask:             0000ffffffffffff
[    0.316315] ... max period:             00007fffffffffff
[    0.316316] ... fixed-purpose events:   3
[    0.316316] ... event mask:             000000070000000f
[    0.316343] rcu: Hierarchical SRCU implementation.
[    0.316777] random: crng done (trusting CPU's manufacturer)
[    0.317134] NMI watchdog: Enabled. Permanently consumes one hw-PMU counter.
[    0.317169] smp: Bringing up secondary CPUs ...
[    0.317222] x86: Booting SMP configuration:
[    0.317222] .... node  #0, CPUs:      #1 #2 #3 #4 #5 #6 #7
[    0.365138] smp: Brought up 1 node, 8 CPUs
[    0.365140] smpboot: Max logical packages: 1
[    0.365141] smpboot: Total of 8 processors activated (35121.92 BogoMIPS)
[    0.366503] devtmpfs: initialized
[    0.366503] x86/mm: Memory block size: 128MB
[    0.367366] PM: Registering ACPI NVS region [mem 0x78d01000-0x78d48fff] (294912 bytes)
[    0.367366] clocksource: jiffies: mask: 0xffffffff max_cycles: 0xffffffff, max_idle_ns: 1911260446275000 ns
[    0.367366] futex hash table entries: 2048 (order: 5, 131072 bytes)
[    0.367366] pinctrl core: initialized pinctrl subsystem
[    0.367366] RTC time: 12:17:13, date: 02/13/19
[    0.367380] NET: Registered protocol family 16
[    0.367467] audit: initializing netlink subsys (disabled)
[    0.367471] audit: type=2000 audit(1550060233.072:1): state=initialized audit_enabled=0 res=1
[    0.367471] cpuidle: using governor menu
[    0.367471] ACPI: bus type PCI registered
[    0.367471] acpiphp: ACPI Hot Plug PCI Controller Driver version: 0.5
[    0.367471] PCI: MMCONFIG for domain 0000 [bus 00-9b] at [mem 0xe0000000-0xe9bfffff] (base 0xe0000000)
[    0.367471] PCI: not using MMCONFIG
[    0.367471] PCI: Using configuration type 1 for base access
[    0.367471] core: PMU erratum BJ122, BV98, HSD29 worked around, HT is on
[    0.369157] HugeTLB registered 1.00 GiB page size, pre-allocated 0 pages
[    0.369157] HugeTLB registered 2.00 MiB page size, pre-allocated 0 pages
[    0.369161] cryptd: max_cpu_qlen set to 1000
[    0.369179] ACPI: Disabled all _OSI OS vendors
[    0.369181] ACPI: Added _OSI(Module Device)
[    0.369181] ACPI: Added _OSI(Processor Device)
[    0.369182] ACPI: Added _OSI(3.0 _SCP Extensions)
[    0.369182] ACPI: Added _OSI(Processor Aggregator Device)
[    0.369183] ACPI: Added _OSI(Linux-Dell-Video)
[    0.369183] ACPI: Added _OSI(Linux-Lenovo-NV-HDMI-Audio)
[    0.369184] ACPI: Added _OSI(Darwin)
[    0.380651] ACPI: 10 ACPI AML tables successfully acquired and loaded
[    0.381262] ACPI: EC: EC started
[    0.381262] ACPI: EC: interrupt blocked
[    0.383245] ACPI: \: Used as first EC
[    0.383246] ACPI: \: GPE=0x17, EC_CMD/EC_SC=0x66, EC_DATA=0x62
[    0.383247] ACPI: \: Used as boot ECDT EC to handle transactions
[    0.383957] ACPI: BIOS _OSI(Darwin) query honored via DMI
[    0.384479] ACPI: [Firmware Bug]: BIOS _OSI(Linux) query ignored
[    0.384595] ACPI Error: Needed type [Reference], found [Integer] 0000000087d53b09 (20181003/exresop-69)
[    0.384598] ACPI Error: AE_AML_OPERAND_TYPE, While resolving operands for [OpcodeName unavailable] (20181003/dswexec-427)
[    0.384600] ACPI Error: Method parse/execution failed \_PR.CPU0._PDC, AE_AML_OPERAND_TYPE (20181003/psparse-516)
[    0.384787] ACPI: Dynamic OEM Table Load:
[    0.384792] ACPI: SSDT 0xFFFF8F70ACB49000 00067C (v01 PmRef  ApIst    00003000 INTL 20140424)
[    0.385170] ACPI: Dynamic OEM Table Load:
[    0.385174] ACPI: SSDT 0xFFFF8F70ACBAA600 000119 (v01 PmRef  ApCst    00003000 INTL 20140424)
[    0.386233] ACPI: Interpreter enabled
[    0.386248] ACPI: (supports S0 S3 S4 S5)
[    0.386249] ACPI: Using IOAPIC for interrupt routing
[    0.386266] PCI: MMCONFIG for domain 0000 [bus 00-9b] at [mem 0xe0000000-0xe9bfffff] (base 0xe0000000)
[    0.386632] PCI: MMCONFIG at [mem 0xe0000000-0xe9bfffff] reserved in ACPI motherboard resources
[    0.386641] PCI: Using host bridge windows from ACPI; if necessary, use "pci=nocrs" and report a bug
[    0.386820] ACPI: Enabled 7 GPEs in block 00 to 3F
[    0.394130] ACPI: PCI Root Bridge [PCI0] (domain 0000 [bus 00-ff])
[    0.394134] acpi PNP0A08:00: _OSC: OS assumes control of [PCIeHotplug SHPCHotplug AER PCIeCapability LTR]
[    0.394145] acpi PNP0A08:00: [Firmware Info]: MMCONFIG for domain 0000 [bus 00-9b] only partially covers this bridge
[    0.394344] PCI host bridge to bus 0000:00
[    0.394346] pci_bus 0000:00: root bus resource [io  0x0000-0x0cf7 window]
[    0.394347] pci_bus 0000:00: root bus resource [io  0x0d00-0xffff window]
[    0.394348] pci_bus 0000:00: root bus resource [mem 0x000a0000-0x000bffff window]
[    0.394349] pci_bus 0000:00: root bus resource [mem 0x000c0000-0x000c3fff window]
[    0.394350] pci_bus 0000:00: root bus resource [mem 0x000c4000-0x000c7fff window]
[    0.394351] pci_bus 0000:00: root bus resource [mem 0x000c8000-0x000cbfff window]
[    0.394352] pci_bus 0000:00: root bus resource [mem 0x000cc000-0x000cffff window]
[    0.394353] pci_bus 0000:00: root bus resource [mem 0x000d0000-0x000d3fff window]
[    0.394354] pci_bus 0000:00: root bus resource [mem 0x000d4000-0x000d7fff window]
[    0.394354] pci_bus 0000:00: root bus resource [mem 0x000d8000-0x000dbfff window]
[    0.394355] pci_bus 0000:00: root bus resource [mem 0x000dc000-0x000dffff window]
[    0.394356] pci_bus 0000:00: root bus resource [mem 0x000e0000-0x000e3fff window]
[    0.394357] pci_bus 0000:00: root bus resource [mem 0x000e4000-0x000e7fff window]
[    0.394358] pci_bus 0000:00: root bus resource [mem 0x000e8000-0x000ebfff window]
[    0.394359] pci_bus 0000:00: root bus resource [mem 0x000ec000-0x000effff window]
[    0.394360] pci_bus 0000:00: root bus resource [mem 0x000f0000-0x000fffff window]
[    0.394361] pci_bus 0000:00: root bus resource [mem 0x7fa00000-0xfeafffff window]
[    0.394362] pci_bus 0000:00: root bus resource [mem 0xfed40000-0xfed44fff window]
[    0.394363] pci_bus 0000:00: root bus resource [bus 00-ff]
[    0.394369] pci 0000:00:00.0: [8086:0d04] type 00 class 0x060000
[    0.394435] pci 0000:00:01.0: [8086:0d01] type 01 class 0x060400
[    0.394465] pci 0000:00:01.0: PME# supported from D0 D3hot D3cold
[    0.394510] pci 0000:00:01.1: [8086:0d05] type 01 class 0x060400
[    0.394537] pci 0000:00:01.1: PME# supported from D0 D3hot D3cold
[    0.394607] pci 0000:00:02.0: [8086:0d26] type 00 class 0x030000
[    0.394616] pci 0000:00:02.0: reg 0x10: [mem 0xa0000000-0xa03fffff 64bit]
[    0.394620] pci 0000:00:02.0: reg 0x18: [mem 0x90000000-0x9fffffff 64bit pref]
[    0.394623] pci 0000:00:02.0: reg 0x20: [io  0x3000-0x303f]
[    0.394632] pci 0000:00:02.0: BAR 2: assigned to efifb
[    0.394679] pci 0000:00:03.0: [8086:0d0c] type 00 class 0x040300
[    0.394686] pci 0000:00:03.0: reg 0x10: [mem 0xa0c10000-0xa0c13fff 64bit]
[    0.394766] pci 0000:00:14.0: [8086:8c31] type 00 class 0x0c0330
[    0.394783] pci 0000:00:14.0: reg 0x10: [mem 0xa0c00000-0xa0c0ffff 64bit]
[    0.394834] pci 0000:00:14.0: PME# supported from D3hot D3cold
[    0.394910] pci 0000:00:16.0: [8086:8c3a] type 00 class 0x078000
[    0.394929] pci 0000:00:16.0: reg 0x10: [mem 0xa0c19100-0xa0c1910f 64bit]
[    0.394982] pci 0000:00:16.0: PME# supported from D0 D3hot D3cold
[    0.395038] pci 0000:00:1b.0: [8086:8c20] type 00 class 0x040300
[    0.395055] pci 0000:00:1b.0: reg 0x10: [mem 0xa0c14000-0xa0c17fff 64bit]
[    0.395113] pci 0000:00:1b.0: PME# supported from D0 D3hot D3cold
[    0.395165] pci 0000:00:1c.0: [8086:8c10] type 01 class 0x060400
[    0.395207] pci 0000:00:1c.0: claimed MacBook Pro poweroff workaround [mem 0x7fa00000-0x7fbfffff]
[    0.395251] pci 0000:00:1c.0: PME# supported from D0 D3hot D3cold
[    0.395311] pci 0000:00:1c.2: [8086:8c14] type 01 class 0x060400
[    0.395380] pci 0000:00:1c.2: PME# supported from D0 D3hot D3cold
[    0.395436] pci 0000:00:1c.3: [8086:8c16] type 01 class 0x060400
[    0.395505] pci 0000:00:1c.3: PME# supported from D0 D3hot D3cold
[    0.395568] pci 0000:00:1f.0: [8086:8c4b] type 00 class 0x060100
[    0.395701] pci 0000:00:1f.3: [8086:8c22] type 00 class 0x0c0500
[    0.395716] pci 0000:00:1f.3: reg 0x10: [mem 0xa0c19000-0xa0c190ff 64bit]
[    0.395733] pci 0000:00:1f.3: reg 0x20: [io  0xefa0-0xefbf]
[    0.395791] pci 0000:00:1f.6: [8086:8c24] type 00 class 0x118000
[    0.395810] pci 0000:00:1f.6: reg 0x10: [mem 0xa0c18000-0xa0c18fff 64bit]
[    0.395958] pci 0000:01:00.0: [144d:a801] type 00 class 0x010601
[    0.395991] pci 0000:01:00.0: reg 0x24: [mem 0xa0b00000-0xa0b01fff]
[    0.396113] pci 0000:00:01.0: PCI bridge to [bus 01]
[    0.396116] pci 0000:00:01.0:   bridge window [mem 0xa0b00000-0xa0bfffff]
[    0.396166] pci 0000:05:00.0: [8086:156d] type 01 class 0x060400
[    0.396245] pci 0000:05:00.0: supports D1 D2
[    0.396246] pci 0000:05:00.0: PME# supported from D0 D1 D2 D3hot D3cold
[    0.396331] pci 0000:00:01.1: PCI bridge to [bus 05-9b]
[    0.396333] pci 0000:00:01.1:   bridge window [io  0x4000-0x6fff]
[    0.396334] pci 0000:00:01.1:   bridge window [mem 0xa0d00000-0xacdfffff]
[    0.396337] pci 0000:00:01.1:   bridge window [mem 0xace00000-0xb8dfffff 64bit pref]
[    0.396419] pci 0000:06:00.0: [8086:156d] type 01 class 0x060400
[    0.396506] pci 0000:06:00.0: supports D1 D2
[    0.396507] pci 0000:06:00.0: PME# supported from D0 D1 D2 D3hot D3cold
[    0.396568] pci 0000:06:03.0: [8086:156d] type 01 class 0x060400
[    0.396653] pci 0000:06:03.0: supports D1 D2
[    0.396654] pci 0000:06:03.0: PME# supported from D0 D1 D2 D3hot D3cold
[    0.396712] pci 0000:06:04.0: [8086:156d] type 01 class 0x060400
[    0.396797] pci 0000:06:04.0: supports D1 D2
[    0.396798] pci 0000:06:04.0: PME# supported from D0 D1 D2 D3hot D3cold
[    0.396857] pci 0000:06:05.0: [8086:156d] type 01 class 0x060400
[    0.396942] pci 0000:06:05.0: supports D1 D2
[    0.396943] pci 0000:06:05.0: PME# supported from D0 D1 D2 D3hot D3cold
[    0.397001] pci 0000:06:06.0: [8086:156d] type 01 class 0x060400
[    0.397086] pci 0000:06:06.0: supports D1 D2
[    0.397087] pci 0000:06:06.0: PME# supported from D0 D1 D2 D3hot D3cold
[    0.397155] pci 0000:05:00.0: PCI bridge to [bus 06-6b]
[    0.397159] pci 0000:05:00.0:   bridge window [io  0x4000-0x5fff]
[    0.397161] pci 0000:05:00.0:   bridge window [mem 0xa0d00000-0xa8dfffff]
[    0.397165] pci 0000:05:00.0:   bridge window [mem 0xace00000-0xb4dfffff 64bit pref]
[    0.397213] pci 0000:07:00.0: [8086:156c] type 00 class 0x088000
[    0.397237] pci 0000:07:00.0: reg 0x10: [mem 0xa0d00000-0xa0d3ffff]
[    0.397246] pci 0000:07:00.0: reg 0x14: [mem 0xa0d40000-0xa0d40fff]
[    0.397365] pci 0000:07:00.0: supports D1 D2
[    0.397366] pci 0000:07:00.0: PME# supported from D0 D1 D2 D3hot D3cold
[    0.397505] pci 0000:06:00.0: PCI bridge to [bus 07]
[    0.397510] pci 0000:06:00.0:   bridge window [mem 0xa0d00000-0xa0dfffff]
[    0.397563] pci 0000:06:03.0: PCI bridge to [bus 08-38]
[    0.397567] pci 0000:06:03.0:   bridge window [io  0x4000-0x4fff]
[    0.397570] pci 0000:06:03.0:   bridge window [mem 0xa0e00000-0xa4dfffff]
[    0.397574] pci 0000:06:03.0:   bridge window [mem 0xace00000-0xb0dfffff 64bit pref]
[    0.397622] pci 0000:06:04.0: PCI bridge to [bus 39]
[    0.397678] pci 0000:06:05.0: PCI bridge to [bus 3a-6a]
[    0.397682] pci 0000:06:05.0:   bridge window [io  0x5000-0x5fff]
[    0.397685] pci 0000:06:05.0:   bridge window [mem 0xa4e00000-0xa8dfffff]
[    0.397689] pci 0000:06:05.0:   bridge window [mem 0xb0e00000-0xb4dfffff 64bit pref]
[    0.397715] pci 0000:06:06.0: PCI bridge to [bus 6b]
[    0.397781] pci 0000:00:1c.0: PCI bridge to [bus 02]
[    0.397876] pci 0000:03:00.0: [14e4:43ba] type 00 class 0x028000
[    0.397941] pci 0000:03:00.0: reg 0x10: [mem 0xa0800000-0xa0807fff 64bit]
[    0.397968] pci 0000:03:00.0: reg 0x18: [mem 0xa0400000-0xa07fffff 64bit]
[    0.398175] pci 0000:03:00.0: supports D1 D2
[    0.398176] pci 0000:03:00.0: PME# supported from D0 D1 D2 D3hot D3cold
[    0.398407] pci 0000:00:1c.2: PCI bridge to [bus 03]
[    0.398411] pci 0000:00:1c.2:   bridge window [mem 0xa0400000-0xa08fffff]
[    0.398471] pci 0000:04:00.0: [14e4:1570] type 00 class 0x048000
[    0.398503] pci 0000:04:00.0: reg 0x10: [mem 0xa0a00000-0xa0a0ffff 64bit]
[    0.398518] pci 0000:04:00.0: reg 0x18: [mem 0x80000000-0x8fffffff 64bit pref]
[    0.398533] pci 0000:04:00.0: reg 0x20: [mem 0xa0900000-0xa09fffff 64bit]
[    0.398619] pci 0000:04:00.0: supports D1
[    0.398620] pci 0000:04:00.0: PME# supported from D0 D3hot
[    0.398723] pci 0000:00:1c.3: PCI bridge to [bus 04]
[    0.398727] pci 0000:00:1c.3:   bridge window [mem 0xa0900000-0xa0afffff]
[    0.398731] pci 0000:00:1c.3:   bridge window [mem 0x80000000-0x8fffffff 64bit pref]
[    0.399478] ACPI: PCI Interrupt Link [LNKA] (IRQs 1 3 4 5 6 7 10 12 14 15) *0, disabled.
[    0.399525] ACPI: PCI Interrupt Link [LNKB] (IRQs 1 3 4 5 6 7 11 12 14 15) *0, disabled.
[    0.399567] ACPI: PCI Interrupt Link [LNKC] (IRQs 1 3 4 5 6 7 10 12 14 15) *0, disabled.
[    0.399607] ACPI: PCI Interrupt Link [LNKD] (IRQs 1 3 4 5 6 7 11 12 14 15) *0, disabled.
[    0.399648] ACPI: PCI Interrupt Link [LNKE] (IRQs 1 3 4 5 6 7 10 12 14 15) *0, disabled.
[    0.399693] ACPI: PCI Interrupt Link [LNKF] (IRQs 1 3 4 5 6 7 11 12 14 15) *0, disabled.
[    0.399738] ACPI: PCI Interrupt Link [LNKG] (IRQs 1 3 4 5 6 7 10 12 14 15) *0, disabled.
[    0.399782] ACPI: PCI Interrupt Link [LNKH] (IRQs 1 3 4 5 6 7 11 12 14 15) *0, disabled.
[    0.399922] ACPI: EC: interrupt unblocked
[    0.399939] ACPI: EC: event unblocked
[    0.399944] ACPI: \_SB_.PCI0.LPCB.EC__: GPE=0x17, EC_CMD/EC_SC=0x66, EC_DATA=0x62
[    0.399945] ACPI: \_SB_.PCI0.LPCB.EC__: Used as boot DSDT EC to handle transactions and events
[    0.399989] pci 0000:00:02.0: vgaarb: setting as boot VGA device
[    0.399989] pci 0000:00:02.0: vgaarb: VGA device added: decodes=io+mem,owns=io+mem,locks=none
[    0.399989] pci 0000:00:02.0: vgaarb: bridge control possible
[    0.399989] vgaarb: loaded
[    0.399989] SCSI subsystem initialized
[    0.399989] libata version 3.00 loaded.
[    0.399989] ACPI: bus type USB registered
[    0.400145] usbcore: registered new interface driver usbfs
[    0.400150] usbcore: registered new interface driver hub
[    0.400166] usbcore: registered new device driver usb
[    0.400185] pps_core: LinuxPPS API ver. 1 registered
[    0.400185] pps_core: Software ver. 5.3.6 - Copyright 2005-2007 Rodolfo Giometti <giometti@linux.it>
[    0.400187] PTP clock support registered
[    0.400200] EDAC MC: Ver: 3.0.0
[    0.400237] Registered efivars operations
[    0.482319] PCI: Using ACPI for IRQ routing
[    0.484791] PCI: pci_cache_line_size set to 64 bytes
[    0.484927] e820: reserve RAM buffer [mem 0x00058000-0x0005ffff]
[    0.484928] e820: reserve RAM buffer [mem 0x66282710-0x67ffffff]
[    0.484929] e820: reserve RAM buffer [mem 0x78d01000-0x7bffffff]
[    0.484930] e820: reserve RAM buffer [mem 0x78d5d000-0x7bffffff]
[    0.484932] e820: reserve RAM buffer [mem 0x78e3a000-0x7bffffff]
[    0.484933] e820: reserve RAM buffer [mem 0x78ecc000-0x7bffffff]
[    0.484933] e820: reserve RAM buffer [mem 0x78f85000-0x7bffffff]
[    0.484934] e820: reserve RAM buffer [mem 0x79000000-0x7bffffff]
[    0.484935] e820: reserve RAM buffer [mem 0x47f600000-0x47fffffff]
[    0.485134] NetLabel: Initializing
[    0.485134] NetLabel:  domain hash size = 128
[    0.485134] NetLabel:  protocols = UNLABELED CIPSOv4 CALIPSO
[    0.485134] NetLabel:  unlabeled traffic allowed by default
[    0.485206] hpet0: at MMIO 0xfed00000, IRQs 2, 8, 0, 0, 0, 0, 0, 0
[    0.485209] hpet0: 8 comparators, 64-bit 14.318180 MHz counter
[    0.487151] clocksource: Switched to clocksource tsc-early
[    0.496965] VFS: Disk quotas dquot_6.6.0
[    0.496979] VFS: Dquot-cache hash table entries: 512 (order 0, 4096 bytes)
[    0.497028] pnp: PnP ACPI init
[    0.497675] system 00:00: [mem 0xfed00000-0xfed03fff] has been reserved
[    0.497679] system 00:00: Plug and Play ACPI device, IDs PNP0103 PNP0c01 (active)
[    0.497712] system 00:01: [io  0xffff] has been reserved
[    0.497713] system 00:01: [io  0x1800-0x187f] has been reserved
[    0.497714] system 00:01: [io  0x0800-0x087f] has been reserved
[    0.497717] system 00:01: Plug and Play ACPI device, IDs PNP0c02 (active)
[    0.497729] pnp 00:02: Plug and Play ACPI device, IDs PNP0b00 (active)
[    0.497773] pnp 00:03: Plug and Play ACPI device, IDs APP000b (active)
[    0.497871] system 00:04: [mem 0xfed1c000-0xfed1ffff] has been reserved
[    0.497873] system 00:04: [mem 0xfed10000-0xfed17fff] has been reserved
[    0.497874] system 00:04: [mem 0xfed18000-0xfed18fff] has been reserved
[    0.497875] system 00:04: [mem 0xfed19000-0xfed19fff] has been reserved
[    0.497876] system 00:04: [mem 0xe0000000-0xefffffff] could not be reserved
[    0.497877] system 00:04: [mem 0xfed20000-0xfed3ffff] has been reserved
[    0.497879] system 00:04: [mem 0xfed90000-0xfed93fff] could not be reserved
[    0.497880] system 00:04: [mem 0xfed45000-0xfed8ffff] has been reserved
[    0.497881] system 00:04: [mem 0xff000000-0xffffffff] could not be reserved
[    0.497882] system 00:04: [mem 0xfee00000-0xfeefffff] has been reserved
[    0.497885] system 00:04: Plug and Play ACPI device, IDs PNP0c02 (active)
[    0.497922] system 00:05: [mem 0x20000000-0x201fffff] could not be reserved
[    0.497923] system 00:05: [mem 0x40000000-0x401fffff] could not be reserved
[    0.497925] system 00:05: Plug and Play ACPI device, IDs PNP0c01 (active)
[    0.498037] pnp: PnP ACPI: found 6 devices
[    0.498871] pci 0000:07:00.0: assigning 8 device properties
[    0.498877] pci 0000:00:1b.0: assigning 4 device properties
[    0.498880] pci 0000:00:02.0: assigning 2 device properties
[    0.503449] clocksource: acpi_pm: mask: 0xffffff max_cycles: 0xffffff, max_idle_ns: 2085701024 ns
[    0.503483] pci 0000:06:00.0: bridge window [io  0x1000-0x0fff] to [bus 07] add_size 1000
[    0.503484] pci 0000:06:00.0: bridge window [mem 0x00100000-0x000fffff 64bit pref] to [bus 07] add_size 200000 add_align 100000
[    0.503495] pci 0000:06:04.0: bridge window [io  0x1000-0x0fff] to [bus 39] add_size 1000
[    0.503496] pci 0000:06:04.0: bridge window [mem 0x00100000-0x000fffff 64bit pref] to [bus 39] add_size 200000 add_align 100000
[    0.503497] pci 0000:06:04.0: bridge window [mem 0x00100000-0x000fffff] to [bus 39] add_size 200000 add_align 100000
[    0.503508] pci 0000:06:06.0: bridge window [io  0x1000-0x0fff] to [bus 6b] add_size 1000
[    0.503509] pci 0000:06:06.0: bridge window [mem 0x00100000-0x000fffff 64bit pref] to [bus 6b] add_size 200000 add_align 100000
[    0.503510] pci 0000:06:06.0: bridge window [mem 0x00100000-0x000fffff] to [bus 6b] add_size 200000 add_align 100000
[    0.503528] pci 0000:00:1c.0: bridge window [io  0x1000-0x0fff] to [bus 02] add_size 1000
[    0.503529] pci 0000:00:1c.0: bridge window [mem 0x00100000-0x000fffff 64bit pref] to [bus 02] add_size 200000 add_align 100000
[    0.503530] pci 0000:00:1c.0: bridge window [mem 0x00100000-0x000fffff] to [bus 02] add_size 200000 add_align 100000
[    0.503549] pci 0000:00:1c.0: BAR 14: assigned [mem 0x7fc00000-0x7fdfffff]
[    0.503556] pci 0000:00:1c.0: BAR 15: assigned [mem 0x7fe00000-0x7fffffff 64bit pref]
[    0.503557] pci 0000:00:1c.0: BAR 13: assigned [io  0x2000-0x2fff]
[    0.503559] pci 0000:00:01.0: PCI bridge to [bus 01]
[    0.503562] pci 0000:00:01.0:   bridge window [mem 0xa0b00000-0xa0bfffff]
[    0.503568] pci 0000:06:00.0: BAR 15: no space for [mem size 0x00200000 64bit pref]
[    0.503569] pci 0000:06:00.0: BAR 15: failed to assign [mem size 0x00200000 64bit pref]
[    0.503571] pci 0000:06:04.0: BAR 14: no space for [mem size 0x00200000]
[    0.503572] pci 0000:06:04.0: BAR 14: failed to assign [mem size 0x00200000]
[    0.503573] pci 0000:06:04.0: BAR 15: no space for [mem size 0x00200000 64bit pref]
[    0.503574] pci 0000:06:04.0: BAR 15: failed to assign [mem size 0x00200000 64bit pref]
[    0.503576] pci 0000:06:06.0: BAR 14: no space for [mem size 0x00200000]
[    0.503576] pci 0000:06:06.0: BAR 14: failed to assign [mem size 0x00200000]
[    0.503578] pci 0000:06:06.0: BAR 15: no space for [mem size 0x00200000 64bit pref]
[    0.503579] pci 0000:06:06.0: BAR 15: failed to assign [mem size 0x00200000 64bit pref]
[    0.503580] pci 0000:06:00.0: BAR 13: no space for [io  size 0x1000]
[    0.503581] pci 0000:06:00.0: BAR 13: failed to assign [io  size 0x1000]
[    0.503582] pci 0000:06:04.0: BAR 13: no space for [io  size 0x1000]
[    0.503583] pci 0000:06:04.0: BAR 13: failed to assign [io  size 0x1000]
[    0.503584] pci 0000:06:06.0: BAR 13: no space for [io  size 0x1000]
[    0.503585] pci 0000:06:06.0: BAR 13: failed to assign [io  size 0x1000]
[    0.503587] pci 0000:06:06.0: BAR 14: no space for [mem size 0x00200000]
[    0.503588] pci 0000:06:06.0: BAR 14: failed to assign [mem size 0x00200000]
[    0.503589] pci 0000:06:06.0: BAR 15: no space for [mem size 0x00200000 64bit pref]
[    0.503590] pci 0000:06:06.0: BAR 15: failed to assign [mem size 0x00200000 64bit pref]
[    0.503591] pci 0000:06:06.0: BAR 13: no space for [io  size 0x1000]
[    0.503592] pci 0000:06:06.0: BAR 13: failed to assign [io  size 0x1000]
[    0.503593] pci 0000:06:04.0: BAR 14: no space for [mem size 0x00200000]
[    0.503594] pci 0000:06:04.0: BAR 14: failed to assign [mem size 0x00200000]
[    0.503596] pci 0000:06:04.0: BAR 15: no space for [mem size 0x00200000 64bit pref]
[    0.503597] pci 0000:06:04.0: BAR 15: failed to assign [mem size 0x00200000 64bit pref]
[    0.503598] pci 0000:06:04.0: BAR 13: no space for [io  size 0x1000]
[    0.503599] pci 0000:06:04.0: BAR 13: failed to assign [io  size 0x1000]
[    0.503600] pci 0000:06:00.0: BAR 15: no space for [mem size 0x00200000 64bit pref]
[    0.503601] pci 0000:06:00.0: BAR 15: failed to assign [mem size 0x00200000 64bit pref]
[    0.503602] pci 0000:06:00.0: BAR 13: no space for [io  size 0x1000]
[    0.503603] pci 0000:06:00.0: BAR 13: failed to assign [io  size 0x1000]
[    0.503605] pci 0000:06:00.0: PCI bridge to [bus 07]
[    0.503608] pci 0000:06:00.0:   bridge window [mem 0xa0d00000-0xa0dfffff]
[    0.503614] pci 0000:06:03.0: PCI bridge to [bus 08-38]
[    0.503616] pci 0000:06:03.0:   bridge window [io  0x4000-0x4fff]
[    0.503619] pci 0000:06:03.0:   bridge window [mem 0xa0e00000-0xa4dfffff]
[    0.503621] pci 0000:06:03.0:   bridge window [mem 0xace00000-0xb0dfffff 64bit pref]
[    0.503626] pci 0000:06:04.0: PCI bridge to [bus 39]
[    0.503634] pci 0000:06:05.0: PCI bridge to [bus 3a-6a]
[    0.503635] pci 0000:06:05.0:   bridge window [io  0x5000-0x5fff]
[    0.503639] pci 0000:06:05.0:   bridge window [mem 0xa4e00000-0xa8dfffff]
[    0.503641] pci 0000:06:05.0:   bridge window [mem 0xb0e00000-0xb4dfffff 64bit pref]
[    0.503645] pci 0000:06:06.0: PCI bridge to [bus 6b]
[    0.503653] pci 0000:05:00.0: PCI bridge to [bus 06-6b]
[    0.503655] pci 0000:05:00.0:   bridge window [io  0x4000-0x5fff]
[    0.503658] pci 0000:05:00.0:   bridge window [mem 0xa0d00000-0xa8dfffff]
[    0.503660] pci 0000:05:00.0:   bridge window [mem 0xace00000-0xb4dfffff 64bit pref]
[    0.503664] pci 0000:00:01.1: PCI bridge to [bus 05-9b]
[    0.503665] pci 0000:00:01.1:   bridge window [io  0x4000-0x6fff]
[    0.503667] pci 0000:00:01.1:   bridge window [mem 0xa0d00000-0xacdfffff]
[    0.503669] pci 0000:00:01.1:   bridge window [mem 0xace00000-0xb8dfffff 64bit pref]
[    0.503671] pci 0000:00:1c.0: PCI bridge to [bus 02]
[    0.503679] pci 0000:00:1c.0:   bridge window [io  0x2000-0x2fff]
[    0.503683] pci 0000:00:1c.0:   bridge window [mem 0x7fc00000-0x7fdfffff]
[    0.503686] pci 0000:00:1c.0:   bridge window [mem 0x7fe00000-0x7fffffff 64bit pref]
[    0.503691] pci 0000:00:1c.2: PCI bridge to [bus 03]
[    0.503695] pci 0000:00:1c.2:   bridge window [mem 0xa0400000-0xa08fffff]
[    0.503702] pci 0000:00:1c.3: PCI bridge to [bus 04]
[    0.503706] pci 0000:00:1c.3:   bridge window [mem 0xa0900000-0xa0afffff]
[    0.503709] pci 0000:00:1c.3:   bridge window [mem 0x80000000-0x8fffffff 64bit pref]
[    0.503715] pci_bus 0000:00: resource 4 [io  0x0000-0x0cf7 window]
[    0.503716] pci_bus 0000:00: resource 5 [io  0x0d00-0xffff window]
[    0.503717] pci_bus 0000:00: resource 6 [mem 0x000a0000-0x000bffff window]
[    0.503718] pci_bus 0000:00: resource 7 [mem 0x000c0000-0x000c3fff window]
[    0.503719] pci_bus 0000:00: resource 8 [mem 0x000c4000-0x000c7fff window]
[    0.503720] pci_bus 0000:00: resource 9 [mem 0x000c8000-0x000cbfff window]
[    0.503721] pci_bus 0000:00: resource 10 [mem 0x000cc000-0x000cffff window]
[    0.503722] pci_bus 0000:00: resource 11 [mem 0x000d0000-0x000d3fff window]
[    0.503723] pci_bus 0000:00: resource 12 [mem 0x000d4000-0x000d7fff window]
[    0.503724] pci_bus 0000:00: resource 13 [mem 0x000d8000-0x000dbfff window]
[    0.503725] pci_bus 0000:00: resource 14 [mem 0x000dc000-0x000dffff window]
[    0.503726] pci_bus 0000:00: resource 15 [mem 0x000e0000-0x000e3fff window]
[    0.503727] pci_bus 0000:00: resource 16 [mem 0x000e4000-0x000e7fff window]
[    0.503728] pci_bus 0000:00: resource 17 [mem 0x000e8000-0x000ebfff window]
[    0.503729] pci_bus 0000:00: resource 18 [mem 0x000ec000-0x000effff window]
[    0.503730] pci_bus 0000:00: resource 19 [mem 0x000f0000-0x000fffff window]
[    0.503731] pci_bus 0000:00: resource 20 [mem 0x7fa00000-0xfeafffff window]
[    0.503731] pci_bus 0000:00: resource 21 [mem 0xfed40000-0xfed44fff window]
[    0.503733] pci_bus 0000:01: resource 1 [mem 0xa0b00000-0xa0bfffff]
[    0.503734] pci_bus 0000:05: resource 0 [io  0x4000-0x6fff]
[    0.503735] pci_bus 0000:05: resource 1 [mem 0xa0d00000-0xacdfffff]
[    0.503736] pci_bus 0000:05: resource 2 [mem 0xace00000-0xb8dfffff 64bit pref]
[    0.503737] pci_bus 0000:06: resource 0 [io  0x4000-0x5fff]
[    0.503737] pci_bus 0000:06: resource 1 [mem 0xa0d00000-0xa8dfffff]
[    0.503738] pci_bus 0000:06: resource 2 [mem 0xace00000-0xb4dfffff 64bit pref]
[    0.503739] pci_bus 0000:07: resource 1 [mem 0xa0d00000-0xa0dfffff]
[    0.503740] pci_bus 0000:08: resource 0 [io  0x4000-0x4fff]
[    0.503741] pci_bus 0000:08: resource 1 [mem 0xa0e00000-0xa4dfffff]
[    0.503742] pci_bus 0000:08: resource 2 [mem 0xace00000-0xb0dfffff 64bit pref]
[    0.503743] pci_bus 0000:3a: resource 0 [io  0x5000-0x5fff]
[    0.503744] pci_bus 0000:3a: resource 1 [mem 0xa4e00000-0xa8dfffff]
[    0.503745] pci_bus 0000:3a: resource 2 [mem 0xb0e00000-0xb4dfffff 64bit pref]
[    0.503746] pci_bus 0000:02: resource 0 [io  0x2000-0x2fff]
[    0.503747] pci_bus 0000:02: resource 1 [mem 0x7fc00000-0x7fdfffff]
[    0.503748] pci_bus 0000:02: resource 2 [mem 0x7fe00000-0x7fffffff 64bit pref]
[    0.503749] pci_bus 0000:03: resource 1 [mem 0xa0400000-0xa08fffff]
[    0.503750] pci_bus 0000:04: resource 1 [mem 0xa0900000-0xa0afffff]
[    0.503751] pci_bus 0000:04: resource 2 [mem 0x80000000-0x8fffffff 64bit pref]
[    0.503849] NET: Registered protocol family 2
[    0.503984] tcp_listen_portaddr_hash hash table entries: 8192 (order: 5, 131072 bytes)
[    0.504026] TCP established hash table entries: 131072 (order: 8, 1048576 bytes)
[    0.504181] TCP bind hash table entries: 65536 (order: 8, 1048576 bytes)
[    0.504300] TCP: Hash tables configured (established 131072 bind 65536)
[    0.504335] UDP hash table entries: 8192 (order: 6, 262144 bytes)
[    0.504371] UDP-Lite hash table entries: 8192 (order: 6, 262144 bytes)
[    0.504480] NET: Registered protocol family 1
[    0.504485] NET: Registered protocol family 44
[    0.504498] pci 0000:00:02.0: Video device with shadowed ROM at [mem 0x000c0000-0x000dffff]
[    0.504805] PCI: CLS 256 bytes, default 64
[    0.504842] Unpacking initramfs...
[    0.791582] Freeing initrd memory: 26336K
[    0.800171] PCI-DMA: Using software bounce buffering for IO (SWIOTLB)
[    0.800174] software IO TLB: mapped [mem 0x5f070000-0x63070000] (64MB)
[    0.802516] Initialise system trusted keyrings
[    0.802528] Key type blacklist registered
[    0.802571] workingset: timestamp_bits=36 max_order=22 bucket_order=0
[    0.803800] zbud: loaded
[    0.936061] alg: No test for 842 (842-generic)
[    0.936641] alg: No test for 842 (842-scomp)
[    0.957407] NET: Registered protocol family 38
[    0.957409] Key type asymmetric registered
[    0.957410] Asymmetric key parser 'x509' registered
[    0.957421] Block layer SCSI generic (bsg) driver version 0.4 loaded (major 243)
[    0.957449] io scheduler noop registered
[    0.957449] io scheduler deadline registered
[    0.957479] io scheduler cfq registered (default)
[    0.957480] io scheduler mq-deadline registered
[    0.957539] atomic64_test: passed for x86-64 platform with CX8 and with SSE
[    0.957925] pciehp 0000:00:1c.0:pcie004: Slot #0 AttnBtn- PwrCtrl- MRL- AttnInd- PwrInd- HotPlug+ Surprise+ Interlock- NoCompl+ LLActRep+
[    0.958465] pciehp 0000:06:00.0:pcie204: Slot #0 AttnBtn- PwrCtrl- MRL- AttnInd- PwrInd- HotPlug+ Surprise+ Interlock- NoCompl+ LLActRep+
[    0.958638] pciehp 0000:06:03.0:pcie204: Slot #3 AttnBtn- PwrCtrl- MRL- AttnInd- PwrInd- HotPlug+ Surprise+ Interlock- NoCompl+ LLActRep+
[    0.958809] pciehp 0000:06:04.0:pcie204: Slot #4 AttnBtn- PwrCtrl- MRL- AttnInd- PwrInd- HotPlug+ Surprise+ Interlock- NoCompl+ LLActRep+
[    0.958985] pciehp 0000:06:05.0:pcie204: Slot #5 AttnBtn- PwrCtrl- MRL- AttnInd- PwrInd- HotPlug+ Surprise+ Interlock- NoCompl+ LLActRep+
[    0.959173] pciehp 0000:06:06.0:pcie204: Slot #6 AttnBtn- PwrCtrl- MRL- AttnInd- PwrInd- HotPlug+ Surprise+ Interlock- NoCompl+ LLActRep+
[    0.959256] shpchp: Standard Hot Plug PCI Controller Driver version: 0.4
[    0.959273] efifb: probing for efifb
[    0.959285] efifb: No BGRT, not showing boot graphics
[    0.959286] efifb: framebuffer at 0x90000000, using 20700k, total 20700k
[    0.959287] efifb: mode is 2880x1800x32, linelength=11776, pages=1
[    0.959287] efifb: scrolling: redraw
[    0.959288] efifb: Truecolor: size=8:8:8:8, shift=24:16:8:0
[    0.959319] fbcon: Deferring console take-over
[    0.959320] fb0: EFI VGA frame buffer device
[    0.959325] intel_idle: MWAIT substates: 0x42120
[    0.959326] intel_idle: v0.4.1 model 0x46
[    0.959538] intel_idle: lapic_timer_reliable_states 0xffffffff
[    0.959636] ACPI: AC Adapter [ADP1] (on-line)
[    0.959681] input: Lid Switch as /devices/LNXSYSTM:00/LNXSYBUS:00/PNP0C0D:00/input/input0
[    0.959710] ACPI: Lid Switch [LID0]
[    0.959763] input: Power Button as /devices/LNXSYSTM:00/LNXSYBUS:00/PNP0C0C:00/input/input1
[    0.959768] ACPI: Power Button [PWRB]
[    0.959787] input: Sleep Button as /devices/LNXSYSTM:00/LNXSYBUS:00/PNP0C0E:00/input/input2
[    0.959791] ACPI: Sleep Button [SLPB]
[    0.959809] input: Power Button as /devices/LNXSYSTM:00/LNXPWRBN:00/input/input3
[    0.959832] ACPI: Power Button [PWRF]
[    0.960857] Serial: 8250/16550 driver, 32 ports, IRQ sharing enabled
[    0.962266] Non-volatile memory driver v1.3
[    0.962284] Linux agpgart interface v0.103
[    0.962884] ahci 0000:01:00.0: version 3.0
[    0.995313] ahci 0000:01:00.0: AHCI 0001.0300 32 slots 1 ports 6 Gbps 0x1 impl SATA mode
[    0.995317] ahci 0000:01:00.0: flags: 64bit ncq led clo only pio ccc 
[    0.995718] scsi host0: ahci
[    0.995803] ata1: SATA max UDMA/133 abar m8192@0xa0b00000 port 0xa0b00100 irq 33
[    0.995887] libphy: Fixed MDIO Bus: probed
[    0.995988] ehci_hcd: USB 2.0 'Enhanced' Host Controller (EHCI) Driver
[    0.996001] ehci-pci: EHCI PCI platform driver
[    0.996028] ohci_hcd: USB 1.1 'Open' Host Controller (OHCI) Driver
[    0.996030] ohci-pci: OHCI PCI platform driver
[    0.996039] uhci_hcd: USB Universal Host Controller Interface driver
[    0.996218] xhci_hcd 0000:00:14.0: xHCI Host Controller
[    0.996343] xhci_hcd 0000:00:14.0: new USB bus registered, assigned bus number 1
[    0.997422] xhci_hcd 0000:00:14.0: hcc params 0x200077c1 hci version 0x100 quirks 0x0000000000009810
[    0.997427] xhci_hcd 0000:00:14.0: cache line size of 256 is not supported
[    0.997610] usb usb1: New USB device found, idVendor=1d6b, idProduct=0002, bcdDevice= 4.20
[    0.997612] usb usb1: New USB device strings: Mfr=3, Product=2, SerialNumber=1
[    0.997613] usb usb1: Product: xHCI Host Controller
[    0.997614] usb usb1: Manufacturer: Linux 4.20.7-200.ivan3.fc29.x86_64 xhci-hcd
[    0.997616] usb usb1: SerialNumber: 0000:00:14.0
[    0.997781] hub 1-0:1.0: USB hub found
[    0.997802] hub 1-0:1.0: 14 ports detected
[    0.998126] xhci_hcd 0000:00:14.0: xHCI Host Controller
[    0.998187] xhci_hcd 0000:00:14.0: new USB bus registered, assigned bus number 2
[    0.998201] xhci_hcd 0000:00:14.0: Host supports USB 3.0  SuperSpeed
[    0.998239] usb usb2: New USB device found, idVendor=1d6b, idProduct=0003, bcdDevice= 4.20
[    0.998240] usb usb2: New USB device strings: Mfr=3, Product=2, SerialNumber=1
[    0.998241] usb usb2: Product: xHCI Host Controller
[    0.998243] usb usb2: Manufacturer: Linux 4.20.7-200.ivan3.fc29.x86_64 xhci-hcd
[    0.998244] usb usb2: SerialNumber: 0000:00:14.0
[    0.998328] hub 2-0:1.0: USB hub found
[    0.998345] hub 2-0:1.0: 6 ports detected
[    0.998378] usb: port power management may be unreliable
[    0.998513] usbcore: registered new interface driver usbserial_generic
[    0.998517] usbserial: USB Serial support registered for generic
[    0.998563] mousedev: PS/2 mouse device common for all mice
[    0.998720] rtc_cmos 00:02: RTC can wake from S4
[    0.998856] rtc_cmos 00:02: registered as rtc0
[    0.998857] rtc_cmos 00:02: alarms up to one month, y3k, 242 bytes nvram, hpet irqs
[    0.998896] device-mapper: uevent: version 1.0.3
[    0.998941] device-mapper: ioctl: 4.39.0-ioctl (2018-04-03) initialised: dm-devel@redhat.com
[    0.999015] intel_pstate: Intel P-state driver initializing
[    0.999472] hidraw: raw HID events driver (C) Jiri Kosina
[    0.999551] usbcore: registered new interface driver usbhid
[    0.999552] usbhid: USB HID core driver
[    0.999828] drop_monitor: Initializing network drop monitor service
[    1.000094] Initializing XFRM netlink socket
[    1.000383] NET: Registered protocol family 10
[    1.009474] Segment Routing with IPv6
[    1.009525] mip6: Mobile IPv6
[    1.009529] NET: Registered protocol family 17
[    1.011028] RAS: Correctable Errors collector initialized.
[    1.011102] microcode: sig=0x40661, pf=0x20, revision=0x1a
[    1.011402] microcode: Microcode Update Driver: v2.2.
[    1.011422] AVX2 version of gcm_enc/dec engaged.
[    1.011423] AES CTR mode by8 optimization enabled
[    1.047848] sched_clock: Marking stable (1047573508, 254548)->(1131754018, -83925962)
[    1.048079] registered taskstats version 1
[    1.048091] Loading compiled-in X.509 certificates
[    1.078088] Loaded X.509 cert 'Fedora kernel signing key: c7e47c0ffc68b60151b97a434d5f332f9208953d'
[    1.093902] zswap: loaded using pool lzo/zbud
[    1.099876] Key type big_key registered
[    1.102952] Key type encrypted registered
[    1.102959] ima: No TPM chip found, activating TPM-bypass!
[    1.102966] ima: Allocated hash algorithm: sha1
[    1.103530]   Magic number: 7:941:278
[    1.103536] usb usb1-port6: hash matches
[    1.103562] tty tty15: hash matches
[    1.103662] rtc_cmos 00:02: setting system clock to 2019-02-13 12:17:14 UTC (1550060234)
[    1.321245] usb 1-8: new full-speed USB device number 2 using xhci_hcd
[    1.327048] ata1: SATA link up 6.0 Gbps (SStatus 133 SControl 300)
[    1.329227] ata1.00: unexpected _GTF length (8)
[    1.329459] ata1.00: ATA-8: APPLE SSD SM0256G, BXW1SA0Q, max UDMA/133
[    1.329464] ata1.00: 490234752 sectors, multi 16: LBA48 NCQ (depth 32), AA
[    1.330192] ata1.00: unexpected _GTF length (8)
[    1.330429] ata1.00: configured for UDMA/133
[    1.330891] scsi 0:0:0:0: Direct-Access     ATA      APPLE SSD SM0256 SA0Q PQ: 0 ANSI: 5
[    1.331432] sd 0:0:0:0: [sda] 490234752 512-byte logical blocks: (251 GB/234 GiB)
[    1.331438] sd 0:0:0:0: [sda] 4096-byte physical blocks
[    1.331454] sd 0:0:0:0: Attached scsi generic sg0 type 0
[    1.331456] sd 0:0:0:0: [sda] Write Protect is off
[    1.331461] sd 0:0:0:0: [sda] Mode Sense: 00 3a 00 00
[    1.331488] sd 0:0:0:0: [sda] Write cache: enabled, read cache: enabled, doesn't support DPO or FUA
[    1.333444]  sda: sda1 sda2 sda3 sda4
[    1.334219] sd 0:0:0:0: [sda] Attached SCSI disk
[    1.335303] Freeing unused decrypted memory: 2040K
[    1.335631] Freeing unused kernel image memory: 2188K
[    1.341221] Write protecting the kernel read-only data: 18432k
[    1.341754] Freeing unused kernel image memory: 2020K
[    1.341868] Freeing unused kernel image memory: 12K
[    1.348804] x86/mm: Checked W+X mappings: passed, no W+X pages found.
[    1.348808] rodata_test: all tests were successful
[    1.348809] x86/mm: Checking user space page tables
[    1.355428] x86/mm: Checked W+X mappings: passed, no W+X pages found.
[    1.355429] Run /init as init process
[    1.449071] usb 1-8: New USB device found, idVendor=05ac, idProduct=8290, bcdDevice= 1.61
[    1.449072] usb 1-8: New USB device strings: Mfr=1, Product=2, SerialNumber=0
[    1.449073] usb 1-8: Product: Bluetooth USB Host Controller
[    1.449074] usb 1-8: Manufacturer: Broadcom Corp.
[    1.451972] input: Broadcom Corp. Bluetooth USB Host Controller as /devices/pci0000:00/0000:00:14.0/usb1/1-8/1-8:1.0/0003:05AC:8290.0001/input/input4
[    1.503381] hid-generic 0003:05AC:8290.0001: input,hidraw0: USB HID v1.11 Keyboard [Broadcom Corp. Bluetooth USB Host Controller] on usb-0000:00:14.0-8/input0
[    1.503845] input: Broadcom Corp. Bluetooth USB Host Controller as /devices/pci0000:00/0000:00:14.0/usb1/1-8/1-8:1.1/0003:05AC:8290.0002/input/input5
[    1.504119] hid-generic 0003:05AC:8290.0002: input,hidraw1: USB HID v1.11 Mouse [Broadcom Corp. Bluetooth USB Host Controller] on usb-0000:00:14.0-8/input1
[    1.520206] systemd[1]: systemd 239 running in system mode. (+PAM +AUDIT +SELINUX +IMA -APPARMOR +SMACK +SYSVINIT +UTMP +LIBCRYPTSETUP +GCRYPT +GNUTLS +ACL +XZ +LZ4 +SECCOMP +BLKID +ELFUTILS +KMOD +IDN2 -IDN +PCRE2 default-hierarchy=hybrid)
[    1.532295] systemd[1]: Detected architecture x86-64.
[    1.532299] systemd[1]: Running in initial RAM disk.
[    1.537381] systemd[1]: Set hostname to <im-mac>.
[    1.561345] usb 2-4: new SuperSpeed Gen 1 USB device number 2 using xhci_hcd
[    1.575438] usb 2-4: New USB device found, idVendor=05ac, idProduct=8406, bcdDevice= 8.20
[    1.575440] usb 2-4: New USB device strings: Mfr=3, Product=4, SerialNumber=5
[    1.575441] usb 2-4: Product: Card Reader
[    1.575443] usb 2-4: Manufacturer: Apple
[    1.575444] usb 2-4: SerialNumber: 000000000820
[    1.586399] systemd[1]: Reached target Swap.
[    1.586545] systemd[1]: Listening on udev Kernel Socket.
[    1.586566] systemd[1]: Reached target Slices.
[    1.586696] systemd[1]: Listening on Journal Audit Socket.
[    1.588208] systemd[1]: Created slice system-systemd\x2dcryptsetup.slice.
[    1.588300] systemd[1]: Listening on Journal Socket (/dev/log).
[    1.636484] audit: type=1130 audit(1550060235.032:2): pid=1 uid=0 auid=4294967295 ses=4294967295 subj=kernel msg='unit=systemd-journald comm="systemd" exe="/usr/lib/systemd/systemd" hostname=? addr=? terminal=? res=success'
[    1.639604] audit: type=1130 audit(1550060235.035:3): pid=1 uid=0 auid=4294967295 ses=4294967295 subj=kernel msg='unit=systemd-vconsole-setup comm="systemd" exe="/usr/lib/systemd/systemd" hostname=? addr=? terminal=? res=success'
[    1.639607] audit: type=1131 audit(1550060235.035:4): pid=1 uid=0 auid=4294967295 ses=4294967295 subj=kernel msg='unit=systemd-vconsole-setup comm="systemd" exe="/usr/lib/systemd/systemd" hostname=? addr=? terminal=? res=success'
[    1.688171] usb 1-12: new full-speed USB device number 3 using xhci_hcd
[    1.816989] usb 1-12: New USB device found, idVendor=05ac, idProduct=0274, bcdDevice= 6.24
[    1.816993] usb 1-12: New USB device strings: Mfr=1, Product=2, SerialNumber=3
[    1.816995] usb 1-12: Product: Apple Internal Keyboard / Trackpad
[    1.816998] usb 1-12: Manufacturer: Apple Inc.
[    1.817000] usb 1-12: SerialNumber: D3H61830CG1FTV4A16PF
[    1.820040] audit: type=1130 audit(1550060235.215:5): pid=1 uid=0 auid=4294967295 ses=4294967295 subj=kernel msg='unit=dracut-cmdline comm="systemd" exe="/usr/lib/systemd/systemd" hostname=? addr=? terminal=? res=success'
[    1.849461] audit: type=1130 audit(1550060235.245:6): pid=1 uid=0 auid=4294967295 ses=4294967295 subj=kernel msg='unit=dracut-pre-udev comm="systemd" exe="/usr/lib/systemd/systemd" hostname=? addr=? terminal=? res=success'
[    1.863170] tsc: Refined TSC clocksource calibration: 2194.906 MHz
[    1.863177] clocksource: tsc: mask: 0xffffffffffffffff max_cycles: 0x1fa366c4337, max_idle_ns: 440795279180 ns
[    1.863205] clocksource: Switched to clocksource tsc
[    1.868777] audit: type=1130 audit(1550060235.263:7): pid=1 uid=0 auid=4294967295 ses=4294967295 subj=kernel msg='unit=systemd-udevd comm="systemd" exe="/usr/lib/systemd/systemd" hostname=? addr=? terminal=? res=success'
[    1.872486] apple 0003:05AC:0274.0003: hiddev96,hidraw2: USB HID v1.10 Device [Apple Inc. Apple Internal Keyboard / Trackpad] on usb-0000:00:14.0-12/input0
[    1.872816] input: Apple Inc. Apple Internal Keyboard / Trackpad as /devices/pci0000:00/0000:00:14.0/usb1/1-12/1-12:1.1/0003:05AC:0274.0004/input/input6
[    1.924401] apple 0003:05AC:0274.0004: input,hiddev97,hidraw3: USB HID v1.10 Keyboard [Apple Inc. Apple Internal Keyboard / Trackpad] on usb-0000:00:14.0-12/input1
[    1.924520] apple 0003:05AC:0274.0005: hiddev98,hidraw4: USB HID v1.10 Device [Apple Inc. Apple Internal Keyboard / Trackpad] on usb-0000:00:14.0-12/input3
[    1.924595] apple 0003:05AC:0274.0006: hiddev99,hidraw5: USB HID v1.10 Device [Apple Inc. Apple Internal Keyboard / Trackpad] on usb-0000:00:14.0-12/input4
[    1.932746] audit: type=1130 audit(1550060235.327:8): pid=1 uid=0 auid=4294967295 ses=4294967295 subj=kernel msg='unit=systemd-udev-trigger comm="systemd" exe="/usr/lib/systemd/systemd" hostname=? addr=? terminal=? res=success'
[    1.949512] audit: type=1130 audit(1550060235.344:9): pid=1 uid=0 auid=4294967295 ses=4294967295 subj=kernel msg='unit=plymouth-start comm="systemd" exe="/usr/lib/systemd/systemd" hostname=? addr=? terminal=? res=success'
[    1.963857] usb-storage 2-4:1.0: USB Mass Storage device detected
[    1.965410] scsi host1: usb-storage 2-4:1.0
[    1.965492] usbcore: registered new interface driver usb-storage
[    1.968389] usbcore: registered new interface driver uas
[    2.041880] VFIO - User Level meta-driver version: 0.3
[    2.112967] audit: type=1130 audit(1550060235.507:10): pid=1 uid=0 auid=4294967295 ses=4294967295 subj=kernel msg='unit=systemd-ask-password-plymouth comm="systemd" exe="/usr/lib/systemd/systemd" hostname=? addr=? terminal=? res=success'
[    2.172890] [drm] Found 128MB of eDRAM
[    2.173017] checking generic (90000000 1437000) vs hw (90000000 10000000)
[    2.173018] fb0: switching to inteldrmfb from EFI VGA
[    2.173071] [drm] Replacing VGA console driver
[    2.173615] [drm] Supports vblank timestamp caching Rev 2 (21.10.2013).
[    2.173616] [drm] Driver supports precise vblank timestamp query.
[    2.173653] i915 0000:00:02.0: vgaarb: changed VGA decodes: olddecodes=io+mem,decodes=io+mem:owns=io+mem
[    2.524555] [drm] Initialized i915 1.6.0 20180921 for 0000:00:02.0 on minor 0
[    2.525121] ACPI: Video Device [IGPU] (multi-head: yes  rom: no  post: no)
[    2.525575] acpi device:57: registered as cooling_device8
[    2.525624] input: Video Bus as /devices/LNXSYSTM:00/LNXSYBUS:00/PNP0A08:00/LNXVIDEO:00/input/input7
[    2.531952] fbcon: inteldrmfb (fb0) is primary device
[    2.531953] fbcon: Deferring console take-over
[    2.531956] i915 0000:00:02.0: fb0: inteldrmfb frame buffer device
[    3.017676] scsi 1:0:0:0: Direct-Access     APPLE    SD Card Reader   3.00 PQ: 0 ANSI: 6
[    3.018094] sd 1:0:0:0: Attached scsi generic sg1 type 0
[    3.019249] sd 1:0:0:0: [sdb] Attached SCSI removable disk
[   10.016453] kauditd_printk_skb: 2 callbacks suppressed
[   10.016454] audit: type=1130 audit(1550060243.411:13): pid=1 uid=0 auid=4294967295 ses=4294967295 subj=kernel msg='unit=systemd-cryptsetup@luks\x2ddd1fa933\x2def9f\x2d402b\x2da2e4\x2d7c9d6fb7ce0d comm="systemd" exe="/usr/lib/systemd/systemd" hostname=? addr=? terminal=? res=success'
[   10.197215] PM: Image not found (code -22)
[   10.198233] audit: type=1130 audit(1550060243.593:14): pid=1 uid=0 auid=4294967295 ses=4294967295 subj=kernel msg='unit=systemd-hibernate-resume@dev-mapper-im\x2d\x2dmac\x2dswap comm="systemd" exe="/usr/lib/systemd/systemd" hostname=? addr=? terminal=? res=success'
[   10.198236] audit: type=1131 audit(1550060243.593:15): pid=1 uid=0 auid=4294967295 ses=4294967295 subj=kernel msg='unit=systemd-hibernate-resume@dev-mapper-im\x2d\x2dmac\x2dswap comm="systemd" exe="/usr/lib/systemd/systemd" hostname=? addr=? terminal=? res=success'
[   10.207344] audit: type=1130 audit(1550060243.602:16): pid=1 uid=0 auid=4294967295 ses=4294967295 subj=kernel msg='unit=systemd-tmpfiles-setup comm="systemd" exe="/usr/lib/systemd/systemd" hostname=? addr=? terminal=? res=success'
[   10.231186] audit: type=1130 audit(1550060243.626:17): pid=1 uid=0 auid=4294967295 ses=4294967295 subj=kernel msg='unit=dracut-initqueue comm="systemd" exe="/usr/lib/systemd/systemd" hostname=? addr=? terminal=? res=success'
[   10.254153] audit: type=1130 audit(1550060243.648:18): pid=1 uid=0 auid=4294967295 ses=4294967295 subj=kernel msg='unit=systemd-fsck-root comm="systemd" exe="/usr/lib/systemd/systemd" hostname=? addr=? terminal=? res=success'
[   10.344246] SGI XFS with ACLs, security attributes, scrub, no debug enabled
[   10.348329] XFS (dm-1): Mounting V5 Filesystem
[   10.360266] XFS (dm-1): Ending clean mount
[   10.474444] audit: type=1130 audit(1550060243.869:19): pid=1 uid=0 auid=4294967295 ses=4294967295 subj=kernel msg='unit=initrd-parse-etc comm="systemd" exe="/usr/lib/systemd/systemd" hostname=? addr=? terminal=? res=success'
[   10.474446] audit: type=1131 audit(1550060243.869:20): pid=1 uid=0 auid=4294967295 ses=4294967295 subj=kernel msg='unit=initrd-parse-etc comm="systemd" exe="/usr/lib/systemd/systemd" hostname=? addr=? terminal=? res=success'
[   10.619860] audit: type=1130 audit(1550060244.014:21): pid=1 uid=0 auid=4294967295 ses=4294967295 subj=kernel msg='unit=dracut-pre-pivot comm="systemd" exe="/usr/lib/systemd/systemd" hostname=? addr=? terminal=? res=success'
[   10.633553] audit: type=1131 audit(1550060244.028:22): pid=1 uid=0 auid=4294967295 ses=4294967295 subj=kernel msg='unit=dracut-pre-pivot comm="systemd" exe="/usr/lib/systemd/systemd" hostname=? addr=? terminal=? res=success'
[   10.719841] systemd-journald[309]: Received SIGTERM from PID 1 (systemd).
[   10.737746] printk: systemd: 14 output lines suppressed due to ratelimiting
[   11.198881] SELinux:  Class xdp_socket not defined in policy.
[   11.198882] SELinux: the above unknown classes and permissions will be allowed
[   11.198887] SELinux:  policy capability network_peer_controls=1
[   11.198888] SELinux:  policy capability open_perms=1
[   11.198888] SELinux:  policy capability extended_socket_class=1
[   11.198888] SELinux:  policy capability always_check_network=0
[   11.198889] SELinux:  policy capability cgroup_seclabel=1
[   11.198889] SELinux:  policy capability nnp_nosuid_transition=1
[   11.219730] systemd[1]: Successfully loaded SELinux policy in 401.540ms.
[   11.258560] systemd[1]: Relabelled /dev, /run and /sys/fs/cgroup in 24.977ms.
[   11.260784] systemd[1]: systemd 239 running in system mode. (+PAM +AUDIT +SELINUX +IMA -APPARMOR +SMACK +SYSVINIT +UTMP +LIBCRYPTSETUP +GCRYPT +GNUTLS +ACL +XZ +LZ4 +SECCOMP +BLKID +ELFUTILS +KMOD +IDN2 -IDN +PCRE2 default-hierarchy=hybrid)
[   11.272257] systemd[1]: Detected architecture x86-64.
[   11.273803] systemd[1]: Set hostname to <im-mac>.
[   11.299052] systemd-sysv-generator[886]: stat() failed on /etc/rc.d/init.d/jexec, ignoring: No such file or directory
[   11.454880] systemd[1]: Stopped Switch Root.
[   11.455072] systemd[1]: systemd-journald.service: Service has no hold-off time (RestartSec=0), scheduling restart.
[   11.455129] systemd[1]: systemd-journald.service: Scheduled restart job, restart counter is at 1.
[   11.455175] systemd[1]: Stopped Journal Service.
[   11.456076] systemd[1]: Starting Journal Service...
[   11.457314] systemd[1]: Listening on LVM2 poll daemon socket.
[   11.457589] systemd[1]: Created slice system-getty.slice.
[   11.475550] Adding 4194300k swap on /dev/mapper/im--mac-swap.  Priority:-2 extents:1 across:4194300k SSFS
[   11.501557] systemd-journald[892]: Received request to flush runtime journal from PID 1
[   11.684672] apple_gmux: gmux device not present
[   11.709458] smbus_hc ACPI0001:00: SBS HC: offset = 0x20, query_bit = 0x10
[   11.730537] ACPI Warning: SystemIO range 0x0000000000000840-0x000000000000084F conflicts with OpRegion 0x0000000000000800-0x0000000000000863 (\GPIO) (20181003/utaddress-213)
[   11.730546] ACPI: If an ACPI driver is available for this device, you should use it instead of the native driver
[   11.738177] ACPI Warning: SystemIO range 0x0000000000000830-0x000000000000083F conflicts with OpRegion 0x0000000000000800-0x0000000000000863 (\GPIO) (20181003/utaddress-213)
[   11.738187] ACPI: If an ACPI driver is available for this device, you should use it instead of the native driver
[   11.738382] ACPI Warning: SystemIO range 0x0000000000000800-0x000000000000082F conflicts with OpRegion 0x0000000000000810-0x0000000000000813 (\_PR.IO_D) (20181003/utaddress-213)
[   11.738387] ACPI Warning: SystemIO range 0x0000000000000800-0x000000000000082F conflicts with OpRegion 0x0000000000000800-0x0000000000000863 (\GPIO) (20181003/utaddress-213)
[   11.738390] ACPI Warning: SystemIO range 0x0000000000000800-0x000000000000082F conflicts with OpRegion 0x0000000000000810-0x0000000000000813 (\IO_D) (20181003/utaddress-213)
[   11.738393] ACPI Warning: SystemIO range 0x0000000000000800-0x000000000000082F conflicts with OpRegion 0x0000000000000800-0x000000000000080F (\IO_T) (20181003/utaddress-213)
[   11.738400] ACPI: If an ACPI driver is available for this device, you should use it instead of the native driver
[   11.738401] lpc_ich: Resource conflict(s) found affecting gpio_ich
[   11.738974] i801_smbus 0000:00:1f.3: SPD Write Disable is set
[   11.739003] i801_smbus 0000:00:1f.3: SMBus using PCI interrupt
[   11.767012] thunderbolt 0000:07:00.0: 0:1: is unplugged (state: 7)
[   11.767161] thunderbolt 0000:07:00.0: 0:3: is unplugged (state: 7)
[   11.786994] input: bcm5974 as /devices/pci0000:00/0000:00:14.0/usb1/1-12/1-12:1.2/input/input8
[   11.787167] usbcore: registered new interface driver bcm5974
[   11.815025] RAPL PMU: API unit is 2^-32 Joules, 4 fixed counters, 655360 ms ovfl timer
[   11.815027] RAPL PMU: hw unit of domain pp0-core 2^-14 Joules
[   11.815027] RAPL PMU: hw unit of domain package 2^-14 Joules
[   11.815028] RAPL PMU: hw unit of domain dram 2^-14 Joules
[   11.815029] RAPL PMU: hw unit of domain pp1-gpu 2^-14 Joules
[   11.824520] snd_hda_intel 0000:00:03.0: bound 0000:00:02.0 (ops i915_audio_component_bind_ops [i915])
[   11.835390] ACPI: Smart Battery System [SBS0]: Battery Slot [BAT0] (battery present)
[   11.839485] cfg80211: Loading compiled-in X.509 certificates for regulatory database
[   11.840441] cfg80211: Loaded X.509 cert 'sforshee: 00b28ddf47aef9cea7'
[   11.845727] input: HDA Intel HDMI HDMI/DP,pcm=3 as /devices/pci0000:00/0000:00:03.0/sound/card0/input9
[   11.845800] input: HDA Intel HDMI HDMI/DP,pcm=7 as /devices/pci0000:00/0000:00:03.0/sound/card0/input10
[   11.845863] input: HDA Intel HDMI HDMI/DP,pcm=8 as /devices/pci0000:00/0000:00:03.0/sound/card0/input11
[   11.845923] input: HDA Intel HDMI HDMI/DP,pcm=9 as /devices/pci0000:00/0000:00:03.0/sound/card0/input12
[   11.845973] input: HDA Intel HDMI HDMI/DP,pcm=10 as /devices/pci0000:00/0000:00:03.0/sound/card0/input13
[   11.849596] snd_hda_codec_cirrus hdaudioC1D0: autoconfig for CS4208: line_outs=2 (0x12/0x13/0x0/0x0/0x0) type:speaker
[   11.849599] snd_hda_codec_cirrus hdaudioC1D0:    speaker_outs=0 (0x0/0x0/0x0/0x0/0x0)
[   11.849601] snd_hda_codec_cirrus hdaudioC1D0:    hp_outs=1 (0x10/0x0/0x0/0x0/0x0)
[   11.849602] snd_hda_codec_cirrus hdaudioC1D0:    mono: mono_out=0x0
[   11.849604] snd_hda_codec_cirrus hdaudioC1D0:    dig-out=0x21/0x0
[   11.849605] snd_hda_codec_cirrus hdaudioC1D0:    inputs:
[   11.849607] snd_hda_codec_cirrus hdaudioC1D0:      Internal Mic=0x1c
[   11.849608] snd_hda_codec_cirrus hdaudioC1D0:      Mic=0x18
[   11.858155] input: HDA Intel PCH Mic as /devices/pci0000:00/0000:00:1b.0/sound/card1/input14
[   11.860204] input: HDA Intel PCH Headphone as /devices/pci0000:00/0000:00:1b.0/sound/card1/input15
[   11.860262] input: HDA Intel PCH SPDIF as /devices/pci0000:00/0000:00:1b.0/sound/card1/input16
[   11.878019] Bluetooth: Core ver 2.22
[   11.878035] NET: Registered protocol family 31
[   11.878036] Bluetooth: HCI device and connection manager initialized
[   11.878038] Bluetooth: HCI socket layer initialized
[   11.878040] Bluetooth: L2CAP socket layer initialized
[   11.878043] Bluetooth: SCO socket layer initialized
[   11.892117] usbcore: registered new interface driver brcmfmac
[   11.901026] usbcore: registered new interface driver btusb
[   11.911846] intel_rapl: Found RAPL domain package
[   11.911848] intel_rapl: Found RAPL domain core
[   11.911849] intel_rapl: Found RAPL domain uncore
[   11.911850] intel_rapl: Found RAPL domain dram
[   11.935385] iTCO_vendor_support: vendor-support=0
[   11.938837] iTCO_wdt: Intel TCO WatchDog Timer Driver v1.11
[   11.938882] iTCO_wdt: unable to reset NO_REBOOT flag, device disabled by hardware/BIOS
[   11.975466] applesmc: key=719 fan=2 temp=48 index=43 acc=0 lux=2 kbd=1
[   11.975846] applesmc applesmc.768: hwmon_device_register() is deprecated. Please convert the driver to use hwmon_device_register_with_info().
[   12.001347] brcmfmac: brcmf_fw_alloc_request: using brcm/brcmfmac43602-pcie for chip BCM43602/1
[   12.003704] brcmfmac 0000:03:00.0: Direct firmware load for brcm/brcmfmac43602-pcie.Apple Inc.-MacBookPro11,4.txt failed with error -2
[   12.003710] brcmfmac 0000:03:00.0: Direct firmware load for brcm/brcmfmac43602-pcie.txt failed with error -2
[   12.007742] Bluetooth: hci0: BCM: chip id 102 build 0715
[   12.008744] Bluetooth: hci0: BCM: product 05ac:8290
[   12.009749] Bluetooth: hci0: BCM: features 0x2f
[   12.025746] Bluetooth: hci0: im-mac
[   12.126703] XFS (dm-3): Mounting V5 Filesystem
[   12.126914] XFS (sda3): Mounting V5 Filesystem
[   12.128278] XFS (dm-4): Mounting V5 Filesystem
[   12.140202] XFS (sda3): Ending clean mount
[   12.147033] XFS (dm-4): Ending clean mount
[   12.166810] XFS (dm-3): Ending clean mount
[   12.279461] RPC: Registered named UNIX socket transport module.
[   12.279463] RPC: Registered udp transport module.
[   12.279463] RPC: Registered tcp transport module.
[   12.279464] RPC: Registered tcp NFSv4.1 backchannel transport module.
[   12.420156] Bluetooth: BNEP (Ethernet Emulation) ver 1.3
[   12.420158] Bluetooth: BNEP filters: protocol multicast
[   12.420160] Bluetooth: BNEP socket layer initialized
[   12.514792] brcmfmac: brcmf_fw_alloc_request: using brcm/brcmfmac43602-pcie for chip BCM43602/1
[   12.514953] brcmfmac 0000:03:00.0: Direct firmware load for brcm/brcmfmac43602-pcie.clm_blob failed with error -2
[   12.514954] brcmfmac: brcmf_c_process_clm_blob: no clm_blob available (err=-2), device may have limited channels available
[   12.515488] brcmfmac: brcmf_c_preinit_dcmds: Firmware: BCM43602/1 wl0: Nov 10 2015 06:38:10 version 7.35.177.61 (r598657) FWID 01-ea662a8c
[   12.568764] brcmfmac 0000:03:00.0 wlp3s0: renamed from wlan0
[   13.036450] IPv6: ADDRCONF(NETDEV_UP): wlp3s0: link is not ready
[   13.079844] IPv6: ADDRCONF(NETDEV_UP): wlp3s0: link is not ready
[   13.593542] IPv6: ADDRCONF(NETDEV_UP): wlp3s0: link is not ready
[   13.710424] IPv6: ADDRCONF(NETDEV_UP): wlp3s0: link is not ready
[   13.823895] bridge: filtering via arp/ip/ip6tables is no longer available by default. Update your scripts to load br_netfilter if you need this.
[   13.830455] tun: Universal TUN/TAP device driver, 1.6
[   13.832253] virbr0: port 1(virbr0-nic) entered blocking state
[   13.832255] virbr0: port 1(virbr0-nic) entered disabled state
[   13.832310] device virbr0-nic entered promiscuous mode
[   13.917075] virbr0: port 1(virbr0-nic) entered blocking state
[   13.917078] virbr0: port 1(virbr0-nic) entered listening state
[   13.964631] virbr0: port 1(virbr0-nic) entered disabled state
[   16.811487] IPv6: ADDRCONF(NETDEV_UP): wlp3s0: link is not ready
[   21.255597] fuse init (API version 7.28)
[   21.536438] Bluetooth: RFCOMM TTY layer initialized
[   21.536445] Bluetooth: RFCOMM socket layer initialized
[   21.536498] Bluetooth: RFCOMM ver 1.11
[   22.039842] IPv6: ADDRCONF(NETDEV_CHANGE): wlp3s0: link becomes ready
[   22.487051] rfkill: input handler disabled
[   30.282770] brcmfmac: brcmf_inetaddr_changed: fail to get arp ip table err:-52
[   45.840987] sd 1:0:0:0: [sdb] 62521344 512-byte logical blocks: (32.0 GB/29.8 GiB)
[   45.843586]  sdb: sdb1
[   46.172730] FAT-fs (sdb1): Volume was not properly unmounted. Some data may be corrupt. Please run fsck.
[   54.721533] brcmfmac: brcmf_inetaddr_changed: fail to get arp ip table err:-52
[   55.230729] IPv6: ADDRCONF(NETDEV_UP): wlp3s0: link is not ready
[   55.760917] IPv6: ADDRCONF(NETDEV_UP): wlp3s0: link is not ready
[   56.468430] PM: suspend entry (deep)
[   56.468432] PM: Syncing filesystems ... done.
[   56.493089] Freezing user space processes ... (elapsed 0.312 seconds) done.
[   56.805836] OOM killer disabled.
[   56.805838] Freezing remaining freezable tasks ... (elapsed 0.001 seconds) done.
[   56.807384] printk: Suspending console(s) (use no_console_suspend to debug)
[   56.818006] sd 0:0:0:0: [sda] Synchronizing SCSI cache
[   56.819712] sd 0:0:0:0: [sda] Stopping disk
[   56.821091] pcieport 0000:06:05.0: quirk: waiting for Thunderbolt to reestablish PCI tunnels...
[   56.821112] pcieport 0000:06:06.0: quirk: waiting for Thunderbolt to reestablish PCI tunnels...
[   56.822027] pcieport 0000:06:03.0: quirk: waiting for Thunderbolt to reestablish PCI tunnels...
[   56.822085] pcieport 0000:06:04.0: quirk: waiting for Thunderbolt to reestablish PCI tunnels...
[   57.739895] PM: suspend devices took 0.932 seconds
[   57.752674] ACPI: EC: interrupt blocked
[   58.750766] ACPI: Preparing to enter system sleep state S3
[   58.751703] ACPI: EC: event blocked
[   58.751704] ACPI: EC: EC stopped
[   58.751705] PM: Saving platform NVS memory
[   58.751713] Disabling non-boot CPUs ...
[   58.774010] smpboot: CPU 1 is now offline
[   58.795071] smpboot: CPU 2 is now offline
[   58.818550] smpboot: CPU 3 is now offline
[   58.842180] smpboot: CPU 4 is now offline
[   58.856427] smpboot: CPU 5 is now offline
[   58.869648] smpboot: CPU 6 is now offline
[   58.878642] smpboot: CPU 7 is now offline
[   58.900083] ACPI: Low-level resume complete
[   58.900148] ACPI: EC: EC started
[   58.900148] PM: Restoring platform NVS memory
[   58.907690] Enabling non-boot CPUs ...
[   58.907748] x86: Booting SMP configuration:
[   58.907749] smpboot: Booting Node 0 Processor 1 APIC 0x2
[   61.795720] hrtimer: interrupt took 2418352 ns
[   62.949836]  cache: parent cpu1 should not be sleeping
[   65.904211] CPU1 is up
[   65.904270] smpboot: Booting Node 0 Processor 2 APIC 0x4
[   66.182808]  cache: parent cpu2 should not be sleeping
[   67.691359] CPU2 is up
[   67.691415] smpboot: Booting Node 0 Processor 3 APIC 0x6
[   67.895913]  cache: parent cpu3 should not be sleeping
[   68.536263] CPU3 is up
[   68.536324] smpboot: Booting Node 0 Processor 4 APIC 0x1
[   68.542399]  cache: parent cpu4 should not be sleeping
[   68.568755] CPU4 is up
[   68.568779] smpboot: Booting Node 0 Processor 5 APIC 0x3
[   68.758740]  cache: parent cpu5 should not be sleeping
[   69.309134] CPU5 is up
[   69.309169] smpboot: Booting Node 0 Processor 6 APIC 0x5
[   69.500865]  cache: parent cpu6 should not be sleeping
[   70.147092] CPU6 is up
[   70.147130] smpboot: Booting Node 0 Processor 7 APIC 0x7
[   70.294876]  cache: parent cpu7 should not be sleeping
[   70.961183] CPU7 is up
[   71.048138] ACPI: Waking up from system sleep state S3
[   71.050025] ACPI: EC: interrupt unblocked
[   71.074048] pcieport 0000:06:03.0: quirk: waiting for Thunderbolt to reestablish PCI tunnels...
[   71.074050] pcieport 0000:06:05.0: quirk: waiting for Thunderbolt to reestablish PCI tunnels...
[   71.074052] pcieport 0000:06:04.0: quirk: waiting for Thunderbolt to reestablish PCI tunnels...
[   71.074053] pcieport 0000:06:06.0: quirk: waiting for Thunderbolt to reestablish PCI tunnels...
[   71.106068] pcieport 0000:06:03.0: quirk_apple_wait_for_thunderbolt+0x0/0xe0 took 31264 usecs
[   71.106073] pcieport 0000:06:05.0: quirk_apple_wait_for_thunderbolt+0x0/0xe0 took 31262 usecs
[   71.106077] pcieport 0000:06:04.0: quirk_apple_wait_for_thunderbolt+0x0/0xe0 took 31259 usecs
[   71.106082] pcieport 0000:06:06.0: quirk_apple_wait_for_thunderbolt+0x0/0xe0 took 31260 usecs
[   71.175320] thunderbolt 0000:07:00.0: resetting error on 0:b.
[   71.175330] thunderbolt 0000:07:00.0: 0:b: hotplug: scanning
[   71.175332] thunderbolt 0000:07:00.0: 0:b: hotplug: no switch found
[   71.175427] thunderbolt 0000:07:00.0: resetting error on 0:c.
[   71.175431] thunderbolt 0000:07:00.0: 0:c: hotplug: scanning
[   71.175432] thunderbolt 0000:07:00.0: 0:c: hotplug: no switch found
[   72.147436] ACPI: EC: event unblocked
[   72.167929] sd 0:0:0:0: [sda] Starting disk
[   72.453388] usb 2-4: reset SuperSpeed Gen 1 USB device number 2 using xhci_hcd
[   72.472331] PM: resume devices took 0.325 seconds
[   72.472679] OOM killer enabled.
[   72.472681] Restarting tasks ... done.
[   72.500793] ata1: SATA link up 6.0 Gbps (SStatus 133 SControl 300)
[   72.501034] ata1.00: unexpected _GTF length (8)
[   72.501304] ata1.00: unexpected _GTF length (8)
[   72.501356] ata1.00: configured for UDMA/133
[   72.537441] video LNXVIDEO:00: Restoring backlight state
[   72.537589] PM: suspend exit
[   72.543104] IPv6: ADDRCONF(NETDEV_UP): wlp3s0: link is not ready
[   72.589835] IPv6: ADDRCONF(NETDEV_UP): wlp3s0: link is not ready
[   77.892340] IPv6: ADDRCONF(NETDEV_CHANGE): wlp3s0: link becomes ready
[   80.945543] brcmfmac: brcmf_inetaddr_changed: fail to get arp ip table err:-52
[  104.135620]  sdb: sdb1
[  104.339567] sdb: detected capacity change from 32010928128 to 0
[  117.403162] brcmfmac: brcmf_inetaddr_changed: fail to get arp ip table err:-52
[  117.915494] IPv6: ADDRCONF(NETDEV_UP): wlp3s0: link is not ready
[  118.438670] IPv6: ADDRCONF(NETDEV_UP): wlp3s0: link is not ready
[  119.242430] PM: suspend entry (deep)
[  119.242432] PM: Syncing filesystems ... done.
[  119.266007] Freezing user space processes ... (elapsed 0.314 seconds) done.
[  119.580728] OOM killer disabled.
[  119.580729] Freezing remaining freezable tasks ... (elapsed 0.001 seconds) done.
[  119.581929] printk: Suspending console(s) (use no_console_suspend to debug)
[  119.591745] sd 0:0:0:0: [sda] Synchronizing SCSI cache
[  119.593451] sd 0:0:0:0: [sda] Stopping disk
[  119.594928] pcieport 0000:06:05.0: quirk: waiting for Thunderbolt to reestablish PCI tunnels...
[  119.594931] pcieport 0000:06:06.0: quirk: waiting for Thunderbolt to reestablish PCI tunnels...
[  119.594954] pcieport 0000:06:04.0: quirk: waiting for Thunderbolt to reestablish PCI tunnels...
[  119.594957] pcieport 0000:06:03.0: quirk: waiting for Thunderbolt to reestablish PCI tunnels...
[  120.481671] PM: suspend devices took 0.899 seconds
[  120.494321] ACPI: EC: interrupt blocked
[  121.494709] ACPI: Preparing to enter system sleep state S3
[  121.495666] ACPI: EC: event blocked
[  121.495667] ACPI: EC: EC stopped
[  121.495668] PM: Saving platform NVS memory
[  121.495677] Disabling non-boot CPUs ...
[  121.503509] smpboot: CPU 1 is now offline
[  121.527181] smpboot: CPU 2 is now offline
[  121.544119] smpboot: CPU 3 is now offline
[  121.565322] smpboot: CPU 4 is now offline
[  121.576090] smpboot: CPU 5 is now offline
[  121.583047] smpboot: CPU 6 is now offline
[  121.589537] smpboot: CPU 7 is now offline
[  121.612354] ACPI: Low-level resume complete
[  121.612419] ACPI: EC: EC started
[  121.612419] PM: Restoring platform NVS memory
[  121.619867] Enabling non-boot CPUs ...
[  121.619927] x86: Booting SMP configuration:
[  121.619929] smpboot: Booting Node 0 Processor 1 APIC 0x2
[  125.781691]  cache: parent cpu1 should not be sleeping
[  129.025876] CPU1 is up
[  129.025936] smpboot: Booting Node 0 Processor 2 APIC 0x4
[  129.314755]  cache: parent cpu2 should not be sleeping
[  130.502146] CPU2 is up
[  130.502203] smpboot: Booting Node 0 Processor 3 APIC 0x6
[  130.725793]  cache: parent cpu3 should not be sleeping
[  131.121048] perf: interrupt took too long (2723 > 2500), lowering kernel.perf_event_max_sample_rate to 73000
[  131.365221] CPU3 is up
[  131.365277] smpboot: Booting Node 0 Processor 4 APIC 0x1
[  131.371033]  cache: parent cpu4 should not be sleeping
[  131.389900] CPU4 is up
[  131.389928] smpboot: Booting Node 0 Processor 5 APIC 0x3
[  131.595670]  cache: parent cpu5 should not be sleeping
[  132.163899] CPU5 is up
[  132.196815] smpboot: Booting Node 0 Processor 6 APIC 0x5
[  132.375693]  cache: parent cpu6 should not be sleeping
[  132.945599] CPU6 is up
[  133.000898] smpboot: Booting Node 0 Processor 7 APIC 0x7
[  133.175607]  cache: parent cpu7 should not be sleeping
[  133.840714] CPU7 is up
[  133.937136] ACPI: Waking up from system sleep state S3
[  133.939047] ACPI: EC: interrupt unblocked
[  133.962959] pcieport 0000:06:04.0: quirk: waiting for Thunderbolt to reestablish PCI tunnels...
[  133.962964] pcieport 0000:06:03.0: quirk: waiting for Thunderbolt to reestablish PCI tunnels...
[  133.962966] pcieport 0000:06:05.0: quirk: waiting for Thunderbolt to reestablish PCI tunnels...
[  133.962967] pcieport 0000:06:06.0: quirk: waiting for Thunderbolt to reestablish PCI tunnels...
[  133.994984] pcieport 0000:06:04.0: quirk_apple_wait_for_thunderbolt+0x0/0xe0 took 31268 usecs
[  133.994989] pcieport 0000:06:03.0: quirk_apple_wait_for_thunderbolt+0x0/0xe0 took 31263 usecs
[  133.994993] pcieport 0000:06:05.0: quirk_apple_wait_for_thunderbolt+0x0/0xe0 took 31262 usecs
[  133.994998] pcieport 0000:06:06.0: quirk_apple_wait_for_thunderbolt+0x0/0xe0 took 31262 usecs
[  134.064236] thunderbolt 0000:07:00.0: resetting error on 0:b.
[  134.064245] thunderbolt 0000:07:00.0: 0:b: hotplug: scanning
[  134.064247] thunderbolt 0000:07:00.0: 0:b: hotplug: no switch found
[  134.064343] thunderbolt 0000:07:00.0: resetting error on 0:c.
[  134.064347] thunderbolt 0000:07:00.0: 0:c: hotplug: scanning
[  134.064349] thunderbolt 0000:07:00.0: 0:c: hotplug: no switch found
[  135.035318] ACPI: EC: event unblocked
[  135.055838] sd 0:0:0:0: [sda] Starting disk
[  135.341271] usb 2-4: reset SuperSpeed Gen 1 USB device number 2 using xhci_hcd
[  135.360949] PM: resume devices took 0.326 seconds
[  135.361370] OOM killer enabled.
[  135.361371] Restarting tasks ... done.
[  135.389915] ata1: SATA link up 6.0 Gbps (SStatus 133 SControl 300)
[  135.390167] ata1.00: unexpected _GTF length (8)
[  135.390474] ata1.00: unexpected _GTF length (8)
[  135.390527] ata1.00: configured for UDMA/133
[  135.423524] video LNXVIDEO:00: Restoring backlight state
[  135.423757] PM: suspend exit
[  135.429929] IPv6: ADDRCONF(NETDEV_UP): wlp3s0: link is not ready
[  135.471624] IPv6: ADDRCONF(NETDEV_UP): wlp3s0: link is not ready
[  135.646093] sd 1:0:0:0: [sdb] 62521344 512-byte logical blocks: (32.0 GB/29.8 GiB)
[  135.648165]  sdb: sdb1
[  139.237665] FAT-fs (sdb1): Volume was not properly unmounted. Some data may be corrupt. Please run fsck.
[  140.763522] IPv6: ADDRCONF(NETDEV_CHANGE): wlp3s0: link becomes ready
[  149.066924] brcmfmac: brcmf_inetaddr_changed: fail to get arp ip table err:-52
[  169.030321] sdb: detected capacity change from 32010928128 to 0
[11053.006266] perf: interrupt took too long (3482 > 3403), lowering kernel.perf_event_max_sample_rate to 57000
[17745.125091] perf: interrupt took too long (4402 > 4352), lowering kernel.perf_event_max_sample_rate to 45000
[19574.191463] CPU6: Core temperature above threshold, cpu clock throttled (total events = 1)
[19574.191464] CPU2: Core temperature above threshold, cpu clock throttled (total events = 1)
[19574.191466] CPU5: Package temperature above threshold, cpu clock throttled (total events = 1)
[19574.191468] CPU3: Package temperature above threshold, cpu clock throttled (total events = 1)
[19574.191469] CPU1: Package temperature above threshold, cpu clock throttled (total events = 1)
[19574.191472] CPU7: Package temperature above threshold, cpu clock throttled (total events = 1)
[19574.191473] CPU0: Package temperature above threshold, cpu clock throttled (total events = 1)
[19574.191474] CPU4: Package temperature above threshold, cpu clock throttled (total events = 1)
[19574.191475] CPU2: Package temperature above threshold, cpu clock throttled (total events = 1)
[19574.191482] CPU6: Package temperature above threshold, cpu clock throttled (total events = 1)
[19574.192458] CPU6: Core temperature/speed normal
[19574.192459] CPU2: Core temperature/speed normal
[19574.192460] CPU5: Package temperature/speed normal
[19574.192461] CPU3: Package temperature/speed normal
[19574.192462] CPU1: Package temperature/speed normal
[19574.192463] CPU7: Package temperature/speed normal
[19574.192464] CPU2: Package temperature/speed normal
[19574.192464] CPU6: Package temperature/speed normal
[19574.192469] CPU0: Package temperature/speed normal
[19574.192470] CPU4: Package temperature/speed normal
[20218.531384] CPU2: Core temperature above threshold, cpu clock throttled (total events = 274)
[20218.531385] CPU6: Core temperature above threshold, cpu clock throttled (total events = 274)
[20218.531387] CPU3: Package temperature above threshold, cpu clock throttled (total events = 6126)
[20218.531390] CPU5: Package temperature above threshold, cpu clock throttled (total events = 6126)
[20218.531392] CPU4: Package temperature above threshold, cpu clock throttled (total events = 6126)
[20218.531393] CPU7: Package temperature above threshold, cpu clock throttled (total events = 6126)
[20218.531394] CPU1: Package temperature above threshold, cpu clock throttled (total events = 6126)
[20218.531395] CPU0: Package temperature above threshold, cpu clock throttled (total events = 6126)
[20218.531396] CPU6: Package temperature above threshold, cpu clock throttled (total events = 6126)
[20218.531405] CPU2: Package temperature above threshold, cpu clock throttled (total events = 6126)
[20218.532383] CPU2: Core temperature/speed normal
[20218.532384] CPU6: Core temperature/speed normal
[20218.532385] CPU3: Package temperature/speed normal
[20218.532387] CPU4: Package temperature/speed normal
[20218.532388] CPU0: Package temperature/speed normal
[20218.532388] CPU7: Package temperature/speed normal
[20218.532390] CPU1: Package temperature/speed normal
[20218.532391] CPU5: Package temperature/speed normal
[20218.532392] CPU6: Package temperature/speed normal
[20218.532392] CPU2: Package temperature/speed normal
[23982.799369] CPU5: Core temperature above threshold, cpu clock throttled (total events = 2262)
[23982.799370] CPU1: Core temperature above threshold, cpu clock throttled (total events = 2262)
[23982.799387] CPU1: Package temperature above threshold, cpu clock throttled (total events = 9335)
[23982.799390] CPU5: Package temperature above threshold, cpu clock throttled (total events = 9335)
[23982.799393] CPU7: Package temperature above threshold, cpu clock throttled (total events = 9335)
[23982.799395] CPU6: Package temperature above threshold, cpu clock throttled (total events = 9335)
[23982.799396] CPU4: Package temperature above threshold, cpu clock throttled (total events = 9335)
[23982.799398] CPU2: Package temperature above threshold, cpu clock throttled (total events = 9335)
[23982.799399] CPU0: Package temperature above threshold, cpu clock throttled (total events = 9335)
[23982.799400] CPU3: Package temperature above threshold, cpu clock throttled (total events = 9335)
[23982.801380] CPU5: Core temperature/speed normal
[23982.801381] CPU1: Core temperature/speed normal
[23982.801383] CPU5: Package temperature/speed normal
[23982.801383] CPU1: Package temperature/speed normal
[23982.801405] CPU4: Package temperature/speed normal
[23982.801406] CPU7: Package temperature/speed normal
[23982.801407] CPU6: Package temperature/speed normal
[23982.801409] CPU2: Package temperature/speed normal
[23982.801409] CPU0: Package temperature/speed normal
[23982.801410] CPU3: Package temperature/speed normal
[25829.730602] perf: interrupt took too long (5509 > 5502), lowering kernel.perf_event_max_sample_rate to 36000
[27372.485245] brcmfmac: brcmf_inetaddr_changed: fail to get arp ip table err:-52
[27372.992770] IPv6: ADDRCONF(NETDEV_UP): wlp3s0: link is not ready
[27373.524925] IPv6: ADDRCONF(NETDEV_UP): wlp3s0: link is not ready
[27374.303816] PM: suspend entry (deep)
[27374.303819] PM: Syncing filesystems ... done.
[27374.338883] Freezing user space processes ... (elapsed 0.296 seconds) done.
[27374.634971] OOM killer disabled.
[27374.634973] Freezing remaining freezable tasks ... (elapsed 0.001 seconds) done.
[27374.636701] printk: Suspending console(s) (use no_console_suspend to debug)
[27374.649474] sd 0:0:0:0: [sda] Synchronizing SCSI cache
[27374.651188] sd 0:0:0:0: [sda] Stopping disk
[27374.651356] pcieport 0000:06:04.0: quirk: waiting for Thunderbolt to reestablish PCI tunnels...
[27374.651357] pcieport 0000:06:03.0: quirk: waiting for Thunderbolt to reestablish PCI tunnels...
[27374.651385] pcieport 0000:06:05.0: quirk: waiting for Thunderbolt to reestablish PCI tunnels...
[27374.651390] pcieport 0000:06:06.0: quirk: waiting for Thunderbolt to reestablish PCI tunnels...
[27375.574070] PM: suspend devices took 0.937 seconds
[27375.586776] ACPI: EC: interrupt blocked
[27376.587265] ACPI: Preparing to enter system sleep state S3
[27376.588314] ACPI: EC: event blocked
[27376.588315] ACPI: EC: EC stopped
[27376.588316] PM: Saving platform NVS memory
[27376.588324] Disabling non-boot CPUs ...
[27376.599377] smpboot: CPU 1 is now offline
[27376.613926] smpboot: CPU 2 is now offline
[27376.628687] smpboot: CPU 3 is now offline
[27376.651649] smpboot: CPU 4 is now offline
[27376.663002] smpboot: CPU 5 is now offline
[27376.675027] smpboot: CPU 6 is now offline
[27376.683242] smpboot: CPU 7 is now offline
[27376.704009] ACPI: Low-level resume complete
[27376.704072] ACPI: EC: EC started
[27376.704073] PM: Restoring platform NVS memory
[27376.711548] Enabling non-boot CPUs ...
[27376.711607] x86: Booting SMP configuration:
[27376.711609] smpboot: Booting Node 0 Processor 1 APIC 0x2
[27380.776942]  cache: parent cpu1 should not be sleeping
[27383.914503] CPU1 is up
[27383.914563] smpboot: Booting Node 0 Processor 2 APIC 0x4
[27384.165904]  cache: parent cpu2 should not be sleeping
[27384.831359] CPU2 is up
[27384.831416] smpboot: Booting Node 0 Processor 3 APIC 0x6
[27385.022920]  cache: parent cpu3 should not be sleeping
[27385.575363] CPU3 is up
[27385.575425] smpboot: Booting Node 0 Processor 4 APIC 0x1
[27385.580870]  cache: parent cpu4 should not be sleeping
[27385.601505] CPU4 is up
[27385.601528] smpboot: Booting Node 0 Processor 5 APIC 0x3
[27385.780854]  cache: parent cpu5 should not be sleeping
[27386.354373] CPU5 is up
[27386.354409] smpboot: Booting Node 0 Processor 6 APIC 0x5
[27386.527058]  cache: parent cpu6 should not be sleeping
[27387.078185] CPU6 is up
[27387.078221] smpboot: Booting Node 0 Processor 7 APIC 0x7
[27387.258708]  cache: parent cpu7 should not be sleeping
[27387.910255] CPU7 is up
[27387.999176] ACPI: Waking up from system sleep state S3
[27388.001079] ACPI: EC: interrupt unblocked
[27388.025147] pcieport 0000:06:03.0: quirk: waiting for Thunderbolt to reestablish PCI tunnels...
[27388.025159] pcieport 0000:06:04.0: quirk: waiting for Thunderbolt to reestablish PCI tunnels...
[27388.025161] pcieport 0000:06:05.0: quirk: waiting for Thunderbolt to reestablish PCI tunnels...
[27388.025163] pcieport 0000:06:06.0: quirk: waiting for Thunderbolt to reestablish PCI tunnels...
[27388.057179] pcieport 0000:06:03.0: quirk_apple_wait_for_thunderbolt+0x0/0xe0 took 31276 usecs
[27388.057184] pcieport 0000:06:04.0: quirk_apple_wait_for_thunderbolt+0x0/0xe0 took 31263 usecs
[27388.057188] pcieport 0000:06:05.0: quirk_apple_wait_for_thunderbolt+0x0/0xe0 took 31262 usecs
[27388.057193] pcieport 0000:06:06.0: quirk_apple_wait_for_thunderbolt+0x0/0xe0 took 31262 usecs
[27388.126430] thunderbolt 0000:07:00.0: resetting error on 0:b.
[27388.126438] thunderbolt 0000:07:00.0: 0:b: hotplug: scanning
[27388.126440] thunderbolt 0000:07:00.0: 0:b: hotplug: no switch found
[27388.126537] thunderbolt 0000:07:00.0: resetting error on 0:c.
[27388.126542] thunderbolt 0000:07:00.0: 0:c: hotplug: scanning
[27388.126543] thunderbolt 0000:07:00.0: 0:c: hotplug: no switch found
[27389.093554] ACPI: EC: event unblocked
[27389.114158] sd 0:0:0:0: [sda] Starting disk
[27389.399543] usb 2-4: reset SuperSpeed Gen 1 USB device number 2 using xhci_hcd
[27389.419507] PM: resume devices took 0.326 seconds
[27389.419738] OOM killer enabled.
[27389.419741] Restarting tasks ... done.
[27389.439629] ata1: SATA link up 6.0 Gbps (SStatus 133 SControl 300)
[27389.439949] ata1.00: unexpected _GTF length (8)
[27389.440469] ata1.00: unexpected _GTF length (8)
[27389.440527] ata1.00: configured for UDMA/133
[27389.487767] video LNXVIDEO:00: Restoring backlight state
[27389.487950] PM: suspend exit
[27389.493678] IPv6: ADDRCONF(NETDEV_UP): wlp3s0: link is not ready
[27389.540325] IPv6: ADDRCONF(NETDEV_UP): wlp3s0: link is not ready
[27394.833648] IPv6: ADDRCONF(NETDEV_CHANGE): wlp3s0: link becomes ready
[27394.965911] brcmfmac: brcmf_inetaddr_changed: fail to get arp ip table err:-52
[31753.045021] CPU1: Core temperature above threshold, cpu clock throttled (total events = 2264)
[31753.045034] CPU5: Core temperature above threshold, cpu clock throttled (total events = 2264)
[31753.045036] CPU6: Package temperature above threshold, cpu clock throttled (total events = 9337)
[31753.045037] CPU2: Package temperature above threshold, cpu clock throttled (total events = 9337)
[31753.045039] CPU5: Package temperature above threshold, cpu clock throttled (total events = 9337)
[31753.045041] CPU0: Package temperature above threshold, cpu clock throttled (total events = 9337)
[31753.045043] CPU4: Package temperature above threshold, cpu clock throttled (total events = 9337)
[31753.045045] CPU3: Package temperature above threshold, cpu clock throttled (total events = 9337)
[31753.045046] CPU7: Package temperature above threshold, cpu clock throttled (total events = 9337)
[31753.045052] CPU1: Package temperature above threshold, cpu clock throttled (total events = 9337)
[31753.046039] CPU1: Core temperature/speed normal
[31753.046040] CPU5: Core temperature/speed normal
[31753.046042] CPU6: Package temperature/speed normal
[31753.046043] CPU2: Package temperature/speed normal
[31753.046043] CPU5: Package temperature/speed normal
[31753.046045] CPU1: Package temperature/speed normal
[31753.046055] CPU0: Package temperature/speed normal
[31753.046056] CPU7: Package temperature/speed normal
[31753.046057] CPU4: Package temperature/speed normal
[31753.046058] CPU3: Package temperature/speed normal
[32096.856525] nf_conntrack: default automatic helper assignment has been turned off for security reasons and CT-based  firewall rule not found. Use the iptables CT target to attach helpers instead.
[32480.863524] perf: interrupt took too long (6929 > 6886), lowering kernel.perf_event_max_sample_rate to 28000
[33068.663293] CPU7: Package temperature above threshold, cpu clock throttled (total events = 15123)
[33068.663296] CPU4: Package temperature above threshold, cpu clock throttled (total events = 15123)
[33068.663297] CPU5: Package temperature above threshold, cpu clock throttled (total events = 15123)
[33068.663298] CPU1: Package temperature above threshold, cpu clock throttled (total events = 15123)
[33068.663300] CPU3: Package temperature above threshold, cpu clock throttled (total events = 15123)
[33068.663301] CPU0: Package temperature above threshold, cpu clock throttled (total events = 15123)
[33068.663305] CPU2: Package temperature above threshold, cpu clock throttled (total events = 15123)
[33068.663307] CPU6: Package temperature above threshold, cpu clock throttled (total events = 15123)
[33068.664277] CPU6: Package temperature/speed normal
[33068.664278] CPU4: Package temperature/speed normal
[33068.664279] CPU0: Package temperature/speed normal
[33068.664293] CPU2: Package temperature/speed normal
[33068.664297] CPU1: Package temperature/speed normal
[33068.664299] CPU7: Package temperature/speed normal
[33068.664300] CPU3: Package temperature/speed normal
