[    0.000000] microcode: microcode updated early to revision 0x1a, date = 2018-04-02
[    0.000000] Linux version 5.0.0-rc6+ (im@im-mac) (gcc version 8.2.1 20181215 (Red Hat 8.2.1-6) (GCC)) #47 SMP Tue Feb 12 02:06:47 +05 2019
[    0.000000] Command line: BOOT_IMAGE=/vmlinuz-5.0.0-rc6+ root=/dev/mapper/im--mac-root ro resume=/dev/mapper/im--mac-swap rd.lvm.lv=im-mac/root rd.luks.uuid=luks-dd1fa933-ef9f-402b-a2e4-7c9d6fb7ce0d rd.lvm.lv=im-mac/swap rhgb quiet hid_apple.fnmode=2 hid_apple.iso_layout=0
[    0.000000] x86/fpu: Supporting XSAVE feature 0x001: 'x87 floating point registers'
[    0.000000] x86/fpu: Supporting XSAVE feature 0x002: 'SSE registers'
[    0.000000] x86/fpu: Supporting XSAVE feature 0x004: 'AVX registers'
[    0.000000] x86/fpu: xstate_offset[2]:  576, xstate_sizes[2]:  256
[    0.000000] x86/fpu: Enabled xstate features 0x7, context size is 832 bytes, using 'standard' format.
[    0.000000] BIOS-provided physical RAM map:
[    0.000000] BIOS-e820: [mem 0x0000000000000000-0x0000000000057fff] usable
[    0.000000] BIOS-e820: [mem 0x0000000000058000-0x0000000000058fff] reserved
[    0.000000] BIOS-e820: [mem 0x0000000000059000-0x000000000009ffff] usable
[    0.000000] BIOS-e820: [mem 0x00000000000a0000-0x00000000000bffff] reserved
[    0.000000] BIOS-e820: [mem 0x0000000000100000-0x0000000078d00fff] usable
[    0.000000] BIOS-e820: [mem 0x0000000078d01000-0x0000000078d48fff] ACPI NVS
[    0.000000] BIOS-e820: [mem 0x0000000078d49000-0x0000000078d5cfff] usable
[    0.000000] BIOS-e820: [mem 0x0000000078d5d000-0x0000000078d8efff] ACPI data
[    0.000000] BIOS-e820: [mem 0x0000000078d8f000-0x0000000078e39fff] usable
[    0.000000] BIOS-e820: [mem 0x0000000078e3a000-0x0000000078e8efff] reserved
[    0.000000] BIOS-e820: [mem 0x0000000078e8f000-0x0000000078ecbfff] usable
[    0.000000] BIOS-e820: [mem 0x0000000078ecc000-0x0000000078efefff] reserved
[    0.000000] BIOS-e820: [mem 0x0000000078eff000-0x0000000078f84fff] usable
[    0.000000] BIOS-e820: [mem 0x0000000078f85000-0x0000000078fdefff] reserved
[    0.000000] BIOS-e820: [mem 0x0000000078fdf000-0x0000000078ffffff] usable
[    0.000000] BIOS-e820: [mem 0x0000000079000000-0x000000007f9fffff] reserved
[    0.000000] BIOS-e820: [mem 0x00000000e00f8000-0x00000000e00f8fff] reserved
[    0.000000] BIOS-e820: [mem 0x00000000fed1c000-0x00000000fed1ffff] reserved
[    0.000000] BIOS-e820: [mem 0x00000000ffd70000-0x00000000ffd9ffff] reserved
[    0.000000] BIOS-e820: [mem 0x0000000100000000-0x000000047f5fffff] usable
[    0.000000] NX (Execute Disable) protection: active
[    0.000000] e820: update [mem 0x66282710-0x66282ad2] usable ==> usable
[    0.000000] e820: update [mem 0x66282710-0x66282ad2] usable ==> usable
[    0.000000] extended physical RAM map:
[    0.000000] reserve setup_data: [mem 0x0000000000000000-0x0000000000057fff] usable
[    0.000000] reserve setup_data: [mem 0x0000000000058000-0x0000000000058fff] reserved
[    0.000000] reserve setup_data: [mem 0x0000000000059000-0x000000000009ffff] usable
[    0.000000] reserve setup_data: [mem 0x00000000000a0000-0x00000000000bffff] reserved
[    0.000000] reserve setup_data: [mem 0x0000000000100000-0x000000006628270f] usable
[    0.000000] reserve setup_data: [mem 0x0000000066282710-0x0000000066282ad2] usable
[    0.000000] reserve setup_data: [mem 0x0000000066282ad3-0x0000000078d00fff] usable
[    0.000000] reserve setup_data: [mem 0x0000000078d01000-0x0000000078d48fff] ACPI NVS
[    0.000000] reserve setup_data: [mem 0x0000000078d49000-0x0000000078d5cfff] usable
[    0.000000] reserve setup_data: [mem 0x0000000078d5d000-0x0000000078d8efff] ACPI data
[    0.000000] reserve setup_data: [mem 0x0000000078d8f000-0x0000000078e39fff] usable
[    0.000000] reserve setup_data: [mem 0x0000000078e3a000-0x0000000078e8efff] reserved
[    0.000000] reserve setup_data: [mem 0x0000000078e8f000-0x0000000078ecbfff] usable
[    0.000000] reserve setup_data: [mem 0x0000000078ecc000-0x0000000078efefff] reserved
[    0.000000] reserve setup_data: [mem 0x0000000078eff000-0x0000000078f84fff] usable
[    0.000000] reserve setup_data: [mem 0x0000000078f85000-0x0000000078fdefff] reserved
[    0.000000] reserve setup_data: [mem 0x0000000078fdf000-0x0000000078ffffff] usable
[    0.000000] reserve setup_data: [mem 0x0000000079000000-0x000000007f9fffff] reserved
[    0.000000] reserve setup_data: [mem 0x00000000e00f8000-0x00000000e00f8fff] reserved
[    0.000000] reserve setup_data: [mem 0x00000000fed1c000-0x00000000fed1ffff] reserved
[    0.000000] reserve setup_data: [mem 0x00000000ffd70000-0x00000000ffd9ffff] reserved
[    0.000000] reserve setup_data: [mem 0x0000000100000000-0x000000047f5fffff] usable
[    0.000000] efi: EFI v1.10 by Apple
[    0.000000] efi:  ACPI=0x78d8e000  ACPI 2.0=0x78d8e014  SMBIOS=0x78f8b000 
[    0.000000] SMBIOS 2.7 present.
[    0.000000] DMI: Apple Inc. MacBookPro11,4/Mac-06F11FD93F0323C5, BIOS MBP114.88Z.0184.B00.1806051659 06/05/2018
[    0.000000] tsc: Fast TSC calibration using PIT
[    0.000000] tsc: Detected 2194.931 MHz processor
[    0.000119] e820: update [mem 0x00000000-0x00000fff] usable ==> reserved
[    0.000120] e820: remove [mem 0x000a0000-0x000fffff] usable
[    0.000125] last_pfn = 0x47f600 max_arch_pfn = 0x400000000
[    0.000128] MTRR default type: write-back
[    0.000128] MTRR fixed ranges enabled:
[    0.000129]   00000-9FFFF write-back
[    0.000130]   A0000-BFFFF uncachable
[    0.000131]   C0000-DFFFF write-protect
[    0.000131]   E0000-FFFFF uncachable
[    0.000131] MTRR variable ranges enabled:
[    0.000132]   0 base 0080000000 mask 7F80000000 uncachable
[    0.000133]   1 base 007C000000 mask 7FFC000000 uncachable
[    0.000134]   2 base 007A000000 mask 7FFE000000 uncachable
[    0.000134]   3 base 0079000000 mask 7FFF000000 uncachable
[    0.000134]   4 disabled
[    0.000135]   5 disabled
[    0.000135]   6 disabled
[    0.000135]   7 disabled
[    0.000136]   8 disabled
[    0.000136]   9 disabled
[    0.009933] x86/PAT: Configuration [0-7]: WB  WC  UC- UC  WB  WP  UC- WT  
[    0.010026] last_pfn = 0x79000 max_arch_pfn = 0x400000000
[    0.021597] Base memory trampoline at [(____ptrval____)] 99000 size 24576
[    0.021600] Using GB pages for direct mapping
[    0.021602] BRK [0x2ace01000, 0x2ace01fff] PGTABLE
[    0.021604] BRK [0x2ace02000, 0x2ace02fff] PGTABLE
[    0.021604] BRK [0x2ace03000, 0x2ace03fff] PGTABLE
[    0.021633] BRK [0x2ace04000, 0x2ace04fff] PGTABLE
[    0.021635] BRK [0x2ace05000, 0x2ace05fff] PGTABLE
[    0.021718] BRK [0x2ace06000, 0x2ace06fff] PGTABLE
[    0.021739] BRK [0x2ace07000, 0x2ace07fff] PGTABLE
[    0.021791] BRK [0x2ace08000, 0x2ace08fff] PGTABLE
[    0.021913] Secure boot disabled
[    0.021914] RAMDISK: [mem 0x42ad6000-0x48561fff]
[    0.021926] ACPI: Early table checksum verification disabled
[    0.021928] ACPI: RSDP 0x0000000078D8E014 000024 (v02 APPLE )
[    0.021931] ACPI: XSDT 0x0000000078D8E1C0 0000A4 (v01 APPLE  Apple00  00000000      01000013)
[    0.021934] ACPI: FACP 0x0000000078D8C000 0000F4 (v05 APPLE  Apple00  00000000 Loki 0000005F)
[    0.021937] ACPI BIOS Warning (bug): 32/64X length mismatch in FADT/Gpe0Block: 128/0 (20181213/tbfadt-569)
[    0.021940] ACPI: DSDT 0x0000000078D7F000 007331 (v03 APPLE  MacBookP 00110004 INTL 20140424)
[    0.021942] ACPI: FACS 0x0000000078D06000 000040
[    0.021943] ACPI: FACS 0x0000000078D06000 000040
[    0.021945] ACPI: HPET 0x0000000078D8B000 000038 (v01 APPLE  Apple00  00000001 Loki 0000005F)
[    0.021947] ACPI: APIC 0x0000000078D8A000 0000BC (v02 APPLE  Apple00  00000001 Loki 0000005F)
[    0.021948] ACPI: SBST 0x0000000078D88000 000030 (v01 APPLE  Apple00  00000001 Loki 0000005F)
[    0.021950] ACPI: ECDT 0x0000000078D87000 000053 (v01 APPLE  Apple00  00000001 Loki 0000005F)
[    0.021952] ACPI: SSDT 0x0000000078D7E000 000024 (v01 APPLE  SataAhci 00001000 INTL 20140424)
[    0.021953] ACPI: SSDT 0x0000000078D7D000 000024 (v01 APPLE  SmcDppt  00001000 INTL 20140424)
[    0.021955] ACPI: SSDT 0x0000000078D7C000 000032 (v01 APPLE  SsdtS3   00001000 INTL 20140424)
[    0.021957] ACPI: SSDT 0x0000000078D68000 0086DA (v01 APPLE  TbtPEG11 00001000 INTL 20140424)
[    0.021959] ACPI: SSDT 0x0000000078D67000 0000B8 (v01 APPLE  Sdxc     00001000 INTL 20140424)
[    0.021961] ACPI: SSDT 0x0000000078D66000 000A7B (v02 APPLE  Xhci     00001000 INTL 20140424)
[    0.021963] ACPI: SSDT 0x0000000078D64000 000341 (v01 APPLE  PEG0SSD0 00001000 INTL 20140424)
[    0.021964] ACPI: SSDT 0x0000000078D5F000 00069C (v01 PmRef  Cpu0Ist  00003000 INTL 20140424)
[    0.021966] ACPI: SSDT 0x0000000078D5E000 000C17 (v01 CpuRef CpuSsdt  00003000 INTL 20140424)
[    0.021968] ACPI: DMAR 0x0000000078D5D000 000088 (v01 APPLE  BDW      00000001 INTL 00000001)
[    0.021969] ACPI: MCFG 0x0000000078D89000 00003C (v01 APPLE  Apple00  00000001 Loki 0000005F)
[    0.021974] ACPI: DMI detected to setup _OSI("Darwin"): Apple hardware
[    0.021976] ACPI: Local APIC address 0xfee00000
[    0.022047] No NUMA configuration found
[    0.022047] Faking a node at [mem 0x0000000000000000-0x000000047f5fffff]
[    0.022056] NODE_DATA(0) allocated [mem 0x47f5d5000-0x47f5fffff]
[    0.051335] Zone ranges:
[    0.051337]   DMA      [mem 0x0000000000001000-0x0000000000ffffff]
[    0.051338]   DMA32    [mem 0x0000000001000000-0x00000000ffffffff]
[    0.051339]   Normal   [mem 0x0000000100000000-0x000000047f5fffff]
[    0.051340]   Device   empty
[    0.051340] Movable zone start for each node
[    0.051343] Early memory node ranges
[    0.051343]   node   0: [mem 0x0000000000001000-0x0000000000057fff]
[    0.051344]   node   0: [mem 0x0000000000059000-0x000000000009ffff]
[    0.051344]   node   0: [mem 0x0000000000100000-0x0000000078d00fff]
[    0.051345]   node   0: [mem 0x0000000078d49000-0x0000000078d5cfff]
[    0.051345]   node   0: [mem 0x0000000078d8f000-0x0000000078e39fff]
[    0.051345]   node   0: [mem 0x0000000078e8f000-0x0000000078ecbfff]
[    0.051346]   node   0: [mem 0x0000000078eff000-0x0000000078f84fff]
[    0.051346]   node   0: [mem 0x0000000078fdf000-0x0000000078ffffff]
[    0.051347]   node   0: [mem 0x0000000100000000-0x000000047f5fffff]
[    0.051718] Zeroed struct page in unavailable ranges: 29118 pages
[    0.051719] Initmem setup node 0 [mem 0x0000000000001000-0x000000047f5fffff]
[    0.051720] On node 0 totalpages: 4162626
[    0.051721]   DMA zone: 64 pages used for memmap
[    0.051722]   DMA zone: 22 pages reserved
[    0.051722]   DMA zone: 3998 pages, LIFO batch:0
[    0.051793]   DMA32 zone: 7675 pages used for memmap
[    0.051794]   DMA32 zone: 491172 pages, LIFO batch:63
[    0.063119]   Normal zone: 57304 pages used for memmap
[    0.063120]   Normal zone: 3667456 pages, LIFO batch:63
[    0.131759] Reserving Intel graphics memory at [mem 0x79a00000-0x7f9fffff]
[    0.131825] ACPI: PM-Timer IO Port: 0x1808
[    0.131827] ACPI: Local APIC address 0xfee00000
[    0.131832] ACPI: LAPIC_NMI (acpi_id[0x01] high edge lint[0x1])
[    0.131832] ACPI: LAPIC_NMI (acpi_id[0x02] high edge lint[0x1])
[    0.131833] ACPI: LAPIC_NMI (acpi_id[0x03] high edge lint[0x1])
[    0.131833] ACPI: LAPIC_NMI (acpi_id[0x04] high edge lint[0x1])
[    0.131834] ACPI: LAPIC_NMI (acpi_id[0x05] high edge lint[0x1])
[    0.131834] ACPI: LAPIC_NMI (acpi_id[0x06] high edge lint[0x1])
[    0.131834] ACPI: LAPIC_NMI (acpi_id[0x07] high edge lint[0x1])
[    0.131835] ACPI: LAPIC_NMI (acpi_id[0x08] high edge lint[0x1])
[    0.131848] IOAPIC[0]: apic_id 2, version 32, address 0xfec00000, GSI 0-23
[    0.131850] ACPI: INT_SRC_OVR (bus 0 bus_irq 0 global_irq 2 dfl dfl)
[    0.131851] ACPI: INT_SRC_OVR (bus 0 bus_irq 9 global_irq 9 high level)
[    0.131852] ACPI: IRQ0 used by override.
[    0.131852] ACPI: IRQ9 used by override.
[    0.131854] Using ACPI (MADT) for SMP configuration information
[    0.131855] ACPI: HPET id: 0x8086a201 base: 0xfed00000
[    0.131858] smpboot: Allowing 8 CPUs, 0 hotplug CPUs
[    0.131871] PM: Registered nosave memory: [mem 0x00000000-0x00000fff]
[    0.131872] PM: Registered nosave memory: [mem 0x00058000-0x00058fff]
[    0.131873] PM: Registered nosave memory: [mem 0x000a0000-0x000bffff]
[    0.131873] PM: Registered nosave memory: [mem 0x000c0000-0x000fffff]
[    0.131874] PM: Registered nosave memory: [mem 0x66282000-0x66282fff]
[    0.131875] PM: Registered nosave memory: [mem 0x66282000-0x66282fff]
[    0.131876] PM: Registered nosave memory: [mem 0x78d01000-0x78d48fff]
[    0.131877] PM: Registered nosave memory: [mem 0x78d5d000-0x78d8efff]
[    0.131878] PM: Registered nosave memory: [mem 0x78e3a000-0x78e8efff]
[    0.131879] PM: Registered nosave memory: [mem 0x78ecc000-0x78efefff]
[    0.131880] PM: Registered nosave memory: [mem 0x78f85000-0x78fdefff]
[    0.131881] PM: Registered nosave memory: [mem 0x79000000-0x7f9fffff]
[    0.131882] PM: Registered nosave memory: [mem 0x7fa00000-0xe00f7fff]
[    0.131882] PM: Registered nosave memory: [mem 0xe00f8000-0xe00f8fff]
[    0.131882] PM: Registered nosave memory: [mem 0xe00f9000-0xfed1bfff]
[    0.131883] PM: Registered nosave memory: [mem 0xfed1c000-0xfed1ffff]
[    0.131883] PM: Registered nosave memory: [mem 0xfed20000-0xffd6ffff]
[    0.131883] PM: Registered nosave memory: [mem 0xffd70000-0xffd9ffff]
[    0.131884] PM: Registered nosave memory: [mem 0xffda0000-0xffffffff]
[    0.131885] [mem 0x7fa00000-0xe00f7fff] available for PCI devices
[    0.131887] Booting paravirtualized kernel on bare hardware
[    0.131889] clocksource: refined-jiffies: mask: 0xffffffff max_cycles: 0xffffffff, max_idle_ns: 1910969940391419 ns
[    0.227053] random: get_random_bytes called from start_kernel+0x93/0x503 with crng_init=0
[    0.227059] setup_percpu: NR_CPUS:64 nr_cpumask_bits:64 nr_cpu_ids:8 nr_node_ids:1
[    0.227230] percpu: Embedded 44 pages/cpu @(____ptrval____) s143360 r8192 d28672 u262144
[    0.227235] pcpu-alloc: s143360 r8192 d28672 u262144 alloc=1*2097152
[    0.227236] pcpu-alloc: [0] 0 1 2 3 4 5 6 7 
[    0.227252] Built 1 zonelists, mobility grouping on.  Total pages: 4097561
[    0.227252] Policy zone: Normal
[    0.227254] Kernel command line: BOOT_IMAGE=/vmlinuz-5.0.0-rc6+ root=/dev/mapper/im--mac-root ro resume=/dev/mapper/im--mac-swap rd.lvm.lv=im-mac/root rd.luks.uuid=luks-dd1fa933-ef9f-402b-a2e4-7c9d6fb7ce0d rd.lvm.lv=im-mac/swap rhgb quiet hid_apple.fnmode=2 hid_apple.iso_layout=0
[    0.271137] Memory: 15844032K/16650504K available (12291K kernel code, 1403K rwdata, 4028K rodata, 2152K init, 4944K bss, 806472K reserved, 0K cma-reserved)
[    0.271238] SLUB: HWalign=64, Order=0-3, MinObjects=0, CPUs=8, Nodes=1
[    0.271242] Kernel/User page tables isolation: enabled
[    0.271254] ftrace: allocating 38170 entries in 150 pages
[    0.283326] rcu: Hierarchical RCU implementation.
[    0.283327] rcu: 	RCU restricting CPUs from NR_CPUS=64 to nr_cpu_ids=8.
[    0.283328] rcu: RCU calculated value of scheduler-enlistment delay is 100 jiffies.
[    0.283328] rcu: Adjusting geometry for rcu_fanout_leaf=16, nr_cpu_ids=8
[    0.285206] NR_IRQS: 4352, nr_irqs: 488, preallocated irqs: 16
[    0.285332] rcu: 	Offload RCU callbacks from CPUs: (none).
[    0.285375] Console: colour dummy device 80x25
[    0.285380] printk: console [tty0] enabled
[    0.285392] ACPI: Core revision 20181213
[    0.285595] clocksource: hpet: mask: 0xffffffff max_cycles: 0xffffffff, max_idle_ns: 133484882848 ns
[    0.285604] hpet clockevent registered
[    0.285607] APIC: Switch to symmetric I/O mode setup
[    0.285609] DMAR: Host address width 39
[    0.285609] DMAR: DRHD base: 0x000000fed90000 flags: 0x0
[    0.285613] DMAR: dmar0: reg_base_addr fed90000 ver 1:0 cap c0000020660462 ecap f0101a
[    0.285613] DMAR: DRHD base: 0x000000fed91000 flags: 0x1
[    0.285615] DMAR: dmar1: reg_base_addr fed91000 ver 1:0 cap d2008c20660462 ecap f010da
[    0.285616] DMAR: RMRR base: 0x00000079800000 end: 0x0000007f9fffff
[    0.285618] DMAR-IR: IOAPIC id 2 under DRHD base  0xfed91000 IOMMU 1
[    0.285619] DMAR-IR: HPET id 0 under DRHD base 0xfed91000
[    0.285619] DMAR-IR: x2apic is disabled because BIOS sets x2apic opt out bit.
[    0.285620] DMAR-IR: Use 'intremap=no_x2apic_optout' to override the BIOS setting.
[    0.285994] DMAR-IR: Enabled IRQ remapping in xapic mode
[    0.285994] x2apic: IRQ remapping doesn't support X2APIC mode
[    0.286367] ..TIMER: vector=0x30 apic1=0 pin1=2 apic2=-1 pin2=-1
[    0.290612] clocksource: tsc-early: mask: 0xffffffffffffffff max_cycles: 0x1fa37e3a27f, max_idle_ns: 440795212633 ns
[    0.290621] Calibrating delay loop (skipped), value calculated using timer frequency.. 4389.86 BogoMIPS (lpj=2194931)
[    0.290623] pid_max: default: 32768 minimum: 301
[    0.300381] LSM: Security Framework initializing
[    0.300382] Yama: becoming mindful.
[    0.300387] SELinux:  Initializing.
[    0.302779] Dentry cache hash table entries: 2097152 (order: 12, 16777216 bytes)
[    0.303958] Inode-cache hash table entries: 1048576 (order: 11, 8388608 bytes)
[    0.304006] Mount-cache hash table entries: 32768 (order: 6, 262144 bytes)
[    0.304046] Mountpoint-cache hash table entries: 32768 (order: 6, 262144 bytes)
[    0.304217] ENERGY_PERF_BIAS: Set to 'normal', was 'performance'
[    0.304218] ENERGY_PERF_BIAS: View and update with x86_energy_perf_policy(8)
[    0.304222] mce: CPU supports 10 MCE banks
[    0.304231] mce: CPU0: Thermal monitoring enabled (TM1)
[    0.304243] process: using mwait in idle threads
[    0.304245] Last level iTLB entries: 4KB 1024, 2MB 1024, 4MB 1024
[    0.304245] Last level dTLB entries: 4KB 1024, 2MB 1024, 4MB 1024, 1GB 4
[    0.304247] Spectre V2 : Mitigation: Full generic retpoline
[    0.304247] Spectre V2 : Spectre v2 / SpectreRSB mitigation: Filling RSB on context switch
[    0.304247] Spectre V2 : Enabling Restricted Speculation for firmware calls
[    0.304254] Spectre V2 : mitigation: Enabling conditional Indirect Branch Prediction Barrier
[    0.304254] Spectre V2 : User space: Mitigation: STIBP via seccomp and prctl
[    0.304255] Speculative Store Bypass: Mitigation: Speculative Store Bypass disabled via prctl and seccomp
[    0.304420] Freeing SMP alternatives memory: 36K
[    0.305528] TSC deadline timer enabled
[    0.305531] smpboot: CPU0: Intel(R) Core(TM) i7-4770HQ CPU @ 2.20GHz (family: 0x6, model: 0x46, stepping: 0x1)
[    0.305599] Performance Events: PEBS fmt2+, Haswell events, 16-deep LBR, full-width counters, Intel PMU driver.
[    0.305613] ... version:                3
[    0.305613] ... bit width:              48
[    0.305613] ... generic registers:      4
[    0.305613] ... value mask:             0000ffffffffffff
[    0.305613] ... max period:             00007fffffffffff
[    0.305613] ... fixed-purpose events:   3
[    0.305613] ... event mask:             000000070000000f
[    0.305613] rcu: Hierarchical SRCU implementation.
[    0.305613] random: crng done (trusting CPU's manufacturer)
[    0.305613] NMI watchdog: Enabled. Permanently consumes one hw-PMU counter.
[    0.305648] smp: Bringing up secondary CPUs ...
[    0.305699] x86: Booting SMP configuration:
[    0.305700] .... node  #0, CPUs:      #1 #2 #3 #4 #5 #6 #7
[    0.354618] smp: Brought up 1 node, 8 CPUs
[    0.354619] smpboot: Max logical packages: 1
[    0.354620] smpboot: Total of 8 processors activated (35118.89 BogoMIPS)
[    0.355990] devtmpfs: initialized
[    0.355990] x86/mm: Memory block size: 128MB
[    0.356863] PM: Registering ACPI NVS region [mem 0x78d01000-0x78d48fff] (294912 bytes)
[    0.356863] clocksource: jiffies: mask: 0xffffffff max_cycles: 0xffffffff, max_idle_ns: 1911260446275000 ns
[    0.356863] futex hash table entries: 2048 (order: 5, 131072 bytes)
[    0.356863] pinctrl core: initialized pinctrl subsystem
[    0.356863] RTC time: 21:51:47, date: 2019-02-11
[    0.356950] NET: Registered protocol family 16
[    0.357036] audit: initializing netlink subsys (disabled)
[    0.357040] audit: type=2000 audit(1549921906.071:1): state=initialized audit_enabled=0 res=1
[    0.357040] cpuidle: using governor menu
[    0.357040] ACPI: bus type PCI registered
[    0.357040] acpiphp: ACPI Hot Plug PCI Controller Driver version: 0.5
[    0.357040] PCI: MMCONFIG for domain 0000 [bus 00-9b] at [mem 0xe0000000-0xe9bfffff] (base 0xe0000000)
[    0.357040] PCI: not using MMCONFIG
[    0.357040] PCI: Using configuration type 1 for base access
[    0.357040] core: PMU erratum BJ122, BV98, HSD29 worked around, HT is on
[    0.358636] HugeTLB registered 1.00 GiB page size, pre-allocated 0 pages
[    0.358636] HugeTLB registered 2.00 MiB page size, pre-allocated 0 pages
[    0.358637] cryptd: max_cpu_qlen set to 1000
[    0.358657] ACPI: Disabled all _OSI OS vendors
[    0.358658] ACPI: Added _OSI(Module Device)
[    0.358658] ACPI: Added _OSI(Processor Device)
[    0.358659] ACPI: Added _OSI(3.0 _SCP Extensions)
[    0.358659] ACPI: Added _OSI(Processor Aggregator Device)
[    0.358660] ACPI: Added _OSI(Linux-Dell-Video)
[    0.358661] ACPI: Added _OSI(Linux-Lenovo-NV-HDMI-Audio)
[    0.358661] ACPI: Added _OSI(Linux-HPI-Hybrid-Graphics)
[    0.358662] ACPI: Added _OSI(Darwin)
[    0.370216] ACPI: 10 ACPI AML tables successfully acquired and loaded
[    0.370823] ACPI: EC: EC started
[    0.370823] ACPI: EC: interrupt blocked
[    0.372714] ACPI: \: Used as first EC
[    0.372716] ACPI: \: GPE=0x17, EC_CMD/EC_SC=0x66, EC_DATA=0x62
[    0.372717] ACPI: \: Used as boot ECDT EC to handle transactions
[    0.373425] ACPI: BIOS _OSI(Darwin) query honored via DMI
[    0.373949] ACPI: [Firmware Bug]: BIOS _OSI(Linux) query ignored
[    0.374063] ACPI Error: Needed type [Reference], found [Integer] 000000002571e3ab (20181213/exresop-69)
[    0.374066] ACPI Error: AE_AML_OPERAND_TYPE, While resolving operands for [OpcodeName unavailable] (20181213/dswexec-427)
[    0.374069] ACPI Error: Method parse/execution failed \_PR.CPU0._PDC, AE_AML_OPERAND_TYPE (20181213/psparse-531)
[    0.374257] ACPI: Dynamic OEM Table Load:
[    0.374262] ACPI: SSDT 0xFFFF88CFECB4F000 00067C (v01 PmRef  ApIst    00003000 INTL 20140424)
[    0.374642] ACPI: Dynamic OEM Table Load:
[    0.374646] ACPI: SSDT 0xFFFF88CFECB9A000 000119 (v01 PmRef  ApCst    00003000 INTL 20140424)
[    0.375723] ACPI: Interpreter enabled
[    0.375738] ACPI: (supports S0 S3 S4 S5)
[    0.375739] ACPI: Using IOAPIC for interrupt routing
[    0.375756] PCI: MMCONFIG for domain 0000 [bus 00-9b] at [mem 0xe0000000-0xe9bfffff] (base 0xe0000000)
[    0.376120] PCI: MMCONFIG at [mem 0xe0000000-0xe9bfffff] reserved in ACPI motherboard resources
[    0.376128] PCI: Using host bridge windows from ACPI; if necessary, use "pci=nocrs" and report a bug
[    0.376305] ACPI: Enabled 7 GPEs in block 00 to 3F
[    0.383573] ACPI: PCI Root Bridge [PCI0] (domain 0000 [bus 00-ff])
[    0.383577] acpi PNP0A08:00: _OSC: OS assumes control of [PCIeHotplug SHPCHotplug AER PCIeCapability LTR]
[    0.383586] acpi PNP0A08:00: [Firmware Info]: MMCONFIG for domain 0000 [bus 00-9b] only partially covers this bridge
[    0.383790] PCI host bridge to bus 0000:00
[    0.383792] pci_bus 0000:00: root bus resource [io  0x0000-0x0cf7 window]
[    0.383793] pci_bus 0000:00: root bus resource [io  0x0d00-0xffff window]
[    0.383794] pci_bus 0000:00: root bus resource [mem 0x000a0000-0x000bffff window]
[    0.383795] pci_bus 0000:00: root bus resource [mem 0x000c0000-0x000c3fff window]
[    0.383796] pci_bus 0000:00: root bus resource [mem 0x000c4000-0x000c7fff window]
[    0.383797] pci_bus 0000:00: root bus resource [mem 0x000c8000-0x000cbfff window]
[    0.383798] pci_bus 0000:00: root bus resource [mem 0x000cc000-0x000cffff window]
[    0.383798] pci_bus 0000:00: root bus resource [mem 0x000d0000-0x000d3fff window]
[    0.383799] pci_bus 0000:00: root bus resource [mem 0x000d4000-0x000d7fff window]
[    0.383800] pci_bus 0000:00: root bus resource [mem 0x000d8000-0x000dbfff window]
[    0.383801] pci_bus 0000:00: root bus resource [mem 0x000dc000-0x000dffff window]
[    0.383802] pci_bus 0000:00: root bus resource [mem 0x000e0000-0x000e3fff window]
[    0.383803] pci_bus 0000:00: root bus resource [mem 0x000e4000-0x000e7fff window]
[    0.383804] pci_bus 0000:00: root bus resource [mem 0x000e8000-0x000ebfff window]
[    0.383805] pci_bus 0000:00: root bus resource [mem 0x000ec000-0x000effff window]
[    0.383806] pci_bus 0000:00: root bus resource [mem 0x000f0000-0x000fffff window]
[    0.383807] pci_bus 0000:00: root bus resource [mem 0x7fa00000-0xfeafffff window]
[    0.383808] pci_bus 0000:00: root bus resource [mem 0xfed40000-0xfed44fff window]
[    0.383809] pci_bus 0000:00: root bus resource [bus 00-ff]
[    0.383815] pci 0000:00:00.0: [8086:0d04] type 00 class 0x060000
[    0.383881] pci 0000:00:01.0: [8086:0d01] type 01 class 0x060400
[    0.383912] pci 0000:00:01.0: PME# supported from D0 D3hot D3cold
[    0.383958] pci 0000:00:01.1: [8086:0d05] type 01 class 0x060400
[    0.383986] pci 0000:00:01.1: PME# supported from D0 D3hot D3cold
[    0.384056] pci 0000:00:02.0: [8086:0d26] type 00 class 0x030000
[    0.384065] pci 0000:00:02.0: reg 0x10: [mem 0xa0000000-0xa03fffff 64bit]
[    0.384069] pci 0000:00:02.0: reg 0x18: [mem 0x90000000-0x9fffffff 64bit pref]
[    0.384073] pci 0000:00:02.0: reg 0x20: [io  0x3000-0x303f]
[    0.384082] pci 0000:00:02.0: BAR 2: assigned to efifb
[    0.384130] pci 0000:00:03.0: [8086:0d0c] type 00 class 0x040300
[    0.384138] pci 0000:00:03.0: reg 0x10: [mem 0xa0c10000-0xa0c13fff 64bit]
[    0.384216] pci 0000:00:14.0: [8086:8c31] type 00 class 0x0c0330
[    0.384234] pci 0000:00:14.0: reg 0x10: [mem 0xa0c00000-0xa0c0ffff 64bit]
[    0.384285] pci 0000:00:14.0: PME# supported from D3hot D3cold
[    0.384361] pci 0000:00:16.0: [8086:8c3a] type 00 class 0x078000
[    0.384380] pci 0000:00:16.0: reg 0x10: [mem 0xa0c19100-0xa0c1910f 64bit]
[    0.384433] pci 0000:00:16.0: PME# supported from D0 D3hot D3cold
[    0.384490] pci 0000:00:1b.0: [8086:8c20] type 00 class 0x040300
[    0.384507] pci 0000:00:1b.0: reg 0x10: [mem 0xa0c14000-0xa0c17fff 64bit]
[    0.384565] pci 0000:00:1b.0: PME# supported from D0 D3hot D3cold
[    0.384613] pci 0000:00:1c.0: [8086:8c10] type 01 class 0x060400
[    0.384661] pci 0000:00:1c.0: claimed MacBook Pro poweroff workaround [mem 0x7fa00000-0x7fbfffff]
[    0.384706] pci 0000:00:1c.0: PME# supported from D0 D3hot D3cold
[    0.384766] pci 0000:00:1c.2: [8086:8c14] type 01 class 0x060400
[    0.384834] pci 0000:00:1c.2: PME# supported from D0 D3hot D3cold
[    0.384890] pci 0000:00:1c.3: [8086:8c16] type 01 class 0x060400
[    0.384959] pci 0000:00:1c.3: PME# supported from D0 D3hot D3cold
[    0.385021] pci 0000:00:1f.0: [8086:8c4b] type 00 class 0x060100
[    0.385155] pci 0000:00:1f.3: [8086:8c22] type 00 class 0x0c0500
[    0.385171] pci 0000:00:1f.3: reg 0x10: [mem 0xa0c19000-0xa0c190ff 64bit]
[    0.385188] pci 0000:00:1f.3: reg 0x20: [io  0xefa0-0xefbf]
[    0.385245] pci 0000:00:1f.6: [8086:8c24] type 00 class 0x118000
[    0.385264] pci 0000:00:1f.6: reg 0x10: [mem 0xa0c18000-0xa0c18fff 64bit]
[    0.385413] pci 0000:01:00.0: [144d:a801] type 00 class 0x010601
[    0.385447] pci 0000:01:00.0: reg 0x24: [mem 0xa0b00000-0xa0b01fff]
[    0.385572] pci 0000:00:01.0: PCI bridge to [bus 01]
[    0.385575] pci 0000:00:01.0:   bridge window [mem 0xa0b00000-0xa0bfffff]
[    0.385623] pci 0000:05:00.0: [8086:156d] type 01 class 0x060400
[    0.385702] pci 0000:05:00.0: supports D1 D2
[    0.385703] pci 0000:05:00.0: PME# supported from D0 D1 D2 D3hot D3cold
[    0.385789] pci 0000:00:01.1: PCI bridge to [bus 05-9b]
[    0.385791] pci 0000:00:01.1:   bridge window [io  0x4000-0x6fff]
[    0.385792] pci 0000:00:01.1:   bridge window [mem 0xa0d00000-0xacdfffff]
[    0.385795] pci 0000:00:01.1:   bridge window [mem 0xace00000-0xb8dfffff 64bit pref]
[    0.385874] pci 0000:06:00.0: [8086:156d] type 01 class 0x060400
[    0.385963] pci 0000:06:00.0: supports D1 D2
[    0.385963] pci 0000:06:00.0: PME# supported from D0 D1 D2 D3hot D3cold
[    0.386025] pci 0000:06:03.0: [8086:156d] type 01 class 0x060400
[    0.386112] pci 0000:06:03.0: supports D1 D2
[    0.386113] pci 0000:06:03.0: PME# supported from D0 D1 D2 D3hot D3cold
[    0.386171] pci 0000:06:04.0: [8086:156d] type 01 class 0x060400
[    0.386258] pci 0000:06:04.0: supports D1 D2
[    0.386259] pci 0000:06:04.0: PME# supported from D0 D1 D2 D3hot D3cold
[    0.386318] pci 0000:06:05.0: [8086:156d] type 01 class 0x060400
[    0.386405] pci 0000:06:05.0: supports D1 D2
[    0.386406] pci 0000:06:05.0: PME# supported from D0 D1 D2 D3hot D3cold
[    0.386464] pci 0000:06:06.0: [8086:156d] type 01 class 0x060400
[    0.386550] pci 0000:06:06.0: supports D1 D2
[    0.386551] pci 0000:06:06.0: PME# supported from D0 D1 D2 D3hot D3cold
[    0.386620] pci 0000:05:00.0: PCI bridge to [bus 06-6b]
[    0.386624] pci 0000:05:00.0:   bridge window [io  0x4000-0x5fff]
[    0.386627] pci 0000:05:00.0:   bridge window [mem 0xa0d00000-0xa8dfffff]
[    0.386630] pci 0000:05:00.0:   bridge window [mem 0xace00000-0xb4dfffff 64bit pref]
[    0.386678] pci 0000:07:00.0: [8086:156c] type 00 class 0x088000
[    0.386702] pci 0000:07:00.0: reg 0x10: [mem 0xa0d00000-0xa0d3ffff]
[    0.386711] pci 0000:07:00.0: reg 0x14: [mem 0xa0d40000-0xa0d40fff]
[    0.386830] pci 0000:07:00.0: supports D1 D2
[    0.386831] pci 0000:07:00.0: PME# supported from D0 D1 D2 D3hot D3cold
[    0.386972] pci 0000:06:00.0: PCI bridge to [bus 07]
[    0.386977] pci 0000:06:00.0:   bridge window [mem 0xa0d00000-0xa0dfffff]
[    0.387031] pci 0000:06:03.0: PCI bridge to [bus 08-38]
[    0.387035] pci 0000:06:03.0:   bridge window [io  0x4000-0x4fff]
[    0.387038] pci 0000:06:03.0:   bridge window [mem 0xa0e00000-0xa4dfffff]
[    0.387042] pci 0000:06:03.0:   bridge window [mem 0xace00000-0xb0dfffff 64bit pref]
[    0.387091] pci 0000:06:04.0: PCI bridge to [bus 39]
[    0.387146] pci 0000:06:05.0: PCI bridge to [bus 3a-6a]
[    0.387150] pci 0000:06:05.0:   bridge window [io  0x5000-0x5fff]
[    0.387152] pci 0000:06:05.0:   bridge window [mem 0xa4e00000-0xa8dfffff]
[    0.387156] pci 0000:06:05.0:   bridge window [mem 0xb0e00000-0xb4dfffff 64bit pref]
[    0.387183] pci 0000:06:06.0: PCI bridge to [bus 6b]
[    0.387249] pci 0000:00:1c.0: PCI bridge to [bus 02]
[    0.387343] pci 0000:03:00.0: [14e4:43ba] type 00 class 0x028000
[    0.387406] pci 0000:03:00.0: reg 0x10: [mem 0xa0800000-0xa0807fff 64bit]
[    0.387433] pci 0000:03:00.0: reg 0x18: [mem 0xa0400000-0xa07fffff 64bit]
[    0.387639] pci 0000:03:00.0: supports D1 D2
[    0.387640] pci 0000:03:00.0: PME# supported from D0 D1 D2 D3hot D3cold
[    0.387868] pci 0000:00:1c.2: PCI bridge to [bus 03]
[    0.387873] pci 0000:00:1c.2:   bridge window [mem 0xa0400000-0xa08fffff]
[    0.387933] pci 0000:04:00.0: [14e4:1570] type 00 class 0x048000
[    0.387965] pci 0000:04:00.0: reg 0x10: [mem 0xa0a00000-0xa0a0ffff 64bit]
[    0.387979] pci 0000:04:00.0: reg 0x18: [mem 0x80000000-0x8fffffff 64bit pref]
[    0.387993] pci 0000:04:00.0: reg 0x20: [mem 0xa0900000-0xa09fffff 64bit]
[    0.388079] pci 0000:04:00.0: supports D1
[    0.388080] pci 0000:04:00.0: PME# supported from D0 D3hot
[    0.388186] pci 0000:00:1c.3: PCI bridge to [bus 04]
[    0.388191] pci 0000:00:1c.3:   bridge window [mem 0xa0900000-0xa0afffff]
[    0.388195] pci 0000:00:1c.3:   bridge window [mem 0x80000000-0x8fffffff 64bit pref]
[    0.388925] ACPI: PCI Interrupt Link [LNKA] (IRQs 1 3 4 5 6 7 10 12 14 15) *0, disabled.
[    0.388968] ACPI: PCI Interrupt Link [LNKB] (IRQs 1 3 4 5 6 7 11 12 14 15) *0, disabled.
[    0.389008] ACPI: PCI Interrupt Link [LNKC] (IRQs 1 3 4 5 6 7 10 12 14 15) *0, disabled.
[    0.389049] ACPI: PCI Interrupt Link [LNKD] (IRQs 1 3 4 5 6 7 11 12 14 15) *0, disabled.
[    0.389090] ACPI: PCI Interrupt Link [LNKE] (IRQs 1 3 4 5 6 7 10 12 14 15) *0, disabled.
[    0.389131] ACPI: PCI Interrupt Link [LNKF] (IRQs 1 3 4 5 6 7 11 12 14 15) *0, disabled.
[    0.389171] ACPI: PCI Interrupt Link [LNKG] (IRQs 1 3 4 5 6 7 10 12 14 15) *0, disabled.
[    0.389217] ACPI: PCI Interrupt Link [LNKH] (IRQs 1 3 4 5 6 7 11 12 14 15) *0, disabled.
[    0.389354] ACPI: EC: interrupt unblocked
[    0.389371] ACPI: EC: event unblocked
[    0.389376] ACPI: \_SB_.PCI0.LPCB.EC__: GPE=0x17, EC_CMD/EC_SC=0x66, EC_DATA=0x62
[    0.389377] ACPI: \_SB_.PCI0.LPCB.EC__: Used as boot DSDT EC to handle transactions and events
[    0.389419] pci 0000:00:02.0: vgaarb: setting as boot VGA device
[    0.389419] pci 0000:00:02.0: vgaarb: VGA device added: decodes=io+mem,owns=io+mem,locks=none
[    0.389419] pci 0000:00:02.0: vgaarb: bridge control possible
[    0.389419] vgaarb: loaded
[    0.389419] SCSI subsystem initialized
[    0.389419] libata version 3.00 loaded.
[    0.389419] ACPI: bus type USB registered
[    0.389419] usbcore: registered new interface driver usbfs
[    0.389419] usbcore: registered new interface driver hub
[    0.389419] usbcore: registered new device driver usb
[    0.389419] pps_core: LinuxPPS API ver. 1 registered
[    0.389419] pps_core: Software ver. 5.3.6 - Copyright 2005-2007 Rodolfo Giometti <giometti@linux.it>
[    0.389419] PTP clock support registered
[    0.389624] EDAC MC: Ver: 3.0.0
[    0.389718] Registered efivars operations
[    0.418635] PCI: Using ACPI for IRQ routing
[    0.422066] PCI: pci_cache_line_size set to 64 bytes
[    0.422165] e820: reserve RAM buffer [mem 0x00058000-0x0005ffff]
[    0.422166] e820: reserve RAM buffer [mem 0x66282710-0x67ffffff]
[    0.422166] e820: reserve RAM buffer [mem 0x78d01000-0x7bffffff]
[    0.422168] e820: reserve RAM buffer [mem 0x78d5d000-0x7bffffff]
[    0.422169] e820: reserve RAM buffer [mem 0x78e3a000-0x7bffffff]
[    0.422170] e820: reserve RAM buffer [mem 0x78ecc000-0x7bffffff]
[    0.422171] e820: reserve RAM buffer [mem 0x78f85000-0x7bffffff]
[    0.422171] e820: reserve RAM buffer [mem 0x79000000-0x7bffffff]
[    0.422172] e820: reserve RAM buffer [mem 0x47f600000-0x47fffffff]
[    0.422235] NetLabel: Initializing
[    0.422235] NetLabel:  domain hash size = 128
[    0.422236] NetLabel:  protocols = UNLABELED CIPSOv4 CALIPSO
[    0.422246] NetLabel:  unlabeled traffic allowed by default
[    0.422249] hpet0: at MMIO 0xfed00000, IRQs 2, 8, 0, 0, 0, 0, 0, 0
[    0.422249] hpet0: 8 comparators, 64-bit 14.318180 MHz counter
[    0.423630] clocksource: Switched to clocksource tsc-early
[    0.433243] VFS: Disk quotas dquot_6.6.0
[    0.433259] VFS: Dquot-cache hash table entries: 512 (order 0, 4096 bytes)
[    0.433304] pnp: PnP ACPI init
[    0.433958] system 00:00: [mem 0xfed00000-0xfed03fff] has been reserved
[    0.433962] system 00:00: Plug and Play ACPI device, IDs PNP0103 PNP0c01 (active)
[    0.433994] system 00:01: [io  0xffff] has been reserved
[    0.433995] system 00:01: [io  0x1800-0x187f] has been reserved
[    0.433998] system 00:01: [io  0x0800-0x087f] has been reserved
[    0.434000] system 00:01: Plug and Play ACPI device, IDs PNP0c02 (active)
[    0.434013] pnp 00:02: Plug and Play ACPI device, IDs PNP0b00 (active)
[    0.434058] pnp 00:03: Plug and Play ACPI device, IDs APP000b (active)
[    0.434157] system 00:04: [mem 0xfed1c000-0xfed1ffff] has been reserved
[    0.434158] system 00:04: [mem 0xfed10000-0xfed17fff] has been reserved
[    0.434159] system 00:04: [mem 0xfed18000-0xfed18fff] has been reserved
[    0.434160] system 00:04: [mem 0xfed19000-0xfed19fff] has been reserved
[    0.434162] system 00:04: [mem 0xe0000000-0xefffffff] could not be reserved
[    0.434163] system 00:04: [mem 0xfed20000-0xfed3ffff] has been reserved
[    0.434164] system 00:04: [mem 0xfed90000-0xfed93fff] could not be reserved
[    0.434165] system 00:04: [mem 0xfed45000-0xfed8ffff] has been reserved
[    0.434166] system 00:04: [mem 0xff000000-0xffffffff] could not be reserved
[    0.434167] system 00:04: [mem 0xfee00000-0xfeefffff] has been reserved
[    0.434170] system 00:04: Plug and Play ACPI device, IDs PNP0c02 (active)
[    0.434206] system 00:05: [mem 0x20000000-0x201fffff] could not be reserved
[    0.434207] system 00:05: [mem 0x40000000-0x401fffff] could not be reserved
[    0.434209] system 00:05: Plug and Play ACPI device, IDs PNP0c01 (active)
[    0.434321] pnp: PnP ACPI: found 6 devices
[    0.435130] pci 0000:07:00.0: assigning 8 device properties
[    0.435139] pci 0000:00:1b.0: assigning 4 device properties
[    0.435144] pci 0000:00:02.0: assigning 2 device properties
[    0.439714] clocksource: acpi_pm: mask: 0xffffff max_cycles: 0xffffff, max_idle_ns: 2085701024 ns
[    0.439746] pci 0000:06:00.0: bridge window [io  0x1000-0x0fff] to [bus 07] add_size 1000
[    0.439748] pci 0000:06:00.0: bridge window [mem 0x00100000-0x000fffff 64bit pref] to [bus 07] add_size 200000 add_align 100000
[    0.439759] pci 0000:06:04.0: bridge window [io  0x1000-0x0fff] to [bus 39] add_size 1000
[    0.439760] pci 0000:06:04.0: bridge window [mem 0x00100000-0x000fffff 64bit pref] to [bus 39] add_size 200000 add_align 100000
[    0.439762] pci 0000:06:04.0: bridge window [mem 0x00100000-0x000fffff] to [bus 39] add_size 200000 add_align 100000
[    0.439772] pci 0000:06:06.0: bridge window [io  0x1000-0x0fff] to [bus 6b] add_size 1000
[    0.439774] pci 0000:06:06.0: bridge window [mem 0x00100000-0x000fffff 64bit pref] to [bus 6b] add_size 200000 add_align 100000
[    0.439775] pci 0000:06:06.0: bridge window [mem 0x00100000-0x000fffff] to [bus 6b] add_size 200000 add_align 100000
[    0.439793] pci 0000:00:1c.0: bridge window [io  0x1000-0x0fff] to [bus 02] add_size 1000
[    0.439794] pci 0000:00:1c.0: bridge window [mem 0x00100000-0x000fffff 64bit pref] to [bus 02] add_size 200000 add_align 100000
[    0.439795] pci 0000:00:1c.0: bridge window [mem 0x00100000-0x000fffff] to [bus 02] add_size 200000 add_align 100000
[    0.439813] pci 0000:00:1c.0: BAR 14: assigned [mem 0x7fc00000-0x7fdfffff]
[    0.439820] pci 0000:00:1c.0: BAR 15: assigned [mem 0x7fe00000-0x7fffffff 64bit pref]
[    0.439822] pci 0000:00:1c.0: BAR 13: assigned [io  0x2000-0x2fff]
[    0.439824] pci 0000:00:01.0: PCI bridge to [bus 01]
[    0.439826] pci 0000:00:01.0:   bridge window [mem 0xa0b00000-0xa0bfffff]
[    0.439834] pci 0000:06:00.0: BAR 15: no space for [mem size 0x00200000 64bit pref]
[    0.439835] pci 0000:06:00.0: BAR 15: failed to assign [mem size 0x00200000 64bit pref]
[    0.439837] pci 0000:06:04.0: BAR 14: no space for [mem size 0x00200000]
[    0.439838] pci 0000:06:04.0: BAR 14: failed to assign [mem size 0x00200000]
[    0.439839] pci 0000:06:04.0: BAR 15: no space for [mem size 0x00200000 64bit pref]
[    0.439840] pci 0000:06:04.0: BAR 15: failed to assign [mem size 0x00200000 64bit pref]
[    0.439841] pci 0000:06:06.0: BAR 14: no space for [mem size 0x00200000]
[    0.439842] pci 0000:06:06.0: BAR 14: failed to assign [mem size 0x00200000]
[    0.439844] pci 0000:06:06.0: BAR 15: no space for [mem size 0x00200000 64bit pref]
[    0.439845] pci 0000:06:06.0: BAR 15: failed to assign [mem size 0x00200000 64bit pref]
[    0.439846] pci 0000:06:00.0: BAR 13: no space for [io  size 0x1000]
[    0.439847] pci 0000:06:00.0: BAR 13: failed to assign [io  size 0x1000]
[    0.439848] pci 0000:06:04.0: BAR 13: no space for [io  size 0x1000]
[    0.439849] pci 0000:06:04.0: BAR 13: failed to assign [io  size 0x1000]
[    0.439850] pci 0000:06:06.0: BAR 13: no space for [io  size 0x1000]
[    0.439851] pci 0000:06:06.0: BAR 13: failed to assign [io  size 0x1000]
[    0.439853] pci 0000:06:06.0: BAR 14: no space for [mem size 0x00200000]
[    0.439854] pci 0000:06:06.0: BAR 14: failed to assign [mem size 0x00200000]
[    0.439856] pci 0000:06:06.0: BAR 15: no space for [mem size 0x00200000 64bit pref]
[    0.439857] pci 0000:06:06.0: BAR 15: failed to assign [mem size 0x00200000 64bit pref]
[    0.439858] pci 0000:06:06.0: BAR 13: no space for [io  size 0x1000]
[    0.439859] pci 0000:06:06.0: BAR 13: failed to assign [io  size 0x1000]
[    0.439860] pci 0000:06:04.0: BAR 14: no space for [mem size 0x00200000]
[    0.439861] pci 0000:06:04.0: BAR 14: failed to assign [mem size 0x00200000]
[    0.439862] pci 0000:06:04.0: BAR 15: no space for [mem size 0x00200000 64bit pref]
[    0.439863] pci 0000:06:04.0: BAR 15: failed to assign [mem size 0x00200000 64bit pref]
[    0.439864] pci 0000:06:04.0: BAR 13: no space for [io  size 0x1000]
[    0.439865] pci 0000:06:04.0: BAR 13: failed to assign [io  size 0x1000]
[    0.439867] pci 0000:06:00.0: BAR 15: no space for [mem size 0x00200000 64bit pref]
[    0.439868] pci 0000:06:00.0: BAR 15: failed to assign [mem size 0x00200000 64bit pref]
[    0.439869] pci 0000:06:00.0: BAR 13: no space for [io  size 0x1000]
[    0.439870] pci 0000:06:00.0: BAR 13: failed to assign [io  size 0x1000]
[    0.439871] pci 0000:06:00.0: PCI bridge to [bus 07]
[    0.439874] pci 0000:06:00.0:   bridge window [mem 0xa0d00000-0xa0dfffff]
[    0.439880] pci 0000:06:03.0: PCI bridge to [bus 08-38]
[    0.439882] pci 0000:06:03.0:   bridge window [io  0x4000-0x4fff]
[    0.439885] pci 0000:06:03.0:   bridge window [mem 0xa0e00000-0xa4dfffff]
[    0.439888] pci 0000:06:03.0:   bridge window [mem 0xace00000-0xb0dfffff 64bit pref]
[    0.439892] pci 0000:06:04.0: PCI bridge to [bus 39]
[    0.439900] pci 0000:06:05.0: PCI bridge to [bus 3a-6a]
[    0.439902] pci 0000:06:05.0:   bridge window [io  0x5000-0x5fff]
[    0.439905] pci 0000:06:05.0:   bridge window [mem 0xa4e00000-0xa8dfffff]
[    0.439907] pci 0000:06:05.0:   bridge window [mem 0xb0e00000-0xb4dfffff 64bit pref]
[    0.439911] pci 0000:06:06.0: PCI bridge to [bus 6b]
[    0.439919] pci 0000:05:00.0: PCI bridge to [bus 06-6b]
[    0.439921] pci 0000:05:00.0:   bridge window [io  0x4000-0x5fff]
[    0.439924] pci 0000:05:00.0:   bridge window [mem 0xa0d00000-0xa8dfffff]
[    0.439926] pci 0000:05:00.0:   bridge window [mem 0xace00000-0xb4dfffff 64bit pref]
[    0.439930] pci 0000:00:01.1: PCI bridge to [bus 05-9b]
[    0.439931] pci 0000:00:01.1:   bridge window [io  0x4000-0x6fff]
[    0.439933] pci 0000:00:01.1:   bridge window [mem 0xa0d00000-0xacdfffff]
[    0.439935] pci 0000:00:01.1:   bridge window [mem 0xace00000-0xb8dfffff 64bit pref]
[    0.439938] pci 0000:00:1c.0: PCI bridge to [bus 02]
[    0.439945] pci 0000:00:1c.0:   bridge window [io  0x2000-0x2fff]
[    0.439949] pci 0000:00:1c.0:   bridge window [mem 0x7fc00000-0x7fdfffff]
[    0.439952] pci 0000:00:1c.0:   bridge window [mem 0x7fe00000-0x7fffffff 64bit pref]
[    0.439957] pci 0000:00:1c.2: PCI bridge to [bus 03]
[    0.439961] pci 0000:00:1c.2:   bridge window [mem 0xa0400000-0xa08fffff]
[    0.439968] pci 0000:00:1c.3: PCI bridge to [bus 04]
[    0.439972] pci 0000:00:1c.3:   bridge window [mem 0xa0900000-0xa0afffff]
[    0.439975] pci 0000:00:1c.3:   bridge window [mem 0x80000000-0x8fffffff 64bit pref]
[    0.439981] pci_bus 0000:00: resource 4 [io  0x0000-0x0cf7 window]
[    0.439982] pci_bus 0000:00: resource 5 [io  0x0d00-0xffff window]
[    0.439983] pci_bus 0000:00: resource 6 [mem 0x000a0000-0x000bffff window]
[    0.439984] pci_bus 0000:00: resource 7 [mem 0x000c0000-0x000c3fff window]
[    0.439985] pci_bus 0000:00: resource 8 [mem 0x000c4000-0x000c7fff window]
[    0.439986] pci_bus 0000:00: resource 9 [mem 0x000c8000-0x000cbfff window]
[    0.439987] pci_bus 0000:00: resource 10 [mem 0x000cc000-0x000cffff window]
[    0.439988] pci_bus 0000:00: resource 11 [mem 0x000d0000-0x000d3fff window]
[    0.439989] pci_bus 0000:00: resource 12 [mem 0x000d4000-0x000d7fff window]
[    0.439990] pci_bus 0000:00: resource 13 [mem 0x000d8000-0x000dbfff window]
[    0.439991] pci_bus 0000:00: resource 14 [mem 0x000dc000-0x000dffff window]
[    0.439991] pci_bus 0000:00: resource 15 [mem 0x000e0000-0x000e3fff window]
[    0.439992] pci_bus 0000:00: resource 16 [mem 0x000e4000-0x000e7fff window]
[    0.439993] pci_bus 0000:00: resource 17 [mem 0x000e8000-0x000ebfff window]
[    0.439994] pci_bus 0000:00: resource 18 [mem 0x000ec000-0x000effff window]
[    0.439995] pci_bus 0000:00: resource 19 [mem 0x000f0000-0x000fffff window]
[    0.439996] pci_bus 0000:00: resource 20 [mem 0x7fa00000-0xfeafffff window]
[    0.439997] pci_bus 0000:00: resource 21 [mem 0xfed40000-0xfed44fff window]
[    0.439998] pci_bus 0000:01: resource 1 [mem 0xa0b00000-0xa0bfffff]
[    0.439999] pci_bus 0000:05: resource 0 [io  0x4000-0x6fff]
[    0.440000] pci_bus 0000:05: resource 1 [mem 0xa0d00000-0xacdfffff]
[    0.440001] pci_bus 0000:05: resource 2 [mem 0xace00000-0xb8dfffff 64bit pref]
[    0.440002] pci_bus 0000:06: resource 0 [io  0x4000-0x5fff]
[    0.440003] pci_bus 0000:06: resource 1 [mem 0xa0d00000-0xa8dfffff]
[    0.440004] pci_bus 0000:06: resource 2 [mem 0xace00000-0xb4dfffff 64bit pref]
[    0.440005] pci_bus 0000:07: resource 1 [mem 0xa0d00000-0xa0dfffff]
[    0.440006] pci_bus 0000:08: resource 0 [io  0x4000-0x4fff]
[    0.440007] pci_bus 0000:08: resource 1 [mem 0xa0e00000-0xa4dfffff]
[    0.440008] pci_bus 0000:08: resource 2 [mem 0xace00000-0xb0dfffff 64bit pref]
[    0.440009] pci_bus 0000:3a: resource 0 [io  0x5000-0x5fff]
[    0.440010] pci_bus 0000:3a: resource 1 [mem 0xa4e00000-0xa8dfffff]
[    0.440011] pci_bus 0000:3a: resource 2 [mem 0xb0e00000-0xb4dfffff 64bit pref]
[    0.440012] pci_bus 0000:02: resource 0 [io  0x2000-0x2fff]
[    0.440013] pci_bus 0000:02: resource 1 [mem 0x7fc00000-0x7fdfffff]
[    0.440014] pci_bus 0000:02: resource 2 [mem 0x7fe00000-0x7fffffff 64bit pref]
[    0.440015] pci_bus 0000:03: resource 1 [mem 0xa0400000-0xa08fffff]
[    0.440016] pci_bus 0000:04: resource 1 [mem 0xa0900000-0xa0afffff]
[    0.440017] pci_bus 0000:04: resource 2 [mem 0x80000000-0x8fffffff 64bit pref]
[    0.440111] NET: Registered protocol family 2
[    0.440225] tcp_listen_portaddr_hash hash table entries: 8192 (order: 5, 131072 bytes)
[    0.440267] TCP established hash table entries: 131072 (order: 8, 1048576 bytes)
[    0.440414] TCP bind hash table entries: 65536 (order: 8, 1048576 bytes)
[    0.440531] TCP: Hash tables configured (established 131072 bind 65536)
[    0.440558] UDP hash table entries: 8192 (order: 6, 262144 bytes)
[    0.440593] UDP-Lite hash table entries: 8192 (order: 6, 262144 bytes)
[    0.440661] NET: Registered protocol family 1
[    0.440664] NET: Registered protocol family 44
[    0.440672] pci 0000:00:02.0: Video device with shadowed ROM at [mem 0x000c0000-0x000dffff]
[    0.440934] PCI: CLS 256 bytes, default 64
[    0.440961] Unpacking initramfs...
[    1.564730] Freeing initrd memory: 92720K
[    1.570665] PCI-DMA: Using software bounce buffering for IO (SWIOTLB)
[    1.570668] software IO TLB: mapped [mem 0x5f070000-0x63070000] (64MB)
[    1.573734] Initialise system trusted keyrings
[    1.573749] Key type blacklist registered
[    1.573802] workingset: timestamp_bits=36 max_order=22 bucket_order=0
[    1.575018] zbud: loaded
[    1.706043] alg: No test for 842 (842-generic)
[    1.706621] alg: No test for 842 (842-scomp)
[    1.726518] NET: Registered protocol family 38
[    1.726521] Key type asymmetric registered
[    1.726521] Asymmetric key parser 'x509' registered
[    1.726531] Block layer SCSI generic (bsg) driver version 0.4 loaded (major 243)
[    1.726562] io scheduler mq-deadline registered
[    1.726621] atomic64_test: passed for x86-64 platform with CX8 and with SSE
[    1.727021] pciehp 0000:00:1c.0:pcie004: Slot #0 AttnBtn- PwrCtrl- MRL- AttnInd- PwrInd- HotPlug+ Surprise+ Interlock- NoCompl+ LLActRep+
[    1.727611] pciehp 0000:06:00.0:pcie204: Slot #0 AttnBtn- PwrCtrl- MRL- AttnInd- PwrInd- HotPlug+ Surprise+ Interlock- NoCompl+ LLActRep+
[    1.727812] pciehp 0000:06:03.0:pcie204: Slot #3 AttnBtn- PwrCtrl- MRL- AttnInd- PwrInd- HotPlug+ Surprise+ Interlock- NoCompl+ LLActRep+
[    1.728011] pciehp 0000:06:04.0:pcie204: Slot #4 AttnBtn- PwrCtrl- MRL- AttnInd- PwrInd- HotPlug+ Surprise+ Interlock- NoCompl+ LLActRep+
[    1.728179] pciehp 0000:06:05.0:pcie204: Slot #5 AttnBtn- PwrCtrl- MRL- AttnInd- PwrInd- HotPlug+ Surprise+ Interlock- NoCompl+ LLActRep+
[    1.728333] pciehp 0000:06:06.0:pcie204: Slot #6 AttnBtn- PwrCtrl- MRL- AttnInd- PwrInd- HotPlug+ Surprise+ Interlock- NoCompl+ LLActRep+
[    1.728417] shpchp: Standard Hot Plug PCI Controller Driver version: 0.4
[    1.728433] efifb: probing for efifb
[    1.728447] efifb: No BGRT, not showing boot graphics
[    1.728448] efifb: framebuffer at 0x90000000, using 20700k, total 20700k
[    1.728449] efifb: mode is 2880x1800x32, linelength=11776, pages=1
[    1.728449] efifb: scrolling: redraw
[    1.728450] efifb: Truecolor: size=8:8:8:8, shift=24:16:8:0
[    1.728481] fbcon: Deferring console take-over
[    1.728482] fb0: EFI VGA frame buffer device
[    1.728487] intel_idle: MWAIT substates: 0x42120
[    1.728488] intel_idle: v0.4.1 model 0x46
[    1.728719] intel_idle: lapic_timer_reliable_states 0xffffffff
[    1.728815] ACPI: AC Adapter [ADP1] (on-line)
[    1.728864] input: Lid Switch as /devices/LNXSYSTM:00/LNXSYBUS:00/PNP0C0D:00/input/input0
[    1.728873] ACPI: Lid Switch [LID0]
[    1.728894] input: Power Button as /devices/LNXSYSTM:00/LNXSYBUS:00/PNP0C0C:00/input/input1
[    1.728899] ACPI: Power Button [PWRB]
[    1.728918] input: Sleep Button as /devices/LNXSYSTM:00/LNXSYBUS:00/PNP0C0E:00/input/input2
[    1.728921] ACPI: Sleep Button [SLPB]
[    1.728939] input: Power Button as /devices/LNXSYSTM:00/LNXPWRBN:00/input/input3
[    1.728944] ACPI: Power Button [PWRF]
[    1.729579] Serial: 8250/16550 driver, 32 ports, IRQ sharing enabled
[    1.730535] Non-volatile memory driver v1.3
[    1.730550] Linux agpgart interface v0.103
[    1.731315] ahci 0000:01:00.0: version 3.0
[    1.761952] ahci 0000:01:00.0: AHCI 0001.0300 32 slots 1 ports 6 Gbps 0x1 impl SATA mode
[    1.761956] ahci 0000:01:00.0: flags: 64bit ncq led clo only pio ccc 
[    1.762457] scsi host0: ahci
[    1.762551] ata1: SATA max UDMA/133 abar m8192@0xa0b00000 port 0xa0b00100 irq 33
[    1.762643] libphy: Fixed MDIO Bus: probed
[    1.762785] ehci_hcd: USB 2.0 'Enhanced' Host Controller (EHCI) Driver
[    1.762789] ehci-pci: EHCI PCI platform driver
[    1.762809] ohci_hcd: USB 1.1 'Open' Host Controller (OHCI) Driver
[    1.762811] ohci-pci: OHCI PCI platform driver
[    1.762819] uhci_hcd: USB Universal Host Controller Interface driver
[    1.762999] xhci_hcd 0000:00:14.0: xHCI Host Controller
[    1.763129] xhci_hcd 0000:00:14.0: new USB bus registered, assigned bus number 1
[    1.764207] xhci_hcd 0000:00:14.0: hcc params 0x200077c1 hci version 0x100 quirks 0x0000000000009810
[    1.764213] xhci_hcd 0000:00:14.0: cache line size of 256 is not supported
[    1.764404] usb usb1: New USB device found, idVendor=1d6b, idProduct=0002, bcdDevice= 5.00
[    1.764405] usb usb1: New USB device strings: Mfr=3, Product=2, SerialNumber=1
[    1.764407] usb usb1: Product: xHCI Host Controller
[    1.764408] usb usb1: Manufacturer: Linux 5.0.0-rc6+ xhci-hcd
[    1.764409] usb usb1: SerialNumber: 0000:00:14.0
[    1.764574] hub 1-0:1.0: USB hub found
[    1.764596] hub 1-0:1.0: 14 ports detected
[    1.764932] xhci_hcd 0000:00:14.0: xHCI Host Controller
[    1.765025] xhci_hcd 0000:00:14.0: new USB bus registered, assigned bus number 2
[    1.765039] xhci_hcd 0000:00:14.0: Host supports USB 3.0  SuperSpeed
[    1.765083] usb usb2: New USB device found, idVendor=1d6b, idProduct=0003, bcdDevice= 5.00
[    1.765084] usb usb2: New USB device strings: Mfr=3, Product=2, SerialNumber=1
[    1.765086] usb usb2: Product: xHCI Host Controller
[    1.765087] usb usb2: Manufacturer: Linux 5.0.0-rc6+ xhci-hcd
[    1.765088] usb usb2: SerialNumber: 0000:00:14.0
[    1.765177] hub 2-0:1.0: USB hub found
[    1.765193] hub 2-0:1.0: 6 ports detected
[    1.765229] usb: port power management may be unreliable
[    1.765364] usbcore: registered new interface driver usbserial_generic
[    1.765368] usbserial: USB Serial support registered for generic
[    1.765387] i8042: PNP: No PS/2 controller found.
[    1.765418] mousedev: PS/2 mouse device common for all mice
[    1.765529] rtc_cmos 00:02: RTC can wake from S4
[    1.765689] rtc_cmos 00:02: registered as rtc0
[    1.765691] rtc_cmos 00:02: alarms up to one month, y3k, 242 bytes nvram, hpet irqs
[    1.765761] device-mapper: uevent: version 1.0.3
[    1.765808] device-mapper: ioctl: 4.39.0-ioctl (2018-04-03) initialised: dm-devel@redhat.com
[    1.765877] intel_pstate: Intel P-state driver initializing
[    1.766344] hidraw: raw HID events driver (C) Jiri Kosina
[    1.766425] usbcore: registered new interface driver usbhid
[    1.766426] usbhid: USB HID core driver
[    1.766709] drop_monitor: Initializing network drop monitor service
[    1.767071] Initializing XFRM netlink socket
[    1.767346] NET: Registered protocol family 10
[    1.776404] Segment Routing with IPv6
[    1.776454] mip6: Mobile IPv6
[    1.776458] NET: Registered protocol family 17
[    1.778050] RAS: Correctable Errors collector initialized.
[    1.778146] microcode: sig=0x40661, pf=0x20, revision=0x1a
[    1.778386] microcode: Microcode Update Driver: v2.2.
[    1.778410] AVX2 version of gcm_enc/dec engaged.
[    1.778412] AES CTR mode by8 optimization enabled
[    1.810594] sched_clock: Marking stable (1810329702, 254942)->(1894631066, -84046422)
[    1.810907] registered taskstats version 1
[    1.810915] Loading compiled-in X.509 certificates
[    1.841699] Loaded X.509 cert 'Build time autogenerated kernel key: 307e4e8a55fe74f83f10b61aeadbf24a5fc6325b'
[    1.841716] zswap: loaded using pool lzo/zbud
[    1.847357] Key type big_key registered
[    1.849945] Key type encrypted registered
[    1.849951] ima: No TPM chip found, activating TPM-bypass!
[    1.849958] ima: Allocated hash algorithm: sha1
[    1.849962] No architecture policies found
[    1.850535]   Magic number: 7:369:904
[    1.850541] usb usb2-port5: hash matches
[    1.850682] rtc_cmos 00:02: setting system clock to 2019-02-11T21:51:48 UTC (1549921908)
[    2.087903] usb 2-4: new SuperSpeed Gen 1 USB device number 2 using xhci_hcd
[    2.092235] ata1: SATA link up 6.0 Gbps (SStatus 133 SControl 300)
[    2.094191] ata1.00: unexpected _GTF length (8)
[    2.094407] ata1.00: ATA-8: APPLE SSD SM0256G, BXW1SA0Q, max UDMA/133
[    2.094421] ata1.00: 490234752 sectors, multi 16: LBA48 NCQ (depth 32), AA
[    2.094840] ata1.00: unexpected _GTF length (8)
[    2.095062] ata1.00: configured for UDMA/133
[    2.095295] scsi 0:0:0:0: Direct-Access     ATA      APPLE SSD SM0256 SA0Q PQ: 0 ANSI: 5
[    2.095538] sd 0:0:0:0: Attached scsi generic sg0 type 0
[    2.095684] sd 0:0:0:0: [sda] 490234752 512-byte logical blocks: (251 GB/234 GiB)
[    2.095687] sd 0:0:0:0: [sda] 4096-byte physical blocks
[    2.095702] sd 0:0:0:0: [sda] Write Protect is off
[    2.095705] sd 0:0:0:0: [sda] Mode Sense: 00 3a 00 00
[    2.095729] sd 0:0:0:0: [sda] Write cache: enabled, read cache: enabled, doesn't support DPO or FUA
[    2.097096]  sda: sda1 sda2 sda3 sda4
[    2.097527] sd 0:0:0:0: [sda] Attached SCSI disk
[    2.098526] Freeing unused decrypted memory: 2040K
[    2.098823] Freeing unused kernel image memory: 2152K
[    2.102484] usb 2-4: New USB device found, idVendor=05ac, idProduct=8406, bcdDevice= 8.20
[    2.102487] usb 2-4: New USB device strings: Mfr=3, Product=4, SerialNumber=5
[    2.102488] usb 2-4: Product: Card Reader
[    2.102490] usb 2-4: Manufacturer: Apple
[    2.102491] usb 2-4: SerialNumber: 000000000820
[    2.106699] Write protecting the kernel read-only data: 18432k
[    2.107223] Freeing unused kernel image memory: 2020K
[    2.107315] Freeing unused kernel image memory: 68K
[    2.114723] x86/mm: Checked W+X mappings: passed, no W+X pages found.
[    2.114727] rodata_test: all tests were successful
[    2.114727] x86/mm: Checking user space page tables
[    2.121502] x86/mm: Checked W+X mappings: passed, no W+X pages found.
[    2.121503] Run /init as init process
[    2.183310] systemd[1]: systemd 239 running in system mode. (+PAM +AUDIT +SELINUX +IMA -APPARMOR +SMACK +SYSVINIT +UTMP +LIBCRYPTSETUP +GCRYPT +GNUTLS +ACL +XZ +LZ4 +SECCOMP +BLKID +ELFUTILS +KMOD +IDN2 -IDN +PCRE2 default-hierarchy=hybrid)
[    2.194767] systemd[1]: Detected architecture x86-64.
[    2.194771] systemd[1]: Running in initial RAM disk.
[    2.198405] systemd[1]: Set hostname to <im-mac>.
[    2.214651] usb 1-8: new full-speed USB device number 2 using xhci_hcd
[    2.252427] systemd[1]: Created slice system-systemd\x2dcryptsetup.slice.
[    2.252461] systemd[1]: Reached target Timers.
[    2.252529] systemd[1]: Listening on udev Control Socket.
[    2.252536] systemd[1]: Reached target Slices.
[    2.252726] systemd[1]: Created slice system-systemd\x2dhibernate\x2dresume.slice.
[    2.252734] systemd[1]: Reached target Swap.
[    2.300833] audit: type=1130 audit(1549921908.949:2): pid=1 uid=0 auid=4294967295 ses=4294967295 subj=kernel msg='unit=systemd-journald comm="systemd" exe="/usr/lib/systemd/systemd" hostname=? addr=? terminal=? res=success'
[    2.303310] audit: type=1130 audit(1549921908.951:3): pid=1 uid=0 auid=4294967295 ses=4294967295 subj=kernel msg='unit=systemd-vconsole-setup comm="systemd" exe="/usr/lib/systemd/systemd" hostname=? addr=? terminal=? res=success'
[    2.303313] audit: type=1131 audit(1549921908.951:4): pid=1 uid=0 auid=4294967295 ses=4294967295 subj=kernel msg='unit=systemd-vconsole-setup comm="systemd" exe="/usr/lib/systemd/systemd" hostname=? addr=? terminal=? res=success'
[    2.345634] usb 1-8: New USB device found, idVendor=05ac, idProduct=8290, bcdDevice= 1.61
[    2.345638] usb 1-8: New USB device strings: Mfr=1, Product=2, SerialNumber=0
[    2.345640] usb 1-8: Product: Bluetooth USB Host Controller
[    2.345643] usb 1-8: Manufacturer: Broadcom Corp.
[    2.348901] input: Broadcom Corp. Bluetooth USB Host Controller as /devices/pci0000:00/0000:00:14.0/usb1/1-8/1-8:1.0/0003:05AC:8290.0001/input/input4
[    2.400836] hid-generic 0003:05AC:8290.0001: input,hidraw0: USB HID v1.11 Keyboard [Broadcom Corp. Bluetooth USB Host Controller] on usb-0000:00:14.0-8/input0
[    2.401400] input: Broadcom Corp. Bluetooth USB Host Controller as /devices/pci0000:00/0000:00:14.0/usb1/1-8/1-8:1.1/0003:05AC:8290.0002/input/input5
[    2.401510] hid-generic 0003:05AC:8290.0002: input,hidraw1: USB HID v1.11 Mouse [Broadcom Corp. Bluetooth USB Host Controller] on usb-0000:00:14.0-8/input1
[    2.474782] audit: type=1130 audit(1549921909.123:5): pid=1 uid=0 auid=4294967295 ses=4294967295 subj=kernel msg='unit=dracut-cmdline comm="systemd" exe="/usr/lib/systemd/systemd" hostname=? addr=? terminal=? res=success'
[    2.506679] audit: type=1130 audit(1549921909.155:6): pid=1 uid=0 auid=4294967295 ses=4294967295 subj=kernel msg='unit=dracut-pre-udev comm="systemd" exe="/usr/lib/systemd/systemd" hostname=? addr=? terminal=? res=success'
[    2.515665] usb 1-12: new full-speed USB device number 3 using xhci_hcd
[    2.524429] audit: type=1130 audit(1549921909.172:7): pid=1 uid=0 auid=4294967295 ses=4294967295 subj=kernel msg='unit=systemd-udevd comm="systemd" exe="/usr/lib/systemd/systemd" hostname=? addr=? terminal=? res=success'
[    2.582505] audit: type=1130 audit(1549921909.230:8): pid=1 uid=0 auid=4294967295 ses=4294967295 subj=kernel msg='unit=systemd-udev-trigger comm="systemd" exe="/usr/lib/systemd/systemd" hostname=? addr=? terminal=? res=success'
[    2.610751] audit: type=1130 audit(1549921909.259:9): pid=1 uid=0 auid=4294967295 ses=4294967295 subj=kernel msg='unit=plymouth-start comm="systemd" exe="/usr/lib/systemd/systemd" hostname=? addr=? terminal=? res=success'
[    2.624985] usb-storage 2-4:1.0: USB Mass Storage device detected
[    2.627356] scsi host1: usb-storage 2-4:1.0
[    2.627457] usbcore: registered new interface driver usb-storage
[    2.634036] usbcore: registered new interface driver uas
[    2.719557] tsc: Refined TSC clocksource calibration: 2194.919 MHz
[    2.719563] clocksource: tsc: mask: 0xffffffffffffffff max_cycles: 0x1fa372fc492, max_idle_ns: 440795285018 ns
[    2.719631] clocksource: Switched to clocksource tsc
[    2.733317] usb 1-12: New USB device found, idVendor=05ac, idProduct=0274, bcdDevice= 6.24
[    2.733320] usb 1-12: New USB device strings: Mfr=1, Product=2, SerialNumber=3
[    2.733322] usb 1-12: Product: Apple Internal Keyboard / Trackpad
[    2.733323] usb 1-12: Manufacturer: Apple Inc.
[    2.733325] usb 1-12: SerialNumber: D3H61830CG1FTV4A16PF
[    2.750285] apple 0003:05AC:0274.0003: hiddev96,hidraw2: USB HID v1.10 Device [Apple Inc. Apple Internal Keyboard / Trackpad] on usb-0000:00:14.0-12/input0
[    2.750523] input: Apple Inc. Apple Internal Keyboard / Trackpad as /devices/pci0000:00/0000:00:14.0/usb1/1-12/1-12:1.1/0003:05AC:0274.0004/input/input6
[    2.768092] audit: type=1130 audit(1549921909.416:10): pid=1 uid=0 auid=4294967295 ses=4294967295 subj=kernel msg='unit=systemd-ask-password-plymouth comm="systemd" exe="/usr/lib/systemd/systemd" hostname=? addr=? terminal=? res=success'
[    2.801860] apple 0003:05AC:0274.0004: input,hiddev97,hidraw3: USB HID v1.10 Keyboard [Apple Inc. Apple Internal Keyboard / Trackpad] on usb-0000:00:14.0-12/input1
[    2.801988] apple 0003:05AC:0274.0005: hiddev98,hidraw4: USB HID v1.10 Device [Apple Inc. Apple Internal Keyboard / Trackpad] on usb-0000:00:14.0-12/input3
[    2.802094] apple 0003:05AC:0274.0006: hiddev99,hidraw5: USB HID v1.10 Device [Apple Inc. Apple Internal Keyboard / Trackpad] on usb-0000:00:14.0-12/input4
[    2.869266] VFIO - User Level meta-driver version: 0.3
[    3.450601] [drm] Found 128MB of eDRAM
[    3.450778] checking generic (90000000 1437000) vs hw (90000000 10000000)
[    3.450779] fb0: switching to inteldrmfb from EFI VGA
[    3.450846] [drm] Replacing VGA console driver
[    3.451211] [drm] Supports vblank timestamp caching Rev 2 (21.10.2013).
[    3.451212] [drm] Driver supports precise vblank timestamp query.
[    3.451247] i915 0000:00:02.0: vgaarb: changed VGA decodes: olddecodes=io+mem,decodes=io+mem:owns=io+mem
[    3.475790] [drm] Initialized i915 1.6.0 20181204 for 0000:00:02.0 on minor 0
[    3.476703] ACPI: Video Device [IGPU] (multi-head: yes  rom: no  post: no)
[    3.477347] acpi device:57: registered as cooling_device8
[    3.477431] input: Video Bus as /devices/LNXSYSTM:00/LNXSYBUS:00/PNP0A08:00/LNXVIDEO:00/input/input7
[    3.483789] fbcon: inteldrmfb (fb0) is primary device
[    3.483790] fbcon: Deferring console take-over
[    3.483792] i915 0000:00:02.0: fb0: inteldrmfb frame buffer device
[    3.648014] scsi 1:0:0:0: Direct-Access     APPLE    SD Card Reader   3.00 PQ: 0 ANSI: 6
[    3.648391] sd 1:0:0:0: Attached scsi generic sg1 type 0
[    3.649587] sd 1:0:0:0: [sdb] Attached SCSI removable disk
[   11.630510] device-mapper: crypt: xts(aes) using implementation "xts-aes-aesni"
[   11.688725] kauditd_printk_skb: 2 callbacks suppressed
[   11.688726] audit: type=1130 audit(1549921918.337:13): pid=1 uid=0 auid=4294967295 ses=4294967295 subj=kernel msg='unit=systemd-cryptsetup@luks\x2ddd1fa933\x2def9f\x2d402b\x2da2e4\x2d7c9d6fb7ce0d comm="systemd" exe="/usr/lib/systemd/systemd" hostname=? addr=? terminal=? res=success'
[   12.235172] PM: Image not found (code -22)
[   12.236083] audit: type=1130 audit(1549921918.884:14): pid=1 uid=0 auid=4294967295 ses=4294967295 subj=kernel msg='unit=systemd-hibernate-resume@dev-mapper-im\x2d\x2dmac\x2dswap comm="systemd" exe="/usr/lib/systemd/systemd" hostname=? addr=? terminal=? res=success'
[   12.236085] audit: type=1131 audit(1549921918.884:15): pid=1 uid=0 auid=4294967295 ses=4294967295 subj=kernel msg='unit=systemd-hibernate-resume@dev-mapper-im\x2d\x2dmac\x2dswap comm="systemd" exe="/usr/lib/systemd/systemd" hostname=? addr=? terminal=? res=success'
[   12.244092] audit: type=1130 audit(1549921918.892:16): pid=1 uid=0 auid=4294967295 ses=4294967295 subj=kernel msg='unit=systemd-tmpfiles-setup comm="systemd" exe="/usr/lib/systemd/systemd" hostname=? addr=? terminal=? res=success'
[   12.253033] audit: type=1130 audit(1549921918.901:17): pid=1 uid=0 auid=4294967295 ses=4294967295 subj=kernel msg='unit=dracut-initqueue comm="systemd" exe="/usr/lib/systemd/systemd" hostname=? addr=? terminal=? res=success'
[   12.269691] audit: type=1130 audit(1549921918.918:18): pid=1 uid=0 auid=4294967295 ses=4294967295 subj=kernel msg='unit=systemd-fsck-root comm="systemd" exe="/usr/lib/systemd/systemd" hostname=? addr=? terminal=? res=success'
[   12.581227] SGI XFS with ACLs, security attributes, scrub, no debug enabled
[   12.584491] XFS (dm-1): Mounting V5 Filesystem
[   12.595194] XFS (dm-1): Ending clean mount
[   12.714312] audit: type=1130 audit(1549921919.362:19): pid=1 uid=0 auid=4294967295 ses=4294967295 subj=kernel msg='unit=initrd-parse-etc comm="systemd" exe="/usr/lib/systemd/systemd" hostname=? addr=? terminal=? res=success'
[   12.714314] audit: type=1131 audit(1549921919.362:20): pid=1 uid=0 auid=4294967295 ses=4294967295 subj=kernel msg='unit=initrd-parse-etc comm="systemd" exe="/usr/lib/systemd/systemd" hostname=? addr=? terminal=? res=success'
[   12.855958] audit: type=1130 audit(1549921919.504:21): pid=1 uid=0 auid=4294967295 ses=4294967295 subj=kernel msg='unit=dracut-pre-pivot comm="systemd" exe="/usr/lib/systemd/systemd" hostname=? addr=? terminal=? res=success'
[   12.869104] audit: type=1131 audit(1549921919.517:22): pid=1 uid=0 auid=4294967295 ses=4294967295 subj=kernel msg='unit=dracut-pre-pivot comm="systemd" exe="/usr/lib/systemd/systemd" hostname=? addr=? terminal=? res=success'
[   12.951067] systemd-journald[309]: Received SIGTERM from PID 1 (systemd).
[   12.982702] printk: systemd: 14 output lines suppressed due to ratelimiting
[   13.441364] SELinux:  Class xdp_socket not defined in policy.
[   13.441365] SELinux: the above unknown classes and permissions will be allowed
[   13.441368] SELinux:  policy capability network_peer_controls=1
[   13.441368] SELinux:  policy capability open_perms=1
[   13.441369] SELinux:  policy capability extended_socket_class=1
[   13.441369] SELinux:  policy capability always_check_network=0
[   13.441369] SELinux:  policy capability cgroup_seclabel=1
[   13.441370] SELinux:  policy capability nnp_nosuid_transition=1
[   13.462075] systemd[1]: Successfully loaded SELinux policy in 393.409ms.
[   13.500785] systemd[1]: Relabelled /dev, /run and /sys/fs/cgroup in 25.085ms.
[   13.503092] systemd[1]: systemd 239 running in system mode. (+PAM +AUDIT +SELINUX +IMA -APPARMOR +SMACK +SYSVINIT +UTMP +LIBCRYPTSETUP +GCRYPT +GNUTLS +ACL +XZ +LZ4 +SECCOMP +BLKID +ELFUTILS +KMOD +IDN2 -IDN +PCRE2 default-hierarchy=hybrid)
[   13.514802] systemd[1]: Detected architecture x86-64.
[   13.516497] systemd[1]: Set hostname to <im-mac>.
[   13.541792] systemd-sysv-generator[913]: stat() failed on /etc/rc.d/init.d/jexec, ignoring: No such file or directory
[   13.720410] systemd[1]: Stopped Switch Root.
[   13.720621] systemd[1]: systemd-journald.service: Service has no hold-off time (RestartSec=0), scheduling restart.
[   13.720690] systemd[1]: systemd-journald.service: Scheduled restart job, restart counter is at 1.
[   13.720708] systemd[1]: Stopped Journal Service.
[   13.721683] systemd[1]: Starting Journal Service...
[   13.722013] systemd[1]: Created slice system-systemd\x2dfsck.slice.
[   13.722493] systemd[1]: Listening on Device-mapper event daemon FIFOs.
[   13.740876] Adding 4194300k swap on /dev/mapper/im--mac-swap.  Priority:-2 extents:1 across:4194300k SSFS
[   13.766744] systemd-journald[919]: Received request to flush runtime journal from PID 1
[   13.928653] apple_gmux: gmux device not present
[   13.939981] smbus_hc ACPI0001:00: SBS HC: offset = 0x20, query_bit = 0x10
[   13.995627] i801_smbus 0000:00:1f.3: SPD Write Disable is set
[   13.996768] i801_smbus 0000:00:1f.3: SMBus using PCI interrupt
[   14.022160] ACPI Warning: SystemIO range 0x0000000000000840-0x000000000000084F conflicts with OpRegion 0x0000000000000800-0x0000000000000863 (\GPIO) (20181213/utaddress-213)
[   14.022166] ACPI: If an ACPI driver is available for this device, you should use it instead of the native driver
[   14.022167] ACPI Warning: SystemIO range 0x0000000000000830-0x000000000000083F conflicts with OpRegion 0x0000000000000800-0x0000000000000863 (\GPIO) (20181213/utaddress-213)
[   14.022170] ACPI: If an ACPI driver is available for this device, you should use it instead of the native driver
[   14.022171] ACPI Warning: SystemIO range 0x0000000000000800-0x000000000000082F conflicts with OpRegion 0x0000000000000810-0x0000000000000813 (\_PR.IO_D) (20181213/utaddress-213)
[   14.022286] ACPI Warning: SystemIO range 0x0000000000000800-0x000000000000082F conflicts with OpRegion 0x0000000000000800-0x0000000000000863 (\GPIO) (20181213/utaddress-213)
[   14.022290] ACPI Warning: SystemIO range 0x0000000000000800-0x000000000000082F conflicts with OpRegion 0x0000000000000810-0x0000000000000813 (\IO_D) (20181213/utaddress-213)
[   14.022293] ACPI Warning: SystemIO range 0x0000000000000800-0x000000000000082F conflicts with OpRegion 0x0000000000000800-0x000000000000080F (\IO_T) (20181213/utaddress-213)
[   14.022296] ACPI: If an ACPI driver is available for this device, you should use it instead of the native driver
[   14.022297] lpc_ich: Resource conflict(s) found affecting gpio_ich
[   14.022605] thunderbolt 0000:07:00.0: 0:1: is unplugged (state: 7)
[   14.022772] thunderbolt 0000:07:00.0: 0:3: is unplugged (state: 7)
[   14.029004] input: bcm5974 as /devices/pci0000:00/0000:00:14.0/usb1/1-12/1-12:1.2/input/input8
[   14.029142] usbcore: registered new interface driver bcm5974
[   14.114403] ACPI: Smart Battery System [SBS0]: Battery Slot [BAT0] (battery present)
[   14.188095] Bluetooth: Core ver 2.22
[   14.188126] NET: Registered protocol family 31
[   14.188127] Bluetooth: HCI device and connection manager initialized
[   14.188131] Bluetooth: HCI socket layer initialized
[   14.188132] Bluetooth: L2CAP socket layer initialized
[   14.188137] Bluetooth: SCO socket layer initialized
[   14.204915] RAPL PMU: API unit is 2^-32 Joules, 4 fixed counters, 655360 ms ovfl timer
[   14.204917] RAPL PMU: hw unit of domain pp0-core 2^-14 Joules
[   14.204918] RAPL PMU: hw unit of domain package 2^-14 Joules
[   14.204918] RAPL PMU: hw unit of domain dram 2^-14 Joules
[   14.204919] RAPL PMU: hw unit of domain pp1-gpu 2^-14 Joules
[   14.224065] cfg80211: Loading compiled-in X.509 certificates for regulatory database
[   14.224872] cfg80211: Loaded X.509 cert 'sforshee: 00b28ddf47aef9cea7'
[   14.234326] iTCO_vendor_support: vendor-support=0
[   14.245299] iTCO_wdt: Intel TCO WatchDog Timer Driver v1.11
[   14.245344] iTCO_wdt: unable to reset NO_REBOOT flag, device disabled by hardware/BIOS
[   14.251575] snd_hda_intel 0000:00:03.0: Linked as a consumer to 0000:00:02.0
[   14.251620] snd_hda_intel 0000:00:03.0: bound 0000:00:02.0 (ops i915_audio_component_bind_ops [i915])
[   14.263580] usbcore: registered new interface driver btusb
[   14.295026] input: HDA Intel HDMI HDMI/DP,pcm=3 as /devices/pci0000:00/0000:00:03.0/sound/card0/input9
[   14.295111] input: HDA Intel HDMI HDMI/DP,pcm=7 as /devices/pci0000:00/0000:00:03.0/sound/card0/input10
[   14.295168] input: HDA Intel HDMI HDMI/DP,pcm=8 as /devices/pci0000:00/0000:00:03.0/sound/card0/input11
[   14.295222] input: HDA Intel HDMI HDMI/DP,pcm=9 as /devices/pci0000:00/0000:00:03.0/sound/card0/input12
[   14.295273] input: HDA Intel HDMI HDMI/DP,pcm=10 as /devices/pci0000:00/0000:00:03.0/sound/card0/input13
[   14.317865] snd_hda_codec_cirrus hdaudioC1D0: autoconfig for CS4208: line_outs=2 (0x12/0x13/0x0/0x0/0x0) type:speaker
[   14.317868] snd_hda_codec_cirrus hdaudioC1D0:    speaker_outs=0 (0x0/0x0/0x0/0x0/0x0)
[   14.317869] snd_hda_codec_cirrus hdaudioC1D0:    hp_outs=1 (0x10/0x0/0x0/0x0/0x0)
[   14.317871] snd_hda_codec_cirrus hdaudioC1D0:    mono: mono_out=0x0
[   14.317872] snd_hda_codec_cirrus hdaudioC1D0:    dig-out=0x21/0x0
[   14.317873] snd_hda_codec_cirrus hdaudioC1D0:    inputs:
[   14.317875] snd_hda_codec_cirrus hdaudioC1D0:      Internal Mic=0x1c
[   14.317877] snd_hda_codec_cirrus hdaudioC1D0:      Mic=0x18
[   14.341913] applesmc: key=719 fan=2 temp=48 index=43 acc=0 lux=2 kbd=1
[   14.355118] applesmc applesmc.768: hwmon_device_register() is deprecated. Please convert the driver to use hwmon_device_register_with_info().
[   14.378003] input: HDA Intel PCH Mic as /devices/pci0000:00/0000:00:1b.0/sound/card1/input14
[   14.378070] input: HDA Intel PCH Headphone as /devices/pci0000:00/0000:00:1b.0/sound/card1/input15
[   14.378130] input: HDA Intel PCH SPDIF as /devices/pci0000:00/0000:00:1b.0/sound/card1/input16
[   14.390712] Bluetooth: hci0: BCM: chip id 102 build 0715
[   14.391713] Bluetooth: hci0: BCM: product 05ac:8290
[   14.392713] Bluetooth: hci0: BCM: features 0x2f
[   14.408727] Bluetooth: hci0: im-mac
[   14.450432] usbcore: registered new interface driver brcmfmac
[   14.480767] intel_rapl: Found RAPL domain package
[   14.480768] intel_rapl: Found RAPL domain core
[   14.480769] intel_rapl: Found RAPL domain uncore
[   14.480769] intel_rapl: Found RAPL domain dram
[   14.524416] XFS (sda3): Mounting V5 Filesystem
[   14.525192] XFS (dm-4): Mounting V5 Filesystem
[   14.525709] XFS (dm-3): Mounting V5 Filesystem
[   14.537839] XFS (sda3): Ending clean mount
[   14.550210] XFS (dm-4): Ending clean mount
[   14.555587] XFS (dm-3): Ending clean mount
[   14.558049] brcmfmac: brcmf_fw_alloc_request: using brcm/brcmfmac43602-pcie for chip BCM43602/1
[   14.563017] brcmfmac 0000:03:00.0: Direct firmware load for brcm/brcmfmac43602-pcie.Apple Inc.-MacBookPro11,4.txt failed with error -2
[   14.563024] brcmfmac 0000:03:00.0: Direct firmware load for brcm/brcmfmac43602-pcie.txt failed with error -2
[   14.953583] Bluetooth: BNEP (Ethernet Emulation) ver 1.3
[   14.953584] Bluetooth: BNEP filters: protocol multicast
[   14.953587] Bluetooth: BNEP socket layer initialized
[   15.073064] brcmfmac: brcmf_fw_alloc_request: using brcm/brcmfmac43602-pcie for chip BCM43602/1
[   15.073152] brcmfmac 0000:03:00.0: Direct firmware load for brcm/brcmfmac43602-pcie.clm_blob failed with error -2
[   15.073153] brcmfmac: brcmf_c_process_clm_blob: no clm_blob available (err=-2), device may have limited channels available
[   15.073747] brcmfmac: brcmf_c_preinit_dcmds: Firmware: BCM43602/1 wl0: Nov 10 2015 06:38:10 version 7.35.177.61 (r598657) FWID 01-ea662a8c
[   15.128424] brcmfmac 0000:03:00.0 wlp3s0: renamed from wlan0
[   16.388081] tun: Universal TUN/TAP device driver, 1.6
[   16.389576] virbr0: port 1(virbr0-nic) entered blocking state
[   16.389578] virbr0: port 1(virbr0-nic) entered disabled state
[   16.389627] device virbr0-nic entered promiscuous mode
[   16.577090] virbr0: port 1(virbr0-nic) entered blocking state
[   16.577093] virbr0: port 1(virbr0-nic) entered listening state
[   16.634819] virbr0: port 1(virbr0-nic) entered disabled state
[   24.622234] IPv6: ADDRCONF(NETDEV_CHANGE): wlp3s0: link becomes ready
[   24.702633] brcmfmac: brcmf_inetaddr_changed: fail to get arp ip table err:-52
[   25.962107] Bluetooth: RFCOMM TTY layer initialized
[   25.962111] Bluetooth: RFCOMM socket layer initialized
[   25.962179] Bluetooth: RFCOMM ver 1.11
[   26.127904] fuse init (API version 7.28)
[   27.288335] rfkill: input handler disabled
[  127.389808] xhci_hcd 0000:00:14.0: ep 0x82 - asked for 65 bytes, 55 bytes untransferred
[  127.829815] xhci_hcd 0000:00:14.0: ep 0x82 - asked for 65 bytes, 55 bytes untransferred
[  127.893714] xhci_hcd 0000:00:14.0: ep 0x82 - asked for 65 bytes, 55 bytes untransferred
[  127.933711] xhci_hcd 0000:00:14.0: ep 0x82 - asked for 65 bytes, 55 bytes untransferred
[  128.464991] xhci_hcd 0000:00:14.0: ep 0x81 - asked for 96 bytes, 78 bytes untransferred
[  128.465000] xhci_hcd 0000:00:14.0: Giveback URB 00000000e530a9d6, len = 18, expected = 96, status = 0
[  128.465059] xhci_hcd 0000:00:14.0: Stalled endpoint for slot 2 ep 2
[  128.465067] xhci_hcd 0000:00:14.0: Cleaning up stalled endpoint ring
[  128.465069] xhci_hcd 0000:00:14.0: Finding endpoint context
[  128.465072] xhci_hcd 0000:00:14.0: Cycle state = 0x1
[  128.465075] xhci_hcd 0000:00:14.0: New dequeue segment = 00000000a0e61c51 (virtual)
[  128.465078] xhci_hcd 0000:00:14.0: New dequeue pointer = 0x459cd4980 (DMA)
[  128.465080] xhci_hcd 0000:00:14.0: Queueing new dequeue state
[  128.465084] xhci_hcd 0000:00:14.0: Set TR Deq Ptr cmd, new deq seg = 00000000a0e61c51 (0x459cd4000 dma), new deq ptr = 00000000ba86b59a (0x459cd4980 dma), new cycle = 1
[  128.465087] xhci_hcd 0000:00:14.0: // Ding dong!
[  128.465101] xhci_hcd 0000:00:14.0: Giveback URB 00000000a5b39db2, len = 0, expected = 13, status = -32
[  128.465108] xhci_hcd 0000:00:14.0: Ignoring reset ep completion code of 1
[  128.465114] xhci_hcd 0000:00:14.0: Successful Set TR Deq Ptr cmd, deq = @459cd4980
[  130.513337] xhci_hcd 0000:00:14.0: ep 0x81 - asked for 96 bytes, 78 bytes untransferred
[  130.513350] xhci_hcd 0000:00:14.0: Giveback URB 00000000b8f58d72, len = 18, expected = 96, status = 0
[  130.513435] xhci_hcd 0000:00:14.0: Stalled endpoint for slot 2 ep 2
[  130.513446] xhci_hcd 0000:00:14.0: Cleaning up stalled endpoint ring
[  130.513450] xhci_hcd 0000:00:14.0: Finding endpoint context
[  130.513455] xhci_hcd 0000:00:14.0: Cycle state = 0x1
[  130.513459] xhci_hcd 0000:00:14.0: New dequeue segment = 00000000a0e61c51 (virtual)
[  130.513464] xhci_hcd 0000:00:14.0: New dequeue pointer = 0x459cd49c0 (DMA)
[  130.513468] xhci_hcd 0000:00:14.0: Queueing new dequeue state
[  130.513477] xhci_hcd 0000:00:14.0: Set TR Deq Ptr cmd, new deq seg = 00000000a0e61c51 (0x459cd4000 dma), new deq ptr = 0000000044492de9 (0x459cd49c0 dma), new cycle = 1
[  130.513485] xhci_hcd 0000:00:14.0: // Ding dong!
[  130.513497] xhci_hcd 0000:00:14.0: Giveback URB 00000000a5b39db2, len = 0, expected = 13, status = -32
[  130.513508] xhci_hcd 0000:00:14.0: Ignoring reset ep completion code of 1
[  130.513515] xhci_hcd 0000:00:14.0: Successful Set TR Deq Ptr cmd, deq = @459cd49c0
[  132.561170] xhci_hcd 0000:00:14.0: ep 0x81 - asked for 96 bytes, 78 bytes untransferred
[  132.561181] xhci_hcd 0000:00:14.0: Giveback URB 00000000e530a9d6, len = 18, expected = 96, status = 0
[  132.561259] xhci_hcd 0000:00:14.0: Stalled endpoint for slot 2 ep 2
[  132.561270] xhci_hcd 0000:00:14.0: Cleaning up stalled endpoint ring
[  132.561274] xhci_hcd 0000:00:14.0: Finding endpoint context
[  132.561278] xhci_hcd 0000:00:14.0: Cycle state = 0x1
[  132.561282] xhci_hcd 0000:00:14.0: New dequeue segment = 00000000a0e61c51 (virtual)
[  132.561287] xhci_hcd 0000:00:14.0: New dequeue pointer = 0x459cd4a00 (DMA)
[  132.561290] xhci_hcd 0000:00:14.0: Queueing new dequeue state
[  132.561296] xhci_hcd 0000:00:14.0: Set TR Deq Ptr cmd, new deq seg = 00000000a0e61c51 (0x459cd4000 dma), new deq ptr = 0000000036357a2d (0x459cd4a00 dma), new cycle = 1
[  132.561303] xhci_hcd 0000:00:14.0: // Ding dong!
[  132.561318] xhci_hcd 0000:00:14.0: Giveback URB 00000000a5b39db2, len = 0, expected = 13, status = -32
[  132.561325] xhci_hcd 0000:00:14.0: Ignoring reset ep completion code of 1
[  132.561331] xhci_hcd 0000:00:14.0: Successful Set TR Deq Ptr cmd, deq = @459cd4a00
[  132.765801] xhci_hcd 0000:00:14.0: ep 0x82 - asked for 65 bytes, 55 bytes untransferred
[  133.861808] xhci_hcd 0000:00:14.0: ep 0x82 - asked for 65 bytes, 55 bytes untransferred
[  133.933749] xhci_hcd 0000:00:14.0: ep 0x82 - asked for 65 bytes, 55 bytes untransferred
[  133.989749] xhci_hcd 0000:00:14.0: ep 0x82 - asked for 65 bytes, 55 bytes untransferred
[  134.609385] xhci_hcd 0000:00:14.0: ep 0x81 - asked for 96 bytes, 78 bytes untransferred
[  134.609396] xhci_hcd 0000:00:14.0: Giveback URB 00000000b8f58d72, len = 18, expected = 96, status = 0
[  134.609466] xhci_hcd 0000:00:14.0: Stalled endpoint for slot 2 ep 2
[  134.609475] xhci_hcd 0000:00:14.0: Cleaning up stalled endpoint ring
[  134.609479] xhci_hcd 0000:00:14.0: Finding endpoint context
[  134.609482] xhci_hcd 0000:00:14.0: Cycle state = 0x1
[  134.609486] xhci_hcd 0000:00:14.0: New dequeue segment = 00000000a0e61c51 (virtual)
[  134.609490] xhci_hcd 0000:00:14.0: New dequeue pointer = 0x459cd4a40 (DMA)
[  134.609493] xhci_hcd 0000:00:14.0: Queueing new dequeue state
[  134.609498] xhci_hcd 0000:00:14.0: Set TR Deq Ptr cmd, new deq seg = 00000000a0e61c51 (0x459cd4000 dma), new deq ptr = 000000003b82933b (0x459cd4a40 dma), new cycle = 1
[  134.609502] xhci_hcd 0000:00:14.0: // Ding dong!
[  134.609515] xhci_hcd 0000:00:14.0: Giveback URB 00000000a5b39db2, len = 0, expected = 13, status = -32
[  134.609522] xhci_hcd 0000:00:14.0: Ignoring reset ep completion code of 1
[  134.609528] xhci_hcd 0000:00:14.0: Successful Set TR Deq Ptr cmd, deq = @459cd4a40
[  136.205814] xhci_hcd 0000:00:14.0: ep 0x82 - asked for 65 bytes, 55 bytes untransferred
[  136.293804] xhci_hcd 0000:00:14.0: ep 0x82 - asked for 65 bytes, 55 bytes untransferred
[  136.341750] xhci_hcd 0000:00:14.0: ep 0x82 - asked for 65 bytes, 55 bytes untransferred
[  136.509803] xhci_hcd 0000:00:14.0: ep 0x82 - asked for 65 bytes, 55 bytes untransferred
[  136.657183] xhci_hcd 0000:00:14.0: ep 0x81 - asked for 96 bytes, 78 bytes untransferred
[  136.657190] xhci_hcd 0000:00:14.0: Giveback URB 0000000042480b54, len = 18, expected = 96, status = 0
[  136.657238] xhci_hcd 0000:00:14.0: Stalled endpoint for slot 2 ep 2
[  136.657245] xhci_hcd 0000:00:14.0: Cleaning up stalled endpoint ring
[  136.657247] xhci_hcd 0000:00:14.0: Finding endpoint context
[  136.657249] xhci_hcd 0000:00:14.0: Cycle state = 0x1
[  136.657252] xhci_hcd 0000:00:14.0: New dequeue segment = 00000000a0e61c51 (virtual)
[  136.657254] xhci_hcd 0000:00:14.0: New dequeue pointer = 0x459cd4a80 (DMA)
[  136.657256] xhci_hcd 0000:00:14.0: Queueing new dequeue state
[  136.657260] xhci_hcd 0000:00:14.0: Set TR Deq Ptr cmd, new deq seg = 00000000a0e61c51 (0x459cd4000 dma), new deq ptr = 000000002228dc6d (0x459cd4a80 dma), new cycle = 1
[  136.657262] xhci_hcd 0000:00:14.0: // Ding dong!
[  136.657272] xhci_hcd 0000:00:14.0: Giveback URB 00000000a5b39db2, len = 0, expected = 13, status = -32
[  136.657277] xhci_hcd 0000:00:14.0: Ignoring reset ep completion code of 1
[  136.657282] xhci_hcd 0000:00:14.0: Successful Set TR Deq Ptr cmd, deq = @459cd4a80
[  138.301820] xhci_hcd 0000:00:14.0: ep 0x82 - asked for 65 bytes, 55 bytes untransferred
[  138.397808] xhci_hcd 0000:00:14.0: ep 0x82 - asked for 65 bytes, 55 bytes untransferred
[  138.445749] xhci_hcd 0000:00:14.0: ep 0x82 - asked for 65 bytes, 55 bytes untransferred
[  138.453752] xhci_hcd 0000:00:14.0: ep 0x82 - asked for 65 bytes, 55 bytes untransferred
[  138.705205] xhci_hcd 0000:00:14.0: ep 0x81 - asked for 96 bytes, 78 bytes untransferred
[  138.705212] xhci_hcd 0000:00:14.0: Giveback URB 00000000fdfe8e74, len = 18, expected = 96, status = 0
[  138.705242] xhci_hcd 0000:00:14.0: Stalled endpoint for slot 2 ep 2
[  138.705249] xhci_hcd 0000:00:14.0: Cleaning up stalled endpoint ring
[  138.705251] xhci_hcd 0000:00:14.0: Finding endpoint context
[  138.705256] xhci_hcd 0000:00:14.0: Cycle state = 0x1
[  138.705260] xhci_hcd 0000:00:14.0: New dequeue segment = 00000000a0e61c51 (virtual)
[  138.705262] xhci_hcd 0000:00:14.0: New dequeue pointer = 0x459cd4ac0 (DMA)
[  138.705265] xhci_hcd 0000:00:14.0: Queueing new dequeue state
[  138.705269] xhci_hcd 0000:00:14.0: Set TR Deq Ptr cmd, new deq seg = 00000000a0e61c51 (0x459cd4000 dma), new deq ptr = 0000000080585050 (0x459cd4ac0 dma), new cycle = 1
[  138.705272] xhci_hcd 0000:00:14.0: // Ding dong!
[  138.705282] xhci_hcd 0000:00:14.0: Giveback URB 00000000a5b39db2, len = 0, expected = 13, status = -32
[  138.705294] xhci_hcd 0000:00:14.0: Ignoring reset ep completion code of 1
[  138.705299] xhci_hcd 0000:00:14.0: Successful Set TR Deq Ptr cmd, deq = @459cd4ac0
[  138.749751] xhci_hcd 0000:00:14.0: ep 0x82 - asked for 65 bytes, 55 bytes untransferred
[  138.805766] xhci_hcd 0000:00:14.0: ep 0x82 - asked for 65 bytes, 55 bytes untransferred
[  138.829750] xhci_hcd 0000:00:14.0: ep 0x82 - asked for 65 bytes, 55 bytes untransferred
[  138.885749] xhci_hcd 0000:00:14.0: ep 0x82 - asked for 65 bytes, 55 bytes untransferred
[  138.941752] xhci_hcd 0000:00:14.0: ep 0x82 - asked for 65 bytes, 55 bytes untransferred
[  138.997794] xhci_hcd 0000:00:14.0: ep 0x82 - asked for 65 bytes, 55 bytes untransferred
[  139.005743] xhci_hcd 0000:00:14.0: ep 0x82 - asked for 65 bytes, 55 bytes untransferred
[  139.053751] xhci_hcd 0000:00:14.0: ep 0x82 - asked for 65 bytes, 55 bytes untransferred
[  139.101753] xhci_hcd 0000:00:14.0: ep 0x82 - asked for 65 bytes, 55 bytes untransferred
[  139.157767] xhci_hcd 0000:00:14.0: ep 0x82 - asked for 65 bytes, 55 bytes untransferred
[  139.173767] xhci_hcd 0000:00:14.0: ep 0x82 - asked for 65 bytes, 55 bytes untransferred
[  139.205770] xhci_hcd 0000:00:14.0: ep 0x82 - asked for 65 bytes, 55 bytes untransferred
[  139.381801] xhci_hcd 0000:00:14.0: ep 0x82 - asked for 65 bytes, 55 bytes untransferred
[  139.429747] xhci_hcd 0000:00:14.0: ep 0x82 - asked for 65 bytes, 55 bytes untransferred
[  140.661815] xhci_hcd 0000:00:14.0: ep 0x82 - asked for 65 bytes, 55 bytes untransferred
[  140.709752] xhci_hcd 0000:00:14.0: ep 0x82 - asked for 65 bytes, 55 bytes untransferred
[  140.749749] xhci_hcd 0000:00:14.0: ep 0x82 - asked for 65 bytes, 55 bytes untransferred
[  140.753128] xhci_hcd 0000:00:14.0: ep 0x81 - asked for 96 bytes, 78 bytes untransferred
[  140.753134] xhci_hcd 0000:00:14.0: Giveback URB 000000003ba289aa, len = 18, expected = 96, status = 0
[  140.753168] xhci_hcd 0000:00:14.0: Stalled endpoint for slot 2 ep 2
[  140.753174] xhci_hcd 0000:00:14.0: Cleaning up stalled endpoint ring
[  140.753176] xhci_hcd 0000:00:14.0: Finding endpoint context
[  140.753178] xhci_hcd 0000:00:14.0: Cycle state = 0x1
[  140.753180] xhci_hcd 0000:00:14.0: New dequeue segment = 00000000a0e61c51 (virtual)
[  140.753182] xhci_hcd 0000:00:14.0: New dequeue pointer = 0x459cd4b00 (DMA)
[  140.753184] xhci_hcd 0000:00:14.0: Queueing new dequeue state
[  140.753187] xhci_hcd 0000:00:14.0: Set TR Deq Ptr cmd, new deq seg = 00000000a0e61c51 (0x459cd4000 dma), new deq ptr = 000000006bd26c9c (0x459cd4b00 dma), new cycle = 1
[  140.753189] xhci_hcd 0000:00:14.0: // Ding dong!
[  140.753198] xhci_hcd 0000:00:14.0: Giveback URB 00000000a5b39db2, len = 0, expected = 13, status = -32
[  140.753203] xhci_hcd 0000:00:14.0: Ignoring reset ep completion code of 1
[  140.753206] xhci_hcd 0000:00:14.0: Successful Set TR Deq Ptr cmd, deq = @459cd4b00
[  140.805751] xhci_hcd 0000:00:14.0: ep 0x82 - asked for 65 bytes, 55 bytes untransferred
[  140.837754] xhci_hcd 0000:00:14.0: ep 0x82 - asked for 65 bytes, 55 bytes untransferred
[  140.877794] xhci_hcd 0000:00:14.0: ep 0x82 - asked for 65 bytes, 55 bytes untransferred
[  141.045806] xhci_hcd 0000:00:14.0: ep 0x82 - asked for 65 bytes, 55 bytes untransferred
[  141.101752] xhci_hcd 0000:00:14.0: ep 0x82 - asked for 65 bytes, 55 bytes untransferred
[  141.301801] xhci_hcd 0000:00:14.0: ep 0x82 - asked for 65 bytes, 55 bytes untransferred
[  141.349750] xhci_hcd 0000:00:14.0: ep 0x82 - asked for 65 bytes, 55 bytes untransferred
[  141.501800] xhci_hcd 0000:00:14.0: ep 0x82 - asked for 65 bytes, 55 bytes untransferred
[  141.557764] xhci_hcd 0000:00:14.0: ep 0x82 - asked for 65 bytes, 55 bytes untransferred
[  141.629796] xhci_hcd 0000:00:14.0: ep 0x82 - asked for 65 bytes, 55 bytes untransferred
[  141.685765] xhci_hcd 0000:00:14.0: ep 0x82 - asked for 65 bytes, 55 bytes untransferred
[  141.773800] xhci_hcd 0000:00:14.0: ep 0x82 - asked for 65 bytes, 55 bytes untransferred
[  141.829764] xhci_hcd 0000:00:14.0: ep 0x82 - asked for 65 bytes, 55 bytes untransferred
[  141.901797] xhci_hcd 0000:00:14.0: ep 0x82 - asked for 65 bytes, 55 bytes untransferred
[  141.949752] xhci_hcd 0000:00:14.0: ep 0x82 - asked for 65 bytes, 55 bytes untransferred
[  141.973754] xhci_hcd 0000:00:14.0: ep 0x82 - asked for 65 bytes, 55 bytes untransferred
[  142.037732] xhci_hcd 0000:00:14.0: ep 0x82 - asked for 65 bytes, 55 bytes untransferred
[  142.101754] xhci_hcd 0000:00:14.0: ep 0x82 - asked for 65 bytes, 55 bytes untransferred
[  142.149751] xhci_hcd 0000:00:14.0: ep 0x82 - asked for 65 bytes, 55 bytes untransferred
[  142.173758] xhci_hcd 0000:00:14.0: ep 0x82 - asked for 65 bytes, 55 bytes untransferred
[  142.205775] xhci_hcd 0000:00:14.0: ep 0x82 - asked for 65 bytes, 55 bytes untransferred
[  142.669807] xhci_hcd 0000:00:14.0: ep 0x82 - asked for 65 bytes, 55 bytes untransferred
[  142.717734] xhci_hcd 0000:00:14.0: ep 0x82 - asked for 65 bytes, 55 bytes untransferred
[  142.732879] usb 2-4: unregistering interface 2-4:1.0
[  142.761505] xhci_hcd 0000:00:14.0: Set up evaluate context for LPM MEL change.
[  142.761510] xhci_hcd 0000:00:14.0: // Ding dong!
[  142.761533] xhci_hcd 0000:00:14.0: Successful evaluate context command
[  142.761743] usb 2-4: usb_disable_device nuking non-ep0 URBs
[  142.761746] xhci_hcd 0000:00:14.0: xhci_drop_endpoint called for udev 00000000e49c681d
[  142.761758] xhci_hcd 0000:00:14.0: drop ep 0x81, slot id 2, new drop flags = 0x8, new add flags = 0x0
[  142.761760] xhci_hcd 0000:00:14.0: xhci_drop_endpoint called for udev 00000000e49c681d
[  142.761767] xhci_hcd 0000:00:14.0: drop ep 0x2, slot id 2, new drop flags = 0x18, new add flags = 0x0
[  142.761769] xhci_hcd 0000:00:14.0: xhci_check_bandwidth called for udev 00000000e49c681d
[  142.761772] xhci_hcd 0000:00:14.0: // Ding dong!
[  142.761981] xhci_hcd 0000:00:14.0: Successful Endpoint Configure command
[  142.761990] xhci_hcd 0000:00:14.0: xhci_check_bandwidth called for udev 00000000e49c681d
[  142.762132] usb usb2-port4: logical disconnect
[  142.762142] xhci_hcd 0000:00:14.0: // Ding dong!
[  142.762158] xhci_hcd 0000:00:14.0: Stopped on No-op or Link TRB for slot 2 ep 0
[  142.783532] hub 2-0:1.0: state 7 ports 6 chg 0010 evt 0000
[  142.783545] xhci_hcd 0000:00:14.0: get port status, actual port 3 status  = 0x1263
[  142.783547] xhci_hcd 0000:00:14.0: Get port status returned 0x263
[  142.783554] usb usb2-port4: status 0263, change 0000, 5.0 Gb/s
[  142.783557] usb 2-4: USB disconnect, device number 2
[  142.783559] usb 2-4: unregistering device
[  142.783561] usb 2-4: usb_disable_device nuking all URBs
[  142.783565] xhci_hcd 0000:00:14.0: xhci_check_bandwidth called for udev 00000000e49c681d
[  142.783795] xhci_hcd 0000:00:14.0: // Ding dong!
[  142.805667] xhci_hcd 0000:00:14.0: set port remote wake mask, actual port 0 status  = 0xe0002a0
[  142.805694] xhci_hcd 0000:00:14.0: set port remote wake mask, actual port 1 status  = 0xe0002a0
[  142.805712] xhci_hcd 0000:00:14.0: set port remote wake mask, actual port 2 status  = 0xe0002a0
[  142.805724] xhci_hcd 0000:00:14.0: set port remote wake mask, actual port 3 status  = 0xe001263
[  142.805735] xhci_hcd 0000:00:14.0: set port remote wake mask, actual port 4 status  = 0xe0002a0
[  142.805746] xhci_hcd 0000:00:14.0: set port remote wake mask, actual port 5 status  = 0xe0002a0
[  142.805757] hub 2-0:1.0: hub_suspend
[  142.805780] usb usb2: bus auto-suspend, wakeup 1
[  142.805803] xhci_hcd 0000:00:14.0: xhci_hub_status_data: stopping port polling.
[  143.661806] xhci_hcd 0000:00:14.0: ep 0x82 - asked for 65 bytes, 55 bytes untransferred
[  144.037813] xhci_hcd 0000:00:14.0: ep 0x82 - asked for 65 bytes, 55 bytes untransferred
[  144.349809] xhci_hcd 0000:00:14.0: ep 0x82 - asked for 65 bytes, 55 bytes untransferred
[  144.413800] xhci_hcd 0000:00:14.0: ep 0x82 - asked for 65 bytes, 55 bytes untransferred
[  144.445763] xhci_hcd 0000:00:14.0: ep 0x82 - asked for 65 bytes, 55 bytes untransferred
[  144.493784] xhci_hcd 0000:00:14.0: ep 0x82 - asked for 65 bytes, 55 bytes untransferred
[  144.565799] xhci_hcd 0000:00:14.0: ep 0x82 - asked for 65 bytes, 55 bytes untransferred
[  144.621749] xhci_hcd 0000:00:14.0: ep 0x82 - asked for 65 bytes, 55 bytes untransferred
[  144.629722] xhci_hcd 0000:00:14.0: ep 0x82 - asked for 65 bytes, 55 bytes untransferred
[  144.669768] xhci_hcd 0000:00:14.0: ep 0x82 - asked for 65 bytes, 55 bytes untransferred
[  144.709761] xhci_hcd 0000:00:14.0: ep 0x82 - asked for 65 bytes, 55 bytes untransferred
[  144.765757] xhci_hcd 0000:00:14.0: ep 0x82 - asked for 65 bytes, 55 bytes untransferred
[  144.789723] xhci_hcd 0000:00:14.0: ep 0x82 - asked for 65 bytes, 55 bytes untransferred
[  144.837749] xhci_hcd 0000:00:14.0: ep 0x82 - asked for 65 bytes, 55 bytes untransferred
[  144.957796] xhci_hcd 0000:00:14.0: ep 0x82 - asked for 65 bytes, 55 bytes untransferred
[  144.997750] xhci_hcd 0000:00:14.0: ep 0x82 - asked for 65 bytes, 55 bytes untransferred
[  145.661808] xhci_hcd 0000:00:14.0: ep 0x82 - asked for 65 bytes, 55 bytes untransferred
[  145.741755] xhci_hcd 0000:00:14.0: ep 0x82 - asked for 65 bytes, 55 bytes untransferred
[  145.797775] xhci_hcd 0000:00:14.0: ep 0x82 - asked for 65 bytes, 55 bytes untransferred
[  145.845755] xhci_hcd 0000:00:14.0: ep 0x82 - asked for 65 bytes, 55 bytes untransferred
[  146.309803] xhci_hcd 0000:00:14.0: ep 0x82 - asked for 65 bytes, 55 bytes untransferred
[  146.405752] xhci_hcd 0000:00:14.0: ep 0x82 - asked for 65 bytes, 55 bytes untransferred
[  146.477750] xhci_hcd 0000:00:14.0: ep 0x82 - asked for 65 bytes, 55 bytes untransferred
[  146.485758] xhci_hcd 0000:00:14.0: ep 0x82 - asked for 65 bytes, 55 bytes untransferred
[  146.805801] xhci_hcd 0000:00:14.0: ep 0x82 - asked for 65 bytes, 55 bytes untransferred
[  146.933763] xhci_hcd 0000:00:14.0: ep 0x82 - asked for 65 bytes, 55 bytes untransferred
[  146.957757] xhci_hcd 0000:00:14.0: ep 0x82 - asked for 65 bytes, 55 bytes untransferred
[  146.981721] xhci_hcd 0000:00:14.0: ep 0x82 - asked for 65 bytes, 55 bytes untransferred
[  147.941736] xhci_hcd 0000:00:14.0: ep 0x82 - asked for 65 bytes, 55 bytes untransferred
[  147.997753] xhci_hcd 0000:00:14.0: ep 0x82 - asked for 65 bytes, 55 bytes untransferred
[  148.141809] xhci_hcd 0000:00:14.0: ep 0x82 - asked for 65 bytes, 55 bytes untransferred
[  148.205750] xhci_hcd 0000:00:14.0: ep 0x82 - asked for 65 bytes, 55 bytes untransferred
[  148.325811] xhci_hcd 0000:00:14.0: ep 0x82 - asked for 65 bytes, 55 bytes untransferred
[  148.557728] xhci_hcd 0000:00:14.0: ep 0x82 - asked for 65 bytes, 55 bytes untransferred
[  148.621720] xhci_hcd 0000:00:14.0: ep 0x82 - asked for 65 bytes, 55 bytes untransferred
[  148.653743] xhci_hcd 0000:00:14.0: ep 0x82 - asked for 65 bytes, 55 bytes untransferred
[  149.165808] xhci_hcd 0000:00:14.0: ep 0x82 - asked for 65 bytes, 55 bytes untransferred
[  149.277802] xhci_hcd 0000:00:14.0: ep 0x82 - asked for 65 bytes, 55 bytes untransferred
[  149.349737] xhci_hcd 0000:00:14.0: ep 0x82 - asked for 65 bytes, 55 bytes untransferred
[  149.373799] xhci_hcd 0000:00:14.0: ep 0x82 - asked for 65 bytes, 55 bytes untransferred
[  154.893818] xhci_hcd 0000:00:14.0: ep 0x82 - asked for 65 bytes, 55 bytes untransferred
[  155.797796] xhci_hcd 0000:00:14.0: ep 0x82 - asked for 65 bytes, 55 bytes untransferred
[  155.933816] xhci_hcd 0000:00:14.0: ep 0x82 - asked for 65 bytes, 55 bytes untransferred
[  155.997822] xhci_hcd 0000:00:14.0: ep 0x82 - asked for 65 bytes, 55 bytes untransferred
[  156.093813] xhci_hcd 0000:00:14.0: ep 0x82 - asked for 65 bytes, 55 bytes untransferred
[  156.149812] xhci_hcd 0000:00:14.0: ep 0x82 - asked for 65 bytes, 55 bytes untransferred
[  156.245814] xhci_hcd 0000:00:14.0: ep 0x82 - asked for 65 bytes, 55 bytes untransferred
[  156.301811] xhci_hcd 0000:00:14.0: ep 0x82 - asked for 65 bytes, 55 bytes untransferred
[  156.421817] xhci_hcd 0000:00:14.0: ep 0x82 - asked for 65 bytes, 55 bytes untransferred
[  156.485814] xhci_hcd 0000:00:14.0: ep 0x82 - asked for 65 bytes, 55 bytes untransferred
[  156.573816] xhci_hcd 0000:00:14.0: ep 0x82 - asked for 65 bytes, 55 bytes untransferred
[  156.629823] xhci_hcd 0000:00:14.0: ep 0x82 - asked for 65 bytes, 55 bytes untransferred
[  156.709812] xhci_hcd 0000:00:14.0: ep 0x82 - asked for 65 bytes, 55 bytes untransferred
[  156.765807] xhci_hcd 0000:00:14.0: ep 0x82 - asked for 65 bytes, 55 bytes untransferred
[  156.837821] xhci_hcd 0000:00:14.0: ep 0x82 - asked for 65 bytes, 55 bytes untransferred
[  156.901813] xhci_hcd 0000:00:14.0: ep 0x82 - asked for 65 bytes, 55 bytes untransferred
[  157.157761] xhci_hcd 0000:00:14.0: ep 0x82 - asked for 65 bytes, 55 bytes untransferred
[  157.221813] xhci_hcd 0000:00:14.0: ep 0x82 - asked for 65 bytes, 55 bytes untransferred
[  157.277808] xhci_hcd 0000:00:14.0: ep 0x82 - asked for 65 bytes, 55 bytes untransferred
[  157.325819] xhci_hcd 0000:00:14.0: ep 0x82 - asked for 65 bytes, 55 bytes untransferred
[  157.565817] xhci_hcd 0000:00:14.0: ep 0x82 - asked for 65 bytes, 55 bytes untransferred
[  157.749806] xhci_hcd 0000:00:14.0: ep 0x82 - asked for 65 bytes, 55 bytes untransferred
[  157.797808] xhci_hcd 0000:00:14.0: ep 0x82 - asked for 65 bytes, 55 bytes untransferred
[  157.813811] xhci_hcd 0000:00:14.0: ep 0x82 - asked for 65 bytes, 55 bytes untransferred
[  158.117811] xhci_hcd 0000:00:14.0: ep 0x82 - asked for 65 bytes, 55 bytes untransferred
[  158.173809] xhci_hcd 0000:00:14.0: ep 0x82 - asked for 65 bytes, 55 bytes untransferred
[  158.237817] xhci_hcd 0000:00:14.0: ep 0x82 - asked for 65 bytes, 55 bytes untransferred
[  158.285814] xhci_hcd 0000:00:14.0: ep 0x82 - asked for 65 bytes, 55 bytes untransferred
[  158.413824] xhci_hcd 0000:00:14.0: ep 0x82 - asked for 65 bytes, 55 bytes untransferred
[  158.637799] xhci_hcd 0000:00:14.0: ep 0x82 - asked for 65 bytes, 55 bytes untransferred
[  158.701811] xhci_hcd 0000:00:14.0: ep 0x82 - asked for 65 bytes, 55 bytes untransferred
[  158.733814] xhci_hcd 0000:00:14.0: ep 0x82 - asked for 65 bytes, 55 bytes untransferred
[  158.957820] xhci_hcd 0000:00:14.0: ep 0x82 - asked for 65 bytes, 55 bytes untransferred
[  159.213814] xhci_hcd 0000:00:14.0: ep 0x82 - asked for 65 bytes, 55 bytes untransferred
[  159.285721] xhci_hcd 0000:00:14.0: ep 0x82 - asked for 65 bytes, 55 bytes untransferred
[  159.325767] xhci_hcd 0000:00:14.0: ep 0x82 - asked for 65 bytes, 55 bytes untransferred
[  159.573804] xhci_hcd 0000:00:14.0: ep 0x82 - asked for 65 bytes, 55 bytes untransferred
[  159.677813] xhci_hcd 0000:00:14.0: ep 0x82 - asked for 65 bytes, 55 bytes untransferred
[  159.741751] xhci_hcd 0000:00:14.0: ep 0x82 - asked for 65 bytes, 55 bytes untransferred
[  159.821799] xhci_hcd 0000:00:14.0: ep 0x82 - asked for 65 bytes, 55 bytes untransferred
[  160.349800] xhci_hcd 0000:00:14.0: ep 0x82 - asked for 65 bytes, 55 bytes untransferred
[  160.429754] xhci_hcd 0000:00:14.0: ep 0x82 - asked for 65 bytes, 55 bytes untransferred
[  160.493752] xhci_hcd 0000:00:14.0: ep 0x82 - asked for 65 bytes, 55 bytes untransferred
[  160.517742] xhci_hcd 0000:00:14.0: ep 0x82 - asked for 65 bytes, 55 bytes untransferred
[  161.133805] xhci_hcd 0000:00:14.0: ep 0x82 - asked for 65 bytes, 55 bytes untransferred
[  161.261799] xhci_hcd 0000:00:14.0: ep 0x82 - asked for 65 bytes, 55 bytes untransferred
[  161.309737] xhci_hcd 0000:00:14.0: ep 0x82 - asked for 65 bytes, 55 bytes untransferred
[  161.373714] xhci_hcd 0000:00:14.0: ep 0x82 - asked for 65 bytes, 55 bytes untransferred
[  163.709809] xhci_hcd 0000:00:14.0: ep 0x82 - asked for 65 bytes, 55 bytes untransferred
[  163.757752] xhci_hcd 0000:00:14.0: ep 0x82 - asked for 65 bytes, 55 bytes untransferred
[  163.829756] xhci_hcd 0000:00:14.0: ep 0x82 - asked for 65 bytes, 55 bytes untransferred
[  163.877752] xhci_hcd 0000:00:14.0: ep 0x82 - asked for 65 bytes, 55 bytes untransferred
[  163.885763] xhci_hcd 0000:00:14.0: ep 0x82 - asked for 65 bytes, 55 bytes untransferred
[  163.925759] xhci_hcd 0000:00:14.0: ep 0x82 - asked for 65 bytes, 55 bytes untransferred
[  164.069803] xhci_hcd 0000:00:14.0: ep 0x82 - asked for 65 bytes, 55 bytes untransferred
[  164.117751] xhci_hcd 0000:00:14.0: ep 0x82 - asked for 65 bytes, 55 bytes untransferred
[  164.213755] xhci_hcd 0000:00:14.0: ep 0x82 - asked for 65 bytes, 55 bytes untransferred
