[    0.000000] microcode: microcode updated early to revision 0x1a, date = 2018-04-02
[    0.000000] Linux version 5.0.0-rc6+ (im@im-mac) (gcc version 8.2.1 20181215 (Red Hat 8.2.1-6) (GCC)) #52 SMP Tue Feb 12 13:07:10 +05 2019
[    0.000000] Command line: BOOT_IMAGE=/vmlinuz-5.0.0-rc6+ root=/dev/mapper/im--mac-root ro resume=/dev/mapper/im--mac-swap rd.lvm.lv=im-mac/root rd.luks.uuid=luks-dd1fa933-ef9f-402b-a2e4-7c9d6fb7ce0d rd.lvm.lv=im-mac/swap rhgb quiet hid_apple.fnmode=2 hid_apple.iso_layout=0 usbcore.quirks=05ac:8406:p
[    0.000000] x86/fpu: Supporting XSAVE feature 0x001: 'x87 floating point registers'
[    0.000000] x86/fpu: Supporting XSAVE feature 0x002: 'SSE registers'
[    0.000000] x86/fpu: Supporting XSAVE feature 0x004: 'AVX registers'
[    0.000000] x86/fpu: xstate_offset[2]:  576, xstate_sizes[2]:  256
[    0.000000] x86/fpu: Enabled xstate features 0x7, context size is 832 bytes, using 'standard' format.
[    0.000000] BIOS-provided physical RAM map:
[    0.000000] BIOS-e820: [mem 0x0000000000000000-0x0000000000057fff] usable
[    0.000000] BIOS-e820: [mem 0x0000000000058000-0x0000000000058fff] reserved
[    0.000000] BIOS-e820: [mem 0x0000000000059000-0x000000000009ffff] usable
[    0.000000] BIOS-e820: [mem 0x00000000000a0000-0x00000000000bffff] reserved
[    0.000000] BIOS-e820: [mem 0x0000000000100000-0x0000000078d00fff] usable
[    0.000000] BIOS-e820: [mem 0x0000000078d01000-0x0000000078d48fff] ACPI NVS
[    0.000000] BIOS-e820: [mem 0x0000000078d49000-0x0000000078d5cfff] usable
[    0.000000] BIOS-e820: [mem 0x0000000078d5d000-0x0000000078d8efff] ACPI data
[    0.000000] BIOS-e820: [mem 0x0000000078d8f000-0x0000000078e39fff] usable
[    0.000000] BIOS-e820: [mem 0x0000000078e3a000-0x0000000078e8efff] reserved
[    0.000000] BIOS-e820: [mem 0x0000000078e8f000-0x0000000078ecbfff] usable
[    0.000000] BIOS-e820: [mem 0x0000000078ecc000-0x0000000078efefff] reserved
[    0.000000] BIOS-e820: [mem 0x0000000078eff000-0x0000000078f84fff] usable
[    0.000000] BIOS-e820: [mem 0x0000000078f85000-0x0000000078fdefff] reserved
[    0.000000] BIOS-e820: [mem 0x0000000078fdf000-0x0000000078ffffff] usable
[    0.000000] BIOS-e820: [mem 0x0000000079000000-0x000000007f9fffff] reserved
[    0.000000] BIOS-e820: [mem 0x00000000e00f8000-0x00000000e00f8fff] reserved
[    0.000000] BIOS-e820: [mem 0x00000000fed1c000-0x00000000fed1ffff] reserved
[    0.000000] BIOS-e820: [mem 0x00000000ffd70000-0x00000000ffd9ffff] reserved
[    0.000000] BIOS-e820: [mem 0x0000000100000000-0x000000047f5fffff] usable
[    0.000000] NX (Execute Disable) protection: active
[    0.000000] e820: update [mem 0x66282710-0x66282ad2] usable ==> usable
[    0.000000] e820: update [mem 0x66282710-0x66282ad2] usable ==> usable
[    0.000000] extended physical RAM map:
[    0.000000] reserve setup_data: [mem 0x0000000000000000-0x0000000000057fff] usable
[    0.000000] reserve setup_data: [mem 0x0000000000058000-0x0000000000058fff] reserved
[    0.000000] reserve setup_data: [mem 0x0000000000059000-0x000000000009ffff] usable
[    0.000000] reserve setup_data: [mem 0x00000000000a0000-0x00000000000bffff] reserved
[    0.000000] reserve setup_data: [mem 0x0000000000100000-0x000000006628270f] usable
[    0.000000] reserve setup_data: [mem 0x0000000066282710-0x0000000066282ad2] usable
[    0.000000] reserve setup_data: [mem 0x0000000066282ad3-0x0000000078d00fff] usable
[    0.000000] reserve setup_data: [mem 0x0000000078d01000-0x0000000078d48fff] ACPI NVS
[    0.000000] reserve setup_data: [mem 0x0000000078d49000-0x0000000078d5cfff] usable
[    0.000000] reserve setup_data: [mem 0x0000000078d5d000-0x0000000078d8efff] ACPI data
[    0.000000] reserve setup_data: [mem 0x0000000078d8f000-0x0000000078e39fff] usable
[    0.000000] reserve setup_data: [mem 0x0000000078e3a000-0x0000000078e8efff] reserved
[    0.000000] reserve setup_data: [mem 0x0000000078e8f000-0x0000000078ecbfff] usable
[    0.000000] reserve setup_data: [mem 0x0000000078ecc000-0x0000000078efefff] reserved
[    0.000000] reserve setup_data: [mem 0x0000000078eff000-0x0000000078f84fff] usable
[    0.000000] reserve setup_data: [mem 0x0000000078f85000-0x0000000078fdefff] reserved
[    0.000000] reserve setup_data: [mem 0x0000000078fdf000-0x0000000078ffffff] usable
[    0.000000] reserve setup_data: [mem 0x0000000079000000-0x000000007f9fffff] reserved
[    0.000000] reserve setup_data: [mem 0x00000000e00f8000-0x00000000e00f8fff] reserved
[    0.000000] reserve setup_data: [mem 0x00000000fed1c000-0x00000000fed1ffff] reserved
[    0.000000] reserve setup_data: [mem 0x00000000ffd70000-0x00000000ffd9ffff] reserved
[    0.000000] reserve setup_data: [mem 0x0000000100000000-0x000000047f5fffff] usable
[    0.000000] efi: EFI v1.10 by Apple
[    0.000000] efi:  ACPI=0x78d8e000  ACPI 2.0=0x78d8e014  SMBIOS=0x78f8b000 
[    0.000000] SMBIOS 2.7 present.
[    0.000000] DMI: Apple Inc. MacBookPro11,4/Mac-06F11FD93F0323C5, BIOS MBP114.88Z.0184.B00.1806051659 06/05/2018
[    0.000000] tsc: Fast TSC calibration using PIT
[    0.000000] tsc: Detected 2194.921 MHz processor
[    0.000113] e820: update [mem 0x00000000-0x00000fff] usable ==> reserved
[    0.000114] e820: remove [mem 0x000a0000-0x000fffff] usable
[    0.000119] last_pfn = 0x47f600 max_arch_pfn = 0x400000000
[    0.000122] MTRR default type: write-back
[    0.000123] MTRR fixed ranges enabled:
[    0.000124]   00000-9FFFF write-back
[    0.000125]   A0000-BFFFF uncachable
[    0.000125]   C0000-DFFFF write-protect
[    0.000126]   E0000-FFFFF uncachable
[    0.000126] MTRR variable ranges enabled:
[    0.000127]   0 base 0080000000 mask 7F80000000 uncachable
[    0.000128]   1 base 007C000000 mask 7FFC000000 uncachable
[    0.000128]   2 base 007A000000 mask 7FFE000000 uncachable
[    0.000129]   3 base 0079000000 mask 7FFF000000 uncachable
[    0.000129]   4 disabled
[    0.000129]   5 disabled
[    0.000130]   6 disabled
[    0.000130]   7 disabled
[    0.000130]   8 disabled
[    0.000131]   9 disabled
[    0.009928] x86/PAT: Configuration [0-7]: WB  WC  UC- UC  WB  WP  UC- WT  
[    0.010020] last_pfn = 0x79000 max_arch_pfn = 0x400000000
[    0.021565] Base memory trampoline at [(____ptrval____)] 99000 size 24576
[    0.021568] Using GB pages for direct mapping
[    0.021570] BRK [0x240e01000, 0x240e01fff] PGTABLE
[    0.021572] BRK [0x240e02000, 0x240e02fff] PGTABLE
[    0.021572] BRK [0x240e03000, 0x240e03fff] PGTABLE
[    0.021591] BRK [0x240e04000, 0x240e04fff] PGTABLE
[    0.021592] BRK [0x240e05000, 0x240e05fff] PGTABLE
[    0.021635] BRK [0x240e06000, 0x240e06fff] PGTABLE
[    0.021646] BRK [0x240e07000, 0x240e07fff] PGTABLE
[    0.021678] BRK [0x240e08000, 0x240e08fff] PGTABLE
[    0.021750] Secure boot disabled
[    0.021751] RAMDISK: [mem 0x42ab8000-0x48560fff]
[    0.021761] ACPI: Early table checksum verification disabled
[    0.021764] ACPI: RSDP 0x0000000078D8E014 000024 (v02 APPLE )
[    0.021767] ACPI: XSDT 0x0000000078D8E1C0 0000A4 (v01 APPLE  Apple00  00000000      01000013)
[    0.021770] ACPI: FACP 0x0000000078D8C000 0000F4 (v05 APPLE  Apple00  00000000 Loki 0000005F)
[    0.021773] ACPI BIOS Warning (bug): 32/64X length mismatch in FADT/Gpe0Block: 128/0 (20181213/tbfadt-569)
[    0.021775] ACPI: DSDT 0x0000000078D7F000 007331 (v03 APPLE  MacBookP 00110004 INTL 20140424)
[    0.021777] ACPI: FACS 0x0000000078D06000 000040
[    0.021779] ACPI: FACS 0x0000000078D06000 000040
[    0.021780] ACPI: HPET 0x0000000078D8B000 000038 (v01 APPLE  Apple00  00000001 Loki 0000005F)
[    0.021782] ACPI: APIC 0x0000000078D8A000 0000BC (v02 APPLE  Apple00  00000001 Loki 0000005F)
[    0.021784] ACPI: SBST 0x0000000078D88000 000030 (v01 APPLE  Apple00  00000001 Loki 0000005F)
[    0.021785] ACPI: ECDT 0x0000000078D87000 000053 (v01 APPLE  Apple00  00000001 Loki 0000005F)
[    0.021787] ACPI: SSDT 0x0000000078D7E000 000024 (v01 APPLE  SataAhci 00001000 INTL 20140424)
[    0.021789] ACPI: SSDT 0x0000000078D7D000 000024 (v01 APPLE  SmcDppt  00001000 INTL 20140424)
[    0.021791] ACPI: SSDT 0x0000000078D7C000 000032 (v01 APPLE  SsdtS3   00001000 INTL 20140424)
[    0.021792] ACPI: SSDT 0x0000000078D68000 0086DA (v01 APPLE  TbtPEG11 00001000 INTL 20140424)
[    0.021794] ACPI: SSDT 0x0000000078D67000 0000B8 (v01 APPLE  Sdxc     00001000 INTL 20140424)
[    0.021796] ACPI: SSDT 0x0000000078D66000 000A7B (v02 APPLE  Xhci     00001000 INTL 20140424)
[    0.021798] ACPI: SSDT 0x0000000078D64000 000341 (v01 APPLE  PEG0SSD0 00001000 INTL 20140424)
[    0.021799] ACPI: SSDT 0x0000000078D5F000 00069C (v01 PmRef  Cpu0Ist  00003000 INTL 20140424)
[    0.021801] ACPI: SSDT 0x0000000078D5E000 000C17 (v01 CpuRef CpuSsdt  00003000 INTL 20140424)
[    0.021803] ACPI: DMAR 0x0000000078D5D000 000088 (v01 APPLE  BDW      00000001 INTL 00000001)
[    0.021805] ACPI: MCFG 0x0000000078D89000 00003C (v01 APPLE  Apple00  00000001 Loki 0000005F)
[    0.021810] ACPI: DMI detected to setup _OSI("Darwin"): Apple hardware
[    0.021811] ACPI: Local APIC address 0xfee00000
[    0.021883] No NUMA configuration found
[    0.021883] Faking a node at [mem 0x0000000000000000-0x000000047f5fffff]
[    0.021891] NODE_DATA(0) allocated [mem 0x47f5d5000-0x47f5fffff]
[    0.051461] Zone ranges:
[    0.051462]   DMA      [mem 0x0000000000001000-0x0000000000ffffff]
[    0.051463]   DMA32    [mem 0x0000000001000000-0x00000000ffffffff]
[    0.051464]   Normal   [mem 0x0000000100000000-0x000000047f5fffff]
[    0.051465]   Device   empty
[    0.051465] Movable zone start for each node
[    0.051468] Early memory node ranges
[    0.051469]   node   0: [mem 0x0000000000001000-0x0000000000057fff]
[    0.051469]   node   0: [mem 0x0000000000059000-0x000000000009ffff]
[    0.051470]   node   0: [mem 0x0000000000100000-0x0000000078d00fff]
[    0.051470]   node   0: [mem 0x0000000078d49000-0x0000000078d5cfff]
[    0.051470]   node   0: [mem 0x0000000078d8f000-0x0000000078e39fff]
[    0.051471]   node   0: [mem 0x0000000078e8f000-0x0000000078ecbfff]
[    0.051471]   node   0: [mem 0x0000000078eff000-0x0000000078f84fff]
[    0.051471]   node   0: [mem 0x0000000078fdf000-0x0000000078ffffff]
[    0.051472]   node   0: [mem 0x0000000100000000-0x000000047f5fffff]
[    0.051833] Zeroed struct page in unavailable ranges: 29118 pages
[    0.051834] Initmem setup node 0 [mem 0x0000000000001000-0x000000047f5fffff]
[    0.051835] On node 0 totalpages: 4162626
[    0.051836]   DMA zone: 64 pages used for memmap
[    0.051837]   DMA zone: 22 pages reserved
[    0.051837]   DMA zone: 3998 pages, LIFO batch:0
[    0.051908]   DMA32 zone: 7675 pages used for memmap
[    0.051909]   DMA32 zone: 491172 pages, LIFO batch:63
[    0.063777]   Normal zone: 57304 pages used for memmap
[    0.063778]   Normal zone: 3667456 pages, LIFO batch:63
[    0.133557] Reserving Intel graphics memory at [mem 0x79a00000-0x7f9fffff]
[    0.133622] ACPI: PM-Timer IO Port: 0x1808
[    0.133623] ACPI: Local APIC address 0xfee00000
[    0.133629] ACPI: LAPIC_NMI (acpi_id[0x01] high edge lint[0x1])
[    0.133629] ACPI: LAPIC_NMI (acpi_id[0x02] high edge lint[0x1])
[    0.133629] ACPI: LAPIC_NMI (acpi_id[0x03] high edge lint[0x1])
[    0.133630] ACPI: LAPIC_NMI (acpi_id[0x04] high edge lint[0x1])
[    0.133630] ACPI: LAPIC_NMI (acpi_id[0x05] high edge lint[0x1])
[    0.133631] ACPI: LAPIC_NMI (acpi_id[0x06] high edge lint[0x1])
[    0.133631] ACPI: LAPIC_NMI (acpi_id[0x07] high edge lint[0x1])
[    0.133631] ACPI: LAPIC_NMI (acpi_id[0x08] high edge lint[0x1])
[    0.133645] IOAPIC[0]: apic_id 2, version 32, address 0xfec00000, GSI 0-23
[    0.133646] ACPI: INT_SRC_OVR (bus 0 bus_irq 0 global_irq 2 dfl dfl)
[    0.133647] ACPI: INT_SRC_OVR (bus 0 bus_irq 9 global_irq 9 high level)
[    0.133648] ACPI: IRQ0 used by override.
[    0.133649] ACPI: IRQ9 used by override.
[    0.133650] Using ACPI (MADT) for SMP configuration information
[    0.133651] ACPI: HPET id: 0x8086a201 base: 0xfed00000
[    0.133654] smpboot: Allowing 8 CPUs, 0 hotplug CPUs
[    0.133668] PM: Registered nosave memory: [mem 0x00000000-0x00000fff]
[    0.133669] PM: Registered nosave memory: [mem 0x00058000-0x00058fff]
[    0.133670] PM: Registered nosave memory: [mem 0x000a0000-0x000bffff]
[    0.133670] PM: Registered nosave memory: [mem 0x000c0000-0x000fffff]
[    0.133671] PM: Registered nosave memory: [mem 0x66282000-0x66282fff]
[    0.133672] PM: Registered nosave memory: [mem 0x66282000-0x66282fff]
[    0.133673] PM: Registered nosave memory: [mem 0x78d01000-0x78d48fff]
[    0.133674] PM: Registered nosave memory: [mem 0x78d5d000-0x78d8efff]
[    0.133675] PM: Registered nosave memory: [mem 0x78e3a000-0x78e8efff]
[    0.133676] PM: Registered nosave memory: [mem 0x78ecc000-0x78efefff]
[    0.133677] PM: Registered nosave memory: [mem 0x78f85000-0x78fdefff]
[    0.133678] PM: Registered nosave memory: [mem 0x79000000-0x7f9fffff]
[    0.133678] PM: Registered nosave memory: [mem 0x7fa00000-0xe00f7fff]
[    0.133679] PM: Registered nosave memory: [mem 0xe00f8000-0xe00f8fff]
[    0.133679] PM: Registered nosave memory: [mem 0xe00f9000-0xfed1bfff]
[    0.133679] PM: Registered nosave memory: [mem 0xfed1c000-0xfed1ffff]
[    0.133680] PM: Registered nosave memory: [mem 0xfed20000-0xffd6ffff]
[    0.133680] PM: Registered nosave memory: [mem 0xffd70000-0xffd9ffff]
[    0.133680] PM: Registered nosave memory: [mem 0xffda0000-0xffffffff]
[    0.133682] [mem 0x7fa00000-0xe00f7fff] available for PCI devices
[    0.133684] Booting paravirtualized kernel on bare hardware
[    0.133686] clocksource: refined-jiffies: mask: 0xffffffff max_cycles: 0xffffffff, max_idle_ns: 1910969940391419 ns
[    0.228849] random: get_random_bytes called from start_kernel+0x93/0x503 with crng_init=0
[    0.228855] setup_percpu: NR_CPUS:64 nr_cpumask_bits:64 nr_cpu_ids:8 nr_node_ids:1
[    0.229027] percpu: Embedded 44 pages/cpu @(____ptrval____) s143360 r8192 d28672 u262144
[    0.229031] pcpu-alloc: s143360 r8192 d28672 u262144 alloc=1*2097152
[    0.229033] pcpu-alloc: [0] 0 1 2 3 4 5 6 7 
[    0.229049] Built 1 zonelists, mobility grouping on.  Total pages: 4097561
[    0.229049] Policy zone: Normal
[    0.229050] Kernel command line: BOOT_IMAGE=/vmlinuz-5.0.0-rc6+ root=/dev/mapper/im--mac-root ro resume=/dev/mapper/im--mac-swap rd.lvm.lv=im-mac/root rd.luks.uuid=luks-dd1fa933-ef9f-402b-a2e4-7c9d6fb7ce0d rd.lvm.lv=im-mac/swap rhgb quiet hid_apple.fnmode=2 hid_apple.iso_layout=0 usbcore.quirks=05ac:8406:p
[    0.274173] Memory: 15843916K/16650504K available (12291K kernel code, 1404K rwdata, 4028K rodata, 2152K init, 4944K bss, 806588K reserved, 0K cma-reserved)
[    0.274302] SLUB: HWalign=64, Order=0-3, MinObjects=0, CPUs=8, Nodes=1
[    0.274309] Kernel/User page tables isolation: enabled
[    0.274329] ftrace: allocating 38170 entries in 150 pages
[    0.287499] rcu: Hierarchical RCU implementation.
[    0.287500] rcu: 	RCU restricting CPUs from NR_CPUS=64 to nr_cpu_ids=8.
[    0.287501] rcu: RCU calculated value of scheduler-enlistment delay is 100 jiffies.
[    0.287502] rcu: Adjusting geometry for rcu_fanout_leaf=16, nr_cpu_ids=8
[    0.289376] NR_IRQS: 4352, nr_irqs: 488, preallocated irqs: 16
[    0.289503] rcu: 	Offload RCU callbacks from CPUs: (none).
[    0.289545] Console: colour dummy device 80x25
[    0.289550] printk: console [tty0] enabled
[    0.289561] ACPI: Core revision 20181213
[    0.289766] clocksource: hpet: mask: 0xffffffff max_cycles: 0xffffffff, max_idle_ns: 133484882848 ns
[    0.289774] hpet clockevent registered
[    0.289777] APIC: Switch to symmetric I/O mode setup
[    0.289779] DMAR: Host address width 39
[    0.289780] DMAR: DRHD base: 0x000000fed90000 flags: 0x0
[    0.289783] DMAR: dmar0: reg_base_addr fed90000 ver 1:0 cap c0000020660462 ecap f0101a
[    0.289783] DMAR: DRHD base: 0x000000fed91000 flags: 0x1
[    0.289785] DMAR: dmar1: reg_base_addr fed91000 ver 1:0 cap d2008c20660462 ecap f010da
[    0.289786] DMAR: RMRR base: 0x00000079800000 end: 0x0000007f9fffff
[    0.289789] DMAR-IR: IOAPIC id 2 under DRHD base  0xfed91000 IOMMU 1
[    0.289789] DMAR-IR: HPET id 0 under DRHD base 0xfed91000
[    0.289790] DMAR-IR: x2apic is disabled because BIOS sets x2apic opt out bit.
[    0.289790] DMAR-IR: Use 'intremap=no_x2apic_optout' to override the BIOS setting.
[    0.290220] DMAR-IR: Enabled IRQ remapping in xapic mode
[    0.290220] x2apic: IRQ remapping doesn't support X2APIC mode
[    0.290607] ..TIMER: vector=0x30 apic1=0 pin1=2 apic2=-1 pin2=-1
[    0.294783] clocksource: tsc-early: mask: 0xffffffffffffffff max_cycles: 0x1fa374f0c85, max_idle_ns: 440795311870 ns
[    0.294793] Calibrating delay loop (skipped), value calculated using timer frequency.. 4389.84 BogoMIPS (lpj=2194921)
[    0.294794] pid_max: default: 32768 minimum: 301
[    0.305784] LSM: Security Framework initializing
[    0.305786] Yama: becoming mindful.
[    0.305789] SELinux:  Initializing.
[    0.308492] Dentry cache hash table entries: 2097152 (order: 12, 16777216 bytes)
[    0.309676] Inode-cache hash table entries: 1048576 (order: 11, 8388608 bytes)
[    0.309723] Mount-cache hash table entries: 32768 (order: 6, 262144 bytes)
[    0.309763] Mountpoint-cache hash table entries: 32768 (order: 6, 262144 bytes)
[    0.309939] ENERGY_PERF_BIAS: Set to 'normal', was 'performance'
[    0.309940] ENERGY_PERF_BIAS: View and update with x86_energy_perf_policy(8)
[    0.309944] mce: CPU supports 10 MCE banks
[    0.309952] mce: CPU0: Thermal monitoring enabled (TM1)
[    0.309964] process: using mwait in idle threads
[    0.309966] Last level iTLB entries: 4KB 1024, 2MB 1024, 4MB 1024
[    0.309967] Last level dTLB entries: 4KB 1024, 2MB 1024, 4MB 1024, 1GB 4
[    0.309969] Spectre V2 : Mitigation: Full generic retpoline
[    0.309969] Spectre V2 : Spectre v2 / SpectreRSB mitigation: Filling RSB on context switch
[    0.309969] Spectre V2 : Enabling Restricted Speculation for firmware calls
[    0.309975] Spectre V2 : mitigation: Enabling conditional Indirect Branch Prediction Barrier
[    0.309976] Spectre V2 : User space: Mitigation: STIBP via seccomp and prctl
[    0.309977] Speculative Store Bypass: Mitigation: Speculative Store Bypass disabled via prctl and seccomp
[    0.310142] Freeing SMP alternatives memory: 36K
[    0.311246] TSC deadline timer enabled
[    0.311249] smpboot: CPU0: Intel(R) Core(TM) i7-4770HQ CPU @ 2.20GHz (family: 0x6, model: 0x46, stepping: 0x1)
[    0.311317] Performance Events: PEBS fmt2+, Haswell events, 16-deep LBR, full-width counters, Intel PMU driver.
[    0.311354] ... version:                3
[    0.311354] ... bit width:              48
[    0.311354] ... generic registers:      4
[    0.311355] ... value mask:             0000ffffffffffff
[    0.311355] ... max period:             00007fffffffffff
[    0.311356] ... fixed-purpose events:   3
[    0.311356] ... event mask:             000000070000000f
[    0.311383] rcu: Hierarchical SRCU implementation.
[    0.311784] random: crng done (trusting CPU's manufacturer)
[    0.311784] NMI watchdog: Enabled. Permanently consumes one hw-PMU counter.
[    0.311807] smp: Bringing up secondary CPUs ...
[    0.311868] x86: Booting SMP configuration:
[    0.311869] .... node  #0, CPUs:      #1 #2 #3 #4 #5 #6 #7
[    0.359788] smp: Brought up 1 node, 8 CPUs
[    0.359790] smpboot: Max logical packages: 1
[    0.359791] smpboot: Total of 8 processors activated (35118.73 BogoMIPS)
[    0.361157] devtmpfs: initialized
[    0.361157] x86/mm: Memory block size: 128MB
[    0.362033] PM: Registering ACPI NVS region [mem 0x78d01000-0x78d48fff] (294912 bytes)
[    0.362033] clocksource: jiffies: mask: 0xffffffff max_cycles: 0xffffffff, max_idle_ns: 1911260446275000 ns
[    0.362033] futex hash table entries: 2048 (order: 5, 131072 bytes)
[    0.362033] pinctrl core: initialized pinctrl subsystem
[    0.362033] RTC time: 08:23:13, date: 2019-02-12
[    0.362122] NET: Registered protocol family 16
[    0.362213] audit: initializing netlink subsys (disabled)
[    0.362217] audit: type=2000 audit(1549959793.072:1): state=initialized audit_enabled=0 res=1
[    0.362217] cpuidle: using governor menu
[    0.362217] ACPI: bus type PCI registered
[    0.362217] acpiphp: ACPI Hot Plug PCI Controller Driver version: 0.5
[    0.362217] PCI: MMCONFIG for domain 0000 [bus 00-9b] at [mem 0xe0000000-0xe9bfffff] (base 0xe0000000)
[    0.362217] PCI: not using MMCONFIG
[    0.362217] PCI: Using configuration type 1 for base access
[    0.362217] core: PMU erratum BJ122, BV98, HSD29 worked around, HT is on
[    0.363809] HugeTLB registered 1.00 GiB page size, pre-allocated 0 pages
[    0.363809] HugeTLB registered 2.00 MiB page size, pre-allocated 0 pages
[    0.363809] cryptd: max_cpu_qlen set to 1000
[    0.363827] ACPI: Disabled all _OSI OS vendors
[    0.363829] ACPI: Added _OSI(Module Device)
[    0.363829] ACPI: Added _OSI(Processor Device)
[    0.363830] ACPI: Added _OSI(3.0 _SCP Extensions)
[    0.363830] ACPI: Added _OSI(Processor Aggregator Device)
[    0.363831] ACPI: Added _OSI(Linux-Dell-Video)
[    0.363832] ACPI: Added _OSI(Linux-Lenovo-NV-HDMI-Audio)
[    0.363832] ACPI: Added _OSI(Linux-HPI-Hybrid-Graphics)
[    0.363833] ACPI: Added _OSI(Darwin)
[    0.375332] ACPI: 10 ACPI AML tables successfully acquired and loaded
[    0.375939] ACPI: EC: EC started
[    0.375940] ACPI: EC: interrupt blocked
[    0.377669] ACPI: \: Used as first EC
[    0.377670] ACPI: \: GPE=0x17, EC_CMD/EC_SC=0x66, EC_DATA=0x62
[    0.377671] ACPI: \: Used as boot ECDT EC to handle transactions
[    0.378381] ACPI: BIOS _OSI(Darwin) query honored via DMI
[    0.378905] ACPI: [Firmware Bug]: BIOS _OSI(Linux) query ignored
[    0.379020] ACPI Error: Needed type [Reference], found [Integer] 0000000089587f93 (20181213/exresop-69)
[    0.379023] ACPI Error: AE_AML_OPERAND_TYPE, While resolving operands for [OpcodeName unavailable] (20181213/dswexec-427)
[    0.379025] ACPI Error: Method parse/execution failed \_PR.CPU0._PDC, AE_AML_OPERAND_TYPE (20181213/psparse-531)
[    0.379211] ACPI: Dynamic OEM Table Load:
[    0.379217] ACPI: SSDT 0xFFFF97FE6CB4B000 00067C (v01 PmRef  ApIst    00003000 INTL 20140424)
[    0.379588] ACPI: Dynamic OEM Table Load:
[    0.379592] ACPI: SSDT 0xFFFF97FE6CB9B000 000119 (v01 PmRef  ApCst    00003000 INTL 20140424)
[    0.380644] ACPI: Interpreter enabled
[    0.380659] ACPI: (supports S0 S3 S4 S5)
[    0.380660] ACPI: Using IOAPIC for interrupt routing
[    0.380676] PCI: MMCONFIG for domain 0000 [bus 00-9b] at [mem 0xe0000000-0xe9bfffff] (base 0xe0000000)
[    0.381044] PCI: MMCONFIG at [mem 0xe0000000-0xe9bfffff] reserved in ACPI motherboard resources
[    0.381052] PCI: Using host bridge windows from ACPI; if necessary, use "pci=nocrs" and report a bug
[    0.381230] ACPI: Enabled 7 GPEs in block 00 to 3F
[    0.388505] ACPI: PCI Root Bridge [PCI0] (domain 0000 [bus 00-ff])
[    0.388508] acpi PNP0A08:00: _OSC: OS assumes control of [PCIeHotplug SHPCHotplug AER PCIeCapability LTR]
[    0.388518] acpi PNP0A08:00: [Firmware Info]: MMCONFIG for domain 0000 [bus 00-9b] only partially covers this bridge
[    0.388720] PCI host bridge to bus 0000:00
[    0.388722] pci_bus 0000:00: root bus resource [io  0x0000-0x0cf7 window]
[    0.388723] pci_bus 0000:00: root bus resource [io  0x0d00-0xffff window]
[    0.388724] pci_bus 0000:00: root bus resource [mem 0x000a0000-0x000bffff window]
[    0.388725] pci_bus 0000:00: root bus resource [mem 0x000c0000-0x000c3fff window]
[    0.388726] pci_bus 0000:00: root bus resource [mem 0x000c4000-0x000c7fff window]
[    0.388726] pci_bus 0000:00: root bus resource [mem 0x000c8000-0x000cbfff window]
[    0.388727] pci_bus 0000:00: root bus resource [mem 0x000cc000-0x000cffff window]
[    0.388728] pci_bus 0000:00: root bus resource [mem 0x000d0000-0x000d3fff window]
[    0.388729] pci_bus 0000:00: root bus resource [mem 0x000d4000-0x000d7fff window]
[    0.388730] pci_bus 0000:00: root bus resource [mem 0x000d8000-0x000dbfff window]
[    0.388731] pci_bus 0000:00: root bus resource [mem 0x000dc000-0x000dffff window]
[    0.388732] pci_bus 0000:00: root bus resource [mem 0x000e0000-0x000e3fff window]
[    0.388733] pci_bus 0000:00: root bus resource [mem 0x000e4000-0x000e7fff window]
[    0.388734] pci_bus 0000:00: root bus resource [mem 0x000e8000-0x000ebfff window]
[    0.388735] pci_bus 0000:00: root bus resource [mem 0x000ec000-0x000effff window]
[    0.388736] pci_bus 0000:00: root bus resource [mem 0x000f0000-0x000fffff window]
[    0.388736] pci_bus 0000:00: root bus resource [mem 0x7fa00000-0xfeafffff window]
[    0.388737] pci_bus 0000:00: root bus resource [mem 0xfed40000-0xfed44fff window]
[    0.388739] pci_bus 0000:00: root bus resource [bus 00-ff]
[    0.388745] pci 0000:00:00.0: [8086:0d04] type 00 class 0x060000
[    0.388813] pci 0000:00:01.0: [8086:0d01] type 01 class 0x060400
[    0.388844] pci 0000:00:01.0: PME# supported from D0 D3hot D3cold
[    0.388890] pci 0000:00:01.1: [8086:0d05] type 01 class 0x060400
[    0.388918] pci 0000:00:01.1: PME# supported from D0 D3hot D3cold
[    0.388990] pci 0000:00:02.0: [8086:0d26] type 00 class 0x030000
[    0.388998] pci 0000:00:02.0: reg 0x10: [mem 0xa0000000-0xa03fffff 64bit]
[    0.389003] pci 0000:00:02.0: reg 0x18: [mem 0x90000000-0x9fffffff 64bit pref]
[    0.389006] pci 0000:00:02.0: reg 0x20: [io  0x3000-0x303f]
[    0.389015] pci 0000:00:02.0: BAR 2: assigned to efifb
[    0.389064] pci 0000:00:03.0: [8086:0d0c] type 00 class 0x040300
[    0.389071] pci 0000:00:03.0: reg 0x10: [mem 0xa0c10000-0xa0c13fff 64bit]
[    0.389149] pci 0000:00:14.0: [8086:8c31] type 00 class 0x0c0330
[    0.389167] pci 0000:00:14.0: reg 0x10: [mem 0xa0c00000-0xa0c0ffff 64bit]
[    0.389217] pci 0000:00:14.0: PME# supported from D3hot D3cold
[    0.389293] pci 0000:00:16.0: [8086:8c3a] type 00 class 0x078000
[    0.389312] pci 0000:00:16.0: reg 0x10: [mem 0xa0c19100-0xa0c1910f 64bit]
[    0.389365] pci 0000:00:16.0: PME# supported from D0 D3hot D3cold
[    0.389421] pci 0000:00:1b.0: [8086:8c20] type 00 class 0x040300
[    0.389437] pci 0000:00:1b.0: reg 0x10: [mem 0xa0c14000-0xa0c17fff 64bit]
[    0.389495] pci 0000:00:1b.0: PME# supported from D0 D3hot D3cold
[    0.389545] pci 0000:00:1c.0: [8086:8c10] type 01 class 0x060400
[    0.389586] pci 0000:00:1c.0: claimed MacBook Pro poweroff workaround [mem 0x7fa00000-0x7fbfffff]
[    0.389631] pci 0000:00:1c.0: PME# supported from D0 D3hot D3cold
[    0.389691] pci 0000:00:1c.2: [8086:8c14] type 01 class 0x060400
[    0.389760] pci 0000:00:1c.2: PME# supported from D0 D3hot D3cold
[    0.389818] pci 0000:00:1c.3: [8086:8c16] type 01 class 0x060400
[    0.389887] pci 0000:00:1c.3: PME# supported from D0 D3hot D3cold
[    0.389949] pci 0000:00:1f.0: [8086:8c4b] type 00 class 0x060100
[    0.390083] pci 0000:00:1f.3: [8086:8c22] type 00 class 0x0c0500
[    0.390098] pci 0000:00:1f.3: reg 0x10: [mem 0xa0c19000-0xa0c190ff 64bit]
[    0.390115] pci 0000:00:1f.3: reg 0x20: [io  0xefa0-0xefbf]
[    0.390173] pci 0000:00:1f.6: [8086:8c24] type 00 class 0x118000
[    0.390193] pci 0000:00:1f.6: reg 0x10: [mem 0xa0c18000-0xa0c18fff 64bit]
[    0.390342] pci 0000:01:00.0: [144d:a801] type 00 class 0x010601
[    0.390376] pci 0000:01:00.0: reg 0x24: [mem 0xa0b00000-0xa0b01fff]
[    0.390501] pci 0000:00:01.0: PCI bridge to [bus 01]
[    0.390503] pci 0000:00:01.0:   bridge window [mem 0xa0b00000-0xa0bfffff]
[    0.390551] pci 0000:05:00.0: [8086:156d] type 01 class 0x060400
[    0.390630] pci 0000:05:00.0: supports D1 D2
[    0.390631] pci 0000:05:00.0: PME# supported from D0 D1 D2 D3hot D3cold
[    0.390714] pci 0000:00:01.1: PCI bridge to [bus 05-9b]
[    0.390716] pci 0000:00:01.1:   bridge window [io  0x4000-0x6fff]
[    0.390718] pci 0000:00:01.1:   bridge window [mem 0xa0d00000-0xacdfffff]
[    0.390720] pci 0000:00:01.1:   bridge window [mem 0xace00000-0xb8dfffff 64bit pref]
[    0.390801] pci 0000:06:00.0: [8086:156d] type 01 class 0x060400
[    0.390889] pci 0000:06:00.0: supports D1 D2
[    0.390890] pci 0000:06:00.0: PME# supported from D0 D1 D2 D3hot D3cold
[    0.390953] pci 0000:06:03.0: [8086:156d] type 01 class 0x060400
[    0.391039] pci 0000:06:03.0: supports D1 D2
[    0.391040] pci 0000:06:03.0: PME# supported from D0 D1 D2 D3hot D3cold
[    0.391098] pci 0000:06:04.0: [8086:156d] type 01 class 0x060400
[    0.391184] pci 0000:06:04.0: supports D1 D2
[    0.391185] pci 0000:06:04.0: PME# supported from D0 D1 D2 D3hot D3cold
[    0.391244] pci 0000:06:05.0: [8086:156d] type 01 class 0x060400
[    0.391330] pci 0000:06:05.0: supports D1 D2
[    0.391330] pci 0000:06:05.0: PME# supported from D0 D1 D2 D3hot D3cold
[    0.391389] pci 0000:06:06.0: [8086:156d] type 01 class 0x060400
[    0.391475] pci 0000:06:06.0: supports D1 D2
[    0.391475] pci 0000:06:06.0: PME# supported from D0 D1 D2 D3hot D3cold
[    0.391544] pci 0000:05:00.0: PCI bridge to [bus 06-6b]
[    0.391548] pci 0000:05:00.0:   bridge window [io  0x4000-0x5fff]
[    0.391550] pci 0000:05:00.0:   bridge window [mem 0xa0d00000-0xa8dfffff]
[    0.391554] pci 0000:05:00.0:   bridge window [mem 0xace00000-0xb4dfffff 64bit pref]
[    0.391600] pci 0000:07:00.0: [8086:156c] type 00 class 0x088000
[    0.391625] pci 0000:07:00.0: reg 0x10: [mem 0xa0d00000-0xa0d3ffff]
[    0.391633] pci 0000:07:00.0: reg 0x14: [mem 0xa0d40000-0xa0d40fff]
[    0.391752] pci 0000:07:00.0: supports D1 D2
[    0.391753] pci 0000:07:00.0: PME# supported from D0 D1 D2 D3hot D3cold
[    0.391895] pci 0000:06:00.0: PCI bridge to [bus 07]
[    0.391901] pci 0000:06:00.0:   bridge window [mem 0xa0d00000-0xa0dfffff]
[    0.391954] pci 0000:06:03.0: PCI bridge to [bus 08-38]
[    0.391958] pci 0000:06:03.0:   bridge window [io  0x4000-0x4fff]
[    0.391961] pci 0000:06:03.0:   bridge window [mem 0xa0e00000-0xa4dfffff]
[    0.391965] pci 0000:06:03.0:   bridge window [mem 0xace00000-0xb0dfffff 64bit pref]
[    0.392014] pci 0000:06:04.0: PCI bridge to [bus 39]
[    0.392069] pci 0000:06:05.0: PCI bridge to [bus 3a-6a]
[    0.392073] pci 0000:06:05.0:   bridge window [io  0x5000-0x5fff]
[    0.392075] pci 0000:06:05.0:   bridge window [mem 0xa4e00000-0xa8dfffff]
[    0.392079] pci 0000:06:05.0:   bridge window [mem 0xb0e00000-0xb4dfffff 64bit pref]
[    0.392105] pci 0000:06:06.0: PCI bridge to [bus 6b]
[    0.392172] pci 0000:00:1c.0: PCI bridge to [bus 02]
[    0.392266] pci 0000:03:00.0: [14e4:43ba] type 00 class 0x028000
[    0.392329] pci 0000:03:00.0: reg 0x10: [mem 0xa0800000-0xa0807fff 64bit]
[    0.392356] pci 0000:03:00.0: reg 0x18: [mem 0xa0400000-0xa07fffff 64bit]
[    0.392561] pci 0000:03:00.0: supports D1 D2
[    0.392562] pci 0000:03:00.0: PME# supported from D0 D1 D2 D3hot D3cold
[    0.392791] pci 0000:00:1c.2: PCI bridge to [bus 03]
[    0.392795] pci 0000:00:1c.2:   bridge window [mem 0xa0400000-0xa08fffff]
[    0.392851] pci 0000:04:00.0: [14e4:1570] type 00 class 0x048000
[    0.392882] pci 0000:04:00.0: reg 0x10: [mem 0xa0a00000-0xa0a0ffff 64bit]
[    0.392897] pci 0000:04:00.0: reg 0x18: [mem 0x80000000-0x8fffffff 64bit pref]
[    0.392912] pci 0000:04:00.0: reg 0x20: [mem 0xa0900000-0xa09fffff 64bit]
[    0.392997] pci 0000:04:00.0: supports D1
[    0.392998] pci 0000:04:00.0: PME# supported from D0 D3hot
[    0.393105] pci 0000:00:1c.3: PCI bridge to [bus 04]
[    0.393109] pci 0000:00:1c.3:   bridge window [mem 0xa0900000-0xa0afffff]
[    0.393114] pci 0000:00:1c.3:   bridge window [mem 0x80000000-0x8fffffff 64bit pref]
[    0.393845] ACPI: PCI Interrupt Link [LNKA] (IRQs 1 3 4 5 6 7 10 12 14 15) *0, disabled.
[    0.393889] ACPI: PCI Interrupt Link [LNKB] (IRQs 1 3 4 5 6 7 11 12 14 15) *0, disabled.
[    0.393934] ACPI: PCI Interrupt Link [LNKC] (IRQs 1 3 4 5 6 7 10 12 14 15) *0, disabled.
[    0.393974] ACPI: PCI Interrupt Link [LNKD] (IRQs 1 3 4 5 6 7 11 12 14 15) *0, disabled.
[    0.394015] ACPI: PCI Interrupt Link [LNKE] (IRQs 1 3 4 5 6 7 10 12 14 15) *0, disabled.
[    0.394060] ACPI: PCI Interrupt Link [LNKF] (IRQs 1 3 4 5 6 7 11 12 14 15) *0, disabled.
[    0.394101] ACPI: PCI Interrupt Link [LNKG] (IRQs 1 3 4 5 6 7 10 12 14 15) *0, disabled.
[    0.394146] ACPI: PCI Interrupt Link [LNKH] (IRQs 1 3 4 5 6 7 11 12 14 15) *0, disabled.
[    0.394289] ACPI: EC: interrupt unblocked
[    0.394306] ACPI: EC: event unblocked
[    0.394311] ACPI: \_SB_.PCI0.LPCB.EC__: GPE=0x17, EC_CMD/EC_SC=0x66, EC_DATA=0x62
[    0.394312] ACPI: \_SB_.PCI0.LPCB.EC__: Used as boot DSDT EC to handle transactions and events
[    0.394354] pci 0000:00:02.0: vgaarb: setting as boot VGA device
[    0.394354] pci 0000:00:02.0: vgaarb: VGA device added: decodes=io+mem,owns=io+mem,locks=none
[    0.394354] pci 0000:00:02.0: vgaarb: bridge control possible
[    0.394354] vgaarb: loaded
[    0.394354] SCSI subsystem initialized
[    0.394354] libata version 3.00 loaded.
[    0.394354] ACPI: bus type USB registered
[    0.394354] usbcore: registered new interface driver usbfs
[    0.394354] usbcore: registered new interface driver hub
[    0.394354] usbcore: registered new device driver usb
[    0.394354] pps_core: LinuxPPS API ver. 1 registered
[    0.394354] pps_core: Software ver. 5.3.6 - Copyright 2005-2007 Rodolfo Giometti <giometti@linux.it>
[    0.394354] PTP clock support registered
[    0.394354] EDAC MC: Ver: 3.0.0
[    0.394354] Registered efivars operations
[    0.448364] PCI: Using ACPI for IRQ routing
[    0.450788] PCI: pci_cache_line_size set to 64 bytes
[    0.450925] e820: reserve RAM buffer [mem 0x00058000-0x0005ffff]
[    0.450926] e820: reserve RAM buffer [mem 0x66282710-0x67ffffff]
[    0.450927] e820: reserve RAM buffer [mem 0x78d01000-0x7bffffff]
[    0.450928] e820: reserve RAM buffer [mem 0x78d5d000-0x7bffffff]
[    0.450929] e820: reserve RAM buffer [mem 0x78e3a000-0x7bffffff]
[    0.450930] e820: reserve RAM buffer [mem 0x78ecc000-0x7bffffff]
[    0.450931] e820: reserve RAM buffer [mem 0x78f85000-0x7bffffff]
[    0.450932] e820: reserve RAM buffer [mem 0x79000000-0x7bffffff]
[    0.450932] e820: reserve RAM buffer [mem 0x47f600000-0x47fffffff]
[    0.451784] NetLabel: Initializing
[    0.451784] NetLabel:  domain hash size = 128
[    0.451784] NetLabel:  protocols = UNLABELED CIPSOv4 CALIPSO
[    0.451784] NetLabel:  unlabeled traffic allowed by default
[    0.451860] hpet0: at MMIO 0xfed00000, IRQs 2, 8, 0, 0, 0, 0, 0, 0
[    0.451863] hpet0: 8 comparators, 64-bit 14.318180 MHz counter
[    0.453801] clocksource: Switched to clocksource tsc-early
[    0.463421] VFS: Disk quotas dquot_6.6.0
[    0.463435] VFS: Dquot-cache hash table entries: 512 (order 0, 4096 bytes)
[    0.463482] pnp: PnP ACPI init
[    0.464115] system 00:00: [mem 0xfed00000-0xfed03fff] has been reserved
[    0.464119] system 00:00: Plug and Play ACPI device, IDs PNP0103 PNP0c01 (active)
[    0.464152] system 00:01: [io  0xffff] has been reserved
[    0.464154] system 00:01: [io  0x1800-0x187f] has been reserved
[    0.464155] system 00:01: [io  0x0800-0x087f] has been reserved
[    0.464158] system 00:01: Plug and Play ACPI device, IDs PNP0c02 (active)
[    0.464170] pnp 00:02: Plug and Play ACPI device, IDs PNP0b00 (active)
[    0.464214] pnp 00:03: Plug and Play ACPI device, IDs APP000b (active)
[    0.464314] system 00:04: [mem 0xfed1c000-0xfed1ffff] has been reserved
[    0.464315] system 00:04: [mem 0xfed10000-0xfed17fff] has been reserved
[    0.464316] system 00:04: [mem 0xfed18000-0xfed18fff] has been reserved
[    0.464317] system 00:04: [mem 0xfed19000-0xfed19fff] has been reserved
[    0.464319] system 00:04: [mem 0xe0000000-0xefffffff] could not be reserved
[    0.464320] system 00:04: [mem 0xfed20000-0xfed3ffff] has been reserved
[    0.464321] system 00:04: [mem 0xfed90000-0xfed93fff] could not be reserved
[    0.464322] system 00:04: [mem 0xfed45000-0xfed8ffff] has been reserved
[    0.464324] system 00:04: [mem 0xff000000-0xffffffff] could not be reserved
[    0.464325] system 00:04: [mem 0xfee00000-0xfeefffff] has been reserved
[    0.464328] system 00:04: Plug and Play ACPI device, IDs PNP0c02 (active)
[    0.464363] system 00:05: [mem 0x20000000-0x201fffff] could not be reserved
[    0.464364] system 00:05: [mem 0x40000000-0x401fffff] could not be reserved
[    0.464367] system 00:05: Plug and Play ACPI device, IDs PNP0c01 (active)
[    0.464473] pnp: PnP ACPI: found 6 devices
[    0.465300] pci 0000:07:00.0: assigning 8 device properties
[    0.465310] pci 0000:00:1b.0: assigning 4 device properties
[    0.465315] pci 0000:00:02.0: assigning 2 device properties
[    0.469885] clocksource: acpi_pm: mask: 0xffffff max_cycles: 0xffffff, max_idle_ns: 2085701024 ns
[    0.469917] pci 0000:06:00.0: bridge window [io  0x1000-0x0fff] to [bus 07] add_size 1000
[    0.469919] pci 0000:06:00.0: bridge window [mem 0x00100000-0x000fffff 64bit pref] to [bus 07] add_size 200000 add_align 100000
[    0.469929] pci 0000:06:04.0: bridge window [io  0x1000-0x0fff] to [bus 39] add_size 1000
[    0.469931] pci 0000:06:04.0: bridge window [mem 0x00100000-0x000fffff 64bit pref] to [bus 39] add_size 200000 add_align 100000
[    0.469932] pci 0000:06:04.0: bridge window [mem 0x00100000-0x000fffff] to [bus 39] add_size 200000 add_align 100000
[    0.469942] pci 0000:06:06.0: bridge window [io  0x1000-0x0fff] to [bus 6b] add_size 1000
[    0.469944] pci 0000:06:06.0: bridge window [mem 0x00100000-0x000fffff 64bit pref] to [bus 6b] add_size 200000 add_align 100000
[    0.469945] pci 0000:06:06.0: bridge window [mem 0x00100000-0x000fffff] to [bus 6b] add_size 200000 add_align 100000
[    0.469963] pci 0000:00:1c.0: bridge window [io  0x1000-0x0fff] to [bus 02] add_size 1000
[    0.469964] pci 0000:00:1c.0: bridge window [mem 0x00100000-0x000fffff 64bit pref] to [bus 02] add_size 200000 add_align 100000
[    0.469966] pci 0000:00:1c.0: bridge window [mem 0x00100000-0x000fffff] to [bus 02] add_size 200000 add_align 100000
[    0.469984] pci 0000:00:1c.0: BAR 14: assigned [mem 0x7fc00000-0x7fdfffff]
[    0.469991] pci 0000:00:1c.0: BAR 15: assigned [mem 0x7fe00000-0x7fffffff 64bit pref]
[    0.469993] pci 0000:00:1c.0: BAR 13: assigned [io  0x2000-0x2fff]
[    0.469995] pci 0000:00:01.0: PCI bridge to [bus 01]
[    0.469997] pci 0000:00:01.0:   bridge window [mem 0xa0b00000-0xa0bfffff]
[    0.470004] pci 0000:06:00.0: BAR 15: no space for [mem size 0x00200000 64bit pref]
[    0.470005] pci 0000:06:00.0: BAR 15: failed to assign [mem size 0x00200000 64bit pref]
[    0.470007] pci 0000:06:04.0: BAR 14: no space for [mem size 0x00200000]
[    0.470007] pci 0000:06:04.0: BAR 14: failed to assign [mem size 0x00200000]
[    0.470009] pci 0000:06:04.0: BAR 15: no space for [mem size 0x00200000 64bit pref]
[    0.470010] pci 0000:06:04.0: BAR 15: failed to assign [mem size 0x00200000 64bit pref]
[    0.470011] pci 0000:06:06.0: BAR 14: no space for [mem size 0x00200000]
[    0.470012] pci 0000:06:06.0: BAR 14: failed to assign [mem size 0x00200000]
[    0.470014] pci 0000:06:06.0: BAR 15: no space for [mem size 0x00200000 64bit pref]
[    0.470015] pci 0000:06:06.0: BAR 15: failed to assign [mem size 0x00200000 64bit pref]
[    0.470016] pci 0000:06:00.0: BAR 13: no space for [io  size 0x1000]
[    0.470017] pci 0000:06:00.0: BAR 13: failed to assign [io  size 0x1000]
[    0.470018] pci 0000:06:04.0: BAR 13: no space for [io  size 0x1000]
[    0.470019] pci 0000:06:04.0: BAR 13: failed to assign [io  size 0x1000]
[    0.470020] pci 0000:06:06.0: BAR 13: no space for [io  size 0x1000]
[    0.470021] pci 0000:06:06.0: BAR 13: failed to assign [io  size 0x1000]
[    0.470023] pci 0000:06:06.0: BAR 14: no space for [mem size 0x00200000]
[    0.470023] pci 0000:06:06.0: BAR 14: failed to assign [mem size 0x00200000]
[    0.470025] pci 0000:06:06.0: BAR 15: no space for [mem size 0x00200000 64bit pref]
[    0.470026] pci 0000:06:06.0: BAR 15: failed to assign [mem size 0x00200000 64bit pref]
[    0.470027] pci 0000:06:06.0: BAR 13: no space for [io  size 0x1000]
[    0.470028] pci 0000:06:06.0: BAR 13: failed to assign [io  size 0x1000]
[    0.470029] pci 0000:06:04.0: BAR 14: no space for [mem size 0x00200000]
[    0.470030] pci 0000:06:04.0: BAR 14: failed to assign [mem size 0x00200000]
[    0.470032] pci 0000:06:04.0: BAR 15: no space for [mem size 0x00200000 64bit pref]
[    0.470033] pci 0000:06:04.0: BAR 15: failed to assign [mem size 0x00200000 64bit pref]
[    0.470034] pci 0000:06:04.0: BAR 13: no space for [io  size 0x1000]
[    0.470035] pci 0000:06:04.0: BAR 13: failed to assign [io  size 0x1000]
[    0.470036] pci 0000:06:00.0: BAR 15: no space for [mem size 0x00200000 64bit pref]
[    0.470037] pci 0000:06:00.0: BAR 15: failed to assign [mem size 0x00200000 64bit pref]
[    0.470038] pci 0000:06:00.0: BAR 13: no space for [io  size 0x1000]
[    0.470039] pci 0000:06:00.0: BAR 13: failed to assign [io  size 0x1000]
[    0.470040] pci 0000:06:00.0: PCI bridge to [bus 07]
[    0.470044] pci 0000:06:00.0:   bridge window [mem 0xa0d00000-0xa0dfffff]
[    0.470050] pci 0000:06:03.0: PCI bridge to [bus 08-38]
[    0.470051] pci 0000:06:03.0:   bridge window [io  0x4000-0x4fff]
[    0.470055] pci 0000:06:03.0:   bridge window [mem 0xa0e00000-0xa4dfffff]
[    0.470057] pci 0000:06:03.0:   bridge window [mem 0xace00000-0xb0dfffff 64bit pref]
[    0.470061] pci 0000:06:04.0: PCI bridge to [bus 39]
[    0.470069] pci 0000:06:05.0: PCI bridge to [bus 3a-6a]
[    0.470071] pci 0000:06:05.0:   bridge window [io  0x5000-0x5fff]
[    0.470074] pci 0000:06:05.0:   bridge window [mem 0xa4e00000-0xa8dfffff]
[    0.470077] pci 0000:06:05.0:   bridge window [mem 0xb0e00000-0xb4dfffff 64bit pref]
[    0.470081] pci 0000:06:06.0: PCI bridge to [bus 6b]
[    0.470089] pci 0000:05:00.0: PCI bridge to [bus 06-6b]
[    0.470090] pci 0000:05:00.0:   bridge window [io  0x4000-0x5fff]
[    0.470093] pci 0000:05:00.0:   bridge window [mem 0xa0d00000-0xa8dfffff]
[    0.470096] pci 0000:05:00.0:   bridge window [mem 0xace00000-0xb4dfffff 64bit pref]
[    0.470100] pci 0000:00:01.1: PCI bridge to [bus 05-9b]
[    0.470101] pci 0000:00:01.1:   bridge window [io  0x4000-0x6fff]
[    0.470103] pci 0000:00:01.1:   bridge window [mem 0xa0d00000-0xacdfffff]
[    0.470105] pci 0000:00:01.1:   bridge window [mem 0xace00000-0xb8dfffff 64bit pref]
[    0.470107] pci 0000:00:1c.0: PCI bridge to [bus 02]
[    0.470114] pci 0000:00:1c.0:   bridge window [io  0x2000-0x2fff]
[    0.470118] pci 0000:00:1c.0:   bridge window [mem 0x7fc00000-0x7fdfffff]
[    0.470122] pci 0000:00:1c.0:   bridge window [mem 0x7fe00000-0x7fffffff 64bit pref]
[    0.470127] pci 0000:00:1c.2: PCI bridge to [bus 03]
[    0.470131] pci 0000:00:1c.2:   bridge window [mem 0xa0400000-0xa08fffff]
[    0.470137] pci 0000:00:1c.3: PCI bridge to [bus 04]
[    0.470141] pci 0000:00:1c.3:   bridge window [mem 0xa0900000-0xa0afffff]
[    0.470144] pci 0000:00:1c.3:   bridge window [mem 0x80000000-0x8fffffff 64bit pref]
[    0.470150] pci_bus 0000:00: resource 4 [io  0x0000-0x0cf7 window]
[    0.470151] pci_bus 0000:00: resource 5 [io  0x0d00-0xffff window]
[    0.470152] pci_bus 0000:00: resource 6 [mem 0x000a0000-0x000bffff window]
[    0.470153] pci_bus 0000:00: resource 7 [mem 0x000c0000-0x000c3fff window]
[    0.470154] pci_bus 0000:00: resource 8 [mem 0x000c4000-0x000c7fff window]
[    0.470155] pci_bus 0000:00: resource 9 [mem 0x000c8000-0x000cbfff window]
[    0.470156] pci_bus 0000:00: resource 10 [mem 0x000cc000-0x000cffff window]
[    0.470157] pci_bus 0000:00: resource 11 [mem 0x000d0000-0x000d3fff window]
[    0.470158] pci_bus 0000:00: resource 12 [mem 0x000d4000-0x000d7fff window]
[    0.470159] pci_bus 0000:00: resource 13 [mem 0x000d8000-0x000dbfff window]
[    0.470160] pci_bus 0000:00: resource 14 [mem 0x000dc000-0x000dffff window]
[    0.470161] pci_bus 0000:00: resource 15 [mem 0x000e0000-0x000e3fff window]
[    0.470162] pci_bus 0000:00: resource 16 [mem 0x000e4000-0x000e7fff window]
[    0.470162] pci_bus 0000:00: resource 17 [mem 0x000e8000-0x000ebfff window]
[    0.470163] pci_bus 0000:00: resource 18 [mem 0x000ec000-0x000effff window]
[    0.470164] pci_bus 0000:00: resource 19 [mem 0x000f0000-0x000fffff window]
[    0.470165] pci_bus 0000:00: resource 20 [mem 0x7fa00000-0xfeafffff window]
[    0.470166] pci_bus 0000:00: resource 21 [mem 0xfed40000-0xfed44fff window]
[    0.470167] pci_bus 0000:01: resource 1 [mem 0xa0b00000-0xa0bfffff]
[    0.470168] pci_bus 0000:05: resource 0 [io  0x4000-0x6fff]
[    0.470169] pci_bus 0000:05: resource 1 [mem 0xa0d00000-0xacdfffff]
[    0.470170] pci_bus 0000:05: resource 2 [mem 0xace00000-0xb8dfffff 64bit pref]
[    0.470171] pci_bus 0000:06: resource 0 [io  0x4000-0x5fff]
[    0.470172] pci_bus 0000:06: resource 1 [mem 0xa0d00000-0xa8dfffff]
[    0.470173] pci_bus 0000:06: resource 2 [mem 0xace00000-0xb4dfffff 64bit pref]
[    0.470174] pci_bus 0000:07: resource 1 [mem 0xa0d00000-0xa0dfffff]
[    0.470175] pci_bus 0000:08: resource 0 [io  0x4000-0x4fff]
[    0.470176] pci_bus 0000:08: resource 1 [mem 0xa0e00000-0xa4dfffff]
[    0.470177] pci_bus 0000:08: resource 2 [mem 0xace00000-0xb0dfffff 64bit pref]
[    0.470178] pci_bus 0000:3a: resource 0 [io  0x5000-0x5fff]
[    0.470179] pci_bus 0000:3a: resource 1 [mem 0xa4e00000-0xa8dfffff]
[    0.470180] pci_bus 0000:3a: resource 2 [mem 0xb0e00000-0xb4dfffff 64bit pref]
[    0.470181] pci_bus 0000:02: resource 0 [io  0x2000-0x2fff]
[    0.470182] pci_bus 0000:02: resource 1 [mem 0x7fc00000-0x7fdfffff]
[    0.470183] pci_bus 0000:02: resource 2 [mem 0x7fe00000-0x7fffffff 64bit pref]
[    0.470184] pci_bus 0000:03: resource 1 [mem 0xa0400000-0xa08fffff]
[    0.470185] pci_bus 0000:04: resource 1 [mem 0xa0900000-0xa0afffff]
[    0.470186] pci_bus 0000:04: resource 2 [mem 0x80000000-0x8fffffff 64bit pref]
[    0.470288] NET: Registered protocol family 2
[    0.470402] tcp_listen_portaddr_hash hash table entries: 8192 (order: 5, 131072 bytes)
[    0.470445] TCP established hash table entries: 131072 (order: 8, 1048576 bytes)
[    0.470592] TCP bind hash table entries: 65536 (order: 8, 1048576 bytes)
[    0.470712] TCP: Hash tables configured (established 131072 bind 65536)
[    0.470742] UDP hash table entries: 8192 (order: 6, 262144 bytes)
[    0.470778] UDP-Lite hash table entries: 8192 (order: 6, 262144 bytes)
[    0.470850] NET: Registered protocol family 1
[    0.470853] NET: Registered protocol family 44
[    0.470862] pci 0000:00:02.0: Video device with shadowed ROM at [mem 0x000c0000-0x000dffff]
[    0.471089] PCI: CLS 256 bytes, default 64
[    0.471115] Unpacking initramfs...
[    1.595868] Freeing initrd memory: 92836K
[    1.605828] PCI-DMA: Using software bounce buffering for IO (SWIOTLB)
[    1.605831] software IO TLB: mapped [mem 0x5f070000-0x63070000] (64MB)
[    1.608691] Initialise system trusted keyrings
[    1.608704] Key type blacklist registered
[    1.608751] workingset: timestamp_bits=36 max_order=22 bucket_order=0
[    1.610053] zbud: loaded
[    1.742222] alg: No test for 842 (842-generic)
[    1.742834] alg: No test for 842 (842-scomp)
[    1.763736] NET: Registered protocol family 38
[    1.763739] Key type asymmetric registered
[    1.763740] Asymmetric key parser 'x509' registered
[    1.763751] Block layer SCSI generic (bsg) driver version 0.4 loaded (major 243)
[    1.763778] io scheduler mq-deadline registered
[    1.763840] atomic64_test: passed for x86-64 platform with CX8 and with SSE
[    1.764237] pciehp 0000:00:1c.0:pcie004: Slot #0 AttnBtn- PwrCtrl- MRL- AttnInd- PwrInd- HotPlug+ Surprise+ Interlock- NoCompl+ LLActRep+
[    1.764716] pciehp 0000:06:00.0:pcie204: Slot #0 AttnBtn- PwrCtrl- MRL- AttnInd- PwrInd- HotPlug+ Surprise+ Interlock- NoCompl+ LLActRep+
[    1.764866] pciehp 0000:06:03.0:pcie204: Slot #3 AttnBtn- PwrCtrl- MRL- AttnInd- PwrInd- HotPlug+ Surprise+ Interlock- NoCompl+ LLActRep+
[    1.765014] pciehp 0000:06:04.0:pcie204: Slot #4 AttnBtn- PwrCtrl- MRL- AttnInd- PwrInd- HotPlug+ Surprise+ Interlock- NoCompl+ LLActRep+
[    1.765159] pciehp 0000:06:05.0:pcie204: Slot #5 AttnBtn- PwrCtrl- MRL- AttnInd- PwrInd- HotPlug+ Surprise+ Interlock- NoCompl+ LLActRep+
[    1.765312] pciehp 0000:06:06.0:pcie204: Slot #6 AttnBtn- PwrCtrl- MRL- AttnInd- PwrInd- HotPlug+ Surprise+ Interlock- NoCompl+ LLActRep+
[    1.765388] shpchp: Standard Hot Plug PCI Controller Driver version: 0.4
[    1.765405] efifb: probing for efifb
[    1.765418] efifb: No BGRT, not showing boot graphics
[    1.765419] efifb: framebuffer at 0x90000000, using 20700k, total 20700k
[    1.765420] efifb: mode is 2880x1800x32, linelength=11776, pages=1
[    1.765420] efifb: scrolling: redraw
[    1.765421] efifb: Truecolor: size=8:8:8:8, shift=24:16:8:0
[    1.765453] fbcon: Deferring console take-over
[    1.765453] fb0: EFI VGA frame buffer device
[    1.765459] intel_idle: MWAIT substates: 0x42120
[    1.765460] intel_idle: v0.4.1 model 0x46
[    1.765700] intel_idle: lapic_timer_reliable_states 0xffffffff
[    1.765809] ACPI: AC Adapter [ADP1] (on-line)
[    1.765869] input: Lid Switch as /devices/LNXSYSTM:00/LNXSYBUS:00/PNP0C0D:00/input/input0
[    1.765881] ACPI: Lid Switch [LID0]
[    1.765919] input: Power Button as /devices/LNXSYSTM:00/LNXSYBUS:00/PNP0C0C:00/input/input1
[    1.765925] ACPI: Power Button [PWRB]
[    1.765943] input: Sleep Button as /devices/LNXSYSTM:00/LNXSYBUS:00/PNP0C0E:00/input/input2
[    1.765947] ACPI: Sleep Button [SLPB]
[    1.765964] input: Power Button as /devices/LNXSYSTM:00/LNXPWRBN:00/input/input3
[    1.765988] ACPI: Power Button [PWRF]
[    1.766933] Serial: 8250/16550 driver, 32 ports, IRQ sharing enabled
[    1.768387] Non-volatile memory driver v1.3
[    1.768408] Linux agpgart interface v0.103
[    1.769112] ahci 0000:01:00.0: version 3.0
[    1.799756] ahci 0000:01:00.0: AHCI 0001.0300 32 slots 1 ports 6 Gbps 0x1 impl SATA mode
[    1.799760] ahci 0000:01:00.0: flags: 64bit ncq led clo only pio ccc 
[    1.800243] scsi host0: ahci
[    1.800338] ata1: SATA max UDMA/133 abar m8192@0xa0b00000 port 0xa0b00100 irq 33
[    1.800421] libphy: Fixed MDIO Bus: probed
[    1.800562] ehci_hcd: USB 2.0 'Enhanced' Host Controller (EHCI) Driver
[    1.800566] ehci-pci: EHCI PCI platform driver
[    1.800583] ohci_hcd: USB 1.1 'Open' Host Controller (OHCI) Driver
[    1.800585] ohci-pci: OHCI PCI platform driver
[    1.800592] uhci_hcd: USB Universal Host Controller Interface driver
[    1.800769] xhci_hcd 0000:00:14.0: xHCI Host Controller
[    1.800853] xhci_hcd 0000:00:14.0: new USB bus registered, assigned bus number 1
[    1.801930] xhci_hcd 0000:00:14.0: hcc params 0x200077c1 hci version 0x100 quirks 0x0000000000009810
[    1.801935] xhci_hcd 0000:00:14.0: cache line size of 256 is not supported
[    1.802136] usb usb1: New USB device found, idVendor=1d6b, idProduct=0002, bcdDevice= 5.00
[    1.802137] usb usb1: New USB device strings: Mfr=3, Product=2, SerialNumber=1
[    1.802138] usb usb1: Product: xHCI Host Controller
[    1.802139] usb usb1: Manufacturer: Linux 5.0.0-rc6+ xhci-hcd
[    1.802140] usb usb1: SerialNumber: 0000:00:14.0
[    1.802288] hub 1-0:1.0: USB hub found
[    1.802308] hub 1-0:1.0: 14 ports detected
[    1.802614] xhci_hcd 0000:00:14.0: xHCI Host Controller
[    1.802655] xhci_hcd 0000:00:14.0: new USB bus registered, assigned bus number 2
[    1.802657] xhci_hcd 0000:00:14.0: Host supports USB 3.0  SuperSpeed
[    1.802691] usb usb2: New USB device found, idVendor=1d6b, idProduct=0003, bcdDevice= 5.00
[    1.802692] usb usb2: New USB device strings: Mfr=3, Product=2, SerialNumber=1
[    1.802692] usb usb2: Product: xHCI Host Controller
[    1.802693] usb usb2: Manufacturer: Linux 5.0.0-rc6+ xhci-hcd
[    1.802694] usb usb2: SerialNumber: 0000:00:14.0
[    1.802743] hub 2-0:1.0: USB hub found
[    1.802759] hub 2-0:1.0: 6 ports detected
[    1.802791] usb: port power management may be unreliable
[    1.802944] usbcore: registered new interface driver usbserial_generic
[    1.802948] usbserial: USB Serial support registered for generic
[    1.802964] i8042: PNP: No PS/2 controller found.
[    1.803007] mousedev: PS/2 mouse device common for all mice
[    1.803200] rtc_cmos 00:02: RTC can wake from S4
[    1.803331] rtc_cmos 00:02: registered as rtc0
[    1.803333] rtc_cmos 00:02: alarms up to one month, y3k, 242 bytes nvram, hpet irqs
[    1.803387] device-mapper: uevent: version 1.0.3
[    1.803443] device-mapper: ioctl: 4.39.0-ioctl (2018-04-03) initialised: dm-devel@redhat.com
[    1.803543] intel_pstate: Intel P-state driver initializing
[    1.804057] hidraw: raw HID events driver (C) Jiri Kosina
[    1.804136] usbcore: registered new interface driver usbhid
[    1.804137] usbhid: USB HID core driver
[    1.804403] drop_monitor: Initializing network drop monitor service
[    1.804759] Initializing XFRM netlink socket
[    1.805049] NET: Registered protocol family 10
[    1.814025] Segment Routing with IPv6
[    1.814046] mip6: Mobile IPv6
[    1.814048] NET: Registered protocol family 17
[    1.814904] RAS: Correctable Errors collector initialized.
[    1.814951] microcode: sig=0x40661, pf=0x20, revision=0x1a
[    1.815090] microcode: Microcode Update Driver: v2.2.
[    1.815100] AVX2 version of gcm_enc/dec engaged.
[    1.815100] AES CTR mode by8 optimization enabled
[    1.850797] sched_clock: Marking stable (1850531059, 255835)->(1934418263, -83631369)
[    1.851362] registered taskstats version 1
[    1.851371] Loading compiled-in X.509 certificates
[    1.882812] Loaded X.509 cert 'Build time autogenerated kernel key: 307e4e8a55fe74f83f10b61aeadbf24a5fc6325b'
[    1.882835] zswap: loaded using pool lzo/zbud
[    1.888561] Key type big_key registered
[    1.890795] Key type encrypted registered
[    1.890801] ima: No TPM chip found, activating TPM-bypass!
[    1.890806] ima: Allocated hash algorithm: sha1
[    1.890810] No architecture policies found
[    1.891277]   Magic number: 7:545:371
[    1.891400] rtc_cmos 00:02: setting system clock to 2019-02-12T08:23:15 UTC (1549959795)
[    2.124088] usb 2-4: new SuperSpeed Gen 1 USB device number 2 using xhci_hcd
[    2.128518] ata1: SATA link up 6.0 Gbps (SStatus 133 SControl 300)
[    2.130502] ata1.00: unexpected _GTF length (8)
[    2.130748] ata1.00: ATA-8: APPLE SSD SM0256G, BXW1SA0Q, max UDMA/133
[    2.130751] ata1.00: 490234752 sectors, multi 16: LBA48 NCQ (depth 32), AA
[    2.131253] ata1.00: unexpected _GTF length (8)
[    2.131499] ata1.00: configured for UDMA/133
[    2.131750] scsi 0:0:0:0: Direct-Access     ATA      APPLE SSD SM0256 SA0Q PQ: 0 ANSI: 5
[    2.131982] sd 0:0:0:0: Attached scsi generic sg0 type 0
[    2.132066] sd 0:0:0:0: [sda] 490234752 512-byte logical blocks: (251 GB/234 GiB)
[    2.132068] sd 0:0:0:0: [sda] 4096-byte physical blocks
[    2.132084] sd 0:0:0:0: [sda] Write Protect is off
[    2.132086] sd 0:0:0:0: [sda] Mode Sense: 00 3a 00 00
[    2.132110] sd 0:0:0:0: [sda] Write cache: enabled, read cache: enabled, doesn't support DPO or FUA
[    2.133567]  sda: sda1 sda2 sda3 sda4
[    2.134200] sd 0:0:0:0: [sda] Attached SCSI disk
[    2.135187] Freeing unused decrypted memory: 2040K
[    2.135557] Freeing unused kernel image memory: 2152K
[    2.138490] usb 2-4: New USB device found, idVendor=05ac, idProduct=8406, bcdDevice= 8.20
[    2.138493] usb 2-4: New USB device strings: Mfr=3, Product=4, SerialNumber=5
[    2.138494] usb 2-4: Product: Card Reader
[    2.138496] usb 2-4: Manufacturer: Apple
[    2.138497] usb 2-4: SerialNumber: 000000000820
[    2.147892] Write protecting the kernel read-only data: 18432k
[    2.148643] Freeing unused kernel image memory: 2020K
[    2.148767] Freeing unused kernel image memory: 68K
[    2.161711] x86/mm: Checked W+X mappings: passed, no W+X pages found.
[    2.161715] rodata_test: all tests were successful
[    2.161716] x86/mm: Checking user space page tables
[    2.168376] x86/mm: Checked W+X mappings: passed, no W+X pages found.
[    2.168378] Run /init as init process
[    2.250817] usb 1-8: new full-speed USB device number 2 using xhci_hcd
[    2.278513] systemd[1]: systemd 239 running in system mode. (+PAM +AUDIT +SELINUX +IMA -APPARMOR +SMACK +SYSVINIT +UTMP +LIBCRYPTSETUP +GCRYPT +GNUTLS +ACL +XZ +LZ4 +SECCOMP +BLKID +ELFUTILS +KMOD +IDN2 -IDN +PCRE2 default-hierarchy=hybrid)
[    2.289956] systemd[1]: Detected architecture x86-64.
[    2.289960] systemd[1]: Running in initial RAM disk.
[    2.292725] systemd[1]: Set hostname to <im-mac>.
[    2.342692] systemd[1]: Listening on Journal Audit Socket.
[    2.342744] systemd[1]: Reached target Swap.
[    2.342837] systemd[1]: Listening on udev Control Socket.
[    2.342922] systemd[1]: Listening on Journal Socket (/dev/log).
[    2.342931] systemd[1]: Reached target Timers.
[    2.342983] systemd[1]: Listening on udev Kernel Socket.
[    2.378961] usb 1-8: New USB device found, idVendor=05ac, idProduct=8290, bcdDevice= 1.61
[    2.378963] usb 1-8: New USB device strings: Mfr=1, Product=2, SerialNumber=0
[    2.378964] usb 1-8: Product: Bluetooth USB Host Controller
[    2.378965] usb 1-8: Manufacturer: Broadcom Corp.
[    2.381968] input: Broadcom Corp. Bluetooth USB Host Controller as /devices/pci0000:00/0000:00:14.0/usb1/1-8/1-8:1.0/0003:05AC:8290.0001/input/input4
[    2.391875] audit: type=1130 audit(1549959796.000:2): pid=1 uid=0 auid=4294967295 ses=4294967295 subj=kernel msg='unit=systemd-journald comm="systemd" exe="/usr/lib/systemd/systemd" hostname=? addr=? terminal=? res=success'
[    2.396494] audit: type=1130 audit(1549959796.004:3): pid=1 uid=0 auid=4294967295 ses=4294967295 subj=kernel msg='unit=systemd-vconsole-setup comm="systemd" exe="/usr/lib/systemd/systemd" hostname=? addr=? terminal=? res=success'
[    2.396496] audit: type=1131 audit(1549959796.004:4): pid=1 uid=0 auid=4294967295 ses=4294967295 subj=kernel msg='unit=systemd-vconsole-setup comm="systemd" exe="/usr/lib/systemd/systemd" hostname=? addr=? terminal=? res=success'
[    2.434039] hid-generic 0003:05AC:8290.0001: input,hidraw0: USB HID v1.11 Keyboard [Broadcom Corp. Bluetooth USB Host Controller] on usb-0000:00:14.0-8/input0
[    2.434654] input: Broadcom Corp. Bluetooth USB Host Controller as /devices/pci0000:00/0000:00:14.0/usb1/1-8/1-8:1.1/0003:05AC:8290.0002/input/input5
[    2.434753] hid-generic 0003:05AC:8290.0002: input,hidraw1: USB HID v1.11 Mouse [Broadcom Corp. Bluetooth USB Host Controller] on usb-0000:00:14.0-8/input1
[    2.548823] usb 1-12: new full-speed USB device number 3 using xhci_hcd
[    2.572753] audit: type=1130 audit(1549959796.180:5): pid=1 uid=0 auid=4294967295 ses=4294967295 subj=kernel msg='unit=dracut-cmdline comm="systemd" exe="/usr/lib/systemd/systemd" hostname=? addr=? terminal=? res=success'
[    2.603224] audit: type=1130 audit(1549959796.211:6): pid=1 uid=0 auid=4294967295 ses=4294967295 subj=kernel msg='unit=dracut-pre-udev comm="systemd" exe="/usr/lib/systemd/systemd" hostname=? addr=? terminal=? res=success'
[    2.623216] audit: type=1130 audit(1549959796.231:7): pid=1 uid=0 auid=4294967295 ses=4294967295 subj=kernel msg='unit=systemd-udevd comm="systemd" exe="/usr/lib/systemd/systemd" hostname=? addr=? terminal=? res=success'
[    2.625801] tsc: Refined TSC clocksource calibration: 2194.906 MHz
[    2.625807] clocksource: tsc: mask: 0xffffffffffffffff max_cycles: 0x1fa366c4337, max_idle_ns: 440795279180 ns
[    2.625822] clocksource: Switched to clocksource tsc
[    2.676709] usb 1-12: New USB device found, idVendor=05ac, idProduct=0274, bcdDevice= 6.24
[    2.676711] usb 1-12: New USB device strings: Mfr=1, Product=2, SerialNumber=3
[    2.676712] usb 1-12: Product: Apple Internal Keyboard / Trackpad
[    2.676714] usb 1-12: Manufacturer: Apple Inc.
[    2.676715] usb 1-12: SerialNumber: D3H61830CG1FTV4A16PF
[    2.680905] audit: type=1130 audit(1549959796.288:8): pid=1 uid=0 auid=4294967295 ses=4294967295 subj=kernel msg='unit=systemd-udev-trigger comm="systemd" exe="/usr/lib/systemd/systemd" hostname=? addr=? terminal=? res=success'
[    2.698387] audit: type=1130 audit(1549959796.305:9): pid=1 uid=0 auid=4294967295 ses=4294967295 subj=kernel msg='unit=plymouth-start comm="systemd" exe="/usr/lib/systemd/systemd" hostname=? addr=? terminal=? res=success'
[    2.725565] usb-storage 2-4:1.0: USB Mass Storage device detected
[    2.727803] scsi host1: usb-storage 2-4:1.0
[    2.727905] usbcore: registered new interface driver usb-storage
[    2.734659] usbcore: registered new interface driver uas
[    2.759555] apple 0003:05AC:0274.0003: hiddev96,hidraw2: USB HID v1.10 Device [Apple Inc. Apple Internal Keyboard / Trackpad] on usb-0000:00:14.0-12/input0
[    2.759753] input: Apple Inc. Apple Internal Keyboard / Trackpad as /devices/pci0000:00/0000:00:14.0/usb1/1-12/1-12:1.1/0003:05AC:0274.0004/input/input6
[    2.810988] apple 0003:05AC:0274.0004: input,hiddev97,hidraw3: USB HID v1.10 Keyboard [Apple Inc. Apple Internal Keyboard / Trackpad] on usb-0000:00:14.0-12/input1
[    2.811110] apple 0003:05AC:0274.0005: hiddev98,hidraw4: USB HID v1.10 Device [Apple Inc. Apple Internal Keyboard / Trackpad] on usb-0000:00:14.0-12/input3
[    2.811193] apple 0003:05AC:0274.0006: hiddev99,hidraw5: USB HID v1.10 Device [Apple Inc. Apple Internal Keyboard / Trackpad] on usb-0000:00:14.0-12/input4
[    2.887675] audit: type=1130 audit(1549959796.494:10): pid=1 uid=0 auid=4294967295 ses=4294967295 subj=kernel msg='unit=systemd-ask-password-plymouth comm="systemd" exe="/usr/lib/systemd/systemd" hostname=? addr=? terminal=? res=success'
[    2.988728] VFIO - User Level meta-driver version: 0.3
[    3.563115] [drm] Found 128MB of eDRAM
[    3.563258] checking generic (90000000 1437000) vs hw (90000000 10000000)
[    3.563259] fb0: switching to inteldrmfb from EFI VGA
[    3.563364] [drm] Replacing VGA console driver
[    3.563899] [drm] Supports vblank timestamp caching Rev 2 (21.10.2013).
[    3.563900] [drm] Driver supports precise vblank timestamp query.
[    3.563936] i915 0000:00:02.0: vgaarb: changed VGA decodes: olddecodes=io+mem,decodes=io+mem:owns=io+mem
[    3.577588] [drm] Initialized i915 1.6.0 20181204 for 0000:00:02.0 on minor 0
[    3.578528] ACPI: Video Device [IGPU] (multi-head: yes  rom: no  post: no)
[    3.579087] acpi device:57: registered as cooling_device8
[    3.579160] input: Video Bus as /devices/LNXSYSTM:00/LNXSYBUS:00/PNP0A08:00/LNXVIDEO:00/input/input7
[    3.585522] fbcon: inteldrmfb (fb0) is primary device
[    3.585523] fbcon: Deferring console take-over
[    3.585527] i915 0000:00:02.0: fb0: inteldrmfb frame buffer device
[    3.780109] scsi 1:0:0:0: Direct-Access     APPLE    SD Card Reader   3.00 PQ: 0 ANSI: 6
[    3.780513] sd 1:0:0:0: Attached scsi generic sg1 type 0
[    3.781771] sd 1:0:0:0: [sdb] Attached SCSI removable disk
[   18.268385] device-mapper: crypt: xts(aes) using implementation "xts-aes-aesni"
[   18.325525] kauditd_printk_skb: 2 callbacks suppressed
[   18.325527] audit: type=1130 audit(1549959811.932:13): pid=1 uid=0 auid=4294967295 ses=4294967295 subj=kernel msg='unit=systemd-cryptsetup@luks\x2ddd1fa933\x2def9f\x2d402b\x2da2e4\x2d7c9d6fb7ce0d comm="systemd" exe="/usr/lib/systemd/systemd" hostname=? addr=? terminal=? res=success'
[   18.741015] PM: Image not found (code -22)
[   18.742324] audit: type=1130 audit(1549959812.349:14): pid=1 uid=0 auid=4294967295 ses=4294967295 subj=kernel msg='unit=systemd-hibernate-resume@dev-mapper-im\x2d\x2dmac\x2dswap comm="systemd" exe="/usr/lib/systemd/systemd" hostname=? addr=? terminal=? res=success'
[   18.742335] audit: type=1131 audit(1549959812.349:15): pid=1 uid=0 auid=4294967295 ses=4294967295 subj=kernel msg='unit=systemd-hibernate-resume@dev-mapper-im\x2d\x2dmac\x2dswap comm="systemd" exe="/usr/lib/systemd/systemd" hostname=? addr=? terminal=? res=success'
[   18.750866] audit: type=1130 audit(1549959812.358:16): pid=1 uid=0 auid=4294967295 ses=4294967295 subj=kernel msg='unit=systemd-tmpfiles-setup comm="systemd" exe="/usr/lib/systemd/systemd" hostname=? addr=? terminal=? res=success'
[   18.764353] audit: type=1130 audit(1549959812.371:17): pid=1 uid=0 auid=4294967295 ses=4294967295 subj=kernel msg='unit=dracut-initqueue comm="systemd" exe="/usr/lib/systemd/systemd" hostname=? addr=? terminal=? res=success'
[   18.780532] audit: type=1130 audit(1549959812.387:18): pid=1 uid=0 auid=4294967295 ses=4294967295 subj=kernel msg='unit=systemd-fsck-root comm="systemd" exe="/usr/lib/systemd/systemd" hostname=? addr=? terminal=? res=success'
[   19.092709] SGI XFS with ACLs, security attributes, scrub, no debug enabled
[   19.096458] XFS (dm-1): Mounting V5 Filesystem
[   19.108698] XFS (dm-1): Ending clean mount
[   19.222479] audit: type=1130 audit(1549959812.829:19): pid=1 uid=0 auid=4294967295 ses=4294967295 subj=kernel msg='unit=initrd-parse-etc comm="systemd" exe="/usr/lib/systemd/systemd" hostname=? addr=? terminal=? res=success'
[   19.222481] audit: type=1131 audit(1549959812.829:20): pid=1 uid=0 auid=4294967295 ses=4294967295 subj=kernel msg='unit=initrd-parse-etc comm="systemd" exe="/usr/lib/systemd/systemd" hostname=? addr=? terminal=? res=success'
[   19.363826] audit: type=1130 audit(1549959812.970:21): pid=1 uid=0 auid=4294967295 ses=4294967295 subj=kernel msg='unit=dracut-pre-pivot comm="systemd" exe="/usr/lib/systemd/systemd" hostname=? addr=? terminal=? res=success'
[   19.374232] audit: type=1131 audit(1549959812.981:22): pid=1 uid=0 auid=4294967295 ses=4294967295 subj=kernel msg='unit=dracut-pre-pivot comm="systemd" exe="/usr/lib/systemd/systemd" hostname=? addr=? terminal=? res=success'
[   19.459669] systemd-journald[308]: Received SIGTERM from PID 1 (systemd).
[   19.488072] printk: systemd: 14 output lines suppressed due to ratelimiting
[   19.940592] SELinux:  Class xdp_socket not defined in policy.
[   19.940593] SELinux: the above unknown classes and permissions will be allowed
[   19.940596] SELinux:  policy capability network_peer_controls=1
[   19.940596] SELinux:  policy capability open_perms=1
[   19.940596] SELinux:  policy capability extended_socket_class=1
[   19.940597] SELinux:  policy capability always_check_network=0
[   19.940597] SELinux:  policy capability cgroup_seclabel=1
[   19.940598] SELinux:  policy capability nnp_nosuid_transition=1
[   19.961317] systemd[1]: Successfully loaded SELinux policy in 397.097ms.
[   20.002372] systemd[1]: Relabelled /dev, /run and /sys/fs/cgroup in 26.507ms.
[   20.004606] systemd[1]: systemd 239 running in system mode. (+PAM +AUDIT +SELINUX +IMA -APPARMOR +SMACK +SYSVINIT +UTMP +LIBCRYPTSETUP +GCRYPT +GNUTLS +ACL +XZ +LZ4 +SECCOMP +BLKID +ELFUTILS +KMOD +IDN2 -IDN +PCRE2 default-hierarchy=hybrid)
[   20.015979] systemd[1]: Detected architecture x86-64.
[   20.017720] systemd[1]: Set hostname to <im-mac>.
[   20.040634] systemd-sysv-generator[986]: stat() failed on /etc/rc.d/init.d/jexec, ignoring: No such file or directory
[   20.212819] systemd[1]: Stopped Switch Root.
[   20.213029] systemd[1]: systemd-journald.service: Service has no hold-off time (RestartSec=0), scheduling restart.
[   20.213086] systemd[1]: systemd-journald.service: Scheduled restart job, restart counter is at 1.
[   20.213104] systemd[1]: Stopped Journal Service.
[   20.214076] systemd[1]: Starting Journal Service...
[   20.214382] systemd[1]: Created slice system-getty.slice.
[   20.215038] systemd[1]: Listening on udev Kernel Socket.
[   20.233113] Adding 4194300k swap on /dev/mapper/im--mac-swap.  Priority:-2 extents:1 across:4194300k SSFS
[   20.263592] systemd-journald[992]: Received request to flush runtime journal from PID 1
[   20.426030] apple_gmux: gmux device not present
[   20.430666] smbus_hc ACPI0001:00: SBS HC: offset = 0x20, query_bit = 0x10
[   20.509847] ACPI Warning: SystemIO range 0x0000000000000840-0x000000000000084F conflicts with OpRegion 0x0000000000000800-0x0000000000000863 (\GPIO) (20181213/utaddress-213)
[   20.509856] ACPI: If an ACPI driver is available for this device, you should use it instead of the native driver
[   20.509867] ACPI Warning: SystemIO range 0x0000000000000830-0x000000000000083F conflicts with OpRegion 0x0000000000000800-0x0000000000000863 (\GPIO) (20181213/utaddress-213)
[   20.509873] ACPI: If an ACPI driver is available for this device, you should use it instead of the native driver
[   20.509917] ACPI Warning: SystemIO range 0x0000000000000800-0x000000000000082F conflicts with OpRegion 0x0000000000000810-0x0000000000000813 (\_PR.IO_D) (20181213/utaddress-213)
[   20.509931] ACPI Warning: SystemIO range 0x0000000000000800-0x000000000000082F conflicts with OpRegion 0x0000000000000800-0x0000000000000863 (\GPIO) (20181213/utaddress-213)
[   20.509934] ACPI Warning: SystemIO range 0x0000000000000800-0x000000000000082F conflicts with OpRegion 0x0000000000000810-0x0000000000000813 (\IO_D) (20181213/utaddress-213)
[   20.509937] ACPI Warning: SystemIO range 0x0000000000000800-0x000000000000082F conflicts with OpRegion 0x0000000000000800-0x000000000000080F (\IO_T) (20181213/utaddress-213)
[   20.509942] ACPI: If an ACPI driver is available for this device, you should use it instead of the native driver
[   20.509943] lpc_ich: Resource conflict(s) found affecting gpio_ich
[   20.510398] i801_smbus 0000:00:1f.3: SPD Write Disable is set
[   20.510431] i801_smbus 0000:00:1f.3: SMBus using PCI interrupt
[   20.550629] input: bcm5974 as /devices/pci0000:00/0000:00:14.0/usb1/1-12/1-12:1.2/input/input8
[   20.550800] usbcore: registered new interface driver bcm5974
[   20.583937] thunderbolt 0000:07:00.0: 0:1: is unplugged (state: 7)
[   20.583997] thunderbolt 0000:07:00.0: 0:3: is unplugged (state: 7)
[   20.633674] ACPI: Smart Battery System [SBS0]: Battery Slot [BAT0] (battery present)
[   20.661604] cfg80211: Loading compiled-in X.509 certificates for regulatory database
[   20.662471] cfg80211: Loaded X.509 cert 'sforshee: 00b28ddf47aef9cea7'
[   20.717432] snd_hda_intel 0000:00:03.0: Linked as a consumer to 0000:00:02.0
[   20.717480] snd_hda_intel 0000:00:03.0: bound 0000:00:02.0 (ops i915_audio_component_bind_ops [i915])
[   20.771445] input: HDA Intel HDMI HDMI/DP,pcm=3 as /devices/pci0000:00/0000:00:03.0/sound/card0/input9
[   20.771585] input: HDA Intel HDMI HDMI/DP,pcm=7 as /devices/pci0000:00/0000:00:03.0/sound/card0/input10
[   20.771818] input: HDA Intel HDMI HDMI/DP,pcm=8 as /devices/pci0000:00/0000:00:03.0/sound/card0/input11
[   20.771893] input: HDA Intel HDMI HDMI/DP,pcm=9 as /devices/pci0000:00/0000:00:03.0/sound/card0/input12
[   20.771947] input: HDA Intel HDMI HDMI/DP,pcm=10 as /devices/pci0000:00/0000:00:03.0/sound/card0/input13
[   20.772057] snd_hda_codec_cirrus hdaudioC1D0: autoconfig for CS4208: line_outs=2 (0x12/0x13/0x0/0x0/0x0) type:speaker
[   20.772059] snd_hda_codec_cirrus hdaudioC1D0:    speaker_outs=0 (0x0/0x0/0x0/0x0/0x0)
[   20.772061] snd_hda_codec_cirrus hdaudioC1D0:    hp_outs=1 (0x10/0x0/0x0/0x0/0x0)
[   20.772062] snd_hda_codec_cirrus hdaudioC1D0:    mono: mono_out=0x0
[   20.772064] snd_hda_codec_cirrus hdaudioC1D0:    dig-out=0x21/0x0
[   20.772065] snd_hda_codec_cirrus hdaudioC1D0:    inputs:
[   20.772067] snd_hda_codec_cirrus hdaudioC1D0:      Internal Mic=0x1c
[   20.772068] snd_hda_codec_cirrus hdaudioC1D0:      Mic=0x18
[   20.783709] input: HDA Intel PCH Mic as /devices/pci0000:00/0000:00:1b.0/sound/card1/input14
[   20.784286] iTCO_vendor_support: vendor-support=0
[   20.784913] input: HDA Intel PCH Headphone as /devices/pci0000:00/0000:00:1b.0/sound/card1/input15
[   20.784989] input: HDA Intel PCH SPDIF as /devices/pci0000:00/0000:00:1b.0/sound/card1/input16
[   20.796001] iTCO_wdt: Intel TCO WatchDog Timer Driver v1.11
[   20.796053] iTCO_wdt: unable to reset NO_REBOOT flag, device disabled by hardware/BIOS
[   20.823549] applesmc: key=719 fan=2 temp=48 index=43 acc=0 lux=2 kbd=1
[   20.824002] applesmc applesmc.768: hwmon_device_register() is deprecated. Please convert the driver to use hwmon_device_register_with_info().
[   20.824276] Bluetooth: Core ver 2.22
[   20.824298] NET: Registered protocol family 31
[   20.824299] Bluetooth: HCI device and connection manager initialized
[   20.824302] Bluetooth: HCI socket layer initialized
[   20.824305] Bluetooth: L2CAP socket layer initialized
[   20.824308] Bluetooth: SCO socket layer initialized
[   20.825012] RAPL PMU: API unit is 2^-32 Joules, 4 fixed counters, 655360 ms ovfl timer
[   20.825013] RAPL PMU: hw unit of domain pp0-core 2^-14 Joules
[   20.825014] RAPL PMU: hw unit of domain package 2^-14 Joules
[   20.825014] RAPL PMU: hw unit of domain dram 2^-14 Joules
[   20.825015] RAPL PMU: hw unit of domain pp1-gpu 2^-14 Joules
[   20.848222] usbcore: registered new interface driver brcmfmac
[   20.884230] usbcore: registered new interface driver btusb
[   20.954253] brcmfmac: brcmf_fw_alloc_request: using brcm/brcmfmac43602-pcie for chip BCM43602/1
[   20.956644] brcmfmac 0000:03:00.0: Direct firmware load for brcm/brcmfmac43602-pcie.Apple Inc.-MacBookPro11,4.txt failed with error -2
[   20.956651] brcmfmac 0000:03:00.0: Direct firmware load for brcm/brcmfmac43602-pcie.txt failed with error -2
[   20.994424] Bluetooth: hci0: BCM: chip id 102 build 0715
[   20.995438] Bluetooth: hci0: BCM: product 05ac:8290
[   20.996432] Bluetooth: hci0: BCM: features 0x2f
[   21.013437] Bluetooth: hci0: im-mac
[   21.086834] intel_rapl: Found RAPL domain package
[   21.086836] intel_rapl: Found RAPL domain core
[   21.086837] intel_rapl: Found RAPL domain uncore
[   21.086838] intel_rapl: Found RAPL domain dram
[   21.127255] XFS (dm-3): Mounting V5 Filesystem
[   21.127274] XFS (dm-4): Mounting V5 Filesystem
[   21.137656] XFS (sda3): Mounting V5 Filesystem
[   21.141712] XFS (dm-3): Ending clean mount
[   21.141926] XFS (dm-4): Ending clean mount
[   21.158736] XFS (sda3): Ending clean mount
[   21.462158] Bluetooth: BNEP (Ethernet Emulation) ver 1.3
[   21.462159] Bluetooth: BNEP filters: protocol multicast
[   21.462162] Bluetooth: BNEP socket layer initialized
[   21.474892] brcmfmac: brcmf_fw_alloc_request: using brcm/brcmfmac43602-pcie for chip BCM43602/1
[   21.474960] brcmfmac 0000:03:00.0: Direct firmware load for brcm/brcmfmac43602-pcie.clm_blob failed with error -2
[   21.474961] brcmfmac: brcmf_c_process_clm_blob: no clm_blob available (err=-2), device may have limited channels available
[   21.475567] brcmfmac: brcmf_c_preinit_dcmds: Firmware: BCM43602/1 wl0: Nov 10 2015 06:38:10 version 7.35.177.61 (r598657) FWID 01-ea662a8c
[   21.536007] brcmfmac 0000:03:00.0 wlp3s0: renamed from wlan0
[   22.904289] tun: Universal TUN/TAP device driver, 1.6
[   22.908995] virbr0: port 1(virbr0-nic) entered blocking state
[   22.908996] virbr0: port 1(virbr0-nic) entered disabled state
[   22.909046] device virbr0-nic entered promiscuous mode
[   23.100935] virbr0: port 1(virbr0-nic) entered blocking state
[   23.100937] virbr0: port 1(virbr0-nic) entered listening state
[   23.149980] virbr0: port 1(virbr0-nic) entered disabled state
[   29.646127] Bluetooth: RFCOMM TTY layer initialized
[   29.646133] Bluetooth: RFCOMM socket layer initialized
[   29.646201] Bluetooth: RFCOMM ver 1.11
[   29.847096] fuse init (API version 7.28)
[   30.996164] rfkill: input handler disabled
[   31.112277] IPv6: ADDRCONF(NETDEV_CHANGE): wlp3s0: link becomes ready
[   33.980152] brcmfmac: brcmf_inetaddr_changed: fail to get arp ip table err:-52
[  196.332532] xhci_hcd 0000:00:14.0: ep 0x82 - asked for 65 bytes, 55 bytes untransferred
[  196.580533] xhci_hcd 0000:00:14.0: ep 0x82 - asked for 65 bytes, 55 bytes untransferred
[  196.660486] xhci_hcd 0000:00:14.0: ep 0x82 - asked for 65 bytes, 55 bytes untransferred
[  197.212541] xhci_hcd 0000:00:14.0: ep 0x82 - asked for 65 bytes, 55 bytes untransferred
[  197.663189] xhci_hcd 0000:00:14.0: ep 0x81 - asked for 96 bytes, 78 bytes untransferred
[  197.663196] xhci_hcd 0000:00:14.0: Giveback URB 0000000064e699a2, len = 18, expected = 96, status = 0
[  197.663264] xhci_hcd 0000:00:14.0: Stalled endpoint for slot 2 ep 2
[  197.663271] xhci_hcd 0000:00:14.0: Cleaning up stalled endpoint ring
[  197.663273] xhci_hcd 0000:00:14.0: Finding endpoint context
[  197.663275] xhci_hcd 0000:00:14.0: Cycle state = 0x0
[  197.663281] xhci_hcd 0000:00:14.0: New dequeue segment = 000000004dbdc2fd (virtual)
[  197.663283] xhci_hcd 0000:00:14.0: New dequeue pointer = 0x459f64210 (DMA)
[  197.663285] xhci_hcd 0000:00:14.0: Queueing new dequeue state
[  197.663289] xhci_hcd 0000:00:14.0: Set TR Deq Ptr cmd, new deq seg = 000000004dbdc2fd (0x459f64000 dma), new deq ptr = 00000000c40403e3 (0x459f64210 dma), new cycle = 0
[  197.663291] xhci_hcd 0000:00:14.0: // Ding dong!
[  197.663301] xhci_hcd 0000:00:14.0: Giveback URB 00000000601a62ab, len = 0, expected = 13, status = -32
[  197.663307] xhci_hcd 0000:00:14.0: Ignoring reset ep completion code of 1
[  197.663310] xhci_hcd 0000:00:14.0: Successful Set TR Deq Ptr cmd, deq = @459f64210
[  197.700529] xhci_hcd 0000:00:14.0: ep 0x82 - asked for 65 bytes, 55 bytes untransferred
[  197.916544] xhci_hcd 0000:00:14.0: ep 0x82 - asked for 65 bytes, 55 bytes untransferred
[  197.988487] xhci_hcd 0000:00:14.0: ep 0x82 - asked for 65 bytes, 55 bytes untransferred
[  197.996460] xhci_hcd 0000:00:14.0: ep 0x82 - asked for 65 bytes, 55 bytes untransferred
[  199.673350] xhci_hcd 0000:00:14.0: Cancel URB 00000000446f71dc, dev 12, ep 0x83, starting at offset 0x459938e70
[  199.673355] xhci_hcd 0000:00:14.0: // Ding dong!
[  199.673370] xhci_hcd 0000:00:14.0: Stopped on Transfer TRB for slot 3 ep 6
[  199.673375] xhci_hcd 0000:00:14.0: Removing canceled TD starting at 0x459938e70 (dma).
[  199.673387] xhci_hcd 0000:00:14.0: Finding endpoint context
[  199.673389] xhci_hcd 0000:00:14.0: Cycle state = 0x1
[  199.673391] xhci_hcd 0000:00:14.0: New dequeue segment = 000000006c7c238b (virtual)
[  199.673393] xhci_hcd 0000:00:14.0: New dequeue pointer = 0x459938e80 (DMA)
[  199.673396] xhci_hcd 0000:00:14.0: Set TR Deq Ptr cmd, new deq seg = 000000006c7c238b (0x459938000 dma), new deq ptr = 00000000d2f269f7 (0x459938e80 dma), new cycle = 1
[  199.673398] xhci_hcd 0000:00:14.0: // Ding dong!
[  199.673412] xhci_hcd 0000:00:14.0: Successful Set TR Deq Ptr cmd, deq = @459938e80
[  199.696862] brcmfmac: brcmf_inetaddr_changed: fail to get arp ip table err:-52
[  199.711183] xhci_hcd 0000:00:14.0: ep 0x81 - asked for 96 bytes, 78 bytes untransferred
[  199.711188] xhci_hcd 0000:00:14.0: Giveback URB 00000000c1e2f6b3, len = 18, expected = 96, status = 0
[  199.711234] xhci_hcd 0000:00:14.0: Stalled endpoint for slot 2 ep 2
[  199.711240] xhci_hcd 0000:00:14.0: Cleaning up stalled endpoint ring
[  199.711242] xhci_hcd 0000:00:14.0: Finding endpoint context
[  199.711244] xhci_hcd 0000:00:14.0: Cycle state = 0x0
[  199.711246] xhci_hcd 0000:00:14.0: New dequeue segment = 000000004dbdc2fd (virtual)
[  199.711249] xhci_hcd 0000:00:14.0: New dequeue pointer = 0x459f64250 (DMA)
[  199.711251] xhci_hcd 0000:00:14.0: Queueing new dequeue state
[  199.711254] xhci_hcd 0000:00:14.0: Set TR Deq Ptr cmd, new deq seg = 000000004dbdc2fd (0x459f64000 dma), new deq ptr = 000000005b0171c0 (0x459f64250 dma), new cycle = 0
[  199.711256] xhci_hcd 0000:00:14.0: // Ding dong!
[  199.711265] xhci_hcd 0000:00:14.0: Giveback URB 00000000601a62ab, len = 0, expected = 13, status = -32
[  199.711269] xhci_hcd 0000:00:14.0: Ignoring reset ep completion code of 1
[  199.711272] xhci_hcd 0000:00:14.0: Successful Set TR Deq Ptr cmd, deq = @459f64250
[  201.471344] PM: suspend entry (deep)
[  201.471348] PM: Syncing filesystems ... done.
[  201.509800] Freezing user space processes ... 
[  201.759679] xhci_hcd 0000:00:14.0: ep 0x81 - asked for 96 bytes, 78 bytes untransferred
[  201.759691] xhci_hcd 0000:00:14.0: Giveback URB 00000000d8623330, len = 18, expected = 96, status = 0
[  201.759814] xhci_hcd 0000:00:14.0: Stalled endpoint for slot 2 ep 2
[  201.759827] xhci_hcd 0000:00:14.0: Cleaning up stalled endpoint ring
[  201.759831] xhci_hcd 0000:00:14.0: Finding endpoint context
[  201.759835] xhci_hcd 0000:00:14.0: Cycle state = 0x0
[  201.759839] xhci_hcd 0000:00:14.0: New dequeue segment = 000000004dbdc2fd (virtual)
[  201.759844] xhci_hcd 0000:00:14.0: New dequeue pointer = 0x459f64290 (DMA)
[  201.759847] xhci_hcd 0000:00:14.0: Queueing new dequeue state
[  201.759853] xhci_hcd 0000:00:14.0: Set TR Deq Ptr cmd, new deq seg = 000000004dbdc2fd (0x459f64000 dma), new deq ptr = 000000008fc7dd03 (0x459f64290 dma), new cycle = 0
[  201.759857] xhci_hcd 0000:00:14.0: // Ding dong!
[  201.759869] xhci_hcd 0000:00:14.0: Giveback URB 00000000601a62ab, len = 0, expected = 13, status = -32
[  201.759880] xhci_hcd 0000:00:14.0: Ignoring reset ep completion code of 1
[  201.759886] xhci_hcd 0000:00:14.0: Successful Set TR Deq Ptr cmd, deq = @459f64290
[  201.812019] (elapsed 0.302 seconds) done.
[  201.812030] OOM killer disabled.
[  201.812033] Freezing remaining freezable tasks ... (elapsed 0.001 seconds) done.
[  201.813845] printk: Suspending console(s) (use no_console_suspend to debug)
[  201.815577] xhci_hcd 0000:00:14.0: Cancel URB 000000005da713a3, dev 12, ep 0x82, starting at offset 0x45a2a87c0
[  201.815584] xhci_hcd 0000:00:14.0: // Ding dong!
[  201.815667] xhci_hcd 0000:00:14.0: Stopped on Transfer TRB for slot 3 ep 4
[  201.815678] xhci_hcd 0000:00:14.0: Removing canceled TD starting at 0x45a2a87c0 (dma).
[  201.815682] xhci_hcd 0000:00:14.0: Finding endpoint context
[  201.815687] xhci_hcd 0000:00:14.0: Cycle state = 0x0
[  201.815690] xhci_hcd 0000:00:14.0: New dequeue segment = 00000000fbc58f68 (virtual)
[  201.815693] xhci_hcd 0000:00:14.0: New dequeue pointer = 0x45a2a87d0 (DMA)
[  201.815698] xhci_hcd 0000:00:14.0: Set TR Deq Ptr cmd, new deq seg = 00000000fbc58f68 (0x45a2a8000 dma), new deq ptr = 00000000afa05d93 (0x45a2a87d0 dma), new cycle = 0
[  201.815701] xhci_hcd 0000:00:14.0: // Ding dong!
[  201.815722] xhci_hcd 0000:00:14.0: Successful Set TR Deq Ptr cmd, deq = @45a2a87d0
[  201.815890] xhci_hcd 0000:00:14.0: // Ding dong!
[  201.815933] xhci_hcd 0000:00:14.0: Stopped on No-op or Link TRB for slot 3 ep 10
[  201.815942] xhci_hcd 0000:00:14.0: Stopped on No-op or Link TRB for slot 3 ep 8
[  201.815946] xhci_hcd 0000:00:14.0: Stopped on No-op or Link TRB for slot 3 ep 7
[  201.815949] xhci_hcd 0000:00:14.0: Stopped on No-op or Link TRB for slot 3 ep 2
[  201.815953] xhci_hcd 0000:00:14.0: Stopped on No-op or Link TRB for slot 3 ep 0
[  201.827615] usb 1-12: usb suspend, wakeup 1
[  201.827794] sd 0:0:0:0: [sda] Synchronizing SCSI cache
[  201.828582] xhci_hcd 0000:00:14.0: Disable port 3
[  201.828598] xhci_hcd 0000:00:14.0: Port Status Change Event for port 19
[  201.828611] xhci_hcd 0000:00:14.0: handle_port_status: starting port polling.
[  201.828624] usb 2-4: usb suspend, wakeup 0
[  201.828720] pcieport 0000:06:05.0: quirk: waiting for Thunderbolt to reestablish PCI tunnels...
[  201.828754] pcieport 0000:06:06.0: quirk: waiting for Thunderbolt to reestablish PCI tunnels...
[  201.828757] pcieport 0000:06:04.0: quirk: waiting for Thunderbolt to reestablish PCI tunnels...
[  201.828775] pcieport 0000:06:03.0: quirk: waiting for Thunderbolt to reestablish PCI tunnels...
[  201.829497] sd 0:0:0:0: [sda] Stopping disk
[  201.839622] hub 1-0:1.0: hub_suspend
[  201.839694] usb usb1: bus suspend, wakeup 0
[  201.840487] hub 2-0:1.0: hub_suspend
[  201.840558] usb usb2: bus suspend, wakeup 0
[  201.840636] xhci_hcd 0000:00:14.0: xhci_suspend: stopping port polling.
[  201.840660] xhci_hcd 0000:00:14.0: // Setting command ring address to 0x459dbc001
[  202.719408] PM: suspend devices took 0.905 seconds
[  202.732077] ACPI: EC: interrupt blocked
[  202.732963] xhci_hcd 0000:00:14.0: wakeup: 1
[  202.733432] xhci_hcd 0000:00:14.0: --> PCI D3hot
[  203.692452] ACPI: Preparing to enter system sleep state S3
[  203.693297] ACPI: EC: event blocked
[  203.693298] ACPI: EC: EC stopped
[  203.693299] PM: Saving platform NVS memory
[  203.693307] Disabling non-boot CPUs ...
[  203.709872] smpboot: CPU 1 is now offline
[  203.718379] smpboot: CPU 2 is now offline
[  203.725558] smpboot: CPU 3 is now offline
[  203.734702] smpboot: CPU 4 is now offline
[  203.738085] smpboot: CPU 5 is now offline
[  203.741922] smpboot: CPU 6 is now offline
[  203.745908] smpboot: CPU 7 is now offline
[  203.764621] ACPI: Low-level resume complete
[  203.764684] ACPI: EC: EC started
[  203.764685] PM: Restoring platform NVS memory
[  203.772263] Enabling non-boot CPUs ...
[  203.772319] x86: Booting SMP configuration:
[  203.772320] smpboot: Booting Node 0 Processor 1 APIC 0x2
[  207.682780] hrtimer: interrupt took 2293293 ns
[  208.942871]  cache: parent cpu1 should not be sleeping
[  212.210484] CPU1 is up
[  212.210556] smpboot: Booting Node 0 Processor 2 APIC 0x4
[  212.466880]  cache: parent cpu2 should not be sleeping
[  213.641350] CPU2 is up
[  213.641402] smpboot: Booting Node 0 Processor 3 APIC 0x6
[  213.852761]  cache: parent cpu3 should not be sleeping
[  214.857474] CPU3 is up
[  214.857535] smpboot: Booting Node 0 Processor 4 APIC 0x1
[  214.862996]  cache: parent cpu4 should not be sleeping
[  214.894873] CPU4 is up
[  214.894898] smpboot: Booting Node 0 Processor 5 APIC 0x3
[  215.089982]  cache: parent cpu5 should not be sleeping
[  215.645102] CPU5 is up
[  215.645137] smpboot: Booting Node 0 Processor 6 APIC 0x5
[  215.786646]  cache: parent cpu6 should not be sleeping
[  216.319303] CPU6 is up
[  216.319336] smpboot: Booting Node 0 Processor 7 APIC 0x7
[  216.463760]  cache: parent cpu7 should not be sleeping
[  217.073263] CPU7 is up
[  217.167676] ACPI: Waking up from system sleep state S3
[  217.169898] ACPI: EC: interrupt unblocked
[  217.194129] pcieport 0000:06:03.0: quirk: waiting for Thunderbolt to reestablish PCI tunnels...
[  217.194132] pcieport 0000:06:04.0: quirk: waiting for Thunderbolt to reestablish PCI tunnels...
[  217.194134] pcieport 0000:06:05.0: quirk: waiting for Thunderbolt to reestablish PCI tunnels...
[  217.194135] pcieport 0000:06:06.0: quirk: waiting for Thunderbolt to reestablish PCI tunnels...
[  217.226157] pcieport 0000:06:04.0: quirk_apple_wait_for_thunderbolt+0x0/0xe0 took 31265 usecs
[  217.226161] pcieport 0000:06:03.0: quirk_apple_wait_for_thunderbolt+0x0/0xe0 took 31270 usecs
[  217.226167] pcieport 0000:06:05.0: quirk_apple_wait_for_thunderbolt+0x0/0xe0 took 31265 usecs
[  217.226172] pcieport 0000:06:06.0: quirk_apple_wait_for_thunderbolt+0x0/0xe0 took 31265 usecs
[  217.295409] thunderbolt 0000:07:00.0: resetting error on 0:b.
[  217.295419] thunderbolt 0000:07:00.0: 0:b: hotplug: scanning
[  217.295421] thunderbolt 0000:07:00.0: 0:b: hotplug: no switch found
[  217.295512] thunderbolt 0000:07:00.0: resetting error on 0:c.
[  217.295517] thunderbolt 0000:07:00.0: 0:c: hotplug: scanning
[  217.295519] thunderbolt 0000:07:00.0: 0:c: hotplug: no switch found
[  218.268539] xhci_hcd 0000:00:14.0: // Setting command ring address to 0x459dbc001
[  218.268554] ACPI: EC: event unblocked
[  218.268600] xhci_hcd 0000:00:14.0: xhci_resume: starting port polling.
[  218.268675] xhci_hcd 0000:00:14.0: xhci_hub_status_data: stopping port polling.
[  218.268688] usb usb1: usb resume
[  218.268718] hub 1-0:1.0: hub_resume
[  218.268724] xhci_hcd 0000:00:14.0: get port status, actual port 0 status  = 0x2a0
[  218.268726] xhci_hcd 0000:00:14.0: Get port status returned 0x100
[  218.268769] xhci_hcd 0000:00:14.0: get port status, actual port 1 status  = 0x2a0
[  218.268773] xhci_hcd 0000:00:14.0: Get port status returned 0x100
[  218.268822] xhci_hcd 0000:00:14.0: get port status, actual port 2 status  = 0x2a0
[  218.268824] xhci_hcd 0000:00:14.0: Get port status returned 0x100
[  218.268867] xhci_hcd 0000:00:14.0: get port status, actual port 3 status  = 0x2a0
[  218.268870] xhci_hcd 0000:00:14.0: Get port status returned 0x100
[  218.268895] xhci_hcd 0000:00:14.0: get port status, actual port 4 status  = 0x2a0
[  218.268898] xhci_hcd 0000:00:14.0: Get port status returned 0x100
[  218.268945] xhci_hcd 0000:00:14.0: get port status, actual port 5 status  = 0x2a0
[  218.268948] xhci_hcd 0000:00:14.0: Get port status returned 0x100
[  218.268975] xhci_hcd 0000:00:14.0: get port status, actual port 6 status  = 0x2a0
[  218.268977] xhci_hcd 0000:00:14.0: Get port status returned 0x100
[  218.269038] xhci_hcd 0000:00:14.0: get port status, actual port 7 status  = 0x663
[  218.269042] xhci_hcd 0000:00:14.0: Get port status returned 0x107
[  218.269061] usb usb1-port8: status 0107 change 0000
[  218.269071] xhci_hcd 0000:00:14.0: get port status, actual port 8 status  = 0x2a0
[  218.269073] xhci_hcd 0000:00:14.0: Get port status returned 0x100
[  218.269118] xhci_hcd 0000:00:14.0: get port status, actual port 9 status  = 0x2a0
[  218.269121] xhci_hcd 0000:00:14.0: Get port status returned 0x100
[  218.269147] xhci_hcd 0000:00:14.0: get port status, actual port 10 status  = 0x2a0
[  218.269150] xhci_hcd 0000:00:14.0: Get port status returned 0x100
[  218.269175] usb usb2: usb resume
[  218.269198] hub 2-0:1.0: hub_resume
[  218.269201] xhci_hcd 0000:00:14.0: get port status, actual port 11 status  = 0x663
[  218.269204] xhci_hcd 0000:00:14.0: Get port status returned 0x107
[  218.269213] xhci_hcd 0000:00:14.0: get port status, actual port 0 status  = 0x2a0
[  218.269215] xhci_hcd 0000:00:14.0: Get port status returned 0x2a0
[  218.269218] usb usb1-port12: status 0107 change 0000
[  218.269226] xhci_hcd 0000:00:14.0: get port status, actual port 12 status  = 0x2a0
[  218.269230] xhci_hcd 0000:00:14.0: Get port status returned 0x100
[  218.269248] xhci_hcd 0000:00:14.0: get port status, actual port 1 status  = 0x2a0
[  218.269251] xhci_hcd 0000:00:14.0: Get port status returned 0x2a0
[  218.269255] xhci_hcd 0000:00:14.0: get port status, actual port 13 status  = 0x2a0
[  218.269257] xhci_hcd 0000:00:14.0: Get port status returned 0x100
[  218.269283] xhci_hcd 0000:00:14.0: get port status, actual port 2 status  = 0x2a0
[  218.269287] xhci_hcd 0000:00:14.0: Get port status returned 0x2a0
[  218.269304] xhci_hcd 0000:00:14.0: get port status, actual port 7 status  = 0x663
[  218.269307] xhci_hcd 0000:00:14.0: Get port status returned 0x107
[  218.269349] xhci_hcd 0000:00:14.0: get port status, actual port 3 status  = 0x20280
[  218.269351] xhci_hcd 0000:00:14.0: Get port status returned 0x10280
[  218.269363] usb usb2-port4: status 0280 change 0001
[  218.269374] xhci_hcd 0000:00:14.0: clear port connect change, actual port 3 status  = 0x280
[  218.269392] xhci_hcd 0000:00:14.0: get port status, actual port 4 status  = 0x2a0
[  218.269395] xhci_hcd 0000:00:14.0: Get port status returned 0x2a0
[  218.269411] xhci_hcd 0000:00:14.0: get port status, actual port 5 status  = 0x2a0
[  218.269420] xhci_hcd 0000:00:14.0: Get port status returned 0x2a0
[  218.269433] xhci_hcd 0000:00:14.0: clear USB_PORT_FEAT_SUSPEND
[  218.269436] xhci_hcd 0000:00:14.0: PORTSC 0663
[  218.269448] xhci_hcd 0000:00:14.0: get port status, actual port 11 status  = 0x663
[  218.269451] xhci_hcd 0000:00:14.0: Get port status returned 0x107
[  218.269468] xhci_hcd 0000:00:14.0: clear USB_PORT_FEAT_SUSPEND
[  218.269470] xhci_hcd 0000:00:14.0: PORTSC 0663
[  218.284873] xhci_hcd 0000:00:14.0: xhci_hub_status_data: stopping port polling.
[  218.289008] sd 0:0:0:0: [sda] Starting disk
[  218.310942] xhci_hcd 0000:00:14.0: Port Status Change Event for port 12
[  218.310947] xhci_hcd 0000:00:14.0: handle_port_status: starting port polling.
[  218.310960] xhci_hcd 0000:00:14.0: Port Status Change Event for port 8
[  218.310964] usb 1-12: usb resume
[  218.310965] xhci_hcd 0000:00:14.0: handle_port_status: starting port polling.
[  218.310996] usb 1-8: usb resume
[  218.311457] xhci_hcd 0000:00:14.0: underrun event on endpoint
[  218.311460] xhci_hcd 0000:00:14.0: overrun event on endpoint
[  218.352854] xhci_hcd 0000:00:14.0: get port status, actual port 7 status  = 0x603
[  218.352858] xhci_hcd 0000:00:14.0: Get port status returned 0x40103
[  218.353120] xhci_hcd 0000:00:14.0: get port status, actual port 11 status  = 0x603
[  218.353123] xhci_hcd 0000:00:14.0: Get port status returned 0x40103
[  218.364914] xhci_hcd 0000:00:14.0: clear port suspend/resume change, actual port 11 status  = 0x603
[  218.364942] xhci_hcd 0000:00:14.0: clear port suspend/resume change, actual port 7 status  = 0x603
[  218.364963] usb 1-8: Waited 0ms for CONNECT
[  218.364965] usb 1-8: finish resume
[  218.364979] usb 1-12: Waited 0ms for CONNECT
[  218.364983] usb 1-12: finish resume
[  218.365375] xhci_hcd 0000:00:14.0: xhci_drop_endpoint called for udev 0000000066305234
[  218.365407] xhci_hcd 0000:00:14.0: drop ep 0x83, slot id 1, new drop flags = 0x80, new add flags = 0x0
[  218.365411] xhci_hcd 0000:00:14.0: xhci_drop_endpoint called for udev 0000000066305234
[  218.365425] xhci_hcd 0000:00:14.0: drop ep 0x3, slot id 1, new drop flags = 0xc0, new add flags = 0x0
[  218.365568] xhci_hcd 0000:00:14.0: add ep 0x83, slot id 1, new drop flags = 0xc0, new add flags = 0x80
[  218.365588] xhci_hcd 0000:00:14.0: add ep 0x3, slot id 1, new drop flags = 0xc0, new add flags = 0xc0
[  218.365591] xhci_hcd 0000:00:14.0: xhci_check_bandwidth called for udev 0000000066305234
[  218.365596] xhci_hcd 0000:00:14.0: // Ding dong!
[  218.365812] xhci_hcd 0000:00:14.0: Successful Endpoint Configure command
[  218.375952] xhci_hcd 0000:00:14.0: get port status, actual port 3 status  = 0x280
[  218.375957] xhci_hcd 0000:00:14.0: Get port status returned 0x280
[  218.376822] xhci_hcd 0000:00:14.0: xhci_hub_status_data: stopping port polling.
[  218.397954] xhci_hcd 0000:00:14.0: get port status, actual port 3 status  = 0x280
[  218.397958] xhci_hcd 0000:00:14.0: Get port status returned 0x280
[  218.419956] xhci_hcd 0000:00:14.0: get port status, actual port 3 status  = 0x280
[  218.419960] xhci_hcd 0000:00:14.0: Get port status returned 0x280
[  218.441953] xhci_hcd 0000:00:14.0: get port status, actual port 3 status  = 0x280
[  218.441957] xhci_hcd 0000:00:14.0: Get port status returned 0x280
[  218.463953] xhci_hcd 0000:00:14.0: get port status, actual port 3 status  = 0x280
[  218.463956] xhci_hcd 0000:00:14.0: Get port status returned 0x280
[  218.485878] xhci_hcd 0000:00:14.0: get port status, actual port 3 status  = 0x280
[  218.485882] xhci_hcd 0000:00:14.0: Get port status returned 0x280
[  218.507971] xhci_hcd 0000:00:14.0: get port status, actual port 3 status  = 0x280
[  218.507975] xhci_hcd 0000:00:14.0: Get port status returned 0x280
[  218.529969] xhci_hcd 0000:00:14.0: get port status, actual port 3 status  = 0x280
[  218.529973] xhci_hcd 0000:00:14.0: Get port status returned 0x280
[  218.535892] xhci_hcd 0000:00:14.0: xhci_hub_status_data: stopping port polling.
[  218.551996] xhci_hcd 0000:00:14.0: get port status, actual port 3 status  = 0x280
[  218.552000] xhci_hcd 0000:00:14.0: Get port status returned 0x280
[  218.573978] xhci_hcd 0000:00:14.0: get port status, actual port 3 status  = 0x280
[  218.573982] xhci_hcd 0000:00:14.0: Get port status returned 0x280
[  218.595976] xhci_hcd 0000:00:14.0: get port status, actual port 3 status  = 0x280
[  218.595981] xhci_hcd 0000:00:14.0: Get port status returned 0x280
[  218.617941] xhci_hcd 0000:00:14.0: get port status, actual port 3 status  = 0x280
[  218.617946] xhci_hcd 0000:00:14.0: Get port status returned 0x280
[  218.623044] ata1: SATA link up 6.0 Gbps (SStatus 133 SControl 300)
[  218.623634] ata1.00: unexpected _GTF length (8)
[  218.624331] ata1.00: unexpected _GTF length (8)
[  218.624483] ata1.00: configured for UDMA/133
[  218.639925] xhci_hcd 0000:00:14.0: get port status, actual port 3 status  = 0x280
[  218.639927] xhci_hcd 0000:00:14.0: Get port status returned 0x280
[  218.661926] xhci_hcd 0000:00:14.0: get port status, actual port 3 status  = 0x280
[  218.661928] xhci_hcd 0000:00:14.0: Get port status returned 0x280
[  218.683941] xhci_hcd 0000:00:14.0: get port status, actual port 3 status  = 0x280
[  218.683943] xhci_hcd 0000:00:14.0: Get port status returned 0x280
[  218.705927] xhci_hcd 0000:00:14.0: get port status, actual port 3 status  = 0x280
[  218.705929] xhci_hcd 0000:00:14.0: Get port status returned 0x280
[  218.727928] xhci_hcd 0000:00:14.0: get port status, actual port 3 status  = 0x280
[  218.727930] xhci_hcd 0000:00:14.0: Get port status returned 0x280
[  218.749929] xhci_hcd 0000:00:14.0: get port status, actual port 3 status  = 0x280
[  218.749931] xhci_hcd 0000:00:14.0: Get port status returned 0x280
[  218.771929] xhci_hcd 0000:00:14.0: get port status, actual port 3 status  = 0x280
[  218.771931] xhci_hcd 0000:00:14.0: Get port status returned 0x280
[  218.793931] xhci_hcd 0000:00:14.0: get port status, actual port 3 status  = 0x280
[  218.793933] xhci_hcd 0000:00:14.0: Get port status returned 0x280
[  218.815944] xhci_hcd 0000:00:14.0: get port status, actual port 3 status  = 0x280
[  218.815946] xhci_hcd 0000:00:14.0: Get port status returned 0x280
[  218.837932] xhci_hcd 0000:00:14.0: get port status, actual port 3 status  = 0x280
[  218.837935] xhci_hcd 0000:00:14.0: Get port status returned 0x280
[  218.859931] xhci_hcd 0000:00:14.0: get port status, actual port 3 status  = 0x280
[  218.859933] xhci_hcd 0000:00:14.0: Get port status returned 0x280
[  218.881934] xhci_hcd 0000:00:14.0: get port status, actual port 3 status  = 0x280
[  218.881936] xhci_hcd 0000:00:14.0: Get port status returned 0x280
[  218.903935] xhci_hcd 0000:00:14.0: get port status, actual port 3 status  = 0x280
[  218.903937] xhci_hcd 0000:00:14.0: Get port status returned 0x280
[  218.925936] xhci_hcd 0000:00:14.0: get port status, actual port 3 status  = 0x280
[  218.925938] xhci_hcd 0000:00:14.0: Get port status returned 0x280
[  218.947950] xhci_hcd 0000:00:14.0: get port status, actual port 3 status  = 0x280
[  218.947952] xhci_hcd 0000:00:14.0: Get port status returned 0x280
[  218.969940] xhci_hcd 0000:00:14.0: get port status, actual port 3 status  = 0x280
[  218.969942] xhci_hcd 0000:00:14.0: Get port status returned 0x280
[  218.991938] xhci_hcd 0000:00:14.0: get port status, actual port 3 status  = 0x280
[  218.991940] xhci_hcd 0000:00:14.0: Get port status returned 0x280
[  219.013943] xhci_hcd 0000:00:14.0: get port status, actual port 3 status  = 0x280
[  219.013945] xhci_hcd 0000:00:14.0: Get port status returned 0x280
[  219.035941] xhci_hcd 0000:00:14.0: get port status, actual port 3 status  = 0x280
[  219.035943] xhci_hcd 0000:00:14.0: Get port status returned 0x280
[  219.057942] xhci_hcd 0000:00:14.0: get port status, actual port 3 status  = 0x280
[  219.057944] xhci_hcd 0000:00:14.0: Get port status returned 0x280
[  219.079955] xhci_hcd 0000:00:14.0: get port status, actual port 3 status  = 0x280
[  219.079957] xhci_hcd 0000:00:14.0: Get port status returned 0x280
[  219.101945] xhci_hcd 0000:00:14.0: get port status, actual port 3 status  = 0x280
[  219.101947] xhci_hcd 0000:00:14.0: Get port status returned 0x280
[  219.123944] xhci_hcd 0000:00:14.0: get port status, actual port 3 status  = 0x280
[  219.123946] xhci_hcd 0000:00:14.0: Get port status returned 0x280
[  219.145948] xhci_hcd 0000:00:14.0: get port status, actual port 3 status  = 0x280
[  219.145950] xhci_hcd 0000:00:14.0: Get port status returned 0x280
[  219.167947] xhci_hcd 0000:00:14.0: get port status, actual port 3 status  = 0x280
[  219.167949] xhci_hcd 0000:00:14.0: Get port status returned 0x280
[  219.189948] xhci_hcd 0000:00:14.0: get port status, actual port 3 status  = 0x280
[  219.189951] xhci_hcd 0000:00:14.0: Get port status returned 0x280
[  219.211961] xhci_hcd 0000:00:14.0: get port status, actual port 3 status  = 0x280
[  219.211964] xhci_hcd 0000:00:14.0: Get port status returned 0x280
[  219.233951] xhci_hcd 0000:00:14.0: get port status, actual port 3 status  = 0x280
[  219.233953] xhci_hcd 0000:00:14.0: Get port status returned 0x280
[  219.255948] xhci_hcd 0000:00:14.0: get port status, actual port 3 status  = 0x280
[  219.255950] xhci_hcd 0000:00:14.0: Get port status returned 0x280
[  219.277951] xhci_hcd 0000:00:14.0: get port status, actual port 3 status  = 0x280
