[    0.000000] microcode: microcode updated early to revision 0x1a, date = 2018-04-02
[    0.000000] Linux version 5.0.0-rc6+ (im@im-mac) (gcc version 8.2.1 20181215 (Red Hat 8.2.1-6) (GCC)) #47 SMP Tue Feb 12 02:06:47 +05 2019
[    0.000000] Command line: BOOT_IMAGE=/vmlinuz-5.0.0-rc6+ root=/dev/mapper/im--mac-root ro resume=/dev/mapper/im--mac-swap rd.lvm.lv=im-mac/root rd.luks.uuid=luks-dd1fa933-ef9f-402b-a2e4-7c9d6fb7ce0d rd.lvm.lv=im-mac/swap rhgb quiet hid_apple.fnmode=2 hid_apple.iso_layout=0
[    0.000000] x86/fpu: Supporting XSAVE feature 0x001: 'x87 floating point registers'
[    0.000000] x86/fpu: Supporting XSAVE feature 0x002: 'SSE registers'
[    0.000000] x86/fpu: Supporting XSAVE feature 0x004: 'AVX registers'
[    0.000000] x86/fpu: xstate_offset[2]:  576, xstate_sizes[2]:  256
[    0.000000] x86/fpu: Enabled xstate features 0x7, context size is 832 bytes, using 'standard' format.
[    0.000000] BIOS-provided physical RAM map:
[    0.000000] BIOS-e820: [mem 0x0000000000000000-0x0000000000057fff] usable
[    0.000000] BIOS-e820: [mem 0x0000000000058000-0x0000000000058fff] reserved
[    0.000000] BIOS-e820: [mem 0x0000000000059000-0x000000000009ffff] usable
[    0.000000] BIOS-e820: [mem 0x00000000000a0000-0x00000000000bffff] reserved
[    0.000000] BIOS-e820: [mem 0x0000000000100000-0x0000000078d00fff] usable
[    0.000000] BIOS-e820: [mem 0x0000000078d01000-0x0000000078d48fff] ACPI NVS
[    0.000000] BIOS-e820: [mem 0x0000000078d49000-0x0000000078d5cfff] usable
[    0.000000] BIOS-e820: [mem 0x0000000078d5d000-0x0000000078d8efff] ACPI data
[    0.000000] BIOS-e820: [mem 0x0000000078d8f000-0x0000000078e39fff] usable
[    0.000000] BIOS-e820: [mem 0x0000000078e3a000-0x0000000078e8efff] reserved
[    0.000000] BIOS-e820: [mem 0x0000000078e8f000-0x0000000078ecbfff] usable
[    0.000000] BIOS-e820: [mem 0x0000000078ecc000-0x0000000078efefff] reserved
[    0.000000] BIOS-e820: [mem 0x0000000078eff000-0x0000000078f84fff] usable
[    0.000000] BIOS-e820: [mem 0x0000000078f85000-0x0000000078fdefff] reserved
[    0.000000] BIOS-e820: [mem 0x0000000078fdf000-0x0000000078ffffff] usable
[    0.000000] BIOS-e820: [mem 0x0000000079000000-0x000000007f9fffff] reserved
[    0.000000] BIOS-e820: [mem 0x00000000e00f8000-0x00000000e00f8fff] reserved
[    0.000000] BIOS-e820: [mem 0x00000000fed1c000-0x00000000fed1ffff] reserved
[    0.000000] BIOS-e820: [mem 0x00000000ffd70000-0x00000000ffd9ffff] reserved
[    0.000000] BIOS-e820: [mem 0x0000000100000000-0x000000047f5fffff] usable
[    0.000000] NX (Execute Disable) protection: active
[    0.000000] e820: update [mem 0x662f4710-0x662f4ad2] usable ==> usable
[    0.000000] e820: update [mem 0x662f4710-0x662f4ad2] usable ==> usable
[    0.000000] extended physical RAM map:
[    0.000000] reserve setup_data: [mem 0x0000000000000000-0x0000000000057fff] usable
[    0.000000] reserve setup_data: [mem 0x0000000000058000-0x0000000000058fff] reserved
[    0.000000] reserve setup_data: [mem 0x0000000000059000-0x000000000009ffff] usable
[    0.000000] reserve setup_data: [mem 0x00000000000a0000-0x00000000000bffff] reserved
[    0.000000] reserve setup_data: [mem 0x0000000000100000-0x00000000662f470f] usable
[    0.000000] reserve setup_data: [mem 0x00000000662f4710-0x00000000662f4ad2] usable
[    0.000000] reserve setup_data: [mem 0x00000000662f4ad3-0x0000000078d00fff] usable
[    0.000000] reserve setup_data: [mem 0x0000000078d01000-0x0000000078d48fff] ACPI NVS
[    0.000000] reserve setup_data: [mem 0x0000000078d49000-0x0000000078d5cfff] usable
[    0.000000] reserve setup_data: [mem 0x0000000078d5d000-0x0000000078d8efff] ACPI data
[    0.000000] reserve setup_data: [mem 0x0000000078d8f000-0x0000000078e39fff] usable
[    0.000000] reserve setup_data: [mem 0x0000000078e3a000-0x0000000078e8efff] reserved
[    0.000000] reserve setup_data: [mem 0x0000000078e8f000-0x0000000078ecbfff] usable
[    0.000000] reserve setup_data: [mem 0x0000000078ecc000-0x0000000078efefff] reserved
[    0.000000] reserve setup_data: [mem 0x0000000078eff000-0x0000000078f84fff] usable
[    0.000000] reserve setup_data: [mem 0x0000000078f85000-0x0000000078fdefff] reserved
[    0.000000] reserve setup_data: [mem 0x0000000078fdf000-0x0000000078ffffff] usable
[    0.000000] reserve setup_data: [mem 0x0000000079000000-0x000000007f9fffff] reserved
[    0.000000] reserve setup_data: [mem 0x00000000e00f8000-0x00000000e00f8fff] reserved
[    0.000000] reserve setup_data: [mem 0x00000000fed1c000-0x00000000fed1ffff] reserved
[    0.000000] reserve setup_data: [mem 0x00000000ffd70000-0x00000000ffd9ffff] reserved
[    0.000000] reserve setup_data: [mem 0x0000000100000000-0x000000047f5fffff] usable
[    0.000000] efi: EFI v1.10 by Apple
[    0.000000] efi:  ACPI=0x78d8e000  ACPI 2.0=0x78d8e014  SMBIOS=0x78f8b000 
[    0.000000] SMBIOS 2.7 present.
[    0.000000] DMI: Apple Inc. MacBookPro11,4/Mac-06F11FD93F0323C5, BIOS MBP114.88Z.0184.B00.1806051659 06/05/2018
[    0.000000] tsc: Fast TSC calibration using PIT
[    0.000000] tsc: Detected 2195.071 MHz processor
[    0.000118] e820: update [mem 0x00000000-0x00000fff] usable ==> reserved
[    0.000119] e820: remove [mem 0x000a0000-0x000fffff] usable
[    0.000123] last_pfn = 0x47f600 max_arch_pfn = 0x400000000
[    0.000127] MTRR default type: write-back
[    0.000127] MTRR fixed ranges enabled:
[    0.000128]   00000-9FFFF write-back
[    0.000129]   A0000-BFFFF uncachable
[    0.000129]   C0000-DFFFF write-protect
[    0.000130]   E0000-FFFFF uncachable
[    0.000130] MTRR variable ranges enabled:
[    0.000131]   0 base 0080000000 mask 7F80000000 uncachable
[    0.000132]   1 base 007C000000 mask 7FFC000000 uncachable
[    0.000132]   2 base 007A000000 mask 7FFE000000 uncachable
[    0.000133]   3 base 0079000000 mask 7FFF000000 uncachable
[    0.000133]   4 disabled
[    0.000134]   5 disabled
[    0.000134]   6 disabled
[    0.000134]   7 disabled
[    0.000134]   8 disabled
[    0.000135]   9 disabled
[    0.009928] x86/PAT: Configuration [0-7]: WB  WC  UC- UC  WB  WP  UC- WT  
[    0.010020] last_pfn = 0x79000 max_arch_pfn = 0x400000000
[    0.021575] Base memory trampoline at [(____ptrval____)] 99000 size 24576
[    0.021578] Using GB pages for direct mapping
[    0.021580] BRK [0x182e01000, 0x182e01fff] PGTABLE
[    0.021582] BRK [0x182e02000, 0x182e02fff] PGTABLE
[    0.021582] BRK [0x182e03000, 0x182e03fff] PGTABLE
[    0.021607] BRK [0x182e04000, 0x182e04fff] PGTABLE
[    0.021608] BRK [0x182e05000, 0x182e05fff] PGTABLE
[    0.021675] BRK [0x182e06000, 0x182e06fff] PGTABLE
[    0.021691] BRK [0x182e07000, 0x182e07fff] PGTABLE
[    0.021735] BRK [0x182e08000, 0x182e08fff] PGTABLE
[    0.021836] Secure boot disabled
[    0.021837] RAMDISK: [mem 0x42ad6000-0x48561fff]
[    0.021848] ACPI: Early table checksum verification disabled
[    0.021850] ACPI: RSDP 0x0000000078D8E014 000024 (v02 APPLE )
[    0.021854] ACPI: XSDT 0x0000000078D8E1C0 0000A4 (v01 APPLE  Apple00  00000000      01000013)
[    0.021857] ACPI: FACP 0x0000000078D8C000 0000F4 (v05 APPLE  Apple00  00000000 Loki 0000005F)
[    0.021860] ACPI BIOS Warning (bug): 32/64X length mismatch in FADT/Gpe0Block: 128/0 (20181213/tbfadt-569)
[    0.021863] ACPI: DSDT 0x0000000078D7F000 007331 (v03 APPLE  MacBookP 00110004 INTL 20140424)
[    0.021865] ACPI: FACS 0x0000000078D06000 000040
[    0.021866] ACPI: FACS 0x0000000078D06000 000040
[    0.021867] ACPI: HPET 0x0000000078D8B000 000038 (v01 APPLE  Apple00  00000001 Loki 0000005F)
[    0.021869] ACPI: APIC 0x0000000078D8A000 0000BC (v02 APPLE  Apple00  00000001 Loki 0000005F)
[    0.021871] ACPI: SBST 0x0000000078D88000 000030 (v01 APPLE  Apple00  00000001 Loki 0000005F)
[    0.021873] ACPI: ECDT 0x0000000078D87000 000053 (v01 APPLE  Apple00  00000001 Loki 0000005F)
[    0.021874] ACPI: SSDT 0x0000000078D7E000 000024 (v01 APPLE  SataAhci 00001000 INTL 20140424)
[    0.021876] ACPI: SSDT 0x0000000078D7D000 000024 (v01 APPLE  SmcDppt  00001000 INTL 20140424)
[    0.021878] ACPI: SSDT 0x0000000078D7C000 000032 (v01 APPLE  SsdtS3   00001000 INTL 20140424)
[    0.021880] ACPI: SSDT 0x0000000078D68000 0086DA (v01 APPLE  TbtPEG11 00001000 INTL 20140424)
[    0.021881] ACPI: SSDT 0x0000000078D67000 0000B8 (v01 APPLE  Sdxc     00001000 INTL 20140424)
[    0.021883] ACPI: SSDT 0x0000000078D66000 000A7B (v02 APPLE  Xhci     00001000 INTL 20140424)
[    0.021885] ACPI: SSDT 0x0000000078D64000 000341 (v01 APPLE  PEG0SSD0 00001000 INTL 20140424)
[    0.021887] ACPI: SSDT 0x0000000078D5F000 00069C (v01 PmRef  Cpu0Ist  00003000 INTL 20140424)
[    0.021889] ACPI: SSDT 0x0000000078D5E000 000C17 (v01 CpuRef CpuSsdt  00003000 INTL 20140424)
[    0.021890] ACPI: DMAR 0x0000000078D5D000 000088 (v01 APPLE  BDW      00000001 INTL 00000001)
[    0.021892] ACPI: MCFG 0x0000000078D89000 00003C (v01 APPLE  Apple00  00000001 Loki 0000005F)
[    0.021897] ACPI: DMI detected to setup _OSI("Darwin"): Apple hardware
[    0.021899] ACPI: Local APIC address 0xfee00000
[    0.021971] No NUMA configuration found
[    0.021971] Faking a node at [mem 0x0000000000000000-0x000000047f5fffff]
[    0.021979] NODE_DATA(0) allocated [mem 0x47f5d5000-0x47f5fffff]
[    0.051314] Zone ranges:
[    0.051316]   DMA      [mem 0x0000000000001000-0x0000000000ffffff]
[    0.051317]   DMA32    [mem 0x0000000001000000-0x00000000ffffffff]
[    0.051318]   Normal   [mem 0x0000000100000000-0x000000047f5fffff]
[    0.051318]   Device   empty
[    0.051319] Movable zone start for each node
[    0.051321] Early memory node ranges
[    0.051322]   node   0: [mem 0x0000000000001000-0x0000000000057fff]
[    0.051322]   node   0: [mem 0x0000000000059000-0x000000000009ffff]
[    0.051323]   node   0: [mem 0x0000000000100000-0x0000000078d00fff]
[    0.051323]   node   0: [mem 0x0000000078d49000-0x0000000078d5cfff]
[    0.051324]   node   0: [mem 0x0000000078d8f000-0x0000000078e39fff]
[    0.051324]   node   0: [mem 0x0000000078e8f000-0x0000000078ecbfff]
[    0.051324]   node   0: [mem 0x0000000078eff000-0x0000000078f84fff]
[    0.051325]   node   0: [mem 0x0000000078fdf000-0x0000000078ffffff]
[    0.051325]   node   0: [mem 0x0000000100000000-0x000000047f5fffff]
[    0.051697] Zeroed struct page in unavailable ranges: 29118 pages
[    0.051698] Initmem setup node 0 [mem 0x0000000000001000-0x000000047f5fffff]
[    0.051699] On node 0 totalpages: 4162626
[    0.051700]   DMA zone: 64 pages used for memmap
[    0.051701]   DMA zone: 22 pages reserved
[    0.051701]   DMA zone: 3998 pages, LIFO batch:0
[    0.051773]   DMA32 zone: 7675 pages used for memmap
[    0.051774]   DMA32 zone: 491172 pages, LIFO batch:63
[    0.063364]   Normal zone: 57304 pages used for memmap
[    0.063365]   Normal zone: 3667456 pages, LIFO batch:63
[    0.132562] Reserving Intel graphics memory at [mem 0x79a00000-0x7f9fffff]
[    0.132631] ACPI: PM-Timer IO Port: 0x1808
[    0.132633] ACPI: Local APIC address 0xfee00000
[    0.132638] ACPI: LAPIC_NMI (acpi_id[0x01] high edge lint[0x1])
[    0.132639] ACPI: LAPIC_NMI (acpi_id[0x02] high edge lint[0x1])
[    0.132639] ACPI: LAPIC_NMI (acpi_id[0x03] high edge lint[0x1])
[    0.132640] ACPI: LAPIC_NMI (acpi_id[0x04] high edge lint[0x1])
[    0.132640] ACPI: LAPIC_NMI (acpi_id[0x05] high edge lint[0x1])
[    0.132640] ACPI: LAPIC_NMI (acpi_id[0x06] high edge lint[0x1])
[    0.132641] ACPI: LAPIC_NMI (acpi_id[0x07] high edge lint[0x1])
[    0.132641] ACPI: LAPIC_NMI (acpi_id[0x08] high edge lint[0x1])
[    0.132650] IOAPIC[0]: apic_id 2, version 32, address 0xfec00000, GSI 0-23
[    0.132652] ACPI: INT_SRC_OVR (bus 0 bus_irq 0 global_irq 2 dfl dfl)
[    0.132653] ACPI: INT_SRC_OVR (bus 0 bus_irq 9 global_irq 9 high level)
[    0.132654] ACPI: IRQ0 used by override.
[    0.132655] ACPI: IRQ9 used by override.
[    0.132656] Using ACPI (MADT) for SMP configuration information
[    0.132657] ACPI: HPET id: 0x8086a201 base: 0xfed00000
[    0.132660] smpboot: Allowing 8 CPUs, 0 hotplug CPUs
[    0.132674] PM: Registered nosave memory: [mem 0x00000000-0x00000fff]
[    0.132675] PM: Registered nosave memory: [mem 0x00058000-0x00058fff]
[    0.132676] PM: Registered nosave memory: [mem 0x000a0000-0x000bffff]
[    0.132676] PM: Registered nosave memory: [mem 0x000c0000-0x000fffff]
[    0.132677] PM: Registered nosave memory: [mem 0x662f4000-0x662f4fff]
[    0.132678] PM: Registered nosave memory: [mem 0x662f4000-0x662f4fff]
[    0.132679] PM: Registered nosave memory: [mem 0x78d01000-0x78d48fff]
[    0.132680] PM: Registered nosave memory: [mem 0x78d5d000-0x78d8efff]
[    0.132681] PM: Registered nosave memory: [mem 0x78e3a000-0x78e8efff]
[    0.132682] PM: Registered nosave memory: [mem 0x78ecc000-0x78efefff]
[    0.132683] PM: Registered nosave memory: [mem 0x78f85000-0x78fdefff]
[    0.132684] PM: Registered nosave memory: [mem 0x79000000-0x7f9fffff]
[    0.132684] PM: Registered nosave memory: [mem 0x7fa00000-0xe00f7fff]
[    0.132685] PM: Registered nosave memory: [mem 0xe00f8000-0xe00f8fff]
[    0.132685] PM: Registered nosave memory: [mem 0xe00f9000-0xfed1bfff]
[    0.132685] PM: Registered nosave memory: [mem 0xfed1c000-0xfed1ffff]
[    0.132686] PM: Registered nosave memory: [mem 0xfed20000-0xffd6ffff]
[    0.132686] PM: Registered nosave memory: [mem 0xffd70000-0xffd9ffff]
[    0.132687] PM: Registered nosave memory: [mem 0xffda0000-0xffffffff]
[    0.132688] [mem 0x7fa00000-0xe00f7fff] available for PCI devices
[    0.132690] Booting paravirtualized kernel on bare hardware
[    0.132693] clocksource: refined-jiffies: mask: 0xffffffff max_cycles: 0xffffffff, max_idle_ns: 1910969940391419 ns
[    0.227868] random: get_random_bytes called from start_kernel+0x93/0x503 with crng_init=0
[    0.227874] setup_percpu: NR_CPUS:64 nr_cpumask_bits:64 nr_cpu_ids:8 nr_node_ids:1
[    0.228046] percpu: Embedded 44 pages/cpu @(____ptrval____) s143360 r8192 d28672 u262144
[    0.228051] pcpu-alloc: s143360 r8192 d28672 u262144 alloc=1*2097152
[    0.228052] pcpu-alloc: [0] 0 1 2 3 4 5 6 7 
[    0.228067] Built 1 zonelists, mobility grouping on.  Total pages: 4097561
[    0.228068] Policy zone: Normal
[    0.228069] Kernel command line: BOOT_IMAGE=/vmlinuz-5.0.0-rc6+ root=/dev/mapper/im--mac-root ro resume=/dev/mapper/im--mac-swap rd.lvm.lv=im-mac/root rd.luks.uuid=luks-dd1fa933-ef9f-402b-a2e4-7c9d6fb7ce0d rd.lvm.lv=im-mac/swap rhgb quiet hid_apple.fnmode=2 hid_apple.iso_layout=0
[    0.273668] Memory: 15844032K/16650504K available (12291K kernel code, 1403K rwdata, 4028K rodata, 2152K init, 4944K bss, 806472K reserved, 0K cma-reserved)
[    0.273768] SLUB: HWalign=64, Order=0-3, MinObjects=0, CPUs=8, Nodes=1
[    0.273773] Kernel/User page tables isolation: enabled
[    0.273785] ftrace: allocating 38170 entries in 150 pages
[    0.286955] rcu: Hierarchical RCU implementation.
[    0.286956] rcu: 	RCU restricting CPUs from NR_CPUS=64 to nr_cpu_ids=8.
[    0.286958] rcu: RCU calculated value of scheduler-enlistment delay is 100 jiffies.
[    0.286958] rcu: Adjusting geometry for rcu_fanout_leaf=16, nr_cpu_ids=8
[    0.288900] NR_IRQS: 4352, nr_irqs: 488, preallocated irqs: 16
[    0.289025] rcu: 	Offload RCU callbacks from CPUs: (none).
[    0.289068] Console: colour dummy device 80x25
[    0.289073] printk: console [tty0] enabled
[    0.289085] ACPI: Core revision 20181213
[    0.289289] clocksource: hpet: mask: 0xffffffff max_cycles: 0xffffffff, max_idle_ns: 133484882848 ns
[    0.289298] hpet clockevent registered
[    0.289301] APIC: Switch to symmetric I/O mode setup
[    0.289303] DMAR: Host address width 39
[    0.289304] DMAR: DRHD base: 0x000000fed90000 flags: 0x0
[    0.289307] DMAR: dmar0: reg_base_addr fed90000 ver 1:0 cap c0000020660462 ecap f0101a
[    0.289307] DMAR: DRHD base: 0x000000fed91000 flags: 0x1
[    0.289309] DMAR: dmar1: reg_base_addr fed91000 ver 1:0 cap d2008020660462 ecap f010da
[    0.289310] DMAR: RMRR base: 0x00000079800000 end: 0x0000007f9fffff
[    0.289313] DMAR-IR: IOAPIC id 2 under DRHD base  0xfed91000 IOMMU 1
[    0.289313] DMAR-IR: HPET id 0 under DRHD base 0xfed91000
[    0.289314] DMAR-IR: x2apic is disabled because BIOS sets x2apic opt out bit.
[    0.289314] DMAR-IR: Use 'intremap=no_x2apic_optout' to override the BIOS setting.
[    0.289756] DMAR-IR: Enabled IRQ remapping in xapic mode
[    0.289757] x2apic: IRQ remapping doesn't support X2APIC mode
[    0.290129] ..TIMER: vector=0x30 apic1=0 pin1=2 apic2=-1 pin2=-1
[    0.294302] clocksource: tsc-early: mask: 0xffffffffffffffff max_cycles: 0x1fa402b153e, max_idle_ns: 440795249996 ns
[    0.294312] Calibrating delay loop (skipped), value calculated using timer frequency.. 4390.14 BogoMIPS (lpj=2195071)
[    0.294313] pid_max: default: 32768 minimum: 301
[    0.304535] LSM: Security Framework initializing
[    0.304536] Yama: becoming mindful.
[    0.304540] SELinux:  Initializing.
[    0.306513] Dentry cache hash table entries: 2097152 (order: 12, 16777216 bytes)
[    0.307484] Inode-cache hash table entries: 1048576 (order: 11, 8388608 bytes)
[    0.307521] Mount-cache hash table entries: 32768 (order: 6, 262144 bytes)
[    0.307552] Mountpoint-cache hash table entries: 32768 (order: 6, 262144 bytes)
[    0.307712] ENERGY_PERF_BIAS: Set to 'normal', was 'performance'
[    0.307712] ENERGY_PERF_BIAS: View and update with x86_energy_perf_policy(8)
[    0.307716] mce: CPU supports 10 MCE banks
[    0.307724] mce: CPU0: Thermal monitoring enabled (TM1)
[    0.307736] process: using mwait in idle threads
[    0.307738] Last level iTLB entries: 4KB 1024, 2MB 1024, 4MB 1024
[    0.307739] Last level dTLB entries: 4KB 1024, 2MB 1024, 4MB 1024, 1GB 4
[    0.307740] Spectre V2 : Mitigation: Full generic retpoline
[    0.307741] Spectre V2 : Spectre v2 / SpectreRSB mitigation: Filling RSB on context switch
[    0.307741] Spectre V2 : Enabling Restricted Speculation for firmware calls
[    0.307746] Spectre V2 : mitigation: Enabling conditional Indirect Branch Prediction Barrier
[    0.307746] Spectre V2 : User space: Mitigation: STIBP via seccomp and prctl
[    0.307747] Speculative Store Bypass: Mitigation: Speculative Store Bypass disabled via prctl and seccomp
[    0.307908] Freeing SMP alternatives memory: 36K
[    0.308982] TSC deadline timer enabled
[    0.308984] smpboot: CPU0: Intel(R) Core(TM) i7-4770HQ CPU @ 2.20GHz (family: 0x6, model: 0x46, stepping: 0x1)
[    0.309050] Performance Events: PEBS fmt2+, Haswell events, 16-deep LBR, full-width counters, Intel PMU driver.
[    0.309087] ... version:                3
[    0.309087] ... bit width:              48
[    0.309087] ... generic registers:      4
[    0.309088] ... value mask:             0000ffffffffffff
[    0.309088] ... max period:             00007fffffffffff
[    0.309089] ... fixed-purpose events:   3
[    0.309089] ... event mask:             000000070000000f
[    0.309114] rcu: Hierarchical SRCU implementation.
[    0.309303] random: crng done (trusting CPU's manufacturer)
[    0.309303] NMI watchdog: Enabled. Permanently consumes one hw-PMU counter.
[    0.309401] smp: Bringing up secondary CPUs ...
[    0.309472] x86: Booting SMP configuration:
[    0.309473] .... node  #0, CPUs:      #1 #2 #3 #4 #5 #6 #7
[    0.358308] smp: Brought up 1 node, 8 CPUs
[    0.358309] smpboot: Max logical packages: 1
[    0.358310] smpboot: Total of 8 processors activated (35121.13 BogoMIPS)
[    0.359673] devtmpfs: initialized
[    0.359673] x86/mm: Memory block size: 128MB
[    0.360549] PM: Registering ACPI NVS region [mem 0x78d01000-0x78d48fff] (294912 bytes)
[    0.360549] clocksource: jiffies: mask: 0xffffffff max_cycles: 0xffffffff, max_idle_ns: 1911260446275000 ns
[    0.360549] futex hash table entries: 2048 (order: 5, 131072 bytes)
[    0.360549] pinctrl core: initialized pinctrl subsystem
[    0.360549] RTC time: 23:09:20, date: 2019-02-11
[    0.360638] NET: Registered protocol family 16
[    0.360724] audit: initializing netlink subsys (disabled)
[    0.360728] audit: type=2000 audit(1549926560.071:1): state=initialized audit_enabled=0 res=1
[    0.360728] cpuidle: using governor menu
[    0.360728] ACPI: bus type PCI registered
[    0.360728] acpiphp: ACPI Hot Plug PCI Controller Driver version: 0.5
[    0.360728] PCI: MMCONFIG for domain 0000 [bus 00-9b] at [mem 0xe0000000-0xe9bfffff] (base 0xe0000000)
[    0.360728] PCI: not using MMCONFIG
[    0.360728] PCI: Using configuration type 1 for base access
[    0.360728] core: PMU erratum BJ122, BV98, HSD29 worked around, HT is on
[    0.362335] HugeTLB registered 1.00 GiB page size, pre-allocated 0 pages
[    0.362335] HugeTLB registered 2.00 MiB page size, pre-allocated 0 pages
[    0.362335] cryptd: max_cpu_qlen set to 1000
[    0.362355] ACPI: Disabled all _OSI OS vendors
[    0.362356] ACPI: Added _OSI(Module Device)
[    0.362357] ACPI: Added _OSI(Processor Device)
[    0.362357] ACPI: Added _OSI(3.0 _SCP Extensions)
[    0.362358] ACPI: Added _OSI(Processor Aggregator Device)
[    0.362358] ACPI: Added _OSI(Linux-Dell-Video)
[    0.362359] ACPI: Added _OSI(Linux-Lenovo-NV-HDMI-Audio)
[    0.362360] ACPI: Added _OSI(Linux-HPI-Hybrid-Graphics)
[    0.362360] ACPI: Added _OSI(Darwin)
[    0.372799] ACPI: 10 ACPI AML tables successfully acquired and loaded
[    0.374303] ACPI: EC: EC started
[    0.374303] ACPI: EC: interrupt blocked
[    0.376381] ACPI: \: Used as first EC
[    0.376382] ACPI: \: GPE=0x17, EC_CMD/EC_SC=0x66, EC_DATA=0x62
[    0.376383] ACPI: \: Used as boot ECDT EC to handle transactions
[    0.377085] ACPI: BIOS _OSI(Darwin) query honored via DMI
[    0.377606] ACPI: [Firmware Bug]: BIOS _OSI(Linux) query ignored
[    0.377724] ACPI Error: Needed type [Reference], found [Integer] 00000000bd518799 (20181213/exresop-69)
[    0.377727] ACPI Error: AE_AML_OPERAND_TYPE, While resolving operands for [OpcodeName unavailable] (20181213/dswexec-427)
[    0.377729] ACPI Error: Method parse/execution failed \_PR.CPU0._PDC, AE_AML_OPERAND_TYPE (20181213/psparse-531)
[    0.377916] ACPI: Dynamic OEM Table Load:
[    0.377921] ACPI: SSDT 0xFFFF96E36CF15800 00067C (v01 PmRef  ApIst    00003000 INTL 20140424)
[    0.378288] ACPI: Dynamic OEM Table Load:
[    0.378291] ACPI: SSDT 0xFFFF96E36CB9D200 000119 (v01 PmRef  ApCst    00003000 INTL 20140424)
[    0.379333] ACPI: Interpreter enabled
[    0.379348] ACPI: (supports S0 S3 S4 S5)
[    0.379349] ACPI: Using IOAPIC for interrupt routing
[    0.379366] PCI: MMCONFIG for domain 0000 [bus 00-9b] at [mem 0xe0000000-0xe9bfffff] (base 0xe0000000)
[    0.379736] PCI: MMCONFIG at [mem 0xe0000000-0xe9bfffff] reserved in ACPI motherboard resources
[    0.379744] PCI: Using host bridge windows from ACPI; if necessary, use "pci=nocrs" and report a bug
[    0.379923] ACPI: Enabled 7 GPEs in block 00 to 3F
[    0.387601] ACPI: PCI Root Bridge [PCI0] (domain 0000 [bus 00-ff])
[    0.387605] acpi PNP0A08:00: _OSC: OS assumes control of [PCIeHotplug SHPCHotplug AER PCIeCapability LTR]
[    0.387615] acpi PNP0A08:00: [Firmware Info]: MMCONFIG for domain 0000 [bus 00-9b] only partially covers this bridge
[    0.387811] PCI host bridge to bus 0000:00
[    0.387813] pci_bus 0000:00: root bus resource [io  0x0000-0x0cf7 window]
[    0.387814] pci_bus 0000:00: root bus resource [io  0x0d00-0xffff window]
[    0.387815] pci_bus 0000:00: root bus resource [mem 0x000a0000-0x000bffff window]
[    0.387816] pci_bus 0000:00: root bus resource [mem 0x000c0000-0x000c3fff window]
[    0.387817] pci_bus 0000:00: root bus resource [mem 0x000c4000-0x000c7fff window]
[    0.387818] pci_bus 0000:00: root bus resource [mem 0x000c8000-0x000cbfff window]
[    0.387819] pci_bus 0000:00: root bus resource [mem 0x000cc000-0x000cffff window]
[    0.387820] pci_bus 0000:00: root bus resource [mem 0x000d0000-0x000d3fff window]
[    0.387821] pci_bus 0000:00: root bus resource [mem 0x000d4000-0x000d7fff window]
[    0.387822] pci_bus 0000:00: root bus resource [mem 0x000d8000-0x000dbfff window]
[    0.387822] pci_bus 0000:00: root bus resource [mem 0x000dc000-0x000dffff window]
[    0.387823] pci_bus 0000:00: root bus resource [mem 0x000e0000-0x000e3fff window]
[    0.387824] pci_bus 0000:00: root bus resource [mem 0x000e4000-0x000e7fff window]
[    0.387825] pci_bus 0000:00: root bus resource [mem 0x000e8000-0x000ebfff window]
[    0.387826] pci_bus 0000:00: root bus resource [mem 0x000ec000-0x000effff window]
[    0.387827] pci_bus 0000:00: root bus resource [mem 0x000f0000-0x000fffff window]
[    0.387828] pci_bus 0000:00: root bus resource [mem 0x7fa00000-0xfeafffff window]
[    0.387829] pci_bus 0000:00: root bus resource [mem 0xfed40000-0xfed44fff window]
[    0.387830] pci_bus 0000:00: root bus resource [bus 00-ff]
[    0.387836] pci 0000:00:00.0: [8086:0d04] type 00 class 0x060000
[    0.387903] pci 0000:00:01.0: [8086:0d01] type 01 class 0x060400
[    0.387934] pci 0000:00:01.0: PME# supported from D0 D3hot D3cold
[    0.387979] pci 0000:00:01.1: [8086:0d05] type 01 class 0x060400
[    0.388007] pci 0000:00:01.1: PME# supported from D0 D3hot D3cold
[    0.388078] pci 0000:00:02.0: [8086:0d26] type 00 class 0x030000
[    0.388087] pci 0000:00:02.0: reg 0x10: [mem 0xa0000000-0xa03fffff 64bit]
[    0.388092] pci 0000:00:02.0: reg 0x18: [mem 0x90000000-0x9fffffff 64bit pref]
[    0.388095] pci 0000:00:02.0: reg 0x20: [io  0x3000-0x303f]
[    0.388104] pci 0000:00:02.0: BAR 2: assigned to efifb
[    0.388151] pci 0000:00:03.0: [8086:0d0c] type 00 class 0x040300
[    0.388158] pci 0000:00:03.0: reg 0x10: [mem 0xa0c10000-0xa0c13fff 64bit]
[    0.388237] pci 0000:00:14.0: [8086:8c31] type 00 class 0x0c0330
[    0.388255] pci 0000:00:14.0: reg 0x10: [mem 0xa0c00000-0xa0c0ffff 64bit]
[    0.388308] pci 0000:00:14.0: PME# supported from D3hot D3cold
[    0.388386] pci 0000:00:16.0: [8086:8c3a] type 00 class 0x078000
[    0.388405] pci 0000:00:16.0: reg 0x10: [mem 0xa0c19100-0xa0c1910f 64bit]
[    0.388457] pci 0000:00:16.0: PME# supported from D0 D3hot D3cold
[    0.388513] pci 0000:00:1b.0: [8086:8c20] type 00 class 0x040300
[    0.388530] pci 0000:00:1b.0: reg 0x10: [mem 0xa0c14000-0xa0c17fff 64bit]
[    0.388589] pci 0000:00:1b.0: PME# supported from D0 D3hot D3cold
[    0.388639] pci 0000:00:1c.0: [8086:8c10] type 01 class 0x060400
[    0.388681] pci 0000:00:1c.0: claimed MacBook Pro poweroff workaround [mem 0x7fa00000-0x7fbfffff]
[    0.388726] pci 0000:00:1c.0: PME# supported from D0 D3hot D3cold
[    0.388786] pci 0000:00:1c.2: [8086:8c14] type 01 class 0x060400
[    0.388855] pci 0000:00:1c.2: PME# supported from D0 D3hot D3cold
[    0.388914] pci 0000:00:1c.3: [8086:8c16] type 01 class 0x060400
[    0.388983] pci 0000:00:1c.3: PME# supported from D0 D3hot D3cold
[    0.389044] pci 0000:00:1f.0: [8086:8c4b] type 00 class 0x060100
[    0.389179] pci 0000:00:1f.3: [8086:8c22] type 00 class 0x0c0500
[    0.389195] pci 0000:00:1f.3: reg 0x10: [mem 0xa0c19000-0xa0c190ff 64bit]
[    0.389212] pci 0000:00:1f.3: reg 0x20: [io  0xefa0-0xefbf]
[    0.389271] pci 0000:00:1f.6: [8086:8c24] type 00 class 0x118000
[    0.389290] pci 0000:00:1f.6: reg 0x10: [mem 0xa0c18000-0xa0c18fff 64bit]
[    0.389439] pci 0000:01:00.0: [144d:a801] type 00 class 0x010601
[    0.389474] pci 0000:01:00.0: reg 0x24: [mem 0xa0b00000-0xa0b01fff]
[    0.389599] pci 0000:00:01.0: PCI bridge to [bus 01]
[    0.389602] pci 0000:00:01.0:   bridge window [mem 0xa0b00000-0xa0bfffff]
[    0.389649] pci 0000:05:00.0: [8086:156d] type 01 class 0x060400
[    0.389729] pci 0000:05:00.0: supports D1 D2
[    0.389730] pci 0000:05:00.0: PME# supported from D0 D1 D2 D3hot D3cold
[    0.389816] pci 0000:00:01.1: PCI bridge to [bus 05-9b]
[    0.389818] pci 0000:00:01.1:   bridge window [io  0x4000-0x6fff]
[    0.389819] pci 0000:00:01.1:   bridge window [mem 0xa0d00000-0xacdfffff]
[    0.389822] pci 0000:00:01.1:   bridge window [mem 0xace00000-0xb8dfffff 64bit pref]
[    0.389902] pci 0000:06:00.0: [8086:156d] type 01 class 0x060400
[    0.389990] pci 0000:06:00.0: supports D1 D2
[    0.389991] pci 0000:06:00.0: PME# supported from D0 D1 D2 D3hot D3cold
[    0.390055] pci 0000:06:03.0: [8086:156d] type 01 class 0x060400
[    0.390142] pci 0000:06:03.0: supports D1 D2
[    0.390143] pci 0000:06:03.0: PME# supported from D0 D1 D2 D3hot D3cold
[    0.390201] pci 0000:06:04.0: [8086:156d] type 01 class 0x060400
[    0.390287] pci 0000:06:04.0: supports D1 D2
[    0.390288] pci 0000:06:04.0: PME# supported from D0 D1 D2 D3hot D3cold
[    0.390350] pci 0000:06:05.0: [8086:156d] type 01 class 0x060400
[    0.390437] pci 0000:06:05.0: supports D1 D2
[    0.390438] pci 0000:06:05.0: PME# supported from D0 D1 D2 D3hot D3cold
[    0.390498] pci 0000:06:06.0: [8086:156d] type 01 class 0x060400
[    0.390584] pci 0000:06:06.0: supports D1 D2
[    0.390584] pci 0000:06:06.0: PME# supported from D0 D1 D2 D3hot D3cold
[    0.390653] pci 0000:05:00.0: PCI bridge to [bus 06-6b]
[    0.390657] pci 0000:05:00.0:   bridge window [io  0x4000-0x5fff]
[    0.390659] pci 0000:05:00.0:   bridge window [mem 0xa0d00000-0xa8dfffff]
[    0.390663] pci 0000:05:00.0:   bridge window [mem 0xace00000-0xb4dfffff 64bit pref]
[    0.390710] pci 0000:07:00.0: [8086:156c] type 00 class 0x088000
[    0.390734] pci 0000:07:00.0: reg 0x10: [mem 0xa0d00000-0xa0d3ffff]
[    0.390743] pci 0000:07:00.0: reg 0x14: [mem 0xa0d40000-0xa0d40fff]
[    0.390862] pci 0000:07:00.0: supports D1 D2
[    0.390863] pci 0000:07:00.0: PME# supported from D0 D1 D2 D3hot D3cold
[    0.391005] pci 0000:06:00.0: PCI bridge to [bus 07]
[    0.391010] pci 0000:06:00.0:   bridge window [mem 0xa0d00000-0xa0dfffff]
[    0.391063] pci 0000:06:03.0: PCI bridge to [bus 08-38]
[    0.391067] pci 0000:06:03.0:   bridge window [io  0x4000-0x4fff]
[    0.391069] pci 0000:06:03.0:   bridge window [mem 0xa0e00000-0xa4dfffff]
[    0.391073] pci 0000:06:03.0:   bridge window [mem 0xace00000-0xb0dfffff 64bit pref]
[    0.391122] pci 0000:06:04.0: PCI bridge to [bus 39]
[    0.391176] pci 0000:06:05.0: PCI bridge to [bus 3a-6a]
[    0.391180] pci 0000:06:05.0:   bridge window [io  0x5000-0x5fff]
[    0.391183] pci 0000:06:05.0:   bridge window [mem 0xa4e00000-0xa8dfffff]
[    0.391187] pci 0000:06:05.0:   bridge window [mem 0xb0e00000-0xb4dfffff 64bit pref]
[    0.391215] pci 0000:06:06.0: PCI bridge to [bus 6b]
[    0.391281] pci 0000:00:1c.0: PCI bridge to [bus 02]
[    0.391375] pci 0000:03:00.0: [14e4:43ba] type 00 class 0x028000
[    0.391440] pci 0000:03:00.0: reg 0x10: [mem 0xa0800000-0xa0807fff 64bit]
[    0.391467] pci 0000:03:00.0: reg 0x18: [mem 0xa0400000-0xa07fffff 64bit]
[    0.391673] pci 0000:03:00.0: supports D1 D2
[    0.391673] pci 0000:03:00.0: PME# supported from D0 D1 D2 D3hot D3cold
[    0.391901] pci 0000:00:1c.2: PCI bridge to [bus 03]
[    0.391906] pci 0000:00:1c.2:   bridge window [mem 0xa0400000-0xa08fffff]
[    0.391968] pci 0000:04:00.0: [14e4:1570] type 00 class 0x048000
[    0.392000] pci 0000:04:00.0: reg 0x10: [mem 0xa0a00000-0xa0a0ffff 64bit]
[    0.392015] pci 0000:04:00.0: reg 0x18: [mem 0x80000000-0x8fffffff 64bit pref]
[    0.392029] pci 0000:04:00.0: reg 0x20: [mem 0xa0900000-0xa09fffff 64bit]
[    0.392116] pci 0000:04:00.0: supports D1
[    0.392116] pci 0000:04:00.0: PME# supported from D0 D3hot
[    0.392219] pci 0000:00:1c.3: PCI bridge to [bus 04]
[    0.392223] pci 0000:00:1c.3:   bridge window [mem 0xa0900000-0xa0afffff]
[    0.392228] pci 0000:00:1c.3:   bridge window [mem 0x80000000-0x8fffffff 64bit pref]
[    0.392956] ACPI: PCI Interrupt Link [LNKA] (IRQs 1 3 4 5 6 7 10 12 14 15) *0, disabled.
[    0.393000] ACPI: PCI Interrupt Link [LNKB] (IRQs 1 3 4 5 6 7 11 12 14 15) *0, disabled.
[    0.393042] ACPI: PCI Interrupt Link [LNKC] (IRQs 1 3 4 5 6 7 10 12 14 15) *0, disabled.
[    0.393087] ACPI: PCI Interrupt Link [LNKD] (IRQs 1 3 4 5 6 7 11 12 14 15) *0, disabled.
[    0.393133] ACPI: PCI Interrupt Link [LNKE] (IRQs 1 3 4 5 6 7 10 12 14 15) *0, disabled.
[    0.393173] ACPI: PCI Interrupt Link [LNKF] (IRQs 1 3 4 5 6 7 11 12 14 15) *0, disabled.
[    0.393213] ACPI: PCI Interrupt Link [LNKG] (IRQs 1 3 4 5 6 7 10 12 14 15) *0, disabled.
[    0.393259] ACPI: PCI Interrupt Link [LNKH] (IRQs 1 3 4 5 6 7 11 12 14 15) *0, disabled.
[    0.393404] ACPI: EC: interrupt unblocked
[    0.393421] ACPI: EC: event unblocked
[    0.393431] ACPI: \_SB_.PCI0.LPCB.EC__: GPE=0x17, EC_CMD/EC_SC=0x66, EC_DATA=0x62
[    0.393432] ACPI: \_SB_.PCI0.LPCB.EC__: Used as boot DSDT EC to handle transactions and events
[    0.393500] pci 0000:00:02.0: vgaarb: setting as boot VGA device
[    0.393500] pci 0000:00:02.0: vgaarb: VGA device added: decodes=io+mem,owns=io+mem,locks=none
[    0.393500] pci 0000:00:02.0: vgaarb: bridge control possible
[    0.393500] vgaarb: loaded
[    0.393500] SCSI subsystem initialized
[    0.393500] libata version 3.00 loaded.
[    0.393500] ACPI: bus type USB registered
[    0.393500] usbcore: registered new interface driver usbfs
[    0.393500] usbcore: registered new interface driver hub
[    0.393500] usbcore: registered new device driver usb
[    0.393500] pps_core: LinuxPPS API ver. 1 registered
[    0.393500] pps_core: Software ver. 5.3.6 - Copyright 2005-2007 Rodolfo Giometti <giometti@linux.it>
[    0.393500] PTP clock support registered
[    0.393500] EDAC MC: Ver: 3.0.0
[    0.393500] Registered efivars operations
[    0.431952] PCI: Using ACPI for IRQ routing
[    0.434169] PCI: pci_cache_line_size set to 64 bytes
[    0.434270] e820: reserve RAM buffer [mem 0x00058000-0x0005ffff]
[    0.434271] e820: reserve RAM buffer [mem 0x662f4710-0x67ffffff]
[    0.434272] e820: reserve RAM buffer [mem 0x78d01000-0x7bffffff]
[    0.434273] e820: reserve RAM buffer [mem 0x78d5d000-0x7bffffff]
[    0.434274] e820: reserve RAM buffer [mem 0x78e3a000-0x7bffffff]
[    0.434275] e820: reserve RAM buffer [mem 0x78ecc000-0x7bffffff]
[    0.434276] e820: reserve RAM buffer [mem 0x78f85000-0x7bffffff]
[    0.434277] e820: reserve RAM buffer [mem 0x79000000-0x7bffffff]
[    0.434277] e820: reserve RAM buffer [mem 0x47f600000-0x47fffffff]
[    0.435303] NetLabel: Initializing
[    0.435303] NetLabel:  domain hash size = 128
[    0.435303] NetLabel:  protocols = UNLABELED CIPSOv4 CALIPSO
[    0.435303] NetLabel:  unlabeled traffic allowed by default
[    0.435375] hpet0: at MMIO 0xfed00000, IRQs 2, 8, 0, 0, 0, 0, 0, 0
[    0.435378] hpet0: 8 comparators, 64-bit 14.318180 MHz counter
[    0.437321] clocksource: Switched to clocksource tsc-early
[    0.446963] VFS: Disk quotas dquot_6.6.0
[    0.446976] VFS: Dquot-cache hash table entries: 512 (order 0, 4096 bytes)
[    0.447023] pnp: PnP ACPI init
[    0.447669] system 00:00: [mem 0xfed00000-0xfed03fff] has been reserved
[    0.447673] system 00:00: Plug and Play ACPI device, IDs PNP0103 PNP0c01 (active)
[    0.447706] system 00:01: [io  0xffff] has been reserved
[    0.447707] system 00:01: [io  0x1800-0x187f] has been reserved
[    0.447709] system 00:01: [io  0x0800-0x087f] has been reserved
[    0.447711] system 00:01: Plug and Play ACPI device, IDs PNP0c02 (active)
[    0.447723] pnp 00:02: Plug and Play ACPI device, IDs PNP0b00 (active)
[    0.447768] pnp 00:03: Plug and Play ACPI device, IDs APP000b (active)
[    0.447865] system 00:04: [mem 0xfed1c000-0xfed1ffff] has been reserved
[    0.447866] system 00:04: [mem 0xfed10000-0xfed17fff] has been reserved
[    0.447867] system 00:04: [mem 0xfed18000-0xfed18fff] has been reserved
[    0.447868] system 00:04: [mem 0xfed19000-0xfed19fff] has been reserved
[    0.447870] system 00:04: [mem 0xe0000000-0xefffffff] could not be reserved
[    0.447871] system 00:04: [mem 0xfed20000-0xfed3ffff] has been reserved
[    0.447872] system 00:04: [mem 0xfed90000-0xfed93fff] could not be reserved
[    0.447873] system 00:04: [mem 0xfed45000-0xfed8ffff] has been reserved
[    0.447874] system 00:04: [mem 0xff000000-0xffffffff] could not be reserved
[    0.447876] system 00:04: [mem 0xfee00000-0xfeefffff] has been reserved
[    0.447878] system 00:04: Plug and Play ACPI device, IDs PNP0c02 (active)
[    0.447915] system 00:05: [mem 0x20000000-0x201fffff] could not be reserved
[    0.447917] system 00:05: [mem 0x40000000-0x401fffff] could not be reserved
[    0.447919] system 00:05: Plug and Play ACPI device, IDs PNP0c01 (active)
[    0.448038] pnp: PnP ACPI: found 6 devices
[    0.448854] pci 0000:07:00.0: assigning 8 device properties
[    0.448863] pci 0000:00:1b.0: assigning 4 device properties
[    0.448868] pci 0000:00:02.0: assigning 2 device properties
[    0.453437] clocksource: acpi_pm: mask: 0xffffff max_cycles: 0xffffff, max_idle_ns: 2085701024 ns
[    0.453471] pci 0000:06:00.0: bridge window [io  0x1000-0x0fff] to [bus 07] add_size 1000
[    0.453472] pci 0000:06:00.0: bridge window [mem 0x00100000-0x000fffff 64bit pref] to [bus 07] add_size 200000 add_align 100000
[    0.453483] pci 0000:06:04.0: bridge window [io  0x1000-0x0fff] to [bus 39] add_size 1000
[    0.453484] pci 0000:06:04.0: bridge window [mem 0x00100000-0x000fffff 64bit pref] to [bus 39] add_size 200000 add_align 100000
[    0.453486] pci 0000:06:04.0: bridge window [mem 0x00100000-0x000fffff] to [bus 39] add_size 200000 add_align 100000
[    0.453496] pci 0000:06:06.0: bridge window [io  0x1000-0x0fff] to [bus 6b] add_size 1000
[    0.453497] pci 0000:06:06.0: bridge window [mem 0x00100000-0x000fffff 64bit pref] to [bus 6b] add_size 200000 add_align 100000
[    0.453498] pci 0000:06:06.0: bridge window [mem 0x00100000-0x000fffff] to [bus 6b] add_size 200000 add_align 100000
[    0.453516] pci 0000:00:1c.0: bridge window [io  0x1000-0x0fff] to [bus 02] add_size 1000
[    0.453517] pci 0000:00:1c.0: bridge window [mem 0x00100000-0x000fffff 64bit pref] to [bus 02] add_size 200000 add_align 100000
[    0.453518] pci 0000:00:1c.0: bridge window [mem 0x00100000-0x000fffff] to [bus 02] add_size 200000 add_align 100000
[    0.453538] pci 0000:00:1c.0: BAR 14: assigned [mem 0x7fc00000-0x7fdfffff]
[    0.453545] pci 0000:00:1c.0: BAR 15: assigned [mem 0x7fe00000-0x7fffffff 64bit pref]
[    0.453547] pci 0000:00:1c.0: BAR 13: assigned [io  0x2000-0x2fff]
[    0.453549] pci 0000:00:01.0: PCI bridge to [bus 01]
[    0.453552] pci 0000:00:01.0:   bridge window [mem 0xa0b00000-0xa0bfffff]
[    0.453558] pci 0000:06:00.0: BAR 15: no space for [mem size 0x00200000 64bit pref]
[    0.453560] pci 0000:06:00.0: BAR 15: failed to assign [mem size 0x00200000 64bit pref]
[    0.453561] pci 0000:06:04.0: BAR 14: no space for [mem size 0x00200000]
[    0.453562] pci 0000:06:04.0: BAR 14: failed to assign [mem size 0x00200000]
[    0.453563] pci 0000:06:04.0: BAR 15: no space for [mem size 0x00200000 64bit pref]
[    0.453564] pci 0000:06:04.0: BAR 15: failed to assign [mem size 0x00200000 64bit pref]
[    0.453566] pci 0000:06:06.0: BAR 14: no space for [mem size 0x00200000]
[    0.453566] pci 0000:06:06.0: BAR 14: failed to assign [mem size 0x00200000]
[    0.453568] pci 0000:06:06.0: BAR 15: no space for [mem size 0x00200000 64bit pref]
[    0.453569] pci 0000:06:06.0: BAR 15: failed to assign [mem size 0x00200000 64bit pref]
[    0.453570] pci 0000:06:00.0: BAR 13: no space for [io  size 0x1000]
[    0.453571] pci 0000:06:00.0: BAR 13: failed to assign [io  size 0x1000]
[    0.453572] pci 0000:06:04.0: BAR 13: no space for [io  size 0x1000]
[    0.453573] pci 0000:06:04.0: BAR 13: failed to assign [io  size 0x1000]
[    0.453574] pci 0000:06:06.0: BAR 13: no space for [io  size 0x1000]
[    0.453575] pci 0000:06:06.0: BAR 13: failed to assign [io  size 0x1000]
[    0.453577] pci 0000:06:06.0: BAR 14: no space for [mem size 0x00200000]
[    0.453578] pci 0000:06:06.0: BAR 14: failed to assign [mem size 0x00200000]
[    0.453579] pci 0000:06:06.0: BAR 15: no space for [mem size 0x00200000 64bit pref]
[    0.453580] pci 0000:06:06.0: BAR 15: failed to assign [mem size 0x00200000 64bit pref]
[    0.453581] pci 0000:06:06.0: BAR 13: no space for [io  size 0x1000]
[    0.453582] pci 0000:06:06.0: BAR 13: failed to assign [io  size 0x1000]
[    0.453584] pci 0000:06:04.0: BAR 14: no space for [mem size 0x00200000]
[    0.453584] pci 0000:06:04.0: BAR 14: failed to assign [mem size 0x00200000]
[    0.453586] pci 0000:06:04.0: BAR 15: no space for [mem size 0x00200000 64bit pref]
[    0.453587] pci 0000:06:04.0: BAR 15: failed to assign [mem size 0x00200000 64bit pref]
[    0.453588] pci 0000:06:04.0: BAR 13: no space for [io  size 0x1000]
[    0.453589] pci 0000:06:04.0: BAR 13: failed to assign [io  size 0x1000]
[    0.453591] pci 0000:06:00.0: BAR 15: no space for [mem size 0x00200000 64bit pref]
[    0.453592] pci 0000:06:00.0: BAR 15: failed to assign [mem size 0x00200000 64bit pref]
[    0.453593] pci 0000:06:00.0: BAR 13: no space for [io  size 0x1000]
[    0.453594] pci 0000:06:00.0: BAR 13: failed to assign [io  size 0x1000]
[    0.453595] pci 0000:06:00.0: PCI bridge to [bus 07]
[    0.453598] pci 0000:06:00.0:   bridge window [mem 0xa0d00000-0xa0dfffff]
[    0.453604] pci 0000:06:03.0: PCI bridge to [bus 08-38]
[    0.453606] pci 0000:06:03.0:   bridge window [io  0x4000-0x4fff]
[    0.453609] pci 0000:06:03.0:   bridge window [mem 0xa0e00000-0xa4dfffff]
[    0.453612] pci 0000:06:03.0:   bridge window [mem 0xace00000-0xb0dfffff 64bit pref]
[    0.453616] pci 0000:06:04.0: PCI bridge to [bus 39]
[    0.453624] pci 0000:06:05.0: PCI bridge to [bus 3a-6a]
[    0.453625] pci 0000:06:05.0:   bridge window [io  0x5000-0x5fff]
[    0.453629] pci 0000:06:05.0:   bridge window [mem 0xa4e00000-0xa8dfffff]
[    0.453631] pci 0000:06:05.0:   bridge window [mem 0xb0e00000-0xb4dfffff 64bit pref]
[    0.453635] pci 0000:06:06.0: PCI bridge to [bus 6b]
[    0.453643] pci 0000:05:00.0: PCI bridge to [bus 06-6b]
[    0.453645] pci 0000:05:00.0:   bridge window [io  0x4000-0x5fff]
[    0.453648] pci 0000:05:00.0:   bridge window [mem 0xa0d00000-0xa8dfffff]
[    0.453650] pci 0000:05:00.0:   bridge window [mem 0xace00000-0xb4dfffff 64bit pref]
[    0.453654] pci 0000:00:01.1: PCI bridge to [bus 05-9b]
[    0.453655] pci 0000:00:01.1:   bridge window [io  0x4000-0x6fff]
[    0.453657] pci 0000:00:01.1:   bridge window [mem 0xa0d00000-0xacdfffff]
[    0.453659] pci 0000:00:01.1:   bridge window [mem 0xace00000-0xb8dfffff 64bit pref]
[    0.453661] pci 0000:00:1c.0: PCI bridge to [bus 02]
[    0.453668] pci 0000:00:1c.0:   bridge window [io  0x2000-0x2fff]
[    0.453672] pci 0000:00:1c.0:   bridge window [mem 0x7fc00000-0x7fdfffff]
[    0.453675] pci 0000:00:1c.0:   bridge window [mem 0x7fe00000-0x7fffffff 64bit pref]
[    0.453681] pci 0000:00:1c.2: PCI bridge to [bus 03]
[    0.453685] pci 0000:00:1c.2:   bridge window [mem 0xa0400000-0xa08fffff]
[    0.453692] pci 0000:00:1c.3: PCI bridge to [bus 04]
[    0.453696] pci 0000:00:1c.3:   bridge window [mem 0xa0900000-0xa0afffff]
[    0.453699] pci 0000:00:1c.3:   bridge window [mem 0x80000000-0x8fffffff 64bit pref]
[    0.453705] pci_bus 0000:00: resource 4 [io  0x0000-0x0cf7 window]
[    0.453706] pci_bus 0000:00: resource 5 [io  0x0d00-0xffff window]
[    0.453707] pci_bus 0000:00: resource 6 [mem 0x000a0000-0x000bffff window]
[    0.453708] pci_bus 0000:00: resource 7 [mem 0x000c0000-0x000c3fff window]
[    0.453709] pci_bus 0000:00: resource 8 [mem 0x000c4000-0x000c7fff window]
[    0.453710] pci_bus 0000:00: resource 9 [mem 0x000c8000-0x000cbfff window]
[    0.453711] pci_bus 0000:00: resource 10 [mem 0x000cc000-0x000cffff window]
[    0.453712] pci_bus 0000:00: resource 11 [mem 0x000d0000-0x000d3fff window]
[    0.453713] pci_bus 0000:00: resource 12 [mem 0x000d4000-0x000d7fff window]
[    0.453714] pci_bus 0000:00: resource 13 [mem 0x000d8000-0x000dbfff window]
[    0.453715] pci_bus 0000:00: resource 14 [mem 0x000dc000-0x000dffff window]
[    0.453715] pci_bus 0000:00: resource 15 [mem 0x000e0000-0x000e3fff window]
[    0.453716] pci_bus 0000:00: resource 16 [mem 0x000e4000-0x000e7fff window]
[    0.453717] pci_bus 0000:00: resource 17 [mem 0x000e8000-0x000ebfff window]
[    0.453718] pci_bus 0000:00: resource 18 [mem 0x000ec000-0x000effff window]
[    0.453719] pci_bus 0000:00: resource 19 [mem 0x000f0000-0x000fffff window]
[    0.453720] pci_bus 0000:00: resource 20 [mem 0x7fa00000-0xfeafffff window]
[    0.453721] pci_bus 0000:00: resource 21 [mem 0xfed40000-0xfed44fff window]
[    0.453722] pci_bus 0000:01: resource 1 [mem 0xa0b00000-0xa0bfffff]
[    0.453723] pci_bus 0000:05: resource 0 [io  0x4000-0x6fff]
[    0.453724] pci_bus 0000:05: resource 1 [mem 0xa0d00000-0xacdfffff]
[    0.453725] pci_bus 0000:05: resource 2 [mem 0xace00000-0xb8dfffff 64bit pref]
[    0.453726] pci_bus 0000:06: resource 0 [io  0x4000-0x5fff]
[    0.453727] pci_bus 0000:06: resource 1 [mem 0xa0d00000-0xa8dfffff]
[    0.453728] pci_bus 0000:06: resource 2 [mem 0xace00000-0xb4dfffff 64bit pref]
[    0.453729] pci_bus 0000:07: resource 1 [mem 0xa0d00000-0xa0dfffff]
[    0.453730] pci_bus 0000:08: resource 0 [io  0x4000-0x4fff]
[    0.453731] pci_bus 0000:08: resource 1 [mem 0xa0e00000-0xa4dfffff]
[    0.453732] pci_bus 0000:08: resource 2 [mem 0xace00000-0xb0dfffff 64bit pref]
[    0.453733] pci_bus 0000:3a: resource 0 [io  0x5000-0x5fff]
[    0.453734] pci_bus 0000:3a: resource 1 [mem 0xa4e00000-0xa8dfffff]
[    0.453735] pci_bus 0000:3a: resource 2 [mem 0xb0e00000-0xb4dfffff 64bit pref]
[    0.453736] pci_bus 0000:02: resource 0 [io  0x2000-0x2fff]
[    0.453737] pci_bus 0000:02: resource 1 [mem 0x7fc00000-0x7fdfffff]
[    0.453738] pci_bus 0000:02: resource 2 [mem 0x7fe00000-0x7fffffff 64bit pref]
[    0.453739] pci_bus 0000:03: resource 1 [mem 0xa0400000-0xa08fffff]
[    0.453740] pci_bus 0000:04: resource 1 [mem 0xa0900000-0xa0afffff]
[    0.453741] pci_bus 0000:04: resource 2 [mem 0x80000000-0x8fffffff 64bit pref]
[    0.453835] NET: Registered protocol family 2
[    0.453948] tcp_listen_portaddr_hash hash table entries: 8192 (order: 5, 131072 bytes)
[    0.453990] TCP established hash table entries: 131072 (order: 8, 1048576 bytes)
[    0.454133] TCP bind hash table entries: 65536 (order: 8, 1048576 bytes)
[    0.454248] TCP: Hash tables configured (established 131072 bind 65536)
[    0.454276] UDP hash table entries: 8192 (order: 6, 262144 bytes)
[    0.454321] UDP-Lite hash table entries: 8192 (order: 6, 262144 bytes)
[    0.454380] NET: Registered protocol family 1
[    0.454383] NET: Registered protocol family 44
[    0.454392] pci 0000:00:02.0: Video device with shadowed ROM at [mem 0x000c0000-0x000dffff]
[    0.454648] PCI: CLS 256 bytes, default 64
[    0.454676] Unpacking initramfs...
[    1.577774] Freeing initrd memory: 92720K
[    1.579348] PCI-DMA: Using software bounce buffering for IO (SWIOTLB)
[    1.579350] software IO TLB: mapped [mem 0x5f070000-0x63070000] (64MB)
[    1.581724] Initialise system trusted keyrings
[    1.581733] Key type blacklist registered
[    1.581761] workingset: timestamp_bits=36 max_order=22 bucket_order=0
[    1.582965] zbud: loaded
[    1.716103] alg: No test for 842 (842-generic)
[    1.716699] alg: No test for 842 (842-scomp)
[    1.736265] NET: Registered protocol family 38
[    1.736268] Key type asymmetric registered
[    1.736268] Asymmetric key parser 'x509' registered
[    1.736280] Block layer SCSI generic (bsg) driver version 0.4 loaded (major 243)
[    1.736311] io scheduler mq-deadline registered
[    1.736373] atomic64_test: passed for x86-64 platform with CX8 and with SSE
[    1.736768] pciehp 0000:00:1c.0:pcie004: Slot #0 AttnBtn- PwrCtrl- MRL- AttnInd- PwrInd- HotPlug+ Surprise+ Interlock- NoCompl+ LLActRep+
[    1.737283] pciehp 0000:06:00.0:pcie204: Slot #0 AttnBtn- PwrCtrl- MRL- AttnInd- PwrInd- HotPlug+ Surprise+ Interlock- NoCompl+ LLActRep+
[    1.737455] pciehp 0000:06:03.0:pcie204: Slot #3 AttnBtn- PwrCtrl- MRL- AttnInd- PwrInd- HotPlug+ Surprise+ Interlock- NoCompl+ LLActRep+
[    1.737624] pciehp 0000:06:04.0:pcie204: Slot #4 AttnBtn- PwrCtrl- MRL- AttnInd- PwrInd- HotPlug+ Surprise+ Interlock- NoCompl+ LLActRep+
[    1.737807] pciehp 0000:06:05.0:pcie204: Slot #5 AttnBtn- PwrCtrl- MRL- AttnInd- PwrInd- HotPlug+ Surprise+ Interlock- NoCompl+ LLActRep+
[    1.737979] pciehp 0000:06:06.0:pcie204: Slot #6 AttnBtn- PwrCtrl- MRL- AttnInd- PwrInd- HotPlug+ Surprise+ Interlock- NoCompl+ LLActRep+
[    1.738077] shpchp: Standard Hot Plug PCI Controller Driver version: 0.4
[    1.738096] efifb: probing for efifb
[    1.738109] efifb: No BGRT, not showing boot graphics
[    1.738110] efifb: framebuffer at 0x90000000, using 20700k, total 20700k
[    1.738110] efifb: mode is 2880x1800x32, linelength=11776, pages=1
[    1.738111] efifb: scrolling: redraw
[    1.738112] efifb: Truecolor: size=8:8:8:8, shift=24:16:8:0
[    1.738147] fbcon: Deferring console take-over
[    1.738148] fb0: EFI VGA frame buffer device
[    1.738154] intel_idle: MWAIT substates: 0x42120
[    1.738155] intel_idle: v0.4.1 model 0x46
[    1.738381] intel_idle: lapic_timer_reliable_states 0xffffffff
[    1.738476] ACPI: AC Adapter [ADP1] (on-line)
[    1.738526] input: Lid Switch as /devices/LNXSYSTM:00/LNXSYBUS:00/PNP0C0D:00/input/input0
[    1.738537] ACPI: Lid Switch [LID0]
[    1.738567] input: Power Button as /devices/LNXSYSTM:00/LNXSYBUS:00/PNP0C0C:00/input/input1
[    1.738573] ACPI: Power Button [PWRB]
[    1.738593] input: Sleep Button as /devices/LNXSYSTM:00/LNXSYBUS:00/PNP0C0E:00/input/input2
[    1.738597] ACPI: Sleep Button [SLPB]
[    1.738615] input: Power Button as /devices/LNXSYSTM:00/LNXPWRBN:00/input/input3
[    1.738636] ACPI: Power Button [PWRF]
[    1.739314] Serial: 8250/16550 driver, 32 ports, IRQ sharing enabled
[    1.740478] Non-volatile memory driver v1.3
[    1.740497] Linux agpgart interface v0.103
[    1.741044] ahci 0000:01:00.0: version 3.0
[    1.771691] ahci 0000:01:00.0: AHCI 0001.0300 32 slots 1 ports 6 Gbps 0x1 impl SATA mode
[    1.771696] ahci 0000:01:00.0: flags: 64bit ncq led clo only pio ccc 
[    1.772085] scsi host0: ahci
[    1.772177] ata1: SATA max UDMA/133 abar m8192@0xa0b00000 port 0xa0b00100 irq 33
[    1.772258] libphy: Fixed MDIO Bus: probed
[    1.772331] ehci_hcd: USB 2.0 'Enhanced' Host Controller (EHCI) Driver
[    1.772333] ehci-pci: EHCI PCI platform driver
[    1.772347] ohci_hcd: USB 1.1 'Open' Host Controller (OHCI) Driver
[    1.772349] ohci-pci: OHCI PCI platform driver
[    1.772358] uhci_hcd: USB Universal Host Controller Interface driver
[    1.772532] xhci_hcd 0000:00:14.0: xHCI Host Controller
[    1.772576] xhci_hcd 0000:00:14.0: new USB bus registered, assigned bus number 1
[    1.773652] xhci_hcd 0000:00:14.0: hcc params 0x200077c1 hci version 0x100 quirks 0x0000000000009810
[    1.773657] xhci_hcd 0000:00:14.0: cache line size of 256 is not supported
[    1.773815] usb usb1: New USB device found, idVendor=1d6b, idProduct=0002, bcdDevice= 5.00
[    1.773816] usb usb1: New USB device strings: Mfr=3, Product=2, SerialNumber=1
[    1.773817] usb usb1: Product: xHCI Host Controller
[    1.773818] usb usb1: Manufacturer: Linux 5.0.0-rc6+ xhci-hcd
[    1.773819] usb usb1: SerialNumber: 0000:00:14.0
[    1.773890] hub 1-0:1.0: USB hub found
[    1.773909] hub 1-0:1.0: 14 ports detected
[    1.774174] xhci_hcd 0000:00:14.0: xHCI Host Controller
[    1.774221] xhci_hcd 0000:00:14.0: new USB bus registered, assigned bus number 2
[    1.774224] xhci_hcd 0000:00:14.0: Host supports USB 3.0  SuperSpeed
[    1.774268] usb usb2: New USB device found, idVendor=1d6b, idProduct=0003, bcdDevice= 5.00
[    1.774270] usb usb2: New USB device strings: Mfr=3, Product=2, SerialNumber=1
[    1.774270] usb usb2: Product: xHCI Host Controller
[    1.774271] usb usb2: Manufacturer: Linux 5.0.0-rc6+ xhci-hcd
[    1.774272] usb usb2: SerialNumber: 0000:00:14.0
[    1.774368] hub 2-0:1.0: USB hub found
[    1.774384] hub 2-0:1.0: 6 ports detected
[    1.774426] usb: port power management may be unreliable
[    1.774544] usbcore: registered new interface driver usbserial_generic
[    1.774548] usbserial: USB Serial support registered for generic
[    1.774565] i8042: PNP: No PS/2 controller found.
[    1.774671] mousedev: PS/2 mouse device common for all mice
[    1.775095] rtc_cmos 00:02: RTC can wake from S4
[    1.775250] rtc_cmos 00:02: registered as rtc0
[    1.775252] rtc_cmos 00:02: alarms up to one month, y3k, 242 bytes nvram, hpet irqs
[    1.775333] device-mapper: uevent: version 1.0.3
[    1.775377] device-mapper: ioctl: 4.39.0-ioctl (2018-04-03) initialised: dm-devel@redhat.com
[    1.775445] intel_pstate: Intel P-state driver initializing
[    1.775940] hidraw: raw HID events driver (C) Jiri Kosina
[    1.776021] usbcore: registered new interface driver usbhid
[    1.776022] usbhid: USB HID core driver
[    1.776286] drop_monitor: Initializing network drop monitor service
[    1.776663] Initializing XFRM netlink socket
[    1.776935] NET: Registered protocol family 10
[    1.785795] Segment Routing with IPv6
[    1.785849] mip6: Mobile IPv6
[    1.785853] NET: Registered protocol family 17
[    1.787408] RAS: Correctable Errors collector initialized.
[    1.787498] microcode: sig=0x40661, pf=0x20, revision=0x1a
[    1.787808] microcode: Microcode Update Driver: v2.2.
[    1.787828] AVX2 version of gcm_enc/dec engaged.
[    1.787830] AES CTR mode by8 optimization enabled
[    1.823453] sched_clock: Marking stable (1823187654, 252025)->(1906843557, -83403878)
[    1.823777] registered taskstats version 1
[    1.823786] Loading compiled-in X.509 certificates
[    1.855222] Loaded X.509 cert 'Build time autogenerated kernel key: 307e4e8a55fe74f83f10b61aeadbf24a5fc6325b'
[    1.855247] zswap: loaded using pool lzo/zbud
[    1.861021] Key type big_key registered
[    1.863270] Key type encrypted registered
[    1.863276] ima: No TPM chip found, activating TPM-bypass!
[    1.863280] ima: Allocated hash algorithm: sha1
[    1.863294] No architecture policies found
[    1.863729]   Magic number: 7:857:200
[    1.863779] acpi device:55: hash matches
[    1.863851] rtc_cmos 00:02: setting system clock to 2019-02-11T23:09:22 UTC (1549926562)
[    2.099585] usb 2-4: new SuperSpeed Gen 1 USB device number 2 using xhci_hcd
[    2.103935] ata1: SATA link up 6.0 Gbps (SStatus 133 SControl 300)
[    2.105856] ata1.00: unexpected _GTF length (8)
[    2.105988] ata1.00: ATA-8: APPLE SSD SM0256G, BXW1SA0Q, max UDMA/133
[    2.105990] ata1.00: 490234752 sectors, multi 16: LBA48 NCQ (depth 32), AA
[    2.106393] ata1.00: unexpected _GTF length (8)
[    2.106527] ata1.00: configured for UDMA/133
[    2.106750] scsi 0:0:0:0: Direct-Access     ATA      APPLE SSD SM0256 SA0Q PQ: 0 ANSI: 5
[    2.106949] sd 0:0:0:0: Attached scsi generic sg0 type 0
[    2.107093] sd 0:0:0:0: [sda] 490234752 512-byte logical blocks: (251 GB/234 GiB)
[    2.107095] sd 0:0:0:0: [sda] 4096-byte physical blocks
[    2.107109] sd 0:0:0:0: [sda] Write Protect is off
[    2.107111] sd 0:0:0:0: [sda] Mode Sense: 00 3a 00 00
[    2.107131] sd 0:0:0:0: [sda] Write cache: enabled, read cache: enabled, doesn't support DPO or FUA
[    2.108631]  sda: sda1 sda2 sda3 sda4
[    2.109225] sd 0:0:0:0: [sda] Attached SCSI disk
[    2.110188] Freeing unused decrypted memory: 2040K
[    2.110562] Freeing unused kernel image memory: 2152K
[    2.113768] usb 2-4: New USB device found, idVendor=05ac, idProduct=8406, bcdDevice= 8.20
[    2.113771] usb 2-4: New USB device strings: Mfr=3, Product=4, SerialNumber=5
[    2.113772] usb 2-4: Product: Card Reader
[    2.113774] usb 2-4: Manufacturer: Apple
[    2.113775] usb 2-4: SerialNumber: 000000000820
[    2.119390] Write protecting the kernel read-only data: 18432k
[    2.120020] Freeing unused kernel image memory: 2020K
[    2.120129] Freeing unused kernel image memory: 68K
[    2.133872] x86/mm: Checked W+X mappings: passed, no W+X pages found.
[    2.133877] rodata_test: all tests were successful
[    2.133878] x86/mm: Checking user space page tables
[    2.140554] x86/mm: Checked W+X mappings: passed, no W+X pages found.
[    2.140556] Run /init as init process
[    2.220766] systemd[1]: systemd 239 running in system mode. (+PAM +AUDIT +SELINUX +IMA -APPARMOR +SMACK +SYSVINIT +UTMP +LIBCRYPTSETUP +GCRYPT +GNUTLS +ACL +XZ +LZ4 +SECCOMP +BLKID +ELFUTILS +KMOD +IDN2 -IDN +PCRE2 default-hierarchy=hybrid)
[    2.226379] usb 1-8: new full-speed USB device number 2 using xhci_hcd
[    2.232455] systemd[1]: Detected architecture x86-64.
[    2.232459] systemd[1]: Running in initial RAM disk.
[    2.234615] systemd[1]: Set hostname to <im-mac>.
[    2.292497] systemd[1]: Created slice system-systemd\x2dcryptsetup.slice.
[    2.292530] systemd[1]: Reached target Slices.
[    2.292608] systemd[1]: Listening on Journal Audit Socket.
[    2.292680] systemd[1]: Listening on Journal Socket.
[    2.293184] systemd[1]: Starting Setup Virtual Console...
[    2.293214] systemd[1]: Reached target Swap.
[    2.340581] audit: type=1130 audit(1549926562.975:2): pid=1 uid=0 auid=4294967295 ses=4294967295 subj=kernel msg='unit=systemd-journald comm="systemd" exe="/usr/lib/systemd/systemd" hostname=? addr=? terminal=? res=success'
[    2.343439] audit: type=1130 audit(1549926562.978:3): pid=1 uid=0 auid=4294967295 ses=4294967295 subj=kernel msg='unit=systemd-vconsole-setup comm="systemd" exe="/usr/lib/systemd/systemd" hostname=? addr=? terminal=? res=success'
[    2.343441] audit: type=1131 audit(1549926562.978:4): pid=1 uid=0 auid=4294967295 ses=4294967295 subj=kernel msg='unit=systemd-vconsole-setup comm="systemd" exe="/usr/lib/systemd/systemd" hostname=? addr=? terminal=? res=success'
[    2.355320] usb 1-8: New USB device found, idVendor=05ac, idProduct=8290, bcdDevice= 1.61
[    2.355322] usb 1-8: New USB device strings: Mfr=1, Product=2, SerialNumber=0
[    2.355324] usb 1-8: Product: Bluetooth USB Host Controller
[    2.355325] usb 1-8: Manufacturer: Broadcom Corp.
[    2.358367] input: Broadcom Corp. Bluetooth USB Host Controller as /devices/pci0000:00/0000:00:14.0/usb1/1-8/1-8:1.0/0003:05AC:8290.0001/input/input4
[    2.410483] hid-generic 0003:05AC:8290.0001: input,hidraw0: USB HID v1.11 Keyboard [Broadcom Corp. Bluetooth USB Host Controller] on usb-0000:00:14.0-8/input0
[    2.411080] input: Broadcom Corp. Bluetooth USB Host Controller as /devices/pci0000:00/0000:00:14.0/usb1/1-8/1-8:1.1/0003:05AC:8290.0002/input/input5
[    2.411170] hid-generic 0003:05AC:8290.0002: input,hidraw1: USB HID v1.11 Mouse [Broadcom Corp. Bluetooth USB Host Controller] on usb-0000:00:14.0-8/input1
[    2.510093] audit: type=1130 audit(1549926563.144:5): pid=1 uid=0 auid=4294967295 ses=4294967295 subj=kernel msg='unit=dracut-cmdline comm="systemd" exe="/usr/lib/systemd/systemd" hostname=? addr=? terminal=? res=success'
[    2.525336] usb 1-12: new full-speed USB device number 3 using xhci_hcd
[    2.540288] audit: type=1130 audit(1549926563.174:6): pid=1 uid=0 auid=4294967295 ses=4294967295 subj=kernel msg='unit=dracut-pre-udev comm="systemd" exe="/usr/lib/systemd/systemd" hostname=? addr=? terminal=? res=success'
[    2.560417] audit: type=1130 audit(1549926563.195:7): pid=1 uid=0 auid=4294967295 ses=4294967295 subj=kernel msg='unit=systemd-udevd comm="systemd" exe="/usr/lib/systemd/systemd" hostname=? addr=? terminal=? res=success'
[    2.619910] audit: type=1130 audit(1549926563.254:8): pid=1 uid=0 auid=4294967295 ses=4294967295 subj=kernel msg='unit=systemd-udev-trigger comm="systemd" exe="/usr/lib/systemd/systemd" hostname=? addr=? terminal=? res=success'
[    2.625324] tsc: Refined TSC clocksource calibration: 2194.905 MHz
[    2.625330] clocksource: tsc: mask: 0xffffffffffffffff max_cycles: 0x1fa36608846, max_idle_ns: 440795317706 ns
[    2.626112] clocksource: Switched to clocksource tsc
[    2.640418] audit: type=1130 audit(1549926563.276:9): pid=1 uid=0 auid=4294967295 ses=4294967295 subj=kernel msg='unit=plymouth-start comm="systemd" exe="/usr/lib/systemd/systemd" hostname=? addr=? terminal=? res=success'
[    2.654002] usb 1-12: New USB device found, idVendor=05ac, idProduct=0274, bcdDevice= 6.24
[    2.654005] usb 1-12: New USB device strings: Mfr=1, Product=2, SerialNumber=3
[    2.654007] usb 1-12: Product: Apple Internal Keyboard / Trackpad
[    2.654009] usb 1-12: Manufacturer: Apple Inc.
[    2.654010] usb 1-12: SerialNumber: D3H61830CG1FTV4A16PF
[    2.661273] usb-storage 2-4:1.0: USB Mass Storage device detected
[    2.664114] scsi host1: usb-storage 2-4:1.0
[    2.664232] usbcore: registered new interface driver usb-storage
[    2.670015] usbcore: registered new interface driver uas
[    2.680756] apple 0003:05AC:0274.0003: hiddev96,hidraw2: USB HID v1.10 Device [Apple Inc. Apple Internal Keyboard / Trackpad] on usb-0000:00:14.0-12/input0
[    2.680931] input: Apple Inc. Apple Internal Keyboard / Trackpad as /devices/pci0000:00/0000:00:14.0/usb1/1-12/1-12:1.1/0003:05AC:0274.0004/input/input6
[    2.733525] apple 0003:05AC:0274.0004: input,hiddev97,hidraw3: USB HID v1.10 Keyboard [Apple Inc. Apple Internal Keyboard / Trackpad] on usb-0000:00:14.0-12/input1
[    2.733636] apple 0003:05AC:0274.0005: hiddev98,hidraw4: USB HID v1.10 Device [Apple Inc. Apple Internal Keyboard / Trackpad] on usb-0000:00:14.0-12/input3
[    2.733728] apple 0003:05AC:0274.0006: hiddev99,hidraw5: USB HID v1.10 Device [Apple Inc. Apple Internal Keyboard / Trackpad] on usb-0000:00:14.0-12/input4
[    2.830134] audit: type=1130 audit(1549926563.465:10): pid=1 uid=0 auid=4294967295 ses=4294967295 subj=kernel msg='unit=systemd-ask-password-plymouth comm="systemd" exe="/usr/lib/systemd/systemd" hostname=? addr=? terminal=? res=success'
[    2.938976] VFIO - User Level meta-driver version: 0.3
[    3.517170] [drm] Found 128MB of eDRAM
[    3.517288] checking generic (90000000 1437000) vs hw (90000000 10000000)
[    3.517289] fb0: switching to inteldrmfb from EFI VGA
[    3.517366] [drm] Replacing VGA console driver
[    3.517741] [drm] Supports vblank timestamp caching Rev 2 (21.10.2013).
[    3.517741] [drm] Driver supports precise vblank timestamp query.
[    3.517775] i915 0000:00:02.0: vgaarb: changed VGA decodes: olddecodes=io+mem,decodes=io+mem:owns=io+mem
[    3.528011] [drm] Initialized i915 1.6.0 20181204 for 0000:00:02.0 on minor 0
[    3.528847] ACPI: Video Device [IGPU] (multi-head: yes  rom: no  post: no)
[    3.529363] acpi device:57: registered as cooling_device8
[    3.529421] input: Video Bus as /devices/LNXSYSTM:00/LNXSYBUS:00/PNP0A08:00/LNXVIDEO:00/input/input7
[    3.535796] fbcon: inteldrmfb (fb0) is primary device
[    3.535796] fbcon: Deferring console take-over
[    3.535799] i915 0000:00:02.0: fb0: inteldrmfb frame buffer device
[    3.715634] scsi 1:0:0:0: Direct-Access     APPLE    SD Card Reader   3.00 PQ: 0 ANSI: 6
[    3.716000] sd 1:0:0:0: Attached scsi generic sg1 type 0
[    3.717199] sd 1:0:0:0: [sdb] Attached SCSI removable disk
[   11.401275] device-mapper: crypt: xts(aes) using implementation "xts-aes-aesni"
[   11.457659] kauditd_printk_skb: 2 callbacks suppressed
[   11.457661] audit: type=1130 audit(1549926572.093:13): pid=1 uid=0 auid=4294967295 ses=4294967295 subj=kernel msg='unit=systemd-cryptsetup@luks\x2ddd1fa933\x2def9f\x2d402b\x2da2e4\x2d7c9d6fb7ce0d comm="systemd" exe="/usr/lib/systemd/systemd" hostname=? addr=? terminal=? res=success'
[   11.710145] PM: Image not found (code -22)
[   11.711181] audit: type=1130 audit(1549926572.346:14): pid=1 uid=0 auid=4294967295 ses=4294967295 subj=kernel msg='unit=systemd-hibernate-resume@dev-mapper-im\x2d\x2dmac\x2dswap comm="systemd" exe="/usr/lib/systemd/systemd" hostname=? addr=? terminal=? res=success'
[   11.711193] audit: type=1131 audit(1549926572.346:15): pid=1 uid=0 auid=4294967295 ses=4294967295 subj=kernel msg='unit=systemd-hibernate-resume@dev-mapper-im\x2d\x2dmac\x2dswap comm="systemd" exe="/usr/lib/systemd/systemd" hostname=? addr=? terminal=? res=success'
[   11.719173] audit: type=1130 audit(1549926572.354:16): pid=1 uid=0 auid=4294967295 ses=4294967295 subj=kernel msg='unit=systemd-tmpfiles-setup comm="systemd" exe="/usr/lib/systemd/systemd" hostname=? addr=? terminal=? res=success'
[   11.724582] audit: type=1130 audit(1549926572.360:17): pid=1 uid=0 auid=4294967295 ses=4294967295 subj=kernel msg='unit=dracut-initqueue comm="systemd" exe="/usr/lib/systemd/systemd" hostname=? addr=? terminal=? res=success'
[   11.740823] audit: type=1130 audit(1549926572.376:18): pid=1 uid=0 auid=4294967295 ses=4294967295 subj=kernel msg='unit=systemd-fsck-root comm="systemd" exe="/usr/lib/systemd/systemd" hostname=? addr=? terminal=? res=success'
[   12.056815] SGI XFS with ACLs, security attributes, scrub, no debug enabled
[   12.059702] XFS (dm-1): Mounting V5 Filesystem
[   12.071794] XFS (dm-1): Ending clean mount
[   12.187682] audit: type=1130 audit(1549926572.823:19): pid=1 uid=0 auid=4294967295 ses=4294967295 subj=kernel msg='unit=initrd-parse-etc comm="systemd" exe="/usr/lib/systemd/systemd" hostname=? addr=? terminal=? res=success'
[   12.187684] audit: type=1131 audit(1549926572.823:20): pid=1 uid=0 auid=4294967295 ses=4294967295 subj=kernel msg='unit=initrd-parse-etc comm="systemd" exe="/usr/lib/systemd/systemd" hostname=? addr=? terminal=? res=success'
[   12.330175] audit: type=1130 audit(1549926572.965:21): pid=1 uid=0 auid=4294967295 ses=4294967295 subj=kernel msg='unit=dracut-pre-pivot comm="systemd" exe="/usr/lib/systemd/systemd" hostname=? addr=? terminal=? res=success'
[   12.339624] audit: type=1131 audit(1549926572.975:22): pid=1 uid=0 auid=4294967295 ses=4294967295 subj=kernel msg='unit=dracut-pre-pivot comm="systemd" exe="/usr/lib/systemd/systemd" hostname=? addr=? terminal=? res=success'
[   12.424091] systemd-journald[310]: Received SIGTERM from PID 1 (systemd).
[   12.453587] printk: systemd: 14 output lines suppressed due to ratelimiting
[   12.916685] SELinux:  Class xdp_socket not defined in policy.
[   12.916686] SELinux: the above unknown classes and permissions will be allowed
[   12.916689] SELinux:  policy capability network_peer_controls=1
[   12.916689] SELinux:  policy capability open_perms=1
[   12.916690] SELinux:  policy capability extended_socket_class=1
[   12.916690] SELinux:  policy capability always_check_network=0
[   12.916691] SELinux:  policy capability cgroup_seclabel=1
[   12.916691] SELinux:  policy capability nnp_nosuid_transition=1
[   12.937984] systemd[1]: Successfully loaded SELinux policy in 401.879ms.
[   12.977103] systemd[1]: Relabelled /dev, /run and /sys/fs/cgroup in 25.334ms.
[   12.979451] systemd[1]: systemd 239 running in system mode. (+PAM +AUDIT +SELINUX +IMA -APPARMOR +SMACK +SYSVINIT +UTMP +LIBCRYPTSETUP +GCRYPT +GNUTLS +ACL +XZ +LZ4 +SECCOMP +BLKID +ELFUTILS +KMOD +IDN2 -IDN +PCRE2 default-hierarchy=hybrid)
[   12.991478] systemd[1]: Detected architecture x86-64.
[   12.993219] systemd[1]: Set hostname to <im-mac>.
[   13.019216] systemd-sysv-generator[908]: stat() failed on /etc/rc.d/init.d/jexec, ignoring: No such file or directory
[   13.190067] systemd[1]: Stopped Switch Root.
[   13.190272] systemd[1]: systemd-journald.service: Service has no hold-off time (RestartSec=0), scheduling restart.
[   13.190348] systemd[1]: systemd-journald.service: Scheduled restart job, restart counter is at 1.
[   13.190366] systemd[1]: Stopped Journal Service.
[   13.191246] systemd[1]: Starting Journal Service...
[   13.191931] systemd[1]: Listening on udev Kernel Socket.
[   13.191948] systemd[1]: Reached target User and Group Name Lookups.
[   13.211239] Adding 4194300k swap on /dev/mapper/im--mac-swap.  Priority:-2 extents:1 across:4194300k SSFS
[   13.239719] systemd-journald[914]: Received request to flush runtime journal from PID 1
[   13.418920] smbus_hc ACPI0001:00: SBS HC: offset = 0x20, query_bit = 0x10
[   13.419391] apple_gmux: gmux device not present
[   13.464897] ACPI Warning: SystemIO range 0x0000000000000840-0x000000000000084F conflicts with OpRegion 0x0000000000000800-0x0000000000000863 (\GPIO) (20181213/utaddress-213)
[   13.464903] ACPI: If an ACPI driver is available for this device, you should use it instead of the native driver
[   13.464904] ACPI Warning: SystemIO range 0x0000000000000830-0x000000000000083F conflicts with OpRegion 0x0000000000000800-0x0000000000000863 (\GPIO) (20181213/utaddress-213)
[   13.464908] ACPI: If an ACPI driver is available for this device, you should use it instead of the native driver
[   13.464909] ACPI Warning: SystemIO range 0x0000000000000800-0x000000000000082F conflicts with OpRegion 0x0000000000000810-0x0000000000000813 (\_PR.IO_D) (20181213/utaddress-213)
[   13.464912] ACPI Warning: SystemIO range 0x0000000000000800-0x000000000000082F conflicts with OpRegion 0x0000000000000800-0x0000000000000863 (\GPIO) (20181213/utaddress-213)
[   13.464915] ACPI Warning: SystemIO range 0x0000000000000800-0x000000000000082F conflicts with OpRegion 0x0000000000000810-0x0000000000000813 (\IO_D) (20181213/utaddress-213)
[   13.464918] ACPI Warning: SystemIO range 0x0000000000000800-0x000000000000082F conflicts with OpRegion 0x0000000000000800-0x000000000000080F (\IO_T) (20181213/utaddress-213)
[   13.464921] ACPI: If an ACPI driver is available for this device, you should use it instead of the native driver
[   13.464922] lpc_ich: Resource conflict(s) found affecting gpio_ich
[   13.474192] i801_smbus 0000:00:1f.3: SPD Write Disable is set
[   13.474228] i801_smbus 0000:00:1f.3: SMBus using PCI interrupt
[   13.499784] input: bcm5974 as /devices/pci0000:00/0000:00:14.0/usb1/1-12/1-12:1.2/input/input8
[   13.499951] usbcore: registered new interface driver bcm5974
[   13.562692] ACPI: Smart Battery System [SBS0]: Battery Slot [BAT0] (battery present)
[   13.662345] iTCO_vendor_support: vendor-support=0
[   13.668721] iTCO_wdt: Intel TCO WatchDog Timer Driver v1.11
[   13.668790] iTCO_wdt: unable to reset NO_REBOOT flag, device disabled by hardware/BIOS
[   13.704580] applesmc: key=719 fan=2 temp=48 index=43 acc=0 lux=2 kbd=1
[   13.704793] applesmc applesmc.768: hwmon_device_register() is deprecated. Please convert the driver to use hwmon_device_register_with_info().
[   13.726445] Bluetooth: Core ver 2.22
[   13.726466] NET: Registered protocol family 31
[   13.726467] Bluetooth: HCI device and connection manager initialized
[   13.726470] Bluetooth: HCI socket layer initialized
[   13.726471] Bluetooth: L2CAP socket layer initialized
[   13.726475] Bluetooth: SCO socket layer initialized
[   13.728517] RAPL PMU: API unit is 2^-32 Joules, 4 fixed counters, 655360 ms ovfl timer
[   13.728519] RAPL PMU: hw unit of domain pp0-core 2^-14 Joules
[   13.728520] RAPL PMU: hw unit of domain package 2^-14 Joules
[   13.728520] RAPL PMU: hw unit of domain dram 2^-14 Joules
[   13.728521] RAPL PMU: hw unit of domain pp1-gpu 2^-14 Joules
[   13.749218] cfg80211: Loading compiled-in X.509 certificates for regulatory database
[   13.749699] snd_hda_intel 0000:00:03.0: Linked as a consumer to 0000:00:02.0
[   13.749747] snd_hda_intel 0000:00:03.0: bound 0000:00:02.0 (ops i915_audio_component_bind_ops [i915])
[   13.750253] cfg80211: Loaded X.509 cert 'sforshee: 00b28ddf47aef9cea7'
[   13.771985] usbcore: registered new interface driver btusb
[   13.785413] thunderbolt 0000:07:00.0: 0:1: is unplugged (state: 7)
[   13.785536] thunderbolt 0000:07:00.0: 0:3: is unplugged (state: 7)
[   13.809747] input: HDA Intel HDMI HDMI/DP,pcm=3 as /devices/pci0000:00/0000:00:03.0/sound/card0/input9
[   13.809847] input: HDA Intel HDMI HDMI/DP,pcm=7 as /devices/pci0000:00/0000:00:03.0/sound/card0/input10
[   13.809900] input: HDA Intel HDMI HDMI/DP,pcm=8 as /devices/pci0000:00/0000:00:03.0/sound/card0/input11
[   13.809951] input: HDA Intel HDMI HDMI/DP,pcm=9 as /devices/pci0000:00/0000:00:03.0/sound/card0/input12
[   13.810003] input: HDA Intel HDMI HDMI/DP,pcm=10 as /devices/pci0000:00/0000:00:03.0/sound/card0/input13
[   13.819398] snd_hda_codec_cirrus hdaudioC1D0: autoconfig for CS4208: line_outs=2 (0x12/0x13/0x0/0x0/0x0) type:speaker
[   13.819401] snd_hda_codec_cirrus hdaudioC1D0:    speaker_outs=0 (0x0/0x0/0x0/0x0/0x0)
[   13.819403] snd_hda_codec_cirrus hdaudioC1D0:    hp_outs=1 (0x10/0x0/0x0/0x0/0x0)
[   13.819404] snd_hda_codec_cirrus hdaudioC1D0:    mono: mono_out=0x0
[   13.819406] snd_hda_codec_cirrus hdaudioC1D0:    dig-out=0x21/0x0
[   13.819407] snd_hda_codec_cirrus hdaudioC1D0:    inputs:
[   13.819409] snd_hda_codec_cirrus hdaudioC1D0:      Internal Mic=0x1c
[   13.819411] snd_hda_codec_cirrus hdaudioC1D0:      Mic=0x18
[   13.833259] input: HDA Intel PCH Mic as /devices/pci0000:00/0000:00:1b.0/sound/card1/input14
[   13.833325] input: HDA Intel PCH Headphone as /devices/pci0000:00/0000:00:1b.0/sound/card1/input15
[   13.833382] input: HDA Intel PCH SPDIF as /devices/pci0000:00/0000:00:1b.0/sound/card1/input16
[   13.898702] Bluetooth: hci0: BCM: chip id 102 build 0715
[   13.899706] Bluetooth: hci0: BCM: product 05ac:8290
[   13.900708] Bluetooth: hci0: BCM: features 0x2f
[   13.916711] Bluetooth: hci0: im-mac
[   13.935191] usbcore: registered new interface driver brcmfmac
[   13.964993] intel_rapl: Found RAPL domain package
[   13.964994] intel_rapl: Found RAPL domain core
[   13.964995] intel_rapl: Found RAPL domain uncore
[   13.964996] intel_rapl: Found RAPL domain dram
[   14.041781] brcmfmac: brcmf_fw_alloc_request: using brcm/brcmfmac43602-pcie for chip BCM43602/1
[   14.046072] brcmfmac 0000:03:00.0: Direct firmware load for brcm/brcmfmac43602-pcie.Apple Inc.-MacBookPro11,4.txt failed with error -2
[   14.046083] brcmfmac 0000:03:00.0: Direct firmware load for brcm/brcmfmac43602-pcie.txt failed with error -2
[   14.556938] brcmfmac: brcmf_fw_alloc_request: using brcm/brcmfmac43602-pcie for chip BCM43602/1
[   14.556989] brcmfmac 0000:03:00.0: Direct firmware load for brcm/brcmfmac43602-pcie.clm_blob failed with error -2
[   14.556992] brcmfmac: brcmf_c_process_clm_blob: no clm_blob available (err=-2), device may have limited channels available
[   14.558014] brcmfmac: brcmf_c_preinit_dcmds: Firmware: BCM43602/1 wl0: Nov 10 2015 06:38:10 version 7.35.177.61 (r598657) FWID 01-ea662a8c
[   14.611711] brcmfmac 0000:03:00.0 wlp3s0: renamed from wlan0
[   14.941093] XFS (dm-3): Mounting V5 Filesystem
[   14.941684] XFS (sda3): Mounting V5 Filesystem
[   14.942152] XFS (dm-4): Mounting V5 Filesystem
[   14.954819] XFS (sda3): Ending clean mount
[   14.958151] XFS (dm-3): Ending clean mount
[   14.962665] XFS (dm-4): Ending clean mount
[   15.262059] Bluetooth: BNEP (Ethernet Emulation) ver 1.3
[   15.262060] Bluetooth: BNEP filters: protocol multicast
[   15.262063] Bluetooth: BNEP socket layer initialized
[   16.663582] tun: Universal TUN/TAP device driver, 1.6
[   16.664698] virbr0: port 1(virbr0-nic) entered blocking state
[   16.664700] virbr0: port 1(virbr0-nic) entered disabled state
[   16.664760] device virbr0-nic entered promiscuous mode
[   16.864917] virbr0: port 1(virbr0-nic) entered blocking state
[   16.864921] virbr0: port 1(virbr0-nic) entered listening state
[   16.919405] virbr0: port 1(virbr0-nic) entered disabled state
[   24.825916] IPv6: ADDRCONF(NETDEV_CHANGE): wlp3s0: link becomes ready
[   29.028276] brcmfmac: brcmf_inetaddr_changed: fail to get arp ip table err:-52
[   50.536584] Bluetooth: RFCOMM TTY layer initialized
[   50.536592] Bluetooth: RFCOMM socket layer initialized
[   50.536692] Bluetooth: RFCOMM ver 1.11
[   50.728280] fuse init (API version 7.28)
[   51.931148] rfkill: input handler disabled
[  116.056784] xhci_hcd 0000:00:14.0: ep 0x81 - asked for 96 bytes, 78 bytes untransferred
[  116.056794] xhci_hcd 0000:00:14.0: Giveback URB 000000000852f75c, len = 18, expected = 96, status = 0
[  116.056884] xhci_hcd 0000:00:14.0: Stalled endpoint for slot 2 ep 2
[  116.056894] xhci_hcd 0000:00:14.0: Cleaning up stalled endpoint ring
[  116.056898] xhci_hcd 0000:00:14.0: Finding endpoint context
[  116.056901] xhci_hcd 0000:00:14.0: Cycle state = 0x1
[  116.056907] xhci_hcd 0000:00:14.0: New dequeue segment = 00000000755c2586 (virtual)
[  116.056910] xhci_hcd 0000:00:14.0: New dequeue pointer = 0x45a0607c0 (DMA)
[  116.056913] xhci_hcd 0000:00:14.0: Queueing new dequeue state
[  116.056917] xhci_hcd 0000:00:14.0: Set TR Deq Ptr cmd, new deq seg = 00000000755c2586 (0x45a060000 dma), new deq ptr = 00000000a300dfab (0x45a0607c0 dma), new cycle = 1
[  116.056920] xhci_hcd 0000:00:14.0: // Ding dong!
[  116.056931] xhci_hcd 0000:00:14.0: Giveback URB 000000003d1d1d8a, len = 0, expected = 13, status = -32
[  116.056940] xhci_hcd 0000:00:14.0: Ignoring reset ep completion code of 1
[  116.056946] xhci_hcd 0000:00:14.0: Successful Set TR Deq Ptr cmd, deq = @45a0607c0
[  116.376437] xhci_hcd 0000:00:14.0: ep 0x82 - asked for 65 bytes, 55 bytes untransferred
[  116.456386] xhci_hcd 0000:00:14.0: ep 0x82 - asked for 65 bytes, 55 bytes untransferred
[  116.496380] xhci_hcd 0000:00:14.0: ep 0x82 - asked for 65 bytes, 55 bytes untransferred
[  116.544383] xhci_hcd 0000:00:14.0: ep 0x82 - asked for 65 bytes, 55 bytes untransferred
[  117.000440] xhci_hcd 0000:00:14.0: ep 0x82 - asked for 65 bytes, 55 bytes untransferred
[  118.104562] xhci_hcd 0000:00:14.0: ep 0x81 - asked for 96 bytes, 78 bytes untransferred
[  118.104573] xhci_hcd 0000:00:14.0: Giveback URB 000000000852f75c, len = 18, expected = 96, status = 0
[  118.104635] xhci_hcd 0000:00:14.0: Stalled endpoint for slot 2 ep 2
[  118.104645] xhci_hcd 0000:00:14.0: Cleaning up stalled endpoint ring
[  118.104649] xhci_hcd 0000:00:14.0: Finding endpoint context
[  118.104654] xhci_hcd 0000:00:14.0: Cycle state = 0x1
[  118.104663] xhci_hcd 0000:00:14.0: New dequeue segment = 00000000755c2586 (virtual)
[  118.104668] xhci_hcd 0000:00:14.0: New dequeue pointer = 0x45a060800 (DMA)
[  118.104672] xhci_hcd 0000:00:14.0: Queueing new dequeue state
[  118.104678] xhci_hcd 0000:00:14.0: Set TR Deq Ptr cmd, new deq seg = 00000000755c2586 (0x45a060000 dma), new deq ptr = 000000003728bad3 (0x45a060800 dma), new cycle = 1
[  118.104683] xhci_hcd 0000:00:14.0: // Ding dong!
[  118.104694] xhci_hcd 0000:00:14.0: Giveback URB 000000003d1d1d8a, len = 0, expected = 13, status = -32
[  118.104701] xhci_hcd 0000:00:14.0: Ignoring reset ep completion code of 1
[  118.104708] xhci_hcd 0000:00:14.0: Successful Set TR Deq Ptr cmd, deq = @45a060800
[  118.216442] xhci_hcd 0000:00:14.0: ep 0x82 - asked for 65 bytes, 55 bytes untransferred
[  118.280395] xhci_hcd 0000:00:14.0: ep 0x82 - asked for 65 bytes, 55 bytes untransferred
[  118.360404] xhci_hcd 0000:00:14.0: ep 0x82 - asked for 65 bytes, 55 bytes untransferred
[  120.152651] xhci_hcd 0000:00:14.0: ep 0x81 - asked for 96 bytes, 78 bytes untransferred
[  120.152665] xhci_hcd 0000:00:14.0: Giveback URB 000000000852f75c, len = 18, expected = 96, status = 0
[  120.152739] xhci_hcd 0000:00:14.0: Stalled endpoint for slot 2 ep 2
[  120.152751] xhci_hcd 0000:00:14.0: Cleaning up stalled endpoint ring
[  120.152758] xhci_hcd 0000:00:14.0: Finding endpoint context
[  120.152764] xhci_hcd 0000:00:14.0: Cycle state = 0x1
[  120.152770] xhci_hcd 0000:00:14.0: New dequeue segment = 00000000755c2586 (virtual)
[  120.152776] xhci_hcd 0000:00:14.0: New dequeue pointer = 0x45a060840 (DMA)
[  120.152782] xhci_hcd 0000:00:14.0: Queueing new dequeue state
[  120.152790] xhci_hcd 0000:00:14.0: Set TR Deq Ptr cmd, new deq seg = 00000000755c2586 (0x45a060000 dma), new deq ptr = 00000000780098dc (0x45a060840 dma), new cycle = 1
[  120.152796] xhci_hcd 0000:00:14.0: // Ding dong!
[  120.152810] xhci_hcd 0000:00:14.0: Giveback URB 000000003d1d1d8a, len = 0, expected = 13, status = -32
[  120.152819] xhci_hcd 0000:00:14.0: Ignoring reset ep completion code of 1
[  120.152829] xhci_hcd 0000:00:14.0: Successful Set TR Deq Ptr cmd, deq = @45a060840
[  120.965659] xhci_hcd 0000:00:14.0: Cancel URB 0000000042a75a65, dev 12, ep 0x83, starting at offset 0x458b03280
[  120.965664] xhci_hcd 0000:00:14.0: // Ding dong!
[  120.965681] xhci_hcd 0000:00:14.0: Stopped on Transfer TRB for slot 3 ep 6
[  120.965687] xhci_hcd 0000:00:14.0: Removing canceled TD starting at 0x458b03280 (dma).
[  120.965690] xhci_hcd 0000:00:14.0: Finding endpoint context
[  120.965692] xhci_hcd 0000:00:14.0: Cycle state = 0x0
[  120.965695] xhci_hcd 0000:00:14.0: New dequeue segment = 00000000f31b94ff (virtual)
[  120.965697] xhci_hcd 0000:00:14.0: New dequeue pointer = 0x458b03290 (DMA)
[  120.965701] xhci_hcd 0000:00:14.0: Set TR Deq Ptr cmd, new deq seg = 00000000f31b94ff (0x458b03000 dma), new deq ptr = 000000006fadb325 (0x458b03290 dma), new cycle = 0
[  120.965703] xhci_hcd 0000:00:14.0: // Ding dong!
[  120.965718] xhci_hcd 0000:00:14.0: Successful Set TR Deq Ptr cmd, deq = @458b03290
[  120.988225] brcmfmac: brcmf_inetaddr_changed: fail to get arp ip table err:-52
[  122.200472] xhci_hcd 0000:00:14.0: ep 0x81 - asked for 96 bytes, 78 bytes untransferred
[  122.200477] xhci_hcd 0000:00:14.0: Giveback URB 00000000ae6533a9, len = 18, expected = 96, status = 0
[  122.200517] xhci_hcd 0000:00:14.0: Stalled endpoint for slot 2 ep 2
[  122.200521] xhci_hcd 0000:00:14.0: Cleaning up stalled endpoint ring
[  122.200524] xhci_hcd 0000:00:14.0: Finding endpoint context
[  122.200525] xhci_hcd 0000:00:14.0: Cycle state = 0x1
[  122.200528] xhci_hcd 0000:00:14.0: New dequeue segment = 00000000755c2586 (virtual)
[  122.200530] xhci_hcd 0000:00:14.0: New dequeue pointer = 0x45a060880 (DMA)
[  122.200531] xhci_hcd 0000:00:14.0: Queueing new dequeue state
[  122.200534] xhci_hcd 0000:00:14.0: Set TR Deq Ptr cmd, new deq seg = 00000000755c2586 (0x45a060000 dma), new deq ptr = 000000008875de3e (0x45a060880 dma), new cycle = 1
[  122.200537] xhci_hcd 0000:00:14.0: // Ding dong!
[  122.200545] xhci_hcd 0000:00:14.0: Giveback URB 000000003d1d1d8a, len = 0, expected = 13, status = -32
[  122.200548] xhci_hcd 0000:00:14.0: Ignoring reset ep completion code of 1
[  122.200552] xhci_hcd 0000:00:14.0: Successful Set TR Deq Ptr cmd, deq = @45a060880
[  122.746026] PM: suspend entry (deep)
[  122.746030] PM: Syncing filesystems ... done.
[  122.781628] Freezing user space processes ... (elapsed 0.304 seconds) done.
[  123.085738] OOM killer disabled.
[  123.085740] Freezing remaining freezable tasks ... (elapsed 0.001 seconds) done.
[  123.087155] printk: Suspending console(s) (use no_console_suspend to debug)
[  123.088584] xhci_hcd 0000:00:14.0: Cancel URB 000000004ce6da96, dev 12, ep 0x82, starting at offset 0x458aeeb10
[  123.088590] xhci_hcd 0000:00:14.0: // Ding dong!
[  123.088608] xhci_hcd 0000:00:14.0: Stopped on Transfer TRB for slot 3 ep 4
[  123.088614] xhci_hcd 0000:00:14.0: Removing canceled TD starting at 0x458aeeb10 (dma).
[  123.088617] xhci_hcd 0000:00:14.0: Finding endpoint context
[  123.088619] xhci_hcd 0000:00:14.0: Cycle state = 0x1
[  123.088622] xhci_hcd 0000:00:14.0: New dequeue segment = 00000000f7d876bc (virtual)
[  123.088624] xhci_hcd 0000:00:14.0: New dequeue pointer = 0x458aeeb20 (DMA)
[  123.088628] xhci_hcd 0000:00:14.0: Set TR Deq Ptr cmd, new deq seg = 00000000f7d876bc (0x458aee000 dma), new deq ptr = 00000000da1c1365 (0x458aeeb20 dma), new cycle = 1
[  123.088631] xhci_hcd 0000:00:14.0: // Ding dong!
[  123.088646] xhci_hcd 0000:00:14.0: Successful Set TR Deq Ptr cmd, deq = @458aeeb20
[  123.088791] xhci_hcd 0000:00:14.0: // Ding dong!
[  123.088807] xhci_hcd 0000:00:14.0: Stopped on No-op or Link TRB for slot 3 ep 10
[  123.088813] xhci_hcd 0000:00:14.0: Stopped on No-op or Link TRB for slot 3 ep 8
[  123.088818] xhci_hcd 0000:00:14.0: Stopped on No-op or Link TRB for slot 3 ep 7
[  123.088851] xhci_hcd 0000:00:14.0: Stopped on No-op or Link TRB for slot 3 ep 2
[  123.088855] xhci_hcd 0000:00:14.0: Stopped on No-op or Link TRB for slot 3 ep 0
[  123.097074] sd 0:0:0:0: [sda] Synchronizing SCSI cache
[  123.097878] xhci_hcd 0000:00:14.0: // Ding dong!
[  123.097948] xhci_hcd 0000:00:14.0: Stopped on No-op or Link TRB for slot 2 ep 3
[  123.097956] xhci_hcd 0000:00:14.0: Stopped on No-op or Link TRB for slot 2 ep 2
[  123.097959] xhci_hcd 0000:00:14.0: Stopped on No-op or Link TRB for slot 2 ep 0
[  123.099153] sd 0:0:0:0: [sda] Stopping disk
[  123.100745] usb 1-12: usb suspend, wakeup 1
[  123.100884] pcieport 0000:06:04.0: quirk: waiting for Thunderbolt to reestablish PCI tunnels...
[  123.100888] pcieport 0000:06:05.0: quirk: waiting for Thunderbolt to reestablish PCI tunnels...
[  123.100889] pcieport 0000:06:06.0: quirk: waiting for Thunderbolt to reestablish PCI tunnels...
[  123.101771] pcieport 0000:06:03.0: quirk: waiting for Thunderbolt to reestablish PCI tunnels...
[  123.112821] hub 1-0:1.0: hub_suspend
[  123.112870] usb usb1: bus suspend, wakeup 0
[  123.119827] usb 2-4: usb suspend, wakeup 0
[  123.131858] hub 2-0:1.0: hub_suspend
[  123.131898] usb usb2: bus suspend, wakeup 0
[  123.131941] xhci_hcd 0000:00:14.0: xhci_suspend: stopping port polling.
[  123.131961] xhci_hcd 0000:00:14.0: // Setting command ring address to 0x459da5001
[  123.992662] PM: suspend devices took 0.905 seconds
[  124.005304] ACPI: EC: interrupt blocked
[  124.006132] xhci_hcd 0000:00:14.0: wakeup: 1
[  124.006615] xhci_hcd 0000:00:14.0: --> PCI D3hot
[  124.965649] ACPI: Preparing to enter system sleep state S3
[  124.966526] ACPI: EC: event blocked
[  124.966527] ACPI: EC: EC stopped
[  124.966527] PM: Saving platform NVS memory
[  124.966531] Disabling non-boot CPUs ...
[  124.972976] smpboot: CPU 1 is now offline
[  124.976215] smpboot: CPU 2 is now offline
[  124.982830] smpboot: CPU 3 is now offline
[  124.989341] smpboot: CPU 4 is now offline
[  124.997455] smpboot: CPU 5 is now offline
[  125.001113] smpboot: CPU 6 is now offline
[  125.004469] smpboot: CPU 7 is now offline
[  125.022605] ACPI: Low-level resume complete
[  125.022666] ACPI: EC: EC started
[  125.022666] PM: Restoring platform NVS memory
[  125.030246] Enabling non-boot CPUs ...
[  125.030305] x86: Booting SMP configuration:
[  125.030306] smpboot: Booting Node 0 Processor 1 APIC 0x2
[  127.270237] hrtimer: interrupt took 2446747 ns
[  129.189117]  cache: parent cpu1 should not be sleeping
[  132.805779] CPU1 is up
[  132.805866] smpboot: Booting Node 0 Processor 2 APIC 0x4
[  133.074226]  cache: parent cpu2 should not be sleeping
[  134.030705] CPU2 is up
[  134.030762] smpboot: Booting Node 0 Processor 3 APIC 0x6
[  134.243127]  cache: parent cpu3 should not be sleeping
[  135.040590] CPU3 is up
[  135.040646] smpboot: Booting Node 0 Processor 4 APIC 0x1
[  135.046255]  cache: parent cpu4 should not be sleeping
[  135.062834] CPU4 is up
[  135.062861] smpboot: Booting Node 0 Processor 5 APIC 0x3
[  135.264047]  cache: parent cpu5 should not be sleeping
[  135.846467] CPU5 is up
[  135.846503] smpboot: Booting Node 0 Processor 6 APIC 0x5
[  135.989183]  cache: parent cpu6 should not be sleeping
[  136.511470] CPU6 is up
[  136.511503] smpboot: Booting Node 0 Processor 7 APIC 0x7
[  136.648885]  cache: parent cpu7 should not be sleeping
[  137.258332] CPU7 is up
[  137.346851] ACPI: Waking up from system sleep state S3
[  137.348722] ACPI: EC: interrupt unblocked
[  137.372267] pcieport 0000:06:03.0: quirk: waiting for Thunderbolt to reestablish PCI tunnels...
[  137.372268] pcieport 0000:06:05.0: quirk: waiting for Thunderbolt to reestablish PCI tunnels...
[  137.372270] pcieport 0000:06:04.0: quirk: waiting for Thunderbolt to reestablish PCI tunnels...
[  137.372271] pcieport 0000:06:06.0: quirk: waiting for Thunderbolt to reestablish PCI tunnels...
[  137.404287] pcieport 0000:06:03.0: quirk_apple_wait_for_thunderbolt+0x0/0xe0 took 31266 usecs
[  137.404290] pcieport 0000:06:04.0: quirk_apple_wait_for_thunderbolt+0x0/0xe0 took 31263 usecs
[  137.404295] pcieport 0000:06:05.0: quirk_apple_wait_for_thunderbolt+0x0/0xe0 took 31264 usecs
[  137.404299] pcieport 0000:06:06.0: quirk_apple_wait_for_thunderbolt+0x0/0xe0 took 31264 usecs
[  137.473539] thunderbolt 0000:07:00.0: resetting error on 0:b.
[  137.473547] thunderbolt 0000:07:00.0: 0:b: hotplug: scanning
[  137.473549] thunderbolt 0000:07:00.0: 0:b: hotplug: no switch found
[  137.473646] thunderbolt 0000:07:00.0: resetting error on 0:c.
[  137.473650] thunderbolt 0000:07:00.0: 0:c: hotplug: scanning
[  137.473652] thunderbolt 0000:07:00.0: 0:c: hotplug: no switch found
[  138.444610] ACPI: EC: event unblocked
[  138.444667] xhci_hcd 0000:00:14.0: // Setting command ring address to 0x459da5001
[  138.444715] xhci_hcd 0000:00:14.0: xhci_resume: starting port polling.
[  138.444756] xhci_hcd 0000:00:14.0: xhci_hub_status_data: stopping port polling.
[  138.444779] xhci_hcd 0000:00:14.0: xhci_hub_status_data: stopping port polling.
[  138.444811] usb usb1: usb resume
[  138.444841] hub 1-0:1.0: hub_resume
[  138.444854] xhci_hcd 0000:00:14.0: get port status, actual port 0 status  = 0x2a0
[  138.444856] xhci_hcd 0000:00:14.0: Get port status returned 0x100
[  138.444916] xhci_hcd 0000:00:14.0: get port status, actual port 1 status  = 0x2a0
[  138.444918] xhci_hcd 0000:00:14.0: Get port status returned 0x100
[  138.444949] xhci_hcd 0000:00:14.0: get port status, actual port 2 status  = 0x2a0
[  138.444951] xhci_hcd 0000:00:14.0: Get port status returned 0x100
[  138.444977] xhci_hcd 0000:00:14.0: get port status, actual port 3 status  = 0x2a0
[  138.444980] xhci_hcd 0000:00:14.0: Get port status returned 0x100
[  138.445013] xhci_hcd 0000:00:14.0: get port status, actual port 4 status  = 0x2a0
[  138.445015] usb usb2: usb resume
[  138.445017] xhci_hcd 0000:00:14.0: Get port status returned 0x100
[  138.445039] xhci_hcd 0000:00:14.0: get port status, actual port 5 status  = 0x2a0
[  138.445041] hub 2-0:1.0: hub_resume
[  138.445043] xhci_hcd 0000:00:14.0: Get port status returned 0x100
[  138.445051] xhci_hcd 0000:00:14.0: get port status, actual port 0 status  = 0x2a0
[  138.445054] xhci_hcd 0000:00:14.0: Get port status returned 0x2a0
[  138.445065] xhci_hcd 0000:00:14.0: get port status, actual port 6 status  = 0x2a0
[  138.445069] xhci_hcd 0000:00:14.0: Get port status returned 0x100
[  138.445077] xhci_hcd 0000:00:14.0: get port status, actual port 1 status  = 0x2a0
[  138.445079] xhci_hcd 0000:00:14.0: Get port status returned 0x2a0
[  138.445089] xhci_hcd 0000:00:14.0: get port status, actual port 7 status  = 0x663
[  138.445092] xhci_hcd 0000:00:14.0: Get port status returned 0x107
[  138.445097] xhci_hcd 0000:00:14.0: get port status, actual port 2 status  = 0x2a0
[  138.445100] xhci_hcd 0000:00:14.0: Get port status returned 0x2a0
[  138.445124] usb usb1-port8: status 0107 change 0000
[  138.445135] xhci_hcd 0000:00:14.0: get port status, actual port 3 status  = 0x1263
[  138.445139] xhci_hcd 0000:00:14.0: Get port status returned 0x263
[  138.445147] usb usb2-port4: status 0263 change 0000
[  138.445151] xhci_hcd 0000:00:14.0: get port status, actual port 8 status  = 0x2a0
[  138.445155] xhci_hcd 0000:00:14.0: Get port status returned 0x100
[  138.445163] xhci_hcd 0000:00:14.0: get port status, actual port 4 status  = 0x2a0
[  138.445166] xhci_hcd 0000:00:14.0: Get port status returned 0x2a0
[  138.445179] xhci_hcd 0000:00:14.0: get port status, actual port 9 status  = 0x2a0
[  138.445182] xhci_hcd 0000:00:14.0: Get port status returned 0x100
[  138.445190] xhci_hcd 0000:00:14.0: get port status, actual port 5 status  = 0x2a0
[  138.445192] xhci_hcd 0000:00:14.0: Get port status returned 0x2a0
[  138.445201] xhci_hcd 0000:00:14.0: get port status, actual port 10 status  = 0x2a0
[  138.445204] xhci_hcd 0000:00:14.0: Get port status returned 0x100
[  138.445218] xhci_hcd 0000:00:14.0: get port status, actual port 3 status  = 0x1263
[  138.445221] xhci_hcd 0000:00:14.0: Get port status returned 0x263
[  138.445226] xhci_hcd 0000:00:14.0: get port status, actual port 11 status  = 0x663
[  138.445229] xhci_hcd 0000:00:14.0: Get port status returned 0x107
[  138.445275] usb usb1-port12: status 0107 change 0000
[  138.445279] xhci_hcd 0000:00:14.0: get port status, actual port 12 status  = 0x2a0
[  138.445281] xhci_hcd 0000:00:14.0: Get port status returned 0x100
[  138.445301] xhci_hcd 0000:00:14.0: get port status, actual port 13 status  = 0x2a0
[  138.445304] xhci_hcd 0000:00:14.0: Get port status returned 0x100
[  138.445334] xhci_hcd 0000:00:14.0: get port status, actual port 7 status  = 0x663
[  138.445336] xhci_hcd 0000:00:14.0: Get port status returned 0x107
[  138.445366] xhci_hcd 0000:00:14.0: clear USB_PORT_FEAT_SUSPEND
[  138.445369] xhci_hcd 0000:00:14.0: PORTSC 0663
[  138.445381] xhci_hcd 0000:00:14.0: get port status, actual port 11 status  = 0x663
[  138.445384] xhci_hcd 0000:00:14.0: Get port status returned 0x107
[  138.445399] xhci_hcd 0000:00:14.0: clear USB_PORT_FEAT_SUSPEND
[  138.445402] xhci_hcd 0000:00:14.0: PORTSC 0663
[  138.445883] xhci_hcd 0000:00:14.0: xhci_hub_status_data: stopping port polling.
[  138.465047] sd 0:0:0:0: [sda] Starting disk
[  138.467014] usb 2-4: usb resume
[  138.487047] xhci_hcd 0000:00:14.0: Port Status Change Event for port 8
[  138.487055] xhci_hcd 0000:00:14.0: handle_port_status: starting port polling.
[  138.487069] xhci_hcd 0000:00:14.0: Port Status Change Event for port 12
[  138.487074] xhci_hcd 0000:00:14.0: handle_port_status: starting port polling.
[  138.487088] usb 1-8: usb resume
[  138.487190] usb 1-12: usb resume
[  138.487544] xhci_hcd 0000:00:14.0: underrun event on endpoint
[  138.487548] xhci_hcd 0000:00:14.0: overrun event on endpoint
[  138.509037] xhci_hcd 0000:00:14.0: get port status, actual port 3 status  = 0x1263
[  138.509040] xhci_hcd 0000:00:14.0: Get port status returned 0x263
[  138.521035] usb 2-4: Waited 0ms for CONNECT
[  138.521041] usb usb2-port4: status 0000.0263 after resume, -19
[  138.521044] usb 2-4: can't resume, status -19
[  138.521046] usb usb2-port4: logical disconnect
[  138.521067] xhci_hcd 0000:00:14.0: // Ding dong!
[  138.529052] xhci_hcd 0000:00:14.0: get port status, actual port 7 status  = 0x603
[  138.529056] xhci_hcd 0000:00:14.0: Get port status returned 0x40103
[  138.529194] xhci_hcd 0000:00:14.0: get port status, actual port 11 status  = 0x603
[  138.529198] xhci_hcd 0000:00:14.0: Get port status returned 0x40103
[  138.541050] xhci_hcd 0000:00:14.0: clear port suspend/resume change, actual port 7 status  = 0x603
[  138.541075] xhci_hcd 0000:00:14.0: clear port suspend/resume change, actual port 11 status  = 0x603
[  138.541117] usb 1-8: Waited 0ms for CONNECT
[  138.541122] usb 1-8: finish resume
[  138.541135] usb 1-12: Waited 0ms for CONNECT
[  138.541139] usb 1-12: finish resume
[  138.541579] xhci_hcd 0000:00:14.0: xhci_drop_endpoint called for udev 000000009316010b
[  138.541615] xhci_hcd 0000:00:14.0: drop ep 0x83, slot id 1, new drop flags = 0x80, new add flags = 0x0
[  138.541619] xhci_hcd 0000:00:14.0: xhci_drop_endpoint called for udev 000000009316010b
[  138.541637] xhci_hcd 0000:00:14.0: drop ep 0x3, slot id 1, new drop flags = 0xc0, new add flags = 0x0
[  138.541797] xhci_hcd 0000:00:14.0: add ep 0x83, slot id 1, new drop flags = 0xc0, new add flags = 0x80
[  138.541818] xhci_hcd 0000:00:14.0: add ep 0x3, slot id 1, new drop flags = 0xc0, new add flags = 0xc0
[  138.541822] xhci_hcd 0000:00:14.0: xhci_check_bandwidth called for udev 000000009316010b
[  138.541828] xhci_hcd 0000:00:14.0: // Ding dong!
[  138.542113] xhci_hcd 0000:00:14.0: Successful Endpoint Configure command
[  138.543576] PM: resume devices took 0.099 seconds
[  138.544245] OOM killer enabled.
[  138.544250] Restarting tasks ... 
[  138.544457] hub 1-0:1.0: state 7 ports 14 chg 0000 evt 1100
[  138.544481] hub 2-0:1.0: state 7 ports 6 chg 0010 evt 0000
[  138.544484] xhci_hcd 0000:00:14.0: get port status, actual port 7 status  = 0x603
[  138.544489] xhci_hcd 0000:00:14.0: Get port status returned 0x103
[  138.544513] xhci_hcd 0000:00:14.0: get port status, actual port 3 status  = 0x1263
[  138.544519] xhci_hcd 0000:00:14.0: Get port status returned 0x263
[  138.544531] xhci_hcd 0000:00:14.0: get port status, actual port 11 status  = 0x603
[  138.544537] xhci_hcd 0000:00:14.0: Get port status returned 0x103
[  138.544547] usb usb2-port4: status 0263, change 0000, 5.0 Gb/s
[  138.544555] usb 2-4: USB disconnect, device number 2
[  138.544561] usb 2-4: unregistering device
[  138.544567] usb 2-4: unregistering interface 2-4:1.0
[  138.551971] done.
[  138.606746] video LNXVIDEO:00: Restoring backlight state
[  138.606853] PM: suspend exit
[  138.661424] xhci_hcd 0000:00:14.0: Port Status Change Event for port 19
[  138.661431] xhci_hcd 0000:00:14.0: handle_port_status: starting port polling.
[  138.663935] xhci_hcd 0000:00:14.0: xhci_hub_status_data: stopping port polling.
[  138.790484] ata1: SATA link up 6.0 Gbps (SStatus 133 SControl 300)
[  138.790845] ata1.00: unexpected _GTF length (8)
[  138.791436] ata1.00: unexpected _GTF length (8)
[  138.791570] ata1.00: configured for UDMA/133
[  138.822146] usb 2-4: usb_disable_device nuking all URBs
[  138.822155] xhci_hcd 0000:00:14.0: xhci_drop_endpoint called for udev 00000000e05077eb
[  138.822173] xhci_hcd 0000:00:14.0: drop ep 0x81, slot id 2, new drop flags = 0x8, new add flags = 0x0
[  138.822176] xhci_hcd 0000:00:14.0: xhci_drop_endpoint called for udev 00000000e05077eb
[  138.822188] xhci_hcd 0000:00:14.0: drop ep 0x2, slot id 2, new drop flags = 0x18, new add flags = 0x0
[  138.822191] xhci_hcd 0000:00:14.0: xhci_check_bandwidth called for udev 00000000e05077eb
[  138.822198] xhci_hcd 0000:00:14.0: // Ding dong!
[  138.822443] xhci_hcd 0000:00:14.0: Successful Endpoint Configure command
[  138.822661] xhci_hcd 0000:00:14.0: // Ding dong!
[  138.822674] xhci_hcd 0000:00:14.0: // Ding dong!
[  138.822707] xhci_hcd 0000:00:14.0: Slot 4 output ctx = 0x456460000 (dma)
[  138.822711] xhci_hcd 0000:00:14.0: Slot 4 input ctx = 0x46c58c000 (dma)
[  138.822718] xhci_hcd 0000:00:14.0: Set slot id 4 dcbaa entry 000000003a2754bf to 0x456460000
[  138.822767] xhci_hcd 0000:00:14.0: get port status, actual port 3 status  = 0x202e0
[  138.822770] xhci_hcd 0000:00:14.0: Get port status returned 0x102e0
[  138.822795] xhci_hcd 0000:00:14.0: set port reset, actual port 3 status  = 0x202f0
[  138.884035] xhci_hcd 0000:00:14.0: get port status, actual port 3 status  = 0x202f0
[  138.884041] xhci_hcd 0000:00:14.0: Get port status returned 0x102f0
[  138.884059] usb usb2-port4: not reset yet, waiting 60ms
[  138.946016] xhci_hcd 0000:00:14.0: get port status, actual port 3 status  = 0x202f0
[  138.946021] xhci_hcd 0000:00:14.0: Get port status returned 0x102f0
[  138.946036] usb usb2-port4: not reset yet, waiting 200ms
[  139.151965] xhci_hcd 0000:00:14.0: get port status, actual port 3 status  = 0x202b0
[  139.151970] xhci_hcd 0000:00:14.0: Get port status returned 0x102b0
[  139.151983] usb usb2-port4: not reset yet, waiting 200ms
[  139.360026] xhci_hcd 0000:00:14.0: get port status, actual port 3 status  = 0x202f0
[  139.360031] xhci_hcd 0000:00:14.0: Get port status returned 0x102f0
[  139.360046] usb usb2-port4: not reset yet, waiting 200ms
[  139.568061] xhci_hcd 0000:00:14.0: get port status, actual port 3 status  = 0x202f0
[  139.568069] xhci_hcd 0000:00:14.0: Get port status returned 0x102f0
[  139.568088] usb usb2-port4: not reset yet, waiting 200ms
[  139.568092] hub 2-0:1.0: port_wait_reset: err = -16
[  139.568094] usb usb2-port4: not enabled, trying reset again...
[  139.568106] xhci_hcd 0000:00:14.0: set port reset, actual port 3 status  = 0x202f0
[  139.776052] xhci_hcd 0000:00:14.0: get port status, actual port 3 status  = 0x202b0
[  139.776059] xhci_hcd 0000:00:14.0: Get port status returned 0x102b0
[  139.776078] usb usb2-port4: not reset yet, waiting 200ms
[  139.984065] xhci_hcd 0000:00:14.0: get port status, actual port 3 status  = 0x202f0
[  139.984072] xhci_hcd 0000:00:14.0: Get port status returned 0x102f0
[  139.984094] usb usb2-port4: not reset yet, waiting 200ms
[  140.191999] xhci_hcd 0000:00:14.0: get port status, actual port 3 status  = 0x202f0
[  140.192005] xhci_hcd 0000:00:14.0: Get port status returned 0x102f0
[  140.192023] usb usb2-port4: not reset yet, waiting 200ms
[  140.400083] xhci_hcd 0000:00:14.0: get port status, actual port 3 status  = 0x2202e0
[  140.400092] xhci_hcd 0000:00:14.0: Get port status returned 0x1102e0
[  140.400117] usb usb2-port4: not reset yet, waiting 200ms
