[    0.000000] microcode: microcode updated early to revision 0x1a, date = 2018-04-02
[    0.000000] Linux version 5.0.0-rc8+ (im@im-mac) (gcc version 8.2.1 20181215 (Red Hat 8.2.1-6) (GCC)) #16 SMP Tue Feb 26 01:01:32 +05 2019
[    0.000000] Command line: BOOT_IMAGE=/vmlinuz-5.0.0-rc8+ root=/dev/mapper/im--mac-root ro resume=/dev/mapper/im--mac-swap rd.lvm.lv=im-mac/root rd.luks.uuid=luks-dd1fa933-ef9f-402b-a2e4-7c9d6fb7ce0d rd.lvm.lv=im-mac/swap rhgb quiet hid_apple.fnmode=2 hid_apple.iso_layout=0
[    0.000000] x86/fpu: Supporting XSAVE feature 0x001: 'x87 floating point registers'
[    0.000000] x86/fpu: Supporting XSAVE feature 0x002: 'SSE registers'
[    0.000000] x86/fpu: Supporting XSAVE feature 0x004: 'AVX registers'
[    0.000000] x86/fpu: xstate_offset[2]:  576, xstate_sizes[2]:  256
[    0.000000] x86/fpu: Enabled xstate features 0x7, context size is 832 bytes, using 'standard' format.
[    0.000000] BIOS-provided physical RAM map:
[    0.000000] BIOS-e820: [mem 0x0000000000000000-0x0000000000057fff] usable
[    0.000000] BIOS-e820: [mem 0x0000000000058000-0x0000000000058fff] reserved
[    0.000000] BIOS-e820: [mem 0x0000000000059000-0x000000000009ffff] usable
[    0.000000] BIOS-e820: [mem 0x00000000000a0000-0x00000000000bffff] reserved
[    0.000000] BIOS-e820: [mem 0x0000000000100000-0x0000000078d00fff] usable
[    0.000000] BIOS-e820: [mem 0x0000000078d01000-0x0000000078d48fff] ACPI NVS
[    0.000000] BIOS-e820: [mem 0x0000000078d49000-0x0000000078d5cfff] usable
[    0.000000] BIOS-e820: [mem 0x0000000078d5d000-0x0000000078d8efff] ACPI data
[    0.000000] BIOS-e820: [mem 0x0000000078d8f000-0x0000000078e39fff] usable
[    0.000000] BIOS-e820: [mem 0x0000000078e3a000-0x0000000078e8efff] reserved
[    0.000000] BIOS-e820: [mem 0x0000000078e8f000-0x0000000078ecbfff] usable
[    0.000000] BIOS-e820: [mem 0x0000000078ecc000-0x0000000078efefff] reserved
[    0.000000] BIOS-e820: [mem 0x0000000078eff000-0x0000000078f84fff] usable
[    0.000000] BIOS-e820: [mem 0x0000000078f85000-0x0000000078fdefff] reserved
[    0.000000] BIOS-e820: [mem 0x0000000078fdf000-0x0000000078ffffff] usable
[    0.000000] BIOS-e820: [mem 0x0000000079000000-0x000000007f9fffff] reserved
[    0.000000] BIOS-e820: [mem 0x00000000e00f8000-0x00000000e00f8fff] reserved
[    0.000000] BIOS-e820: [mem 0x00000000fed1c000-0x00000000fed1ffff] reserved
[    0.000000] BIOS-e820: [mem 0x00000000ffd70000-0x00000000ffd9ffff] reserved
[    0.000000] BIOS-e820: [mem 0x0000000100000000-0x000000047f5fffff] usable
[    0.000000] NX (Execute Disable) protection: active
[    0.000000] e820: update [mem 0x66282710-0x66282ad2] usable ==> usable
[    0.000000] e820: update [mem 0x66282710-0x66282ad2] usable ==> usable
[    0.000000] extended physical RAM map:
[    0.000000] reserve setup_data: [mem 0x0000000000000000-0x0000000000057fff] usable
[    0.000000] reserve setup_data: [mem 0x0000000000058000-0x0000000000058fff] reserved
[    0.000000] reserve setup_data: [mem 0x0000000000059000-0x000000000009ffff] usable
[    0.000000] reserve setup_data: [mem 0x00000000000a0000-0x00000000000bffff] reserved
[    0.000000] reserve setup_data: [mem 0x0000000000100000-0x000000006628270f] usable
[    0.000000] reserve setup_data: [mem 0x0000000066282710-0x0000000066282ad2] usable
[    0.000000] reserve setup_data: [mem 0x0000000066282ad3-0x0000000078d00fff] usable
[    0.000000] reserve setup_data: [mem 0x0000000078d01000-0x0000000078d48fff] ACPI NVS
[    0.000000] reserve setup_data: [mem 0x0000000078d49000-0x0000000078d5cfff] usable
[    0.000000] reserve setup_data: [mem 0x0000000078d5d000-0x0000000078d8efff] ACPI data
[    0.000000] reserve setup_data: [mem 0x0000000078d8f000-0x0000000078e39fff] usable
[    0.000000] reserve setup_data: [mem 0x0000000078e3a000-0x0000000078e8efff] reserved
[    0.000000] reserve setup_data: [mem 0x0000000078e8f000-0x0000000078ecbfff] usable
[    0.000000] reserve setup_data: [mem 0x0000000078ecc000-0x0000000078efefff] reserved
[    0.000000] reserve setup_data: [mem 0x0000000078eff000-0x0000000078f84fff] usable
[    0.000000] reserve setup_data: [mem 0x0000000078f85000-0x0000000078fdefff] reserved
[    0.000000] reserve setup_data: [mem 0x0000000078fdf000-0x0000000078ffffff] usable
[    0.000000] reserve setup_data: [mem 0x0000000079000000-0x000000007f9fffff] reserved
[    0.000000] reserve setup_data: [mem 0x00000000e00f8000-0x00000000e00f8fff] reserved
[    0.000000] reserve setup_data: [mem 0x00000000fed1c000-0x00000000fed1ffff] reserved
[    0.000000] reserve setup_data: [mem 0x00000000ffd70000-0x00000000ffd9ffff] reserved
[    0.000000] reserve setup_data: [mem 0x0000000100000000-0x000000047f5fffff] usable
[    0.000000] efi: EFI v1.10 by Apple
[    0.000000] efi:  ACPI=0x78d8e000  ACPI 2.0=0x78d8e014  SMBIOS=0x78f8b000 
[    0.000000] SMBIOS 2.7 present.
[    0.000000] DMI: Apple Inc. MacBookPro11,4/Mac-06F11FD93F0323C5, BIOS MBP114.88Z.0184.B00.1806051659 06/05/2018
[    0.000000] tsc: Fast TSC calibration using PIT
[    0.000000] tsc: Detected 2195.048 MHz processor
[    0.000133] e820: update [mem 0x00000000-0x00000fff] usable ==> reserved
[    0.000134] e820: remove [mem 0x000a0000-0x000fffff] usable
[    0.000139] last_pfn = 0x47f600 max_arch_pfn = 0x400000000
[    0.000142] MTRR default type: write-back
[    0.000143] MTRR fixed ranges enabled:
[    0.000144]   00000-9FFFF write-back
[    0.000144]   A0000-BFFFF uncachable
[    0.000145]   C0000-DFFFF write-protect
[    0.000146]   E0000-FFFFF uncachable
[    0.000146] MTRR variable ranges enabled:
[    0.000147]   0 base 0080000000 mask 7F80000000 uncachable
[    0.000147]   1 base 007C000000 mask 7FFC000000 uncachable
[    0.000148]   2 base 007A000000 mask 7FFE000000 uncachable
[    0.000148]   3 base 0079000000 mask 7FFF000000 uncachable
[    0.000149]   4 disabled
[    0.000149]   5 disabled
[    0.000149]   6 disabled
[    0.000150]   7 disabled
[    0.000150]   8 disabled
[    0.000150]   9 disabled
[    0.009947] x86/PAT: Configuration [0-7]: WB  WC  UC- UC  WB  WP  UC- WT  
[    0.010040] last_pfn = 0x79000 max_arch_pfn = 0x400000000
[    0.021655] Base memory trampoline at [(____ptrval____)] 99000 size 24576
[    0.021659] Using GB pages for direct mapping
[    0.021661] BRK [0x203e01000, 0x203e01fff] PGTABLE
[    0.021662] BRK [0x203e02000, 0x203e02fff] PGTABLE
[    0.021663] BRK [0x203e03000, 0x203e03fff] PGTABLE
[    0.021680] BRK [0x203e04000, 0x203e04fff] PGTABLE
[    0.021682] BRK [0x203e05000, 0x203e05fff] PGTABLE
[    0.021723] BRK [0x203e06000, 0x203e06fff] PGTABLE
[    0.021734] BRK [0x203e07000, 0x203e07fff] PGTABLE
[    0.021766] BRK [0x203e08000, 0x203e08fff] PGTABLE
[    0.021837] Secure boot disabled
[    0.021837] RAMDISK: [mem 0x42aae000-0x48561fff]
[    0.021848] ACPI: Early table checksum verification disabled
[    0.021850] ACPI: RSDP 0x0000000078D8E014 000024 (v02 APPLE )
[    0.021853] ACPI: XSDT 0x0000000078D8E1C0 0000A4 (v01 APPLE  Apple00  00000000      01000013)
[    0.021857] ACPI: FACP 0x0000000078D8C000 0000F4 (v05 APPLE  Apple00  00000000 Loki 0000005F)
[    0.021860] ACPI BIOS Warning (bug): 32/64X length mismatch in FADT/Gpe0Block: 128/0 (20181213/tbfadt-569)
[    0.021863] ACPI: DSDT 0x0000000078D7F000 007331 (v03 APPLE  MacBookP 00110004 INTL 20140424)
[    0.021865] ACPI: FACS 0x0000000078D06000 000040
[    0.021866] ACPI: FACS 0x0000000078D06000 000040
[    0.021867] ACPI: HPET 0x0000000078D8B000 000038 (v01 APPLE  Apple00  00000001 Loki 0000005F)
[    0.021869] ACPI: APIC 0x0000000078D8A000 0000BC (v02 APPLE  Apple00  00000001 Loki 0000005F)
[    0.021871] ACPI: SBST 0x0000000078D88000 000030 (v01 APPLE  Apple00  00000001 Loki 0000005F)
[    0.021873] ACPI: ECDT 0x0000000078D87000 000053 (v01 APPLE  Apple00  00000001 Loki 0000005F)
[    0.021874] ACPI: SSDT 0x0000000078D7E000 000024 (v01 APPLE  SataAhci 00001000 INTL 20140424)
[    0.021876] ACPI: SSDT 0x0000000078D7D000 000024 (v01 APPLE  SmcDppt  00001000 INTL 20140424)
[    0.021878] ACPI: SSDT 0x0000000078D7C000 000032 (v01 APPLE  SsdtS3   00001000 INTL 20140424)
[    0.021880] ACPI: SSDT 0x0000000078D68000 0086DA (v01 APPLE  TbtPEG11 00001000 INTL 20140424)
[    0.021881] ACPI: SSDT 0x0000000078D67000 0000B8 (v01 APPLE  Sdxc     00001000 INTL 20140424)
[    0.021883] ACPI: SSDT 0x0000000078D66000 000A7B (v02 APPLE  Xhci     00001000 INTL 20140424)
[    0.021885] ACPI: SSDT 0x0000000078D64000 000341 (v01 APPLE  PEG0SSD0 00001000 INTL 20140424)
[    0.021887] ACPI: SSDT 0x0000000078D5F000 00069C (v01 PmRef  Cpu0Ist  00003000 INTL 20140424)
[    0.021889] ACPI: SSDT 0x0000000078D5E000 000C17 (v01 CpuRef CpuSsdt  00003000 INTL 20140424)
[    0.021891] ACPI: DMAR 0x0000000078D5D000 000088 (v01 APPLE  BDW      00000001 INTL 00000001)
[    0.021892] ACPI: MCFG 0x0000000078D89000 00003C (v01 APPLE  Apple00  00000001 Loki 0000005F)
[    0.021897] ACPI: DMI detected to setup _OSI("Darwin"): Apple hardware
[    0.021899] ACPI: Local APIC address 0xfee00000
[    0.021972] No NUMA configuration found
[    0.021973] Faking a node at [mem 0x0000000000000000-0x000000047f5fffff]
[    0.021981] NODE_DATA(0) allocated [mem 0x47f5d5000-0x47f5fffff]
[    0.051574] Zone ranges:
[    0.051576]   DMA      [mem 0x0000000000001000-0x0000000000ffffff]
[    0.051577]   DMA32    [mem 0x0000000001000000-0x00000000ffffffff]
[    0.051578]   Normal   [mem 0x0000000100000000-0x000000047f5fffff]
[    0.051578]   Device   empty
[    0.051579] Movable zone start for each node
[    0.051582] Early memory node ranges
[    0.051582]   node   0: [mem 0x0000000000001000-0x0000000000057fff]
[    0.051583]   node   0: [mem 0x0000000000059000-0x000000000009ffff]
[    0.051583]   node   0: [mem 0x0000000000100000-0x0000000078d00fff]
[    0.051584]   node   0: [mem 0x0000000078d49000-0x0000000078d5cfff]
[    0.051584]   node   0: [mem 0x0000000078d8f000-0x0000000078e39fff]
[    0.051584]   node   0: [mem 0x0000000078e8f000-0x0000000078ecbfff]
[    0.051585]   node   0: [mem 0x0000000078eff000-0x0000000078f84fff]
[    0.051585]   node   0: [mem 0x0000000078fdf000-0x0000000078ffffff]
[    0.051585]   node   0: [mem 0x0000000100000000-0x000000047f5fffff]
[    0.051953] Zeroed struct page in unavailable ranges: 29118 pages
[    0.051954] Initmem setup node 0 [mem 0x0000000000001000-0x000000047f5fffff]
[    0.051956] On node 0 totalpages: 4162626
[    0.051957]   DMA zone: 64 pages used for memmap
[    0.051957]   DMA zone: 22 pages reserved
[    0.051957]   DMA zone: 3998 pages, LIFO batch:0
[    0.052027]   DMA32 zone: 7675 pages used for memmap
[    0.052027]   DMA32 zone: 491172 pages, LIFO batch:63
[    0.063764]   Normal zone: 57304 pages used for memmap
[    0.063765]   Normal zone: 3667456 pages, LIFO batch:63
[    0.132142] Reserving Intel graphics memory at [mem 0x79a00000-0x7f9fffff]
[    0.132208] ACPI: PM-Timer IO Port: 0x1808
[    0.132209] ACPI: Local APIC address 0xfee00000
[    0.132215] ACPI: LAPIC_NMI (acpi_id[0x01] high edge lint[0x1])
[    0.132215] ACPI: LAPIC_NMI (acpi_id[0x02] high edge lint[0x1])
[    0.132216] ACPI: LAPIC_NMI (acpi_id[0x03] high edge lint[0x1])
[    0.132216] ACPI: LAPIC_NMI (acpi_id[0x04] high edge lint[0x1])
[    0.132216] ACPI: LAPIC_NMI (acpi_id[0x05] high edge lint[0x1])
[    0.132217] ACPI: LAPIC_NMI (acpi_id[0x06] high edge lint[0x1])
[    0.132217] ACPI: LAPIC_NMI (acpi_id[0x07] high edge lint[0x1])
[    0.132217] ACPI: LAPIC_NMI (acpi_id[0x08] high edge lint[0x1])
[    0.132232] IOAPIC[0]: apic_id 2, version 32, address 0xfec00000, GSI 0-23
[    0.132233] ACPI: INT_SRC_OVR (bus 0 bus_irq 0 global_irq 2 dfl dfl)
[    0.132234] ACPI: INT_SRC_OVR (bus 0 bus_irq 9 global_irq 9 high level)
[    0.132235] ACPI: IRQ0 used by override.
[    0.132236] ACPI: IRQ9 used by override.
[    0.132237] Using ACPI (MADT) for SMP configuration information
[    0.132238] ACPI: HPET id: 0x8086a201 base: 0xfed00000
[    0.132241] smpboot: Allowing 8 CPUs, 0 hotplug CPUs
[    0.132255] PM: Registered nosave memory: [mem 0x00000000-0x00000fff]
[    0.132256] PM: Registered nosave memory: [mem 0x00058000-0x00058fff]
[    0.132257] PM: Registered nosave memory: [mem 0x000a0000-0x000bffff]
[    0.132257] PM: Registered nosave memory: [mem 0x000c0000-0x000fffff]
[    0.132258] PM: Registered nosave memory: [mem 0x66282000-0x66282fff]
[    0.132259] PM: Registered nosave memory: [mem 0x66282000-0x66282fff]
[    0.132260] PM: Registered nosave memory: [mem 0x78d01000-0x78d48fff]
[    0.132261] PM: Registered nosave memory: [mem 0x78d5d000-0x78d8efff]
[    0.132262] PM: Registered nosave memory: [mem 0x78e3a000-0x78e8efff]
[    0.132263] PM: Registered nosave memory: [mem 0x78ecc000-0x78efefff]
[    0.132264] PM: Registered nosave memory: [mem 0x78f85000-0x78fdefff]
[    0.132265] PM: Registered nosave memory: [mem 0x79000000-0x7f9fffff]
[    0.132265] PM: Registered nosave memory: [mem 0x7fa00000-0xe00f7fff]
[    0.132266] PM: Registered nosave memory: [mem 0xe00f8000-0xe00f8fff]
[    0.132266] PM: Registered nosave memory: [mem 0xe00f9000-0xfed1bfff]
[    0.132266] PM: Registered nosave memory: [mem 0xfed1c000-0xfed1ffff]
[    0.132267] PM: Registered nosave memory: [mem 0xfed20000-0xffd6ffff]
[    0.132267] PM: Registered nosave memory: [mem 0xffd70000-0xffd9ffff]
[    0.132268] PM: Registered nosave memory: [mem 0xffda0000-0xffffffff]
[    0.132269] [mem 0x7fa00000-0xe00f7fff] available for PCI devices
[    0.132271] Booting paravirtualized kernel on bare hardware
[    0.132273] clocksource: refined-jiffies: mask: 0xffffffff max_cycles: 0xffffffff, max_idle_ns: 1910969940391419 ns
[    0.227671] random: get_random_bytes called from start_kernel+0x93/0x503 with crng_init=0
[    0.227677] setup_percpu: NR_CPUS:64 nr_cpumask_bits:64 nr_cpu_ids:8 nr_node_ids:1
[    0.227848] percpu: Embedded 44 pages/cpu @(____ptrval____) s143360 r8192 d28672 u262144
[    0.227853] pcpu-alloc: s143360 r8192 d28672 u262144 alloc=1*2097152
[    0.227854] pcpu-alloc: [0] 0 1 2 3 4 5 6 7 
[    0.227868] Built 1 zonelists, mobility grouping on.  Total pages: 4097561
[    0.227869] Policy zone: Normal
[    0.227870] Kernel command line: BOOT_IMAGE=/vmlinuz-5.0.0-rc8+ root=/dev/mapper/im--mac-root ro resume=/dev/mapper/im--mac-swap rd.lvm.lv=im-mac/root rd.luks.uuid=luks-dd1fa933-ef9f-402b-a2e4-7c9d6fb7ce0d rd.lvm.lv=im-mac/swap rhgb quiet hid_apple.fnmode=2 hid_apple.iso_layout=0
[    0.272776] Memory: 15843872K/16650504K available (12291K kernel code, 1404K rwdata, 4028K rodata, 2152K init, 4944K bss, 806632K reserved, 0K cma-reserved)
[    0.272874] SLUB: HWalign=64, Order=0-3, MinObjects=0, CPUs=8, Nodes=1
[    0.272879] Kernel/User page tables isolation: enabled
[    0.272890] ftrace: allocating 38174 entries in 150 pages
[    0.285002] rcu: Hierarchical RCU implementation.
[    0.285003] rcu: 	RCU restricting CPUs from NR_CPUS=64 to nr_cpu_ids=8.
[    0.285004] rcu: RCU calculated value of scheduler-enlistment delay is 100 jiffies.
[    0.285004] rcu: Adjusting geometry for rcu_fanout_leaf=16, nr_cpu_ids=8
[    0.286872] NR_IRQS: 4352, nr_irqs: 488, preallocated irqs: 16
[    0.286996] rcu: 	Offload RCU callbacks from CPUs: (none).
[    0.287039] Console: colour dummy device 80x25
[    0.287043] printk: console [tty0] enabled
[    0.287054] ACPI: Core revision 20181213
[    0.287257] clocksource: hpet: mask: 0xffffffff max_cycles: 0xffffffff, max_idle_ns: 133484882848 ns
[    0.287265] hpet clockevent registered
[    0.287269] APIC: Switch to symmetric I/O mode setup
[    0.287270] DMAR: Host address width 39
[    0.287271] DMAR: DRHD base: 0x000000fed90000 flags: 0x0
[    0.287274] DMAR: dmar0: reg_base_addr fed90000 ver 1:0 cap c0000020660462 ecap f0101a
[    0.287275] DMAR: DRHD base: 0x000000fed91000 flags: 0x1
[    0.287277] DMAR: dmar1: reg_base_addr fed91000 ver 1:0 cap d2008c20660462 ecap f010da
[    0.287277] DMAR: RMRR base: 0x00000079800000 end: 0x0000007f9fffff
[    0.287280] DMAR-IR: IOAPIC id 2 under DRHD base  0xfed91000 IOMMU 1
[    0.287281] DMAR-IR: HPET id 0 under DRHD base 0xfed91000
[    0.287281] DMAR-IR: x2apic is disabled because BIOS sets x2apic opt out bit.
[    0.287282] DMAR-IR: Use 'intremap=no_x2apic_optout' to override the BIOS setting.
[    0.287654] DMAR-IR: Enabled IRQ remapping in xapic mode
[    0.287654] x2apic: IRQ remapping doesn't support X2APIC mode
[    0.288022] ..TIMER: vector=0x30 apic1=0 pin1=2 apic2=-1 pin2=-1
[    0.292269] clocksource: tsc-early: mask: 0xffffffffffffffff max_cycles: 0x1fa3ecf0973, max_idle_ns: 440795226644 ns
[    0.292279] Calibrating delay loop (skipped), value calculated using timer frequency.. 4390.09 BogoMIPS (lpj=2195048)
[    0.292281] pid_max: default: 32768 minimum: 301
[    0.305601] LSM: Security Framework initializing
[    0.305602] Yama: becoming mindful.
[    0.305606] SELinux:  Initializing.
[    0.307851] Dentry cache hash table entries: 2097152 (order: 12, 16777216 bytes)
[    0.308834] Inode-cache hash table entries: 1048576 (order: 11, 8388608 bytes)
[    0.308873] Mount-cache hash table entries: 32768 (order: 6, 262144 bytes)
[    0.308904] Mountpoint-cache hash table entries: 32768 (order: 6, 262144 bytes)
[    0.309072] ENERGY_PERF_BIAS: Set to 'normal', was 'performance'
[    0.309073] ENERGY_PERF_BIAS: View and update with x86_energy_perf_policy(8)
[    0.309076] mce: CPU supports 10 MCE banks
[    0.309085] mce: CPU0: Thermal monitoring enabled (TM1)
[    0.309098] process: using mwait in idle threads
[    0.309100] Last level iTLB entries: 4KB 1024, 2MB 1024, 4MB 1024
[    0.309100] Last level dTLB entries: 4KB 1024, 2MB 1024, 4MB 1024, 1GB 4
[    0.309101] Spectre V2 : Mitigation: Full generic retpoline
[    0.309102] Spectre V2 : Spectre v2 / SpectreRSB mitigation: Filling RSB on context switch
[    0.309102] Spectre V2 : Enabling Restricted Speculation for firmware calls
[    0.309109] Spectre V2 : mitigation: Enabling conditional Indirect Branch Prediction Barrier
[    0.309109] Spectre V2 : User space: Mitigation: STIBP via seccomp and prctl
[    0.309110] Speculative Store Bypass: Mitigation: Speculative Store Bypass disabled via prctl and seccomp
[    0.309277] Freeing SMP alternatives memory: 36K
[    0.310336] TSC deadline timer enabled
[    0.310338] smpboot: CPU0: Intel(R) Core(TM) i7-4770HQ CPU @ 2.20GHz (family: 0x6, model: 0x46, stepping: 0x1)
[    0.310407] Performance Events: PEBS fmt2+, Haswell events, 16-deep LBR, full-width counters, Intel PMU driver.
[    0.310443] ... version:                3
[    0.310444] ... bit width:              48
[    0.310444] ... generic registers:      4
[    0.310445] ... value mask:             0000ffffffffffff
[    0.310446] ... max period:             00007fffffffffff
[    0.310446] ... fixed-purpose events:   3
[    0.310446] ... event mask:             000000070000000f
[    0.310472] rcu: Hierarchical SRCU implementation.
[    0.310905] random: crng done (trusting CPU's manufacturer)
[    0.311270] NMI watchdog: Enabled. Permanently consumes one hw-PMU counter.
[    0.311298] smp: Bringing up secondary CPUs ...
[    0.311350] x86: Booting SMP configuration:
[    0.311350] .... node  #0, CPUs:      #1 #2 #3 #4 #5 #6 #7
[    0.363274] smp: Brought up 1 node, 8 CPUs
[    0.363276] smpboot: Max logical packages: 1
[    0.363277] smpboot: Total of 8 processors activated (35120.76 BogoMIPS)
[    0.364644] devtmpfs: initialized
[    0.364644] x86/mm: Memory block size: 128MB
[    0.365526] PM: Registering ACPI NVS region [mem 0x78d01000-0x78d48fff] (294912 bytes)
[    0.365526] clocksource: jiffies: mask: 0xffffffff max_cycles: 0xffffffff, max_idle_ns: 1911260446275000 ns
[    0.365526] futex hash table entries: 2048 (order: 5, 131072 bytes)
[    0.365526] pinctrl core: initialized pinctrl subsystem
[    0.365526] RTC time: 20:55:27, date: 2019-02-25
[    0.365607] NET: Registered protocol family 16
[    0.365692] audit: initializing netlink subsys (disabled)
[    0.365696] audit: type=2000 audit(1551128127.078:1): state=initialized audit_enabled=0 res=1
[    0.365696] cpuidle: using governor menu
[    0.365696] ACPI: bus type PCI registered
[    0.365696] acpiphp: ACPI Hot Plug PCI Controller Driver version: 0.5
[    0.365696] PCI: MMCONFIG for domain 0000 [bus 00-9b] at [mem 0xe0000000-0xe9bfffff] (base 0xe0000000)
[    0.365696] PCI: not using MMCONFIG
[    0.365696] PCI: Using configuration type 1 for base access
[    0.365696] core: PMU erratum BJ122, BV98, HSD29 worked around, HT is on
[    0.367293] HugeTLB registered 1.00 GiB page size, pre-allocated 0 pages
[    0.367293] HugeTLB registered 2.00 MiB page size, pre-allocated 0 pages
[    0.367293] cryptd: max_cpu_qlen set to 1000
[    0.367315] ACPI: Disabled all _OSI OS vendors
[    0.367316] ACPI: Added _OSI(Module Device)
[    0.367316] ACPI: Added _OSI(Processor Device)
[    0.367317] ACPI: Added _OSI(3.0 _SCP Extensions)
[    0.367317] ACPI: Added _OSI(Processor Aggregator Device)
[    0.367318] ACPI: Added _OSI(Linux-Dell-Video)
[    0.367319] ACPI: Added _OSI(Linux-Lenovo-NV-HDMI-Audio)
[    0.367319] ACPI: Added _OSI(Linux-HPI-Hybrid-Graphics)
[    0.367320] ACPI: Added _OSI(Darwin)
[    0.379015] ACPI: 10 ACPI AML tables successfully acquired and loaded
[    0.379636] ACPI: EC: EC started
[    0.379637] ACPI: EC: interrupt blocked
[    0.381354] ACPI: \: Used as first EC
[    0.381355] ACPI: \: GPE=0x17, EC_CMD/EC_SC=0x66, EC_DATA=0x62
[    0.381356] ACPI: \: Used as boot ECDT EC to handle transactions
[    0.382081] ACPI: BIOS _OSI(Darwin) query honored via DMI
[    0.382620] ACPI: [Firmware Bug]: BIOS _OSI(Linux) query ignored
[    0.382735] ACPI Error: Needed type [Reference], found [Integer] 00000000b383482a (20181213/exresop-69)
[    0.382739] ACPI Error: AE_AML_OPERAND_TYPE, While resolving operands for [OpcodeName unavailable] (20181213/dswexec-427)
[    0.382741] ACPI Error: Method parse/execution failed \_PR.CPU0._PDC, AE_AML_OPERAND_TYPE (20181213/psparse-531)
[    0.382929] ACPI: Dynamic OEM Table Load:
[    0.382934] ACPI: SSDT 0xFFFF8F7F2CB4E800 00067C (v01 PmRef  ApIst    00003000 INTL 20140424)
[    0.383314] ACPI: Dynamic OEM Table Load:
[    0.383317] ACPI: SSDT 0xFFFF8F7F2CB98A00 000119 (v01 PmRef  ApCst    00003000 INTL 20140424)
[    0.384388] ACPI: Interpreter enabled
[    0.384403] ACPI: (supports S0 S3 S4 S5)
[    0.384404] ACPI: Using IOAPIC for interrupt routing
[    0.384421] PCI: MMCONFIG for domain 0000 [bus 00-9b] at [mem 0xe0000000-0xe9bfffff] (base 0xe0000000)
[    0.384781] PCI: MMCONFIG at [mem 0xe0000000-0xe9bfffff] reserved in ACPI motherboard resources
[    0.384789] PCI: Using host bridge windows from ACPI; if necessary, use "pci=nocrs" and report a bug
[    0.384967] ACPI: Enabled 7 GPEs in block 00 to 3F
[    0.392183] ACPI: PCI Root Bridge [PCI0] (domain 0000 [bus 00-ff])
[    0.392187] acpi PNP0A08:00: _OSC: OS assumes control of [PCIeHotplug SHPCHotplug AER PCIeCapability LTR]
[    0.392197] acpi PNP0A08:00: [Firmware Info]: MMCONFIG for domain 0000 [bus 00-9b] only partially covers this bridge
[    0.392400] PCI host bridge to bus 0000:00
[    0.392402] pci_bus 0000:00: root bus resource [io  0x0000-0x0cf7 window]
[    0.392403] pci_bus 0000:00: root bus resource [io  0x0d00-0xffff window]
[    0.392404] pci_bus 0000:00: root bus resource [mem 0x000a0000-0x000bffff window]
[    0.392405] pci_bus 0000:00: root bus resource [mem 0x000c0000-0x000c3fff window]
[    0.392405] pci_bus 0000:00: root bus resource [mem 0x000c4000-0x000c7fff window]
[    0.392406] pci_bus 0000:00: root bus resource [mem 0x000c8000-0x000cbfff window]
[    0.392407] pci_bus 0000:00: root bus resource [mem 0x000cc000-0x000cffff window]
[    0.392408] pci_bus 0000:00: root bus resource [mem 0x000d0000-0x000d3fff window]
[    0.392409] pci_bus 0000:00: root bus resource [mem 0x000d4000-0x000d7fff window]
[    0.392410] pci_bus 0000:00: root bus resource [mem 0x000d8000-0x000dbfff window]
[    0.392411] pci_bus 0000:00: root bus resource [mem 0x000dc000-0x000dffff window]
[    0.392412] pci_bus 0000:00: root bus resource [mem 0x000e0000-0x000e3fff window]
[    0.392413] pci_bus 0000:00: root bus resource [mem 0x000e4000-0x000e7fff window]
[    0.392414] pci_bus 0000:00: root bus resource [mem 0x000e8000-0x000ebfff window]
[    0.392415] pci_bus 0000:00: root bus resource [mem 0x000ec000-0x000effff window]
[    0.392415] pci_bus 0000:00: root bus resource [mem 0x000f0000-0x000fffff window]
[    0.392416] pci_bus 0000:00: root bus resource [mem 0x7fa00000-0xfeafffff window]
[    0.392417] pci_bus 0000:00: root bus resource [mem 0xfed40000-0xfed44fff window]
[    0.392418] pci_bus 0000:00: root bus resource [bus 00-ff]
[    0.392425] pci 0000:00:00.0: [8086:0d04] type 00 class 0x060000
[    0.392491] pci 0000:00:01.0: [8086:0d01] type 01 class 0x060400
[    0.392522] pci 0000:00:01.0: PME# supported from D0 D3hot D3cold
[    0.392568] pci 0000:00:01.1: [8086:0d05] type 01 class 0x060400
[    0.392596] pci 0000:00:01.1: PME# supported from D0 D3hot D3cold
[    0.392667] pci 0000:00:02.0: [8086:0d26] type 00 class 0x030000
[    0.392676] pci 0000:00:02.0: reg 0x10: [mem 0xa0000000-0xa03fffff 64bit]
[    0.392680] pci 0000:00:02.0: reg 0x18: [mem 0x90000000-0x9fffffff 64bit pref]
[    0.392683] pci 0000:00:02.0: reg 0x20: [io  0x3000-0x303f]
[    0.392692] pci 0000:00:02.0: BAR 2: assigned to efifb
[    0.392741] pci 0000:00:03.0: [8086:0d0c] type 00 class 0x040300
[    0.392748] pci 0000:00:03.0: reg 0x10: [mem 0xa0c10000-0xa0c13fff 64bit]
[    0.392826] pci 0000:00:14.0: [8086:8c31] type 00 class 0x0c0330
[    0.392844] pci 0000:00:14.0: reg 0x10: [mem 0xa0c00000-0xa0c0ffff 64bit]
[    0.392894] pci 0000:00:14.0: PME# supported from D3hot D3cold
[    0.392971] pci 0000:00:16.0: [8086:8c3a] type 00 class 0x078000
[    0.392990] pci 0000:00:16.0: reg 0x10: [mem 0xa0c19100-0xa0c1910f 64bit]
[    0.393042] pci 0000:00:16.0: PME# supported from D0 D3hot D3cold
[    0.393098] pci 0000:00:1b.0: [8086:8c20] type 00 class 0x040300
[    0.393115] pci 0000:00:1b.0: reg 0x10: [mem 0xa0c14000-0xa0c17fff 64bit]
[    0.393173] pci 0000:00:1b.0: PME# supported from D0 D3hot D3cold
[    0.393222] pci 0000:00:1c.0: [8086:8c10] type 01 class 0x060400
[    0.393264] pci 0000:00:1c.0: claimed MacBook Pro poweroff workaround [mem 0x7fa00000-0x7fbfffff]
[    0.393310] pci 0000:00:1c.0: PME# supported from D0 D3hot D3cold
[    0.393371] pci 0000:00:1c.2: [8086:8c14] type 01 class 0x060400
[    0.393439] pci 0000:00:1c.2: PME# supported from D0 D3hot D3cold
[    0.393497] pci 0000:00:1c.3: [8086:8c16] type 01 class 0x060400
[    0.393566] pci 0000:00:1c.3: PME# supported from D0 D3hot D3cold
[    0.393628] pci 0000:00:1f.0: [8086:8c4b] type 00 class 0x060100
[    0.393762] pci 0000:00:1f.3: [8086:8c22] type 00 class 0x0c0500
[    0.393777] pci 0000:00:1f.3: reg 0x10: [mem 0xa0c19000-0xa0c190ff 64bit]
[    0.393794] pci 0000:00:1f.3: reg 0x20: [io  0xefa0-0xefbf]
[    0.393852] pci 0000:00:1f.6: [8086:8c24] type 00 class 0x118000
[    0.393870] pci 0000:00:1f.6: reg 0x10: [mem 0xa0c18000-0xa0c18fff 64bit]
[    0.394020] pci 0000:01:00.0: [144d:a801] type 00 class 0x010601
[    0.394054] pci 0000:01:00.0: reg 0x24: [mem 0xa0b00000-0xa0b01fff]
[    0.394179] pci 0000:00:01.0: PCI bridge to [bus 01]
[    0.394182] pci 0000:00:01.0:   bridge window [mem 0xa0b00000-0xa0bfffff]
[    0.394230] pci 0000:05:00.0: [8086:156d] type 01 class 0x060400
[    0.394310] pci 0000:05:00.0: supports D1 D2
[    0.394311] pci 0000:05:00.0: PME# supported from D0 D1 D2 D3hot D3cold
[    0.394397] pci 0000:00:01.1: PCI bridge to [bus 05-9b]
[    0.394399] pci 0000:00:01.1:   bridge window [io  0x4000-0x6fff]
[    0.394401] pci 0000:00:01.1:   bridge window [mem 0xa0d00000-0xacdfffff]
[    0.394403] pci 0000:00:01.1:   bridge window [mem 0xace00000-0xb8dfffff 64bit pref]
[    0.394484] pci 0000:06:00.0: [8086:156d] type 01 class 0x060400
[    0.394571] pci 0000:06:00.0: supports D1 D2
[    0.394572] pci 0000:06:00.0: PME# supported from D0 D1 D2 D3hot D3cold
[    0.394633] pci 0000:06:03.0: [8086:156d] type 01 class 0x060400
[    0.394720] pci 0000:06:03.0: supports D1 D2
[    0.394721] pci 0000:06:03.0: PME# supported from D0 D1 D2 D3hot D3cold
[    0.394779] pci 0000:06:04.0: [8086:156d] type 01 class 0x060400
[    0.394865] pci 0000:06:04.0: supports D1 D2
[    0.394866] pci 0000:06:04.0: PME# supported from D0 D1 D2 D3hot D3cold
[    0.394925] pci 0000:06:05.0: [8086:156d] type 01 class 0x060400
[    0.395011] pci 0000:06:05.0: supports D1 D2
[    0.395012] pci 0000:06:05.0: PME# supported from D0 D1 D2 D3hot D3cold
[    0.395070] pci 0000:06:06.0: [8086:156d] type 01 class 0x060400
[    0.395156] pci 0000:06:06.0: supports D1 D2
[    0.395157] pci 0000:06:06.0: PME# supported from D0 D1 D2 D3hot D3cold
[    0.395226] pci 0000:05:00.0: PCI bridge to [bus 06-6b]
[    0.395229] pci 0000:05:00.0:   bridge window [io  0x4000-0x5fff]
[    0.395232] pci 0000:05:00.0:   bridge window [mem 0xa0d00000-0xa8dfffff]
[    0.395235] pci 0000:05:00.0:   bridge window [mem 0xace00000-0xb4dfffff 64bit pref]
[    0.395283] pci 0000:07:00.0: [8086:156c] type 00 class 0x088000
[    0.395307] pci 0000:07:00.0: reg 0x10: [mem 0xa0d00000-0xa0d3ffff]
[    0.395316] pci 0000:07:00.0: reg 0x14: [mem 0xa0d40000-0xa0d40fff]
[    0.395435] pci 0000:07:00.0: supports D1 D2
[    0.395436] pci 0000:07:00.0: PME# supported from D0 D1 D2 D3hot D3cold
[    0.395578] pci 0000:06:00.0: PCI bridge to [bus 07]
[    0.395583] pci 0000:06:00.0:   bridge window [mem 0xa0d00000-0xa0dfffff]
[    0.395638] pci 0000:06:03.0: PCI bridge to [bus 08-38]
[    0.395642] pci 0000:06:03.0:   bridge window [io  0x4000-0x4fff]
[    0.395644] pci 0000:06:03.0:   bridge window [mem 0xa0e00000-0xa4dfffff]
[    0.395648] pci 0000:06:03.0:   bridge window [mem 0xace00000-0xb0dfffff 64bit pref]
[    0.395698] pci 0000:06:04.0: PCI bridge to [bus 39]
[    0.395754] pci 0000:06:05.0: PCI bridge to [bus 3a-6a]
[    0.395758] pci 0000:06:05.0:   bridge window [io  0x5000-0x5fff]
[    0.395760] pci 0000:06:05.0:   bridge window [mem 0xa4e00000-0xa8dfffff]
[    0.395764] pci 0000:06:05.0:   bridge window [mem 0xb0e00000-0xb4dfffff 64bit pref]
[    0.395790] pci 0000:06:06.0: PCI bridge to [bus 6b]
[    0.395856] pci 0000:00:1c.0: PCI bridge to [bus 02]
[    0.395952] pci 0000:03:00.0: [14e4:43ba] type 00 class 0x028000
[    0.396017] pci 0000:03:00.0: reg 0x10: [mem 0xa0800000-0xa0807fff 64bit]
[    0.396043] pci 0000:03:00.0: reg 0x18: [mem 0xa0400000-0xa07fffff 64bit]
[    0.396249] pci 0000:03:00.0: supports D1 D2
[    0.396250] pci 0000:03:00.0: PME# supported from D0 D1 D2 D3hot D3cold
[    0.396482] pci 0000:00:1c.2: PCI bridge to [bus 03]
[    0.396487] pci 0000:00:1c.2:   bridge window [mem 0xa0400000-0xa08fffff]
[    0.396548] pci 0000:04:00.0: [14e4:1570] type 00 class 0x048000
[    0.396580] pci 0000:04:00.0: reg 0x10: [mem 0xa0a00000-0xa0a0ffff 64bit]
[    0.396594] pci 0000:04:00.0: reg 0x18: [mem 0x80000000-0x8fffffff 64bit pref]
[    0.396628] pci 0000:04:00.0: reg 0x20: [mem 0xa0900000-0xa09fffff 64bit]
[    0.396718] pci 0000:04:00.0: supports D1
[    0.396719] pci 0000:04:00.0: PME# supported from D0 D3hot
[    0.396833] pci 0000:00:1c.3: PCI bridge to [bus 04]
[    0.396839] pci 0000:00:1c.3:   bridge window [mem 0xa0900000-0xa0afffff]
[    0.396844] pci 0000:00:1c.3:   bridge window [mem 0x80000000-0x8fffffff 64bit pref]
[    0.397766] ACPI: PCI Interrupt Link [LNKA] (IRQs 1 3 4 5 6 7 10 12 14 15) *0, disabled.
[    0.397814] ACPI: PCI Interrupt Link [LNKB] (IRQs 1 3 4 5 6 7 11 12 14 15) *0, disabled.
[    0.397855] ACPI: PCI Interrupt Link [LNKC] (IRQs 1 3 4 5 6 7 10 12 14 15) *0, disabled.
[    0.397896] ACPI: PCI Interrupt Link [LNKD] (IRQs 1 3 4 5 6 7 11 12 14 15) *0, disabled.
[    0.397941] ACPI: PCI Interrupt Link [LNKE] (IRQs 1 3 4 5 6 7 10 12 14 15) *0, disabled.
[    0.397982] ACPI: PCI Interrupt Link [LNKF] (IRQs 1 3 4 5 6 7 11 12 14 15) *0, disabled.
[    0.398023] ACPI: PCI Interrupt Link [LNKG] (IRQs 1 3 4 5 6 7 10 12 14 15) *0, disabled.
[    0.398068] ACPI: PCI Interrupt Link [LNKH] (IRQs 1 3 4 5 6 7 11 12 14 15) *0, disabled.
[    0.398213] ACPI: EC: interrupt unblocked
[    0.398232] ACPI: EC: event unblocked
[    0.398237] ACPI: \_SB_.PCI0.LPCB.EC__: GPE=0x17, EC_CMD/EC_SC=0x66, EC_DATA=0x62
[    0.398238] ACPI: \_SB_.PCI0.LPCB.EC__: Used as boot DSDT EC to handle transactions and events
[    0.398283] pci 0000:00:02.0: vgaarb: setting as boot VGA device
[    0.398283] pci 0000:00:02.0: vgaarb: VGA device added: decodes=io+mem,owns=io+mem,locks=none
[    0.398283] pci 0000:00:02.0: vgaarb: bridge control possible
[    0.398283] vgaarb: loaded
[    0.398343] SCSI subsystem initialized
[    0.398353] libata version 3.00 loaded.
[    0.398353] ACPI: bus type USB registered
[    0.398353] usbcore: registered new interface driver usbfs
[    0.398353] usbcore: registered new interface driver hub
[    0.398353] usbcore: registered new device driver usb
[    0.398353] pps_core: LinuxPPS API ver. 1 registered
[    0.398353] pps_core: Software ver. 5.3.6 - Copyright 2005-2007 Rodolfo Giometti <giometti@linux.it>
[    0.398353] PTP clock support registered
[    0.398355] EDAC MC: Ver: 3.0.0
[    0.398377] Registered efivars operations
[    0.502138] PCI: Using ACPI for IRQ routing
[    0.504569] PCI: pci_cache_line_size set to 64 bytes
[    0.504704] e820: reserve RAM buffer [mem 0x00058000-0x0005ffff]
[    0.504705] e820: reserve RAM buffer [mem 0x66282710-0x67ffffff]
[    0.504706] e820: reserve RAM buffer [mem 0x78d01000-0x7bffffff]
[    0.504707] e820: reserve RAM buffer [mem 0x78d5d000-0x7bffffff]
[    0.504708] e820: reserve RAM buffer [mem 0x78e3a000-0x7bffffff]
[    0.504709] e820: reserve RAM buffer [mem 0x78ecc000-0x7bffffff]
[    0.504710] e820: reserve RAM buffer [mem 0x78f85000-0x7bffffff]
[    0.504710] e820: reserve RAM buffer [mem 0x79000000-0x7bffffff]
[    0.504711] e820: reserve RAM buffer [mem 0x47f600000-0x47fffffff]
[    0.505271] NetLabel: Initializing
[    0.505271] NetLabel:  domain hash size = 128
[    0.505271] NetLabel:  protocols = UNLABELED CIPSOv4 CALIPSO
[    0.505271] NetLabel:  unlabeled traffic allowed by default
[    0.505343] hpet0: at MMIO 0xfed00000, IRQs 2, 8, 0, 0, 0, 0, 0, 0
[    0.505346] hpet0: 8 comparators, 64-bit 14.318180 MHz counter
[    0.507289] clocksource: Switched to clocksource tsc-early
[    0.516782] VFS: Disk quotas dquot_6.6.0
[    0.516796] VFS: Dquot-cache hash table entries: 512 (order 0, 4096 bytes)
[    0.516842] pnp: PnP ACPI init
[    0.517505] system 00:00: [mem 0xfed00000-0xfed03fff] has been reserved
[    0.517509] system 00:00: Plug and Play ACPI device, IDs PNP0103 PNP0c01 (active)
[    0.517543] system 00:01: [io  0xffff] has been reserved
[    0.517544] system 00:01: [io  0x1800-0x187f] has been reserved
[    0.517545] system 00:01: [io  0x0800-0x087f] has been reserved
[    0.517548] system 00:01: Plug and Play ACPI device, IDs PNP0c02 (active)
[    0.517559] pnp 00:02: Plug and Play ACPI device, IDs PNP0b00 (active)
[    0.517604] pnp 00:03: Plug and Play ACPI device, IDs APP000b (active)
[    0.517704] system 00:04: [mem 0xfed1c000-0xfed1ffff] has been reserved
[    0.517705] system 00:04: [mem 0xfed10000-0xfed17fff] has been reserved
[    0.517706] system 00:04: [mem 0xfed18000-0xfed18fff] has been reserved
[    0.517707] system 00:04: [mem 0xfed19000-0xfed19fff] has been reserved
[    0.517709] system 00:04: [mem 0xe0000000-0xefffffff] could not be reserved
[    0.517710] system 00:04: [mem 0xfed20000-0xfed3ffff] has been reserved
[    0.517711] system 00:04: [mem 0xfed90000-0xfed93fff] could not be reserved
[    0.517712] system 00:04: [mem 0xfed45000-0xfed8ffff] has been reserved
[    0.517713] system 00:04: [mem 0xff000000-0xffffffff] could not be reserved
[    0.517714] system 00:04: [mem 0xfee00000-0xfeefffff] has been reserved
[    0.517717] system 00:04: Plug and Play ACPI device, IDs PNP0c02 (active)
[    0.517753] system 00:05: [mem 0x20000000-0x201fffff] could not be reserved
[    0.517754] system 00:05: [mem 0x40000000-0x401fffff] could not be reserved
[    0.517757] system 00:05: Plug and Play ACPI device, IDs PNP0c01 (active)
[    0.517869] pnp: PnP ACPI: found 6 devices
[    0.518683] pci 0000:07:00.0: assigning 8 device properties
[    0.518692] pci 0000:00:1b.0: assigning 4 device properties
[    0.518697] pci 0000:00:02.0: assigning 2 device properties
[    0.523267] clocksource: acpi_pm: mask: 0xffffff max_cycles: 0xffffff, max_idle_ns: 2085701024 ns
[    0.523301] pci 0000:06:00.0: bridge window [io  0x1000-0x0fff] to [bus 07] add_size 1000
[    0.523303] pci 0000:06:00.0: bridge window [mem 0x00100000-0x000fffff 64bit pref] to [bus 07] add_size 200000 add_align 100000
[    0.523314] pci 0000:06:04.0: bridge window [io  0x1000-0x0fff] to [bus 39] add_size 1000
[    0.523315] pci 0000:06:04.0: bridge window [mem 0x00100000-0x000fffff 64bit pref] to [bus 39] add_size 200000 add_align 100000
[    0.523316] pci 0000:06:04.0: bridge window [mem 0x00100000-0x000fffff] to [bus 39] add_size 200000 add_align 100000
[    0.523327] pci 0000:06:06.0: bridge window [io  0x1000-0x0fff] to [bus 6b] add_size 1000
[    0.523328] pci 0000:06:06.0: bridge window [mem 0x00100000-0x000fffff 64bit pref] to [bus 6b] add_size 200000 add_align 100000
[    0.523329] pci 0000:06:06.0: bridge window [mem 0x00100000-0x000fffff] to [bus 6b] add_size 200000 add_align 100000
[    0.523347] pci 0000:00:1c.0: bridge window [io  0x1000-0x0fff] to [bus 02] add_size 1000
[    0.523348] pci 0000:00:1c.0: bridge window [mem 0x00100000-0x000fffff 64bit pref] to [bus 02] add_size 200000 add_align 100000
[    0.523350] pci 0000:00:1c.0: bridge window [mem 0x00100000-0x000fffff] to [bus 02] add_size 200000 add_align 100000
[    0.523369] pci 0000:00:1c.0: BAR 14: assigned [mem 0x7fc00000-0x7fdfffff]
[    0.523376] pci 0000:00:1c.0: BAR 15: assigned [mem 0x7fe00000-0x7fffffff 64bit pref]
[    0.523378] pci 0000:00:1c.0: BAR 13: assigned [io  0x2000-0x2fff]
[    0.523380] pci 0000:00:01.0: PCI bridge to [bus 01]
[    0.523382] pci 0000:00:01.0:   bridge window [mem 0xa0b00000-0xa0bfffff]
[    0.523388] pci 0000:06:00.0: BAR 15: no space for [mem size 0x00200000 64bit pref]
[    0.523390] pci 0000:06:00.0: BAR 15: failed to assign [mem size 0x00200000 64bit pref]
[    0.523391] pci 0000:06:04.0: BAR 14: no space for [mem size 0x00200000]
[    0.523392] pci 0000:06:04.0: BAR 14: failed to assign [mem size 0x00200000]
[    0.523394] pci 0000:06:04.0: BAR 15: no space for [mem size 0x00200000 64bit pref]
[    0.523394] pci 0000:06:04.0: BAR 15: failed to assign [mem size 0x00200000 64bit pref]
[    0.523396] pci 0000:06:06.0: BAR 14: no space for [mem size 0x00200000]
[    0.523397] pci 0000:06:06.0: BAR 14: failed to assign [mem size 0x00200000]
[    0.523398] pci 0000:06:06.0: BAR 15: no space for [mem size 0x00200000 64bit pref]
[    0.523399] pci 0000:06:06.0: BAR 15: failed to assign [mem size 0x00200000 64bit pref]
[    0.523400] pci 0000:06:00.0: BAR 13: no space for [io  size 0x1000]
[    0.523401] pci 0000:06:00.0: BAR 13: failed to assign [io  size 0x1000]
[    0.523402] pci 0000:06:04.0: BAR 13: no space for [io  size 0x1000]
[    0.523403] pci 0000:06:04.0: BAR 13: failed to assign [io  size 0x1000]
[    0.523404] pci 0000:06:06.0: BAR 13: no space for [io  size 0x1000]
[    0.523405] pci 0000:06:06.0: BAR 13: failed to assign [io  size 0x1000]
[    0.523407] pci 0000:06:06.0: BAR 14: no space for [mem size 0x00200000]
[    0.523408] pci 0000:06:06.0: BAR 14: failed to assign [mem size 0x00200000]
[    0.523410] pci 0000:06:06.0: BAR 15: no space for [mem size 0x00200000 64bit pref]
[    0.523411] pci 0000:06:06.0: BAR 15: failed to assign [mem size 0x00200000 64bit pref]
[    0.523412] pci 0000:06:06.0: BAR 13: no space for [io  size 0x1000]
[    0.523413] pci 0000:06:06.0: BAR 13: failed to assign [io  size 0x1000]
[    0.523414] pci 0000:06:04.0: BAR 14: no space for [mem size 0x00200000]
[    0.523415] pci 0000:06:04.0: BAR 14: failed to assign [mem size 0x00200000]
[    0.523416] pci 0000:06:04.0: BAR 15: no space for [mem size 0x00200000 64bit pref]
[    0.523417] pci 0000:06:04.0: BAR 15: failed to assign [mem size 0x00200000 64bit pref]
[    0.523418] pci 0000:06:04.0: BAR 13: no space for [io  size 0x1000]
[    0.523419] pci 0000:06:04.0: BAR 13: failed to assign [io  size 0x1000]
[    0.523421] pci 0000:06:00.0: BAR 15: no space for [mem size 0x00200000 64bit pref]
[    0.523422] pci 0000:06:00.0: BAR 15: failed to assign [mem size 0x00200000 64bit pref]
[    0.523423] pci 0000:06:00.0: BAR 13: no space for [io  size 0x1000]
[    0.523424] pci 0000:06:00.0: BAR 13: failed to assign [io  size 0x1000]
[    0.523425] pci 0000:06:00.0: PCI bridge to [bus 07]
[    0.523428] pci 0000:06:00.0:   bridge window [mem 0xa0d00000-0xa0dfffff]
[    0.523434] pci 0000:06:03.0: PCI bridge to [bus 08-38]
[    0.523436] pci 0000:06:03.0:   bridge window [io  0x4000-0x4fff]
[    0.523439] pci 0000:06:03.0:   bridge window [mem 0xa0e00000-0xa4dfffff]
[    0.523441] pci 0000:06:03.0:   bridge window [mem 0xace00000-0xb0dfffff 64bit pref]
[    0.523445] pci 0000:06:04.0: PCI bridge to [bus 39]
[    0.523454] pci 0000:06:05.0: PCI bridge to [bus 3a-6a]
[    0.523455] pci 0000:06:05.0:   bridge window [io  0x5000-0x5fff]
[    0.523458] pci 0000:06:05.0:   bridge window [mem 0xa4e00000-0xa8dfffff]
[    0.523461] pci 0000:06:05.0:   bridge window [mem 0xb0e00000-0xb4dfffff 64bit pref]
[    0.523465] pci 0000:06:06.0: PCI bridge to [bus 6b]
[    0.523473] pci 0000:05:00.0: PCI bridge to [bus 06-6b]
[    0.523475] pci 0000:05:00.0:   bridge window [io  0x4000-0x5fff]
[    0.523478] pci 0000:05:00.0:   bridge window [mem 0xa0d00000-0xa8dfffff]
[    0.523480] pci 0000:05:00.0:   bridge window [mem 0xace00000-0xb4dfffff 64bit pref]
[    0.523484] pci 0000:00:01.1: PCI bridge to [bus 05-9b]
[    0.523485] pci 0000:00:01.1:   bridge window [io  0x4000-0x6fff]
[    0.523487] pci 0000:00:01.1:   bridge window [mem 0xa0d00000-0xacdfffff]
[    0.523489] pci 0000:00:01.1:   bridge window [mem 0xace00000-0xb8dfffff 64bit pref]
[    0.523491] pci 0000:00:1c.0: PCI bridge to [bus 02]
[    0.523498] pci 0000:00:1c.0:   bridge window [io  0x2000-0x2fff]
[    0.523502] pci 0000:00:1c.0:   bridge window [mem 0x7fc00000-0x7fdfffff]
[    0.523505] pci 0000:00:1c.0:   bridge window [mem 0x7fe00000-0x7fffffff 64bit pref]
[    0.523510] pci 0000:00:1c.2: PCI bridge to [bus 03]
[    0.523515] pci 0000:00:1c.2:   bridge window [mem 0xa0400000-0xa08fffff]
[    0.523522] pci 0000:00:1c.3: PCI bridge to [bus 04]
[    0.523526] pci 0000:00:1c.3:   bridge window [mem 0xa0900000-0xa0afffff]
[    0.523529] pci 0000:00:1c.3:   bridge window [mem 0x80000000-0x8fffffff 64bit pref]
[    0.523535] pci_bus 0000:00: resource 4 [io  0x0000-0x0cf7 window]
[    0.523536] pci_bus 0000:00: resource 5 [io  0x0d00-0xffff window]
[    0.523537] pci_bus 0000:00: resource 6 [mem 0x000a0000-0x000bffff window]
[    0.523538] pci_bus 0000:00: resource 7 [mem 0x000c0000-0x000c3fff window]
[    0.523539] pci_bus 0000:00: resource 8 [mem 0x000c4000-0x000c7fff window]
[    0.523539] pci_bus 0000:00: resource 9 [mem 0x000c8000-0x000cbfff window]
[    0.523540] pci_bus 0000:00: resource 10 [mem 0x000cc000-0x000cffff window]
[    0.523541] pci_bus 0000:00: resource 11 [mem 0x000d0000-0x000d3fff window]
[    0.523542] pci_bus 0000:00: resource 12 [mem 0x000d4000-0x000d7fff window]
[    0.523543] pci_bus 0000:00: resource 13 [mem 0x000d8000-0x000dbfff window]
[    0.523544] pci_bus 0000:00: resource 14 [mem 0x000dc000-0x000dffff window]
[    0.523545] pci_bus 0000:00: resource 15 [mem 0x000e0000-0x000e3fff window]
[    0.523546] pci_bus 0000:00: resource 16 [mem 0x000e4000-0x000e7fff window]
[    0.523547] pci_bus 0000:00: resource 17 [mem 0x000e8000-0x000ebfff window]
[    0.523548] pci_bus 0000:00: resource 18 [mem 0x000ec000-0x000effff window]
[    0.523549] pci_bus 0000:00: resource 19 [mem 0x000f0000-0x000fffff window]
[    0.523550] pci_bus 0000:00: resource 20 [mem 0x7fa00000-0xfeafffff window]
[    0.523551] pci_bus 0000:00: resource 21 [mem 0xfed40000-0xfed44fff window]
[    0.523552] pci_bus 0000:01: resource 1 [mem 0xa0b00000-0xa0bfffff]
[    0.523553] pci_bus 0000:05: resource 0 [io  0x4000-0x6fff]
[    0.523554] pci_bus 0000:05: resource 1 [mem 0xa0d00000-0xacdfffff]
[    0.523555] pci_bus 0000:05: resource 2 [mem 0xace00000-0xb8dfffff 64bit pref]
[    0.523556] pci_bus 0000:06: resource 0 [io  0x4000-0x5fff]
[    0.523557] pci_bus 0000:06: resource 1 [mem 0xa0d00000-0xa8dfffff]
[    0.523558] pci_bus 0000:06: resource 2 [mem 0xace00000-0xb4dfffff 64bit pref]
[    0.523559] pci_bus 0000:07: resource 1 [mem 0xa0d00000-0xa0dfffff]
[    0.523560] pci_bus 0000:08: resource 0 [io  0x4000-0x4fff]
[    0.523561] pci_bus 0000:08: resource 1 [mem 0xa0e00000-0xa4dfffff]
[    0.523562] pci_bus 0000:08: resource 2 [mem 0xace00000-0xb0dfffff 64bit pref]
[    0.523563] pci_bus 0000:3a: resource 0 [io  0x5000-0x5fff]
[    0.523564] pci_bus 0000:3a: resource 1 [mem 0xa4e00000-0xa8dfffff]
[    0.523565] pci_bus 0000:3a: resource 2 [mem 0xb0e00000-0xb4dfffff 64bit pref]
[    0.523566] pci_bus 0000:02: resource 0 [io  0x2000-0x2fff]
[    0.523567] pci_bus 0000:02: resource 1 [mem 0x7fc00000-0x7fdfffff]
[    0.523568] pci_bus 0000:02: resource 2 [mem 0x7fe00000-0x7fffffff 64bit pref]
[    0.523569] pci_bus 0000:03: resource 1 [mem 0xa0400000-0xa08fffff]
[    0.523570] pci_bus 0000:04: resource 1 [mem 0xa0900000-0xa0afffff]
[    0.523571] pci_bus 0000:04: resource 2 [mem 0x80000000-0x8fffffff 64bit pref]
[    0.523666] NET: Registered protocol family 2
[    0.523777] tcp_listen_portaddr_hash hash table entries: 8192 (order: 5, 131072 bytes)
[    0.523820] TCP established hash table entries: 131072 (order: 8, 1048576 bytes)
[    0.523967] TCP bind hash table entries: 65536 (order: 8, 1048576 bytes)
[    0.524083] TCP: Hash tables configured (established 131072 bind 65536)
[    0.524110] UDP hash table entries: 8192 (order: 6, 262144 bytes)
[    0.524145] UDP-Lite hash table entries: 8192 (order: 6, 262144 bytes)
[    0.524205] NET: Registered protocol family 1
[    0.524208] NET: Registered protocol family 44
[    0.524217] pci 0000:00:02.0: Video device with shadowed ROM at [mem 0x000c0000-0x000dffff]
[    0.524448] PCI: CLS 256 bytes, default 64
[    0.524476] Unpacking initramfs...
[    1.664485] Freeing initrd memory: 92880K
[    1.670317] PCI-DMA: Using software bounce buffering for IO (SWIOTLB)
[    1.670321] software IO TLB: mapped [mem 0x5f070000-0x63070000] (64MB)
[    1.673422] Initialise system trusted keyrings
[    1.673436] Key type blacklist registered
[    1.673470] workingset: timestamp_bits=36 max_order=22 bucket_order=0
[    1.674567] zbud: loaded
[    1.806385] alg: No test for 842 (842-generic)
[    1.806964] alg: No test for 842 (842-scomp)
[    1.827964] NET: Registered protocol family 38
[    1.827966] Key type asymmetric registered
[    1.827967] Asymmetric key parser 'x509' registered
[    1.827977] Block layer SCSI generic (bsg) driver version 0.4 loaded (major 243)
[    1.828003] io scheduler mq-deadline registered
[    1.828060] atomic64_test: passed for x86-64 platform with CX8 and with SSE
[    1.828450] pciehp 0000:00:1c.0:pcie004: Slot #0 AttnBtn- PwrCtrl- MRL- AttnInd- PwrInd- HotPlug+ Surprise+ Interlock- NoCompl+ LLActRep+
[    1.829051] pciehp 0000:06:00.0:pcie204: Slot #0 AttnBtn- PwrCtrl- MRL- AttnInd- PwrInd- HotPlug+ Surprise+ Interlock- NoCompl+ LLActRep+
[    1.829243] pciehp 0000:06:03.0:pcie204: Slot #3 AttnBtn- PwrCtrl- MRL- AttnInd- PwrInd- HotPlug+ Surprise+ Interlock- NoCompl+ LLActRep+
[    1.829439] pciehp 0000:06:04.0:pcie204: Slot #4 AttnBtn- PwrCtrl- MRL- AttnInd- PwrInd- HotPlug+ Surprise+ Interlock- NoCompl+ LLActRep+
[    1.829627] pciehp 0000:06:05.0:pcie204: Slot #5 AttnBtn- PwrCtrl- MRL- AttnInd- PwrInd- HotPlug+ Surprise+ Interlock- NoCompl+ LLActRep+
[    1.829800] pciehp 0000:06:06.0:pcie204: Slot #6 AttnBtn- PwrCtrl- MRL- AttnInd- PwrInd- HotPlug+ Surprise+ Interlock- NoCompl+ LLActRep+
[    1.829886] shpchp: Standard Hot Plug PCI Controller Driver version: 0.4
[    1.829904] efifb: probing for efifb
[    1.829918] efifb: No BGRT, not showing boot graphics
[    1.829919] efifb: framebuffer at 0x90000000, using 20700k, total 20700k
[    1.829920] efifb: mode is 2880x1800x32, linelength=11776, pages=1
[    1.829920] efifb: scrolling: redraw
[    1.829922] efifb: Truecolor: size=8:8:8:8, shift=24:16:8:0
[    1.829955] fbcon: Deferring console take-over
[    1.829956] fb0: EFI VGA frame buffer device
[    1.829963] intel_idle: MWAIT substates: 0x42120
[    1.829964] intel_idle: v0.4.1 model 0x46
[    1.830240] intel_idle: lapic_timer_reliable_states 0xffffffff
[    1.830352] ACPI: AC Adapter [ADP1] (on-line)
[    1.830406] input: Lid Switch as /devices/LNXSYSTM:00/LNXSYBUS:00/PNP0C0D:00/input/input0
[    1.830430] ACPI: Lid Switch [LID0]
[    1.830469] input: Power Button as /devices/LNXSYSTM:00/LNXSYBUS:00/PNP0C0C:00/input/input1
[    1.830477] ACPI: Power Button [PWRB]
[    1.830500] input: Sleep Button as /devices/LNXSYSTM:00/LNXSYBUS:00/PNP0C0E:00/input/input2
[    1.830505] ACPI: Sleep Button [SLPB]
[    1.830527] input: Power Button as /devices/LNXSYSTM:00/LNXPWRBN:00/input/input3
[    1.830598] ACPI: Power Button [PWRF]
[    1.831522] Serial: 8250/16550 driver, 32 ports, IRQ sharing enabled
[    1.832917] Non-volatile memory driver v1.3
[    1.832941] Linux agpgart interface v0.103
[    1.833650] ahci 0000:01:00.0: version 3.0
[    1.864303] ahci 0000:01:00.0: AHCI 0001.0300 32 slots 1 ports 6 Gbps 0x1 impl SATA mode
[    1.864307] ahci 0000:01:00.0: flags: 64bit ncq led clo only pio ccc 
[    1.864748] scsi host0: ahci
[    1.864842] ata1: SATA max UDMA/133 abar m8192@0xa0b00000 port 0xa0b00100 irq 33
[    1.864926] libphy: Fixed MDIO Bus: probed
[    1.865068] ehci_hcd: USB 2.0 'Enhanced' Host Controller (EHCI) Driver
[    1.865073] ehci-pci: EHCI PCI platform driver
[    1.865089] ohci_hcd: USB 1.1 'Open' Host Controller (OHCI) Driver
[    1.865091] ohci-pci: OHCI PCI platform driver
[    1.865102] uhci_hcd: USB Universal Host Controller Interface driver
[    1.865292] xhci_hcd 0000:00:14.0: xHCI Host Controller
[    1.865420] xhci_hcd 0000:00:14.0: new USB bus registered, assigned bus number 1
[    1.866497] xhci_hcd 0000:00:14.0: hcc params 0x200077c1 hci version 0x100 quirks 0x0000000000009810
[    1.866503] xhci_hcd 0000:00:14.0: cache line size of 256 is not supported
[    1.866682] usb usb1: New USB device found, idVendor=1d6b, idProduct=0002, bcdDevice= 5.00
[    1.866684] usb usb1: New USB device strings: Mfr=3, Product=2, SerialNumber=1
[    1.866685] usb usb1: Product: xHCI Host Controller
[    1.866686] usb usb1: Manufacturer: Linux 5.0.0-rc8+ xhci-hcd
[    1.866687] usb usb1: SerialNumber: 0000:00:14.0
[    1.866866] hub 1-0:1.0: USB hub found
[    1.866888] hub 1-0:1.0: 14 ports detected
[    1.867214] xhci_hcd 0000:00:14.0: xHCI Host Controller
[    1.867262] xhci_hcd 0000:00:14.0: new USB bus registered, assigned bus number 2
[    1.867265] xhci_hcd 0000:00:14.0: Host supports USB 3.0  SuperSpeed
[    1.867331] usb usb2: New USB device found, idVendor=1d6b, idProduct=0003, bcdDevice= 5.00
[    1.867332] usb usb2: New USB device strings: Mfr=3, Product=2, SerialNumber=1
[    1.867333] usb usb2: Product: xHCI Host Controller
[    1.867334] usb usb2: Manufacturer: Linux 5.0.0-rc8+ xhci-hcd
[    1.867335] usb usb2: SerialNumber: 0000:00:14.0
[    1.867416] hub 2-0:1.0: USB hub found
[    1.867432] hub 2-0:1.0: 6 ports detected
[    1.867466] usb: port power management may be unreliable
[    1.867593] usbcore: registered new interface driver usbserial_generic
[    1.867596] usbserial: USB Serial support registered for generic
[    1.867614] i8042: PNP: No PS/2 controller found.
[    1.867657] mousedev: PS/2 mouse device common for all mice
[    1.867808] rtc_cmos 00:02: RTC can wake from S4
[    1.867937] rtc_cmos 00:02: registered as rtc0
[    1.867938] rtc_cmos 00:02: alarms up to one month, y3k, 242 bytes nvram, hpet irqs
[    1.867999] device-mapper: uevent: version 1.0.3
[    1.868033] device-mapper: ioctl: 4.39.0-ioctl (2018-04-03) initialised: dm-devel@redhat.com
[    1.868092] intel_pstate: Intel P-state driver initializing
[    1.868564] hidraw: raw HID events driver (C) Jiri Kosina
[    1.868643] usbcore: registered new interface driver usbhid
[    1.868644] usbhid: USB HID core driver
[    1.868918] drop_monitor: Initializing network drop monitor service
[    1.869221] Initializing XFRM netlink socket
[    1.869512] NET: Registered protocol family 10
[    1.878743] Segment Routing with IPv6
[    1.878791] mip6: Mobile IPv6
[    1.878796] NET: Registered protocol family 17
[    1.880440] RAS: Correctable Errors collector initialized.
[    1.880534] microcode: sig=0x40661, pf=0x20, revision=0x1a
[    1.880807] microcode: Microcode Update Driver: v2.2.
[    1.880827] AVX2 version of gcm_enc/dec engaged.
[    1.880828] AES CTR mode by8 optimization enabled
[    1.916858] sched_clock: Marking stable (1916576159, 248122)->(2000381423, -83557142)
[    1.917119] registered taskstats version 1
[    1.917126] Loading compiled-in X.509 certificates
[    1.947050] Loaded X.509 cert 'Build time autogenerated kernel key: 307e4e8a55fe74f83f10b61aeadbf24a5fc6325b'
[    1.947072] zswap: loaded using pool lzo/zbud
[    1.952596] Key type big_key registered
[    1.954969] Key type encrypted registered
[    1.954976] ima: No TPM chip found, activating TPM-bypass!
[    1.954981] ima: Allocated hash algorithm: sha1
[    1.954985] No architecture policies found
[    1.955436]   Magic number: 7:866:953
[    1.955515] memory memory6: hash matches
[    1.955561] rtc_cmos 00:02: setting system clock to 2019-02-25T20:55:29 UTC (1551128129)
[    2.185348] usb 1-8: new full-speed USB device number 2 using xhci_hcd
[    2.197966] ata1: SATA link up 6.0 Gbps (SStatus 133 SControl 300)
[    2.199936] ata1.00: unexpected _GTF length (8)
[    2.200167] ata1.00: ATA-8: APPLE SSD SM0256G, BXW1SA0Q, max UDMA/133
[    2.200169] ata1.00: 490234752 sectors, multi 16: LBA48 NCQ (depth 32), AA
[    2.200597] ata1.00: unexpected _GTF length (8)
[    2.200823] ata1.00: configured for UDMA/133
[    2.201063] scsi 0:0:0:0: Direct-Access     ATA      APPLE SSD SM0256 SA0Q PQ: 0 ANSI: 5
[    2.201332] sd 0:0:0:0: Attached scsi generic sg0 type 0
[    2.201438] sd 0:0:0:0: [sda] 490234752 512-byte logical blocks: (251 GB/234 GiB)
[    2.201441] sd 0:0:0:0: [sda] 4096-byte physical blocks
[    2.201486] sd 0:0:0:0: [sda] Write Protect is off
[    2.201489] sd 0:0:0:0: [sda] Mode Sense: 00 3a 00 00
[    2.201589] sd 0:0:0:0: [sda] Write cache: enabled, read cache: enabled, doesn't support DPO or FUA
[    2.203265]  sda: sda1 sda2 sda3 sda4
[    2.203852] sd 0:0:0:0: [sda] Attached SCSI disk
[    2.204857] Freeing unused decrypted memory: 2040K
[    2.205170] Freeing unused kernel image memory: 2152K
[    2.215355] Write protecting the kernel read-only data: 18432k
[    2.215877] Freeing unused kernel image memory: 2020K
[    2.215967] Freeing unused kernel image memory: 68K
[    2.223213] x86/mm: Checked W+X mappings: passed, no W+X pages found.
[    2.223217] rodata_test: all tests were successful
[    2.223218] x86/mm: Checking user space page tables
[    2.229869] x86/mm: Checked W+X mappings: passed, no W+X pages found.
[    2.229873] Run /init as init process
[    2.313218] usb 1-8: New USB device found, idVendor=05ac, idProduct=8290, bcdDevice= 1.61
[    2.313219] usb 1-8: New USB device strings: Mfr=1, Product=2, SerialNumber=0
[    2.313220] usb 1-8: Product: Bluetooth USB Host Controller
[    2.313221] usb 1-8: Manufacturer: Broadcom Corp.
[    2.315959] input: Broadcom Corp. Bluetooth USB Host Controller as /devices/pci0000:00/0000:00:14.0/usb1/1-8/1-8:1.0/0003:05AC:8290.0001/input/input4
[    2.367525] hid-generic 0003:05AC:8290.0001: input,hidraw0: USB HID v1.11 Keyboard [Broadcom Corp. Bluetooth USB Host Controller] on usb-0000:00:14.0-8/input0
[    2.367952] input: Broadcom Corp. Bluetooth USB Host Controller as /devices/pci0000:00/0000:00:14.0/usb1/1-8/1-8:1.1/0003:05AC:8290.0002/input/input5
[    2.368067] hid-generic 0003:05AC:8290.0002: input,hidraw1: USB HID v1.11 Mouse [Broadcom Corp. Bluetooth USB Host Controller] on usb-0000:00:14.0-8/input1
[    2.425449] usb 2-4: new SuperSpeed Gen 1 USB device number 2 using xhci_hcd
[    2.437156] systemd[1]: systemd 239 running in system mode. (+PAM +AUDIT +SELINUX +IMA -APPARMOR +SMACK +SYSVINIT +UTMP +LIBCRYPTSETUP +GCRYPT +GNUTLS +ACL +XZ +LZ4 +SECCOMP +BLKID +ELFUTILS +KMOD +IDN2 -IDN +PCRE2 default-hierarchy=hybrid)
[    2.439897] usb 2-4: New USB device found, idVendor=05ac, idProduct=8406, bcdDevice= 8.20
[    2.439900] usb 2-4: New USB device strings: Mfr=3, Product=4, SerialNumber=5
[    2.439902] usb 2-4: Product: Card Reader
[    2.439904] usb 2-4: Manufacturer: Apple
[    2.439905] usb 2-4: SerialNumber: 000000000820
[    2.448432] systemd[1]: Detected architecture x86-64.
[    2.448435] systemd[1]: Running in initial RAM disk.
[    2.451653] systemd[1]: Set hostname to <im-mac>.
[    2.504464] systemd[1]: Created slice system-systemd\x2dcryptsetup.slice.
[    2.504576] systemd[1]: Listening on Journal Socket.
[    2.504661] systemd[1]: Listening on Journal Audit Socket.
[    2.505249] systemd[1]: Starting Create list of required static device nodes for the current kernel...
[    2.505351] systemd[1]: Listening on Journal Socket (/dev/log).
[    2.505431] systemd[1]: Listening on udev Kernel Socket.
[    2.552303] usb 1-12: new full-speed USB device number 3 using xhci_hcd
[    2.554728] audit: type=1130 audit(1551128130.097:2): pid=1 uid=0 auid=4294967295 ses=4294967295 subj=kernel msg='unit=systemd-journald comm="systemd" exe="/usr/lib/systemd/systemd" hostname=? addr=? terminal=? res=success'
[    2.556829] audit: type=1130 audit(1551128130.099:3): pid=1 uid=0 auid=4294967295 ses=4294967295 subj=kernel msg='unit=systemd-vconsole-setup comm="systemd" exe="/usr/lib/systemd/systemd" hostname=? addr=? terminal=? res=success'
[    2.556831] audit: type=1131 audit(1551128130.099:4): pid=1 uid=0 auid=4294967295 ses=4294967295 subj=kernel msg='unit=systemd-vconsole-setup comm="systemd" exe="/usr/lib/systemd/systemd" hostname=? addr=? terminal=? res=success'
[    2.681078] usb 1-12: New USB device found, idVendor=05ac, idProduct=0274, bcdDevice= 6.24
[    2.681081] usb 1-12: New USB device strings: Mfr=1, Product=2, SerialNumber=3
[    2.681083] usb 1-12: Product: Apple Internal Keyboard / Trackpad
[    2.681084] usb 1-12: Manufacturer: Apple Inc.
[    2.681085] usb 1-12: SerialNumber: D3H61830CG1FTV4A16PF
[    2.687310] tsc: Refined TSC clocksource calibration: 2194.907 MHz
[    2.687317] clocksource: tsc: mask: 0xffffffffffffffff max_cycles: 0x1fa367be724, max_idle_ns: 440795227810 ns
[    2.687338] clocksource: Switched to clocksource tsc
[    2.726719] audit: type=1130 audit(1551128130.269:5): pid=1 uid=0 auid=4294967295 ses=4294967295 subj=kernel msg='unit=dracut-cmdline comm="systemd" exe="/usr/lib/systemd/systemd" hostname=? addr=? terminal=? res=success'
[    2.758188] audit: type=1130 audit(1551128130.300:6): pid=1 uid=0 auid=4294967295 ses=4294967295 subj=kernel msg='unit=dracut-pre-udev comm="systemd" exe="/usr/lib/systemd/systemd" hostname=? addr=? terminal=? res=success'
[    2.775736] audit: type=1130 audit(1551128130.318:7): pid=1 uid=0 auid=4294967295 ses=4294967295 subj=kernel msg='unit=systemd-udevd comm="systemd" exe="/usr/lib/systemd/systemd" hostname=? addr=? terminal=? res=success'
[    2.780481] apple 0003:05AC:0274.0003: hiddev96,hidraw2: USB HID v1.10 Device [Apple Inc. Apple Internal Keyboard / Trackpad] on usb-0000:00:14.0-12/input0
[    2.780700] input: Apple Inc. Apple Internal Keyboard / Trackpad as /devices/pci0000:00/0000:00:14.0/usb1/1-12/1-12:1.1/0003:05AC:0274.0004/input/input6
[    2.832733] apple 0003:05AC:0274.0004: input,hiddev97,hidraw3: USB HID v1.10 Keyboard [Apple Inc. Apple Internal Keyboard / Trackpad] on usb-0000:00:14.0-12/input1
[    2.832843] apple 0003:05AC:0274.0005: hiddev98,hidraw4: USB HID v1.10 Device [Apple Inc. Apple Internal Keyboard / Trackpad] on usb-0000:00:14.0-12/input3
[    2.832915] apple 0003:05AC:0274.0006: hiddev99,hidraw5: USB HID v1.10 Device [Apple Inc. Apple Internal Keyboard / Trackpad] on usb-0000:00:14.0-12/input4
[    2.835671] audit: type=1130 audit(1551128130.378:8): pid=1 uid=0 auid=4294967295 ses=4294967295 subj=kernel msg='unit=systemd-udev-trigger comm="systemd" exe="/usr/lib/systemd/systemd" hostname=? addr=? terminal=? res=success'
[    2.857736] audit: type=1130 audit(1551128130.400:9): pid=1 uid=0 auid=4294967295 ses=4294967295 subj=kernel msg='unit=plymouth-start comm="systemd" exe="/usr/lib/systemd/systemd" hostname=? addr=? terminal=? res=success'
[    2.874097] usb-storage 2-4:1.0: USB Mass Storage device detected
[    2.874571] scsi host1: usb-storage 2-4:1.0
[    2.874649] usbcore: registered new interface driver usb-storage
[    2.881096] usbcore: registered new interface driver uas
[    3.038119] audit: type=1130 audit(1551128130.580:10): pid=1 uid=0 auid=4294967295 ses=4294967295 subj=kernel msg='unit=systemd-ask-password-plymouth comm="systemd" exe="/usr/lib/systemd/systemd" hostname=? addr=? terminal=? res=success'
[    3.136337] VFIO - User Level meta-driver version: 0.3
[    3.712332] [drm] Found 128MB of eDRAM
[    3.712461] checking generic (90000000 1437000) vs hw (90000000 10000000)
[    3.712462] fb0: switching to inteldrmfb from EFI VGA
[    3.712559] [drm] Replacing VGA console driver
[    3.712931] [drm] Supports vblank timestamp caching Rev 2 (21.10.2013).
[    3.712931] [drm] Driver supports precise vblank timestamp query.
[    3.712965] i915 0000:00:02.0: vgaarb: changed VGA decodes: olddecodes=io+mem,decodes=io+mem:owns=io+mem
[    3.731044] [drm] Initialized i915 1.6.0 20181204 for 0000:00:02.0 on minor 0
[    3.731945] ACPI: Video Device [IGPU] (multi-head: yes  rom: no  post: no)
[    3.732509] acpi device:57: registered as cooling_device8
[    3.732581] input: Video Bus as /devices/LNXSYSTM:00/LNXSYBUS:00/PNP0A08:00/LNXVIDEO:00/input/input7
[    3.739003] fbcon: inteldrmfb (fb0) is primary device
[    3.739004] fbcon: Deferring console take-over
[    3.739007] i915 0000:00:02.0: fb0: inteldrmfb frame buffer device
[    3.907016] scsi 1:0:0:0: Direct-Access     APPLE    SD Card Reader   3.00 PQ: 0 ANSI: 6
[    3.907395] sd 1:0:0:0: Attached scsi generic sg1 type 0
[    3.908531] sd 1:0:0:0: [sdb] Attached SCSI removable disk
[   10.519330] device-mapper: crypt: xts(aes) using implementation "xts-aes-aesni"
[   10.569053] kauditd_printk_skb: 2 callbacks suppressed
[   10.569054] audit: type=1130 audit(1551128138.111:13): pid=1 uid=0 auid=4294967295 ses=4294967295 subj=kernel msg='unit=systemd-cryptsetup@luks\x2ddd1fa933\x2def9f\x2d402b\x2da2e4\x2d7c9d6fb7ce0d comm="systemd" exe="/usr/lib/systemd/systemd" hostname=? addr=? terminal=? res=success'
[   10.864730] PM: Image not found (code -22)
[   10.865814] audit: type=1130 audit(1551128138.408:14): pid=1 uid=0 auid=4294967295 ses=4294967295 subj=kernel msg='unit=systemd-hibernate-resume@dev-mapper-im\x2d\x2dmac\x2dswap comm="systemd" exe="/usr/lib/systemd/systemd" hostname=? addr=? terminal=? res=success'
[   10.865821] audit: type=1131 audit(1551128138.408:15): pid=1 uid=0 auid=4294967295 ses=4294967295 subj=kernel msg='unit=systemd-hibernate-resume@dev-mapper-im\x2d\x2dmac\x2dswap comm="systemd" exe="/usr/lib/systemd/systemd" hostname=? addr=? terminal=? res=success'
[   10.875416] audit: type=1130 audit(1551128138.418:16): pid=1 uid=0 auid=4294967295 ses=4294967295 subj=kernel msg='unit=systemd-tmpfiles-setup comm="systemd" exe="/usr/lib/systemd/systemd" hostname=? addr=? terminal=? res=success'
[   10.891380] audit: type=1130 audit(1551128138.434:17): pid=1 uid=0 auid=4294967295 ses=4294967295 subj=kernel msg='unit=dracut-initqueue comm="systemd" exe="/usr/lib/systemd/systemd" hostname=? addr=? terminal=? res=success'
[   10.907770] audit: type=1130 audit(1551128138.450:18): pid=1 uid=0 auid=4294967295 ses=4294967295 subj=kernel msg='unit=systemd-fsck-root comm="systemd" exe="/usr/lib/systemd/systemd" hostname=? addr=? terminal=? res=success'
[   11.219552] SGI XFS with ACLs, security attributes, scrub, no debug enabled
[   11.223257] XFS (dm-1): Mounting V5 Filesystem
[   11.234849] XFS (dm-1): Ending clean mount
[   11.347116] audit: type=1130 audit(1551128138.889:19): pid=1 uid=0 auid=4294967295 ses=4294967295 subj=kernel msg='unit=initrd-parse-etc comm="systemd" exe="/usr/lib/systemd/systemd" hostname=? addr=? terminal=? res=success'
[   11.347118] audit: type=1131 audit(1551128138.889:20): pid=1 uid=0 auid=4294967295 ses=4294967295 subj=kernel msg='unit=initrd-parse-etc comm="systemd" exe="/usr/lib/systemd/systemd" hostname=? addr=? terminal=? res=success'
[   11.489446] audit: type=1130 audit(1551128139.032:21): pid=1 uid=0 auid=4294967295 ses=4294967295 subj=kernel msg='unit=dracut-pre-pivot comm="systemd" exe="/usr/lib/systemd/systemd" hostname=? addr=? terminal=? res=success'
[   11.501190] audit: type=1131 audit(1551128139.043:22): pid=1 uid=0 auid=4294967295 ses=4294967295 subj=kernel msg='unit=dracut-pre-pivot comm="systemd" exe="/usr/lib/systemd/systemd" hostname=? addr=? terminal=? res=success'
[   11.591009] systemd-journald[310]: Received SIGTERM from PID 1 (systemd).
[   11.620965] printk: systemd: 14 output lines suppressed due to ratelimiting
[   12.076171] SELinux:  Class xdp_socket not defined in policy.
[   12.076172] SELinux: the above unknown classes and permissions will be allowed
[   12.076175] SELinux:  policy capability network_peer_controls=1
[   12.076175] SELinux:  policy capability open_perms=1
[   12.076176] SELinux:  policy capability extended_socket_class=1
[   12.076176] SELinux:  policy capability always_check_network=0
[   12.076176] SELinux:  policy capability cgroup_seclabel=1
[   12.076177] SELinux:  policy capability nnp_nosuid_transition=1
[   12.098108] systemd[1]: Successfully loaded SELinux policy in 397.403ms.
[   12.137906] systemd[1]: Relabelled /dev, /run and /sys/fs/cgroup in 25.932ms.
[   12.140173] systemd[1]: systemd 239 running in system mode. (+PAM +AUDIT +SELINUX +IMA -APPARMOR +SMACK +SYSVINIT +UTMP +LIBCRYPTSETUP +GCRYPT +GNUTLS +ACL +XZ +LZ4 +SECCOMP +BLKID +ELFUTILS +KMOD +IDN2 -IDN +PCRE2 default-hierarchy=hybrid)
[   12.152460] systemd[1]: Detected architecture x86-64.
[   12.154312] systemd[1]: Set hostname to <im-mac>.
[   12.175780] systemd-sysv-generator[869]: stat() failed on /etc/rc.d/init.d/jexec, ignoring: No such file or directory
[   12.354541] systemd[1]: Stopped Switch Root.
[   12.354754] systemd[1]: systemd-journald.service: Service has no hold-off time (RestartSec=0), scheduling restart.
[   12.354810] systemd[1]: systemd-journald.service: Scheduled restart job, restart counter is at 1.
[   12.354829] systemd[1]: Stopped Journal Service.
[   12.355788] systemd[1]: Starting Journal Service...
[   12.356075] systemd[1]: Created slice system-sshd\x2dkeygen.slice.
[   12.356334] systemd[1]: Created slice system-getty.slice.
[   12.381246] Adding 4194300k swap on /dev/mapper/im--mac-swap.  Priority:-2 extents:1 across:4194300k SSFS
[   12.396530] systemd-journald[875]: Received request to flush runtime journal from PID 1
[   12.545614] smbus_hc ACPI0001:00: SBS HC: offset = 0x20, query_bit = 0x10
[   12.550143] apple_gmux: gmux device not present
[   12.645598] ACPI Warning: SystemIO range 0x0000000000000840-0x000000000000084F conflicts with OpRegion 0x0000000000000800-0x0000000000000863 (\GPIO) (20181213/utaddress-213)
[   12.645604] ACPI: If an ACPI driver is available for this device, you should use it instead of the native driver
[   12.645604] ACPI Warning: SystemIO range 0x0000000000000830-0x000000000000083F conflicts with OpRegion 0x0000000000000800-0x0000000000000863 (\GPIO) (20181213/utaddress-213)
[   12.645608] ACPI: If an ACPI driver is available for this device, you should use it instead of the native driver
[   12.645609] ACPI Warning: SystemIO range 0x0000000000000800-0x000000000000082F conflicts with OpRegion 0x0000000000000810-0x0000000000000813 (\_PR.IO_D) (20181213/utaddress-213)
[   12.645612] ACPI Warning: SystemIO range 0x0000000000000800-0x000000000000082F conflicts with OpRegion 0x0000000000000800-0x0000000000000863 (\GPIO) (20181213/utaddress-213)
[   12.645616] ACPI Warning: SystemIO range 0x0000000000000800-0x000000000000082F conflicts with OpRegion 0x0000000000000810-0x0000000000000813 (\IO_D) (20181213/utaddress-213)
[   12.645619] ACPI Warning: SystemIO range 0x0000000000000800-0x000000000000082F conflicts with OpRegion 0x0000000000000800-0x000000000000080F (\IO_T) (20181213/utaddress-213)
[   12.645622] ACPI: If an ACPI driver is available for this device, you should use it instead of the native driver
[   12.645623] lpc_ich: Resource conflict(s) found affecting gpio_ich
[   12.648227] i801_smbus 0000:00:1f.3: SPD Write Disable is set
[   12.648258] i801_smbus 0000:00:1f.3: SMBus using PCI interrupt
[   12.675461] input: bcm5974 as /devices/pci0000:00/0000:00:14.0/usb1/1-12/1-12:1.2/input/input8
[   12.675636] usbcore: registered new interface driver bcm5974
[   12.681108] thunderbolt 0000:07:00.0: 0:1: is unplugged (state: 7)
[   12.681235] thunderbolt 0000:07:00.0: 0:3: is unplugged (state: 7)
[   12.700523] ACPI: Smart Battery System [SBS0]: Battery Slot [BAT0] (battery present)
[   12.704129] RAPL PMU: API unit is 2^-32 Joules, 4 fixed counters, 655360 ms ovfl timer
[   12.704130] RAPL PMU: hw unit of domain pp0-core 2^-14 Joules
[   12.704131] RAPL PMU: hw unit of domain package 2^-14 Joules
[   12.704132] RAPL PMU: hw unit of domain dram 2^-14 Joules
[   12.704132] RAPL PMU: hw unit of domain pp1-gpu 2^-14 Joules
[   12.858678] cfg80211: Loading compiled-in X.509 certificates for regulatory database
[   12.859356] cfg80211: Loaded X.509 cert 'sforshee: 00b28ddf47aef9cea7'
[   12.879030] iTCO_vendor_support: vendor-support=0
[   12.898432] iTCO_wdt: Intel TCO WatchDog Timer Driver v1.11
[   12.898477] iTCO_wdt: unable to reset NO_REBOOT flag, device disabled by hardware/BIOS
[   12.973581] applesmc: key=719 fan=2 temp=48 index=43 acc=0 lux=2 kbd=1
[   12.976341] applesmc applesmc.768: hwmon_device_register() is deprecated. Please convert the driver to use hwmon_device_register_with_info().
[   12.981498] Bluetooth: Core ver 2.22
[   12.981519] NET: Registered protocol family 31
[   12.981520] Bluetooth: HCI device and connection manager initialized
[   12.981523] Bluetooth: HCI socket layer initialized
[   12.981525] Bluetooth: L2CAP socket layer initialized
[   12.981530] Bluetooth: SCO socket layer initialized
[   13.060178] usbcore: registered new interface driver btusb
[   13.089200] snd_hda_intel 0000:00:03.0: Linked as a consumer to 0000:00:02.0
[   13.089247] snd_hda_intel 0000:00:03.0: bound 0000:00:02.0 (ops i915_audio_component_bind_ops [i915])
[   13.112936] input: HDA Intel HDMI HDMI/DP,pcm=3 as /devices/pci0000:00/0000:00:03.0/sound/card0/input9
[   13.113015] input: HDA Intel HDMI HDMI/DP,pcm=7 as /devices/pci0000:00/0000:00:03.0/sound/card0/input10
[   13.113082] input: HDA Intel HDMI HDMI/DP,pcm=8 as /devices/pci0000:00/0000:00:03.0/sound/card0/input11
[   13.113134] input: HDA Intel HDMI HDMI/DP,pcm=9 as /devices/pci0000:00/0000:00:03.0/sound/card0/input12
[   13.113174] input: HDA Intel HDMI HDMI/DP,pcm=10 as /devices/pci0000:00/0000:00:03.0/sound/card0/input13
[   13.116336] snd_hda_codec_cirrus hdaudioC1D0: autoconfig for CS4208: line_outs=2 (0x12/0x13/0x0/0x0/0x0) type:speaker
[   13.116338] snd_hda_codec_cirrus hdaudioC1D0:    speaker_outs=0 (0x0/0x0/0x0/0x0/0x0)
[   13.116340] snd_hda_codec_cirrus hdaudioC1D0:    hp_outs=1 (0x10/0x0/0x0/0x0/0x0)
[   13.116342] snd_hda_codec_cirrus hdaudioC1D0:    mono: mono_out=0x0
[   13.116343] snd_hda_codec_cirrus hdaudioC1D0:    dig-out=0x21/0x0
[   13.116344] snd_hda_codec_cirrus hdaudioC1D0:    inputs:
[   13.116346] snd_hda_codec_cirrus hdaudioC1D0:      Internal Mic=0x1c
[   13.116348] snd_hda_codec_cirrus hdaudioC1D0:      Mic=0x18
[   13.126535] input: HDA Intel PCH Mic as /devices/pci0000:00/0000:00:1b.0/sound/card1/input14
[   13.126599] input: HDA Intel PCH Headphone as /devices/pci0000:00/0000:00:1b.0/sound/card1/input15
[   13.126665] input: HDA Intel PCH SPDIF as /devices/pci0000:00/0000:00:1b.0/sound/card1/input16
[   13.148245] usbcore: registered new interface driver brcmfmac
[   13.166032] intel_rapl: Found RAPL domain package
[   13.166034] intel_rapl: Found RAPL domain core
[   13.166035] intel_rapl: Found RAPL domain uncore
[   13.166036] intel_rapl: Found RAPL domain dram
[   13.177202] Bluetooth: hci0: BCM: chip id 102 build 0715
[   13.178185] Bluetooth: hci0: BCM: product 05ac:8290
[   13.179192] Bluetooth: hci0: BCM: features 0x2f
[   13.195209] Bluetooth: hci0: im-mac
[   13.219331] XFS (dm-4): Mounting V5 Filesystem
[   13.220636] XFS (sda3): Mounting V5 Filesystem
[   13.223797] XFS (dm-3): Mounting V5 Filesystem
[   13.235035] XFS (dm-4): Ending clean mount
[   13.239004] XFS (sda3): Ending clean mount
[   13.246470] XFS (dm-3): Ending clean mount
[   13.255706] brcmfmac: brcmf_fw_alloc_request: using brcm/brcmfmac43602-pcie for chip BCM43602/1
[   13.257857] brcmfmac 0000:03:00.0: Direct firmware load for brcm/brcmfmac43602-pcie.Apple Inc.-MacBookPro11,4.txt failed with error -2
[   13.257869] brcmfmac 0000:03:00.0: Direct firmware load for brcm/brcmfmac43602-pcie.txt failed with error -2
[   13.532344] Bluetooth: BNEP (Ethernet Emulation) ver 1.3
[   13.532351] Bluetooth: BNEP filters: protocol multicast
[   13.532366] Bluetooth: BNEP socket layer initialized
[   13.773177] brcmfmac: brcmf_fw_alloc_request: using brcm/brcmfmac43602-pcie for chip BCM43602/1
[   13.773432] brcmfmac 0000:03:00.0: Direct firmware load for brcm/brcmfmac43602-pcie.clm_blob failed with error -2
[   13.773434] brcmfmac: brcmf_c_process_clm_blob: no clm_blob available (err=-2), device may have limited channels available
[   13.773955] brcmfmac: brcmf_c_preinit_dcmds: Firmware: BCM43602/1 wl0: Nov 10 2015 06:38:10 version 7.35.177.61 (r598657) FWID 01-ea662a8c
[   13.827854] brcmfmac 0000:03:00.0 wlp3s0: renamed from wlan0
[   15.139781] tun: Universal TUN/TAP device driver, 1.6
[   15.141454] virbr0: port 1(virbr0-nic) entered blocking state
[   15.141456] virbr0: port 1(virbr0-nic) entered disabled state
[   15.141531] device virbr0-nic entered promiscuous mode
[   15.317268] virbr0: port 1(virbr0-nic) entered blocking state
[   15.317271] virbr0: port 1(virbr0-nic) entered listening state
[   15.374333] virbr0: port 1(virbr0-nic) entered disabled state
[   22.738917] Bluetooth: RFCOMM TTY layer initialized
[   22.738923] Bluetooth: RFCOMM socket layer initialized
[   22.738981] Bluetooth: RFCOMM ver 1.11
[   22.936235] fuse init (API version 7.28)
[   23.379147] IPv6: ADDRCONF(NETDEV_CHANGE): wlp3s0: link becomes ready
[   23.459127] brcmfmac: brcmf_inetaddr_changed: fail to get arp ip table err:-52
[   24.139413] rfkill: input handler disabled
[  116.345801] xhci_hcd 0000:00:14.0: ep 0x81 - asked for 96 bytes, 78 bytes untransferred
[  116.345810] xhci_hcd 0000:00:14.0: Giveback URB 0000000061f6637c, len = 18, expected = 96, status = 0
[  116.345840] xhci_hcd 0000:00:14.0: Stalled endpoint for slot 2 ep 2
[  116.345850] xhci_hcd 0000:00:14.0: Cleaning up stalled endpoint ring
[  116.345854] xhci_hcd 0000:00:14.0: Finding endpoint context
[  116.345859] xhci_hcd 0000:00:14.0: Cycle state = 0x1
[  116.345864] xhci_hcd 0000:00:14.0: New dequeue segment = 00000000a652dceb (virtual)
[  116.345869] xhci_hcd 0000:00:14.0: New dequeue pointer = 0x459fc5800 (DMA)
[  116.345874] xhci_hcd 0000:00:14.0: Queueing new dequeue state
[  116.345880] xhci_hcd 0000:00:14.0: Set TR Deq Ptr cmd, new deq seg = 00000000a652dceb (0x459fc5000 dma), new deq ptr = 00000000c30ff95c (0x459fc5800 dma), new cycle = 1
[  116.345888] xhci_hcd 0000:00:14.0: // Ding dong!
[  116.345899] xhci_hcd 0000:00:14.0: Giveback URB 00000000435ef4c6, len = 0, expected = 13, status = -32
[  116.345908] xhci_hcd 0000:00:14.0: Ignoring reset ep completion code of 1
[  116.345918] xhci_hcd 0000:00:14.0: Successful Set TR Deq Ptr cmd, deq = @459fc5800
[  117.924870] xhci_hcd 0000:00:14.0: ep 0x82 - asked for 65 bytes, 55 bytes untransferred
[  118.076857] xhci_hcd 0000:00:14.0: ep 0x82 - asked for 65 bytes, 55 bytes untransferred
[  118.140806] xhci_hcd 0000:00:14.0: ep 0x82 - asked for 65 bytes, 55 bytes untransferred
[  118.164787] xhci_hcd 0000:00:14.0: ep 0x82 - asked for 65 bytes, 55 bytes untransferred
[  118.393646] xhci_hcd 0000:00:14.0: ep 0x81 - asked for 96 bytes, 78 bytes untransferred
[  118.393653] xhci_hcd 0000:00:14.0: Giveback URB 00000000e2c92ef2, len = 18, expected = 96, status = 0
[  118.393701] xhci_hcd 0000:00:14.0: Stalled endpoint for slot 2 ep 2
[  118.393707] xhci_hcd 0000:00:14.0: Cleaning up stalled endpoint ring
[  118.393710] xhci_hcd 0000:00:14.0: Finding endpoint context
[  118.393713] xhci_hcd 0000:00:14.0: Cycle state = 0x1
[  118.393717] xhci_hcd 0000:00:14.0: New dequeue segment = 00000000a652dceb (virtual)
[  118.393720] xhci_hcd 0000:00:14.0: New dequeue pointer = 0x459fc5840 (DMA)
[  118.393723] xhci_hcd 0000:00:14.0: Queueing new dequeue state
[  118.393728] xhci_hcd 0000:00:14.0: Set TR Deq Ptr cmd, new deq seg = 00000000a652dceb (0x459fc5000 dma), new deq ptr = 0000000079081d5e (0x459fc5840 dma), new cycle = 1
[  118.393735] xhci_hcd 0000:00:14.0: // Ding dong!
[  118.393744] xhci_hcd 0000:00:14.0: Giveback URB 00000000435ef4c6, len = 0, expected = 13, status = -32
[  118.393751] xhci_hcd 0000:00:14.0: Ignoring reset ep completion code of 1
[  118.393757] xhci_hcd 0000:00:14.0: Successful Set TR Deq Ptr cmd, deq = @459fc5840
[  119.689833] xhci_hcd 0000:00:14.0: Cancel URB 00000000293de368, dev 12, ep 0x83, starting at offset 0x45943ae70
[  119.689842] xhci_hcd 0000:00:14.0: // Ding dong!
[  119.689862] xhci_hcd 0000:00:14.0: Stopped on Transfer TRB for slot 3 ep 6
[  119.689874] xhci_hcd 0000:00:14.0: Removing canceled TD starting at 0x45943ae70 (dma).
[  119.689879] xhci_hcd 0000:00:14.0: Finding endpoint context
[  119.689882] xhci_hcd 0000:00:14.0: Cycle state = 0x0
[  119.689886] xhci_hcd 0000:00:14.0: New dequeue segment = 0000000011a3384b (virtual)
[  119.689889] xhci_hcd 0000:00:14.0: New dequeue pointer = 0x45943ae80 (DMA)
[  119.689894] xhci_hcd 0000:00:14.0: Set TR Deq Ptr cmd, new deq seg = 0000000011a3384b (0x45943a000 dma), new deq ptr = 00000000c6db8d2c (0x45943ae80 dma), new cycle = 0
[  119.689900] xhci_hcd 0000:00:14.0: // Ding dong!
[  119.689921] xhci_hcd 0000:00:14.0: Successful Set TR Deq Ptr cmd, deq = @45943ae80
[  119.707865] brcmfmac: brcmf_inetaddr_changed: fail to get arp ip table err:-52
[  120.441810] xhci_hcd 0000:00:14.0: ep 0x81 - asked for 96 bytes, 78 bytes untransferred
[  120.441820] xhci_hcd 0000:00:14.0: Giveback URB 00000000839f5b9b, len = 18, expected = 96, status = 0
[  120.441862] xhci_hcd 0000:00:14.0: Stalled endpoint for slot 2 ep 2
[  120.441870] xhci_hcd 0000:00:14.0: Cleaning up stalled endpoint ring
[  120.441875] xhci_hcd 0000:00:14.0: Finding endpoint context
[  120.441878] xhci_hcd 0000:00:14.0: Cycle state = 0x1
[  120.441882] xhci_hcd 0000:00:14.0: New dequeue segment = 00000000a652dceb (virtual)
[  120.441886] xhci_hcd 0000:00:14.0: New dequeue pointer = 0x459fc5880 (DMA)
[  120.441890] xhci_hcd 0000:00:14.0: Queueing new dequeue state
[  120.441895] xhci_hcd 0000:00:14.0: Set TR Deq Ptr cmd, new deq seg = 00000000a652dceb (0x459fc5000 dma), new deq ptr = 000000008dc4bf60 (0x459fc5880 dma), new cycle = 1
[  120.441900] xhci_hcd 0000:00:14.0: // Ding dong!
[  120.441911] xhci_hcd 0000:00:14.0: Giveback URB 00000000435ef4c6, len = 0, expected = 13, status = -32
[  120.441925] xhci_hcd 0000:00:14.0: Ignoring reset ep completion code of 1
[  120.441933] xhci_hcd 0000:00:14.0: Successful Set TR Deq Ptr cmd, deq = @459fc5880
[  121.497481] PM: suspend entry (deep)
[  121.497485] PM: Syncing filesystems ... done.
[  121.543712] Freezing user space processes ... (elapsed 0.292 seconds) done.
[  121.835988] OOM killer disabled.
[  121.835990] Freezing remaining freezable tasks ... (elapsed 0.001 seconds) done.
[  121.837161] printk: Suspending console(s) (use no_console_suspend to debug)
[  121.838793] xhci_hcd 0000:00:14.0: Cancel URB 00000000d743b8cf, dev 12, ep 0x82, starting at offset 0x459443690
[  121.838804] xhci_hcd 0000:00:14.0: // Ding dong!
[  121.838827] xhci_hcd 0000:00:14.0: Stopped on Transfer TRB for slot 3 ep 4
[  121.838837] xhci_hcd 0000:00:14.0: Removing canceled TD starting at 0x459443690 (dma).
[  121.838842] xhci_hcd 0000:00:14.0: Finding endpoint context
[  121.838846] xhci_hcd 0000:00:14.0: Cycle state = 0x1
[  121.838850] xhci_hcd 0000:00:14.0: New dequeue segment = 00000000f7dc5209 (virtual)
[  121.838853] xhci_hcd 0000:00:14.0: New dequeue pointer = 0x4594436a0 (DMA)
[  121.838859] xhci_hcd 0000:00:14.0: Set TR Deq Ptr cmd, new deq seg = 00000000f7dc5209 (0x459443000 dma), new deq ptr = 00000000b5841e8a (0x4594436a0 dma), new cycle = 1
[  121.838864] xhci_hcd 0000:00:14.0: // Ding dong!
[  121.838887] xhci_hcd 0000:00:14.0: Successful Set TR Deq Ptr cmd, deq = @4594436a0
[  121.839079] xhci_hcd 0000:00:14.0: // Ding dong!
[  121.839099] xhci_hcd 0000:00:14.0: Stopped on No-op or Link TRB for slot 3 ep 10
[  121.839108] xhci_hcd 0000:00:14.0: Stopped on No-op or Link TRB for slot 3 ep 8
[  121.839113] xhci_hcd 0000:00:14.0: Stopped on No-op or Link TRB for slot 3 ep 7
[  121.839119] xhci_hcd 0000:00:14.0: Stopped on No-op or Link TRB for slot 3 ep 2
[  121.839124] xhci_hcd 0000:00:14.0: Stopped on No-op or Link TRB for slot 3 ep 0
[  121.850324] sd 0:0:0:0: [sda] Synchronizing SCSI cache
[  121.851012] usb 1-12: usb suspend, wakeup 1
[  121.851165] xhci_hcd 0000:00:14.0: // Ding dong!
[  121.851188] xhci_hcd 0000:00:14.0: Stopped on No-op or Link TRB for slot 2 ep 3
[  121.851200] xhci_hcd 0000:00:14.0: Stopped on No-op or Link TRB for slot 2 ep 2
[  121.851207] xhci_hcd 0000:00:14.0: Stopped on No-op or Link TRB for slot 2 ep 0
[  121.852017] sd 0:0:0:0: [sda] Stopping disk
[  121.852043] pcieport 0000:06:04.0: quirk: waiting for Thunderbolt to reestablish PCI tunnels...
[  121.852126] pcieport 0000:06:03.0: quirk: waiting for Thunderbolt to reestablish PCI tunnels...
[  121.852147] pcieport 0000:06:05.0: quirk: waiting for Thunderbolt to reestablish PCI tunnels...
[  121.853006] pcieport 0000:06:06.0: quirk: waiting for Thunderbolt to reestablish PCI tunnels...
[  121.863115] hub 1-0:1.0: hub_suspend
[  121.863198] usb usb1: bus suspend, wakeup 0
[  121.873135] usb 2-4: usb suspend, wakeup 0
[  121.885120] hub 2-0:1.0: hub_suspend
[  121.885199] usb usb2: bus suspend, wakeup 0
[  121.885253] xhci_hcd 0000:00:14.0: xhci_suspend: stopping port polling.
[  121.885279] xhci_hcd 0000:00:14.0: // Setting command ring address to 0x459c18001
[  122.745911] PM: suspend devices took 0.909 seconds
[  122.758627] ACPI: EC: interrupt blocked
[  122.759490] xhci_hcd 0000:00:14.0: wakeup: 1
[  122.759979] xhci_hcd 0000:00:14.0: --> PCI D3hot
[  123.715232] ACPI: Preparing to enter system sleep state S3
[  123.715993] ACPI: EC: event blocked
[  123.715993] ACPI: EC: EC stopped
[  123.715994] PM: Saving platform NVS memory
[  123.716000] Disabling non-boot CPUs ...
[  123.731620] smpboot: CPU 1 is now offline
[  123.740454] smpboot: CPU 2 is now offline
[  123.743874] smpboot: CPU 3 is now offline
[  123.756622] smpboot: CPU 4 is now offline
[  123.760478] smpboot: CPU 5 is now offline
[  123.763829] smpboot: CPU 6 is now offline
[  123.767255] smpboot: CPU 7 is now offline
[  123.785265] ACPI: Low-level resume complete
[  123.785329] ACPI: EC: EC started
[  123.785330] PM: Restoring platform NVS memory
[  123.792832] Enabling non-boot CPUs ...
[  123.792891] x86: Booting SMP configuration:
[  123.792892] smpboot: Booting Node 0 Processor 1 APIC 0x2
[  125.297592]  cache: parent cpu1 should not be sleeping
[  127.843856] hrtimer: interrupt took 2575270 ns
[  128.182953] CPU1 is up
[  128.183012] smpboot: Booting Node 0 Processor 2 APIC 0x4
[  128.420601]  cache: parent cpu2 should not be sleeping
[  129.290879] CPU2 is up
[  129.290935] smpboot: Booting Node 0 Processor 3 APIC 0x6
[  129.469659]  cache: parent cpu3 should not be sleeping
[  130.014954] CPU3 is up
[  130.015010] smpboot: Booting Node 0 Processor 4 APIC 0x1
[  130.028935]  cache: parent cpu4 should not be sleeping
[  130.057425] CPU4 is up
[  130.057448] smpboot: Booting Node 0 Processor 5 APIC 0x3
[  130.216607]  cache: parent cpu5 should not be sleeping
[  130.745930] CPU5 is up
[  130.745964] smpboot: Booting Node 0 Processor 6 APIC 0x5
[  130.874688]  cache: parent cpu6 should not be sleeping
[  131.392778] CPU6 is up
[  131.392815] smpboot: Booting Node 0 Processor 7 APIC 0x7
[  131.515708]  cache: parent cpu7 should not be sleeping
[  132.098967] CPU7 is up
[  132.187778] ACPI: Waking up from system sleep state S3
[  132.189569] ACPI: EC: interrupt unblocked
[  132.213773] pcieport 0000:06:04.0: quirk: waiting for Thunderbolt to reestablish PCI tunnels...
[  132.213783] pcieport 0000:06:03.0: quirk: waiting for Thunderbolt to reestablish PCI tunnels...
[  132.213784] pcieport 0000:06:05.0: quirk: waiting for Thunderbolt to reestablish PCI tunnels...
[  132.213785] pcieport 0000:06:06.0: quirk: waiting for Thunderbolt to reestablish PCI tunnels...
[  132.245801] pcieport 0000:06:04.0: quirk_apple_wait_for_thunderbolt+0x0/0xe0 took 31273 usecs
[  132.245806] pcieport 0000:06:03.0: quirk_apple_wait_for_thunderbolt+0x0/0xe0 took 31262 usecs
[  132.245810] pcieport 0000:06:05.0: quirk_apple_wait_for_thunderbolt+0x0/0xe0 took 31261 usecs
[  132.245813] pcieport 0000:06:06.0: quirk_apple_wait_for_thunderbolt+0x0/0xe0 took 31261 usecs
[  132.315055] thunderbolt 0000:07:00.0: resetting error on 0:b.
[  132.315063] thunderbolt 0000:07:00.0: 0:b: hotplug: scanning
[  132.315065] thunderbolt 0000:07:00.0: 0:b: hotplug: no switch found
[  132.315161] thunderbolt 0000:07:00.0: resetting error on 0:c.
[  132.315165] thunderbolt 0000:07:00.0: 0:c: hotplug: scanning
[  132.315166] thunderbolt 0000:07:00.0: 0:c: hotplug: no switch found
[  133.286086] ACPI: EC: event unblocked
[  133.286109] xhci_hcd 0000:00:14.0: // Setting command ring address to 0x459c18001
[  133.286215] xhci_hcd 0000:00:14.0: xhci_resume: starting port polling.
[  133.286225] xhci_hcd 0000:00:14.0: xhci_hub_status_data: stopping port polling.
[  133.286244] xhci_hcd 0000:00:14.0: xhci_hub_status_data: stopping port polling.
[  133.286255] usb usb1: usb resume
[  133.286282] hub 1-0:1.0: hub_resume
[  133.286297] xhci_hcd 0000:00:14.0: get port status, actual port 0 status  = 0x2a0
[  133.286299] xhci_hcd 0000:00:14.0: Get port status returned 0x100
[  133.286333] xhci_hcd 0000:00:14.0: get port status, actual port 1 status  = 0x2a0
[  133.286336] xhci_hcd 0000:00:14.0: Get port status returned 0x100
[  133.286351] usb usb2: usb resume
[  133.286357] xhci_hcd 0000:00:14.0: get port status, actual port 2 status  = 0x2a0
[  133.286359] xhci_hcd 0000:00:14.0: Get port status returned 0x100
[  133.286374] xhci_hcd 0000:00:14.0: get port status, actual port 3 status  = 0x2a0
[  133.286375] hub 2-0:1.0: hub_resume
[  133.286376] xhci_hcd 0000:00:14.0: Get port status returned 0x100
[  133.286391] xhci_hcd 0000:00:14.0: get port status, actual port 0 status  = 0x2a0
[  133.286393] xhci_hcd 0000:00:14.0: Get port status returned 0x2a0
[  133.286396] xhci_hcd 0000:00:14.0: get port status, actual port 4 status  = 0x2a0
[  133.286397] xhci_hcd 0000:00:14.0: Get port status returned 0x100
[  133.286403] xhci_hcd 0000:00:14.0: get port status, actual port 1 status  = 0x2a0
[  133.286404] xhci_hcd 0000:00:14.0: Get port status returned 0x2a0
[  133.286410] xhci_hcd 0000:00:14.0: get port status, actual port 5 status  = 0x2a0
[  133.286412] xhci_hcd 0000:00:14.0: Get port status returned 0x100
[  133.286416] xhci_hcd 0000:00:14.0: get port status, actual port 2 status  = 0x2a0
[  133.286417] xhci_hcd 0000:00:14.0: Get port status returned 0x2a0
[  133.286423] xhci_hcd 0000:00:14.0: get port status, actual port 3 status  = 0x1263
[  133.286425] xhci_hcd 0000:00:14.0: Get port status returned 0x263
[  133.286429] xhci_hcd 0000:00:14.0: get port status, actual port 6 status  = 0x2a0
[  133.286431] xhci_hcd 0000:00:14.0: Get port status returned 0x100
[  133.286448] usb usb2-port4: status 0263 change 0000
[  133.286457] xhci_hcd 0000:00:14.0: get port status, actual port 7 status  = 0x663
[  133.286459] xhci_hcd 0000:00:14.0: Get port status returned 0x107
[  133.286462] xhci_hcd 0000:00:14.0: get port status, actual port 4 status  = 0x2a0
[  133.286463] xhci_hcd 0000:00:14.0: Get port status returned 0x2a0
[  133.286468] usb usb1-port8: status 0107 change 0000
[  133.286469] xhci_hcd 0000:00:14.0: get port status, actual port 5 status  = 0x2a0
[  133.286471] xhci_hcd 0000:00:14.0: Get port status returned 0x2a0
[  133.286474] xhci_hcd 0000:00:14.0: get port status, actual port 8 status  = 0x2a0
[  133.286475] xhci_hcd 0000:00:14.0: Get port status returned 0x100
[  133.286495] xhci_hcd 0000:00:14.0: get port status, actual port 9 status  = 0x2a0
[  133.286498] xhci_hcd 0000:00:14.0: Get port status returned 0x100
[  133.286512] xhci_hcd 0000:00:14.0: get port status, actual port 3 status  = 0x1263
[  133.286514] xhci_hcd 0000:00:14.0: Get port status returned 0x263
[  133.286517] xhci_hcd 0000:00:14.0: get port status, actual port 10 status  = 0x2a0
[  133.286519] xhci_hcd 0000:00:14.0: Get port status returned 0x100
[  133.286533] xhci_hcd 0000:00:14.0: get port status, actual port 11 status  = 0x663
[  133.286534] xhci_hcd 0000:00:14.0: Get port status returned 0x107
[  133.286541] usb usb1-port12: status 0107 change 0000
[  133.286545] xhci_hcd 0000:00:14.0: get port status, actual port 12 status  = 0x2a0
[  133.286546] xhci_hcd 0000:00:14.0: Get port status returned 0x100
[  133.286555] xhci_hcd 0000:00:14.0: get port status, actual port 13 status  = 0x2a0
[  133.286557] xhci_hcd 0000:00:14.0: Get port status returned 0x100
[  133.286584] xhci_hcd 0000:00:14.0: get port status, actual port 7 status  = 0x663
[  133.286586] xhci_hcd 0000:00:14.0: Get port status returned 0x107
[  133.286605] xhci_hcd 0000:00:14.0: clear USB_PORT_FEAT_SUSPEND
[  133.286606] xhci_hcd 0000:00:14.0: PORTSC 0663
[  133.286615] xhci_hcd 0000:00:14.0: get port status, actual port 11 status  = 0x663
[  133.286618] xhci_hcd 0000:00:14.0: Get port status returned 0x107
[  133.286630] xhci_hcd 0000:00:14.0: clear USB_PORT_FEAT_SUSPEND
[  133.286633] xhci_hcd 0000:00:14.0: PORTSC 0663
[  133.287443] xhci_hcd 0000:00:14.0: xhci_hub_status_data: stopping port polling.
[  133.308570] usb 2-4: usb resume
[  133.316620] sd 0:0:0:0: [sda] Starting disk
[  133.328612] xhci_hcd 0000:00:14.0: Port Status Change Event for port 12
[  133.328619] xhci_hcd 0000:00:14.0: handle_port_status: starting port polling.
[  133.328637] xhci_hcd 0000:00:14.0: Port Status Change Event for port 8
[  133.328641] xhci_hcd 0000:00:14.0: handle_port_status: starting port polling.
[  133.328655] usb 1-8: usb resume
[  133.328718] usb 1-12: usb resume
[  133.329026] xhci_hcd 0000:00:14.0: underrun event on endpoint
[  133.329029] xhci_hcd 0000:00:14.0: overrun event on endpoint
[  133.350601] xhci_hcd 0000:00:14.0: get port status, actual port 3 status  = 0x1263
[  133.350605] xhci_hcd 0000:00:14.0: Get port status returned 0x263
[  133.362588] usb 2-4: Waited 0ms for CONNECT
[  133.362593] usb usb2-port4: status 0000.0263 after resume, -19
[  133.362596] usb 2-4: can't resume, status -19
[  133.362597] usb usb2-port4: logical disconnect
[  133.362623] xhci_hcd 0000:00:14.0: // Ding dong!
[  133.370598] xhci_hcd 0000:00:14.0: get port status, actual port 7 status  = 0x603
[  133.370601] xhci_hcd 0000:00:14.0: Get port status returned 0x40103
[  133.370774] xhci_hcd 0000:00:14.0: get port status, actual port 11 status  = 0x603
[  133.370777] xhci_hcd 0000:00:14.0: Get port status returned 0x40103
[  133.382551] xhci_hcd 0000:00:14.0: clear port suspend/resume change, actual port 11 status  = 0x603
[  133.382593] xhci_hcd 0000:00:14.0: clear port suspend/resume change, actual port 7 status  = 0x603
[  133.382605] usb 1-12: Waited 0ms for CONNECT
[  133.382608] usb 1-12: finish resume
[  133.382645] usb 1-8: Waited 0ms for CONNECT
[  133.382649] usb 1-8: finish resume
[  133.383024] xhci_hcd 0000:00:14.0: xhci_drop_endpoint called for udev 000000001fb8a6e2
[  133.383061] xhci_hcd 0000:00:14.0: drop ep 0x83, slot id 1, new drop flags = 0x80, new add flags = 0x0
[  133.383066] xhci_hcd 0000:00:14.0: xhci_drop_endpoint called for udev 000000001fb8a6e2
[  133.383082] xhci_hcd 0000:00:14.0: drop ep 0x3, slot id 1, new drop flags = 0xc0, new add flags = 0x0
[  133.383281] xhci_hcd 0000:00:14.0: add ep 0x83, slot id 1, new drop flags = 0xc0, new add flags = 0x80
[  133.383309] xhci_hcd 0000:00:14.0: add ep 0x3, slot id 1, new drop flags = 0xc0, new add flags = 0xc0
[  133.383312] xhci_hcd 0000:00:14.0: xhci_check_bandwidth called for udev 000000001fb8a6e2
[  133.383321] xhci_hcd 0000:00:14.0: // Ding dong!
[  133.383602] xhci_hcd 0000:00:14.0: Successful Endpoint Configure command
[  133.385099] PM: resume devices took 0.099 seconds
[  133.385583] OOM killer enabled.
[  133.385586] Restarting tasks ... 
[  133.385751] hub 1-0:1.0: state 7 ports 14 chg 0000 evt 1100
[  133.385756] hub 2-0:1.0: state 7 ports 6 chg 0010 evt 0000
[  133.385777] xhci_hcd 0000:00:14.0: get port status, actual port 3 status  = 0x1263
[  133.385783] xhci_hcd 0000:00:14.0: Get port status returned 0x263
[  133.385796] xhci_hcd 0000:00:14.0: get port status, actual port 7 status  = 0x603
[  133.385801] xhci_hcd 0000:00:14.0: Get port status returned 0x103
[  133.385807] usb usb2-port4: status 0263, change 0000, 5.0 Gb/s
[  133.385813] usb 2-4: USB disconnect, device number 2
[  133.385818] usb 2-4: unregistering device
[  133.385824] usb 2-4: unregistering interface 2-4:1.0
[  133.385828] xhci_hcd 0000:00:14.0: get port status, actual port 11 status  = 0x603
[  133.385832] xhci_hcd 0000:00:14.0: Get port status returned 0x103
[  133.388725] done.
[  133.394922] xhci_hcd 0000:00:14.0: Port Status Change Event for port 19
[  133.394929] xhci_hcd 0000:00:14.0: handle_port_status: starting port polling.
[  133.449536] video LNXVIDEO:00: Restoring backlight state
[  133.449672] PM: suspend exit
[  133.633561] xhci_hcd 0000:00:14.0: xhci_hub_status_data: stopping port polling.
[  133.648253] ata1: SATA link up 6.0 Gbps (SStatus 133 SControl 300)
[  133.648668] ata1.00: unexpected _GTF length (8)
[  133.649134] ata1.00: unexpected _GTF length (8)
[  133.649198] ata1.00: configured for UDMA/133
[  133.674629] usb 2-4: usb_disable_device nuking all URBs
[  133.674634] xhci_hcd 0000:00:14.0: xhci_drop_endpoint called for udev 00000000e39e1031
[  133.674644] xhci_hcd 0000:00:14.0: drop ep 0x81, slot id 2, new drop flags = 0x8, new add flags = 0x0
[  133.674645] xhci_hcd 0000:00:14.0: xhci_drop_endpoint called for udev 00000000e39e1031
[  133.674652] xhci_hcd 0000:00:14.0: drop ep 0x2, slot id 2, new drop flags = 0x18, new add flags = 0x0
[  133.674653] xhci_hcd 0000:00:14.0: xhci_check_bandwidth called for udev 00000000e39e1031
[  133.674661] xhci_hcd 0000:00:14.0: // Ding dong!
[  133.674910] xhci_hcd 0000:00:14.0: Successful Endpoint Configure command
[  133.675074] xhci_hcd 0000:00:14.0: // Ding dong!
[  133.675106] xhci_hcd 0000:00:14.0: // Ding dong!
[  133.675143] xhci_hcd 0000:00:14.0: Slot 4 output ctx = 0x459fca000 (dma)
[  133.675146] xhci_hcd 0000:00:14.0: Slot 4 input ctx = 0x459ee8000 (dma)
[  133.675151] xhci_hcd 0000:00:14.0: Set slot id 4 dcbaa entry 0000000001068011 to 0x459fca000
[  133.675188] xhci_hcd 0000:00:14.0: get port status, actual port 3 status  = 0x202e0
[  133.675190] xhci_hcd 0000:00:14.0: Get port status returned 0x102e0
[  133.675206] xhci_hcd 0000:00:14.0: set port reset, actual port 3 status  = 0x202f0
[  133.736589] xhci_hcd 0000:00:14.0: get port status, actual port 3 status  = 0x202f0
[  133.736593] xhci_hcd 0000:00:14.0: Get port status returned 0x102f0
[  133.736626] usb usb2-port4: not reset yet, waiting 60ms
[  133.798611] xhci_hcd 0000:00:14.0: get port status, actual port 3 status  = 0x202f0
[  133.798617] xhci_hcd 0000:00:14.0: Get port status returned 0x102f0
[  133.798662] usb usb2-port4: not reset yet, waiting 200ms
[  134.001539] xhci_hcd 0000:00:14.0: get port status, actual port 3 status  = 0x2202a0
[  134.001544] xhci_hcd 0000:00:14.0: Get port status returned 0x1102a0
[  134.001574] usb usb2-port4: not reset yet, waiting 200ms
[  134.209608] xhci_hcd 0000:00:14.0: get port status, actual port 3 status  = 0x2202e0
[  134.209612] xhci_hcd 0000:00:14.0: Get port status returned 0x1102e0
[  134.209646] usb usb2-port4: not reset yet, waiting 200ms
[  134.417618] xhci_hcd 0000:00:14.0: get port status, actual port 3 status  = 0x2202e0
[  134.417622] xhci_hcd 0000:00:14.0: Get port status returned 0x1102e0
[  134.417657] usb usb2-port4: not reset yet, waiting 200ms
[  134.417672] xhci_hcd 0000:00:14.0: clear port reset change, actual port 3 status  = 0x202e0
[  134.417692] xhci_hcd 0000:00:14.0: clear port warm(BH) reset change, actual port 3 status  = 0x202e0
[  134.417715] xhci_hcd 0000:00:14.0: clear port link state change, actual port 3 status  = 0x202e0
[  134.417732] xhci_hcd 0000:00:14.0: clear port connect change, actual port 3 status  = 0x2e0
[  134.417743] xhci_hcd 0000:00:14.0: get port status, actual port 3 status  = 0x2e0
[  134.417746] xhci_hcd 0000:00:14.0: Get port status returned 0x2e0
[  134.417845] xhci_hcd 0000:00:14.0: CTRL: TypeReq=0x2303 val=0x5 idx=0x304 len=0 ==> -19
[  134.417893] xhci_hcd 0000:00:14.0: // Ding dong!
[  134.417916] xhci_hcd 0000:00:14.0: CTRL: TypeReq=0x2303 val=0x5 idx=0x304 len=0 ==> -19
[  134.417925] xhci_hcd 0000:00:14.0: Bad real port.
[  134.417930] hub 2-0:1.0: state 7 ports 6 chg 0000 evt 0010
[  134.417944] xhci_hcd 0000:00:14.0: get port status, actual port 3 status  = 0x2e0
[  134.417947] xhci_hcd 0000:00:14.0: Get port status returned 0x2e0
[  134.417969] xhci_hcd 0000:00:14.0: set port remote wake mask, actual port 0 status  = 0xe0002a0
[  134.417992] xhci_hcd 0000:00:14.0: set port remote wake mask, actual port 1 status  = 0xe0002a0
[  134.418010] xhci_hcd 0000:00:14.0: set port remote wake mask, actual port 2 status  = 0xe0002a0
[  134.418027] xhci_hcd 0000:00:14.0: set port remote wake mask, actual port 3 status  = 0xe0002e0
[  134.418044] xhci_hcd 0000:00:14.0: set port remote wake mask, actual port 4 status  = 0xe0002a0
[  134.418067] xhci_hcd 0000:00:14.0: set port remote wake mask, actual port 5 status  = 0xe0002a0
[  134.418075] hub 2-0:1.0: hub_suspend
[  134.418086] usb usb2: bus auto-suspend, wakeup 1
[  134.455605] xhci_hcd 0000:00:14.0: port 3 polling in bus suspend, waiting
[  134.493606] xhci_hcd 0000:00:14.0: port 3 polling in bus suspend, waiting
[  134.493631] xhci_hcd 0000:00:14.0: xhci_hub_status_data: stopping port polling.
[  134.633580] xhci_hcd 0000:00:14.0: xhci_hub_status_data: stopping port polling.
[  135.433725] xhci_hcd 0000:00:14.0: Cancel URB 0000000076ef7b48, dev 8, ep 0x81, starting at offset 0x459f4e680
[  135.433744] xhci_hcd 0000:00:14.0: // Ding dong!
[  135.433802] xhci_hcd 0000:00:14.0: Stopped on Transfer TRB for slot 1 ep 2
[  135.433826] xhci_hcd 0000:00:14.0: Removing canceled TD starting at 0x459f4e680 (dma).
[  135.433834] xhci_hcd 0000:00:14.0: Finding endpoint context
[  135.433842] xhci_hcd 0000:00:14.0: Cycle state = 0x1
