[    0.000000] microcode: microcode updated early to revision 0x1a, date = 2018-04-02
[    0.000000] Linux version 5.0.0-rc6+ (im@im-mac) (gcc version 8.2.1 20181215 (Red Hat 8.2.1-6) (GCC)) #52 SMP Tue Feb 12 13:07:10 +05 2019
[    0.000000] Command line: BOOT_IMAGE=/vmlinuz-5.0.0-rc6+ root=/dev/mapper/im--mac-root ro resume=/dev/mapper/im--mac-swap rd.lvm.lv=im-mac/root rd.luks.uuid=luks-dd1fa933-ef9f-402b-a2e4-7c9d6fb7ce0d rd.lvm.lv=im-mac/swap rhgb quiet hid_apple.fnmode=2 hid_apple.iso_layout=0 xhci_hcd.quirks=0x80 usbcore.quirks=05ac:8406:p
[    0.000000] x86/fpu: Supporting XSAVE feature 0x001: 'x87 floating point registers'
[    0.000000] x86/fpu: Supporting XSAVE feature 0x002: 'SSE registers'
[    0.000000] x86/fpu: Supporting XSAVE feature 0x004: 'AVX registers'
[    0.000000] x86/fpu: xstate_offset[2]:  576, xstate_sizes[2]:  256
[    0.000000] x86/fpu: Enabled xstate features 0x7, context size is 832 bytes, using 'standard' format.
[    0.000000] BIOS-provided physical RAM map:
[    0.000000] BIOS-e820: [mem 0x0000000000000000-0x0000000000057fff] usable
[    0.000000] BIOS-e820: [mem 0x0000000000058000-0x0000000000058fff] reserved
[    0.000000] BIOS-e820: [mem 0x0000000000059000-0x000000000009ffff] usable
[    0.000000] BIOS-e820: [mem 0x00000000000a0000-0x00000000000bffff] reserved
[    0.000000] BIOS-e820: [mem 0x0000000000100000-0x0000000078d00fff] usable
[    0.000000] BIOS-e820: [mem 0x0000000078d01000-0x0000000078d48fff] ACPI NVS
[    0.000000] BIOS-e820: [mem 0x0000000078d49000-0x0000000078d5cfff] usable
[    0.000000] BIOS-e820: [mem 0x0000000078d5d000-0x0000000078d8efff] ACPI data
[    0.000000] BIOS-e820: [mem 0x0000000078d8f000-0x0000000078e39fff] usable
[    0.000000] BIOS-e820: [mem 0x0000000078e3a000-0x0000000078e8efff] reserved
[    0.000000] BIOS-e820: [mem 0x0000000078e8f000-0x0000000078ecbfff] usable
[    0.000000] BIOS-e820: [mem 0x0000000078ecc000-0x0000000078efefff] reserved
[    0.000000] BIOS-e820: [mem 0x0000000078eff000-0x0000000078f84fff] usable
[    0.000000] BIOS-e820: [mem 0x0000000078f85000-0x0000000078fdefff] reserved
[    0.000000] BIOS-e820: [mem 0x0000000078fdf000-0x0000000078ffffff] usable
[    0.000000] BIOS-e820: [mem 0x0000000079000000-0x000000007f9fffff] reserved
[    0.000000] BIOS-e820: [mem 0x00000000e00f8000-0x00000000e00f8fff] reserved
[    0.000000] BIOS-e820: [mem 0x00000000fed1c000-0x00000000fed1ffff] reserved
[    0.000000] BIOS-e820: [mem 0x00000000ffd70000-0x00000000ffd9ffff] reserved
[    0.000000] BIOS-e820: [mem 0x0000000100000000-0x000000047f5fffff] usable
[    0.000000] NX (Execute Disable) protection: active
[    0.000000] e820: update [mem 0x66282710-0x66282ad2] usable ==> usable
[    0.000000] e820: update [mem 0x66282710-0x66282ad2] usable ==> usable
[    0.000000] extended physical RAM map:
[    0.000000] reserve setup_data: [mem 0x0000000000000000-0x0000000000057fff] usable
[    0.000000] reserve setup_data: [mem 0x0000000000058000-0x0000000000058fff] reserved
[    0.000000] reserve setup_data: [mem 0x0000000000059000-0x000000000009ffff] usable
[    0.000000] reserve setup_data: [mem 0x00000000000a0000-0x00000000000bffff] reserved
[    0.000000] reserve setup_data: [mem 0x0000000000100000-0x000000006628270f] usable
[    0.000000] reserve setup_data: [mem 0x0000000066282710-0x0000000066282ad2] usable
[    0.000000] reserve setup_data: [mem 0x0000000066282ad3-0x0000000078d00fff] usable
[    0.000000] reserve setup_data: [mem 0x0000000078d01000-0x0000000078d48fff] ACPI NVS
[    0.000000] reserve setup_data: [mem 0x0000000078d49000-0x0000000078d5cfff] usable
[    0.000000] reserve setup_data: [mem 0x0000000078d5d000-0x0000000078d8efff] ACPI data
[    0.000000] reserve setup_data: [mem 0x0000000078d8f000-0x0000000078e39fff] usable
[    0.000000] reserve setup_data: [mem 0x0000000078e3a000-0x0000000078e8efff] reserved
[    0.000000] reserve setup_data: [mem 0x0000000078e8f000-0x0000000078ecbfff] usable
[    0.000000] reserve setup_data: [mem 0x0000000078ecc000-0x0000000078efefff] reserved
[    0.000000] reserve setup_data: [mem 0x0000000078eff000-0x0000000078f84fff] usable
[    0.000000] reserve setup_data: [mem 0x0000000078f85000-0x0000000078fdefff] reserved
[    0.000000] reserve setup_data: [mem 0x0000000078fdf000-0x0000000078ffffff] usable
[    0.000000] reserve setup_data: [mem 0x0000000079000000-0x000000007f9fffff] reserved
[    0.000000] reserve setup_data: [mem 0x00000000e00f8000-0x00000000e00f8fff] reserved
[    0.000000] reserve setup_data: [mem 0x00000000fed1c000-0x00000000fed1ffff] reserved
[    0.000000] reserve setup_data: [mem 0x00000000ffd70000-0x00000000ffd9ffff] reserved
[    0.000000] reserve setup_data: [mem 0x0000000100000000-0x000000047f5fffff] usable
[    0.000000] efi: EFI v1.10 by Apple
[    0.000000] efi:  ACPI=0x78d8e000  ACPI 2.0=0x78d8e014  SMBIOS=0x78f8b000 
[    0.000000] SMBIOS 2.7 present.
[    0.000000] DMI: Apple Inc. MacBookPro11,4/Mac-06F11FD93F0323C5, BIOS MBP114.88Z.0184.B00.1806051659 06/05/2018
[    0.000000] tsc: Fast TSC calibration using PIT
[    0.000000] tsc: Detected 2195.029 MHz processor
[    0.000115] e820: update [mem 0x00000000-0x00000fff] usable ==> reserved
[    0.000116] e820: remove [mem 0x000a0000-0x000fffff] usable
[    0.000121] last_pfn = 0x47f600 max_arch_pfn = 0x400000000
[    0.000124] MTRR default type: write-back
[    0.000124] MTRR fixed ranges enabled:
[    0.000125]   00000-9FFFF write-back
[    0.000126]   A0000-BFFFF uncachable
[    0.000127]   C0000-DFFFF write-protect
[    0.000127]   E0000-FFFFF uncachable
[    0.000127] MTRR variable ranges enabled:
[    0.000128]   0 base 0080000000 mask 7F80000000 uncachable
[    0.000129]   1 base 007C000000 mask 7FFC000000 uncachable
[    0.000130]   2 base 007A000000 mask 7FFE000000 uncachable
[    0.000130]   3 base 0079000000 mask 7FFF000000 uncachable
[    0.000130]   4 disabled
[    0.000131]   5 disabled
[    0.000131]   6 disabled
[    0.000131]   7 disabled
[    0.000132]   8 disabled
[    0.000132]   9 disabled
[    0.009929] x86/PAT: Configuration [0-7]: WB  WC  UC- UC  WB  WP  UC- WT  
[    0.010022] last_pfn = 0x79000 max_arch_pfn = 0x400000000
[    0.021594] Base memory trampoline at [(____ptrval____)] 99000 size 24576
[    0.021598] Using GB pages for direct mapping
[    0.021599] BRK [0x214e01000, 0x214e01fff] PGTABLE
[    0.021601] BRK [0x214e02000, 0x214e02fff] PGTABLE
[    0.021602] BRK [0x214e03000, 0x214e03fff] PGTABLE
[    0.021624] BRK [0x214e04000, 0x214e04fff] PGTABLE
[    0.021625] BRK [0x214e05000, 0x214e05fff] PGTABLE
[    0.021684] BRK [0x214e06000, 0x214e06fff] PGTABLE
[    0.021698] BRK [0x214e07000, 0x214e07fff] PGTABLE
[    0.021738] BRK [0x214e08000, 0x214e08fff] PGTABLE
[    0.021829] Secure boot disabled
[    0.021830] RAMDISK: [mem 0x42ab8000-0x48560fff]
[    0.021841] ACPI: Early table checksum verification disabled
[    0.021843] ACPI: RSDP 0x0000000078D8E014 000024 (v02 APPLE )
[    0.021846] ACPI: XSDT 0x0000000078D8E1C0 0000A4 (v01 APPLE  Apple00  00000000      01000013)
[    0.021850] ACPI: FACP 0x0000000078D8C000 0000F4 (v05 APPLE  Apple00  00000000 Loki 0000005F)
[    0.021852] ACPI BIOS Warning (bug): 32/64X length mismatch in FADT/Gpe0Block: 128/0 (20181213/tbfadt-569)
[    0.021855] ACPI: DSDT 0x0000000078D7F000 007331 (v03 APPLE  MacBookP 00110004 INTL 20140424)
[    0.021857] ACPI: FACS 0x0000000078D06000 000040
[    0.021858] ACPI: FACS 0x0000000078D06000 000040
[    0.021860] ACPI: HPET 0x0000000078D8B000 000038 (v01 APPLE  Apple00  00000001 Loki 0000005F)
[    0.021862] ACPI: APIC 0x0000000078D8A000 0000BC (v02 APPLE  Apple00  00000001 Loki 0000005F)
[    0.021864] ACPI: SBST 0x0000000078D88000 000030 (v01 APPLE  Apple00  00000001 Loki 0000005F)
[    0.021865] ACPI: ECDT 0x0000000078D87000 000053 (v01 APPLE  Apple00  00000001 Loki 0000005F)
[    0.021867] ACPI: SSDT 0x0000000078D7E000 000024 (v01 APPLE  SataAhci 00001000 INTL 20140424)
[    0.021869] ACPI: SSDT 0x0000000078D7D000 000024 (v01 APPLE  SmcDppt  00001000 INTL 20140424)
[    0.021871] ACPI: SSDT 0x0000000078D7C000 000032 (v01 APPLE  SsdtS3   00001000 INTL 20140424)
[    0.021872] ACPI: SSDT 0x0000000078D68000 0086DA (v01 APPLE  TbtPEG11 00001000 INTL 20140424)
[    0.021874] ACPI: SSDT 0x0000000078D67000 0000B8 (v01 APPLE  Sdxc     00001000 INTL 20140424)
[    0.021876] ACPI: SSDT 0x0000000078D66000 000A7B (v02 APPLE  Xhci     00001000 INTL 20140424)
[    0.021878] ACPI: SSDT 0x0000000078D64000 000341 (v01 APPLE  PEG0SSD0 00001000 INTL 20140424)
[    0.021879] ACPI: SSDT 0x0000000078D5F000 00069C (v01 PmRef  Cpu0Ist  00003000 INTL 20140424)
[    0.021881] ACPI: SSDT 0x0000000078D5E000 000C17 (v01 CpuRef CpuSsdt  00003000 INTL 20140424)
[    0.021883] ACPI: DMAR 0x0000000078D5D000 000088 (v01 APPLE  BDW      00000001 INTL 00000001)
[    0.021885] ACPI: MCFG 0x0000000078D89000 00003C (v01 APPLE  Apple00  00000001 Loki 0000005F)
[    0.021889] ACPI: DMI detected to setup _OSI("Darwin"): Apple hardware
[    0.021891] ACPI: Local APIC address 0xfee00000
[    0.021963] No NUMA configuration found
[    0.021964] Faking a node at [mem 0x0000000000000000-0x000000047f5fffff]
[    0.021972] NODE_DATA(0) allocated [mem 0x47f5d5000-0x47f5fffff]
[    0.051719] Zone ranges:
[    0.051721]   DMA      [mem 0x0000000000001000-0x0000000000ffffff]
[    0.051722]   DMA32    [mem 0x0000000001000000-0x00000000ffffffff]
[    0.051723]   Normal   [mem 0x0000000100000000-0x000000047f5fffff]
[    0.051723]   Device   empty
[    0.051724] Movable zone start for each node
[    0.051727] Early memory node ranges
[    0.051727]   node   0: [mem 0x0000000000001000-0x0000000000057fff]
[    0.051728]   node   0: [mem 0x0000000000059000-0x000000000009ffff]
[    0.051728]   node   0: [mem 0x0000000000100000-0x0000000078d00fff]
[    0.051729]   node   0: [mem 0x0000000078d49000-0x0000000078d5cfff]
[    0.051729]   node   0: [mem 0x0000000078d8f000-0x0000000078e39fff]
[    0.051729]   node   0: [mem 0x0000000078e8f000-0x0000000078ecbfff]
[    0.051730]   node   0: [mem 0x0000000078eff000-0x0000000078f84fff]
[    0.051730]   node   0: [mem 0x0000000078fdf000-0x0000000078ffffff]
[    0.051731]   node   0: [mem 0x0000000100000000-0x000000047f5fffff]
[    0.052101] Zeroed struct page in unavailable ranges: 29118 pages
[    0.052102] Initmem setup node 0 [mem 0x0000000000001000-0x000000047f5fffff]
[    0.052103] On node 0 totalpages: 4162626
[    0.052104]   DMA zone: 64 pages used for memmap
[    0.052105]   DMA zone: 22 pages reserved
[    0.052105]   DMA zone: 3998 pages, LIFO batch:0
[    0.052176]   DMA32 zone: 7675 pages used for memmap
[    0.052177]   DMA32 zone: 491172 pages, LIFO batch:63
[    0.064320]   Normal zone: 57304 pages used for memmap
[    0.064321]   Normal zone: 3667456 pages, LIFO batch:63
[    0.133251] Reserving Intel graphics memory at [mem 0x79a00000-0x7f9fffff]
[    0.133317] ACPI: PM-Timer IO Port: 0x1808
[    0.133318] ACPI: Local APIC address 0xfee00000
[    0.133323] ACPI: LAPIC_NMI (acpi_id[0x01] high edge lint[0x1])
[    0.133324] ACPI: LAPIC_NMI (acpi_id[0x02] high edge lint[0x1])
[    0.133324] ACPI: LAPIC_NMI (acpi_id[0x03] high edge lint[0x1])
[    0.133325] ACPI: LAPIC_NMI (acpi_id[0x04] high edge lint[0x1])
[    0.133325] ACPI: LAPIC_NMI (acpi_id[0x05] high edge lint[0x1])
[    0.133325] ACPI: LAPIC_NMI (acpi_id[0x06] high edge lint[0x1])
[    0.133326] ACPI: LAPIC_NMI (acpi_id[0x07] high edge lint[0x1])
[    0.133326] ACPI: LAPIC_NMI (acpi_id[0x08] high edge lint[0x1])
[    0.133341] IOAPIC[0]: apic_id 2, version 32, address 0xfec00000, GSI 0-23
[    0.133342] ACPI: INT_SRC_OVR (bus 0 bus_irq 0 global_irq 2 dfl dfl)
[    0.133343] ACPI: INT_SRC_OVR (bus 0 bus_irq 9 global_irq 9 high level)
[    0.133344] ACPI: IRQ0 used by override.
[    0.133345] ACPI: IRQ9 used by override.
[    0.133346] Using ACPI (MADT) for SMP configuration information
[    0.133347] ACPI: HPET id: 0x8086a201 base: 0xfed00000
[    0.133350] smpboot: Allowing 8 CPUs, 0 hotplug CPUs
[    0.133364] PM: Registered nosave memory: [mem 0x00000000-0x00000fff]
[    0.133365] PM: Registered nosave memory: [mem 0x00058000-0x00058fff]
[    0.133366] PM: Registered nosave memory: [mem 0x000a0000-0x000bffff]
[    0.133366] PM: Registered nosave memory: [mem 0x000c0000-0x000fffff]
[    0.133367] PM: Registered nosave memory: [mem 0x66282000-0x66282fff]
[    0.133368] PM: Registered nosave memory: [mem 0x66282000-0x66282fff]
[    0.133369] PM: Registered nosave memory: [mem 0x78d01000-0x78d48fff]
[    0.133370] PM: Registered nosave memory: [mem 0x78d5d000-0x78d8efff]
[    0.133371] PM: Registered nosave memory: [mem 0x78e3a000-0x78e8efff]
[    0.133372] PM: Registered nosave memory: [mem 0x78ecc000-0x78efefff]
[    0.133373] PM: Registered nosave memory: [mem 0x78f85000-0x78fdefff]
[    0.133374] PM: Registered nosave memory: [mem 0x79000000-0x7f9fffff]
[    0.133375] PM: Registered nosave memory: [mem 0x7fa00000-0xe00f7fff]
[    0.133375] PM: Registered nosave memory: [mem 0xe00f8000-0xe00f8fff]
[    0.133375] PM: Registered nosave memory: [mem 0xe00f9000-0xfed1bfff]
[    0.133376] PM: Registered nosave memory: [mem 0xfed1c000-0xfed1ffff]
[    0.133376] PM: Registered nosave memory: [mem 0xfed20000-0xffd6ffff]
[    0.133376] PM: Registered nosave memory: [mem 0xffd70000-0xffd9ffff]
[    0.133377] PM: Registered nosave memory: [mem 0xffda0000-0xffffffff]
[    0.133378] [mem 0x7fa00000-0xe00f7fff] available for PCI devices
[    0.133380] Booting paravirtualized kernel on bare hardware
[    0.133382] clocksource: refined-jiffies: mask: 0xffffffff max_cycles: 0xffffffff, max_idle_ns: 1910969940391419 ns
[    0.228616] random: get_random_bytes called from start_kernel+0x93/0x503 with crng_init=0
[    0.228621] setup_percpu: NR_CPUS:64 nr_cpumask_bits:64 nr_cpu_ids:8 nr_node_ids:1
[    0.228792] percpu: Embedded 44 pages/cpu @(____ptrval____) s143360 r8192 d28672 u262144
[    0.228797] pcpu-alloc: s143360 r8192 d28672 u262144 alloc=1*2097152
[    0.228798] pcpu-alloc: [0] 0 1 2 3 4 5 6 7 
[    0.228813] Built 1 zonelists, mobility grouping on.  Total pages: 4097561
[    0.228814] Policy zone: Normal
[    0.228815] Kernel command line: BOOT_IMAGE=/vmlinuz-5.0.0-rc6+ root=/dev/mapper/im--mac-root ro resume=/dev/mapper/im--mac-swap rd.lvm.lv=im-mac/root rd.luks.uuid=luks-dd1fa933-ef9f-402b-a2e4-7c9d6fb7ce0d rd.lvm.lv=im-mac/swap rhgb quiet hid_apple.fnmode=2 hid_apple.iso_layout=0 xhci_hcd.quirks=0x80 usbcore.quirks=05ac:8406:p
[    0.273858] Memory: 15843916K/16650504K available (12291K kernel code, 1404K rwdata, 4028K rodata, 2152K init, 4944K bss, 806588K reserved, 0K cma-reserved)
[    0.273987] SLUB: HWalign=64, Order=0-3, MinObjects=0, CPUs=8, Nodes=1
[    0.273995] Kernel/User page tables isolation: enabled
[    0.274016] ftrace: allocating 38170 entries in 150 pages
[    0.286672] rcu: Hierarchical RCU implementation.
[    0.286673] rcu: 	RCU restricting CPUs from NR_CPUS=64 to nr_cpu_ids=8.
[    0.286674] rcu: RCU calculated value of scheduler-enlistment delay is 100 jiffies.
[    0.286674] rcu: Adjusting geometry for rcu_fanout_leaf=16, nr_cpu_ids=8
[    0.288545] NR_IRQS: 4352, nr_irqs: 488, preallocated irqs: 16
[    0.288671] rcu: 	Offload RCU callbacks from CPUs: (none).
[    0.288714] Console: colour dummy device 80x25
[    0.288719] printk: console [tty0] enabled
[    0.288731] ACPI: Core revision 20181213
[    0.288935] clocksource: hpet: mask: 0xffffffff max_cycles: 0xffffffff, max_idle_ns: 133484882848 ns
[    0.288944] hpet clockevent registered
[    0.288947] APIC: Switch to symmetric I/O mode setup
[    0.288949] DMAR: Host address width 39
[    0.288950] DMAR: DRHD base: 0x000000fed90000 flags: 0x0
[    0.288953] DMAR: dmar0: reg_base_addr fed90000 ver 1:0 cap c0000020660462 ecap f0101a
[    0.288954] DMAR: DRHD base: 0x000000fed91000 flags: 0x1
[    0.288956] DMAR: dmar1: reg_base_addr fed91000 ver 1:0 cap d2008c20660462 ecap f010da
[    0.288956] DMAR: RMRR base: 0x00000079800000 end: 0x0000007f9fffff
[    0.288959] DMAR-IR: IOAPIC id 2 under DRHD base  0xfed91000 IOMMU 1
[    0.288959] DMAR-IR: HPET id 0 under DRHD base 0xfed91000
[    0.288960] DMAR-IR: x2apic is disabled because BIOS sets x2apic opt out bit.
[    0.288960] DMAR-IR: Use 'intremap=no_x2apic_optout' to override the BIOS setting.
[    0.289398] DMAR-IR: Enabled IRQ remapping in xapic mode
[    0.289398] x2apic: IRQ remapping doesn't support X2APIC mode
[    0.289767] ..TIMER: vector=0x30 apic1=0 pin1=2 apic2=-1 pin2=-1
[    0.293952] clocksource: tsc-early: mask: 0xffffffffffffffff max_cycles: 0x1fa3dada7e7, max_idle_ns: 440795269844 ns
[    0.293962] Calibrating delay loop (skipped), value calculated using timer frequency.. 4390.05 BogoMIPS (lpj=2195029)
[    0.293963] pid_max: default: 32768 minimum: 301
[    0.304868] LSM: Security Framework initializing
[    0.304869] Yama: becoming mindful.
[    0.304873] SELinux:  Initializing.
[    0.307784] Dentry cache hash table entries: 2097152 (order: 12, 16777216 bytes)
[    0.308797] Inode-cache hash table entries: 1048576 (order: 11, 8388608 bytes)
[    0.308835] Mount-cache hash table entries: 32768 (order: 6, 262144 bytes)
[    0.308866] Mountpoint-cache hash table entries: 32768 (order: 6, 262144 bytes)
[    0.309029] ENERGY_PERF_BIAS: Set to 'normal', was 'performance'
[    0.309029] ENERGY_PERF_BIAS: View and update with x86_energy_perf_policy(8)
[    0.309033] mce: CPU supports 10 MCE banks
[    0.309041] mce: CPU0: Thermal monitoring enabled (TM1)
[    0.309053] process: using mwait in idle threads
[    0.309055] Last level iTLB entries: 4KB 1024, 2MB 1024, 4MB 1024
[    0.309056] Last level dTLB entries: 4KB 1024, 2MB 1024, 4MB 1024, 1GB 4
[    0.309057] Spectre V2 : Mitigation: Full generic retpoline
[    0.309058] Spectre V2 : Spectre v2 / SpectreRSB mitigation: Filling RSB on context switch
[    0.309058] Spectre V2 : Enabling Restricted Speculation for firmware calls
[    0.309063] Spectre V2 : mitigation: Enabling conditional Indirect Branch Prediction Barrier
[    0.309064] Spectre V2 : User space: Mitigation: STIBP via seccomp and prctl
[    0.309065] Speculative Store Bypass: Mitigation: Speculative Store Bypass disabled via prctl and seccomp
[    0.309224] Freeing SMP alternatives memory: 36K
[    0.310292] TSC deadline timer enabled
[    0.310295] smpboot: CPU0: Intel(R) Core(TM) i7-4770HQ CPU @ 2.20GHz (family: 0x6, model: 0x46, stepping: 0x1)
[    0.310361] Performance Events: PEBS fmt2+, Haswell events, 16-deep LBR, full-width counters, Intel PMU driver.
[    0.310398] ... version:                3
[    0.310399] ... bit width:              48
[    0.310399] ... generic registers:      4
[    0.310400] ... value mask:             0000ffffffffffff
[    0.310400] ... max period:             00007fffffffffff
[    0.310400] ... fixed-purpose events:   3
[    0.310401] ... event mask:             000000070000000f
[    0.310426] rcu: Hierarchical SRCU implementation.
[    0.310849] random: crng done (trusting CPU's manufacturer)
[    0.310953] NMI watchdog: Enabled. Permanently consumes one hw-PMU counter.
[    0.310966] smp: Bringing up secondary CPUs ...
[    0.311016] x86: Booting SMP configuration:
[    0.311017] .... node  #0, CPUs:      #1 #2 #3 #4 #5 #6 #7
[    0.360957] smp: Brought up 1 node, 8 CPUs
[    0.360959] smpboot: Max logical packages: 1
[    0.360960] smpboot: Total of 8 processors activated (35120.46 BogoMIPS)
[    0.362328] devtmpfs: initialized
[    0.362328] x86/mm: Memory block size: 128MB
[    0.363208] PM: Registering ACPI NVS region [mem 0x78d01000-0x78d48fff] (294912 bytes)
[    0.363208] clocksource: jiffies: mask: 0xffffffff max_cycles: 0xffffffff, max_idle_ns: 1911260446275000 ns
[    0.363208] futex hash table entries: 2048 (order: 5, 131072 bytes)
[    0.363208] pinctrl core: initialized pinctrl subsystem
[    0.363208] RTC time: 08:10:03, date: 2019-02-12
[    0.363295] NET: Registered protocol family 16
[    0.363389] audit: initializing netlink subsys (disabled)
[    0.363393] audit: type=2000 audit(1549959003.074:1): state=initialized audit_enabled=0 res=1
[    0.363393] cpuidle: using governor menu
[    0.363393] ACPI: bus type PCI registered
[    0.363393] acpiphp: ACPI Hot Plug PCI Controller Driver version: 0.5
[    0.363393] PCI: MMCONFIG for domain 0000 [bus 00-9b] at [mem 0xe0000000-0xe9bfffff] (base 0xe0000000)
[    0.363393] PCI: not using MMCONFIG
[    0.363393] PCI: Using configuration type 1 for base access
[    0.363393] core: PMU erratum BJ122, BV98, HSD29 worked around, HT is on
[    0.364997] HugeTLB registered 1.00 GiB page size, pre-allocated 0 pages
[    0.364997] HugeTLB registered 2.00 MiB page size, pre-allocated 0 pages
[    0.364997] cryptd: max_cpu_qlen set to 1000
[    0.364997] ACPI: Disabled all _OSI OS vendors
[    0.364997] ACPI: Added _OSI(Module Device)
[    0.364997] ACPI: Added _OSI(Processor Device)
[    0.364998] ACPI: Added _OSI(3.0 _SCP Extensions)
[    0.364998] ACPI: Added _OSI(Processor Aggregator Device)
[    0.364999] ACPI: Added _OSI(Linux-Dell-Video)
[    0.364999] ACPI: Added _OSI(Linux-Lenovo-NV-HDMI-Audio)
[    0.365000] ACPI: Added _OSI(Linux-HPI-Hybrid-Graphics)
[    0.365001] ACPI: Added _OSI(Darwin)
[    0.376522] ACPI: 10 ACPI AML tables successfully acquired and loaded
[    0.377130] ACPI: EC: EC started
[    0.377130] ACPI: EC: interrupt blocked
[    0.378879] ACPI: \: Used as first EC
[    0.378881] ACPI: \: GPE=0x17, EC_CMD/EC_SC=0x66, EC_DATA=0x62
[    0.378882] ACPI: \: Used as boot ECDT EC to handle transactions
[    0.379583] ACPI: BIOS _OSI(Darwin) query honored via DMI
[    0.380104] ACPI: [Firmware Bug]: BIOS _OSI(Linux) query ignored
[    0.380220] ACPI Error: Needed type [Reference], found [Integer] 0000000057225f40 (20181213/exresop-69)
[    0.380223] ACPI Error: AE_AML_OPERAND_TYPE, While resolving operands for [OpcodeName unavailable] (20181213/dswexec-427)
[    0.380225] ACPI Error: Method parse/execution failed \_PR.CPU0._PDC, AE_AML_OPERAND_TYPE (20181213/psparse-531)
[    0.380418] ACPI: Dynamic OEM Table Load:
[    0.380422] ACPI: SSDT 0xFFFF8BECACB4D000 00067C (v01 PmRef  ApIst    00003000 INTL 20140424)
[    0.380796] ACPI: Dynamic OEM Table Load:
[    0.380799] ACPI: SSDT 0xFFFF8BECACB9A400 000119 (v01 PmRef  ApCst    00003000 INTL 20140424)
[    0.381937] ACPI: Interpreter enabled
[    0.381953] ACPI: (supports S0 S3 S4 S5)
[    0.381953] ACPI: Using IOAPIC for interrupt routing
[    0.381972] PCI: MMCONFIG for domain 0000 [bus 00-9b] at [mem 0xe0000000-0xe9bfffff] (base 0xe0000000)
[    0.382338] PCI: MMCONFIG at [mem 0xe0000000-0xe9bfffff] reserved in ACPI motherboard resources
[    0.382346] PCI: Using host bridge windows from ACPI; if necessary, use "pci=nocrs" and report a bug
[    0.382525] ACPI: Enabled 7 GPEs in block 00 to 3F
[    0.389754] ACPI: PCI Root Bridge [PCI0] (domain 0000 [bus 00-ff])
[    0.389758] acpi PNP0A08:00: _OSC: OS assumes control of [PCIeHotplug SHPCHotplug AER PCIeCapability LTR]
[    0.389767] acpi PNP0A08:00: [Firmware Info]: MMCONFIG for domain 0000 [bus 00-9b] only partially covers this bridge
[    0.389971] PCI host bridge to bus 0000:00
[    0.389973] pci_bus 0000:00: root bus resource [io  0x0000-0x0cf7 window]
[    0.389974] pci_bus 0000:00: root bus resource [io  0x0d00-0xffff window]
[    0.389975] pci_bus 0000:00: root bus resource [mem 0x000a0000-0x000bffff window]
[    0.389976] pci_bus 0000:00: root bus resource [mem 0x000c0000-0x000c3fff window]
[    0.389977] pci_bus 0000:00: root bus resource [mem 0x000c4000-0x000c7fff window]
[    0.389978] pci_bus 0000:00: root bus resource [mem 0x000c8000-0x000cbfff window]
[    0.389979] pci_bus 0000:00: root bus resource [mem 0x000cc000-0x000cffff window]
[    0.389980] pci_bus 0000:00: root bus resource [mem 0x000d0000-0x000d3fff window]
[    0.389981] pci_bus 0000:00: root bus resource [mem 0x000d4000-0x000d7fff window]
[    0.389982] pci_bus 0000:00: root bus resource [mem 0x000d8000-0x000dbfff window]
[    0.389982] pci_bus 0000:00: root bus resource [mem 0x000dc000-0x000dffff window]
[    0.389983] pci_bus 0000:00: root bus resource [mem 0x000e0000-0x000e3fff window]
[    0.389984] pci_bus 0000:00: root bus resource [mem 0x000e4000-0x000e7fff window]
[    0.389985] pci_bus 0000:00: root bus resource [mem 0x000e8000-0x000ebfff window]
[    0.389986] pci_bus 0000:00: root bus resource [mem 0x000ec000-0x000effff window]
[    0.389987] pci_bus 0000:00: root bus resource [mem 0x000f0000-0x000fffff window]
[    0.389988] pci_bus 0000:00: root bus resource [mem 0x7fa00000-0xfeafffff window]
[    0.389989] pci_bus 0000:00: root bus resource [mem 0xfed40000-0xfed44fff window]
[    0.389990] pci_bus 0000:00: root bus resource [bus 00-ff]
[    0.389996] pci 0000:00:00.0: [8086:0d04] type 00 class 0x060000
[    0.390062] pci 0000:00:01.0: [8086:0d01] type 01 class 0x060400
[    0.390094] pci 0000:00:01.0: PME# supported from D0 D3hot D3cold
[    0.390139] pci 0000:00:01.1: [8086:0d05] type 01 class 0x060400
[    0.390167] pci 0000:00:01.1: PME# supported from D0 D3hot D3cold
[    0.390237] pci 0000:00:02.0: [8086:0d26] type 00 class 0x030000
[    0.390246] pci 0000:00:02.0: reg 0x10: [mem 0xa0000000-0xa03fffff 64bit]
[    0.390250] pci 0000:00:02.0: reg 0x18: [mem 0x90000000-0x9fffffff 64bit pref]
[    0.390254] pci 0000:00:02.0: reg 0x20: [io  0x3000-0x303f]
[    0.390263] pci 0000:00:02.0: BAR 2: assigned to efifb
[    0.390311] pci 0000:00:03.0: [8086:0d0c] type 00 class 0x040300
[    0.390319] pci 0000:00:03.0: reg 0x10: [mem 0xa0c10000-0xa0c13fff 64bit]
[    0.390397] pci 0000:00:14.0: [8086:8c31] type 00 class 0x0c0330
[    0.390415] pci 0000:00:14.0: reg 0x10: [mem 0xa0c00000-0xa0c0ffff 64bit]
[    0.390465] pci 0000:00:14.0: PME# supported from D3hot D3cold
[    0.390541] pci 0000:00:16.0: [8086:8c3a] type 00 class 0x078000
[    0.390560] pci 0000:00:16.0: reg 0x10: [mem 0xa0c19100-0xa0c1910f 64bit]
[    0.390614] pci 0000:00:16.0: PME# supported from D0 D3hot D3cold
[    0.390669] pci 0000:00:1b.0: [8086:8c20] type 00 class 0x040300
[    0.390686] pci 0000:00:1b.0: reg 0x10: [mem 0xa0c14000-0xa0c17fff 64bit]
[    0.390744] pci 0000:00:1b.0: PME# supported from D0 D3hot D3cold
[    0.390793] pci 0000:00:1c.0: [8086:8c10] type 01 class 0x060400
[    0.390835] pci 0000:00:1c.0: claimed MacBook Pro poweroff workaround [mem 0x7fa00000-0x7fbfffff]
[    0.390879] pci 0000:00:1c.0: PME# supported from D0 D3hot D3cold
[    0.390939] pci 0000:00:1c.2: [8086:8c14] type 01 class 0x060400
[    0.391009] pci 0000:00:1c.2: PME# supported from D0 D3hot D3cold
[    0.391067] pci 0000:00:1c.3: [8086:8c16] type 01 class 0x060400
[    0.391135] pci 0000:00:1c.3: PME# supported from D0 D3hot D3cold
[    0.391198] pci 0000:00:1f.0: [8086:8c4b] type 00 class 0x060100
[    0.391331] pci 0000:00:1f.3: [8086:8c22] type 00 class 0x0c0500
[    0.391347] pci 0000:00:1f.3: reg 0x10: [mem 0xa0c19000-0xa0c190ff 64bit]
[    0.391364] pci 0000:00:1f.3: reg 0x20: [io  0xefa0-0xefbf]
[    0.391421] pci 0000:00:1f.6: [8086:8c24] type 00 class 0x118000
[    0.391439] pci 0000:00:1f.6: reg 0x10: [mem 0xa0c18000-0xa0c18fff 64bit]
[    0.391589] pci 0000:01:00.0: [144d:a801] type 00 class 0x010601
[    0.391623] pci 0000:01:00.0: reg 0x24: [mem 0xa0b00000-0xa0b01fff]
[    0.391748] pci 0000:00:01.0: PCI bridge to [bus 01]
[    0.391750] pci 0000:00:01.0:   bridge window [mem 0xa0b00000-0xa0bfffff]
[    0.391798] pci 0000:05:00.0: [8086:156d] type 01 class 0x060400
[    0.391878] pci 0000:05:00.0: supports D1 D2
[    0.391879] pci 0000:05:00.0: PME# supported from D0 D1 D2 D3hot D3cold
[    0.391965] pci 0000:00:01.1: PCI bridge to [bus 05-9b]
[    0.391967] pci 0000:00:01.1:   bridge window [io  0x4000-0x6fff]
[    0.391969] pci 0000:00:01.1:   bridge window [mem 0xa0d00000-0xacdfffff]
[    0.391971] pci 0000:00:01.1:   bridge window [mem 0xace00000-0xb8dfffff 64bit pref]
[    0.392052] pci 0000:06:00.0: [8086:156d] type 01 class 0x060400
[    0.392141] pci 0000:06:00.0: supports D1 D2
[    0.392142] pci 0000:06:00.0: PME# supported from D0 D1 D2 D3hot D3cold
[    0.392204] pci 0000:06:03.0: [8086:156d] type 01 class 0x060400
[    0.392291] pci 0000:06:03.0: supports D1 D2
[    0.392292] pci 0000:06:03.0: PME# supported from D0 D1 D2 D3hot D3cold
[    0.392350] pci 0000:06:04.0: [8086:156d] type 01 class 0x060400
[    0.392437] pci 0000:06:04.0: supports D1 D2
[    0.392438] pci 0000:06:04.0: PME# supported from D0 D1 D2 D3hot D3cold
[    0.392497] pci 0000:06:05.0: [8086:156d] type 01 class 0x060400
[    0.392583] pci 0000:06:05.0: supports D1 D2
[    0.392584] pci 0000:06:05.0: PME# supported from D0 D1 D2 D3hot D3cold
[    0.392643] pci 0000:06:06.0: [8086:156d] type 01 class 0x060400
[    0.392729] pci 0000:06:06.0: supports D1 D2
[    0.392730] pci 0000:06:06.0: PME# supported from D0 D1 D2 D3hot D3cold
[    0.392798] pci 0000:05:00.0: PCI bridge to [bus 06-6b]
[    0.392802] pci 0000:05:00.0:   bridge window [io  0x4000-0x5fff]
[    0.392805] pci 0000:05:00.0:   bridge window [mem 0xa0d00000-0xa8dfffff]
[    0.392808] pci 0000:05:00.0:   bridge window [mem 0xace00000-0xb4dfffff 64bit pref]
[    0.392855] pci 0000:07:00.0: [8086:156c] type 00 class 0x088000
[    0.392879] pci 0000:07:00.0: reg 0x10: [mem 0xa0d00000-0xa0d3ffff]
[    0.392888] pci 0000:07:00.0: reg 0x14: [mem 0xa0d40000-0xa0d40fff]
[    0.393007] pci 0000:07:00.0: supports D1 D2
[    0.393008] pci 0000:07:00.0: PME# supported from D0 D1 D2 D3hot D3cold
[    0.393150] pci 0000:06:00.0: PCI bridge to [bus 07]
[    0.393156] pci 0000:06:00.0:   bridge window [mem 0xa0d00000-0xa0dfffff]
[    0.393210] pci 0000:06:03.0: PCI bridge to [bus 08-38]
[    0.393214] pci 0000:06:03.0:   bridge window [io  0x4000-0x4fff]
[    0.393216] pci 0000:06:03.0:   bridge window [mem 0xa0e00000-0xa4dfffff]
[    0.393220] pci 0000:06:03.0:   bridge window [mem 0xace00000-0xb0dfffff 64bit pref]
[    0.393270] pci 0000:06:04.0: PCI bridge to [bus 39]
[    0.393325] pci 0000:06:05.0: PCI bridge to [bus 3a-6a]
[    0.393329] pci 0000:06:05.0:   bridge window [io  0x5000-0x5fff]
[    0.393331] pci 0000:06:05.0:   bridge window [mem 0xa4e00000-0xa8dfffff]
[    0.393335] pci 0000:06:05.0:   bridge window [mem 0xb0e00000-0xb4dfffff 64bit pref]
[    0.393362] pci 0000:06:06.0: PCI bridge to [bus 6b]
[    0.393428] pci 0000:00:1c.0: PCI bridge to [bus 02]
[    0.393523] pci 0000:03:00.0: [14e4:43ba] type 00 class 0x028000
[    0.393586] pci 0000:03:00.0: reg 0x10: [mem 0xa0800000-0xa0807fff 64bit]
[    0.393612] pci 0000:03:00.0: reg 0x18: [mem 0xa0400000-0xa07fffff 64bit]
[    0.393819] pci 0000:03:00.0: supports D1 D2
[    0.393820] pci 0000:03:00.0: PME# supported from D0 D1 D2 D3hot D3cold
[    0.394030] pci 0000:00:1c.2: PCI bridge to [bus 03]
[    0.394034] pci 0000:00:1c.2:   bridge window [mem 0xa0400000-0xa08fffff]
[    0.394095] pci 0000:04:00.0: [14e4:1570] type 00 class 0x048000
[    0.394126] pci 0000:04:00.0: reg 0x10: [mem 0xa0a00000-0xa0a0ffff 64bit]
[    0.394141] pci 0000:04:00.0: reg 0x18: [mem 0x80000000-0x8fffffff 64bit pref]
[    0.394155] pci 0000:04:00.0: reg 0x20: [mem 0xa0900000-0xa09fffff 64bit]
[    0.394240] pci 0000:04:00.0: supports D1
[    0.394241] pci 0000:04:00.0: PME# supported from D0 D3hot
[    0.394348] pci 0000:00:1c.3: PCI bridge to [bus 04]
[    0.394353] pci 0000:00:1c.3:   bridge window [mem 0xa0900000-0xa0afffff]
[    0.394357] pci 0000:00:1c.3:   bridge window [mem 0x80000000-0x8fffffff 64bit pref]
[    0.395097] ACPI: PCI Interrupt Link [LNKA] (IRQs 1 3 4 5 6 7 10 12 14 15) *0, disabled.
[    0.395145] ACPI: PCI Interrupt Link [LNKB] (IRQs 1 3 4 5 6 7 11 12 14 15) *0, disabled.
[    0.395186] ACPI: PCI Interrupt Link [LNKC] (IRQs 1 3 4 5 6 7 10 12 14 15) *0, disabled.
[    0.395227] ACPI: PCI Interrupt Link [LNKD] (IRQs 1 3 4 5 6 7 11 12 14 15) *0, disabled.
[    0.395272] ACPI: PCI Interrupt Link [LNKE] (IRQs 1 3 4 5 6 7 10 12 14 15) *0, disabled.
[    0.395317] ACPI: PCI Interrupt Link [LNKF] (IRQs 1 3 4 5 6 7 11 12 14 15) *0, disabled.
[    0.395361] ACPI: PCI Interrupt Link [LNKG] (IRQs 1 3 4 5 6 7 10 12 14 15) *0, disabled.
[    0.395406] ACPI: PCI Interrupt Link [LNKH] (IRQs 1 3 4 5 6 7 11 12 14 15) *0, disabled.
[    0.395548] ACPI: EC: interrupt unblocked
[    0.395566] ACPI: EC: event unblocked
[    0.395571] ACPI: \_SB_.PCI0.LPCB.EC__: GPE=0x17, EC_CMD/EC_SC=0x66, EC_DATA=0x62
[    0.395572] ACPI: \_SB_.PCI0.LPCB.EC__: Used as boot DSDT EC to handle transactions and events
[    0.395615] pci 0000:00:02.0: vgaarb: setting as boot VGA device
[    0.395615] pci 0000:00:02.0: vgaarb: VGA device added: decodes=io+mem,owns=io+mem,locks=none
[    0.395615] pci 0000:00:02.0: vgaarb: bridge control possible
[    0.395615] vgaarb: loaded
[    0.395615] SCSI subsystem initialized
[    0.395615] libata version 3.00 loaded.
[    0.395615] ACPI: bus type USB registered
[    0.395615] usbcore: registered new interface driver usbfs
[    0.395615] usbcore: registered new interface driver hub
[    0.395615] usbcore: registered new device driver usb
[    0.395615] pps_core: LinuxPPS API ver. 1 registered
[    0.395615] pps_core: Software ver. 5.3.6 - Copyright 2005-2007 Rodolfo Giometti <giometti@linux.it>
[    0.395615] PTP clock support registered
[    0.395615] EDAC MC: Ver: 3.0.0
[    0.395615] Registered efivars operations
[    0.446976] PCI: Using ACPI for IRQ routing
[    0.450212] PCI: pci_cache_line_size set to 64 bytes
[    0.450349] e820: reserve RAM buffer [mem 0x00058000-0x0005ffff]
[    0.450350] e820: reserve RAM buffer [mem 0x66282710-0x67ffffff]
[    0.450351] e820: reserve RAM buffer [mem 0x78d01000-0x7bffffff]
[    0.450352] e820: reserve RAM buffer [mem 0x78d5d000-0x7bffffff]
[    0.450353] e820: reserve RAM buffer [mem 0x78e3a000-0x7bffffff]
[    0.450354] e820: reserve RAM buffer [mem 0x78ecc000-0x7bffffff]
[    0.450355] e820: reserve RAM buffer [mem 0x78f85000-0x7bffffff]
[    0.450356] e820: reserve RAM buffer [mem 0x79000000-0x7bffffff]
[    0.450356] e820: reserve RAM buffer [mem 0x47f600000-0x47fffffff]
[    0.450429] NetLabel: Initializing
[    0.450430] NetLabel:  domain hash size = 128
[    0.450430] NetLabel:  protocols = UNLABELED CIPSOv4 CALIPSO
[    0.450439] NetLabel:  unlabeled traffic allowed by default
[    0.451034] hpet0: at MMIO 0xfed00000, IRQs 2, 8, 0, 0, 0, 0, 0, 0
[    0.451037] hpet0: 8 comparators, 64-bit 14.318180 MHz counter
[    0.452970] clocksource: Switched to clocksource tsc-early
[    0.462608] VFS: Disk quotas dquot_6.6.0
[    0.462622] VFS: Dquot-cache hash table entries: 512 (order 0, 4096 bytes)
[    0.462668] pnp: PnP ACPI init
[    0.463308] system 00:00: [mem 0xfed00000-0xfed03fff] has been reserved
[    0.463312] system 00:00: Plug and Play ACPI device, IDs PNP0103 PNP0c01 (active)
[    0.463345] system 00:01: [io  0xffff] has been reserved
[    0.463346] system 00:01: [io  0x1800-0x187f] has been reserved
[    0.463348] system 00:01: [io  0x0800-0x087f] has been reserved
[    0.463350] system 00:01: Plug and Play ACPI device, IDs PNP0c02 (active)
[    0.463362] pnp 00:02: Plug and Play ACPI device, IDs PNP0b00 (active)
[    0.463406] pnp 00:03: Plug and Play ACPI device, IDs APP000b (active)
[    0.463504] system 00:04: [mem 0xfed1c000-0xfed1ffff] has been reserved
[    0.463505] system 00:04: [mem 0xfed10000-0xfed17fff] has been reserved
[    0.463506] system 00:04: [mem 0xfed18000-0xfed18fff] has been reserved
[    0.463507] system 00:04: [mem 0xfed19000-0xfed19fff] has been reserved
[    0.463509] system 00:04: [mem 0xe0000000-0xefffffff] could not be reserved
[    0.463510] system 00:04: [mem 0xfed20000-0xfed3ffff] has been reserved
[    0.463511] system 00:04: [mem 0xfed90000-0xfed93fff] could not be reserved
[    0.463512] system 00:04: [mem 0xfed45000-0xfed8ffff] has been reserved
[    0.463514] system 00:04: [mem 0xff000000-0xffffffff] could not be reserved
[    0.463515] system 00:04: [mem 0xfee00000-0xfeefffff] has been reserved
[    0.463518] system 00:04: Plug and Play ACPI device, IDs PNP0c02 (active)
[    0.463554] system 00:05: [mem 0x20000000-0x201fffff] could not be reserved
[    0.463555] system 00:05: [mem 0x40000000-0x401fffff] could not be reserved
[    0.463558] system 00:05: Plug and Play ACPI device, IDs PNP0c01 (active)
[    0.463665] pnp: PnP ACPI: found 6 devices
[    0.464492] pci 0000:07:00.0: assigning 8 device properties
[    0.464502] pci 0000:00:1b.0: assigning 4 device properties
[    0.464507] pci 0000:00:02.0: assigning 2 device properties
[    0.469075] clocksource: acpi_pm: mask: 0xffffff max_cycles: 0xffffff, max_idle_ns: 2085701024 ns
[    0.469106] pci 0000:06:00.0: bridge window [io  0x1000-0x0fff] to [bus 07] add_size 1000
[    0.469108] pci 0000:06:00.0: bridge window [mem 0x00100000-0x000fffff 64bit pref] to [bus 07] add_size 200000 add_align 100000
[    0.469119] pci 0000:06:04.0: bridge window [io  0x1000-0x0fff] to [bus 39] add_size 1000
[    0.469120] pci 0000:06:04.0: bridge window [mem 0x00100000-0x000fffff 64bit pref] to [bus 39] add_size 200000 add_align 100000
[    0.469121] pci 0000:06:04.0: bridge window [mem 0x00100000-0x000fffff] to [bus 39] add_size 200000 add_align 100000
[    0.469132] pci 0000:06:06.0: bridge window [io  0x1000-0x0fff] to [bus 6b] add_size 1000
[    0.469133] pci 0000:06:06.0: bridge window [mem 0x00100000-0x000fffff 64bit pref] to [bus 6b] add_size 200000 add_align 100000
[    0.469134] pci 0000:06:06.0: bridge window [mem 0x00100000-0x000fffff] to [bus 6b] add_size 200000 add_align 100000
[    0.469153] pci 0000:00:1c.0: bridge window [io  0x1000-0x0fff] to [bus 02] add_size 1000
[    0.469154] pci 0000:00:1c.0: bridge window [mem 0x00100000-0x000fffff 64bit pref] to [bus 02] add_size 200000 add_align 100000
[    0.469155] pci 0000:00:1c.0: bridge window [mem 0x00100000-0x000fffff] to [bus 02] add_size 200000 add_align 100000
[    0.469178] pci 0000:00:1c.0: BAR 14: assigned [mem 0x7fc00000-0x7fdfffff]
[    0.469185] pci 0000:00:1c.0: BAR 15: assigned [mem 0x7fe00000-0x7fffffff 64bit pref]
[    0.469187] pci 0000:00:1c.0: BAR 13: assigned [io  0x2000-0x2fff]
[    0.469189] pci 0000:00:01.0: PCI bridge to [bus 01]
[    0.469192] pci 0000:00:01.0:   bridge window [mem 0xa0b00000-0xa0bfffff]
[    0.469198] pci 0000:06:00.0: BAR 15: no space for [mem size 0x00200000 64bit pref]
[    0.469199] pci 0000:06:00.0: BAR 15: failed to assign [mem size 0x00200000 64bit pref]
[    0.469200] pci 0000:06:04.0: BAR 14: no space for [mem size 0x00200000]
[    0.469201] pci 0000:06:04.0: BAR 14: failed to assign [mem size 0x00200000]
[    0.469203] pci 0000:06:04.0: BAR 15: no space for [mem size 0x00200000 64bit pref]
[    0.469204] pci 0000:06:04.0: BAR 15: failed to assign [mem size 0x00200000 64bit pref]
[    0.469205] pci 0000:06:06.0: BAR 14: no space for [mem size 0x00200000]
[    0.469206] pci 0000:06:06.0: BAR 14: failed to assign [mem size 0x00200000]
[    0.469208] pci 0000:06:06.0: BAR 15: no space for [mem size 0x00200000 64bit pref]
[    0.469209] pci 0000:06:06.0: BAR 15: failed to assign [mem size 0x00200000 64bit pref]
[    0.469210] pci 0000:06:00.0: BAR 13: no space for [io  size 0x1000]
[    0.469211] pci 0000:06:00.0: BAR 13: failed to assign [io  size 0x1000]
[    0.469212] pci 0000:06:04.0: BAR 13: no space for [io  size 0x1000]
[    0.469213] pci 0000:06:04.0: BAR 13: failed to assign [io  size 0x1000]
[    0.469214] pci 0000:06:06.0: BAR 13: no space for [io  size 0x1000]
[    0.469215] pci 0000:06:06.0: BAR 13: failed to assign [io  size 0x1000]
[    0.469216] pci 0000:06:06.0: BAR 14: no space for [mem size 0x00200000]
[    0.469217] pci 0000:06:06.0: BAR 14: failed to assign [mem size 0x00200000]
[    0.469219] pci 0000:06:06.0: BAR 15: no space for [mem size 0x00200000 64bit pref]
[    0.469220] pci 0000:06:06.0: BAR 15: failed to assign [mem size 0x00200000 64bit pref]
[    0.469221] pci 0000:06:06.0: BAR 13: no space for [io  size 0x1000]
[    0.469222] pci 0000:06:06.0: BAR 13: failed to assign [io  size 0x1000]
[    0.469223] pci 0000:06:04.0: BAR 14: no space for [mem size 0x00200000]
[    0.469224] pci 0000:06:04.0: BAR 14: failed to assign [mem size 0x00200000]
[    0.469226] pci 0000:06:04.0: BAR 15: no space for [mem size 0x00200000 64bit pref]
[    0.469227] pci 0000:06:04.0: BAR 15: failed to assign [mem size 0x00200000 64bit pref]
[    0.469228] pci 0000:06:04.0: BAR 13: no space for [io  size 0x1000]
[    0.469229] pci 0000:06:04.0: BAR 13: failed to assign [io  size 0x1000]
[    0.469230] pci 0000:06:00.0: BAR 15: no space for [mem size 0x00200000 64bit pref]
[    0.469231] pci 0000:06:00.0: BAR 15: failed to assign [mem size 0x00200000 64bit pref]
[    0.469232] pci 0000:06:00.0: BAR 13: no space for [io  size 0x1000]
[    0.469233] pci 0000:06:00.0: BAR 13: failed to assign [io  size 0x1000]
[    0.469234] pci 0000:06:00.0: PCI bridge to [bus 07]
[    0.469238] pci 0000:06:00.0:   bridge window [mem 0xa0d00000-0xa0dfffff]
[    0.469244] pci 0000:06:03.0: PCI bridge to [bus 08-38]
[    0.469245] pci 0000:06:03.0:   bridge window [io  0x4000-0x4fff]
[    0.469249] pci 0000:06:03.0:   bridge window [mem 0xa0e00000-0xa4dfffff]
[    0.469251] pci 0000:06:03.0:   bridge window [mem 0xace00000-0xb0dfffff 64bit pref]
[    0.469255] pci 0000:06:04.0: PCI bridge to [bus 39]
[    0.469263] pci 0000:06:05.0: PCI bridge to [bus 3a-6a]
[    0.469265] pci 0000:06:05.0:   bridge window [io  0x5000-0x5fff]
[    0.469268] pci 0000:06:05.0:   bridge window [mem 0xa4e00000-0xa8dfffff]
[    0.469271] pci 0000:06:05.0:   bridge window [mem 0xb0e00000-0xb4dfffff 64bit pref]
[    0.469275] pci 0000:06:06.0: PCI bridge to [bus 6b]
[    0.469283] pci 0000:05:00.0: PCI bridge to [bus 06-6b]
[    0.469284] pci 0000:05:00.0:   bridge window [io  0x4000-0x5fff]
[    0.469288] pci 0000:05:00.0:   bridge window [mem 0xa0d00000-0xa8dfffff]
[    0.469290] pci 0000:05:00.0:   bridge window [mem 0xace00000-0xb4dfffff 64bit pref]
[    0.469294] pci 0000:00:01.1: PCI bridge to [bus 05-9b]
[    0.469295] pci 0000:00:01.1:   bridge window [io  0x4000-0x6fff]
[    0.469297] pci 0000:00:01.1:   bridge window [mem 0xa0d00000-0xacdfffff]
[    0.469299] pci 0000:00:01.1:   bridge window [mem 0xace00000-0xb8dfffff 64bit pref]
[    0.469301] pci 0000:00:1c.0: PCI bridge to [bus 02]
[    0.469309] pci 0000:00:1c.0:   bridge window [io  0x2000-0x2fff]
[    0.469313] pci 0000:00:1c.0:   bridge window [mem 0x7fc00000-0x7fdfffff]
[    0.469316] pci 0000:00:1c.0:   bridge window [mem 0x7fe00000-0x7fffffff 64bit pref]
[    0.469321] pci 0000:00:1c.2: PCI bridge to [bus 03]
[    0.469325] pci 0000:00:1c.2:   bridge window [mem 0xa0400000-0xa08fffff]
[    0.469332] pci 0000:00:1c.3: PCI bridge to [bus 04]
[    0.469336] pci 0000:00:1c.3:   bridge window [mem 0xa0900000-0xa0afffff]
[    0.469340] pci 0000:00:1c.3:   bridge window [mem 0x80000000-0x8fffffff 64bit pref]
[    0.469345] pci_bus 0000:00: resource 4 [io  0x0000-0x0cf7 window]
[    0.469346] pci_bus 0000:00: resource 5 [io  0x0d00-0xffff window]
[    0.469347] pci_bus 0000:00: resource 6 [mem 0x000a0000-0x000bffff window]
[    0.469348] pci_bus 0000:00: resource 7 [mem 0x000c0000-0x000c3fff window]
[    0.469349] pci_bus 0000:00: resource 8 [mem 0x000c4000-0x000c7fff window]
[    0.469350] pci_bus 0000:00: resource 9 [mem 0x000c8000-0x000cbfff window]
[    0.469351] pci_bus 0000:00: resource 10 [mem 0x000cc000-0x000cffff window]
[    0.469352] pci_bus 0000:00: resource 11 [mem 0x000d0000-0x000d3fff window]
[    0.469353] pci_bus 0000:00: resource 12 [mem 0x000d4000-0x000d7fff window]
[    0.469354] pci_bus 0000:00: resource 13 [mem 0x000d8000-0x000dbfff window]
[    0.469355] pci_bus 0000:00: resource 14 [mem 0x000dc000-0x000dffff window]
[    0.469356] pci_bus 0000:00: resource 15 [mem 0x000e0000-0x000e3fff window]
[    0.469357] pci_bus 0000:00: resource 16 [mem 0x000e4000-0x000e7fff window]
[    0.469358] pci_bus 0000:00: resource 17 [mem 0x000e8000-0x000ebfff window]
[    0.469359] pci_bus 0000:00: resource 18 [mem 0x000ec000-0x000effff window]
[    0.469359] pci_bus 0000:00: resource 19 [mem 0x000f0000-0x000fffff window]
[    0.469360] pci_bus 0000:00: resource 20 [mem 0x7fa00000-0xfeafffff window]
[    0.469361] pci_bus 0000:00: resource 21 [mem 0xfed40000-0xfed44fff window]
[    0.469363] pci_bus 0000:01: resource 1 [mem 0xa0b00000-0xa0bfffff]
[    0.469364] pci_bus 0000:05: resource 0 [io  0x4000-0x6fff]
[    0.469365] pci_bus 0000:05: resource 1 [mem 0xa0d00000-0xacdfffff]
[    0.469366] pci_bus 0000:05: resource 2 [mem 0xace00000-0xb8dfffff 64bit pref]
[    0.469367] pci_bus 0000:06: resource 0 [io  0x4000-0x5fff]
[    0.469367] pci_bus 0000:06: resource 1 [mem 0xa0d00000-0xa8dfffff]
[    0.469368] pci_bus 0000:06: resource 2 [mem 0xace00000-0xb4dfffff 64bit pref]
[    0.469370] pci_bus 0000:07: resource 1 [mem 0xa0d00000-0xa0dfffff]
[    0.469371] pci_bus 0000:08: resource 0 [io  0x4000-0x4fff]
[    0.469371] pci_bus 0000:08: resource 1 [mem 0xa0e00000-0xa4dfffff]
[    0.469372] pci_bus 0000:08: resource 2 [mem 0xace00000-0xb0dfffff 64bit pref]
[    0.469373] pci_bus 0000:3a: resource 0 [io  0x5000-0x5fff]
[    0.469374] pci_bus 0000:3a: resource 1 [mem 0xa4e00000-0xa8dfffff]
[    0.469375] pci_bus 0000:3a: resource 2 [mem 0xb0e00000-0xb4dfffff 64bit pref]
[    0.469376] pci_bus 0000:02: resource 0 [io  0x2000-0x2fff]
[    0.469377] pci_bus 0000:02: resource 1 [mem 0x7fc00000-0x7fdfffff]
[    0.469378] pci_bus 0000:02: resource 2 [mem 0x7fe00000-0x7fffffff 64bit pref]
[    0.469379] pci_bus 0000:03: resource 1 [mem 0xa0400000-0xa08fffff]
[    0.469380] pci_bus 0000:04: resource 1 [mem 0xa0900000-0xa0afffff]
[    0.469381] pci_bus 0000:04: resource 2 [mem 0x80000000-0x8fffffff 64bit pref]
[    0.469482] NET: Registered protocol family 2
[    0.469592] tcp_listen_portaddr_hash hash table entries: 8192 (order: 5, 131072 bytes)
[    0.469636] TCP established hash table entries: 131072 (order: 8, 1048576 bytes)
[    0.469781] TCP bind hash table entries: 65536 (order: 8, 1048576 bytes)
[    0.469902] TCP: Hash tables configured (established 131072 bind 65536)
[    0.469932] UDP hash table entries: 8192 (order: 6, 262144 bytes)
[    0.469975] UDP-Lite hash table entries: 8192 (order: 6, 262144 bytes)
[    0.470040] NET: Registered protocol family 1
[    0.470044] NET: Registered protocol family 44
[    0.470053] pci 0000:00:02.0: Video device with shadowed ROM at [mem 0x000c0000-0x000dffff]
[    0.470278] PCI: CLS 256 bytes, default 64
[    0.470304] Unpacking initramfs...
[    1.594637] Freeing initrd memory: 92836K
[    1.599996] PCI-DMA: Using software bounce buffering for IO (SWIOTLB)
[    1.599999] software IO TLB: mapped [mem 0x5f070000-0x63070000] (64MB)
[    1.602818] Initialise system trusted keyrings
[    1.602834] Key type blacklist registered
[    1.602886] workingset: timestamp_bits=36 max_order=22 bucket_order=0
[    1.604211] zbud: loaded
[    1.735283] alg: No test for 842 (842-generic)
[    1.735856] alg: No test for 842 (842-scomp)
[    1.756795] NET: Registered protocol family 38
[    1.756797] Key type asymmetric registered
[    1.756798] Asymmetric key parser 'x509' registered
[    1.756807] Block layer SCSI generic (bsg) driver version 0.4 loaded (major 243)
[    1.756834] io scheduler mq-deadline registered
[    1.756891] atomic64_test: passed for x86-64 platform with CX8 and with SSE
[    1.757273] pciehp 0000:00:1c.0:pcie004: Slot #0 AttnBtn- PwrCtrl- MRL- AttnInd- PwrInd- HotPlug+ Surprise+ Interlock- NoCompl+ LLActRep+
[    1.757754] pciehp 0000:06:00.0:pcie204: Slot #0 AttnBtn- PwrCtrl- MRL- AttnInd- PwrInd- HotPlug+ Surprise+ Interlock- NoCompl+ LLActRep+
[    1.757903] pciehp 0000:06:03.0:pcie204: Slot #3 AttnBtn- PwrCtrl- MRL- AttnInd- PwrInd- HotPlug+ Surprise+ Interlock- NoCompl+ LLActRep+
[    1.758054] pciehp 0000:06:04.0:pcie204: Slot #4 AttnBtn- PwrCtrl- MRL- AttnInd- PwrInd- HotPlug+ Surprise+ Interlock- NoCompl+ LLActRep+
[    1.758200] pciehp 0000:06:05.0:pcie204: Slot #5 AttnBtn- PwrCtrl- MRL- AttnInd- PwrInd- HotPlug+ Surprise+ Interlock- NoCompl+ LLActRep+
[    1.758347] pciehp 0000:06:06.0:pcie204: Slot #6 AttnBtn- PwrCtrl- MRL- AttnInd- PwrInd- HotPlug+ Surprise+ Interlock- NoCompl+ LLActRep+
[    1.758424] shpchp: Standard Hot Plug PCI Controller Driver version: 0.4
[    1.758441] efifb: probing for efifb
[    1.758454] efifb: No BGRT, not showing boot graphics
[    1.758455] efifb: framebuffer at 0x90000000, using 20700k, total 20700k
[    1.758456] efifb: mode is 2880x1800x32, linelength=11776, pages=1
[    1.758456] efifb: scrolling: redraw
[    1.758457] efifb: Truecolor: size=8:8:8:8, shift=24:16:8:0
[    1.758488] fbcon: Deferring console take-over
[    1.758489] fb0: EFI VGA frame buffer device
[    1.758495] intel_idle: MWAIT substates: 0x42120
[    1.758495] intel_idle: v0.4.1 model 0x46
[    1.758730] intel_idle: lapic_timer_reliable_states 0xffffffff
[    1.758832] ACPI: AC Adapter [ADP1] (on-line)
[    1.758878] input: Lid Switch as /devices/LNXSYSTM:00/LNXSYBUS:00/PNP0C0D:00/input/input0
[    1.758905] ACPI: Lid Switch [LID0]
[    1.758937] input: Power Button as /devices/LNXSYSTM:00/LNXSYBUS:00/PNP0C0C:00/input/input1
[    1.758942] ACPI: Power Button [PWRB]
[    1.758978] input: Sleep Button as /devices/LNXSYSTM:00/LNXSYBUS:00/PNP0C0E:00/input/input2
[    1.758981] ACPI: Sleep Button [SLPB]
[    1.759010] input: Power Button as /devices/LNXSYSTM:00/LNXPWRBN:00/input/input3
[    1.759019] ACPI: Power Button [PWRF]
[    1.759930] Serial: 8250/16550 driver, 32 ports, IRQ sharing enabled
[    1.761364] Non-volatile memory driver v1.3
[    1.761384] Linux agpgart interface v0.103
[    1.762000] ahci 0000:01:00.0: version 3.0
[    1.792626] ahci 0000:01:00.0: AHCI 0001.0300 32 slots 1 ports 6 Gbps 0x1 impl SATA mode
[    1.792630] ahci 0000:01:00.0: flags: 64bit ncq led clo only pio ccc 
[    1.793133] scsi host0: ahci
[    1.793232] ata1: SATA max UDMA/133 abar m8192@0xa0b00000 port 0xa0b00100 irq 33
[    1.793314] libphy: Fixed MDIO Bus: probed
[    1.793457] ehci_hcd: USB 2.0 'Enhanced' Host Controller (EHCI) Driver
[    1.793462] ehci-pci: EHCI PCI platform driver
[    1.793479] ohci_hcd: USB 1.1 'Open' Host Controller (OHCI) Driver
[    1.793481] ohci-pci: OHCI PCI platform driver
[    1.793489] uhci_hcd: USB Universal Host Controller Interface driver
[    1.793669] xhci_hcd 0000:00:14.0: xHCI Host Controller
[    1.793795] xhci_hcd 0000:00:14.0: new USB bus registered, assigned bus number 1
[    1.794875] xhci_hcd 0000:00:14.0: hcc params 0x200077c1 hci version 0x100 quirks 0x0000000000009890
[    1.794881] xhci_hcd 0000:00:14.0: cache line size of 256 is not supported
[    1.795075] usb usb1: New USB device found, idVendor=1d6b, idProduct=0002, bcdDevice= 5.00
[    1.795077] usb usb1: New USB device strings: Mfr=3, Product=2, SerialNumber=1
[    1.795078] usb usb1: Product: xHCI Host Controller
[    1.795079] usb usb1: Manufacturer: Linux 5.0.0-rc6+ xhci-hcd
[    1.795079] usb usb1: SerialNumber: 0000:00:14.0
[    1.795227] hub 1-0:1.0: USB hub found
[    1.795247] hub 1-0:1.0: 14 ports detected
[    1.795556] xhci_hcd 0000:00:14.0: xHCI Host Controller
[    1.795624] xhci_hcd 0000:00:14.0: new USB bus registered, assigned bus number 2
[    1.795626] xhci_hcd 0000:00:14.0: Host supports USB 3.0  SuperSpeed
[    1.795660] usb usb2: New USB device found, idVendor=1d6b, idProduct=0003, bcdDevice= 5.00
[    1.795661] usb usb2: New USB device strings: Mfr=3, Product=2, SerialNumber=1
[    1.795662] usb usb2: Product: xHCI Host Controller
[    1.795663] usb usb2: Manufacturer: Linux 5.0.0-rc6+ xhci-hcd
[    1.795664] usb usb2: SerialNumber: 0000:00:14.0
[    1.795737] hub 2-0:1.0: USB hub found
[    1.795752] hub 2-0:1.0: 6 ports detected
[    1.795780] usb: port power management may be unreliable
[    1.795900] usbcore: registered new interface driver usbserial_generic
[    1.795904] usbserial: USB Serial support registered for generic
[    1.795920] i8042: PNP: No PS/2 controller found.
[    1.795957] mousedev: PS/2 mouse device common for all mice
[    1.796168] rtc_cmos 00:02: RTC can wake from S4
[    1.796300] rtc_cmos 00:02: registered as rtc0
[    1.796302] rtc_cmos 00:02: alarms up to one month, y3k, 242 bytes nvram, hpet irqs
[    1.796356] device-mapper: uevent: version 1.0.3
[    1.796412] device-mapper: ioctl: 4.39.0-ioctl (2018-04-03) initialised: dm-devel@redhat.com
[    1.796466] intel_pstate: Intel P-state driver initializing
[    1.797001] hidraw: raw HID events driver (C) Jiri Kosina
[    1.797080] usbcore: registered new interface driver usbhid
[    1.797081] usbhid: USB HID core driver
[    1.797348] drop_monitor: Initializing network drop monitor service
[    1.797717] Initializing XFRM netlink socket
[    1.798008] NET: Registered protocol family 10
[    1.807321] Segment Routing with IPv6
[    1.807369] mip6: Mobile IPv6
[    1.807373] NET: Registered protocol family 17
[    1.808991] RAS: Correctable Errors collector initialized.
[    1.809088] microcode: sig=0x40661, pf=0x20, revision=0x1a
[    1.809351] microcode: Microcode Update Driver: v2.2.
[    1.809375] AVX2 version of gcm_enc/dec engaged.
[    1.809376] AES CTR mode by8 optimization enabled
[    1.842743] sched_clock: Marking stable (1842454452, 256369)->(1926000882, -83290061)
[    1.842980] registered taskstats version 1
[    1.842988] Loading compiled-in X.509 certificates
[    1.872461] Loaded X.509 cert 'Build time autogenerated kernel key: 307e4e8a55fe74f83f10b61aeadbf24a5fc6325b'
[    1.872480] zswap: loaded using pool lzo/zbud
[    1.878856] Key type big_key registered
[    1.881871] Key type encrypted registered
[    1.881879] ima: No TPM chip found, activating TPM-bypass!
[    1.881885] ima: Allocated hash algorithm: sha1
[    1.881890] No architecture policies found
[    1.882539]   Magic number: 7:339:169
[    1.882604] acpi device:32: hash matches
[    1.882684] rtc_cmos 00:02: setting system clock to 2019-02-12T08:10:04 UTC (1549959004)
[    2.115048] usb 1-8: new full-speed USB device number 2 using xhci_hcd
[    2.127871] ata1: SATA link up 6.0 Gbps (SStatus 133 SControl 300)
[    2.129915] ata1.00: unexpected _GTF length (8)
[    2.130191] ata1.00: ATA-8: APPLE SSD SM0256G, BXW1SA0Q, max UDMA/133
[    2.130194] ata1.00: 490234752 sectors, multi 16: LBA48 NCQ (depth 32), AA
[    2.130748] ata1.00: unexpected _GTF length (8)
[    2.131036] ata1.00: configured for UDMA/133
[    2.131364] scsi 0:0:0:0: Direct-Access     ATA      APPLE SSD SM0256 SA0Q PQ: 0 ANSI: 5
[    2.131712] sd 0:0:0:0: Attached scsi generic sg0 type 0
[    2.131756] sd 0:0:0:0: [sda] 490234752 512-byte logical blocks: (251 GB/234 GiB)
[    2.131759] sd 0:0:0:0: [sda] 4096-byte physical blocks
[    2.131783] sd 0:0:0:0: [sda] Write Protect is off
[    2.131787] sd 0:0:0:0: [sda] Mode Sense: 00 3a 00 00
[    2.131812] sd 0:0:0:0: [sda] Write cache: enabled, read cache: enabled, doesn't support DPO or FUA
[    2.133554]  sda: sda1 sda2 sda3 sda4
[    2.134232] sd 0:0:0:0: [sda] Attached SCSI disk
[    2.135230] Freeing unused decrypted memory: 2040K
[    2.135600] Freeing unused kernel image memory: 2152K
[    2.147042] Write protecting the kernel read-only data: 18432k
[    2.147565] Freeing unused kernel image memory: 2020K
[    2.147669] Freeing unused kernel image memory: 68K
[    2.154708] x86/mm: Checked W+X mappings: passed, no W+X pages found.
[    2.154712] rodata_test: all tests were successful
[    2.154712] x86/mm: Checking user space page tables
[    2.161375] x86/mm: Checked W+X mappings: passed, no W+X pages found.
[    2.161376] Run /init as init process
[    2.243001] usb 1-8: New USB device found, idVendor=05ac, idProduct=8290, bcdDevice= 1.61
[    2.243002] usb 1-8: New USB device strings: Mfr=1, Product=2, SerialNumber=0
[    2.243003] usb 1-8: Product: Bluetooth USB Host Controller
[    2.243014] usb 1-8: Manufacturer: Broadcom Corp.
[    2.246094] input: Broadcom Corp. Bluetooth USB Host Controller as /devices/pci0000:00/0000:00:14.0/usb1/1-8/1-8:1.0/0003:05AC:8290.0001/input/input4
[    2.269434] systemd[1]: systemd 239 running in system mode. (+PAM +AUDIT +SELINUX +IMA -APPARMOR +SMACK +SYSVINIT +UTMP +LIBCRYPTSETUP +GCRYPT +GNUTLS +ACL +XZ +LZ4 +SECCOMP +BLKID +ELFUTILS +KMOD +IDN2 -IDN +PCRE2 default-hierarchy=hybrid)
[    2.281120] systemd[1]: Detected architecture x86-64.
[    2.281124] systemd[1]: Running in initial RAM disk.
[    2.283438] systemd[1]: Set hostname to <im-mac>.
[    2.298131] hid-generic 0003:05AC:8290.0001: input,hidraw0: USB HID v1.11 Keyboard [Broadcom Corp. Bluetooth USB Host Controller] on usb-0000:00:14.0-8/input0
[    2.298648] input: Broadcom Corp. Bluetooth USB Host Controller as /devices/pci0000:00/0000:00:14.0/usb1/1-8/1-8:1.1/0003:05AC:8290.0002/input/input5
[    2.298753] hid-generic 0003:05AC:8290.0002: input,hidraw1: USB HID v1.11 Mouse [Broadcom Corp. Bluetooth USB Host Controller] on usb-0000:00:14.0-8/input1
[    2.343513] systemd[1]: Reached target Timers.
[    2.343688] systemd[1]: Listening on udev Control Socket.
[    2.343799] systemd[1]: Listening on Journal Socket (/dev/log).
[    2.345103] systemd[1]: Created slice system-systemd\x2dhibernate\x2dresume.slice.
[    2.345193] systemd[1]: Listening on Journal Audit Socket.
[    2.345372] systemd[1]: Created slice system-systemd\x2dcryptsetup.slice.
[    2.356140] usb 2-4: new SuperSpeed Gen 1 USB device number 2 using xhci_hcd
[    2.370380] usb 2-4: New USB device found, idVendor=05ac, idProduct=8406, bcdDevice= 8.20
[    2.370382] usb 2-4: New USB device strings: Mfr=3, Product=4, SerialNumber=5
[    2.370383] usb 2-4: Product: Card Reader
[    2.370384] usb 2-4: Manufacturer: Apple
[    2.370385] usb 2-4: SerialNumber: 000000000820
[    2.393717] audit: type=1130 audit(1549959005.010:2): pid=1 uid=0 auid=4294967295 ses=4294967295 subj=kernel msg='unit=systemd-journald comm="systemd" exe="/usr/lib/systemd/systemd" hostname=? addr=? terminal=? res=success'
[    2.397648] audit: type=1130 audit(1549959005.014:3): pid=1 uid=0 auid=4294967295 ses=4294967295 subj=kernel msg='unit=systemd-vconsole-setup comm="systemd" exe="/usr/lib/systemd/systemd" hostname=? addr=? terminal=? res=success'
[    2.397651] audit: type=1131 audit(1549959005.014:4): pid=1 uid=0 auid=4294967295 ses=4294967295 subj=kernel msg='unit=systemd-vconsole-setup comm="systemd" exe="/usr/lib/systemd/systemd" hostname=? addr=? terminal=? res=success'
[    2.483976] usb 1-12: new full-speed USB device number 3 using xhci_hcd
[    2.571776] audit: type=1130 audit(1549959005.188:5): pid=1 uid=0 auid=4294967295 ses=4294967295 subj=kernel msg='unit=dracut-cmdline comm="systemd" exe="/usr/lib/systemd/systemd" hostname=? addr=? terminal=? res=success'
[    2.604142] audit: type=1130 audit(1549959005.221:6): pid=1 uid=0 auid=4294967295 ses=4294967295 subj=kernel msg='unit=dracut-pre-udev comm="systemd" exe="/usr/lib/systemd/systemd" hostname=? addr=? terminal=? res=success'
[    2.613777] usb 1-12: New USB device found, idVendor=05ac, idProduct=0274, bcdDevice= 6.24
[    2.613780] usb 1-12: New USB device strings: Mfr=1, Product=2, SerialNumber=3
[    2.613782] usb 1-12: Product: Apple Internal Keyboard / Trackpad
[    2.613783] usb 1-12: Manufacturer: Apple Inc.
[    2.613784] usb 1-12: SerialNumber: D3H61830CG1FTV4A16PF
[    2.623257] audit: type=1130 audit(1549959005.240:7): pid=1 uid=0 auid=4294967295 ses=4294967295 subj=kernel msg='unit=systemd-udevd comm="systemd" exe="/usr/lib/systemd/systemd" hostname=? addr=? terminal=? res=success'
[    2.628654] apple 0003:05AC:0274.0003: hiddev96,hidraw2: USB HID v1.10 Device [Apple Inc. Apple Internal Keyboard / Trackpad] on usb-0000:00:14.0-12/input0
[    2.628845] input: Apple Inc. Apple Internal Keyboard / Trackpad as /devices/pci0000:00/0000:00:14.0/usb1/1-12/1-12:1.1/0003:05AC:0274.0004/input/input6
[    2.636140] tsc: Refined TSC clocksource calibration: 2194.919 MHz
[    2.636146] clocksource: tsc: mask: 0xffffffffffffffff max_cycles: 0x1fa372fc492, max_idle_ns: 440795285018 ns
[    2.645980] clocksource: Switched to clocksource tsc
[    2.648011] usb-storage 2-4:1.0: USB Mass Storage device detected
[    2.648306] scsi host1: usb-storage 2-4:1.0
[    2.648403] usbcore: registered new interface driver usb-storage
[    2.655046] usbcore: registered new interface driver uas
[    2.680276] apple 0003:05AC:0274.0004: input,hiddev97,hidraw3: USB HID v1.10 Keyboard [Apple Inc. Apple Internal Keyboard / Trackpad] on usb-0000:00:14.0-12/input1
[    2.680453] apple 0003:05AC:0274.0005: hiddev98,hidraw4: USB HID v1.10 Device [Apple Inc. Apple Internal Keyboard / Trackpad] on usb-0000:00:14.0-12/input3
[    2.680598] apple 0003:05AC:0274.0006: hiddev99,hidraw5: USB HID v1.10 Device [Apple Inc. Apple Internal Keyboard / Trackpad] on usb-0000:00:14.0-12/input4
[    2.694824] audit: type=1130 audit(1549959005.310:8): pid=1 uid=0 auid=4294967295 ses=4294967295 subj=kernel msg='unit=systemd-udev-trigger comm="systemd" exe="/usr/lib/systemd/systemd" hostname=? addr=? terminal=? res=success'
[    2.711059] audit: type=1130 audit(1549959005.327:9): pid=1 uid=0 auid=4294967295 ses=4294967295 subj=kernel msg='unit=plymouth-start comm="systemd" exe="/usr/lib/systemd/systemd" hostname=? addr=? terminal=? res=success'
[    2.877836] audit: type=1130 audit(1549959005.494:10): pid=1 uid=0 auid=4294967295 ses=4294967295 subj=kernel msg='unit=systemd-ask-password-plymouth comm="systemd" exe="/usr/lib/systemd/systemd" hostname=? addr=? terminal=? res=success'
[    2.977536] VFIO - User Level meta-driver version: 0.3
[    3.559238] [drm] Found 128MB of eDRAM
[    3.559380] checking generic (90000000 1437000) vs hw (90000000 10000000)
[    3.559381] fb0: switching to inteldrmfb from EFI VGA
[    3.559498] [drm] Replacing VGA console driver
[    3.559812] [drm] Supports vblank timestamp caching Rev 2 (21.10.2013).
[    3.559813] [drm] Driver supports precise vblank timestamp query.
[    3.559849] i915 0000:00:02.0: vgaarb: changed VGA decodes: olddecodes=io+mem,decodes=io+mem:owns=io+mem
[    3.570606] [drm] Initialized i915 1.6.0 20181204 for 0000:00:02.0 on minor 0
[    3.571516] ACPI: Video Device [IGPU] (multi-head: yes  rom: no  post: no)
[    3.572014] acpi device:57: registered as cooling_device8
[    3.572081] input: Video Bus as /devices/LNXSYSTM:00/LNXSYBUS:00/PNP0A08:00/LNXVIDEO:00/input/input7
[    3.578410] fbcon: inteldrmfb (fb0) is primary device
[    3.578411] fbcon: Deferring console take-over
[    3.578414] i915 0000:00:02.0: fb0: inteldrmfb frame buffer device
[    3.651347] scsi 1:0:0:0: Direct-Access     APPLE    SD Card Reader   3.00 PQ: 0 ANSI: 6
[    3.651661] sd 1:0:0:0: Attached scsi generic sg1 type 0
[    3.652688] sd 1:0:0:0: [sdb] Attached SCSI removable disk
[   10.967488] device-mapper: crypt: xts(aes) using implementation "xts-aes-aesni"
[   11.022523] kauditd_printk_skb: 2 callbacks suppressed
[   11.022524] audit: type=1130 audit(1549959013.638:13): pid=1 uid=0 auid=4294967295 ses=4294967295 subj=kernel msg='unit=systemd-cryptsetup@luks\x2ddd1fa933\x2def9f\x2d402b\x2da2e4\x2d7c9d6fb7ce0d comm="systemd" exe="/usr/lib/systemd/systemd" hostname=? addr=? terminal=? res=success'
[   11.211014] PM: Image not found (code -22)
[   11.211898] audit: type=1130 audit(1549959013.827:14): pid=1 uid=0 auid=4294967295 ses=4294967295 subj=kernel msg='unit=systemd-hibernate-resume@dev-mapper-im\x2d\x2dmac\x2dswap comm="systemd" exe="/usr/lib/systemd/systemd" hostname=? addr=? terminal=? res=success'
[   11.211909] audit: type=1131 audit(1549959013.827:15): pid=1 uid=0 auid=4294967295 ses=4294967295 subj=kernel msg='unit=systemd-hibernate-resume@dev-mapper-im\x2d\x2dmac\x2dswap comm="systemd" exe="/usr/lib/systemd/systemd" hostname=? addr=? terminal=? res=success'
[   11.219143] audit: type=1130 audit(1549959013.835:16): pid=1 uid=0 auid=4294967295 ses=4294967295 subj=kernel msg='unit=systemd-tmpfiles-setup comm="systemd" exe="/usr/lib/systemd/systemd" hostname=? addr=? terminal=? res=success'
[   11.233411] audit: type=1130 audit(1549959013.849:17): pid=1 uid=0 auid=4294967295 ses=4294967295 subj=kernel msg='unit=dracut-initqueue comm="systemd" exe="/usr/lib/systemd/systemd" hostname=? addr=? terminal=? res=success'
[   11.250564] audit: type=1130 audit(1549959013.866:18): pid=1 uid=0 auid=4294967295 ses=4294967295 subj=kernel msg='unit=systemd-fsck-root comm="systemd" exe="/usr/lib/systemd/systemd" hostname=? addr=? terminal=? res=success'
[   11.564871] SGI XFS with ACLs, security attributes, scrub, no debug enabled
[   11.568810] XFS (dm-1): Mounting V5 Filesystem
[   11.589747] XFS (dm-1): Ending clean mount
[   11.708643] audit: type=1130 audit(1549959014.324:19): pid=1 uid=0 auid=4294967295 ses=4294967295 subj=kernel msg='unit=initrd-parse-etc comm="systemd" exe="/usr/lib/systemd/systemd" hostname=? addr=? terminal=? res=success'
[   11.708645] audit: type=1131 audit(1549959014.324:20): pid=1 uid=0 auid=4294967295 ses=4294967295 subj=kernel msg='unit=initrd-parse-etc comm="systemd" exe="/usr/lib/systemd/systemd" hostname=? addr=? terminal=? res=success'
[   11.852781] audit: type=1130 audit(1549959014.468:21): pid=1 uid=0 auid=4294967295 ses=4294967295 subj=kernel msg='unit=dracut-pre-pivot comm="systemd" exe="/usr/lib/systemd/systemd" hostname=? addr=? terminal=? res=success'
[   11.866811] audit: type=1131 audit(1549959014.483:22): pid=1 uid=0 auid=4294967295 ses=4294967295 subj=kernel msg='unit=dracut-pre-pivot comm="systemd" exe="/usr/lib/systemd/systemd" hostname=? addr=? terminal=? res=success'
[   11.950263] systemd-journald[307]: Received SIGTERM from PID 1 (systemd).
[   11.981014] printk: systemd: 14 output lines suppressed due to ratelimiting
[   12.437761] SELinux:  Class xdp_socket not defined in policy.
[   12.437763] SELinux: the above unknown classes and permissions will be allowed
[   12.437766] SELinux:  policy capability network_peer_controls=1
[   12.437766] SELinux:  policy capability open_perms=1
[   12.437767] SELinux:  policy capability extended_socket_class=1
[   12.437767] SELinux:  policy capability always_check_network=0
[   12.437767] SELinux:  policy capability cgroup_seclabel=1
[   12.437768] SELinux:  policy capability nnp_nosuid_transition=1
[   12.458407] systemd[1]: Successfully loaded SELinux policy in 400.960ms.
[   12.498887] systemd[1]: Relabelled /dev, /run and /sys/fs/cgroup in 26.444ms.
[   12.500914] systemd[1]: systemd 239 running in system mode. (+PAM +AUDIT +SELINUX +IMA -APPARMOR +SMACK +SYSVINIT +UTMP +LIBCRYPTSETUP +GCRYPT +GNUTLS +ACL +XZ +LZ4 +SECCOMP +BLKID +ELFUTILS +KMOD +IDN2 -IDN +PCRE2 default-hierarchy=hybrid)
[   12.513135] systemd[1]: Detected architecture x86-64.
[   12.514809] systemd[1]: Set hostname to <im-mac>.
[   12.539763] systemd-sysv-generator[894]: stat() failed on /etc/rc.d/init.d/jexec, ignoring: No such file or directory
[   12.715860] systemd[1]: Stopped Switch Root.
[   12.716088] systemd[1]: systemd-journald.service: Service has no hold-off time (RestartSec=0), scheduling restart.
[   12.716145] systemd[1]: systemd-journald.service: Scheduled restart job, restart counter is at 1.
[   12.716163] systemd[1]: Stopped Journal Service.
[   12.717069] systemd[1]: Starting Journal Service...
[   12.718172] systemd[1]: Listening on udev Control Socket.
[   12.718450] systemd[1]: Created slice User and Session Slice.
[   12.744641] Adding 4194300k swap on /dev/mapper/im--mac-swap.  Priority:-2 extents:1 across:4194300k SSFS
[   12.760910] systemd-journald[900]: Received request to flush runtime journal from PID 1
[   12.943025] apple_gmux: gmux device not present
[   12.948640] smbus_hc ACPI0001:00: SBS HC: offset = 0x20, query_bit = 0x10
[   12.981689] ACPI Warning: SystemIO range 0x0000000000000840-0x000000000000084F conflicts with OpRegion 0x0000000000000800-0x0000000000000863 (\GPIO) (20181213/utaddress-213)
[   12.981695] ACPI: If an ACPI driver is available for this device, you should use it instead of the native driver
[   12.981696] ACPI Warning: SystemIO range 0x0000000000000830-0x000000000000083F conflicts with OpRegion 0x0000000000000800-0x0000000000000863 (\GPIO) (20181213/utaddress-213)
[   12.981699] ACPI: If an ACPI driver is available for this device, you should use it instead of the native driver
[   12.981700] ACPI Warning: SystemIO range 0x0000000000000800-0x000000000000082F conflicts with OpRegion 0x0000000000000810-0x0000000000000813 (\_PR.IO_D) (20181213/utaddress-213)
[   12.981703] ACPI Warning: SystemIO range 0x0000000000000800-0x000000000000082F conflicts with OpRegion 0x0000000000000800-0x0000000000000863 (\GPIO) (20181213/utaddress-213)
[   12.981707] ACPI Warning: SystemIO range 0x0000000000000800-0x000000000000082F conflicts with OpRegion 0x0000000000000810-0x0000000000000813 (\IO_D) (20181213/utaddress-213)
[   12.981710] ACPI Warning: SystemIO range 0x0000000000000800-0x000000000000082F conflicts with OpRegion 0x0000000000000800-0x000000000000080F (\IO_T) (20181213/utaddress-213)
[   12.981713] ACPI: If an ACPI driver is available for this device, you should use it instead of the native driver
[   12.981714] lpc_ich: Resource conflict(s) found affecting gpio_ich
[   12.985775] i801_smbus 0000:00:1f.3: SPD Write Disable is set
[   12.985808] i801_smbus 0000:00:1f.3: SMBus using PCI interrupt
[   13.067627] input: bcm5974 as /devices/pci0000:00/0000:00:14.0/usb1/1-12/1-12:1.2/input/input8
[   13.069714] usbcore: registered new interface driver bcm5974
[   13.094919] ACPI: Smart Battery System [SBS0]: Battery Slot [BAT0] (battery present)
[   13.209530] iTCO_vendor_support: vendor-support=0
[   13.210188] thunderbolt 0000:07:00.0: 0:1: is unplugged (state: 7)
[   13.211556] thunderbolt 0000:07:00.0: 0:3: is unplugged (state: 7)
[   13.230315] cfg80211: Loading compiled-in X.509 certificates for regulatory database
[   13.231086] cfg80211: Loaded X.509 cert 'sforshee: 00b28ddf47aef9cea7'
[   13.232359] iTCO_wdt: Intel TCO WatchDog Timer Driver v1.11
[   13.232393] iTCO_wdt: unable to reset NO_REBOOT flag, device disabled by hardware/BIOS
[   13.236857] Bluetooth: Core ver 2.22
[   13.236876] NET: Registered protocol family 31
[   13.236877] Bluetooth: HCI device and connection manager initialized
[   13.236880] Bluetooth: HCI socket layer initialized
[   13.236882] Bluetooth: L2CAP socket layer initialized
[   13.236886] Bluetooth: SCO socket layer initialized
[   13.285913] usbcore: registered new interface driver btusb
[   13.298987] RAPL PMU: API unit is 2^-32 Joules, 4 fixed counters, 655360 ms ovfl timer
[   13.298988] RAPL PMU: hw unit of domain pp0-core 2^-14 Joules
[   13.298989] RAPL PMU: hw unit of domain package 2^-14 Joules
[   13.298990] RAPL PMU: hw unit of domain dram 2^-14 Joules
[   13.298990] RAPL PMU: hw unit of domain pp1-gpu 2^-14 Joules
[   13.301126] snd_hda_intel 0000:00:03.0: Linked as a consumer to 0000:00:02.0
[   13.301171] snd_hda_intel 0000:00:03.0: bound 0000:00:02.0 (ops i915_audio_component_bind_ops [i915])
[   13.312189] applesmc: key=719 fan=2 temp=48 index=43 acc=0 lux=2 kbd=1
[   13.315785] applesmc applesmc.768: hwmon_device_register() is deprecated. Please convert the driver to use hwmon_device_register_with_info().
[   13.353989] snd_hda_codec_cirrus hdaudioC1D0: autoconfig for CS4208: line_outs=2 (0x12/0x13/0x0/0x0/0x0) type:speaker
[   13.353992] snd_hda_codec_cirrus hdaudioC1D0:    speaker_outs=0 (0x0/0x0/0x0/0x0/0x0)
[   13.353993] snd_hda_codec_cirrus hdaudioC1D0:    hp_outs=1 (0x10/0x0/0x0/0x0/0x0)
[   13.353995] snd_hda_codec_cirrus hdaudioC1D0:    mono: mono_out=0x0
[   13.353996] snd_hda_codec_cirrus hdaudioC1D0:    dig-out=0x21/0x0
[   13.353997] snd_hda_codec_cirrus hdaudioC1D0:    inputs:
[   13.353999] snd_hda_codec_cirrus hdaudioC1D0:      Internal Mic=0x1c
[   13.354001] snd_hda_codec_cirrus hdaudioC1D0:      Mic=0x18
[   13.394041] Bluetooth: hci0: BCM: chip id 102 build 0715
[   13.395033] Bluetooth: hci0: BCM: product 05ac:8290
[   13.397047] Bluetooth: hci0: BCM: features 0x2f
[   13.401856] input: HDA Intel PCH Mic as /devices/pci0000:00/0000:00:1b.0/sound/card1/input14
[   13.401963] input: HDA Intel PCH Headphone as /devices/pci0000:00/0000:00:1b.0/sound/card1/input15
[   13.402031] input: HDA Intel PCH SPDIF as /devices/pci0000:00/0000:00:1b.0/sound/card1/input16
[   13.402183] input: HDA Intel HDMI HDMI/DP,pcm=3 as /devices/pci0000:00/0000:00:03.0/sound/card0/input9
[   13.402241] input: HDA Intel HDMI HDMI/DP,pcm=7 as /devices/pci0000:00/0000:00:03.0/sound/card0/input10
[   13.402296] input: HDA Intel HDMI HDMI/DP,pcm=8 as /devices/pci0000:00/0000:00:03.0/sound/card0/input11
[   13.402345] input: HDA Intel HDMI HDMI/DP,pcm=9 as /devices/pci0000:00/0000:00:03.0/sound/card0/input12
[   13.402397] input: HDA Intel HDMI HDMI/DP,pcm=10 as /devices/pci0000:00/0000:00:03.0/sound/card0/input13
[   13.407144] usbcore: registered new interface driver brcmfmac
[   13.413598] Bluetooth: hci0: im-mac
[   13.512669] intel_rapl: Found RAPL domain package
[   13.512671] intel_rapl: Found RAPL domain core
[   13.512672] intel_rapl: Found RAPL domain uncore
[   13.512673] intel_rapl: Found RAPL domain dram
[   13.515247] brcmfmac: brcmf_fw_alloc_request: using brcm/brcmfmac43602-pcie for chip BCM43602/1
[   13.518693] brcmfmac 0000:03:00.0: Direct firmware load for brcm/brcmfmac43602-pcie.Apple Inc.-MacBookPro11,4.txt failed with error -2
[   13.518700] brcmfmac 0000:03:00.0: Direct firmware load for brcm/brcmfmac43602-pcie.txt failed with error -2
[   14.027304] brcmfmac: brcmf_fw_alloc_request: using brcm/brcmfmac43602-pcie for chip BCM43602/1
[   14.027348] brcmfmac 0000:03:00.0: Direct firmware load for brcm/brcmfmac43602-pcie.clm_blob failed with error -2
[   14.027351] brcmfmac: brcmf_c_process_clm_blob: no clm_blob available (err=-2), device may have limited channels available
[   14.027879] brcmfmac: brcmf_c_preinit_dcmds: Firmware: BCM43602/1 wl0: Nov 10 2015 06:38:10 version 7.35.177.61 (r598657) FWID 01-ea662a8c
[   14.081809] brcmfmac 0000:03:00.0 wlp3s0: renamed from wlan0
[   14.468778] XFS (sda3): Mounting V5 Filesystem
[   14.468905] XFS (dm-4): Mounting V5 Filesystem
[   14.472379] XFS (dm-3): Mounting V5 Filesystem
[   14.480181] XFS (sda3): Ending clean mount
[   14.492076] XFS (dm-4): Ending clean mount
[   14.498833] XFS (dm-3): Ending clean mount
[   14.912859] Bluetooth: BNEP (Ethernet Emulation) ver 1.3
[   14.912861] Bluetooth: BNEP filters: protocol multicast
[   14.912864] Bluetooth: BNEP socket layer initialized
[   16.315680] L1TF CPU bug present and SMT on, data leak possible. See CVE-2018-3646 and https://www.kernel.org/doc/html/latest/admin-guide/l1tf.html for details.
[   17.065854] tun: Universal TUN/TAP device driver, 1.6
[   17.067519] virbr0: port 1(virbr0-nic) entered blocking state
[   17.067521] virbr0: port 1(virbr0-nic) entered disabled state
[   17.067585] device virbr0-nic entered promiscuous mode
[   17.164227] virbr0: port 1(virbr0-nic) entered blocking state
[   17.164230] virbr0: port 1(virbr0-nic) entered listening state
[   17.249657] virbr0: port 1(virbr0-nic) entered disabled state
[   23.667062] Bluetooth: RFCOMM TTY layer initialized
[   23.667067] Bluetooth: RFCOMM socket layer initialized
[   23.667142] Bluetooth: RFCOMM ver 1.11
[   23.831511] fuse init (API version 7.28)
[   24.520772] IPv6: ADDRCONF(NETDEV_CHANGE): wlp3s0: link becomes ready
[   24.582115] brcmfmac: brcmf_inetaddr_changed: fail to get arp ip table err:-52
[   25.041161] rfkill: input handler disabled
[  307.357127] xhci_hcd 0000:00:14.0: ep 0x82 - asked for 65 bytes, 55 bytes untransferred
[  307.485104] xhci_hcd 0000:00:14.0: ep 0x82 - asked for 65 bytes, 55 bytes untransferred
[  307.549057] xhci_hcd 0000:00:14.0: ep 0x82 - asked for 65 bytes, 55 bytes untransferred
[  307.565037] xhci_hcd 0000:00:14.0: ep 0x82 - asked for 65 bytes, 55 bytes untransferred
[  307.783957] xhci_hcd 0000:00:14.0: ep 0x81 - asked for 96 bytes, 78 bytes untransferred
[  307.783967] xhci_hcd 0000:00:14.0: Giveback URB 00000000b60c8ed3, len = 18, expected = 96, status = 0
[  307.784042] xhci_hcd 0000:00:14.0: Stalled endpoint for slot 2 ep 2
[  307.784051] xhci_hcd 0000:00:14.0: Cleaning up stalled endpoint ring
[  307.784055] xhci_hcd 0000:00:14.0: Finding endpoint context
[  307.784058] xhci_hcd 0000:00:14.0: Cycle state = 0x0
[  307.784062] xhci_hcd 0000:00:14.0: New dequeue segment = 000000008feacc25 (virtual)
[  307.784065] xhci_hcd 0000:00:14.0: New dequeue pointer = 0x459522f50 (DMA)
[  307.784068] xhci_hcd 0000:00:14.0: Queueing new dequeue state
[  307.784073] xhci_hcd 0000:00:14.0: Set TR Deq Ptr cmd, new deq seg = 000000008feacc25 (0x459522000 dma), new deq ptr = 00000000cb8888cb (0x459522f50 dma), new cycle = 0
[  307.784081] xhci_hcd 0000:00:14.0: // Ding dong!
[  307.784091] xhci_hcd 0000:00:14.0: Giveback URB 00000000dd768d18, len = 0, expected = 13, status = -32
[  307.784098] xhci_hcd 0000:00:14.0: Ignoring reset ep completion code of 1
[  307.784103] xhci_hcd 0000:00:14.0: Successful Set TR Deq Ptr cmd, deq = @459522f50
[  307.869058] xhci_hcd 0000:00:14.0: ep 0x82 - asked for 65 bytes, 55 bytes untransferred
[  308.173116] xhci_hcd 0000:00:14.0: ep 0x82 - asked for 65 bytes, 55 bytes untransferred
[  308.237061] xhci_hcd 0000:00:14.0: ep 0x82 - asked for 65 bytes, 55 bytes untransferred
[  308.525112] xhci_hcd 0000:00:14.0: ep 0x82 - asked for 65 bytes, 55 bytes untransferred
[  309.229117] xhci_hcd 0000:00:14.0: ep 0x82 - asked for 65 bytes, 55 bytes untransferred
[  309.309112] xhci_hcd 0000:00:14.0: ep 0x82 - asked for 65 bytes, 55 bytes untransferred
[  309.797112] xhci_hcd 0000:00:14.0: ep 0x82 - asked for 65 bytes, 55 bytes untransferred
[  309.832203] xhci_hcd 0000:00:14.0: ep 0x81 - asked for 96 bytes, 78 bytes untransferred
[  309.832213] xhci_hcd 0000:00:14.0: Giveback URB 00000000de4d72a9, len = 18, expected = 96, status = 0
[  309.832302] xhci_hcd 0000:00:14.0: Stalled endpoint for slot 2 ep 2
[  309.832313] xhci_hcd 0000:00:14.0: Cleaning up stalled endpoint ring
[  309.832319] xhci_hcd 0000:00:14.0: Finding endpoint context
[  309.832322] xhci_hcd 0000:00:14.0: Cycle state = 0x0
[  309.832326] xhci_hcd 0000:00:14.0: New dequeue segment = 000000008feacc25 (virtual)
[  309.832331] xhci_hcd 0000:00:14.0: New dequeue pointer = 0x459522f90 (DMA)
[  309.832334] xhci_hcd 0000:00:14.0: Queueing new dequeue state
[  309.832338] xhci_hcd 0000:00:14.0: Set TR Deq Ptr cmd, new deq seg = 000000008feacc25 (0x459522000 dma), new deq ptr = 000000000334248b (0x459522f90 dma), new cycle = 0
[  309.832343] xhci_hcd 0000:00:14.0: // Ding dong!
[  309.832354] xhci_hcd 0000:00:14.0: Giveback URB 00000000dd768d18, len = 0, expected = 13, status = -32
[  309.832364] xhci_hcd 0000:00:14.0: Ignoring reset ep completion code of 1
[  309.832371] xhci_hcd 0000:00:14.0: Successful Set TR Deq Ptr cmd, deq = @459522f90
[  309.885055] xhci_hcd 0000:00:14.0: ep 0x82 - asked for 65 bytes, 55 bytes untransferred
[  309.925062] xhci_hcd 0000:00:14.0: ep 0x82 - asked for 65 bytes, 55 bytes untransferred
[  309.941039] xhci_hcd 0000:00:14.0: ep 0x82 - asked for 65 bytes, 55 bytes untransferred
[  311.299092] xhci_hcd 0000:00:14.0: Cancel URB 000000001f763eee, dev 12, ep 0x83, starting at offset 0x46c9241f0
[  311.299107] xhci_hcd 0000:00:14.0: // Ding dong!
[  311.299158] xhci_hcd 0000:00:14.0: Stopped on Transfer TRB for slot 3 ep 6
[  311.299162] xhci_hcd 0000:00:14.0: Removing canceled TD starting at 0x46c9241f0 (dma).
[  311.299163] xhci_hcd 0000:00:14.0: Finding endpoint context
[  311.299165] xhci_hcd 0000:00:14.0: Cycle state = 0x0
[  311.299166] xhci_hcd 0000:00:14.0: New dequeue segment = 0000000047e5023c (virtual)
[  311.299168] xhci_hcd 0000:00:14.0: New dequeue pointer = 0x46c924200 (DMA)
[  311.299170] xhci_hcd 0000:00:14.0: Set TR Deq Ptr cmd, new deq seg = 0000000047e5023c (0x46c924000 dma), new deq ptr = 000000003af66c18 (0x46c924200 dma), new cycle = 0
[  311.299171] xhci_hcd 0000:00:14.0: // Ding dong!
[  311.299195] xhci_hcd 0000:00:14.0: Successful Set TR Deq Ptr cmd, deq = @46c924200
[  311.325538] brcmfmac: brcmf_inetaddr_changed: fail to get arp ip table err:-52
[  311.880815] xhci_hcd 0000:00:14.0: ep 0x81 - asked for 96 bytes, 78 bytes untransferred
[  311.880821] xhci_hcd 0000:00:14.0: Giveback URB 000000005bec2ba0, len = 18, expected = 96, status = 0
[  311.880849] xhci_hcd 0000:00:14.0: Stalled endpoint for slot 2 ep 2
[  311.880854] xhci_hcd 0000:00:14.0: Cleaning up stalled endpoint ring
[  311.880856] xhci_hcd 0000:00:14.0: Finding endpoint context
[  311.880858] xhci_hcd 0000:00:14.0: Cycle state = 0x0
[  311.880860] xhci_hcd 0000:00:14.0: New dequeue segment = 000000008feacc25 (virtual)
[  311.880862] xhci_hcd 0000:00:14.0: New dequeue pointer = 0x459522fd0 (DMA)
[  311.880864] xhci_hcd 0000:00:14.0: Queueing new dequeue state
[  311.880866] xhci_hcd 0000:00:14.0: Set TR Deq Ptr cmd, new deq seg = 000000008feacc25 (0x459522000 dma), new deq ptr = 0000000062a20475 (0x459522fd0 dma), new cycle = 0
[  311.880868] xhci_hcd 0000:00:14.0: // Ding dong!
[  311.880877] xhci_hcd 0000:00:14.0: Giveback URB 00000000dd768d18, len = 0, expected = 13, status = -32
[  311.880892] xhci_hcd 0000:00:14.0: Ignoring reset ep completion code of 1
[  311.880896] xhci_hcd 0000:00:14.0: Successful Set TR Deq Ptr cmd, deq = @459522fd0
[  313.131134] PM: suspend entry (deep)
[  313.131137] PM: Syncing filesystems ... done.
[  313.155602] Freezing user space processes ... (elapsed 0.309 seconds) done.
[  313.465257] OOM killer disabled.
[  313.465259] Freezing remaining freezable tasks ... (elapsed 0.001 seconds) done.
[  313.466421] printk: Suspending console(s) (use no_console_suspend to debug)
[  313.467759] xhci_hcd 0000:00:14.0: Cancel URB 00000000957e8a9d, dev 12, ep 0x82, starting at offset 0x45a338e40
[  313.467764] xhci_hcd 0000:00:14.0: // Ding dong!
[  313.467777] xhci_hcd 0000:00:14.0: Stopped on Transfer TRB for slot 3 ep 4
[  313.467781] xhci_hcd 0000:00:14.0: Removing canceled TD starting at 0x45a338e40 (dma).
[  313.467782] xhci_hcd 0000:00:14.0: Finding endpoint context
[  313.467783] xhci_hcd 0000:00:14.0: Cycle state = 0x1
[  313.467785] xhci_hcd 0000:00:14.0: New dequeue segment = 000000008fe892f5 (virtual)
[  313.467786] xhci_hcd 0000:00:14.0: New dequeue pointer = 0x45a338e50 (DMA)
[  313.467789] xhci_hcd 0000:00:14.0: Set TR Deq Ptr cmd, new deq seg = 000000008fe892f5 (0x45a338000 dma), new deq ptr = 0000000006392d3a (0x45a338e50 dma), new cycle = 1
[  313.467790] xhci_hcd 0000:00:14.0: // Ding dong!
[  313.467796] xhci_hcd 0000:00:14.0: Successful Set TR Deq Ptr cmd, deq = @45a338e50
[  313.467955] xhci_hcd 0000:00:14.0: // Ding dong!
[  313.467963] xhci_hcd 0000:00:14.0: Stopped on No-op or Link TRB for slot 3 ep 10
[  313.468007] xhci_hcd 0000:00:14.0: Stopped on No-op or Link TRB for slot 3 ep 8
[  313.468009] xhci_hcd 0000:00:14.0: Stopped on No-op or Link TRB for slot 3 ep 7
[  313.468011] xhci_hcd 0000:00:14.0: Stopped on No-op or Link TRB for slot 3 ep 2
[  313.468013] xhci_hcd 0000:00:14.0: Stopped on No-op or Link TRB for slot 3 ep 0
[  313.476373] sd 0:0:0:0: [sda] Synchronizing SCSI cache
[  313.477108] xhci_hcd 0000:00:14.0: Disable port 3
[  313.477115] xhci_hcd 0000:00:14.0: Port Status Change Event for port 19
[  313.477124] xhci_hcd 0000:00:14.0: handle_port_status: starting port polling.
[  313.477144] usb 2-4: usb suspend, wakeup 0
[  313.478094] sd 0:0:0:0: [sda] Stopping disk
[  313.479206] usb 1-12: usb suspend, wakeup 1
[  313.480293] pcieport 0000:06:05.0: quirk: waiting for Thunderbolt to reestablish PCI tunnels...
[  313.480330] pcieport 0000:06:06.0: quirk: waiting for Thunderbolt to reestablish PCI tunnels...
[  313.480331] pcieport 0000:06:03.0: quirk: waiting for Thunderbolt to reestablish PCI tunnels...
[  313.481240] pcieport 0000:06:04.0: quirk: waiting for Thunderbolt to reestablish PCI tunnels...
[  313.489273] hub 2-0:1.0: hub_suspend
[  313.489314] usb usb2: bus suspend, wakeup 0
[  313.491273] hub 1-0:1.0: hub_suspend
[  313.491311] usb usb1: bus suspend, wakeup 0
[  313.491346] xhci_hcd 0000:00:14.0: xhci_suspend: stopping port polling.
[  313.491363] xhci_hcd 0000:00:14.0: // Setting command ring address to 0x459c55001
[  314.376121] PM: suspend devices took 0.909 seconds
[  314.388852] ACPI: EC: interrupt blocked
[  314.389690] xhci_hcd 0000:00:14.0: wakeup: 1
[  314.390218] xhci_hcd 0000:00:14.0: --> PCI D3hot
[  315.346203] ACPI: Preparing to enter system sleep state S3
[  315.347137] ACPI: EC: event blocked
[  315.347138] ACPI: EC: EC stopped
[  315.347138] PM: Saving platform NVS memory
[  315.347145] Disabling non-boot CPUs ...
[  315.363231] smpboot: CPU 1 is now offline
[  315.371540] smpboot: CPU 2 is now offline
[  315.374888] smpboot: CPU 3 is now offline
[  315.385591] smpboot: CPU 4 is now offline
[  315.388872] smpboot: CPU 5 is now offline
[  315.392361] smpboot: CPU 6 is now offline
[  315.395998] smpboot: CPU 7 is now offline
[  315.414994] ACPI: Low-level resume complete
[  315.415057] ACPI: EC: EC started
[  315.415058] PM: Restoring platform NVS memory
[  315.422518] Enabling non-boot CPUs ...
[  315.422576] x86: Booting SMP configuration:
[  315.422577] smpboot: Booting Node 0 Processor 1 APIC 0x2
[  317.162581] hrtimer: interrupt took 2340095 ns
[  319.550633]  cache: parent cpu1 should not be sleeping
[  323.124170] CPU1 is up
[  323.124259] smpboot: Booting Node 0 Processor 2 APIC 0x4
[  323.379381]  cache: parent cpu2 should not be sleeping
[  324.583997] CPU2 is up
[  324.584054] smpboot: Booting Node 0 Processor 3 APIC 0x6
[  324.774587]  cache: parent cpu3 should not be sleeping
[  325.758076] CPU3 is up
[  325.758135] smpboot: Booting Node 0 Processor 4 APIC 0x1
[  325.763537]  cache: parent cpu4 should not be sleeping
[  325.780911] CPU4 is up
[  325.780936] smpboot: Booting Node 0 Processor 5 APIC 0x3
[  325.953540]  cache: parent cpu5 should not be sleeping
[  326.520793] CPU5 is up
[  326.520827] smpboot: Booting Node 0 Processor 6 APIC 0x5
[  326.658278]  cache: parent cpu6 should not be sleeping
[  327.191824] CPU6 is up
[  327.191858] smpboot: Booting Node 0 Processor 7 APIC 0x7
[  327.328392]  cache: parent cpu7 should not be sleeping
[  328.019892] CPU7 is up
[  328.108525] ACPI: Waking up from system sleep state S3
[  328.110562] ACPI: EC: interrupt unblocked
[  328.134792] pcieport 0000:06:03.0: quirk: waiting for Thunderbolt to reestablish PCI tunnels...
[  328.134797] pcieport 0000:06:04.0: quirk: waiting for Thunderbolt to reestablish PCI tunnels...
[  328.134800] pcieport 0000:06:05.0: quirk: waiting for Thunderbolt to reestablish PCI tunnels...
[  328.134801] pcieport 0000:06:06.0: quirk: waiting for Thunderbolt to reestablish PCI tunnels...
[  328.166817] pcieport 0000:06:04.0: quirk_apple_wait_for_thunderbolt+0x0/0xe0 took 31263 usecs
[  328.166822] pcieport 0000:06:03.0: quirk_apple_wait_for_thunderbolt+0x0/0xe0 took 31270 usecs
[  328.166826] pcieport 0000:06:05.0: quirk_apple_wait_for_thunderbolt+0x0/0xe0 took 31263 usecs
[  328.166829] pcieport 0000:06:06.0: quirk_apple_wait_for_thunderbolt+0x0/0xe0 took 31262 usecs
[  328.236071] thunderbolt 0000:07:00.0: resetting error on 0:b.
[  328.236079] thunderbolt 0000:07:00.0: 0:b: hotplug: scanning
[  328.236081] thunderbolt 0000:07:00.0: 0:b: hotplug: no switch found
[  328.236177] thunderbolt 0000:07:00.0: resetting error on 0:c.
[  328.236181] thunderbolt 0000:07:00.0: 0:c: hotplug: scanning
[  328.236182] thunderbolt 0000:07:00.0: 0:c: hotplug: no switch found
[  329.205172] usb usb1: root hub lost power or was reset
[  329.205175] usb usb2: root hub lost power or was reset
[  329.205179] xhci_hcd 0000:00:14.0: Stop HCD
[  329.205182] xhci_hcd 0000:00:14.0: // Halt the HC
[  329.205188] ACPI: EC: event unblocked
[  329.205194] xhci_hcd 0000:00:14.0: // Reset the HC
[  329.206208] xhci_hcd 0000:00:14.0: Wait for controller to be ready for doorbell rings
[  329.206273] xhci_hcd 0000:00:14.0: // Disabling event ring interrupts
[  329.206285] xhci_hcd 0000:00:14.0: cleaning up memory
[  329.206294] xhci_hcd 0000:00:14.0: Freed event ring
[  329.206297] xhci_hcd 0000:00:14.0: Freed command ring
[  329.206506] xhci_hcd 0000:00:14.0: Freed segment pool
[  329.206509] xhci_hcd 0000:00:14.0: Freed device context pool
[  329.206511] xhci_hcd 0000:00:14.0: Freed small stream array pool
[  329.206513] xhci_hcd 0000:00:14.0: Freed medium stream array pool
[  329.206608] xhci_hcd 0000:00:14.0: xhci_stop completed - status = 1
[  329.206609] xhci_hcd 0000:00:14.0: Initialize the xhci_hcd
[  329.206611] xhci_hcd 0000:00:14.0: xhci_init
[  329.206613] xhci_hcd 0000:00:14.0: xHCI doesn't need link TRB QUIRK
[  329.206616] xhci_hcd 0000:00:14.0: Supported page size register = 0x1
[  329.206618] xhci_hcd 0000:00:14.0: Supported page size of 4K
[  329.206619] xhci_hcd 0000:00:14.0: HCD page size set to 4K
[  329.206622] xhci_hcd 0000:00:14.0: // xHC can handle at most 32 device slots.
[  329.206624] xhci_hcd 0000:00:14.0: // Setting Max device slots reg = 0x20.
[  329.206629] xhci_hcd 0000:00:14.0: // Device context base array address = 0x459c59000 (DMA), 00000000746795ff (virt)
[  329.206634] xhci_hcd 0000:00:14.0: Allocated command ring at 0000000016bc8a40
[  329.206636] xhci_hcd 0000:00:14.0: First segment DMA is 0x459c69000
[  329.206641] xhci_hcd 0000:00:14.0: // Setting command ring address to 0x0000000459c69001
[  329.206645] xhci_hcd 0000:00:14.0: // Doorbell array is located at offset 0x3000 from cap regs base addr
[  329.206647] xhci_hcd 0000:00:14.0: // Allocating event ring
[  329.206651] xhci_hcd 0000:00:14.0: TRB math tests passed.
[  329.206657] xhci_hcd 0000:00:14.0: // Write ERST size = 1 to ir_set 0 (some bits preserved)
[  329.206659] xhci_hcd 0000:00:14.0: // Set ERST entries to point to event ring.
[  329.206661] xhci_hcd 0000:00:14.0: // Set ERST base address for ir_set 0 = 0x459c66000
[  329.206668] xhci_hcd 0000:00:14.0: // Write event ring dequeue pointer, preserving EHB bit
[  329.206670] xhci_hcd 0000:00:14.0: Wrote ERST address to ir_set 0.
[  329.206672] xhci_hcd 0000:00:14.0: Allocating 16 scratchpad buffers
[  329.206700] xhci_hcd 0000:00:14.0: Ext Cap 00000000c2adcc4d, port offset = 1, count = 14, revision = 0x2
[  329.206704] xhci_hcd 0000:00:14.0: PSIV:1 PSIE:2 PLT:0 PFD:0 LP:0 PSIM:12
[  329.206708] xhci_hcd 0000:00:14.0: PSIV:2 PSIE:1 PLT:0 PFD:0 LP:0 PSIM:1500
[  329.206711] xhci_hcd 0000:00:14.0: PSIV:3 PSIE:2 PLT:0 PFD:0 LP:0 PSIM:480
[  329.206717] xhci_hcd 0000:00:14.0: Ext Cap 000000007bc4fea7, port offset = 16, count = 6, revision = 0x3
[  329.206720] xhci_hcd 0000:00:14.0: PSIV:4 PSIE:3 PLT:0 PFD:1 LP:0 PSIM:5
[  329.206725] xhci_hcd 0000:00:14.0: Found 14 USB 2.0 ports and 6 USB 3.0 ports.
[  329.206728] xhci_hcd 0000:00:14.0: Finished xhci_init
[  329.206730] xhci_hcd 0000:00:14.0: Start the primary HCD
[  329.206732] xhci_hcd 0000:00:14.0: xhci_run
[  329.206734] xhci_hcd 0000:00:14.0: Failed to enable MSI-X
[  329.206797] xhci_hcd 0000:00:14.0: ERST deq = 64'h459c67000
[  329.206799] xhci_hcd 0000:00:14.0: // Set the interrupt modulation register
[  329.206803] xhci_hcd 0000:00:14.0: // Enable interrupts, cmd = 0x4.
[  329.206807] xhci_hcd 0000:00:14.0: // Enabling event ring interrupter 00000000e7c152bb by writing 0x2 to irq_pending
[  329.206808] xhci_hcd 0000:00:14.0: Finished xhci_run for USB2 roothub
[  329.207055] xhci_hcd 0000:00:14.0: Start the secondary HCD
[  329.207067] xhci_hcd 0000:00:14.0: // Turn on HC, cmd = 0x5.
[  329.207071] xhci_hcd 0000:00:14.0: Finished xhci_run for USB3 roothub
[  329.207086] xhci_hcd 0000:00:14.0: xhci_resume: starting port polling.
[  329.207111] xhci_hcd 0000:00:14.0: xhci_hub_status_data: stopping port polling.
[  329.207124] usb usb2: usb resume
[  329.207141] usb usb1: usb resume
[  329.207149] hub 2-0:1.0: hub_reset_resume
[  329.207153] hub 2-0:1.0: trying to enable port power on non-switchable hub
[  329.207168] hub 1-0:1.0: hub_reset_resume
[  329.207170] xhci_hcd 0000:00:14.0: set port power, actual port 0 status  = 0x802a0
[  329.207172] hub 1-0:1.0: trying to enable port power on non-switchable hub
[  329.207187] xhci_hcd 0000:00:14.0: set port power, actual port 0 status  = 0x2a0
[  329.207199] xhci_hcd 0000:00:14.0: set port power, actual port 1 status  = 0x802a0
[  329.207212] xhci_hcd 0000:00:14.0: set port power, actual port 2 status  = 0x802a0
[  329.207233] xhci_hcd 0000:00:14.0: set port power, actual port 1 status  = 0x2a0
[  329.207239] xhci_hcd 0000:00:14.0: set port power, actual port 3 status  = 0x2a0
[  329.207253] xhci_hcd 0000:00:14.0: set port power, actual port 4 status  = 0x802a0
[  329.207269] xhci_hcd 0000:00:14.0: set port power, actual port 5 status  = 0x802a0
[  329.207275] xhci_hcd 0000:00:14.0: set port power, actual port 2 status  = 0x2a0
[  329.207300] xhci_hcd 0000:00:14.0: set port power, actual port 3 status  = 0x2a0
[  329.207314] xhci_hcd 0000:00:14.0: set port power, actual port 4 status  = 0x2a0
[  329.207327] xhci_hcd 0000:00:14.0: set port power, actual port 5 status  = 0x2a0
[  329.207348] xhci_hcd 0000:00:14.0: set port power, actual port 6 status  = 0x2a0
[  329.207369] xhci_hcd 0000:00:14.0: set port power, actual port 7 status  = 0x2a0
[  329.207382] xhci_hcd 0000:00:14.0: set port power, actual port 8 status  = 0x2a0
[  329.207403] xhci_hcd 0000:00:14.0: set port power, actual port 9 status  = 0x2a0
[  329.207424] xhci_hcd 0000:00:14.0: set port power, actual port 10 status  = 0x2a0
[  329.207451] xhci_hcd 0000:00:14.0: set port power, actual port 11 status  = 0x2a0
[  329.207499] xhci_hcd 0000:00:14.0: set port power, actual port 12 status  = 0x2a0
[  329.207523] xhci_hcd 0000:00:14.0: set port power, actual port 13 status  = 0x2a0
[  329.225629] sd 0:0:0:0: [sda] Starting disk
[  329.226327] xhci_hcd 0000:00:14.0: Port Status Change Event for port 8
[  329.226337] xhci_hcd 0000:00:14.0: handle_port_status: starting port polling.
[  329.226351] xhci_hcd 0000:00:14.0: Port Status Change Event for port 12
[  329.226354] xhci_hcd 0000:00:14.0: handle_port_status: starting port polling.
[  329.312544] xhci_hcd 0000:00:14.0: get port status, actual port 0 status  = 0x802a0
[  329.312547] xhci_hcd 0000:00:14.0: Get port status returned 0x2002a0
[  329.312571] xhci_hcd 0000:00:14.0: clear port warm(BH) reset change, actual port 0 status  = 0x2a0
[  329.312579] xhci_hcd 0000:00:14.0: get port status, actual port 0 status  = 0x2a0
[  329.312581] xhci_hcd 0000:00:14.0: Get port status returned 0x100
[  329.312591] xhci_hcd 0000:00:14.0: get port status, actual port 1 status  = 0x802a0
[  329.312593] xhci_hcd 0000:00:14.0: Get port status returned 0x2002a0
[  329.312607] xhci_hcd 0000:00:14.0: clear port warm(BH) reset change, actual port 1 status  = 0x2a0
[  329.312619] xhci_hcd 0000:00:14.0: get port status, actual port 2 status  = 0x802a0
[  329.312620] xhci_hcd 0000:00:14.0: Get port status returned 0x2002a0
[  329.312633] xhci_hcd 0000:00:14.0: get port status, actual port 1 status  = 0x2a0
[  329.312636] xhci_hcd 0000:00:14.0: Get port status returned 0x100
[  329.312646] xhci_hcd 0000:00:14.0: clear port warm(BH) reset change, actual port 2 status  = 0x2a0
[  329.312652] xhci_hcd 0000:00:14.0: get port status, actual port 3 status  = 0x2e0
[  329.312654] xhci_hcd 0000:00:14.0: Get port status returned 0x2e0
[  329.312659] usb usb2-port4: status 02e0 change 0000
[  329.312667] xhci_hcd 0000:00:14.0: get port status, actual port 4 status  = 0x802a0
[  329.312669] xhci_hcd 0000:00:14.0: Get port status returned 0x2002a0
[  329.312681] xhci_hcd 0000:00:14.0: clear port warm(BH) reset change, actual port 4 status  = 0x2a0
[  329.312710] xhci_hcd 0000:00:14.0: get port status, actual port 2 status  = 0x2a0
[  329.312712] xhci_hcd 0000:00:14.0: Get port status returned 0x100
[  329.312721] xhci_hcd 0000:00:14.0: get port status, actual port 5 status  = 0x802a0
[  329.312723] xhci_hcd 0000:00:14.0: Get port status returned 0x2002a0
[  329.312735] xhci_hcd 0000:00:14.0: clear port warm(BH) reset change, actual port 5 status  = 0x2a0
[  329.312747] xhci_hcd 0000:00:14.0: get port status, actual port 3 status  = 0x2a0
[  329.312749] xhci_hcd 0000:00:14.0: Get port status returned 0x100
[  329.312772] xhci_hcd 0000:00:14.0: get port status, actual port 4 status  = 0x2a0
[  329.312775] xhci_hcd 0000:00:14.0: Get port status returned 0x100
[  329.312794] xhci_hcd 0000:00:14.0: get port status, actual port 5 status  = 0x2a0
[  329.312796] xhci_hcd 0000:00:14.0: Get port status returned 0x100
[  329.312814] xhci_hcd 0000:00:14.0: get port status, actual port 6 status  = 0x2a0
[  329.312816] xhci_hcd 0000:00:14.0: Get port status returned 0x100
[  329.312833] xhci_hcd 0000:00:14.0: get port status, actual port 7 status  = 0x206e1
[  329.312835] xhci_hcd 0000:00:14.0: Get port status returned 0x10101
[  329.312845] usb usb1-port8: status 0101 change 0001
[  329.312856] xhci_hcd 0000:00:14.0: clear port connect change, actual port 7 status  = 0x6e1
[  329.312869] xhci_hcd 0000:00:14.0: get port status, actual port 8 status  = 0x2a0
[  329.312871] xhci_hcd 0000:00:14.0: Get port status returned 0x100
[  329.312889] xhci_hcd 0000:00:14.0: get port status, actual port 9 status  = 0x2a0
[  329.312891] xhci_hcd 0000:00:14.0: Get port status returned 0x100
[  329.312908] xhci_hcd 0000:00:14.0: get port status, actual port 10 status  = 0x2a0
[  329.312910] xhci_hcd 0000:00:14.0: Get port status returned 0x100
[  329.312927] xhci_hcd 0000:00:14.0: get port status, actual port 11 status  = 0x206e1
[  329.312929] xhci_hcd 0000:00:14.0: Get port status returned 0x10101
[  329.312937] usb usb1-port12: status 0101 change 0001
[  329.312948] xhci_hcd 0000:00:14.0: clear port connect change, actual port 11 status  = 0x6e1
[  329.312965] xhci_hcd 0000:00:14.0: get port status, actual port 12 status  = 0x2a0
[  329.312967] xhci_hcd 0000:00:14.0: Get port status returned 0x100
[  329.312982] xhci_hcd 0000:00:14.0: get port status, actual port 13 status  = 0x2a0
[  329.312984] xhci_hcd 0000:00:14.0: Get port status returned 0x100
[  329.313314] xhci_hcd 0000:00:14.0: Port Status Change Event for port 19
[  329.313323] xhci_hcd 0000:00:14.0: handle_port_status: starting port polling.
[  329.416597] xhci_hcd 0000:00:14.0: get port status, actual port 3 status  = 0x21203
[  329.416602] xhci_hcd 0000:00:14.0: Get port status returned 0x10203
[  329.416637] usb 2-4: Waited 0ms for CONNECT
[  329.416653] xhci_hcd 0000:00:14.0: get port status, actual port 7 status  = 0x6e1
[  329.416657] xhci_hcd 0000:00:14.0: Get port status returned 0x101
[  329.416673] xhci_hcd 0000:00:14.0: clear port connect change, actual port 3 status  = 0x1203
[  329.416689] usb 1-8: Waited 0ms for CONNECT
[  329.416692] usb 1-8: finish reset-resume
[  329.416694] usb 2-4: finish reset-resume
[  329.416711] xhci_hcd 0000:00:14.0: set port reset, actual port 7 status  = 0x791
[  329.416718] xhci_hcd 0000:00:14.0: xHCI xhci_urb_enqueue called with unaddressed device
[  329.416735] usb 2-4: Disable of device-initiated U1 failed.
[  329.416740] xhci_hcd 0000:00:14.0: get port status, actual port 11 status  = 0x6e1
[  329.416745] xhci_hcd 0000:00:14.0: Get port status returned 0x101
[  329.416774] usb 1-12: Waited 0ms for CONNECT
[  329.416779] xhci_hcd 0000:00:14.0: xHCI xhci_urb_enqueue called with unaddressed device
[  329.416781] usb 1-12: finish reset-resume
[  329.416786] usb 2-4: Disable of device-initiated U2 failed.
[  329.417456] xhci_hcd 0000:00:14.0: xhci_hub_status_data: stopping port polling.
[  329.417476] xhci_hcd 0000:00:14.0: xhci_hub_status_data: stopping port polling.
[  329.471995] xhci_hcd 0000:00:14.0: Port Status Change Event for port 8
[  329.472009] xhci_hcd 0000:00:14.0: handle_port_status: starting port polling.
[  329.478613] xhci_hcd 0000:00:14.0: get port status, actual port 7 status  = 0x200603
[  329.478617] xhci_hcd 0000:00:14.0: Get port status returned 0x100103
