[    0.000000] microcode: microcode updated early to revision 0x1a, date = 2018-04-02
[    0.000000] Linux version 5.0.0-rc6+ (im@im-mac) (gcc version 8.2.1 20181215 (Red Hat 8.2.1-6) (GCC)) #83 SMP Tue Feb 12 22:47:43 +05 2019
[    0.000000] Command line: BOOT_IMAGE=/vmlinuz-5.0.0-rc6+ root=/dev/mapper/im--mac-root ro resume=/dev/mapper/im--mac-swap rd.lvm.lv=im-mac/root rd.luks.uuid=luks-dd1fa933-ef9f-402b-a2e4-7c9d6fb7ce0d rd.lvm.lv=im-mac/swap rhgb quiet hid_apple.fnmode=2 hid_apple.iso_layout=0 usbcore.quirks=05ac:8406:p
[    0.000000] x86/fpu: Supporting XSAVE feature 0x001: 'x87 floating point registers'
[    0.000000] x86/fpu: Supporting XSAVE feature 0x002: 'SSE registers'
[    0.000000] x86/fpu: Supporting XSAVE feature 0x004: 'AVX registers'
[    0.000000] x86/fpu: xstate_offset[2]:  576, xstate_sizes[2]:  256
[    0.000000] x86/fpu: Enabled xstate features 0x7, context size is 832 bytes, using 'standard' format.
[    0.000000] BIOS-provided physical RAM map:
[    0.000000] BIOS-e820: [mem 0x0000000000000000-0x0000000000057fff] usable
[    0.000000] BIOS-e820: [mem 0x0000000000058000-0x0000000000058fff] reserved
[    0.000000] BIOS-e820: [mem 0x0000000000059000-0x000000000009ffff] usable
[    0.000000] BIOS-e820: [mem 0x00000000000a0000-0x00000000000bffff] reserved
[    0.000000] BIOS-e820: [mem 0x0000000000100000-0x0000000078d00fff] usable
[    0.000000] BIOS-e820: [mem 0x0000000078d01000-0x0000000078d48fff] ACPI NVS
[    0.000000] BIOS-e820: [mem 0x0000000078d49000-0x0000000078d5cfff] usable
[    0.000000] BIOS-e820: [mem 0x0000000078d5d000-0x0000000078d8efff] ACPI data
[    0.000000] BIOS-e820: [mem 0x0000000078d8f000-0x0000000078e39fff] usable
[    0.000000] BIOS-e820: [mem 0x0000000078e3a000-0x0000000078e8efff] reserved
[    0.000000] BIOS-e820: [mem 0x0000000078e8f000-0x0000000078ecbfff] usable
[    0.000000] BIOS-e820: [mem 0x0000000078ecc000-0x0000000078efefff] reserved
[    0.000000] BIOS-e820: [mem 0x0000000078eff000-0x0000000078f84fff] usable
[    0.000000] BIOS-e820: [mem 0x0000000078f85000-0x0000000078fdefff] reserved
[    0.000000] BIOS-e820: [mem 0x0000000078fdf000-0x0000000078ffffff] usable
[    0.000000] BIOS-e820: [mem 0x0000000079000000-0x000000007f9fffff] reserved
[    0.000000] BIOS-e820: [mem 0x00000000e00f8000-0x00000000e00f8fff] reserved
[    0.000000] BIOS-e820: [mem 0x00000000fed1c000-0x00000000fed1ffff] reserved
[    0.000000] BIOS-e820: [mem 0x00000000ffd70000-0x00000000ffd9ffff] reserved
[    0.000000] BIOS-e820: [mem 0x0000000100000000-0x000000047f5fffff] usable
[    0.000000] NX (Execute Disable) protection: active
[    0.000000] e820: update [mem 0x66282710-0x66282ad2] usable ==> usable
[    0.000000] e820: update [mem 0x66282710-0x66282ad2] usable ==> usable
[    0.000000] extended physical RAM map:
[    0.000000] reserve setup_data: [mem 0x0000000000000000-0x0000000000057fff] usable
[    0.000000] reserve setup_data: [mem 0x0000000000058000-0x0000000000058fff] reserved
[    0.000000] reserve setup_data: [mem 0x0000000000059000-0x000000000009ffff] usable
[    0.000000] reserve setup_data: [mem 0x00000000000a0000-0x00000000000bffff] reserved
[    0.000000] reserve setup_data: [mem 0x0000000000100000-0x000000006628270f] usable
[    0.000000] reserve setup_data: [mem 0x0000000066282710-0x0000000066282ad2] usable
[    0.000000] reserve setup_data: [mem 0x0000000066282ad3-0x0000000078d00fff] usable
[    0.000000] reserve setup_data: [mem 0x0000000078d01000-0x0000000078d48fff] ACPI NVS
[    0.000000] reserve setup_data: [mem 0x0000000078d49000-0x0000000078d5cfff] usable
[    0.000000] reserve setup_data: [mem 0x0000000078d5d000-0x0000000078d8efff] ACPI data
[    0.000000] reserve setup_data: [mem 0x0000000078d8f000-0x0000000078e39fff] usable
[    0.000000] reserve setup_data: [mem 0x0000000078e3a000-0x0000000078e8efff] reserved
[    0.000000] reserve setup_data: [mem 0x0000000078e8f000-0x0000000078ecbfff] usable
[    0.000000] reserve setup_data: [mem 0x0000000078ecc000-0x0000000078efefff] reserved
[    0.000000] reserve setup_data: [mem 0x0000000078eff000-0x0000000078f84fff] usable
[    0.000000] reserve setup_data: [mem 0x0000000078f85000-0x0000000078fdefff] reserved
[    0.000000] reserve setup_data: [mem 0x0000000078fdf000-0x0000000078ffffff] usable
[    0.000000] reserve setup_data: [mem 0x0000000079000000-0x000000007f9fffff] reserved
[    0.000000] reserve setup_data: [mem 0x00000000e00f8000-0x00000000e00f8fff] reserved
[    0.000000] reserve setup_data: [mem 0x00000000fed1c000-0x00000000fed1ffff] reserved
[    0.000000] reserve setup_data: [mem 0x00000000ffd70000-0x00000000ffd9ffff] reserved
[    0.000000] reserve setup_data: [mem 0x0000000100000000-0x000000047f5fffff] usable
[    0.000000] efi: EFI v1.10 by Apple
[    0.000000] efi:  ACPI=0x78d8e000  ACPI 2.0=0x78d8e014  SMBIOS=0x78f8b000 
[    0.000000] SMBIOS 2.7 present.
[    0.000000] DMI: Apple Inc. MacBookPro11,4/Mac-06F11FD93F0323C5, BIOS MBP114.88Z.0184.B00.1806051659 06/05/2018
[    0.000000] tsc: Fast TSC calibration using PIT
[    0.000000] tsc: Detected 2194.981 MHz processor
[    0.000114] e820: update [mem 0x00000000-0x00000fff] usable ==> reserved
[    0.000115] e820: remove [mem 0x000a0000-0x000fffff] usable
[    0.000120] last_pfn = 0x47f600 max_arch_pfn = 0x400000000
[    0.000123] MTRR default type: write-back
[    0.000124] MTRR fixed ranges enabled:
[    0.000125]   00000-9FFFF write-back
[    0.000125]   A0000-BFFFF uncachable
[    0.000126]   C0000-DFFFF write-protect
[    0.000126]   E0000-FFFFF uncachable
[    0.000127] MTRR variable ranges enabled:
[    0.000128]   0 base 0080000000 mask 7F80000000 uncachable
[    0.000129]   1 base 007C000000 mask 7FFC000000 uncachable
[    0.000129]   2 base 007A000000 mask 7FFE000000 uncachable
[    0.000130]   3 base 0079000000 mask 7FFF000000 uncachable
[    0.000130]   4 disabled
[    0.000130]   5 disabled
[    0.000130]   6 disabled
[    0.000131]   7 disabled
[    0.000131]   8 disabled
[    0.000131]   9 disabled
[    0.009928] x86/PAT: Configuration [0-7]: WB  WC  UC- UC  WB  WP  UC- WT  
[    0.010022] last_pfn = 0x79000 max_arch_pfn = 0x400000000
[    0.021583] Base memory trampoline at [(____ptrval____)] 99000 size 24576
[    0.021586] Using GB pages for direct mapping
[    0.021587] BRK [0x351e01000, 0x351e01fff] PGTABLE
[    0.021589] BRK [0x351e02000, 0x351e02fff] PGTABLE
[    0.021589] BRK [0x351e03000, 0x351e03fff] PGTABLE
[    0.021625] BRK [0x351e04000, 0x351e04fff] PGTABLE
[    0.021626] BRK [0x351e05000, 0x351e05fff] PGTABLE
[    0.021740] BRK [0x351e06000, 0x351e06fff] PGTABLE
[    0.021768] BRK [0x351e07000, 0x351e07fff] PGTABLE
[    0.021835] BRK [0x351e08000, 0x351e08fff] PGTABLE
[    0.021993] Secure boot disabled
[    0.021994] RAMDISK: [mem 0x42ab8000-0x48560fff]
[    0.022004] ACPI: Early table checksum verification disabled
[    0.022007] ACPI: RSDP 0x0000000078D8E014 000024 (v02 APPLE )
[    0.022009] ACPI: XSDT 0x0000000078D8E1C0 0000A4 (v01 APPLE  Apple00  00000000      01000013)
[    0.022013] ACPI: FACP 0x0000000078D8C000 0000F4 (v05 APPLE  Apple00  00000000 Loki 0000005F)
[    0.022016] ACPI BIOS Warning (bug): 32/64X length mismatch in FADT/Gpe0Block: 128/0 (20181213/tbfadt-569)
[    0.022019] ACPI: DSDT 0x0000000078D7F000 007331 (v03 APPLE  MacBookP 00110004 INTL 20140424)
[    0.022021] ACPI: FACS 0x0000000078D06000 000040
[    0.022022] ACPI: FACS 0x0000000078D06000 000040
[    0.022024] ACPI: HPET 0x0000000078D8B000 000038 (v01 APPLE  Apple00  00000001 Loki 0000005F)
[    0.022025] ACPI: APIC 0x0000000078D8A000 0000BC (v02 APPLE  Apple00  00000001 Loki 0000005F)
[    0.022027] ACPI: SBST 0x0000000078D88000 000030 (v01 APPLE  Apple00  00000001 Loki 0000005F)
[    0.022029] ACPI: ECDT 0x0000000078D87000 000053 (v01 APPLE  Apple00  00000001 Loki 0000005F)
[    0.022031] ACPI: SSDT 0x0000000078D7E000 000024 (v01 APPLE  SataAhci 00001000 INTL 20140424)
[    0.022032] ACPI: SSDT 0x0000000078D7D000 000024 (v01 APPLE  SmcDppt  00001000 INTL 20140424)
[    0.022034] ACPI: SSDT 0x0000000078D7C000 000032 (v01 APPLE  SsdtS3   00001000 INTL 20140424)
[    0.022036] ACPI: SSDT 0x0000000078D68000 0086DA (v01 APPLE  TbtPEG11 00001000 INTL 20140424)
[    0.022038] ACPI: SSDT 0x0000000078D67000 0000B8 (v01 APPLE  Sdxc     00001000 INTL 20140424)
[    0.022039] ACPI: SSDT 0x0000000078D66000 000A7B (v02 APPLE  Xhci     00001000 INTL 20140424)
[    0.022041] ACPI: SSDT 0x0000000078D64000 000341 (v01 APPLE  PEG0SSD0 00001000 INTL 20140424)
[    0.022043] ACPI: SSDT 0x0000000078D5F000 00069C (v01 PmRef  Cpu0Ist  00003000 INTL 20140424)
[    0.022045] ACPI: SSDT 0x0000000078D5E000 000C17 (v01 CpuRef CpuSsdt  00003000 INTL 20140424)
[    0.022046] ACPI: DMAR 0x0000000078D5D000 000088 (v01 APPLE  BDW      00000001 INTL 00000001)
[    0.022048] ACPI: MCFG 0x0000000078D89000 00003C (v01 APPLE  Apple00  00000001 Loki 0000005F)
[    0.022053] ACPI: DMI detected to setup _OSI("Darwin"): Apple hardware
[    0.022055] ACPI: Local APIC address 0xfee00000
[    0.022128] No NUMA configuration found
[    0.022129] Faking a node at [mem 0x0000000000000000-0x000000047f5fffff]
[    0.022137] NODE_DATA(0) allocated [mem 0x47f5d5000-0x47f5fffff]
[    0.052021] Zone ranges:
[    0.052022]   DMA      [mem 0x0000000000001000-0x0000000000ffffff]
[    0.052024]   DMA32    [mem 0x0000000001000000-0x00000000ffffffff]
[    0.052025]   Normal   [mem 0x0000000100000000-0x000000047f5fffff]
[    0.052026]   Device   empty
[    0.052026] Movable zone start for each node
[    0.052029] Early memory node ranges
[    0.052029]   node   0: [mem 0x0000000000001000-0x0000000000057fff]
[    0.052030]   node   0: [mem 0x0000000000059000-0x000000000009ffff]
[    0.052030]   node   0: [mem 0x0000000000100000-0x0000000078d00fff]
[    0.052031]   node   0: [mem 0x0000000078d49000-0x0000000078d5cfff]
[    0.052031]   node   0: [mem 0x0000000078d8f000-0x0000000078e39fff]
[    0.052031]   node   0: [mem 0x0000000078e8f000-0x0000000078ecbfff]
[    0.052032]   node   0: [mem 0x0000000078eff000-0x0000000078f84fff]
[    0.052032]   node   0: [mem 0x0000000078fdf000-0x0000000078ffffff]
[    0.052033]   node   0: [mem 0x0000000100000000-0x000000047f5fffff]
[    0.052407] Zeroed struct page in unavailable ranges: 29118 pages
[    0.052409] Initmem setup node 0 [mem 0x0000000000001000-0x000000047f5fffff]
[    0.052410] On node 0 totalpages: 4162626
[    0.052410]   DMA zone: 64 pages used for memmap
[    0.052411]   DMA zone: 22 pages reserved
[    0.052411]   DMA zone: 3998 pages, LIFO batch:0
[    0.052482]   DMA32 zone: 7675 pages used for memmap
[    0.052483]   DMA32 zone: 491172 pages, LIFO batch:63
[    0.064531]   Normal zone: 57304 pages used for memmap
[    0.064532]   Normal zone: 3667456 pages, LIFO batch:63
[    0.133471] Reserving Intel graphics memory at [mem 0x79a00000-0x7f9fffff]
[    0.133536] ACPI: PM-Timer IO Port: 0x1808
[    0.133538] ACPI: Local APIC address 0xfee00000
[    0.133543] ACPI: LAPIC_NMI (acpi_id[0x01] high edge lint[0x1])
[    0.133544] ACPI: LAPIC_NMI (acpi_id[0x02] high edge lint[0x1])
[    0.133544] ACPI: LAPIC_NMI (acpi_id[0x03] high edge lint[0x1])
[    0.133545] ACPI: LAPIC_NMI (acpi_id[0x04] high edge lint[0x1])
[    0.133545] ACPI: LAPIC_NMI (acpi_id[0x05] high edge lint[0x1])
[    0.133545] ACPI: LAPIC_NMI (acpi_id[0x06] high edge lint[0x1])
[    0.133546] ACPI: LAPIC_NMI (acpi_id[0x07] high edge lint[0x1])
[    0.133546] ACPI: LAPIC_NMI (acpi_id[0x08] high edge lint[0x1])
[    0.133560] IOAPIC[0]: apic_id 2, version 32, address 0xfec00000, GSI 0-23
[    0.133562] ACPI: INT_SRC_OVR (bus 0 bus_irq 0 global_irq 2 dfl dfl)
[    0.133563] ACPI: INT_SRC_OVR (bus 0 bus_irq 9 global_irq 9 high level)
[    0.133564] ACPI: IRQ0 used by override.
[    0.133565] ACPI: IRQ9 used by override.
[    0.133566] Using ACPI (MADT) for SMP configuration information
[    0.133567] ACPI: HPET id: 0x8086a201 base: 0xfed00000
[    0.133570] smpboot: Allowing 8 CPUs, 0 hotplug CPUs
[    0.133584] PM: Registered nosave memory: [mem 0x00000000-0x00000fff]
[    0.133585] PM: Registered nosave memory: [mem 0x00058000-0x00058fff]
[    0.133586] PM: Registered nosave memory: [mem 0x000a0000-0x000bffff]
[    0.133586] PM: Registered nosave memory: [mem 0x000c0000-0x000fffff]
[    0.133587] PM: Registered nosave memory: [mem 0x66282000-0x66282fff]
[    0.133588] PM: Registered nosave memory: [mem 0x66282000-0x66282fff]
[    0.133589] PM: Registered nosave memory: [mem 0x78d01000-0x78d48fff]
[    0.133590] PM: Registered nosave memory: [mem 0x78d5d000-0x78d8efff]
[    0.133591] PM: Registered nosave memory: [mem 0x78e3a000-0x78e8efff]
[    0.133592] PM: Registered nosave memory: [mem 0x78ecc000-0x78efefff]
[    0.133593] PM: Registered nosave memory: [mem 0x78f85000-0x78fdefff]
[    0.133594] PM: Registered nosave memory: [mem 0x79000000-0x7f9fffff]
[    0.133595] PM: Registered nosave memory: [mem 0x7fa00000-0xe00f7fff]
[    0.133595] PM: Registered nosave memory: [mem 0xe00f8000-0xe00f8fff]
[    0.133595] PM: Registered nosave memory: [mem 0xe00f9000-0xfed1bfff]
[    0.133596] PM: Registered nosave memory: [mem 0xfed1c000-0xfed1ffff]
[    0.133596] PM: Registered nosave memory: [mem 0xfed20000-0xffd6ffff]
[    0.133596] PM: Registered nosave memory: [mem 0xffd70000-0xffd9ffff]
[    0.133597] PM: Registered nosave memory: [mem 0xffda0000-0xffffffff]
[    0.133599] [mem 0x7fa00000-0xe00f7fff] available for PCI devices
[    0.133603] Booting paravirtualized kernel on bare hardware
[    0.133605] clocksource: refined-jiffies: mask: 0xffffffff max_cycles: 0xffffffff, max_idle_ns: 1910969940391419 ns
[    0.228841] random: get_random_bytes called from start_kernel+0x93/0x503 with crng_init=0
[    0.228846] setup_percpu: NR_CPUS:64 nr_cpumask_bits:64 nr_cpu_ids:8 nr_node_ids:1
[    0.229015] percpu: Embedded 44 pages/cpu @(____ptrval____) s143360 r8192 d28672 u262144
[    0.229020] pcpu-alloc: s143360 r8192 d28672 u262144 alloc=1*2097152
[    0.229021] pcpu-alloc: [0] 0 1 2 3 4 5 6 7 
[    0.229036] Built 1 zonelists, mobility grouping on.  Total pages: 4097561
[    0.229036] Policy zone: Normal
[    0.229038] Kernel command line: BOOT_IMAGE=/vmlinuz-5.0.0-rc6+ root=/dev/mapper/im--mac-root ro resume=/dev/mapper/im--mac-swap rd.lvm.lv=im-mac/root rd.luks.uuid=luks-dd1fa933-ef9f-402b-a2e4-7c9d6fb7ce0d rd.lvm.lv=im-mac/swap rhgb quiet hid_apple.fnmode=2 hid_apple.iso_layout=0 usbcore.quirks=05ac:8406:p
[    0.274750] Memory: 15843916K/16650504K available (12291K kernel code, 1404K rwdata, 4028K rodata, 2152K init, 4944K bss, 806588K reserved, 0K cma-reserved)
[    0.274868] SLUB: HWalign=64, Order=0-3, MinObjects=0, CPUs=8, Nodes=1
[    0.274873] Kernel/User page tables isolation: enabled
[    0.274885] ftrace: allocating 38170 entries in 150 pages
[    0.287987] rcu: Hierarchical RCU implementation.
[    0.287988] rcu: 	RCU restricting CPUs from NR_CPUS=64 to nr_cpu_ids=8.
[    0.287989] rcu: RCU calculated value of scheduler-enlistment delay is 100 jiffies.
[    0.287990] rcu: Adjusting geometry for rcu_fanout_leaf=16, nr_cpu_ids=8
[    0.289860] NR_IRQS: 4352, nr_irqs: 488, preallocated irqs: 16
[    0.289986] rcu: 	Offload RCU callbacks from CPUs: (none).
[    0.290029] Console: colour dummy device 80x25
[    0.290033] printk: console [tty0] enabled
[    0.290044] ACPI: Core revision 20181213
[    0.290249] clocksource: hpet: mask: 0xffffffff max_cycles: 0xffffffff, max_idle_ns: 133484882848 ns
[    0.290257] hpet clockevent registered
[    0.290260] APIC: Switch to symmetric I/O mode setup
[    0.290262] DMAR: Host address width 39
[    0.290262] DMAR: DRHD base: 0x000000fed90000 flags: 0x0
[    0.290266] DMAR: dmar0: reg_base_addr fed90000 ver 1:0 cap c0000020660462 ecap f0101a
[    0.290266] DMAR: DRHD base: 0x000000fed91000 flags: 0x1
[    0.290268] DMAR: dmar1: reg_base_addr fed91000 ver 1:0 cap d2008c20660462 ecap f010da
[    0.290269] DMAR: RMRR base: 0x00000079800000 end: 0x0000007f9fffff
[    0.290271] DMAR-IR: IOAPIC id 2 under DRHD base  0xfed91000 IOMMU 1
[    0.290272] DMAR-IR: HPET id 0 under DRHD base 0xfed91000
[    0.290273] DMAR-IR: x2apic is disabled because BIOS sets x2apic opt out bit.
[    0.290273] DMAR-IR: Use 'intremap=no_x2apic_optout' to override the BIOS setting.
[    0.290714] DMAR-IR: Enabled IRQ remapping in xapic mode
[    0.290714] x2apic: IRQ remapping doesn't support X2APIC mode
[    0.291086] ..TIMER: vector=0x30 apic1=0 pin1=2 apic2=-1 pin2=-1
[    0.295266] clocksource: tsc-early: mask: 0xffffffffffffffff max_cycles: 0x1fa3ada39af, max_idle_ns: 440795313040 ns
[    0.295276] Calibrating delay loop (skipped), value calculated using timer frequency.. 4389.96 BogoMIPS (lpj=2194981)
[    0.295277] pid_max: default: 32768 minimum: 301
[    0.307496] LSM: Security Framework initializing
[    0.307497] Yama: becoming mindful.
[    0.307500] SELinux:  Initializing.
[    0.310278] Dentry cache hash table entries: 2097152 (order: 12, 16777216 bytes)
[    0.311440] Inode-cache hash table entries: 1048576 (order: 11, 8388608 bytes)
[    0.311479] Mount-cache hash table entries: 32768 (order: 6, 262144 bytes)
[    0.311510] Mountpoint-cache hash table entries: 32768 (order: 6, 262144 bytes)
[    0.311667] ENERGY_PERF_BIAS: Set to 'normal', was 'performance'
[    0.311667] ENERGY_PERF_BIAS: View and update with x86_energy_perf_policy(8)
[    0.311671] mce: CPU supports 10 MCE banks
[    0.311679] mce: CPU0: Thermal monitoring enabled (TM1)
[    0.311691] process: using mwait in idle threads
[    0.311693] Last level iTLB entries: 4KB 1024, 2MB 1024, 4MB 1024
[    0.311693] Last level dTLB entries: 4KB 1024, 2MB 1024, 4MB 1024, 1GB 4
[    0.311695] Spectre V2 : Mitigation: Full generic retpoline
[    0.311695] Spectre V2 : Spectre v2 / SpectreRSB mitigation: Filling RSB on context switch
[    0.311696] Spectre V2 : Enabling Restricted Speculation for firmware calls
[    0.311701] Spectre V2 : mitigation: Enabling conditional Indirect Branch Prediction Barrier
[    0.311701] Spectre V2 : User space: Mitigation: STIBP via seccomp and prctl
[    0.311702] Speculative Store Bypass: Mitigation: Speculative Store Bypass disabled via prctl and seccomp
[    0.311863] Freeing SMP alternatives memory: 36K
[    0.312950] TSC deadline timer enabled
[    0.312952] smpboot: CPU0: Intel(R) Core(TM) i7-4770HQ CPU @ 2.20GHz (family: 0x6, model: 0x46, stepping: 0x1)
[    0.313018] Performance Events: PEBS fmt2+, Haswell events, 16-deep LBR, full-width counters, Intel PMU driver.
[    0.313054] ... version:                3
[    0.313055] ... bit width:              48
[    0.313055] ... generic registers:      4
[    0.313056] ... value mask:             0000ffffffffffff
[    0.313056] ... max period:             00007fffffffffff
[    0.313056] ... fixed-purpose events:   3
[    0.313057] ... event mask:             000000070000000f
[    0.313082] rcu: Hierarchical SRCU implementation.
[    0.313267] random: crng done (trusting CPU's manufacturer)
[    0.313267] NMI watchdog: Enabled. Permanently consumes one hw-PMU counter.
[    0.313286] smp: Bringing up secondary CPUs ...
[    0.313336] x86: Booting SMP configuration:
[    0.313337] .... node  #0, CPUs:      #1 #2 #3 #4 #5 #6 #7
[    0.363271] smp: Brought up 1 node, 8 CPUs
[    0.363273] smpboot: Max logical packages: 1
[    0.363274] smpboot: Total of 8 processors activated (35119.69 BogoMIPS)
[    0.364644] devtmpfs: initialized
[    0.364644] x86/mm: Memory block size: 128MB
[    0.365525] PM: Registering ACPI NVS region [mem 0x78d01000-0x78d48fff] (294912 bytes)
[    0.365525] clocksource: jiffies: mask: 0xffffffff max_cycles: 0xffffffff, max_idle_ns: 1911260446275000 ns
[    0.365525] futex hash table entries: 2048 (order: 5, 131072 bytes)
[    0.365525] pinctrl core: initialized pinctrl subsystem
[    0.365525] RTC time: 17:52:48, date: 2019-02-12
[    0.365604] NET: Registered protocol family 16
[    0.365694] audit: initializing netlink subsys (disabled)
[    0.365698] audit: type=2000 audit(1549993968.075:1): state=initialized audit_enabled=0 res=1
[    0.365698] cpuidle: using governor menu
[    0.365698] ACPI: bus type PCI registered
[    0.365698] acpiphp: ACPI Hot Plug PCI Controller Driver version: 0.5
[    0.365698] PCI: MMCONFIG for domain 0000 [bus 00-9b] at [mem 0xe0000000-0xe9bfffff] (base 0xe0000000)
[    0.365698] PCI: not using MMCONFIG
[    0.365698] PCI: Using configuration type 1 for base access
[    0.365698] core: PMU erratum BJ122, BV98, HSD29 worked around, HT is on
[    0.367303] HugeTLB registered 1.00 GiB page size, pre-allocated 0 pages
[    0.367303] HugeTLB registered 2.00 MiB page size, pre-allocated 0 pages
[    0.367303] cryptd: max_cpu_qlen set to 1000
[    0.367311] ACPI: Disabled all _OSI OS vendors
[    0.367312] ACPI: Added _OSI(Module Device)
[    0.367312] ACPI: Added _OSI(Processor Device)
[    0.367313] ACPI: Added _OSI(3.0 _SCP Extensions)
[    0.367313] ACPI: Added _OSI(Processor Aggregator Device)
[    0.367314] ACPI: Added _OSI(Linux-Dell-Video)
[    0.367315] ACPI: Added _OSI(Linux-Lenovo-NV-HDMI-Audio)
[    0.367315] ACPI: Added _OSI(Linux-HPI-Hybrid-Graphics)
[    0.367316] ACPI: Added _OSI(Darwin)
[    0.378873] ACPI: 10 ACPI AML tables successfully acquired and loaded
[    0.379479] ACPI: EC: EC started
[    0.379479] ACPI: EC: interrupt blocked
[    0.381492] ACPI: \: Used as first EC
[    0.381493] ACPI: \: GPE=0x17, EC_CMD/EC_SC=0x66, EC_DATA=0x62
[    0.381494] ACPI: \: Used as boot ECDT EC to handle transactions
[    0.382202] ACPI: BIOS _OSI(Darwin) query honored via DMI
[    0.382728] ACPI: [Firmware Bug]: BIOS _OSI(Linux) query ignored
[    0.382845] ACPI Error: Needed type [Reference], found [Integer] 000000003b7e9990 (20181213/exresop-69)
[    0.382848] ACPI Error: AE_AML_OPERAND_TYPE, While resolving operands for [OpcodeName unavailable] (20181213/dswexec-427)
[    0.382850] ACPI Error: Method parse/execution failed \_PR.CPU0._PDC, AE_AML_OPERAND_TYPE (20181213/psparse-531)
[    0.383039] ACPI: Dynamic OEM Table Load:
[    0.383043] ACPI: SSDT 0xFFFF8BB92CB49800 00067C (v01 PmRef  ApIst    00003000 INTL 20140424)
[    0.383422] ACPI: Dynamic OEM Table Load:
[    0.383425] ACPI: SSDT 0xFFFF8BB92CB9B200 000119 (v01 PmRef  ApCst    00003000 INTL 20140424)
[    0.384495] ACPI: Interpreter enabled
[    0.384510] ACPI: (supports S0 S3 S4 S5)
[    0.384511] ACPI: Using IOAPIC for interrupt routing
[    0.384528] PCI: MMCONFIG for domain 0000 [bus 00-9b] at [mem 0xe0000000-0xe9bfffff] (base 0xe0000000)
[    0.384889] PCI: MMCONFIG at [mem 0xe0000000-0xe9bfffff] reserved in ACPI motherboard resources
[    0.384897] PCI: Using host bridge windows from ACPI; if necessary, use "pci=nocrs" and report a bug
[    0.385075] ACPI: Enabled 7 GPEs in block 00 to 3F
[    0.392380] ACPI: PCI Root Bridge [PCI0] (domain 0000 [bus 00-ff])
[    0.392383] acpi PNP0A08:00: _OSC: OS assumes control of [PCIeHotplug SHPCHotplug AER PCIeCapability LTR]
[    0.392393] acpi PNP0A08:00: [Firmware Info]: MMCONFIG for domain 0000 [bus 00-9b] only partially covers this bridge
[    0.392594] PCI host bridge to bus 0000:00
[    0.392596] pci_bus 0000:00: root bus resource [io  0x0000-0x0cf7 window]
[    0.392597] pci_bus 0000:00: root bus resource [io  0x0d00-0xffff window]
[    0.392598] pci_bus 0000:00: root bus resource [mem 0x000a0000-0x000bffff window]
[    0.392599] pci_bus 0000:00: root bus resource [mem 0x000c0000-0x000c3fff window]
[    0.392600] pci_bus 0000:00: root bus resource [mem 0x000c4000-0x000c7fff window]
[    0.392601] pci_bus 0000:00: root bus resource [mem 0x000c8000-0x000cbfff window]
[    0.392602] pci_bus 0000:00: root bus resource [mem 0x000cc000-0x000cffff window]
[    0.392602] pci_bus 0000:00: root bus resource [mem 0x000d0000-0x000d3fff window]
[    0.392603] pci_bus 0000:00: root bus resource [mem 0x000d4000-0x000d7fff window]
[    0.392604] pci_bus 0000:00: root bus resource [mem 0x000d8000-0x000dbfff window]
[    0.392605] pci_bus 0000:00: root bus resource [mem 0x000dc000-0x000dffff window]
[    0.392606] pci_bus 0000:00: root bus resource [mem 0x000e0000-0x000e3fff window]
[    0.392607] pci_bus 0000:00: root bus resource [mem 0x000e4000-0x000e7fff window]
[    0.392608] pci_bus 0000:00: root bus resource [mem 0x000e8000-0x000ebfff window]
[    0.392609] pci_bus 0000:00: root bus resource [mem 0x000ec000-0x000effff window]
[    0.392610] pci_bus 0000:00: root bus resource [mem 0x000f0000-0x000fffff window]
[    0.392611] pci_bus 0000:00: root bus resource [mem 0x7fa00000-0xfeafffff window]
[    0.392612] pci_bus 0000:00: root bus resource [mem 0xfed40000-0xfed44fff window]
[    0.392613] pci_bus 0000:00: root bus resource [bus 00-ff]
[    0.392619] pci 0000:00:00.0: [8086:0d04] type 00 class 0x060000
[    0.392685] pci 0000:00:01.0: [8086:0d01] type 01 class 0x060400
[    0.392716] pci 0000:00:01.0: PME# supported from D0 D3hot D3cold
[    0.392761] pci 0000:00:01.1: [8086:0d05] type 01 class 0x060400
[    0.392789] pci 0000:00:01.1: PME# supported from D0 D3hot D3cold
[    0.392859] pci 0000:00:02.0: [8086:0d26] type 00 class 0x030000
[    0.392868] pci 0000:00:02.0: reg 0x10: [mem 0xa0000000-0xa03fffff 64bit]
[    0.392872] pci 0000:00:02.0: reg 0x18: [mem 0x90000000-0x9fffffff 64bit pref]
[    0.392875] pci 0000:00:02.0: reg 0x20: [io  0x3000-0x303f]
[    0.392884] pci 0000:00:02.0: BAR 2: assigned to efifb
[    0.392933] pci 0000:00:03.0: [8086:0d0c] type 00 class 0x040300
[    0.392940] pci 0000:00:03.0: reg 0x10: [mem 0xa0c10000-0xa0c13fff 64bit]
[    0.393018] pci 0000:00:14.0: [8086:8c31] type 00 class 0x0c0330
[    0.393036] pci 0000:00:14.0: reg 0x10: [mem 0xa0c00000-0xa0c0ffff 64bit]
[    0.393086] pci 0000:00:14.0: PME# supported from D3hot D3cold
[    0.393162] pci 0000:00:16.0: [8086:8c3a] type 00 class 0x078000
[    0.393180] pci 0000:00:16.0: reg 0x10: [mem 0xa0c19100-0xa0c1910f 64bit]
[    0.393232] pci 0000:00:16.0: PME# supported from D0 D3hot D3cold
[    0.393286] pci 0000:00:1b.0: [8086:8c20] type 00 class 0x040300
[    0.393304] pci 0000:00:1b.0: reg 0x10: [mem 0xa0c14000-0xa0c17fff 64bit]
[    0.393361] pci 0000:00:1b.0: PME# supported from D0 D3hot D3cold
[    0.393411] pci 0000:00:1c.0: [8086:8c10] type 01 class 0x060400
[    0.393453] pci 0000:00:1c.0: claimed MacBook Pro poweroff workaround [mem 0x7fa00000-0x7fbfffff]
[    0.393497] pci 0000:00:1c.0: PME# supported from D0 D3hot D3cold
[    0.393557] pci 0000:00:1c.2: [8086:8c14] type 01 class 0x060400
[    0.393626] pci 0000:00:1c.2: PME# supported from D0 D3hot D3cold
[    0.393682] pci 0000:00:1c.3: [8086:8c16] type 01 class 0x060400
[    0.393750] pci 0000:00:1c.3: PME# supported from D0 D3hot D3cold
[    0.393811] pci 0000:00:1f.0: [8086:8c4b] type 00 class 0x060100
[    0.393944] pci 0000:00:1f.3: [8086:8c22] type 00 class 0x0c0500
[    0.393960] pci 0000:00:1f.3: reg 0x10: [mem 0xa0c19000-0xa0c190ff 64bit]
[    0.393977] pci 0000:00:1f.3: reg 0x20: [io  0xefa0-0xefbf]
[    0.394034] pci 0000:00:1f.6: [8086:8c24] type 00 class 0x118000
[    0.394053] pci 0000:00:1f.6: reg 0x10: [mem 0xa0c18000-0xa0c18fff 64bit]
[    0.394202] pci 0000:01:00.0: [144d:a801] type 00 class 0x010601
[    0.394236] pci 0000:01:00.0: reg 0x24: [mem 0xa0b00000-0xa0b01fff]
[    0.394364] pci 0000:00:01.0: PCI bridge to [bus 01]
[    0.394366] pci 0000:00:01.0:   bridge window [mem 0xa0b00000-0xa0bfffff]
[    0.394415] pci 0000:05:00.0: [8086:156d] type 01 class 0x060400
[    0.394494] pci 0000:05:00.0: supports D1 D2
[    0.394495] pci 0000:05:00.0: PME# supported from D0 D1 D2 D3hot D3cold
[    0.394579] pci 0000:00:01.1: PCI bridge to [bus 05-9b]
[    0.394581] pci 0000:00:01.1:   bridge window [io  0x4000-0x6fff]
[    0.394582] pci 0000:00:01.1:   bridge window [mem 0xa0d00000-0xacdfffff]
[    0.394585] pci 0000:00:01.1:   bridge window [mem 0xace00000-0xb8dfffff 64bit pref]
[    0.394664] pci 0000:06:00.0: [8086:156d] type 01 class 0x060400
[    0.394752] pci 0000:06:00.0: supports D1 D2
[    0.394753] pci 0000:06:00.0: PME# supported from D0 D1 D2 D3hot D3cold
[    0.394814] pci 0000:06:03.0: [8086:156d] type 01 class 0x060400
[    0.394900] pci 0000:06:03.0: supports D1 D2
[    0.394901] pci 0000:06:03.0: PME# supported from D0 D1 D2 D3hot D3cold
[    0.394959] pci 0000:06:04.0: [8086:156d] type 01 class 0x060400
[    0.395044] pci 0000:06:04.0: supports D1 D2
[    0.395045] pci 0000:06:04.0: PME# supported from D0 D1 D2 D3hot D3cold
[    0.395104] pci 0000:06:05.0: [8086:156d] type 01 class 0x060400
[    0.395190] pci 0000:06:05.0: supports D1 D2
[    0.395191] pci 0000:06:05.0: PME# supported from D0 D1 D2 D3hot D3cold
[    0.395249] pci 0000:06:06.0: [8086:156d] type 01 class 0x060400
[    0.395335] pci 0000:06:06.0: supports D1 D2
[    0.395336] pci 0000:06:06.0: PME# supported from D0 D1 D2 D3hot D3cold
[    0.395406] pci 0000:05:00.0: PCI bridge to [bus 06-6b]
[    0.395409] pci 0000:05:00.0:   bridge window [io  0x4000-0x5fff]
[    0.395412] pci 0000:05:00.0:   bridge window [mem 0xa0d00000-0xa8dfffff]
[    0.395415] pci 0000:05:00.0:   bridge window [mem 0xace00000-0xb4dfffff 64bit pref]
[    0.395462] pci 0000:07:00.0: [8086:156c] type 00 class 0x088000
[    0.395487] pci 0000:07:00.0: reg 0x10: [mem 0xa0d00000-0xa0d3ffff]
[    0.395495] pci 0000:07:00.0: reg 0x14: [mem 0xa0d40000-0xa0d40fff]
[    0.395614] pci 0000:07:00.0: supports D1 D2
[    0.395615] pci 0000:07:00.0: PME# supported from D0 D1 D2 D3hot D3cold
[    0.395755] pci 0000:06:00.0: PCI bridge to [bus 07]
[    0.395761] pci 0000:06:00.0:   bridge window [mem 0xa0d00000-0xa0dfffff]
[    0.395814] pci 0000:06:03.0: PCI bridge to [bus 08-38]
[    0.395818] pci 0000:06:03.0:   bridge window [io  0x4000-0x4fff]
[    0.395821] pci 0000:06:03.0:   bridge window [mem 0xa0e00000-0xa4dfffff]
[    0.395825] pci 0000:06:03.0:   bridge window [mem 0xace00000-0xb0dfffff 64bit pref]
[    0.395874] pci 0000:06:04.0: PCI bridge to [bus 39]
[    0.395929] pci 0000:06:05.0: PCI bridge to [bus 3a-6a]
[    0.395933] pci 0000:06:05.0:   bridge window [io  0x5000-0x5fff]
[    0.395935] pci 0000:06:05.0:   bridge window [mem 0xa4e00000-0xa8dfffff]
[    0.395939] pci 0000:06:05.0:   bridge window [mem 0xb0e00000-0xb4dfffff 64bit pref]
[    0.395966] pci 0000:06:06.0: PCI bridge to [bus 6b]
[    0.396032] pci 0000:00:1c.0: PCI bridge to [bus 02]
[    0.396125] pci 0000:03:00.0: [14e4:43ba] type 00 class 0x028000
[    0.396189] pci 0000:03:00.0: reg 0x10: [mem 0xa0800000-0xa0807fff 64bit]
[    0.396216] pci 0000:03:00.0: reg 0x18: [mem 0xa0400000-0xa07fffff 64bit]
[    0.396427] pci 0000:03:00.0: supports D1 D2
[    0.396428] pci 0000:03:00.0: PME# supported from D0 D1 D2 D3hot D3cold
[    0.396663] pci 0000:00:1c.2: PCI bridge to [bus 03]
[    0.396668] pci 0000:00:1c.2:   bridge window [mem 0xa0400000-0xa08fffff]
[    0.396723] pci 0000:04:00.0: [14e4:1570] type 00 class 0x048000
[    0.396755] pci 0000:04:00.0: reg 0x10: [mem 0xa0a00000-0xa0a0ffff 64bit]
[    0.396769] pci 0000:04:00.0: reg 0x18: [mem 0x80000000-0x8fffffff 64bit pref]
[    0.396784] pci 0000:04:00.0: reg 0x20: [mem 0xa0900000-0xa09fffff 64bit]
[    0.396869] pci 0000:04:00.0: supports D1
[    0.396870] pci 0000:04:00.0: PME# supported from D0 D3hot
[    0.396976] pci 0000:00:1c.3: PCI bridge to [bus 04]
[    0.396980] pci 0000:00:1c.3:   bridge window [mem 0xa0900000-0xa0afffff]
[    0.396984] pci 0000:00:1c.3:   bridge window [mem 0x80000000-0x8fffffff 64bit pref]
[    0.397717] ACPI: PCI Interrupt Link [LNKA] (IRQs 1 3 4 5 6 7 10 12 14 15) *0, disabled.
[    0.397764] ACPI: PCI Interrupt Link [LNKB] (IRQs 1 3 4 5 6 7 11 12 14 15) *0, disabled.
[    0.397806] ACPI: PCI Interrupt Link [LNKC] (IRQs 1 3 4 5 6 7 10 12 14 15) *0, disabled.
[    0.397846] ACPI: PCI Interrupt Link [LNKD] (IRQs 1 3 4 5 6 7 11 12 14 15) *0, disabled.
[    0.397891] ACPI: PCI Interrupt Link [LNKE] (IRQs 1 3 4 5 6 7 10 12 14 15) *0, disabled.
[    0.397932] ACPI: PCI Interrupt Link [LNKF] (IRQs 1 3 4 5 6 7 11 12 14 15) *0, disabled.
[    0.397977] ACPI: PCI Interrupt Link [LNKG] (IRQs 1 3 4 5 6 7 10 12 14 15) *0, disabled.
[    0.398018] ACPI: PCI Interrupt Link [LNKH] (IRQs 1 3 4 5 6 7 11 12 14 15) *0, disabled.
[    0.398153] ACPI: EC: interrupt unblocked
[    0.398171] ACPI: EC: event unblocked
[    0.398184] ACPI: \_SB_.PCI0.LPCB.EC__: GPE=0x17, EC_CMD/EC_SC=0x66, EC_DATA=0x62
[    0.398185] ACPI: \_SB_.PCI0.LPCB.EC__: Used as boot DSDT EC to handle transactions and events
[    0.398232] pci 0000:00:02.0: vgaarb: setting as boot VGA device
[    0.398232] pci 0000:00:02.0: vgaarb: VGA device added: decodes=io+mem,owns=io+mem,locks=none
[    0.398272] pci 0000:00:02.0: vgaarb: bridge control possible
[    0.398272] vgaarb: loaded
[    0.398333] SCSI subsystem initialized
[    0.398343] libata version 3.00 loaded.
[    0.398343] ACPI: bus type USB registered
[    0.398343] usbcore: registered new interface driver usbfs
[    0.398343] usbcore: registered new interface driver hub
[    0.398343] usbcore: registered new device driver usb
[    0.398350] pps_core: LinuxPPS API ver. 1 registered
[    0.398350] pps_core: Software ver. 5.3.6 - Copyright 2005-2007 Rodolfo Giometti <giometti@linux.it>
[    0.398352] PTP clock support registered
[    0.398365] EDAC MC: Ver: 3.0.0
[    0.398372] Registered efivars operations
[    0.476903] PCI: Using ACPI for IRQ routing
[    0.479204] PCI: pci_cache_line_size set to 64 bytes
[    0.479321] e820: reserve RAM buffer [mem 0x00058000-0x0005ffff]
[    0.479322] e820: reserve RAM buffer [mem 0x66282710-0x67ffffff]
[    0.479322] e820: reserve RAM buffer [mem 0x78d01000-0x7bffffff]
[    0.479324] e820: reserve RAM buffer [mem 0x78d5d000-0x7bffffff]
[    0.479325] e820: reserve RAM buffer [mem 0x78e3a000-0x7bffffff]
[    0.479326] e820: reserve RAM buffer [mem 0x78ecc000-0x7bffffff]
[    0.479326] e820: reserve RAM buffer [mem 0x78f85000-0x7bffffff]
[    0.479327] e820: reserve RAM buffer [mem 0x79000000-0x7bffffff]
[    0.479328] e820: reserve RAM buffer [mem 0x47f600000-0x47fffffff]
[    0.480267] NetLabel: Initializing
[    0.480267] NetLabel:  domain hash size = 128
[    0.480267] NetLabel:  protocols = UNLABELED CIPSOv4 CALIPSO
[    0.480267] NetLabel:  unlabeled traffic allowed by default
[    0.480345] hpet0: at MMIO 0xfed00000, IRQs 2, 8, 0, 0, 0, 0, 0, 0
[    0.480348] hpet0: 8 comparators, 64-bit 14.318180 MHz counter
[    0.482283] clocksource: Switched to clocksource tsc-early
[    0.491926] VFS: Disk quotas dquot_6.6.0
[    0.491940] VFS: Dquot-cache hash table entries: 512 (order 0, 4096 bytes)
[    0.491985] pnp: PnP ACPI init
[    0.492626] system 00:00: [mem 0xfed00000-0xfed03fff] has been reserved
[    0.492630] system 00:00: Plug and Play ACPI device, IDs PNP0103 PNP0c01 (active)
[    0.492663] system 00:01: [io  0xffff] has been reserved
[    0.492664] system 00:01: [io  0x1800-0x187f] has been reserved
[    0.492666] system 00:01: [io  0x0800-0x087f] has been reserved
[    0.492669] system 00:01: Plug and Play ACPI device, IDs PNP0c02 (active)
[    0.492681] pnp 00:02: Plug and Play ACPI device, IDs PNP0b00 (active)
[    0.492724] pnp 00:03: Plug and Play ACPI device, IDs APP000b (active)
[    0.492821] system 00:04: [mem 0xfed1c000-0xfed1ffff] has been reserved
[    0.492823] system 00:04: [mem 0xfed10000-0xfed17fff] has been reserved
[    0.492824] system 00:04: [mem 0xfed18000-0xfed18fff] has been reserved
[    0.492825] system 00:04: [mem 0xfed19000-0xfed19fff] has been reserved
[    0.492826] system 00:04: [mem 0xe0000000-0xefffffff] could not be reserved
[    0.492827] system 00:04: [mem 0xfed20000-0xfed3ffff] has been reserved
[    0.492829] system 00:04: [mem 0xfed90000-0xfed93fff] could not be reserved
[    0.492830] system 00:04: [mem 0xfed45000-0xfed8ffff] has been reserved
[    0.492831] system 00:04: [mem 0xff000000-0xffffffff] could not be reserved
[    0.492832] system 00:04: [mem 0xfee00000-0xfeefffff] has been reserved
[    0.492835] system 00:04: Plug and Play ACPI device, IDs PNP0c02 (active)
[    0.492871] system 00:05: [mem 0x20000000-0x201fffff] could not be reserved
[    0.492872] system 00:05: [mem 0x40000000-0x401fffff] could not be reserved
[    0.492875] system 00:05: Plug and Play ACPI device, IDs PNP0c01 (active)
[    0.492981] pnp: PnP ACPI: found 6 devices
[    0.493809] pci 0000:07:00.0: assigning 8 device properties
[    0.493819] pci 0000:00:1b.0: assigning 4 device properties
[    0.493824] pci 0000:00:02.0: assigning 2 device properties
[    0.498395] clocksource: acpi_pm: mask: 0xffffff max_cycles: 0xffffff, max_idle_ns: 2085701024 ns
[    0.498427] pci 0000:06:00.0: bridge window [io  0x1000-0x0fff] to [bus 07] add_size 1000
[    0.498429] pci 0000:06:00.0: bridge window [mem 0x00100000-0x000fffff 64bit pref] to [bus 07] add_size 200000 add_align 100000
[    0.498439] pci 0000:06:04.0: bridge window [io  0x1000-0x0fff] to [bus 39] add_size 1000
[    0.498441] pci 0000:06:04.0: bridge window [mem 0x00100000-0x000fffff 64bit pref] to [bus 39] add_size 200000 add_align 100000
[    0.498442] pci 0000:06:04.0: bridge window [mem 0x00100000-0x000fffff] to [bus 39] add_size 200000 add_align 100000
[    0.498452] pci 0000:06:06.0: bridge window [io  0x1000-0x0fff] to [bus 6b] add_size 1000
[    0.498453] pci 0000:06:06.0: bridge window [mem 0x00100000-0x000fffff 64bit pref] to [bus 6b] add_size 200000 add_align 100000
[    0.498455] pci 0000:06:06.0: bridge window [mem 0x00100000-0x000fffff] to [bus 6b] add_size 200000 add_align 100000
[    0.498472] pci 0000:00:1c.0: bridge window [io  0x1000-0x0fff] to [bus 02] add_size 1000
[    0.498474] pci 0000:00:1c.0: bridge window [mem 0x00100000-0x000fffff 64bit pref] to [bus 02] add_size 200000 add_align 100000
[    0.498475] pci 0000:00:1c.0: bridge window [mem 0x00100000-0x000fffff] to [bus 02] add_size 200000 add_align 100000
[    0.498493] pci 0000:00:1c.0: BAR 14: assigned [mem 0x7fc00000-0x7fdfffff]
[    0.498501] pci 0000:00:1c.0: BAR 15: assigned [mem 0x7fe00000-0x7fffffff 64bit pref]
[    0.498503] pci 0000:00:1c.0: BAR 13: assigned [io  0x2000-0x2fff]
[    0.498504] pci 0000:00:01.0: PCI bridge to [bus 01]
[    0.498507] pci 0000:00:01.0:   bridge window [mem 0xa0b00000-0xa0bfffff]
[    0.498513] pci 0000:06:00.0: BAR 15: no space for [mem size 0x00200000 64bit pref]
[    0.498515] pci 0000:06:00.0: BAR 15: failed to assign [mem size 0x00200000 64bit pref]
[    0.498516] pci 0000:06:04.0: BAR 14: no space for [mem size 0x00200000]
[    0.498517] pci 0000:06:04.0: BAR 14: failed to assign [mem size 0x00200000]
[    0.498518] pci 0000:06:04.0: BAR 15: no space for [mem size 0x00200000 64bit pref]
[    0.498519] pci 0000:06:04.0: BAR 15: failed to assign [mem size 0x00200000 64bit pref]
[    0.498521] pci 0000:06:06.0: BAR 14: no space for [mem size 0x00200000]
[    0.498521] pci 0000:06:06.0: BAR 14: failed to assign [mem size 0x00200000]
[    0.498523] pci 0000:06:06.0: BAR 15: no space for [mem size 0x00200000 64bit pref]
[    0.498524] pci 0000:06:06.0: BAR 15: failed to assign [mem size 0x00200000 64bit pref]
[    0.498525] pci 0000:06:00.0: BAR 13: no space for [io  size 0x1000]
[    0.498526] pci 0000:06:00.0: BAR 13: failed to assign [io  size 0x1000]
[    0.498527] pci 0000:06:04.0: BAR 13: no space for [io  size 0x1000]
[    0.498528] pci 0000:06:04.0: BAR 13: failed to assign [io  size 0x1000]
[    0.498529] pci 0000:06:06.0: BAR 13: no space for [io  size 0x1000]
[    0.498530] pci 0000:06:06.0: BAR 13: failed to assign [io  size 0x1000]
[    0.498532] pci 0000:06:06.0: BAR 14: no space for [mem size 0x00200000]
[    0.498533] pci 0000:06:06.0: BAR 14: failed to assign [mem size 0x00200000]
[    0.498534] pci 0000:06:06.0: BAR 15: no space for [mem size 0x00200000 64bit pref]
[    0.498535] pci 0000:06:06.0: BAR 15: failed to assign [mem size 0x00200000 64bit pref]
[    0.498536] pci 0000:06:06.0: BAR 13: no space for [io  size 0x1000]
[    0.498537] pci 0000:06:06.0: BAR 13: failed to assign [io  size 0x1000]
[    0.498538] pci 0000:06:04.0: BAR 14: no space for [mem size 0x00200000]
[    0.498539] pci 0000:06:04.0: BAR 14: failed to assign [mem size 0x00200000]
[    0.498541] pci 0000:06:04.0: BAR 15: no space for [mem size 0x00200000 64bit pref]
[    0.498542] pci 0000:06:04.0: BAR 15: failed to assign [mem size 0x00200000 64bit pref]
[    0.498543] pci 0000:06:04.0: BAR 13: no space for [io  size 0x1000]
[    0.498544] pci 0000:06:04.0: BAR 13: failed to assign [io  size 0x1000]
[    0.498546] pci 0000:06:00.0: BAR 15: no space for [mem size 0x00200000 64bit pref]
[    0.498547] pci 0000:06:00.0: BAR 15: failed to assign [mem size 0x00200000 64bit pref]
[    0.498548] pci 0000:06:00.0: BAR 13: no space for [io  size 0x1000]
[    0.498548] pci 0000:06:00.0: BAR 13: failed to assign [io  size 0x1000]
[    0.498550] pci 0000:06:00.0: PCI bridge to [bus 07]
[    0.498553] pci 0000:06:00.0:   bridge window [mem 0xa0d00000-0xa0dfffff]
[    0.498559] pci 0000:06:03.0: PCI bridge to [bus 08-38]
[    0.498561] pci 0000:06:03.0:   bridge window [io  0x4000-0x4fff]
[    0.498564] pci 0000:06:03.0:   bridge window [mem 0xa0e00000-0xa4dfffff]
[    0.498566] pci 0000:06:03.0:   bridge window [mem 0xace00000-0xb0dfffff 64bit pref]
[    0.498571] pci 0000:06:04.0: PCI bridge to [bus 39]
[    0.498579] pci 0000:06:05.0: PCI bridge to [bus 3a-6a]
[    0.498580] pci 0000:06:05.0:   bridge window [io  0x5000-0x5fff]
[    0.498584] pci 0000:06:05.0:   bridge window [mem 0xa4e00000-0xa8dfffff]
[    0.498586] pci 0000:06:05.0:   bridge window [mem 0xb0e00000-0xb4dfffff 64bit pref]
[    0.498590] pci 0000:06:06.0: PCI bridge to [bus 6b]
[    0.498598] pci 0000:05:00.0: PCI bridge to [bus 06-6b]
[    0.498600] pci 0000:05:00.0:   bridge window [io  0x4000-0x5fff]
[    0.498603] pci 0000:05:00.0:   bridge window [mem 0xa0d00000-0xa8dfffff]
[    0.498605] pci 0000:05:00.0:   bridge window [mem 0xace00000-0xb4dfffff 64bit pref]
[    0.498609] pci 0000:00:01.1: PCI bridge to [bus 05-9b]
[    0.498610] pci 0000:00:01.1:   bridge window [io  0x4000-0x6fff]
[    0.498612] pci 0000:00:01.1:   bridge window [mem 0xa0d00000-0xacdfffff]
[    0.498614] pci 0000:00:01.1:   bridge window [mem 0xace00000-0xb8dfffff 64bit pref]
[    0.498616] pci 0000:00:1c.0: PCI bridge to [bus 02]
[    0.498624] pci 0000:00:1c.0:   bridge window [io  0x2000-0x2fff]
[    0.498628] pci 0000:00:1c.0:   bridge window [mem 0x7fc00000-0x7fdfffff]
[    0.498630] pci 0000:00:1c.0:   bridge window [mem 0x7fe00000-0x7fffffff 64bit pref]
[    0.498635] pci 0000:00:1c.2: PCI bridge to [bus 03]
[    0.498639] pci 0000:00:1c.2:   bridge window [mem 0xa0400000-0xa08fffff]
[    0.498646] pci 0000:00:1c.3: PCI bridge to [bus 04]
[    0.498650] pci 0000:00:1c.3:   bridge window [mem 0xa0900000-0xa0afffff]
[    0.498654] pci 0000:00:1c.3:   bridge window [mem 0x80000000-0x8fffffff 64bit pref]
[    0.498659] pci_bus 0000:00: resource 4 [io  0x0000-0x0cf7 window]
[    0.498660] pci_bus 0000:00: resource 5 [io  0x0d00-0xffff window]
[    0.498661] pci_bus 0000:00: resource 6 [mem 0x000a0000-0x000bffff window]
[    0.498662] pci_bus 0000:00: resource 7 [mem 0x000c0000-0x000c3fff window]
[    0.498663] pci_bus 0000:00: resource 8 [mem 0x000c4000-0x000c7fff window]
[    0.498664] pci_bus 0000:00: resource 9 [mem 0x000c8000-0x000cbfff window]
[    0.498665] pci_bus 0000:00: resource 10 [mem 0x000cc000-0x000cffff window]
[    0.498666] pci_bus 0000:00: resource 11 [mem 0x000d0000-0x000d3fff window]
[    0.498667] pci_bus 0000:00: resource 12 [mem 0x000d4000-0x000d7fff window]
[    0.498668] pci_bus 0000:00: resource 13 [mem 0x000d8000-0x000dbfff window]
[    0.498669] pci_bus 0000:00: resource 14 [mem 0x000dc000-0x000dffff window]
[    0.498670] pci_bus 0000:00: resource 15 [mem 0x000e0000-0x000e3fff window]
[    0.498671] pci_bus 0000:00: resource 16 [mem 0x000e4000-0x000e7fff window]
[    0.498672] pci_bus 0000:00: resource 17 [mem 0x000e8000-0x000ebfff window]
[    0.498673] pci_bus 0000:00: resource 18 [mem 0x000ec000-0x000effff window]
[    0.498674] pci_bus 0000:00: resource 19 [mem 0x000f0000-0x000fffff window]
[    0.498675] pci_bus 0000:00: resource 20 [mem 0x7fa00000-0xfeafffff window]
[    0.498676] pci_bus 0000:00: resource 21 [mem 0xfed40000-0xfed44fff window]
[    0.498677] pci_bus 0000:01: resource 1 [mem 0xa0b00000-0xa0bfffff]
[    0.498678] pci_bus 0000:05: resource 0 [io  0x4000-0x6fff]
[    0.498679] pci_bus 0000:05: resource 1 [mem 0xa0d00000-0xacdfffff]
[    0.498680] pci_bus 0000:05: resource 2 [mem 0xace00000-0xb8dfffff 64bit pref]
[    0.498681] pci_bus 0000:06: resource 0 [io  0x4000-0x5fff]
[    0.498682] pci_bus 0000:06: resource 1 [mem 0xa0d00000-0xa8dfffff]
[    0.498683] pci_bus 0000:06: resource 2 [mem 0xace00000-0xb4dfffff 64bit pref]
[    0.498684] pci_bus 0000:07: resource 1 [mem 0xa0d00000-0xa0dfffff]
[    0.498685] pci_bus 0000:08: resource 0 [io  0x4000-0x4fff]
[    0.498685] pci_bus 0000:08: resource 1 [mem 0xa0e00000-0xa4dfffff]
[    0.498686] pci_bus 0000:08: resource 2 [mem 0xace00000-0xb0dfffff 64bit pref]
[    0.498688] pci_bus 0000:3a: resource 0 [io  0x5000-0x5fff]
[    0.498688] pci_bus 0000:3a: resource 1 [mem 0xa4e00000-0xa8dfffff]
[    0.498689] pci_bus 0000:3a: resource 2 [mem 0xb0e00000-0xb4dfffff 64bit pref]
[    0.498690] pci_bus 0000:02: resource 0 [io  0x2000-0x2fff]
[    0.498691] pci_bus 0000:02: resource 1 [mem 0x7fc00000-0x7fdfffff]
[    0.498692] pci_bus 0000:02: resource 2 [mem 0x7fe00000-0x7fffffff 64bit pref]
[    0.498693] pci_bus 0000:03: resource 1 [mem 0xa0400000-0xa08fffff]
[    0.498694] pci_bus 0000:04: resource 1 [mem 0xa0900000-0xa0afffff]
[    0.498695] pci_bus 0000:04: resource 2 [mem 0x80000000-0x8fffffff 64bit pref]
[    0.498795] NET: Registered protocol family 2
[    0.498906] tcp_listen_portaddr_hash hash table entries: 8192 (order: 5, 131072 bytes)
[    0.498948] TCP established hash table entries: 131072 (order: 8, 1048576 bytes)
[    0.499092] TCP bind hash table entries: 65536 (order: 8, 1048576 bytes)
[    0.499213] TCP: Hash tables configured (established 131072 bind 65536)
[    0.499243] UDP hash table entries: 8192 (order: 6, 262144 bytes)
[    0.499284] UDP-Lite hash table entries: 8192 (order: 6, 262144 bytes)
[    0.499352] NET: Registered protocol family 1
[    0.499355] NET: Registered protocol family 44
[    0.499364] pci 0000:00:02.0: Video device with shadowed ROM at [mem 0x000c0000-0x000dffff]
[    0.499592] PCI: CLS 256 bytes, default 64
[    0.499618] Unpacking initramfs...
[    1.623700] Freeing initrd memory: 92836K
[    1.629306] PCI-DMA: Using software bounce buffering for IO (SWIOTLB)
[    1.629309] software IO TLB: mapped [mem 0x5f070000-0x63070000] (64MB)
[    1.631708] Initialise system trusted keyrings
[    1.631719] Key type blacklist registered
[    1.631759] workingset: timestamp_bits=36 max_order=22 bucket_order=0
[    1.632966] zbud: loaded
[    1.765824] alg: No test for 842 (842-generic)
[    1.766416] alg: No test for 842 (842-scomp)
[    1.787738] NET: Registered protocol family 38
[    1.787740] Key type asymmetric registered
[    1.787741] Asymmetric key parser 'x509' registered
[    1.787752] Block layer SCSI generic (bsg) driver version 0.4 loaded (major 243)
[    1.787780] io scheduler mq-deadline registered
[    1.787838] atomic64_test: passed for x86-64 platform with CX8 and with SSE
[    1.788261] pciehp 0000:00:1c.0:pcie004: Slot #0 AttnBtn- PwrCtrl- MRL- AttnInd- PwrInd- HotPlug+ Surprise+ Interlock- NoCompl+ LLActRep+
[    1.788801] pciehp 0000:06:00.0:pcie204: Slot #0 AttnBtn- PwrCtrl- MRL- AttnInd- PwrInd- HotPlug+ Surprise+ Interlock- NoCompl+ LLActRep+
[    1.788967] pciehp 0000:06:03.0:pcie204: Slot #3 AttnBtn- PwrCtrl- MRL- AttnInd- PwrInd- HotPlug+ Surprise+ Interlock- NoCompl+ LLActRep+
[    1.789135] pciehp 0000:06:04.0:pcie204: Slot #4 AttnBtn- PwrCtrl- MRL- AttnInd- PwrInd- HotPlug+ Surprise+ Interlock- NoCompl+ LLActRep+
[    1.789285] pciehp 0000:06:05.0:pcie204: Slot #5 AttnBtn- PwrCtrl- MRL- AttnInd- PwrInd- HotPlug+ Surprise+ Interlock- NoCompl+ LLActRep+
[    1.789438] pciehp 0000:06:06.0:pcie204: Slot #6 AttnBtn- PwrCtrl- MRL- AttnInd- PwrInd- HotPlug+ Surprise+ Interlock- NoCompl+ LLActRep+
[    1.789515] shpchp: Standard Hot Plug PCI Controller Driver version: 0.4
[    1.789533] efifb: probing for efifb
[    1.789546] efifb: No BGRT, not showing boot graphics
[    1.789548] efifb: framebuffer at 0x90000000, using 20700k, total 20700k
[    1.789548] efifb: mode is 2880x1800x32, linelength=11776, pages=1
[    1.789549] efifb: scrolling: redraw
[    1.789550] efifb: Truecolor: size=8:8:8:8, shift=24:16:8:0
[    1.789581] fbcon: Deferring console take-over
[    1.789582] fb0: EFI VGA frame buffer device
[    1.789588] intel_idle: MWAIT substates: 0x42120
[    1.789588] intel_idle: v0.4.1 model 0x46
[    1.789812] intel_idle: lapic_timer_reliable_states 0xffffffff
[    1.789910] ACPI: AC Adapter [ADP1] (on-line)
[    1.789959] input: Lid Switch as /devices/LNXSYSTM:00/LNXSYBUS:00/PNP0C0D:00/input/input0
[    1.789984] ACPI: Lid Switch [LID0]
[    1.790018] input: Power Button as /devices/LNXSYSTM:00/LNXSYBUS:00/PNP0C0C:00/input/input1
[    1.790024] ACPI: Power Button [PWRB]
[    1.790044] input: Sleep Button as /devices/LNXSYSTM:00/LNXSYBUS:00/PNP0C0E:00/input/input2
[    1.790047] ACPI: Sleep Button [SLPB]
[    1.790066] input: Power Button as /devices/LNXSYSTM:00/LNXPWRBN:00/input/input3
[    1.790076] ACPI: Power Button [PWRF]
[    1.790900] Serial: 8250/16550 driver, 32 ports, IRQ sharing enabled
[    1.792198] Non-volatile memory driver v1.3
[    1.792218] Linux agpgart interface v0.103
[    1.792954] ahci 0000:01:00.0: version 3.0
[    1.823596] ahci 0000:01:00.0: AHCI 0001.0300 32 slots 1 ports 6 Gbps 0x1 impl SATA mode
[    1.823600] ahci 0000:01:00.0: flags: 64bit ncq led clo only pio ccc 
[    1.824099] scsi host0: ahci
[    1.824200] ata1: SATA max UDMA/133 abar m8192@0xa0b00000 port 0xa0b00100 irq 33
[    1.824301] libphy: Fixed MDIO Bus: probed
[    1.824459] ehci_hcd: USB 2.0 'Enhanced' Host Controller (EHCI) Driver
[    1.824464] ehci-pci: EHCI PCI platform driver
[    1.824480] ohci_hcd: USB 1.1 'Open' Host Controller (OHCI) Driver
[    1.824482] ohci-pci: OHCI PCI platform driver
[    1.824490] uhci_hcd: USB Universal Host Controller Interface driver
[    1.824677] xhci_hcd 0000:00:14.0: xHCI Host Controller
[    1.824800] xhci_hcd 0000:00:14.0: new USB bus registered, assigned bus number 1
[    1.825877] xhci_hcd 0000:00:14.0: hcc params 0x200077c1 hci version 0x100 quirks 0x0000000000009810
[    1.825882] xhci_hcd 0000:00:14.0: cache line size of 256 is not supported
[    1.826062] usb usb1: New USB device found, idVendor=1d6b, idProduct=0002, bcdDevice= 5.00
[    1.826063] usb usb1: New USB device strings: Mfr=3, Product=2, SerialNumber=1
[    1.826065] usb usb1: Product: xHCI Host Controller
[    1.826066] usb usb1: Manufacturer: Linux 5.0.0-rc6+ xhci-hcd
[    1.826067] usb usb1: SerialNumber: 0000:00:14.0
[    1.826243] hub 1-0:1.0: USB hub found
[    1.826264] hub 1-0:1.0: 14 ports detected
[    1.826594] xhci_hcd 0000:00:14.0: xHCI Host Controller
[    1.826674] xhci_hcd 0000:00:14.0: new USB bus registered, assigned bus number 2
[    1.826688] xhci_hcd 0000:00:14.0: Host supports USB 3.0  SuperSpeed
[    1.826736] usb usb2: New USB device found, idVendor=1d6b, idProduct=0003, bcdDevice= 5.00
[    1.826737] usb usb2: New USB device strings: Mfr=3, Product=2, SerialNumber=1
[    1.826739] usb usb2: Product: xHCI Host Controller
[    1.826740] usb usb2: Manufacturer: Linux 5.0.0-rc6+ xhci-hcd
[    1.826741] usb usb2: SerialNumber: 0000:00:14.0
[    1.826902] hub 2-0:1.0: USB hub found
[    1.826918] hub 2-0:1.0: 6 ports detected
[    1.826953] usb: port power management may be unreliable
[    1.827083] usbcore: registered new interface driver usbserial_generic
[    1.827087] usbserial: USB Serial support registered for generic
[    1.827105] i8042: PNP: No PS/2 controller found.
[    1.827137] mousedev: PS/2 mouse device common for all mice
[    1.827235] rtc_cmos 00:02: RTC can wake from S4
[    1.827384] rtc_cmos 00:02: registered as rtc0
[    1.827386] rtc_cmos 00:02: alarms up to one month, y3k, 242 bytes nvram, hpet irqs
[    1.827446] device-mapper: uevent: version 1.0.3
[    1.827510] device-mapper: ioctl: 4.39.0-ioctl (2018-04-03) initialised: dm-devel@redhat.com
[    1.827554] intel_pstate: Intel P-state driver initializing
[    1.828027] hidraw: raw HID events driver (C) Jiri Kosina
[    1.828108] usbcore: registered new interface driver usbhid
[    1.828109] usbhid: USB HID core driver
[    1.828397] drop_monitor: Initializing network drop monitor service
[    1.828688] Initializing XFRM netlink socket
[    1.828960] NET: Registered protocol family 10
[    1.837849] Segment Routing with IPv6
[    1.837902] mip6: Mobile IPv6
[    1.837907] NET: Registered protocol family 17
[    1.839501] RAS: Correctable Errors collector initialized.
[    1.839598] microcode: sig=0x40661, pf=0x20, revision=0x1a
[    1.839912] microcode: Microcode Update Driver: v2.2.
[    1.839934] AVX2 version of gcm_enc/dec engaged.
[    1.839935] AES CTR mode by8 optimization enabled
[    1.874011] sched_clock: Marking stable (1873722401, 254707)->(1957993253, -84016145)
[    1.874259] registered taskstats version 1
[    1.874266] Loading compiled-in X.509 certificates
[    1.907173] Loaded X.509 cert 'Build time autogenerated kernel key: 307e4e8a55fe74f83f10b61aeadbf24a5fc6325b'
[    1.907195] zswap: loaded using pool lzo/zbud
[    1.912787] Key type big_key registered
[    1.915715] Key type encrypted registered
[    1.915722] ima: No TPM chip found, activating TPM-bypass!
[    1.915731] ima: Allocated hash algorithm: sha1
[    1.915736] No architecture policies found
[    1.916296]   Magic number: 7:20:896
[    1.916434] rtc_cmos 00:02: setting system clock to 2019-02-12T17:52:50 UTC (1549993970)
[    2.148348] usb 1-8: new full-speed USB device number 2 using xhci_hcd
[    2.153060] ata1: SATA link up 6.0 Gbps (SStatus 133 SControl 300)
[    2.155037] ata1.00: unexpected _GTF length (8)
[    2.155293] ata1.00: ATA-8: APPLE SSD SM0256G, BXW1SA0Q, max UDMA/133
[    2.155295] ata1.00: 490234752 sectors, multi 16: LBA48 NCQ (depth 32), AA
[    2.155799] ata1.00: unexpected _GTF length (8)
[    2.156053] ata1.00: configured for UDMA/133
[    2.156348] scsi 0:0:0:0: Direct-Access     ATA      APPLE SSD SM0256 SA0Q PQ: 0 ANSI: 5
[    2.156709] sd 0:0:0:0: Attached scsi generic sg0 type 0
[    2.156810] sd 0:0:0:0: [sda] 490234752 512-byte logical blocks: (251 GB/234 GiB)
[    2.156813] sd 0:0:0:0: [sda] 4096-byte physical blocks
[    2.156831] sd 0:0:0:0: [sda] Write Protect is off
[    2.156834] sd 0:0:0:0: [sda] Mode Sense: 00 3a 00 00
[    2.156863] sd 0:0:0:0: [sda] Write cache: enabled, read cache: enabled, doesn't support DPO or FUA
[    2.158571]  sda: sda1 sda2 sda3 sda4
[    2.159275] sd 0:0:0:0: [sda] Attached SCSI disk
[    2.160241] Freeing unused decrypted memory: 2040K
[    2.160587] Freeing unused kernel image memory: 2152K
[    2.166352] Write protecting the kernel read-only data: 18432k
[    2.166874] Freeing unused kernel image memory: 2020K
[    2.166964] Freeing unused kernel image memory: 68K
[    2.177691] x86/mm: Checked W+X mappings: passed, no W+X pages found.
[    2.177696] rodata_test: all tests were successful
[    2.177697] x86/mm: Checking user space page tables
[    2.184805] x86/mm: Checked W+X mappings: passed, no W+X pages found.
[    2.184806] Run /init as init process
[    2.276134] usb 1-8: New USB device found, idVendor=05ac, idProduct=8290, bcdDevice= 1.61
[    2.276135] usb 1-8: New USB device strings: Mfr=1, Product=2, SerialNumber=0
[    2.276136] usb 1-8: Product: Bluetooth USB Host Controller
[    2.276137] usb 1-8: Manufacturer: Broadcom Corp.
[    2.279132] input: Broadcom Corp. Bluetooth USB Host Controller as /devices/pci0000:00/0000:00:14.0/usb1/1-8/1-8:1.0/0003:05AC:8290.0001/input/input4
[    2.330511] hid-generic 0003:05AC:8290.0001: input,hidraw0: USB HID v1.11 Keyboard [Broadcom Corp. Bluetooth USB Host Controller] on usb-0000:00:14.0-8/input0
[    2.330957] input: Broadcom Corp. Bluetooth USB Host Controller as /devices/pci0000:00/0000:00:14.0/usb1/1-8/1-8:1.1/0003:05AC:8290.0002/input/input5
[    2.331234] hid-generic 0003:05AC:8290.0002: input,hidraw1: USB HID v1.11 Mouse [Broadcom Corp. Bluetooth USB Host Controller] on usb-0000:00:14.0-8/input1
[    2.344516] systemd[1]: systemd 239 running in system mode. (+PAM +AUDIT +SELINUX +IMA -APPARMOR +SMACK +SYSVINIT +UTMP +LIBCRYPTSETUP +GCRYPT +GNUTLS +ACL +XZ +LZ4 +SECCOMP +BLKID +ELFUTILS +KMOD +IDN2 -IDN +PCRE2 default-hierarchy=hybrid)
[    2.356434] systemd[1]: Detected architecture x86-64.
[    2.356438] systemd[1]: Running in initial RAM disk.
[    2.359186] systemd[1]: Set hostname to <im-mac>.
[    2.388479] usb 2-4: new SuperSpeed Gen 1 USB device number 2 using xhci_hcd
[    2.402706] usb 2-4: New USB device found, idVendor=05ac, idProduct=8406, bcdDevice= 8.20
[    2.402708] usb 2-4: New USB device strings: Mfr=3, Product=4, SerialNumber=5
[    2.402709] usb 2-4: Product: Card Reader
[    2.402710] usb 2-4: Manufacturer: Apple
[    2.402711] usb 2-4: SerialNumber: 000000000820
[    2.407181] systemd[1]: Listening on Journal Socket.
[    2.407387] systemd[1]: Listening on Journal Audit Socket.
[    2.407457] systemd[1]: Listening on udev Control Socket.
[    2.407495] systemd[1]: Listening on udev Kernel Socket.
[    2.407588] systemd[1]: Listening on Journal Socket (/dev/log).
[    2.409704] systemd[1]: Starting Journal Service...
[    2.454378] audit: type=1130 audit(1549993971.037:2): pid=1 uid=0 auid=4294967295 ses=4294967295 subj=kernel msg='unit=systemd-journald comm="systemd" exe="/usr/lib/systemd/systemd" hostname=? addr=? terminal=? res=success'
[    2.459733] audit: type=1130 audit(1549993971.042:3): pid=1 uid=0 auid=4294967295 ses=4294967295 subj=kernel msg='unit=systemd-vconsole-setup comm="systemd" exe="/usr/lib/systemd/systemd" hostname=? addr=? terminal=? res=success'
[    2.459745] audit: type=1131 audit(1549993971.042:4): pid=1 uid=0 auid=4294967295 ses=4294967295 subj=kernel msg='unit=systemd-vconsole-setup comm="systemd" exe="/usr/lib/systemd/systemd" hostname=? addr=? terminal=? res=success'
[    2.515308] usb 1-12: new full-speed USB device number 3 using xhci_hcd
[    2.624098] audit: type=1130 audit(1549993971.206:5): pid=1 uid=0 auid=4294967295 ses=4294967295 subj=kernel msg='unit=dracut-cmdline comm="systemd" exe="/usr/lib/systemd/systemd" hostname=? addr=? terminal=? res=success'
[    2.644589] usb 1-12: New USB device found, idVendor=05ac, idProduct=0274, bcdDevice= 6.24
[    2.644592] usb 1-12: New USB device strings: Mfr=1, Product=2, SerialNumber=3
[    2.644593] usb 1-12: Product: Apple Internal Keyboard / Trackpad
[    2.644595] usb 1-12: Manufacturer: Apple Inc.
[    2.644596] usb 1-12: SerialNumber: D3H61830CG1FTV4A16PF
[    2.656307] audit: type=1130 audit(1549993971.239:6): pid=1 uid=0 auid=4294967295 ses=4294967295 subj=kernel msg='unit=dracut-pre-udev comm="systemd" exe="/usr/lib/systemd/systemd" hostname=? addr=? terminal=? res=success'
[    2.676018] audit: type=1130 audit(1549993971.258:7): pid=1 uid=0 auid=4294967295 ses=4294967295 subj=kernel msg='unit=systemd-udevd comm="systemd" exe="/usr/lib/systemd/systemd" hostname=? addr=? terminal=? res=success'
[    2.681073] apple 0003:05AC:0274.0003: hiddev96,hidraw2: USB HID v1.10 Device [Apple Inc. Apple Internal Keyboard / Trackpad] on usb-0000:00:14.0-12/input0
[    2.681326] input: Apple Inc. Apple Internal Keyboard / Trackpad as /devices/pci0000:00/0000:00:14.0/usb1/1-12/1-12:1.1/0003:05AC:0274.0004/input/input6
[    2.690284] tsc: Refined TSC clocksource calibration: 2194.907 MHz
[    2.690290] clocksource: tsc: mask: 0xffffffffffffffff max_cycles: 0x1fa367be724, max_idle_ns: 440795227810 ns
[    2.690304] clocksource: Switched to clocksource tsc
[    2.733468] apple 0003:05AC:0274.0004: input,hiddev97,hidraw3: USB HID v1.10 Keyboard [Apple Inc. Apple Internal Keyboard / Trackpad] on usb-0000:00:14.0-12/input1
[    2.733620] apple 0003:05AC:0274.0005: hiddev98,hidraw4: USB HID v1.10 Device [Apple Inc. Apple Internal Keyboard / Trackpad] on usb-0000:00:14.0-12/input3
[    2.733742] apple 0003:05AC:0274.0006: hiddev99,hidraw5: USB HID v1.10 Device [Apple Inc. Apple Internal Keyboard / Trackpad] on usb-0000:00:14.0-12/input4
[    2.735593] audit: type=1130 audit(1549993971.316:8): pid=1 uid=0 auid=4294967295 ses=4294967295 subj=kernel msg='unit=systemd-udev-trigger comm="systemd" exe="/usr/lib/systemd/systemd" hostname=? addr=? terminal=? res=success'
[    2.752017] audit: type=1130 audit(1549993971.333:9): pid=1 uid=0 auid=4294967295 ses=4294967295 subj=kernel msg='unit=plymouth-start comm="systemd" exe="/usr/lib/systemd/systemd" hostname=? addr=? terminal=? res=success'
[    2.778573] usb-storage 2-4:1.0: USB Mass Storage device detected
[    2.780315] scsi host1: usb-storage 2-4:1.0
[    2.780405] usbcore: registered new interface driver usb-storage
[    2.786917] usbcore: registered new interface driver uas
[    2.923773] audit: type=1130 audit(1549993971.505:10): pid=1 uid=0 auid=4294967295 ses=4294967295 subj=kernel msg='unit=systemd-ask-password-plymouth comm="systemd" exe="/usr/lib/systemd/systemd" hostname=? addr=? terminal=? res=success'
[    3.021207] VFIO - User Level meta-driver version: 0.3
[    3.606129] [drm] Found 128MB of eDRAM
[    3.606259] checking generic (90000000 1437000) vs hw (90000000 10000000)
[    3.606260] fb0: switching to inteldrmfb from EFI VGA
[    3.606358] [drm] Replacing VGA console driver
[    3.606733] [drm] Supports vblank timestamp caching Rev 2 (21.10.2013).
[    3.606733] [drm] Driver supports precise vblank timestamp query.
[    3.606766] i915 0000:00:02.0: vgaarb: changed VGA decodes: olddecodes=io+mem,decodes=io+mem:owns=io+mem
[    3.623081] [drm] Initialized i915 1.6.0 20181204 for 0000:00:02.0 on minor 0
[    3.623917] ACPI: Video Device [IGPU] (multi-head: yes  rom: no  post: no)
[    3.624448] acpi device:57: registered as cooling_device8
[    3.624521] input: Video Bus as /devices/LNXSYSTM:00/LNXSYBUS:00/PNP0A08:00/LNXVIDEO:00/input/input7
[    3.630921] fbcon: inteldrmfb (fb0) is primary device
[    3.630922] fbcon: Deferring console take-over
[    3.630925] i915 0000:00:02.0: fb0: inteldrmfb frame buffer device
[    3.844798] scsi 1:0:0:0: Direct-Access     APPLE    SD Card Reader   3.00 PQ: 0 ANSI: 6
[    3.845198] sd 1:0:0:0: Attached scsi generic sg1 type 0
[    3.846331] sd 1:0:0:0: [sdb] Attached SCSI removable disk
[   11.497094] device-mapper: crypt: xts(aes) using implementation "xts-aes-aesni"
[   11.553181] kauditd_printk_skb: 2 callbacks suppressed
[   11.553183] audit: type=1130 audit(1549993980.134:13): pid=1 uid=0 auid=4294967295 ses=4294967295 subj=kernel msg='unit=systemd-cryptsetup@luks\x2ddd1fa933\x2def9f\x2d402b\x2da2e4\x2d7c9d6fb7ce0d comm="systemd" exe="/usr/lib/systemd/systemd" hostname=? addr=? terminal=? res=success'
[   11.816712] PM: Image not found (code -22)
[   11.817747] audit: type=1130 audit(1549993980.399:14): pid=1 uid=0 auid=4294967295 ses=4294967295 subj=kernel msg='unit=systemd-hibernate-resume@dev-mapper-im\x2d\x2dmac\x2dswap comm="systemd" exe="/usr/lib/systemd/systemd" hostname=? addr=? terminal=? res=success'
[   11.817751] audit: type=1131 audit(1549993980.399:15): pid=1 uid=0 auid=4294967295 ses=4294967295 subj=kernel msg='unit=systemd-hibernate-resume@dev-mapper-im\x2d\x2dmac\x2dswap comm="systemd" exe="/usr/lib/systemd/systemd" hostname=? addr=? terminal=? res=success'
[   11.826138] audit: type=1130 audit(1549993980.407:16): pid=1 uid=0 auid=4294967295 ses=4294967295 subj=kernel msg='unit=systemd-tmpfiles-setup comm="systemd" exe="/usr/lib/systemd/systemd" hostname=? addr=? terminal=? res=success'
[   11.837553] audit: type=1130 audit(1549993980.419:17): pid=1 uid=0 auid=4294967295 ses=4294967295 subj=kernel msg='unit=dracut-initqueue comm="systemd" exe="/usr/lib/systemd/systemd" hostname=? addr=? terminal=? res=success'
[   11.855699] audit: type=1130 audit(1549993980.437:18): pid=1 uid=0 auid=4294967295 ses=4294967295 subj=kernel msg='unit=systemd-fsck-root comm="systemd" exe="/usr/lib/systemd/systemd" hostname=? addr=? terminal=? res=success'
[   12.169826] SGI XFS with ACLs, security attributes, scrub, no debug enabled
[   12.173753] XFS (dm-1): Mounting V5 Filesystem
[   12.184329] XFS (dm-1): Ending clean mount
[   12.306171] audit: type=1130 audit(1549993980.887:19): pid=1 uid=0 auid=4294967295 ses=4294967295 subj=kernel msg='unit=initrd-parse-etc comm="systemd" exe="/usr/lib/systemd/systemd" hostname=? addr=? terminal=? res=success'
[   12.306173] audit: type=1131 audit(1549993980.887:20): pid=1 uid=0 auid=4294967295 ses=4294967295 subj=kernel msg='unit=initrd-parse-etc comm="systemd" exe="/usr/lib/systemd/systemd" hostname=? addr=? terminal=? res=success'
[   12.454057] audit: type=1130 audit(1549993981.035:21): pid=1 uid=0 auid=4294967295 ses=4294967295 subj=kernel msg='unit=dracut-pre-pivot comm="systemd" exe="/usr/lib/systemd/systemd" hostname=? addr=? terminal=? res=success'
[   12.468247] audit: type=1131 audit(1549993981.049:22): pid=1 uid=0 auid=4294967295 ses=4294967295 subj=kernel msg='unit=dracut-pre-pivot comm="systemd" exe="/usr/lib/systemd/systemd" hostname=? addr=? terminal=? res=success'
[   12.558156] systemd-journald[308]: Received SIGTERM from PID 1 (systemd).
[   12.588002] printk: systemd: 14 output lines suppressed due to ratelimiting
[   13.034533] SELinux:  Class xdp_socket not defined in policy.
[   13.034534] SELinux: the above unknown classes and permissions will be allowed
[   13.034537] SELinux:  policy capability network_peer_controls=1
[   13.034538] SELinux:  policy capability open_perms=1
[   13.034538] SELinux:  policy capability extended_socket_class=1
[   13.034539] SELinux:  policy capability always_check_network=0
[   13.034539] SELinux:  policy capability cgroup_seclabel=1
[   13.034540] SELinux:  policy capability nnp_nosuid_transition=1
[   13.056268] systemd[1]: Successfully loaded SELinux policy in 393.087ms.
[   13.094525] systemd[1]: Relabelled /dev, /run and /sys/fs/cgroup in 24.777ms.
[   13.096618] systemd[1]: systemd 239 running in system mode. (+PAM +AUDIT +SELINUX +IMA -APPARMOR +SMACK +SYSVINIT +UTMP +LIBCRYPTSETUP +GCRYPT +GNUTLS +ACL +XZ +LZ4 +SECCOMP +BLKID +ELFUTILS +KMOD +IDN2 -IDN +PCRE2 default-hierarchy=hybrid)
[   13.108517] systemd[1]: Detected architecture x86-64.
[   13.110232] systemd[1]: Set hostname to <im-mac>.
[   13.136072] systemd-sysv-generator[887]: stat() failed on /etc/rc.d/init.d/jexec, ignoring: No such file or directory
[   13.315096] systemd[1]: Stopped Switch Root.
[   13.315304] systemd[1]: systemd-journald.service: Service has no hold-off time (RestartSec=0), scheduling restart.
[   13.315363] systemd[1]: systemd-journald.service: Scheduled restart job, restart counter is at 1.
[   13.315382] systemd[1]: Stopped Journal Service.
[   13.316370] systemd[1]: Starting Journal Service...
[   13.317227] systemd[1]: Mounting Huge Pages File System...
[   13.320305] systemd[1]: Listening on Process Core Dump Socket.
[   13.336386] Adding 4194300k swap on /dev/mapper/im--mac-swap.  Priority:-2 extents:1 across:4194300k SSFS
[   13.363952] systemd-journald[894]: Received request to flush runtime journal from PID 1
[   13.551288] apple_gmux: gmux device not present
[   13.559872] smbus_hc ACPI0001:00: SBS HC: offset = 0x20, query_bit = 0x10
[   13.619794] ACPI Warning: SystemIO range 0x0000000000000840-0x000000000000084F conflicts with OpRegion 0x0000000000000800-0x0000000000000863 (\GPIO) (20181213/utaddress-213)
[   13.619800] ACPI: If an ACPI driver is available for this device, you should use it instead of the native driver
[   13.619801] ACPI Warning: SystemIO range 0x0000000000000830-0x000000000000083F conflicts with OpRegion 0x0000000000000800-0x0000000000000863 (\GPIO) (20181213/utaddress-213)
[   13.619804] ACPI: If an ACPI driver is available for this device, you should use it instead of the native driver
[   13.619805] ACPI Warning: SystemIO range 0x0000000000000800-0x000000000000082F conflicts with OpRegion 0x0000000000000810-0x0000000000000813 (\_PR.IO_D) (20181213/utaddress-213)
[   13.619809] ACPI Warning: SystemIO range 0x0000000000000800-0x000000000000082F conflicts with OpRegion 0x0000000000000800-0x0000000000000863 (\GPIO) (20181213/utaddress-213)
[   13.619812] ACPI Warning: SystemIO range 0x0000000000000800-0x000000000000082F conflicts with OpRegion 0x0000000000000810-0x0000000000000813 (\IO_D) (20181213/utaddress-213)
[   13.619815] ACPI Warning: SystemIO range 0x0000000000000800-0x000000000000082F conflicts with OpRegion 0x0000000000000800-0x000000000000080F (\IO_T) (20181213/utaddress-213)
[   13.619818] ACPI: If an ACPI driver is available for this device, you should use it instead of the native driver
[   13.619819] lpc_ich: Resource conflict(s) found affecting gpio_ich
[   13.644001] thunderbolt 0000:07:00.0: 0:1: is unplugged (state: 7)
[   13.644308] thunderbolt 0000:07:00.0: 0:3: is unplugged (state: 7)
[   13.670102] i801_smbus 0000:00:1f.3: SPD Write Disable is set
[   13.670132] i801_smbus 0000:00:1f.3: SMBus using PCI interrupt
[   13.674504] input: bcm5974 as /devices/pci0000:00/0000:00:14.0/usb1/1-12/1-12:1.2/input/input8
[   13.674868] usbcore: registered new interface driver bcm5974
[   13.688626] RAPL PMU: API unit is 2^-32 Joules, 4 fixed counters, 655360 ms ovfl timer
[   13.688627] RAPL PMU: hw unit of domain pp0-core 2^-14 Joules
[   13.688628] RAPL PMU: hw unit of domain package 2^-14 Joules
[   13.688629] RAPL PMU: hw unit of domain dram 2^-14 Joules
[   13.688629] RAPL PMU: hw unit of domain pp1-gpu 2^-14 Joules
[   13.733246] ACPI: Smart Battery System [SBS0]: Battery Slot [BAT0] (battery present)
[   13.844445] iTCO_vendor_support: vendor-support=0
[   13.853508] iTCO_wdt: Intel TCO WatchDog Timer Driver v1.11
[   13.853563] iTCO_wdt: unable to reset NO_REBOOT flag, device disabled by hardware/BIOS
[   13.860762] snd_hda_intel 0000:00:03.0: Linked as a consumer to 0000:00:02.0
[   13.860800] snd_hda_intel 0000:00:03.0: bound 0000:00:02.0 (ops i915_audio_component_bind_ops [i915])
[   13.868097] applesmc: key=719 fan=2 temp=48 index=43 acc=0 lux=2 kbd=1
[   13.868386] applesmc applesmc.768: hwmon_device_register() is deprecated. Please convert the driver to use hwmon_device_register_with_info().
[   13.892267] input: HDA Intel HDMI HDMI/DP,pcm=3 as /devices/pci0000:00/0000:00:03.0/sound/card0/input9
[   13.892380] input: HDA Intel HDMI HDMI/DP,pcm=7 as /devices/pci0000:00/0000:00:03.0/sound/card0/input10
[   13.892480] input: HDA Intel HDMI HDMI/DP,pcm=8 as /devices/pci0000:00/0000:00:03.0/sound/card0/input11
[   13.892550] input: HDA Intel HDMI HDMI/DP,pcm=9 as /devices/pci0000:00/0000:00:03.0/sound/card0/input12
[   13.892601] input: HDA Intel HDMI HDMI/DP,pcm=10 as /devices/pci0000:00/0000:00:03.0/sound/card0/input13
[   13.897870] snd_hda_codec_cirrus hdaudioC1D0: autoconfig for CS4208: line_outs=2 (0x12/0x13/0x0/0x0/0x0) type:speaker
[   13.897872] snd_hda_codec_cirrus hdaudioC1D0:    speaker_outs=0 (0x0/0x0/0x0/0x0/0x0)
[   13.897874] snd_hda_codec_cirrus hdaudioC1D0:    hp_outs=1 (0x10/0x0/0x0/0x0/0x0)
[   13.897876] snd_hda_codec_cirrus hdaudioC1D0:    mono: mono_out=0x0
[   13.897877] snd_hda_codec_cirrus hdaudioC1D0:    dig-out=0x21/0x0
[   13.897878] snd_hda_codec_cirrus hdaudioC1D0:    inputs:
[   13.897880] snd_hda_codec_cirrus hdaudioC1D0:      Internal Mic=0x1c
[   13.897882] snd_hda_codec_cirrus hdaudioC1D0:      Mic=0x18
[   13.909674] input: HDA Intel PCH Mic as /devices/pci0000:00/0000:00:1b.0/sound/card1/input14
[   13.909748] input: HDA Intel PCH Headphone as /devices/pci0000:00/0000:00:1b.0/sound/card1/input15
[   13.909811] input: HDA Intel PCH SPDIF as /devices/pci0000:00/0000:00:1b.0/sound/card1/input16
[   13.909886] cfg80211: Loading compiled-in X.509 certificates for regulatory database
[   13.910089] Bluetooth: Core ver 2.22
[   13.910106] NET: Registered protocol family 31
[   13.910106] Bluetooth: HCI device and connection manager initialized
[   13.910109] Bluetooth: HCI socket layer initialized
[   13.910111] Bluetooth: L2CAP socket layer initialized
[   13.910115] Bluetooth: SCO socket layer initialized
[   13.910531] cfg80211: Loaded X.509 cert 'sforshee: 00b28ddf47aef9cea7'
[   14.008662] usbcore: registered new interface driver btusb
[   14.072775] usbcore: registered new interface driver brcmfmac
[   14.103603] intel_rapl: Found RAPL domain package
[   14.103605] intel_rapl: Found RAPL domain core
[   14.103606] intel_rapl: Found RAPL domain uncore
[   14.103607] intel_rapl: Found RAPL domain dram
[   14.115804] Bluetooth: hci0: BCM: chip id 102 build 0715
[   14.116805] Bluetooth: hci0: BCM: product 05ac:8290
[   14.117803] Bluetooth: hci0: BCM: features 0x2f
[   14.133767] Bluetooth: hci0: im-mac
[   14.143541] XFS (sda3): Mounting V5 Filesystem
[   14.143630] XFS (dm-3): Mounting V5 Filesystem
[   14.144232] XFS (dm-4): Mounting V5 Filesystem
[   14.158283] XFS (sda3): Ending clean mount
[   14.165698] XFS (dm-4): Ending clean mount
[   14.166511] XFS (dm-3): Ending clean mount
[   14.178681] brcmfmac: brcmf_fw_alloc_request: using brcm/brcmfmac43602-pcie for chip BCM43602/1
[   14.181436] brcmfmac 0000:03:00.0: Direct firmware load for brcm/brcmfmac43602-pcie.Apple Inc.-MacBookPro11,4.txt failed with error -2
[   14.181444] brcmfmac 0000:03:00.0: Direct firmware load for brcm/brcmfmac43602-pcie.txt failed with error -2
[   14.573427] Bluetooth: BNEP (Ethernet Emulation) ver 1.3
[   14.573428] Bluetooth: BNEP filters: protocol multicast
[   14.573432] Bluetooth: BNEP socket layer initialized
[   14.693122] brcmfmac: brcmf_fw_alloc_request: using brcm/brcmfmac43602-pcie for chip BCM43602/1
[   14.693263] brcmfmac 0000:03:00.0: Direct firmware load for brcm/brcmfmac43602-pcie.clm_blob failed with error -2
[   14.693265] brcmfmac: brcmf_c_process_clm_blob: no clm_blob available (err=-2), device may have limited channels available
[   14.693845] brcmfmac: brcmf_c_preinit_dcmds: Firmware: BCM43602/1 wl0: Nov 10 2015 06:38:10 version 7.35.177.61 (r598657) FWID 01-ea662a8c
[   14.750260] brcmfmac 0000:03:00.0 wlp3s0: renamed from wlan0
[   15.971190] L1TF CPU bug present and SMT on, data leak possible. See CVE-2018-3646 and https://www.kernel.org/doc/html/latest/admin-guide/l1tf.html for details.
[   16.742467] tun: Universal TUN/TAP device driver, 1.6
[   16.743886] virbr0: port 1(virbr0-nic) entered blocking state
[   16.743888] virbr0: port 1(virbr0-nic) entered disabled state
[   16.743938] device virbr0-nic entered promiscuous mode
[   16.842079] virbr0: port 1(virbr0-nic) entered blocking state
[   16.842082] virbr0: port 1(virbr0-nic) entered listening state
[   16.901652] virbr0: port 1(virbr0-nic) entered disabled state
[   24.220322] IPv6: ADDRCONF(NETDEV_CHANGE): wlp3s0: link becomes ready
[   24.305028] brcmfmac: brcmf_inetaddr_changed: fail to get arp ip table err:-52
[   31.683207] Bluetooth: RFCOMM TTY layer initialized
[   31.683223] Bluetooth: RFCOMM socket layer initialized
[   31.683308] Bluetooth: RFCOMM ver 1.11
[   31.880316] fuse init (API version 7.28)
[   33.048214] rfkill: input handler disabled
[  132.288490] xhci_hcd 0000:00:14.0: ep 0x81 - asked for 96 bytes, 78 bytes untransferred
[  132.288504] xhci_hcd 0000:00:14.0: Giveback URB 000000000b05de88, len = 18, expected = 96, status = 0
[  132.288579] xhci_hcd 0000:00:14.0: Stalled endpoint for slot 1 ep 2
[  132.288591] xhci_hcd 0000:00:14.0: Cleaning up stalled endpoint ring
[  132.288596] xhci_hcd 0000:00:14.0: Finding endpoint context
[  132.288601] xhci_hcd 0000:00:14.0: Cycle state = 0x1
[  132.288607] xhci_hcd 0000:00:14.0: New dequeue segment = 00000000aeb651fc (virtual)
[  132.288611] xhci_hcd 0000:00:14.0: New dequeue pointer = 0x46cf51a00 (DMA)
[  132.288616] xhci_hcd 0000:00:14.0: Queueing new dequeue state
[  132.288623] xhci_hcd 0000:00:14.0: Set TR Deq Ptr cmd, new deq seg = 00000000aeb651fc (0x46cf51000 dma), new deq ptr = 00000000c4370449 (0x46cf51a00 dma), new cycle = 1
[  132.288628] xhci_hcd 0000:00:14.0: // Ding dong!
[  132.288640] xhci_hcd 0000:00:14.0: Giveback URB 00000000d9bfdfc2, len = 0, expected = 13, status = -32
[  132.288655] xhci_hcd 0000:00:14.0: Ignoring reset ep completion code of 1
[  132.288662] xhci_hcd 0000:00:14.0: Successful Set TR Deq Ptr cmd, deq = @46cf51a00
[  134.336361] xhci_hcd 0000:00:14.0: ep 0x81 - asked for 96 bytes, 78 bytes untransferred
[  134.336373] xhci_hcd 0000:00:14.0: Giveback URB 000000000b05de88, len = 18, expected = 96, status = 0
[  134.336438] xhci_hcd 0000:00:14.0: Stalled endpoint for slot 1 ep 2
[  134.336448] xhci_hcd 0000:00:14.0: Cleaning up stalled endpoint ring
[  134.336452] xhci_hcd 0000:00:14.0: Finding endpoint context
[  134.336456] xhci_hcd 0000:00:14.0: Cycle state = 0x1
[  134.336460] xhci_hcd 0000:00:14.0: New dequeue segment = 00000000aeb651fc (virtual)
[  134.336464] xhci_hcd 0000:00:14.0: New dequeue pointer = 0x46cf51a40 (DMA)
[  134.336468] xhci_hcd 0000:00:14.0: Queueing new dequeue state
[  134.336474] xhci_hcd 0000:00:14.0: Set TR Deq Ptr cmd, new deq seg = 00000000aeb651fc (0x46cf51000 dma), new deq ptr = 00000000887846ab (0x46cf51a40 dma), new cycle = 1
[  134.336478] xhci_hcd 0000:00:14.0: // Ding dong!
[  134.336490] xhci_hcd 0000:00:14.0: Giveback URB 00000000d9bfdfc2, len = 0, expected = 13, status = -32
[  134.336499] xhci_hcd 0000:00:14.0: Ignoring reset ep completion code of 1
[  134.336505] xhci_hcd 0000:00:14.0: Successful Set TR Deq Ptr cmd, deq = @46cf51a40
[  136.384561] xhci_hcd 0000:00:14.0: ep 0x81 - asked for 96 bytes, 78 bytes untransferred
[  136.384575] xhci_hcd 0000:00:14.0: Giveback URB 00000000075533b2, len = 18, expected = 96, status = 0
[  136.384657] xhci_hcd 0000:00:14.0: Stalled endpoint for slot 1 ep 2
[  136.384669] xhci_hcd 0000:00:14.0: Cleaning up stalled endpoint ring
[  136.384674] xhci_hcd 0000:00:14.0: Finding endpoint context
[  136.384679] xhci_hcd 0000:00:14.0: Cycle state = 0x1
[  136.384684] xhci_hcd 0000:00:14.0: New dequeue segment = 00000000aeb651fc (virtual)
[  136.384689] xhci_hcd 0000:00:14.0: New dequeue pointer = 0x46cf51a80 (DMA)
[  136.384694] xhci_hcd 0000:00:14.0: Queueing new dequeue state
[  136.384701] xhci_hcd 0000:00:14.0: Set TR Deq Ptr cmd, new deq seg = 00000000aeb651fc (0x46cf51000 dma), new deq ptr = 00000000646f50a6 (0x46cf51a80 dma), new cycle = 1
[  136.384706] xhci_hcd 0000:00:14.0: // Ding dong!
[  136.384718] xhci_hcd 0000:00:14.0: Giveback URB 00000000d9bfdfc2, len = 0, expected = 13, status = -32
[  136.384733] xhci_hcd 0000:00:14.0: Ignoring reset ep completion code of 1
[  136.384740] xhci_hcd 0000:00:14.0: Successful Set TR Deq Ptr cmd, deq = @46cf51a80
[  138.432286] xhci_hcd 0000:00:14.0: ep 0x81 - asked for 96 bytes, 78 bytes untransferred
[  138.432293] xhci_hcd 0000:00:14.0: Giveback URB 00000000f590ce0f, len = 18, expected = 96, status = 0
[  138.432324] xhci_hcd 0000:00:14.0: Stalled endpoint for slot 1 ep 2
[  138.432329] xhci_hcd 0000:00:14.0: Cleaning up stalled endpoint ring
[  138.432331] xhci_hcd 0000:00:14.0: Finding endpoint context
[  138.432333] xhci_hcd 0000:00:14.0: Cycle state = 0x1
[  138.432336] xhci_hcd 0000:00:14.0: New dequeue segment = 00000000aeb651fc (virtual)
[  138.432338] xhci_hcd 0000:00:14.0: New dequeue pointer = 0x46cf51ac0 (DMA)
[  138.432343] xhci_hcd 0000:00:14.0: Queueing new dequeue state
[  138.432346] xhci_hcd 0000:00:14.0: Set TR Deq Ptr cmd, new deq seg = 00000000aeb651fc (0x46cf51000 dma), new deq ptr = 00000000f355a731 (0x46cf51ac0 dma), new cycle = 1
[  138.432349] xhci_hcd 0000:00:14.0: // Ding dong!
[  138.432358] xhci_hcd 0000:00:14.0: Giveback URB 00000000d9bfdfc2, len = 0, expected = 13, status = -32
[  138.432363] xhci_hcd 0000:00:14.0: Ignoring reset ep completion code of 1
[  138.432367] xhci_hcd 0000:00:14.0: Successful Set TR Deq Ptr cmd, deq = @46cf51ac0
[  140.480439] xhci_hcd 0000:00:14.0: ep 0x81 - asked for 96 bytes, 78 bytes untransferred
[  140.480452] xhci_hcd 0000:00:14.0: Giveback URB 0000000073e2d5a3, len = 18, expected = 96, status = 0
[  140.480483] xhci_hcd 0000:00:14.0: Stalled endpoint for slot 1 ep 2
[  140.480494] xhci_hcd 0000:00:14.0: Cleaning up stalled endpoint ring
[  140.480499] xhci_hcd 0000:00:14.0: Finding endpoint context
[  140.480505] xhci_hcd 0000:00:14.0: Cycle state = 0x1
[  140.480511] xhci_hcd 0000:00:14.0: New dequeue segment = 00000000aeb651fc (virtual)
[  140.480516] xhci_hcd 0000:00:14.0: New dequeue pointer = 0x46cf51b00 (DMA)
[  140.480521] xhci_hcd 0000:00:14.0: Queueing new dequeue state
[  140.480529] xhci_hcd 0000:00:14.0: Set TR Deq Ptr cmd, new deq seg = 00000000aeb651fc (0x46cf51000 dma), new deq ptr = 000000002d2454ab (0x46cf51b00 dma), new cycle = 1
[  140.480534] xhci_hcd 0000:00:14.0: // Ding dong!
[  140.480548] xhci_hcd 0000:00:14.0: Giveback URB 00000000d9bfdfc2, len = 0, expected = 13, status = -32
[  140.480558] xhci_hcd 0000:00:14.0: Ignoring reset ep completion code of 1
[  140.480569] xhci_hcd 0000:00:14.0: Successful Set TR Deq Ptr cmd, deq = @46cf51b00
[  142.528493] xhci_hcd 0000:00:14.0: ep 0x81 - asked for 96 bytes, 78 bytes untransferred
[  142.528508] xhci_hcd 0000:00:14.0: Giveback URB 00000000f590ce0f, len = 18, expected = 96, status = 0
[  142.528555] xhci_hcd 0000:00:14.0: Stalled endpoint for slot 1 ep 2
[  142.528566] xhci_hcd 0000:00:14.0: Cleaning up stalled endpoint ring
[  142.528572] xhci_hcd 0000:00:14.0: Finding endpoint context
[  142.528577] xhci_hcd 0000:00:14.0: Cycle state = 0x1
[  142.528583] xhci_hcd 0000:00:14.0: New dequeue segment = 00000000aeb651fc (virtual)
[  142.528589] xhci_hcd 0000:00:14.0: New dequeue pointer = 0x46cf51b40 (DMA)
[  142.528593] xhci_hcd 0000:00:14.0: Queueing new dequeue state
[  142.528601] xhci_hcd 0000:00:14.0: Set TR Deq Ptr cmd, new deq seg = 00000000aeb651fc (0x46cf51000 dma), new deq ptr = 00000000819ca6b3 (0x46cf51b40 dma), new cycle = 1
[  142.528607] xhci_hcd 0000:00:14.0: // Ding dong!
[  142.528620] xhci_hcd 0000:00:14.0: Giveback URB 00000000d9bfdfc2, len = 0, expected = 13, status = -32
[  142.528631] xhci_hcd 0000:00:14.0: Ignoring reset ep completion code of 1
[  142.528642] xhci_hcd 0000:00:14.0: Successful Set TR Deq Ptr cmd, deq = @46cf51b40
[  144.576539] xhci_hcd 0000:00:14.0: ep 0x81 - asked for 96 bytes, 78 bytes untransferred
[  144.576549] xhci_hcd 0000:00:14.0: Giveback URB 00000000aef7f83a, len = 18, expected = 96, status = 0
[  144.576581] xhci_hcd 0000:00:14.0: Stalled endpoint for slot 1 ep 2
[  144.576588] xhci_hcd 0000:00:14.0: Cleaning up stalled endpoint ring
[  144.576591] xhci_hcd 0000:00:14.0: Finding endpoint context
[  144.576594] xhci_hcd 0000:00:14.0: Cycle state = 0x1
[  144.576598] xhci_hcd 0000:00:14.0: New dequeue segment = 00000000aeb651fc (virtual)
[  144.576601] xhci_hcd 0000:00:14.0: New dequeue pointer = 0x46cf51b80 (DMA)
[  144.576604] xhci_hcd 0000:00:14.0: Queueing new dequeue state
[  144.576609] xhci_hcd 0000:00:14.0: Set TR Deq Ptr cmd, new deq seg = 00000000aeb651fc (0x46cf51000 dma), new deq ptr = 00000000304df9c5 (0x46cf51b80 dma), new cycle = 1
[  144.576613] xhci_hcd 0000:00:14.0: // Ding dong!
[  144.576623] xhci_hcd 0000:00:14.0: Giveback URB 00000000d9bfdfc2, len = 0, expected = 13, status = -32
[  144.576630] xhci_hcd 0000:00:14.0: Ignoring reset ep completion code of 1
[  144.576637] xhci_hcd 0000:00:14.0: Successful Set TR Deq Ptr cmd, deq = @46cf51b80
[  145.977759] xhci_hcd 0000:00:14.0: Cancel URB 00000000e3845b8c, dev 12, ep 0x83, starting at offset 0x46c8cfc50
[  145.977765] xhci_hcd 0000:00:14.0: // Ding dong!
[  145.977779] xhci_hcd 0000:00:14.0: Stopped on Transfer TRB for slot 3 ep 6
[  145.977783] xhci_hcd 0000:00:14.0: Removing canceled TD starting at 0x46c8cfc50 (dma).
[  145.977784] xhci_hcd 0000:00:14.0: Finding endpoint context
[  145.977786] xhci_hcd 0000:00:14.0: Cycle state = 0x0
[  145.977787] xhci_hcd 0000:00:14.0: New dequeue segment = 00000000d4ad6f7b (virtual)
[  145.977789] xhci_hcd 0000:00:14.0: New dequeue pointer = 0x46c8cfc60 (DMA)
[  145.977791] xhci_hcd 0000:00:14.0: Set TR Deq Ptr cmd, new deq seg = 00000000d4ad6f7b (0x46c8cf000 dma), new deq ptr = 00000000c1640a03 (0x46c8cfc60 dma), new cycle = 0
[  145.977793] xhci_hcd 0000:00:14.0: // Ding dong!
[  145.977805] xhci_hcd 0000:00:14.0: Successful Set TR Deq Ptr cmd, deq = @46c8cfc60
[  146.001724] brcmfmac: brcmf_inetaddr_changed: fail to get arp ip table err:-52
[  146.624601] xhci_hcd 0000:00:14.0: ep 0x81 - asked for 96 bytes, 78 bytes untransferred
[  146.624621] xhci_hcd 0000:00:14.0: Giveback URB 00000000778f6d0d, len = 18, expected = 96, status = 0
[  146.624645] xhci_hcd 0000:00:14.0: Stalled endpoint for slot 1 ep 2
[  146.624652] xhci_hcd 0000:00:14.0: Cleaning up stalled endpoint ring
[  146.624655] xhci_hcd 0000:00:14.0: Finding endpoint context
[  146.624658] xhci_hcd 0000:00:14.0: Cycle state = 0x1
[  146.624661] xhci_hcd 0000:00:14.0: New dequeue segment = 00000000aeb651fc (virtual)
[  146.624664] xhci_hcd 0000:00:14.0: New dequeue pointer = 0x46cf51bc0 (DMA)
[  146.624667] xhci_hcd 0000:00:14.0: Queueing new dequeue state
[  146.624671] xhci_hcd 0000:00:14.0: Set TR Deq Ptr cmd, new deq seg = 00000000aeb651fc (0x46cf51000 dma), new deq ptr = 0000000021208fcb (0x46cf51bc0 dma), new cycle = 1
[  146.624674] xhci_hcd 0000:00:14.0: // Ding dong!
[  146.624685] xhci_hcd 0000:00:14.0: Giveback URB 00000000d9bfdfc2, len = 0, expected = 13, status = -32
[  146.624691] xhci_hcd 0000:00:14.0: Ignoring reset ep completion code of 1
[  146.624697] xhci_hcd 0000:00:14.0: Successful Set TR Deq Ptr cmd, deq = @46cf51bc0
[  147.811347] PM: suspend entry (deep)
[  147.811351] PM: Syncing filesystems ... done.
[  147.847427] Freezing user space processes ... (elapsed 0.299 seconds) done.
[  148.147171] OOM killer disabled.
[  148.147173] Freezing remaining freezable tasks ... (elapsed 0.001 seconds) done.
[  148.148697] printk: Suspending console(s) (use no_console_suspend to debug)
[  148.150459] xhci_hcd 0000:00:14.0: Cancel URB 000000002eb20e58, dev 12, ep 0x82, starting at offset 0x459f7b060
[  148.150466] xhci_hcd 0000:00:14.0: // Ding dong!
[  148.150500] xhci_hcd 0000:00:14.0: Stopped on Transfer TRB for slot 3 ep 4
[  148.150508] xhci_hcd 0000:00:14.0: Removing canceled TD starting at 0x459f7b060 (dma).
[  148.150511] xhci_hcd 0000:00:14.0: Finding endpoint context
[  148.150514] xhci_hcd 0000:00:14.0: Cycle state = 0x1
[  148.150518] xhci_hcd 0000:00:14.0: New dequeue segment = 000000008cb3604e (virtual)
[  148.150520] xhci_hcd 0000:00:14.0: New dequeue pointer = 0x459f7b070 (DMA)
[  148.150525] xhci_hcd 0000:00:14.0: Set TR Deq Ptr cmd, new deq seg = 000000008cb3604e (0x459f7b000 dma), new deq ptr = 000000005053412e (0x459f7b070 dma), new cycle = 1
[  148.150529] xhci_hcd 0000:00:14.0: // Ding dong!
[  148.150551] xhci_hcd 0000:00:14.0: Successful Set TR Deq Ptr cmd, deq = @459f7b070
[  148.150678] xhci_hcd 0000:00:14.0: // Ding dong!
[  148.150693] xhci_hcd 0000:00:14.0: Stopped on No-op or Link TRB for slot 3 ep 10
[  148.150699] xhci_hcd 0000:00:14.0: Stopped on No-op or Link TRB for slot 3 ep 8
[  148.150703] xhci_hcd 0000:00:14.0: Stopped on No-op or Link TRB for slot 3 ep 7
[  148.150734] xhci_hcd 0000:00:14.0: Stopped on No-op or Link TRB for slot 3 ep 2
[  148.150738] xhci_hcd 0000:00:14.0: Stopped on No-op or Link TRB for slot 3 ep 0
[  148.161318] xhci_hcd 0000:00:14.0: Disable port 3
[  148.161355] xhci_hcd 0000:00:14.0: Port Status Change Event for port 19
[  148.161367] xhci_hcd 0000:00:14.0: handle_port_status: starting port polling.
[  148.161404] usb 2-4: usb suspend, wakeup 0
[  148.161959] usb 1-12: usb suspend, wakeup 1
[  148.162992] pcieport 0000:06:04.0: quirk: waiting for Thunderbolt to reestablish PCI tunnels...
[  148.163034] pcieport 0000:06:05.0: quirk: waiting for Thunderbolt to reestablish PCI tunnels...
[  148.163994] pcieport 0000:06:06.0: quirk: waiting for Thunderbolt to reestablish PCI tunnels...
[  148.164017] pcieport 0000:06:03.0: quirk: waiting for Thunderbolt to reestablish PCI tunnels...
[  148.164060] sd 0:0:0:0: [sda] Synchronizing SCSI cache
[  148.165879] sd 0:0:0:0: [sda] Stopping disk
[  148.173022] hub 2-0:1.0: hub_suspend
[  148.173087] usb usb2: bus suspend, wakeup 0
[  148.174925] hub 1-0:1.0: hub_suspend
[  148.174993] usb usb1: bus suspend, wakeup 0
[  148.175075] xhci_hcd 0000:00:14.0: xhci_suspend: stopping port polling.
[  148.175096] xhci_hcd 0000:00:14.0: // Setting command ring address to 0x45a20b001
[  149.056821] PM: suspend devices took 0.908 seconds
[  149.069522] ACPI: EC: interrupt blocked
[  149.070359] xhci_hcd 0000:00:14.0: wakeup: 1
[  149.070853] xhci_hcd 0000:00:14.0: --> PCI D3hot
[  150.028685] ACPI: Preparing to enter system sleep state S3
[  150.029384] ACPI: EC: event blocked
[  150.029385] ACPI: EC: EC stopped
[  150.029386] PM: Saving platform NVS memory
[  150.029393] Disabling non-boot CPUs ...
[  150.044319] smpboot: CPU 1 is now offline
[  150.051210] smpboot: CPU 2 is now offline
[  150.057963] smpboot: CPU 3 is now offline
[  150.070098] smpboot: CPU 4 is now offline
[  150.073245] smpboot: CPU 5 is now offline
[  150.076743] smpboot: CPU 6 is now offline
[  150.080449] smpboot: CPU 7 is now offline
[  150.099173] ACPI: Low-level resume complete
[  150.099239] ACPI: EC: EC started
[  150.099240] PM: Restoring platform NVS memory
[  150.106915] Enabling non-boot CPUs ...
[  150.106974] x86: Booting SMP configuration:
[  150.106975] smpboot: Booting Node 0 Processor 1 APIC 0x2
[  152.368205] hrtimer: interrupt took 2475627 ns
[  153.763038]  cache: parent cpu1 should not be sleeping
[  156.671569] CPU1 is up
[  156.671627] smpboot: Booting Node 0 Processor 2 APIC 0x4
[  156.943912]  cache: parent cpu2 should not be sleeping
[  157.838410] CPU2 is up
[  157.838463] smpboot: Booting Node 0 Processor 3 APIC 0x6
[  158.040097]  cache: parent cpu3 should not be sleeping
[  158.925393] CPU3 is up
[  158.925452] smpboot: Booting Node 0 Processor 4 APIC 0x1
[  158.930918]  cache: parent cpu4 should not be sleeping
[  158.957998] CPU4 is up
[  158.958022] smpboot: Booting Node 0 Processor 5 APIC 0x3
[  159.142046]  cache: parent cpu5 should not be sleeping
[  159.702312] CPU5 is up
[  159.702347] smpboot: Booting Node 0 Processor 6 APIC 0x5
[  159.849716]  cache: parent cpu6 should not be sleeping
[  160.390300] CPU6 is up
[  160.390332] smpboot: Booting Node 0 Processor 7 APIC 0x7
[  160.530809]  cache: parent cpu7 should not be sleeping
[  161.216285] CPU7 is up
[  161.303870] ACPI: Waking up from system sleep state S3
[  161.305772] ACPI: EC: interrupt unblocked
[  161.329240] pcieport 0000:06:05.0: quirk: waiting for Thunderbolt to reestablish PCI tunnels...
[  161.329245] pcieport 0000:06:03.0: quirk: waiting for Thunderbolt to reestablish PCI tunnels...
[  161.329246] pcieport 0000:06:04.0: quirk: waiting for Thunderbolt to reestablish PCI tunnels...
[  161.329248] pcieport 0000:06:06.0: quirk: waiting for Thunderbolt to reestablish PCI tunnels...
[  161.361264] pcieport 0000:06:03.0: quirk_apple_wait_for_thunderbolt+0x0/0xe0 took 31264 usecs
[  161.361269] pcieport 0000:06:05.0: quirk_apple_wait_for_thunderbolt+0x0/0xe0 took 31269 usecs
[  161.361273] pcieport 0000:06:04.0: quirk_apple_wait_for_thunderbolt+0x0/0xe0 took 31263 usecs
[  161.361277] pcieport 0000:06:06.0: quirk_apple_wait_for_thunderbolt+0x0/0xe0 took 31263 usecs
[  161.430519] thunderbolt 0000:07:00.0: resetting error on 0:b.
[  161.430526] thunderbolt 0000:07:00.0: 0:b: hotplug: scanning
[  161.430528] thunderbolt 0000:07:00.0: 0:b: hotplug: no switch found
[  161.430625] thunderbolt 0000:07:00.0: resetting error on 0:c.
[  161.430629] thunderbolt 0000:07:00.0: 0:c: hotplug: scanning
[  161.430631] thunderbolt 0000:07:00.0: 0:c: hotplug: no switch found
[  162.405468] xhci_hcd 0000:00:14.0: // Setting command ring address to 0x45a20b001
[  162.405472] ACPI: EC: event unblocked
[  162.405572] xhci_hcd 0000:00:14.0: xhci_resume: starting port polling.
[  162.405599] xhci_hcd 0000:00:14.0: xhci_hub_status_data: stopping port polling.
[  162.405610] usb usb1: usb resume
[  162.405640] usb usb2: usb resume
[  162.405641] hub 1-0:1.0: hub_resume
[  162.405655] hub 2-0:1.0: hub_resume
[  162.405656] xhci_hcd 0000:00:14.0: get port status, actual port 0 status  = 0x2a0
[  162.405658] xhci_hcd 0000:00:14.0: Get port status returned 0x100
[  162.405662] xhci_hcd 0000:00:14.0: get port status, actual port 0 status  = 0x2a0
[  162.405664] xhci_hcd 0000:00:14.0: Get port status returned 0x2a0
[  162.405679] xhci_hcd 0000:00:14.0: get port status, actual port 1 status  = 0x2a0
[  162.405680] xhci_hcd 0000:00:14.0: Get port status returned 0x100
[  162.405683] xhci_hcd 0000:00:14.0: get port status, actual port 1 status  = 0x2a0
[  162.405684] xhci_hcd 0000:00:14.0: Get port status returned 0x2a0
[  162.405690] xhci_hcd 0000:00:14.0: get port status, actual port 2 status  = 0x2a0
[  162.405692] xhci_hcd 0000:00:14.0: Get port status returned 0x2a0
[  162.405696] xhci_hcd 0000:00:14.0: get port status, actual port 2 status  = 0x2a0
[  162.405698] xhci_hcd 0000:00:14.0: Get port status returned 0x100
[  162.405701] xhci_hcd 0000:00:14.0: get port status, actual port 3 status  = 0x20280
[  162.405702] xhci_hcd 0000:00:14.0: Get port status returned 0x10280
[  162.405709] usb usb2-port4: status 0280 change 0001
[  162.405732] xhci_hcd 0000:00:14.0: clear port connect change, actual port 3 status  = 0x280
[  162.405740] xhci_hcd 0000:00:14.0: get port status, actual port 3 status  = 0x2a0
[  162.405743] xhci_hcd 0000:00:14.0: Get port status returned 0x100
[  162.405751] xhci_hcd 0000:00:14.0: get port status, actual port 4 status  = 0x2a0
[  162.405753] xhci_hcd 0000:00:14.0: Get port status returned 0x2a0
[  162.405766] xhci_hcd 0000:00:14.0: get port status, actual port 5 status  = 0x2a0
[  162.405769] xhci_hcd 0000:00:14.0: Get port status returned 0x2a0
[  162.405773] xhci_hcd 0000:00:14.0: get port status, actual port 4 status  = 0x2a0
[  162.405775] xhci_hcd 0000:00:14.0: Get port status returned 0x100
[  162.405794] xhci_hcd 0000:00:14.0: get port status, actual port 5 status  = 0x2a0
[  162.405796] xhci_hcd 0000:00:14.0: Get port status returned 0x100
[  162.405818] xhci_hcd 0000:00:14.0: get port status, actual port 6 status  = 0x2a0
[  162.405820] xhci_hcd 0000:00:14.0: Get port status returned 0x100
[  162.405834] xhci_hcd 0000:00:14.0: get port status, actual port 7 status  = 0x663
[  162.405837] xhci_hcd 0000:00:14.0: Get port status returned 0x107
[  162.405846] usb usb1-port8: status 0107 change 0000
[  162.405853] xhci_hcd 0000:00:14.0: get port status, actual port 8 status  = 0x2a0
[  162.405855] xhci_hcd 0000:00:14.0: Get port status returned 0x100
[  162.405869] xhci_hcd 0000:00:14.0: get port status, actual port 9 status  = 0x2a0
[  162.405872] xhci_hcd 0000:00:14.0: Get port status returned 0x100
[  162.405909] xhci_hcd 0000:00:14.0: get port status, actual port 10 status  = 0x2a0
[  162.405911] xhci_hcd 0000:00:14.0: Get port status returned 0x100
[  162.405927] xhci_hcd 0000:00:14.0: get port status, actual port 11 status  = 0x663
[  162.405929] xhci_hcd 0000:00:14.0: Get port status returned 0x107
[  162.405939] usb usb1-port12: status 0107 change 0000
[  162.405946] xhci_hcd 0000:00:14.0: get port status, actual port 12 status  = 0x2a0
[  162.405947] xhci_hcd 0000:00:14.0: Get port status returned 0x100
[  162.405962] xhci_hcd 0000:00:14.0: get port status, actual port 13 status  = 0x2a0
[  162.405965] xhci_hcd 0000:00:14.0: Get port status returned 0x100
[  162.406016] xhci_hcd 0000:00:14.0: get port status, actual port 7 status  = 0x663
[  162.406019] xhci_hcd 0000:00:14.0: Get port status returned 0x107
[  162.406040] xhci_hcd 0000:00:14.0: clear USB_PORT_FEAT_SUSPEND
[  162.406042] xhci_hcd 0000:00:14.0: PORTSC 0663
[  162.406048] xhci_hcd 0000:00:14.0: get port status, actual port 11 status  = 0x663
[  162.406050] xhci_hcd 0000:00:14.0: Get port status returned 0x107
[  162.406061] xhci_hcd 0000:00:14.0: clear USB_PORT_FEAT_SUSPEND
[  162.406063] xhci_hcd 0000:00:14.0: PORTSC 0663
[  162.425960] sd 0:0:0:0: [sda] Starting disk
[  162.447975] xhci_hcd 0000:00:14.0: Port Status Change Event for port 12
[  162.447978] usb 1-12: usb resume
[  162.447981] xhci_hcd 0000:00:14.0: handle_port_status: starting port polling.
[  162.447995] xhci_hcd 0000:00:14.0: Port Status Change Event for port 8
[  162.447999] xhci_hcd 0000:00:14.0: handle_port_status: starting port polling.
[  162.448101] usb 1-8: usb resume
[  162.448337] xhci_hcd 0000:00:14.0: underrun event on endpoint
[  162.448341] xhci_hcd 0000:00:14.0: overrun event on endpoint
[  162.457983] xhci_hcd 0000:00:14.0: xhci_hub_status_data: stopping port polling.
[  162.490040] xhci_hcd 0000:00:14.0: get port status, actual port 7 status  = 0x603
[  162.490044] xhci_hcd 0000:00:14.0: Get port status returned 0x40103
[  162.490145] xhci_hcd 0000:00:14.0: get port status, actual port 11 status  = 0x603
[  162.490148] xhci_hcd 0000:00:14.0: Get port status returned 0x40103
[  162.502039] xhci_hcd 0000:00:14.0: clear port suspend/resume change, actual port 11 status  = 0x603
[  162.502054] xhci_hcd 0000:00:14.0: clear port suspend/resume change, actual port 7 status  = 0x603
[  162.502088] usb 1-12: Waited 0ms for CONNECT
[  162.502092] usb 1-12: finish resume
[  162.502101] usb 1-8: Waited 0ms for CONNECT
[  162.502104] usb 1-8: finish resume
[  162.502484] xhci_hcd 0000:00:14.0: xhci_drop_endpoint called for udev 00000000f74081c8
[  162.502512] xhci_hcd 0000:00:14.0: drop ep 0x83, slot id 2, new drop flags = 0x80, new add flags = 0x0
[  162.502515] xhci_hcd 0000:00:14.0: xhci_drop_endpoint called for udev 00000000f74081c8
[  162.502526] xhci_hcd 0000:00:14.0: drop ep 0x3, slot id 2, new drop flags = 0xc0, new add flags = 0x0
[  162.502664] xhci_hcd 0000:00:14.0: add ep 0x83, slot id 2, new drop flags = 0xc0, new add flags = 0x80
[  162.502680] xhci_hcd 0000:00:14.0: add ep 0x3, slot id 2, new drop flags = 0xc0, new add flags = 0xc0
[  162.502683] xhci_hcd 0000:00:14.0: xhci_check_bandwidth called for udev 00000000f74081c8
[  162.502688] xhci_hcd 0000:00:14.0: // Ding dong!
[  162.503032] xhci_hcd 0000:00:14.0: Successful Endpoint Configure command
[  162.513088] xhci_hcd 0000:00:14.0: get port status, actual port 3 status  = 0x280
[  162.513093] xhci_hcd 0000:00:14.0: Get port status returned 0x280
[  162.513130] xhci_hcd 0000:00:14.0: Enable port 3
[  162.513175] xhci_hcd 0000:00:14.0: get port status, actual port 3 status  = 0x2a0
[  162.513177] xhci_hcd 0000:00:14.0: Get port status returned 0x2a0
[  162.513946] xhci_hcd 0000:00:14.0: xhci_hub_status_data: stopping port polling.
[  162.535050] xhci_hcd 0000:00:14.0: get port status, actual port 3 status  = 0x2e0
[  162.535053] xhci_hcd 0000:00:14.0: Get port status returned 0x2e0
[  162.535106] usb 2-4: waited 20ms for link, status 0
[  162.535111] usb 2-4: finish reset-resume
[  162.535246] xhci_hcd 0000:00:14.0: Set up evaluate context for LPM MEL change.
[  162.535254] xhci_hcd 0000:00:14.0: // Ding dong!
[  162.535292] xhci_hcd 0000:00:14.0: Successful evaluate context command
[  162.535302] xhci_hcd 0000:00:14.0: get port status, actual port 3 status  = 0x2e0
[  162.535305] xhci_hcd 0000:00:14.0: Get port status returned 0x2e0
[  162.597074] xhci_hcd 0000:00:14.0: get port status, actual port 3 status  = 0x2b0
[  162.597078] xhci_hcd 0000:00:14.0: Get port status returned 0x2b0
[  162.597141] usb usb2-port4: not warm reset yet, waiting 60ms
[  162.643834] xhci_hcd 0000:00:14.0: Port Status Change Event for port 19
[  162.643847] xhci_hcd 0000:00:14.0: handle_port_status: starting port polling.
