[    0.000000] microcode: microcode updated early to revision 0x1a, date = 2018-04-02
[    0.000000] Linux version 5.0.0-rc6+ (im@im-mac) (gcc version 8.2.1 20181215 (Red Hat 8.2.1-6) (GCC)) #50 SMP Tue Feb 12 08:53:50 +05 2019
[    0.000000] Command line: BOOT_IMAGE=/vmlinuz-5.0.0-rc6+ root=/dev/mapper/im--mac-root ro resume=/dev/mapper/im--mac-swap rd.lvm.lv=im-mac/root rd.luks.uuid=luks-dd1fa933-ef9f-402b-a2e4-7c9d6fb7ce0d rd.lvm.lv=im-mac/swap rhgb quiet hid_apple.fnmode=2 hid_apple.iso_layout=0 xhci_hcd.quirks=0x80 usbcore.quirks=05ac:8406:p
[    0.000000] x86/fpu: Supporting XSAVE feature 0x001: 'x87 floating point registers'
[    0.000000] x86/fpu: Supporting XSAVE feature 0x002: 'SSE registers'
[    0.000000] x86/fpu: Supporting XSAVE feature 0x004: 'AVX registers'
[    0.000000] x86/fpu: xstate_offset[2]:  576, xstate_sizes[2]:  256
[    0.000000] x86/fpu: Enabled xstate features 0x7, context size is 832 bytes, using 'standard' format.
[    0.000000] BIOS-provided physical RAM map:
[    0.000000] BIOS-e820: [mem 0x0000000000000000-0x0000000000057fff] usable
[    0.000000] BIOS-e820: [mem 0x0000000000058000-0x0000000000058fff] reserved
[    0.000000] BIOS-e820: [mem 0x0000000000059000-0x000000000009ffff] usable
[    0.000000] BIOS-e820: [mem 0x00000000000a0000-0x00000000000bffff] reserved
[    0.000000] BIOS-e820: [mem 0x0000000000100000-0x0000000078d00fff] usable
[    0.000000] BIOS-e820: [mem 0x0000000078d01000-0x0000000078d48fff] ACPI NVS
[    0.000000] BIOS-e820: [mem 0x0000000078d49000-0x0000000078d5cfff] usable
[    0.000000] BIOS-e820: [mem 0x0000000078d5d000-0x0000000078d8efff] ACPI data
[    0.000000] BIOS-e820: [mem 0x0000000078d8f000-0x0000000078e39fff] usable
[    0.000000] BIOS-e820: [mem 0x0000000078e3a000-0x0000000078e8efff] reserved
[    0.000000] BIOS-e820: [mem 0x0000000078e8f000-0x0000000078ecbfff] usable
[    0.000000] BIOS-e820: [mem 0x0000000078ecc000-0x0000000078efefff] reserved
[    0.000000] BIOS-e820: [mem 0x0000000078eff000-0x0000000078f84fff] usable
[    0.000000] BIOS-e820: [mem 0x0000000078f85000-0x0000000078fdefff] reserved
[    0.000000] BIOS-e820: [mem 0x0000000078fdf000-0x0000000078ffffff] usable
[    0.000000] BIOS-e820: [mem 0x0000000079000000-0x000000007f9fffff] reserved
[    0.000000] BIOS-e820: [mem 0x00000000e00f8000-0x00000000e00f8fff] reserved
[    0.000000] BIOS-e820: [mem 0x00000000fed1c000-0x00000000fed1ffff] reserved
[    0.000000] BIOS-e820: [mem 0x00000000ffd70000-0x00000000ffd9ffff] reserved
[    0.000000] BIOS-e820: [mem 0x0000000100000000-0x000000047f5fffff] usable
[    0.000000] NX (Execute Disable) protection: active
[    0.000000] e820: update [mem 0x66282710-0x66282ad2] usable ==> usable
[    0.000000] e820: update [mem 0x66282710-0x66282ad2] usable ==> usable
[    0.000000] extended physical RAM map:
[    0.000000] reserve setup_data: [mem 0x0000000000000000-0x0000000000057fff] usable
[    0.000000] reserve setup_data: [mem 0x0000000000058000-0x0000000000058fff] reserved
[    0.000000] reserve setup_data: [mem 0x0000000000059000-0x000000000009ffff] usable
[    0.000000] reserve setup_data: [mem 0x00000000000a0000-0x00000000000bffff] reserved
[    0.000000] reserve setup_data: [mem 0x0000000000100000-0x000000006628270f] usable
[    0.000000] reserve setup_data: [mem 0x0000000066282710-0x0000000066282ad2] usable
[    0.000000] reserve setup_data: [mem 0x0000000066282ad3-0x0000000078d00fff] usable
[    0.000000] reserve setup_data: [mem 0x0000000078d01000-0x0000000078d48fff] ACPI NVS
[    0.000000] reserve setup_data: [mem 0x0000000078d49000-0x0000000078d5cfff] usable
[    0.000000] reserve setup_data: [mem 0x0000000078d5d000-0x0000000078d8efff] ACPI data
[    0.000000] reserve setup_data: [mem 0x0000000078d8f000-0x0000000078e39fff] usable
[    0.000000] reserve setup_data: [mem 0x0000000078e3a000-0x0000000078e8efff] reserved
[    0.000000] reserve setup_data: [mem 0x0000000078e8f000-0x0000000078ecbfff] usable
[    0.000000] reserve setup_data: [mem 0x0000000078ecc000-0x0000000078efefff] reserved
[    0.000000] reserve setup_data: [mem 0x0000000078eff000-0x0000000078f84fff] usable
[    0.000000] reserve setup_data: [mem 0x0000000078f85000-0x0000000078fdefff] reserved
[    0.000000] reserve setup_data: [mem 0x0000000078fdf000-0x0000000078ffffff] usable
[    0.000000] reserve setup_data: [mem 0x0000000079000000-0x000000007f9fffff] reserved
[    0.000000] reserve setup_data: [mem 0x00000000e00f8000-0x00000000e00f8fff] reserved
[    0.000000] reserve setup_data: [mem 0x00000000fed1c000-0x00000000fed1ffff] reserved
[    0.000000] reserve setup_data: [mem 0x00000000ffd70000-0x00000000ffd9ffff] reserved
[    0.000000] reserve setup_data: [mem 0x0000000100000000-0x000000047f5fffff] usable
[    0.000000] efi: EFI v1.10 by Apple
[    0.000000] efi:  ACPI=0x78d8e000  ACPI 2.0=0x78d8e014  SMBIOS=0x78f8b000 
[    0.000000] SMBIOS 2.7 present.
[    0.000000] DMI: Apple Inc. MacBookPro11,4/Mac-06F11FD93F0323C5, BIOS MBP114.88Z.0184.B00.1806051659 06/05/2018
[    0.000000] tsc: Fast TSC calibration using PIT
[    0.000000] tsc: Detected 2195.033 MHz processor
[    0.000111] e820: update [mem 0x00000000-0x00000fff] usable ==> reserved
[    0.000112] e820: remove [mem 0x000a0000-0x000fffff] usable
[    0.000117] last_pfn = 0x47f600 max_arch_pfn = 0x400000000
[    0.000121] MTRR default type: write-back
[    0.000121] MTRR fixed ranges enabled:
[    0.000122]   00000-9FFFF write-back
[    0.000123]   A0000-BFFFF uncachable
[    0.000123]   C0000-DFFFF write-protect
[    0.000124]   E0000-FFFFF uncachable
[    0.000124] MTRR variable ranges enabled:
[    0.000125]   0 base 0080000000 mask 7F80000000 uncachable
[    0.000126]   1 base 007C000000 mask 7FFC000000 uncachable
[    0.000126]   2 base 007A000000 mask 7FFE000000 uncachable
[    0.000127]   3 base 0079000000 mask 7FFF000000 uncachable
[    0.000127]   4 disabled
[    0.000127]   5 disabled
[    0.000128]   6 disabled
[    0.000128]   7 disabled
[    0.000128]   8 disabled
[    0.000129]   9 disabled
[    0.009925] x86/PAT: Configuration [0-7]: WB  WC  UC- UC  WB  WP  UC- WT  
[    0.010019] last_pfn = 0x79000 max_arch_pfn = 0x400000000
[    0.021593] Base memory trampoline at [(____ptrval____)] 99000 size 24576
[    0.021596] Using GB pages for direct mapping
[    0.021598] BRK [0x456e01000, 0x456e01fff] PGTABLE
[    0.021599] BRK [0x456e02000, 0x456e02fff] PGTABLE
[    0.021600] BRK [0x456e03000, 0x456e03fff] PGTABLE
[    0.021641] BRK [0x456e04000, 0x456e04fff] PGTABLE
[    0.021642] BRK [0x456e05000, 0x456e05fff] PGTABLE
[    0.021778] BRK [0x456e06000, 0x456e06fff] PGTABLE
[    0.021811] BRK [0x456e07000, 0x456e07fff] PGTABLE
[    0.021889] BRK [0x456e08000, 0x456e08fff] PGTABLE
[    0.022077] Secure boot disabled
[    0.022077] RAMDISK: [mem 0x42ab9000-0x48561fff]
[    0.022088] ACPI: Early table checksum verification disabled
[    0.022091] ACPI: RSDP 0x0000000078D8E014 000024 (v02 APPLE )
[    0.022093] ACPI: XSDT 0x0000000078D8E1C0 0000A4 (v01 APPLE  Apple00  00000000      01000013)
[    0.022097] ACPI: FACP 0x0000000078D8C000 0000F4 (v05 APPLE  Apple00  00000000 Loki 0000005F)
[    0.022100] ACPI BIOS Warning (bug): 32/64X length mismatch in FADT/Gpe0Block: 128/0 (20181213/tbfadt-569)
[    0.022102] ACPI: DSDT 0x0000000078D7F000 007331 (v03 APPLE  MacBookP 00110004 INTL 20140424)
[    0.022104] ACPI: FACS 0x0000000078D06000 000040
[    0.022106] ACPI: FACS 0x0000000078D06000 000040
[    0.022108] ACPI: HPET 0x0000000078D8B000 000038 (v01 APPLE  Apple00  00000001 Loki 0000005F)
[    0.022109] ACPI: APIC 0x0000000078D8A000 0000BC (v02 APPLE  Apple00  00000001 Loki 0000005F)
[    0.022111] ACPI: SBST 0x0000000078D88000 000030 (v01 APPLE  Apple00  00000001 Loki 0000005F)
[    0.022113] ACPI: ECDT 0x0000000078D87000 000053 (v01 APPLE  Apple00  00000001 Loki 0000005F)
[    0.022114] ACPI: SSDT 0x0000000078D7E000 000024 (v01 APPLE  SataAhci 00001000 INTL 20140424)
[    0.022116] ACPI: SSDT 0x0000000078D7D000 000024 (v01 APPLE  SmcDppt  00001000 INTL 20140424)
[    0.022118] ACPI: SSDT 0x0000000078D7C000 000032 (v01 APPLE  SsdtS3   00001000 INTL 20140424)
[    0.022120] ACPI: SSDT 0x0000000078D68000 0086DA (v01 APPLE  TbtPEG11 00001000 INTL 20140424)
[    0.022121] ACPI: SSDT 0x0000000078D67000 0000B8 (v01 APPLE  Sdxc     00001000 INTL 20140424)
[    0.022123] ACPI: SSDT 0x0000000078D66000 000A7B (v02 APPLE  Xhci     00001000 INTL 20140424)
[    0.022125] ACPI: SSDT 0x0000000078D64000 000341 (v01 APPLE  PEG0SSD0 00001000 INTL 20140424)
[    0.022127] ACPI: SSDT 0x0000000078D5F000 00069C (v01 PmRef  Cpu0Ist  00003000 INTL 20140424)
[    0.022129] ACPI: SSDT 0x0000000078D5E000 000C17 (v01 CpuRef CpuSsdt  00003000 INTL 20140424)
[    0.022130] ACPI: DMAR 0x0000000078D5D000 000088 (v01 APPLE  BDW      00000001 INTL 00000001)
[    0.022132] ACPI: MCFG 0x0000000078D89000 00003C (v01 APPLE  Apple00  00000001 Loki 0000005F)
[    0.022137] ACPI: DMI detected to setup _OSI("Darwin"): Apple hardware
[    0.022139] ACPI: Local APIC address 0xfee00000
[    0.022210] No NUMA configuration found
[    0.022210] Faking a node at [mem 0x0000000000000000-0x000000047f5fffff]
[    0.022219] NODE_DATA(0) allocated [mem 0x47f5d5000-0x47f5fffff]
[    0.051709] Zone ranges:
[    0.051711]   DMA      [mem 0x0000000000001000-0x0000000000ffffff]
[    0.051712]   DMA32    [mem 0x0000000001000000-0x00000000ffffffff]
[    0.051713]   Normal   [mem 0x0000000100000000-0x000000047f5fffff]
[    0.051713]   Device   empty
[    0.051714] Movable zone start for each node
[    0.051717] Early memory node ranges
[    0.051717]   node   0: [mem 0x0000000000001000-0x0000000000057fff]
[    0.051718]   node   0: [mem 0x0000000000059000-0x000000000009ffff]
[    0.051718]   node   0: [mem 0x0000000000100000-0x0000000078d00fff]
[    0.051718]   node   0: [mem 0x0000000078d49000-0x0000000078d5cfff]
[    0.051719]   node   0: [mem 0x0000000078d8f000-0x0000000078e39fff]
[    0.051719]   node   0: [mem 0x0000000078e8f000-0x0000000078ecbfff]
[    0.051720]   node   0: [mem 0x0000000078eff000-0x0000000078f84fff]
[    0.051720]   node   0: [mem 0x0000000078fdf000-0x0000000078ffffff]
[    0.051720]   node   0: [mem 0x0000000100000000-0x000000047f5fffff]
[    0.052096] Zeroed struct page in unavailable ranges: 29118 pages
[    0.052097] Initmem setup node 0 [mem 0x0000000000001000-0x000000047f5fffff]
[    0.052098] On node 0 totalpages: 4162626
[    0.052099]   DMA zone: 64 pages used for memmap
[    0.052099]   DMA zone: 22 pages reserved
[    0.052100]   DMA zone: 3998 pages, LIFO batch:0
[    0.052171]   DMA32 zone: 7675 pages used for memmap
[    0.052172]   DMA32 zone: 491172 pages, LIFO batch:63
[    0.063730]   Normal zone: 57304 pages used for memmap
[    0.063731]   Normal zone: 3667456 pages, LIFO batch:63
[    0.132324] Reserving Intel graphics memory at [mem 0x79a00000-0x7f9fffff]
[    0.132391] ACPI: PM-Timer IO Port: 0x1808
[    0.132392] ACPI: Local APIC address 0xfee00000
[    0.132397] ACPI: LAPIC_NMI (acpi_id[0x01] high edge lint[0x1])
[    0.132398] ACPI: LAPIC_NMI (acpi_id[0x02] high edge lint[0x1])
[    0.132398] ACPI: LAPIC_NMI (acpi_id[0x03] high edge lint[0x1])
[    0.132399] ACPI: LAPIC_NMI (acpi_id[0x04] high edge lint[0x1])
[    0.132399] ACPI: LAPIC_NMI (acpi_id[0x05] high edge lint[0x1])
[    0.132399] ACPI: LAPIC_NMI (acpi_id[0x06] high edge lint[0x1])
[    0.132400] ACPI: LAPIC_NMI (acpi_id[0x07] high edge lint[0x1])
[    0.132400] ACPI: LAPIC_NMI (acpi_id[0x08] high edge lint[0x1])
[    0.132414] IOAPIC[0]: apic_id 2, version 32, address 0xfec00000, GSI 0-23
[    0.132415] ACPI: INT_SRC_OVR (bus 0 bus_irq 0 global_irq 2 dfl dfl)
[    0.132416] ACPI: INT_SRC_OVR (bus 0 bus_irq 9 global_irq 9 high level)
[    0.132417] ACPI: IRQ0 used by override.
[    0.132418] ACPI: IRQ9 used by override.
[    0.132419] Using ACPI (MADT) for SMP configuration information
[    0.132420] ACPI: HPET id: 0x8086a201 base: 0xfed00000
[    0.132424] smpboot: Allowing 8 CPUs, 0 hotplug CPUs
[    0.132437] PM: Registered nosave memory: [mem 0x00000000-0x00000fff]
[    0.132438] PM: Registered nosave memory: [mem 0x00058000-0x00058fff]
[    0.132439] PM: Registered nosave memory: [mem 0x000a0000-0x000bffff]
[    0.132439] PM: Registered nosave memory: [mem 0x000c0000-0x000fffff]
[    0.132440] PM: Registered nosave memory: [mem 0x66282000-0x66282fff]
[    0.132441] PM: Registered nosave memory: [mem 0x66282000-0x66282fff]
[    0.132442] PM: Registered nosave memory: [mem 0x78d01000-0x78d48fff]
[    0.132443] PM: Registered nosave memory: [mem 0x78d5d000-0x78d8efff]
[    0.132444] PM: Registered nosave memory: [mem 0x78e3a000-0x78e8efff]
[    0.132445] PM: Registered nosave memory: [mem 0x78ecc000-0x78efefff]
[    0.132446] PM: Registered nosave memory: [mem 0x78f85000-0x78fdefff]
[    0.132447] PM: Registered nosave memory: [mem 0x79000000-0x7f9fffff]
[    0.132447] PM: Registered nosave memory: [mem 0x7fa00000-0xe00f7fff]
[    0.132448] PM: Registered nosave memory: [mem 0xe00f8000-0xe00f8fff]
[    0.132448] PM: Registered nosave memory: [mem 0xe00f9000-0xfed1bfff]
[    0.132449] PM: Registered nosave memory: [mem 0xfed1c000-0xfed1ffff]
[    0.132449] PM: Registered nosave memory: [mem 0xfed20000-0xffd6ffff]
[    0.132449] PM: Registered nosave memory: [mem 0xffd70000-0xffd9ffff]
[    0.132450] PM: Registered nosave memory: [mem 0xffda0000-0xffffffff]
[    0.132451] [mem 0x7fa00000-0xe00f7fff] available for PCI devices
[    0.132453] Booting paravirtualized kernel on bare hardware
[    0.132455] clocksource: refined-jiffies: mask: 0xffffffff max_cycles: 0xffffffff, max_idle_ns: 1910969940391419 ns
[    0.227678] random: get_random_bytes called from start_kernel+0x93/0x503 with crng_init=0
[    0.227684] setup_percpu: NR_CPUS:64 nr_cpumask_bits:64 nr_cpu_ids:8 nr_node_ids:1
[    0.227857] percpu: Embedded 44 pages/cpu @(____ptrval____) s143360 r8192 d28672 u262144
[    0.227862] pcpu-alloc: s143360 r8192 d28672 u262144 alloc=1*2097152
[    0.227863] pcpu-alloc: [0] 0 1 2 3 4 5 6 7 
[    0.227878] Built 1 zonelists, mobility grouping on.  Total pages: 4097561
[    0.227879] Policy zone: Normal
[    0.227880] Kernel command line: BOOT_IMAGE=/vmlinuz-5.0.0-rc6+ root=/dev/mapper/im--mac-root ro resume=/dev/mapper/im--mac-swap rd.lvm.lv=im-mac/root rd.luks.uuid=luks-dd1fa933-ef9f-402b-a2e4-7c9d6fb7ce0d rd.lvm.lv=im-mac/swap rhgb quiet hid_apple.fnmode=2 hid_apple.iso_layout=0 xhci_hcd.quirks=0x80 usbcore.quirks=05ac:8406:p
[    0.271891] Memory: 15843916K/16650504K available (12291K kernel code, 1403K rwdata, 4028K rodata, 2152K init, 4944K bss, 806588K reserved, 0K cma-reserved)
[    0.271992] SLUB: HWalign=64, Order=0-3, MinObjects=0, CPUs=8, Nodes=1
[    0.271996] Kernel/User page tables isolation: enabled
[    0.272008] ftrace: allocating 38170 entries in 150 pages
[    0.284066] rcu: Hierarchical RCU implementation.
[    0.284066] rcu: 	RCU restricting CPUs from NR_CPUS=64 to nr_cpu_ids=8.
[    0.284067] rcu: RCU calculated value of scheduler-enlistment delay is 100 jiffies.
[    0.284068] rcu: Adjusting geometry for rcu_fanout_leaf=16, nr_cpu_ids=8
[    0.285949] NR_IRQS: 4352, nr_irqs: 488, preallocated irqs: 16
[    0.286075] rcu: 	Offload RCU callbacks from CPUs: (none).
[    0.286117] Console: colour dummy device 80x25
[    0.286122] printk: console [tty0] enabled
[    0.286133] ACPI: Core revision 20181213
[    0.286337] clocksource: hpet: mask: 0xffffffff max_cycles: 0xffffffff, max_idle_ns: 133484882848 ns
[    0.286346] hpet clockevent registered
[    0.286349] APIC: Switch to symmetric I/O mode setup
[    0.286350] DMAR: Host address width 39
[    0.286351] DMAR: DRHD base: 0x000000fed90000 flags: 0x0
[    0.286354] DMAR: dmar0: reg_base_addr fed90000 ver 1:0 cap c0000020660462 ecap f0101a
[    0.286355] DMAR: DRHD base: 0x000000fed91000 flags: 0x1
[    0.286357] DMAR: dmar1: reg_base_addr fed91000 ver 1:0 cap d2008c20660462 ecap f010da
[    0.286357] DMAR: RMRR base: 0x00000079800000 end: 0x0000007f9fffff
[    0.286360] DMAR-IR: IOAPIC id 2 under DRHD base  0xfed91000 IOMMU 1
[    0.286360] DMAR-IR: HPET id 0 under DRHD base 0xfed91000
[    0.286361] DMAR-IR: x2apic is disabled because BIOS sets x2apic opt out bit.
[    0.286361] DMAR-IR: Use 'intremap=no_x2apic_optout' to override the BIOS setting.
[    0.286732] DMAR-IR: Enabled IRQ remapping in xapic mode
[    0.286733] x2apic: IRQ remapping doesn't support X2APIC mode
[    0.287104] ..TIMER: vector=0x30 apic1=0 pin1=2 apic2=-1 pin2=-1
[    0.291354] clocksource: tsc-early: mask: 0xffffffffffffffff max_cycles: 0x1fa3de85054, max_idle_ns: 440795206796 ns
[    0.291363] Calibrating delay loop (skipped), value calculated using timer frequency.. 4390.06 BogoMIPS (lpj=2195033)
[    0.291365] pid_max: default: 32768 minimum: 301
[    0.302127] LSM: Security Framework initializing
[    0.302128] Yama: becoming mindful.
[    0.302132] SELinux:  Initializing.
[    0.304517] Dentry cache hash table entries: 2097152 (order: 12, 16777216 bytes)
[    0.305696] Inode-cache hash table entries: 1048576 (order: 11, 8388608 bytes)
[    0.305744] Mount-cache hash table entries: 32768 (order: 6, 262144 bytes)
[    0.305784] Mountpoint-cache hash table entries: 32768 (order: 6, 262144 bytes)
[    0.305955] ENERGY_PERF_BIAS: Set to 'normal', was 'performance'
[    0.305955] ENERGY_PERF_BIAS: View and update with x86_energy_perf_policy(8)
[    0.305959] mce: CPU supports 10 MCE banks
[    0.305968] mce: CPU0: Thermal monitoring enabled (TM1)
[    0.305980] process: using mwait in idle threads
[    0.305982] Last level iTLB entries: 4KB 1024, 2MB 1024, 4MB 1024
[    0.305982] Last level dTLB entries: 4KB 1024, 2MB 1024, 4MB 1024, 1GB 4
[    0.305984] Spectre V2 : Mitigation: Full generic retpoline
[    0.305985] Spectre V2 : Spectre v2 / SpectreRSB mitigation: Filling RSB on context switch
[    0.305985] Spectre V2 : Enabling Restricted Speculation for firmware calls
[    0.305991] Spectre V2 : mitigation: Enabling conditional Indirect Branch Prediction Barrier
[    0.305991] Spectre V2 : User space: Mitigation: STIBP via seccomp and prctl
[    0.305993] Speculative Store Bypass: Mitigation: Speculative Store Bypass disabled via prctl and seccomp
[    0.306158] Freeing SMP alternatives memory: 36K
[    0.307272] TSC deadline timer enabled
[    0.307275] smpboot: CPU0: Intel(R) Core(TM) i7-4770HQ CPU @ 2.20GHz (family: 0x6, model: 0x46, stepping: 0x1)
[    0.307342] Performance Events: PEBS fmt2+, Haswell events, 16-deep LBR, full-width counters, Intel PMU driver.
[    0.307355] ... version:                3
[    0.307355] ... bit width:              48
[    0.307355] ... generic registers:      4
[    0.307355] ... value mask:             0000ffffffffffff
[    0.307355] ... max period:             00007fffffffffff
[    0.307355] ... fixed-purpose events:   3
[    0.307355] ... event mask:             000000070000000f
[    0.307355] rcu: Hierarchical SRCU implementation.
[    0.307355] random: crng done (trusting CPU's manufacturer)
[    0.307355] NMI watchdog: Enabled. Permanently consumes one hw-PMU counter.
[    0.307387] smp: Bringing up secondary CPUs ...
[    0.307438] x86: Booting SMP configuration:
[    0.307438] .... node  #0, CPUs:      #1 #2 #3 #4 #5 #6 #7
[    0.356359] smp: Brought up 1 node, 8 CPUs
[    0.356361] smpboot: Max logical packages: 1
[    0.356362] smpboot: Total of 8 processors activated (35120.52 BogoMIPS)
[    0.357748] devtmpfs: initialized
[    0.357748] x86/mm: Memory block size: 128MB
[    0.358628] PM: Registering ACPI NVS region [mem 0x78d01000-0x78d48fff] (294912 bytes)
[    0.358628] clocksource: jiffies: mask: 0xffffffff max_cycles: 0xffffffff, max_idle_ns: 1911260446275000 ns
[    0.358628] futex hash table entries: 2048 (order: 5, 131072 bytes)
[    0.358628] pinctrl core: initialized pinctrl subsystem
[    0.358628] RTC time: 03:59:47, date: 2019-02-12
[    0.358701] NET: Registered protocol family 16
[    0.358795] audit: initializing netlink subsys (disabled)
[    0.358799] audit: type=2000 audit(1549943987.072:1): state=initialized audit_enabled=0 res=1
[    0.358799] cpuidle: using governor menu
[    0.358799] ACPI: bus type PCI registered
[    0.358799] acpiphp: ACPI Hot Plug PCI Controller Driver version: 0.5
[    0.358799] PCI: MMCONFIG for domain 0000 [bus 00-9b] at [mem 0xe0000000-0xe9bfffff] (base 0xe0000000)
[    0.358799] PCI: not using MMCONFIG
[    0.358799] PCI: Using configuration type 1 for base access
[    0.358799] core: PMU erratum BJ122, BV98, HSD29 worked around, HT is on
[    0.360420] HugeTLB registered 1.00 GiB page size, pre-allocated 0 pages
[    0.360420] HugeTLB registered 2.00 MiB page size, pre-allocated 0 pages
[    0.360420] cryptd: max_cpu_qlen set to 1000
[    0.360420] ACPI: Disabled all _OSI OS vendors
[    0.360420] ACPI: Added _OSI(Module Device)
[    0.360420] ACPI: Added _OSI(Processor Device)
[    0.360420] ACPI: Added _OSI(3.0 _SCP Extensions)
[    0.360420] ACPI: Added _OSI(Processor Aggregator Device)
[    0.360420] ACPI: Added _OSI(Linux-Dell-Video)
[    0.360420] ACPI: Added _OSI(Linux-Lenovo-NV-HDMI-Audio)
[    0.360420] ACPI: Added _OSI(Linux-HPI-Hybrid-Graphics)
[    0.360420] ACPI: Added _OSI(Darwin)
[    0.371940] ACPI: 10 ACPI AML tables successfully acquired and loaded
[    0.372547] ACPI: EC: EC started
[    0.372547] ACPI: EC: interrupt blocked
[    0.374737] ACPI: \: Used as first EC
[    0.374738] ACPI: \: GPE=0x17, EC_CMD/EC_SC=0x66, EC_DATA=0x62
[    0.374739] ACPI: \: Used as boot ECDT EC to handle transactions
[    0.375456] ACPI: BIOS _OSI(Darwin) query honored via DMI
[    0.375977] ACPI: [Firmware Bug]: BIOS _OSI(Linux) query ignored
[    0.376093] ACPI Error: Needed type [Reference], found [Integer] 000000007bda81b4 (20181213/exresop-69)
[    0.376096] ACPI Error: AE_AML_OPERAND_TYPE, While resolving operands for [OpcodeName unavailable] (20181213/dswexec-427)
[    0.376098] ACPI Error: Method parse/execution failed \_PR.CPU0._PDC, AE_AML_OPERAND_TYPE (20181213/psparse-531)
[    0.376287] ACPI: Dynamic OEM Table Load:
[    0.376292] ACPI: SSDT 0xFFFF8C93ACB4A000 00067C (v01 PmRef  ApIst    00003000 INTL 20140424)
[    0.376671] ACPI: Dynamic OEM Table Load:
[    0.376674] ACPI: SSDT 0xFFFF8C93ACB99200 000119 (v01 PmRef  ApCst    00003000 INTL 20140424)
[    0.377747] ACPI: Interpreter enabled
[    0.377763] ACPI: (supports S0 S3 S4 S5)
[    0.377763] ACPI: Using IOAPIC for interrupt routing
[    0.377780] PCI: MMCONFIG for domain 0000 [bus 00-9b] at [mem 0xe0000000-0xe9bfffff] (base 0xe0000000)
[    0.378144] PCI: MMCONFIG at [mem 0xe0000000-0xe9bfffff] reserved in ACPI motherboard resources
[    0.378152] PCI: Using host bridge windows from ACPI; if necessary, use "pci=nocrs" and report a bug
[    0.378329] ACPI: Enabled 7 GPEs in block 00 to 3F
[    0.385671] ACPI: PCI Root Bridge [PCI0] (domain 0000 [bus 00-ff])
[    0.385674] acpi PNP0A08:00: _OSC: OS assumes control of [PCIeHotplug SHPCHotplug AER PCIeCapability LTR]
[    0.385684] acpi PNP0A08:00: [Firmware Info]: MMCONFIG for domain 0000 [bus 00-9b] only partially covers this bridge
[    0.385884] PCI host bridge to bus 0000:00
[    0.385886] pci_bus 0000:00: root bus resource [io  0x0000-0x0cf7 window]
[    0.385887] pci_bus 0000:00: root bus resource [io  0x0d00-0xffff window]
[    0.385888] pci_bus 0000:00: root bus resource [mem 0x000a0000-0x000bffff window]
[    0.385889] pci_bus 0000:00: root bus resource [mem 0x000c0000-0x000c3fff window]
[    0.385890] pci_bus 0000:00: root bus resource [mem 0x000c4000-0x000c7fff window]
[    0.385891] pci_bus 0000:00: root bus resource [mem 0x000c8000-0x000cbfff window]
[    0.385892] pci_bus 0000:00: root bus resource [mem 0x000cc000-0x000cffff window]
[    0.385893] pci_bus 0000:00: root bus resource [mem 0x000d0000-0x000d3fff window]
[    0.385893] pci_bus 0000:00: root bus resource [mem 0x000d4000-0x000d7fff window]
[    0.385894] pci_bus 0000:00: root bus resource [mem 0x000d8000-0x000dbfff window]
[    0.385895] pci_bus 0000:00: root bus resource [mem 0x000dc000-0x000dffff window]
[    0.385896] pci_bus 0000:00: root bus resource [mem 0x000e0000-0x000e3fff window]
[    0.385897] pci_bus 0000:00: root bus resource [mem 0x000e4000-0x000e7fff window]
[    0.385898] pci_bus 0000:00: root bus resource [mem 0x000e8000-0x000ebfff window]
[    0.385899] pci_bus 0000:00: root bus resource [mem 0x000ec000-0x000effff window]
[    0.385900] pci_bus 0000:00: root bus resource [mem 0x000f0000-0x000fffff window]
[    0.385901] pci_bus 0000:00: root bus resource [mem 0x7fa00000-0xfeafffff window]
[    0.385902] pci_bus 0000:00: root bus resource [mem 0xfed40000-0xfed44fff window]
[    0.385903] pci_bus 0000:00: root bus resource [bus 00-ff]
[    0.385909] pci 0000:00:00.0: [8086:0d04] type 00 class 0x060000
[    0.385975] pci 0000:00:01.0: [8086:0d01] type 01 class 0x060400
[    0.386005] pci 0000:00:01.0: PME# supported from D0 D3hot D3cold
[    0.386050] pci 0000:00:01.1: [8086:0d05] type 01 class 0x060400
[    0.386078] pci 0000:00:01.1: PME# supported from D0 D3hot D3cold
[    0.386149] pci 0000:00:02.0: [8086:0d26] type 00 class 0x030000
[    0.386157] pci 0000:00:02.0: reg 0x10: [mem 0xa0000000-0xa03fffff 64bit]
[    0.386162] pci 0000:00:02.0: reg 0x18: [mem 0x90000000-0x9fffffff 64bit pref]
[    0.386165] pci 0000:00:02.0: reg 0x20: [io  0x3000-0x303f]
[    0.386174] pci 0000:00:02.0: BAR 2: assigned to efifb
[    0.386222] pci 0000:00:03.0: [8086:0d0c] type 00 class 0x040300
[    0.386230] pci 0000:00:03.0: reg 0x10: [mem 0xa0c10000-0xa0c13fff 64bit]
[    0.386308] pci 0000:00:14.0: [8086:8c31] type 00 class 0x0c0330
[    0.386326] pci 0000:00:14.0: reg 0x10: [mem 0xa0c00000-0xa0c0ffff 64bit]
[    0.386384] pci 0000:00:14.0: PME# supported from D3hot D3cold
[    0.386462] pci 0000:00:16.0: [8086:8c3a] type 00 class 0x078000
[    0.386481] pci 0000:00:16.0: reg 0x10: [mem 0xa0c19100-0xa0c1910f 64bit]
[    0.386533] pci 0000:00:16.0: PME# supported from D0 D3hot D3cold
[    0.386589] pci 0000:00:1b.0: [8086:8c20] type 00 class 0x040300
[    0.386606] pci 0000:00:1b.0: reg 0x10: [mem 0xa0c14000-0xa0c17fff 64bit]
[    0.386664] pci 0000:00:1b.0: PME# supported from D0 D3hot D3cold
[    0.386714] pci 0000:00:1c.0: [8086:8c10] type 01 class 0x060400
[    0.386755] pci 0000:00:1c.0: claimed MacBook Pro poweroff workaround [mem 0x7fa00000-0x7fbfffff]
[    0.386800] pci 0000:00:1c.0: PME# supported from D0 D3hot D3cold
[    0.386856] pci 0000:00:1c.2: [8086:8c14] type 01 class 0x060400
[    0.386925] pci 0000:00:1c.2: PME# supported from D0 D3hot D3cold
[    0.386982] pci 0000:00:1c.3: [8086:8c16] type 01 class 0x060400
[    0.387050] pci 0000:00:1c.3: PME# supported from D0 D3hot D3cold
[    0.387113] pci 0000:00:1f.0: [8086:8c4b] type 00 class 0x060100
[    0.387247] pci 0000:00:1f.3: [8086:8c22] type 00 class 0x0c0500
[    0.387262] pci 0000:00:1f.3: reg 0x10: [mem 0xa0c19000-0xa0c190ff 64bit]
[    0.387279] pci 0000:00:1f.3: reg 0x20: [io  0xefa0-0xefbf]
[    0.387337] pci 0000:00:1f.6: [8086:8c24] type 00 class 0x118000
[    0.387357] pci 0000:00:1f.6: reg 0x10: [mem 0xa0c18000-0xa0c18fff 64bit]
[    0.387509] pci 0000:01:00.0: [144d:a801] type 00 class 0x010601
[    0.387543] pci 0000:01:00.0: reg 0x24: [mem 0xa0b00000-0xa0b01fff]
[    0.387668] pci 0000:00:01.0: PCI bridge to [bus 01]
[    0.387670] pci 0000:00:01.0:   bridge window [mem 0xa0b00000-0xa0bfffff]
[    0.387718] pci 0000:05:00.0: [8086:156d] type 01 class 0x060400
[    0.387797] pci 0000:05:00.0: supports D1 D2
[    0.387798] pci 0000:05:00.0: PME# supported from D0 D1 D2 D3hot D3cold
[    0.387882] pci 0000:00:01.1: PCI bridge to [bus 05-9b]
[    0.387884] pci 0000:00:01.1:   bridge window [io  0x4000-0x6fff]
[    0.387886] pci 0000:00:01.1:   bridge window [mem 0xa0d00000-0xacdfffff]
[    0.387888] pci 0000:00:01.1:   bridge window [mem 0xace00000-0xb8dfffff 64bit pref]
[    0.387968] pci 0000:06:00.0: [8086:156d] type 01 class 0x060400
[    0.388055] pci 0000:06:00.0: supports D1 D2
[    0.388056] pci 0000:06:00.0: PME# supported from D0 D1 D2 D3hot D3cold
[    0.388118] pci 0000:06:03.0: [8086:156d] type 01 class 0x060400
[    0.388204] pci 0000:06:03.0: supports D1 D2
[    0.388205] pci 0000:06:03.0: PME# supported from D0 D1 D2 D3hot D3cold
[    0.388263] pci 0000:06:04.0: [8086:156d] type 01 class 0x060400
[    0.388349] pci 0000:06:04.0: supports D1 D2
[    0.388350] pci 0000:06:04.0: PME# supported from D0 D1 D2 D3hot D3cold
[    0.388411] pci 0000:06:05.0: [8086:156d] type 01 class 0x060400
[    0.388498] pci 0000:06:05.0: supports D1 D2
[    0.388499] pci 0000:06:05.0: PME# supported from D0 D1 D2 D3hot D3cold
[    0.388557] pci 0000:06:06.0: [8086:156d] type 01 class 0x060400
[    0.388643] pci 0000:06:06.0: supports D1 D2
[    0.388644] pci 0000:06:06.0: PME# supported from D0 D1 D2 D3hot D3cold
[    0.388712] pci 0000:05:00.0: PCI bridge to [bus 06-6b]
[    0.388716] pci 0000:05:00.0:   bridge window [io  0x4000-0x5fff]
[    0.388718] pci 0000:05:00.0:   bridge window [mem 0xa0d00000-0xa8dfffff]
[    0.388722] pci 0000:05:00.0:   bridge window [mem 0xace00000-0xb4dfffff 64bit pref]
[    0.388769] pci 0000:07:00.0: [8086:156c] type 00 class 0x088000
[    0.388793] pci 0000:07:00.0: reg 0x10: [mem 0xa0d00000-0xa0d3ffff]
[    0.388802] pci 0000:07:00.0: reg 0x14: [mem 0xa0d40000-0xa0d40fff]
[    0.388921] pci 0000:07:00.0: supports D1 D2
[    0.388922] pci 0000:07:00.0: PME# supported from D0 D1 D2 D3hot D3cold
[    0.389061] pci 0000:06:00.0: PCI bridge to [bus 07]
[    0.389067] pci 0000:06:00.0:   bridge window [mem 0xa0d00000-0xa0dfffff]
[    0.389120] pci 0000:06:03.0: PCI bridge to [bus 08-38]
[    0.389124] pci 0000:06:03.0:   bridge window [io  0x4000-0x4fff]
[    0.389126] pci 0000:06:03.0:   bridge window [mem 0xa0e00000-0xa4dfffff]
[    0.389130] pci 0000:06:03.0:   bridge window [mem 0xace00000-0xb0dfffff 64bit pref]
[    0.389179] pci 0000:06:04.0: PCI bridge to [bus 39]
[    0.389234] pci 0000:06:05.0: PCI bridge to [bus 3a-6a]
[    0.389238] pci 0000:06:05.0:   bridge window [io  0x5000-0x5fff]
[    0.389241] pci 0000:06:05.0:   bridge window [mem 0xa4e00000-0xa8dfffff]
[    0.389244] pci 0000:06:05.0:   bridge window [mem 0xb0e00000-0xb4dfffff 64bit pref]
[    0.389271] pci 0000:06:06.0: PCI bridge to [bus 6b]
[    0.389338] pci 0000:00:1c.0: PCI bridge to [bus 02]
[    0.389435] pci 0000:03:00.0: [14e4:43ba] type 00 class 0x028000
[    0.389500] pci 0000:03:00.0: reg 0x10: [mem 0xa0800000-0xa0807fff 64bit]
[    0.389526] pci 0000:03:00.0: reg 0x18: [mem 0xa0400000-0xa07fffff 64bit]
[    0.389732] pci 0000:03:00.0: supports D1 D2
[    0.389733] pci 0000:03:00.0: PME# supported from D0 D1 D2 D3hot D3cold
[    0.389961] pci 0000:00:1c.2: PCI bridge to [bus 03]
[    0.389966] pci 0000:00:1c.2:   bridge window [mem 0xa0400000-0xa08fffff]
[    0.390025] pci 0000:04:00.0: [14e4:1570] type 00 class 0x048000
[    0.390057] pci 0000:04:00.0: reg 0x10: [mem 0xa0a00000-0xa0a0ffff 64bit]
[    0.390071] pci 0000:04:00.0: reg 0x18: [mem 0x80000000-0x8fffffff 64bit pref]
[    0.390086] pci 0000:04:00.0: reg 0x20: [mem 0xa0900000-0xa09fffff 64bit]
[    0.390191] pci 0000:04:00.0: supports D1
[    0.390193] pci 0000:04:00.0: PME# supported from D0 D3hot
[    0.390308] pci 0000:00:1c.3: PCI bridge to [bus 04]
[    0.390313] pci 0000:00:1c.3:   bridge window [mem 0xa0900000-0xa0afffff]
[    0.390318] pci 0000:00:1c.3:   bridge window [mem 0x80000000-0x8fffffff 64bit pref]
[    0.391236] ACPI: PCI Interrupt Link [LNKA] (IRQs 1 3 4 5 6 7 10 12 14 15) *0, disabled.
[    0.391280] ACPI: PCI Interrupt Link [LNKB] (IRQs 1 3 4 5 6 7 11 12 14 15) *0, disabled.
[    0.391323] ACPI: PCI Interrupt Link [LNKC] (IRQs 1 3 4 5 6 7 10 12 14 15) *0, disabled.
[    0.391371] ACPI: PCI Interrupt Link [LNKD] (IRQs 1 3 4 5 6 7 11 12 14 15) *0, disabled.
[    0.391416] ACPI: PCI Interrupt Link [LNKE] (IRQs 1 3 4 5 6 7 10 12 14 15) *0, disabled.
[    0.391462] ACPI: PCI Interrupt Link [LNKF] (IRQs 1 3 4 5 6 7 11 12 14 15) *0, disabled.
[    0.391507] ACPI: PCI Interrupt Link [LNKG] (IRQs 1 3 4 5 6 7 10 12 14 15) *0, disabled.
[    0.391548] ACPI: PCI Interrupt Link [LNKH] (IRQs 1 3 4 5 6 7 11 12 14 15) *0, disabled.
[    0.391693] ACPI: EC: interrupt unblocked
[    0.391710] ACPI: EC: event unblocked
[    0.391716] ACPI: \_SB_.PCI0.LPCB.EC__: GPE=0x17, EC_CMD/EC_SC=0x66, EC_DATA=0x62
[    0.391717] ACPI: \_SB_.PCI0.LPCB.EC__: Used as boot DSDT EC to handle transactions and events
[    0.391760] pci 0000:00:02.0: vgaarb: setting as boot VGA device
[    0.391760] pci 0000:00:02.0: vgaarb: VGA device added: decodes=io+mem,owns=io+mem,locks=none
[    0.391760] pci 0000:00:02.0: vgaarb: bridge control possible
[    0.391760] vgaarb: loaded
[    0.391760] SCSI subsystem initialized
[    0.391760] libata version 3.00 loaded.
[    0.391760] ACPI: bus type USB registered
[    0.391760] usbcore: registered new interface driver usbfs
[    0.391760] usbcore: registered new interface driver hub
[    0.391760] usbcore: registered new device driver usb
[    0.391760] pps_core: LinuxPPS API ver. 1 registered
[    0.391760] pps_core: Software ver. 5.3.6 - Copyright 2005-2007 Rodolfo Giometti <giometti@linux.it>
[    0.391760] PTP clock support registered
[    0.391760] EDAC MC: Ver: 3.0.0
[    0.391760] Registered efivars operations
[    0.440709] PCI: Using ACPI for IRQ routing
[    0.443012] PCI: pci_cache_line_size set to 64 bytes
[    0.443145] e820: reserve RAM buffer [mem 0x00058000-0x0005ffff]
[    0.443146] e820: reserve RAM buffer [mem 0x66282710-0x67ffffff]
[    0.443147] e820: reserve RAM buffer [mem 0x78d01000-0x7bffffff]
[    0.443148] e820: reserve RAM buffer [mem 0x78d5d000-0x7bffffff]
[    0.443150] e820: reserve RAM buffer [mem 0x78e3a000-0x7bffffff]
[    0.443150] e820: reserve RAM buffer [mem 0x78ecc000-0x7bffffff]
[    0.443151] e820: reserve RAM buffer [mem 0x78f85000-0x7bffffff]
[    0.443152] e820: reserve RAM buffer [mem 0x79000000-0x7bffffff]
[    0.443153] e820: reserve RAM buffer [mem 0x47f600000-0x47fffffff]
[    0.443356] NetLabel: Initializing
[    0.443356] NetLabel:  domain hash size = 128
[    0.443356] NetLabel:  protocols = UNLABELED CIPSOv4 CALIPSO
[    0.443356] NetLabel:  unlabeled traffic allowed by default
[    0.443437] hpet0: at MMIO 0xfed00000, IRQs 2, 8, 0, 0, 0, 0, 0, 0
[    0.443440] hpet0: 8 comparators, 64-bit 14.318180 MHz counter
[    0.445382] clocksource: Switched to clocksource tsc-early
[    0.455231] VFS: Disk quotas dquot_6.6.0
[    0.455245] VFS: Dquot-cache hash table entries: 512 (order 0, 4096 bytes)
[    0.455291] pnp: PnP ACPI init
[    0.455928] system 00:00: [mem 0xfed00000-0xfed03fff] has been reserved
[    0.455933] system 00:00: Plug and Play ACPI device, IDs PNP0103 PNP0c01 (active)
[    0.455966] system 00:01: [io  0xffff] has been reserved
[    0.455967] system 00:01: [io  0x1800-0x187f] has been reserved
[    0.455969] system 00:01: [io  0x0800-0x087f] has been reserved
[    0.455971] system 00:01: Plug and Play ACPI device, IDs PNP0c02 (active)
[    0.455983] pnp 00:02: Plug and Play ACPI device, IDs PNP0b00 (active)
[    0.456027] pnp 00:03: Plug and Play ACPI device, IDs APP000b (active)
[    0.456125] system 00:04: [mem 0xfed1c000-0xfed1ffff] has been reserved
[    0.456126] system 00:04: [mem 0xfed10000-0xfed17fff] has been reserved
[    0.456127] system 00:04: [mem 0xfed18000-0xfed18fff] has been reserved
[    0.456128] system 00:04: [mem 0xfed19000-0xfed19fff] has been reserved
[    0.456130] system 00:04: [mem 0xe0000000-0xefffffff] could not be reserved
[    0.456131] system 00:04: [mem 0xfed20000-0xfed3ffff] has been reserved
[    0.456132] system 00:04: [mem 0xfed90000-0xfed93fff] could not be reserved
[    0.456133] system 00:04: [mem 0xfed45000-0xfed8ffff] has been reserved
[    0.456134] system 00:04: [mem 0xff000000-0xffffffff] could not be reserved
[    0.456135] system 00:04: [mem 0xfee00000-0xfeefffff] has been reserved
[    0.456138] system 00:04: Plug and Play ACPI device, IDs PNP0c02 (active)
[    0.456175] system 00:05: [mem 0x20000000-0x201fffff] could not be reserved
[    0.456176] system 00:05: [mem 0x40000000-0x401fffff] could not be reserved
[    0.456178] system 00:05: Plug and Play ACPI device, IDs PNP0c01 (active)
[    0.456289] pnp: PnP ACPI: found 6 devices
[    0.457116] pci 0000:07:00.0: assigning 8 device properties
[    0.457126] pci 0000:00:1b.0: assigning 4 device properties
[    0.457131] pci 0000:00:02.0: assigning 2 device properties
[    0.461699] clocksource: acpi_pm: mask: 0xffffff max_cycles: 0xffffff, max_idle_ns: 2085701024 ns
[    0.461731] pci 0000:06:00.0: bridge window [io  0x1000-0x0fff] to [bus 07] add_size 1000
[    0.461732] pci 0000:06:00.0: bridge window [mem 0x00100000-0x000fffff 64bit pref] to [bus 07] add_size 200000 add_align 100000
[    0.461743] pci 0000:06:04.0: bridge window [io  0x1000-0x0fff] to [bus 39] add_size 1000
[    0.461745] pci 0000:06:04.0: bridge window [mem 0x00100000-0x000fffff 64bit pref] to [bus 39] add_size 200000 add_align 100000
[    0.461746] pci 0000:06:04.0: bridge window [mem 0x00100000-0x000fffff] to [bus 39] add_size 200000 add_align 100000
[    0.461756] pci 0000:06:06.0: bridge window [io  0x1000-0x0fff] to [bus 6b] add_size 1000
[    0.461757] pci 0000:06:06.0: bridge window [mem 0x00100000-0x000fffff 64bit pref] to [bus 6b] add_size 200000 add_align 100000
[    0.461759] pci 0000:06:06.0: bridge window [mem 0x00100000-0x000fffff] to [bus 6b] add_size 200000 add_align 100000
[    0.461777] pci 0000:00:1c.0: bridge window [io  0x1000-0x0fff] to [bus 02] add_size 1000
[    0.461778] pci 0000:00:1c.0: bridge window [mem 0x00100000-0x000fffff 64bit pref] to [bus 02] add_size 200000 add_align 100000
[    0.461779] pci 0000:00:1c.0: bridge window [mem 0x00100000-0x000fffff] to [bus 02] add_size 200000 add_align 100000
[    0.461802] pci 0000:00:1c.0: BAR 14: assigned [mem 0x7fc00000-0x7fdfffff]
[    0.461809] pci 0000:00:1c.0: BAR 15: assigned [mem 0x7fe00000-0x7fffffff 64bit pref]
[    0.461811] pci 0000:00:1c.0: BAR 13: assigned [io  0x2000-0x2fff]
[    0.461813] pci 0000:00:01.0: PCI bridge to [bus 01]
[    0.461815] pci 0000:00:01.0:   bridge window [mem 0xa0b00000-0xa0bfffff]
[    0.461822] pci 0000:06:00.0: BAR 15: no space for [mem size 0x00200000 64bit pref]
[    0.461823] pci 0000:06:00.0: BAR 15: failed to assign [mem size 0x00200000 64bit pref]
[    0.461825] pci 0000:06:04.0: BAR 14: no space for [mem size 0x00200000]
[    0.461826] pci 0000:06:04.0: BAR 14: failed to assign [mem size 0x00200000]
[    0.461827] pci 0000:06:04.0: BAR 15: no space for [mem size 0x00200000 64bit pref]
[    0.461828] pci 0000:06:04.0: BAR 15: failed to assign [mem size 0x00200000 64bit pref]
[    0.461829] pci 0000:06:06.0: BAR 14: no space for [mem size 0x00200000]
[    0.461830] pci 0000:06:06.0: BAR 14: failed to assign [mem size 0x00200000]
[    0.461832] pci 0000:06:06.0: BAR 15: no space for [mem size 0x00200000 64bit pref]
[    0.461833] pci 0000:06:06.0: BAR 15: failed to assign [mem size 0x00200000 64bit pref]
[    0.461834] pci 0000:06:00.0: BAR 13: no space for [io  size 0x1000]
[    0.461835] pci 0000:06:00.0: BAR 13: failed to assign [io  size 0x1000]
[    0.461836] pci 0000:06:04.0: BAR 13: no space for [io  size 0x1000]
[    0.461837] pci 0000:06:04.0: BAR 13: failed to assign [io  size 0x1000]
[    0.461838] pci 0000:06:06.0: BAR 13: no space for [io  size 0x1000]
[    0.461839] pci 0000:06:06.0: BAR 13: failed to assign [io  size 0x1000]
[    0.461841] pci 0000:06:06.0: BAR 14: no space for [mem size 0x00200000]
[    0.461842] pci 0000:06:06.0: BAR 14: failed to assign [mem size 0x00200000]
[    0.461843] pci 0000:06:06.0: BAR 15: no space for [mem size 0x00200000 64bit pref]
[    0.461844] pci 0000:06:06.0: BAR 15: failed to assign [mem size 0x00200000 64bit pref]
[    0.461845] pci 0000:06:06.0: BAR 13: no space for [io  size 0x1000]
[    0.461846] pci 0000:06:06.0: BAR 13: failed to assign [io  size 0x1000]
[    0.461847] pci 0000:06:04.0: BAR 14: no space for [mem size 0x00200000]
[    0.461848] pci 0000:06:04.0: BAR 14: failed to assign [mem size 0x00200000]
[    0.461850] pci 0000:06:04.0: BAR 15: no space for [mem size 0x00200000 64bit pref]
[    0.461851] pci 0000:06:04.0: BAR 15: failed to assign [mem size 0x00200000 64bit pref]
[    0.461852] pci 0000:06:04.0: BAR 13: no space for [io  size 0x1000]
[    0.461853] pci 0000:06:04.0: BAR 13: failed to assign [io  size 0x1000]
[    0.461855] pci 0000:06:00.0: BAR 15: no space for [mem size 0x00200000 64bit pref]
[    0.461856] pci 0000:06:00.0: BAR 15: failed to assign [mem size 0x00200000 64bit pref]
[    0.461857] pci 0000:06:00.0: BAR 13: no space for [io  size 0x1000]
[    0.461857] pci 0000:06:00.0: BAR 13: failed to assign [io  size 0x1000]
[    0.461859] pci 0000:06:00.0: PCI bridge to [bus 07]
[    0.461862] pci 0000:06:00.0:   bridge window [mem 0xa0d00000-0xa0dfffff]
[    0.461868] pci 0000:06:03.0: PCI bridge to [bus 08-38]
[    0.461870] pci 0000:06:03.0:   bridge window [io  0x4000-0x4fff]
[    0.461873] pci 0000:06:03.0:   bridge window [mem 0xa0e00000-0xa4dfffff]
[    0.461875] pci 0000:06:03.0:   bridge window [mem 0xace00000-0xb0dfffff 64bit pref]
[    0.461879] pci 0000:06:04.0: PCI bridge to [bus 39]
[    0.461888] pci 0000:06:05.0: PCI bridge to [bus 3a-6a]
[    0.461889] pci 0000:06:05.0:   bridge window [io  0x5000-0x5fff]
[    0.461892] pci 0000:06:05.0:   bridge window [mem 0xa4e00000-0xa8dfffff]
[    0.461895] pci 0000:06:05.0:   bridge window [mem 0xb0e00000-0xb4dfffff 64bit pref]
[    0.461899] pci 0000:06:06.0: PCI bridge to [bus 6b]
[    0.461907] pci 0000:05:00.0: PCI bridge to [bus 06-6b]
[    0.461909] pci 0000:05:00.0:   bridge window [io  0x4000-0x5fff]
[    0.461912] pci 0000:05:00.0:   bridge window [mem 0xa0d00000-0xa8dfffff]
[    0.461914] pci 0000:05:00.0:   bridge window [mem 0xace00000-0xb4dfffff 64bit pref]
[    0.461918] pci 0000:00:01.1: PCI bridge to [bus 05-9b]
[    0.461919] pci 0000:00:01.1:   bridge window [io  0x4000-0x6fff]
[    0.461921] pci 0000:00:01.1:   bridge window [mem 0xa0d00000-0xacdfffff]
[    0.461923] pci 0000:00:01.1:   bridge window [mem 0xace00000-0xb8dfffff 64bit pref]
[    0.461925] pci 0000:00:1c.0: PCI bridge to [bus 02]
[    0.461932] pci 0000:00:1c.0:   bridge window [io  0x2000-0x2fff]
[    0.461936] pci 0000:00:1c.0:   bridge window [mem 0x7fc00000-0x7fdfffff]
[    0.461940] pci 0000:00:1c.0:   bridge window [mem 0x7fe00000-0x7fffffff 64bit pref]
[    0.461945] pci 0000:00:1c.2: PCI bridge to [bus 03]
[    0.461948] pci 0000:00:1c.2:   bridge window [mem 0xa0400000-0xa08fffff]
[    0.461955] pci 0000:00:1c.3: PCI bridge to [bus 04]
[    0.461959] pci 0000:00:1c.3:   bridge window [mem 0xa0900000-0xa0afffff]
[    0.461963] pci 0000:00:1c.3:   bridge window [mem 0x80000000-0x8fffffff 64bit pref]
[    0.461969] pci_bus 0000:00: resource 4 [io  0x0000-0x0cf7 window]
[    0.461970] pci_bus 0000:00: resource 5 [io  0x0d00-0xffff window]
[    0.461971] pci_bus 0000:00: resource 6 [mem 0x000a0000-0x000bffff window]
[    0.461972] pci_bus 0000:00: resource 7 [mem 0x000c0000-0x000c3fff window]
[    0.461973] pci_bus 0000:00: resource 8 [mem 0x000c4000-0x000c7fff window]
[    0.461974] pci_bus 0000:00: resource 9 [mem 0x000c8000-0x000cbfff window]
[    0.461975] pci_bus 0000:00: resource 10 [mem 0x000cc000-0x000cffff window]
[    0.461976] pci_bus 0000:00: resource 11 [mem 0x000d0000-0x000d3fff window]
[    0.461977] pci_bus 0000:00: resource 12 [mem 0x000d4000-0x000d7fff window]
[    0.461978] pci_bus 0000:00: resource 13 [mem 0x000d8000-0x000dbfff window]
[    0.461978] pci_bus 0000:00: resource 14 [mem 0x000dc000-0x000dffff window]
[    0.461979] pci_bus 0000:00: resource 15 [mem 0x000e0000-0x000e3fff window]
[    0.461980] pci_bus 0000:00: resource 16 [mem 0x000e4000-0x000e7fff window]
[    0.461981] pci_bus 0000:00: resource 17 [mem 0x000e8000-0x000ebfff window]
[    0.461982] pci_bus 0000:00: resource 18 [mem 0x000ec000-0x000effff window]
[    0.461983] pci_bus 0000:00: resource 19 [mem 0x000f0000-0x000fffff window]
[    0.461984] pci_bus 0000:00: resource 20 [mem 0x7fa00000-0xfeafffff window]
[    0.461985] pci_bus 0000:00: resource 21 [mem 0xfed40000-0xfed44fff window]
[    0.461986] pci_bus 0000:01: resource 1 [mem 0xa0b00000-0xa0bfffff]
[    0.461987] pci_bus 0000:05: resource 0 [io  0x4000-0x6fff]
[    0.461988] pci_bus 0000:05: resource 1 [mem 0xa0d00000-0xacdfffff]
[    0.461989] pci_bus 0000:05: resource 2 [mem 0xace00000-0xb8dfffff 64bit pref]
[    0.461990] pci_bus 0000:06: resource 0 [io  0x4000-0x5fff]
[    0.461991] pci_bus 0000:06: resource 1 [mem 0xa0d00000-0xa8dfffff]
[    0.461992] pci_bus 0000:06: resource 2 [mem 0xace00000-0xb4dfffff 64bit pref]
[    0.461993] pci_bus 0000:07: resource 1 [mem 0xa0d00000-0xa0dfffff]
[    0.461994] pci_bus 0000:08: resource 0 [io  0x4000-0x4fff]
[    0.461995] pci_bus 0000:08: resource 1 [mem 0xa0e00000-0xa4dfffff]
[    0.461996] pci_bus 0000:08: resource 2 [mem 0xace00000-0xb0dfffff 64bit pref]
[    0.461997] pci_bus 0000:3a: resource 0 [io  0x5000-0x5fff]
[    0.461998] pci_bus 0000:3a: resource 1 [mem 0xa4e00000-0xa8dfffff]
[    0.461999] pci_bus 0000:3a: resource 2 [mem 0xb0e00000-0xb4dfffff 64bit pref]
[    0.462000] pci_bus 0000:02: resource 0 [io  0x2000-0x2fff]
[    0.462001] pci_bus 0000:02: resource 1 [mem 0x7fc00000-0x7fdfffff]
[    0.462002] pci_bus 0000:02: resource 2 [mem 0x7fe00000-0x7fffffff 64bit pref]
[    0.462003] pci_bus 0000:03: resource 1 [mem 0xa0400000-0xa08fffff]
[    0.462004] pci_bus 0000:04: resource 1 [mem 0xa0900000-0xa0afffff]
[    0.462005] pci_bus 0000:04: resource 2 [mem 0x80000000-0x8fffffff 64bit pref]
[    0.462105] NET: Registered protocol family 2
[    0.462218] tcp_listen_portaddr_hash hash table entries: 8192 (order: 5, 131072 bytes)
[    0.462262] TCP established hash table entries: 131072 (order: 8, 1048576 bytes)
[    0.462415] TCP bind hash table entries: 65536 (order: 8, 1048576 bytes)
[    0.462535] TCP: Hash tables configured (established 131072 bind 65536)
[    0.462565] UDP hash table entries: 8192 (order: 6, 262144 bytes)
[    0.462601] UDP-Lite hash table entries: 8192 (order: 6, 262144 bytes)
[    0.462668] NET: Registered protocol family 1
[    0.462672] NET: Registered protocol family 44
[    0.462680] pci 0000:00:02.0: Video device with shadowed ROM at [mem 0x000c0000-0x000dffff]
[    0.462908] PCI: CLS 256 bytes, default 64
[    0.462934] Unpacking initramfs...
[    1.588631] Freeing initrd memory: 92836K
[    1.590394] PCI-DMA: Using software bounce buffering for IO (SWIOTLB)
[    1.590396] software IO TLB: mapped [mem 0x5f070000-0x63070000] (64MB)
[    1.592721] Initialise system trusted keyrings
[    1.592732] Key type blacklist registered
[    1.592766] workingset: timestamp_bits=36 max_order=22 bucket_order=0
[    1.593775] zbud: loaded
[    1.724946] alg: No test for 842 (842-generic)
[    1.725530] alg: No test for 842 (842-scomp)
[    1.746229] NET: Registered protocol family 38
[    1.746231] Key type asymmetric registered
[    1.746231] Asymmetric key parser 'x509' registered
[    1.746241] Block layer SCSI generic (bsg) driver version 0.4 loaded (major 243)
[    1.746267] io scheduler mq-deadline registered
[    1.746323] atomic64_test: passed for x86-64 platform with CX8 and with SSE
[    1.746698] pciehp 0000:00:1c.0:pcie004: Slot #0 AttnBtn- PwrCtrl- MRL- AttnInd- PwrInd- HotPlug+ Surprise+ Interlock- NoCompl+ LLActRep+
[    1.747172] pciehp 0000:06:00.0:pcie204: Slot #0 AttnBtn- PwrCtrl- MRL- AttnInd- PwrInd- HotPlug+ Surprise+ Interlock- NoCompl+ LLActRep+
[    1.747315] pciehp 0000:06:03.0:pcie204: Slot #3 AttnBtn- PwrCtrl- MRL- AttnInd- PwrInd- HotPlug+ Surprise+ Interlock- NoCompl+ LLActRep+
[    1.747464] pciehp 0000:06:04.0:pcie204: Slot #4 AttnBtn- PwrCtrl- MRL- AttnInd- PwrInd- HotPlug+ Surprise+ Interlock- NoCompl+ LLActRep+
[    1.747609] pciehp 0000:06:05.0:pcie204: Slot #5 AttnBtn- PwrCtrl- MRL- AttnInd- PwrInd- HotPlug+ Surprise+ Interlock- NoCompl+ LLActRep+
[    1.747755] pciehp 0000:06:06.0:pcie204: Slot #6 AttnBtn- PwrCtrl- MRL- AttnInd- PwrInd- HotPlug+ Surprise+ Interlock- NoCompl+ LLActRep+
[    1.747832] shpchp: Standard Hot Plug PCI Controller Driver version: 0.4
[    1.747846] efifb: probing for efifb
[    1.747858] efifb: No BGRT, not showing boot graphics
[    1.747859] efifb: framebuffer at 0x90000000, using 20700k, total 20700k
[    1.747860] efifb: mode is 2880x1800x32, linelength=11776, pages=1
[    1.747860] efifb: scrolling: redraw
[    1.747862] efifb: Truecolor: size=8:8:8:8, shift=24:16:8:0
[    1.747891] fbcon: Deferring console take-over
[    1.747892] fb0: EFI VGA frame buffer device
[    1.747897] intel_idle: MWAIT substates: 0x42120
[    1.747898] intel_idle: v0.4.1 model 0x46
[    1.748139] intel_idle: lapic_timer_reliable_states 0xffffffff
[    1.748233] ACPI: AC Adapter [ADP1] (on-line)
[    1.748275] input: Lid Switch as /devices/LNXSYSTM:00/LNXSYBUS:00/PNP0C0D:00/input/input0
[    1.748301] ACPI: Lid Switch [LID0]
[    1.748332] input: Power Button as /devices/LNXSYSTM:00/LNXSYBUS:00/PNP0C0C:00/input/input1
[    1.748338] ACPI: Power Button [PWRB]
[    1.748372] input: Sleep Button as /devices/LNXSYSTM:00/LNXSYBUS:00/PNP0C0E:00/input/input2
[    1.748377] ACPI: Sleep Button [SLPB]
[    1.748406] input: Power Button as /devices/LNXSYSTM:00/LNXPWRBN:00/input/input3
[    1.748415] ACPI: Power Button [PWRF]
[    1.749419] Serial: 8250/16550 driver, 32 ports, IRQ sharing enabled
[    1.750789] Non-volatile memory driver v1.3
[    1.750821] Linux agpgart interface v0.103
[    1.751445] ahci 0000:01:00.0: version 3.0
[    1.782073] ahci 0000:01:00.0: AHCI 0001.0300 32 slots 1 ports 6 Gbps 0x1 impl SATA mode
[    1.782076] ahci 0000:01:00.0: flags: 64bit ncq led clo only pio ccc 
[    1.782576] scsi host0: ahci
[    1.782671] ata1: SATA max UDMA/133 abar m8192@0xa0b00000 port 0xa0b00100 irq 33
[    1.782754] libphy: Fixed MDIO Bus: probed
[    1.782893] ehci_hcd: USB 2.0 'Enhanced' Host Controller (EHCI) Driver
[    1.782897] ehci-pci: EHCI PCI platform driver
[    1.782914] ohci_hcd: USB 1.1 'Open' Host Controller (OHCI) Driver
[    1.782916] ohci-pci: OHCI PCI platform driver
[    1.782924] uhci_hcd: USB Universal Host Controller Interface driver
[    1.783100] xhci_hcd 0000:00:14.0: xHCI Host Controller
[    1.783228] xhci_hcd 0000:00:14.0: new USB bus registered, assigned bus number 1
[    1.784304] xhci_hcd 0000:00:14.0: hcc params 0x200077c1 hci version 0x100 quirks 0x0000000000009890
[    1.784310] xhci_hcd 0000:00:14.0: cache line size of 256 is not supported
[    1.784570] usb usb1: New USB device found, idVendor=1d6b, idProduct=0002, bcdDevice= 5.00
[    1.784571] usb usb1: New USB device strings: Mfr=3, Product=2, SerialNumber=1
[    1.784572] usb usb1: Product: xHCI Host Controller
[    1.784573] usb usb1: Manufacturer: Linux 5.0.0-rc6+ xhci-hcd
[    1.784574] usb usb1: SerialNumber: 0000:00:14.0
[    1.784723] hub 1-0:1.0: USB hub found
[    1.784744] hub 1-0:1.0: 14 ports detected
[    1.785017] xhci_hcd 0000:00:14.0: xHCI Host Controller
[    1.785084] xhci_hcd 0000:00:14.0: new USB bus registered, assigned bus number 2
[    1.785086] xhci_hcd 0000:00:14.0: Host supports USB 3.0  SuperSpeed
[    1.785121] usb usb2: New USB device found, idVendor=1d6b, idProduct=0003, bcdDevice= 5.00
[    1.785122] usb usb2: New USB device strings: Mfr=3, Product=2, SerialNumber=1
[    1.785123] usb usb2: Product: xHCI Host Controller
[    1.785123] usb usb2: Manufacturer: Linux 5.0.0-rc6+ xhci-hcd
[    1.785124] usb usb2: SerialNumber: 0000:00:14.0
[    1.785198] hub 2-0:1.0: USB hub found
[    1.785213] hub 2-0:1.0: 6 ports detected
[    1.785241] usb: port power management may be unreliable
[    1.785352] usbcore: registered new interface driver usbserial_generic
[    1.785355] usbserial: USB Serial support registered for generic
[    1.785398] i8042: PNP: No PS/2 controller found.
[    1.785456] mousedev: PS/2 mouse device common for all mice
[    1.785691] rtc_cmos 00:02: RTC can wake from S4
[    1.785836] rtc_cmos 00:02: registered as rtc0
[    1.785837] rtc_cmos 00:02: alarms up to one month, y3k, 242 bytes nvram, hpet irqs
[    1.785891] device-mapper: uevent: version 1.0.3
[    1.785960] device-mapper: ioctl: 4.39.0-ioctl (2018-04-03) initialised: dm-devel@redhat.com
[    1.786031] intel_pstate: Intel P-state driver initializing
[    1.786565] hidraw: raw HID events driver (C) Jiri Kosina
[    1.786643] usbcore: registered new interface driver usbhid
[    1.786645] usbhid: USB HID core driver
[    1.786910] drop_monitor: Initializing network drop monitor service
[    1.787260] Initializing XFRM netlink socket
[    1.787563] NET: Registered protocol family 10
[    1.796813] Segment Routing with IPv6
[    1.796862] mip6: Mobile IPv6
[    1.796866] NET: Registered protocol family 17
[    1.798454] RAS: Correctable Errors collector initialized.
[    1.798533] microcode: sig=0x40661, pf=0x20, revision=0x1a
[    1.798817] microcode: Microcode Update Driver: v2.2.
[    1.798837] AVX2 version of gcm_enc/dec engaged.
[    1.798838] AES CTR mode by8 optimization enabled
[    1.836104] sched_clock: Marking stable (1835829482, 255239)->(1920621174, -84536453)
[    1.836374] registered taskstats version 1
[    1.836381] Loading compiled-in X.509 certificates
[    1.867880] Loaded X.509 cert 'Build time autogenerated kernel key: 307e4e8a55fe74f83f10b61aeadbf24a5fc6325b'
[    1.867907] zswap: loaded using pool lzo/zbud
[    1.873012] Key type big_key registered
[    1.875261] Key type encrypted registered
[    1.875269] ima: No TPM chip found, activating TPM-bypass!
[    1.875276] ima: Allocated hash algorithm: sha1
[    1.875281] No architecture policies found
[    1.875794]   Magic number: 7:633:967
[    1.875923] rtc_cmos 00:02: setting system clock to 2019-02-12T03:59:49 UTC (1549943989)
[    2.104649] usb 2-4: new SuperSpeed Gen 1 USB device number 2 using xhci_hcd
[    2.117010] ata1: SATA link up 6.0 Gbps (SStatus 133 SControl 300)
[    2.118923] ata1.00: unexpected _GTF length (8)
[    2.119160] ata1.00: ATA-8: APPLE SSD SM0256G, BXW1SA0Q, max UDMA/133
[    2.119162] ata1.00: 490234752 sectors, multi 16: LBA48 NCQ (depth 32), AA
[    2.119175] usb 2-4: New USB device found, idVendor=05ac, idProduct=8406, bcdDevice= 8.20
[    2.119177] usb 2-4: New USB device strings: Mfr=3, Product=4, SerialNumber=5
[    2.119179] usb 2-4: Product: Card Reader
[    2.119181] usb 2-4: Manufacturer: Apple
[    2.119182] usb 2-4: SerialNumber: 000000000820
[    2.119482] ata1.00: unexpected _GTF length (8)
[    2.119565] ata1.00: configured for UDMA/133
[    2.119785] scsi 0:0:0:0: Direct-Access     ATA      APPLE SSD SM0256 SA0Q PQ: 0 ANSI: 5
[    2.120004] sd 0:0:0:0: Attached scsi generic sg0 type 0
[    2.120040] sd 0:0:0:0: [sda] 490234752 512-byte logical blocks: (251 GB/234 GiB)
[    2.120042] sd 0:0:0:0: [sda] 4096-byte physical blocks
[    2.120059] sd 0:0:0:0: [sda] Write Protect is off
[    2.120061] sd 0:0:0:0: [sda] Mode Sense: 00 3a 00 00
[    2.120083] sd 0:0:0:0: [sda] Write cache: enabled, read cache: enabled, doesn't support DPO or FUA
[    2.121509]  sda: sda1 sda2 sda3 sda4
[    2.122118] sd 0:0:0:0: [sda] Attached SCSI disk
[    2.123090] Freeing unused decrypted memory: 2040K
[    2.123438] Freeing unused kernel image memory: 2152K
[    2.137448] Write protecting the kernel read-only data: 18432k
[    2.138009] Freeing unused kernel image memory: 2020K
[    2.138111] Freeing unused kernel image memory: 68K
[    2.148896] x86/mm: Checked W+X mappings: passed, no W+X pages found.
[    2.148901] rodata_test: all tests were successful
[    2.148902] x86/mm: Checking user space page tables
[    2.157516] x86/mm: Checked W+X mappings: passed, no W+X pages found.
[    2.157518] Run /init as init process
[    2.231391] usb 1-8: new full-speed USB device number 2 using xhci_hcd
[    2.258811] systemd[1]: systemd 239 running in system mode. (+PAM +AUDIT +SELINUX +IMA -APPARMOR +SMACK +SYSVINIT +UTMP +LIBCRYPTSETUP +GCRYPT +GNUTLS +ACL +XZ +LZ4 +SECCOMP +BLKID +ELFUTILS +KMOD +IDN2 -IDN +PCRE2 default-hierarchy=hybrid)
[    2.270503] systemd[1]: Detected architecture x86-64.
[    2.270507] systemd[1]: Running in initial RAM disk.
[    2.274749] systemd[1]: Set hostname to <im-mac>.
[    2.325033] systemd[1]: Listening on Journal Audit Socket.
[    2.325132] systemd[1]: Listening on udev Control Socket.
[    2.326268] systemd[1]: Created slice system-systemd\x2dcryptsetup.slice.
[    2.326277] systemd[1]: Reached target Slices.
[    2.326341] systemd[1]: Listening on Journal Socket.
[    2.326538] systemd[1]: Created slice system-systemd\x2dhibernate\x2dresume.slice.
[    2.360291] usb 1-8: New USB device found, idVendor=05ac, idProduct=8290, bcdDevice= 1.61
[    2.360293] usb 1-8: New USB device strings: Mfr=1, Product=2, SerialNumber=0
[    2.360294] usb 1-8: Product: Bluetooth USB Host Controller
[    2.360295] usb 1-8: Manufacturer: Broadcom Corp.
[    2.363381] input: Broadcom Corp. Bluetooth USB Host Controller as /devices/pci0000:00/0000:00:14.0/usb1/1-8/1-8:1.0/0003:05AC:8290.0001/input/input4
[    2.373007] audit: type=1130 audit(1549943989.996:2): pid=1 uid=0 auid=4294967295 ses=4294967295 subj=kernel msg='unit=systemd-journald comm="systemd" exe="/usr/lib/systemd/systemd" hostname=? addr=? terminal=? res=success'
[    2.378922] audit: type=1130 audit(1549943990.002:3): pid=1 uid=0 auid=4294967295 ses=4294967295 subj=kernel msg='unit=systemd-vconsole-setup comm="systemd" exe="/usr/lib/systemd/systemd" hostname=? addr=? terminal=? res=success'
[    2.378924] audit: type=1131 audit(1549943990.002:4): pid=1 uid=0 auid=4294967295 ses=4294967295 subj=kernel msg='unit=systemd-vconsole-setup comm="systemd" exe="/usr/lib/systemd/systemd" hostname=? addr=? terminal=? res=success'
[    2.415543] hid-generic 0003:05AC:8290.0001: input,hidraw0: USB HID v1.11 Keyboard [Broadcom Corp. Bluetooth USB Host Controller] on usb-0000:00:14.0-8/input0
[    2.416114] input: Broadcom Corp. Bluetooth USB Host Controller as /devices/pci0000:00/0000:00:14.0/usb1/1-8/1-8:1.1/0003:05AC:8290.0002/input/input5
[    2.416212] hid-generic 0003:05AC:8290.0002: input,hidraw1: USB HID v1.11 Mouse [Broadcom Corp. Bluetooth USB Host Controller] on usb-0000:00:14.0-8/input1
[    2.531402] usb 1-12: new full-speed USB device number 3 using xhci_hcd
[    2.553876] audit: type=1130 audit(1549943990.177:5): pid=1 uid=0 auid=4294967295 ses=4294967295 subj=kernel msg='unit=dracut-cmdline comm="systemd" exe="/usr/lib/systemd/systemd" hostname=? addr=? terminal=? res=success'
[    2.583965] audit: type=1130 audit(1549943990.207:6): pid=1 uid=0 auid=4294967295 ses=4294967295 subj=kernel msg='unit=dracut-pre-udev comm="systemd" exe="/usr/lib/systemd/systemd" hostname=? addr=? terminal=? res=success'
[    2.602141] audit: type=1130 audit(1549943990.225:7): pid=1 uid=0 auid=4294967295 ses=4294967295 subj=kernel msg='unit=systemd-udevd comm="systemd" exe="/usr/lib/systemd/systemd" hostname=? addr=? terminal=? res=success'
[    2.622371] tsc: Refined TSC clocksource calibration: 2194.905 MHz
[    2.622377] clocksource: tsc: mask: 0xffffffffffffffff max_cycles: 0x1fa36608846, max_idle_ns: 440795317706 ns
[    2.622392] clocksource: Switched to clocksource tsc
[    2.660981] audit: type=1130 audit(1549943990.283:8): pid=1 uid=0 auid=4294967295 ses=4294967295 subj=kernel msg='unit=systemd-udev-trigger comm="systemd" exe="/usr/lib/systemd/systemd" hostname=? addr=? terminal=? res=success'
[    2.665523] usb 1-12: New USB device found, idVendor=05ac, idProduct=0274, bcdDevice= 6.24
[    2.665526] usb 1-12: New USB device strings: Mfr=1, Product=2, SerialNumber=3
[    2.665528] usb 1-12: Product: Apple Internal Keyboard / Trackpad
[    2.665529] usb 1-12: Manufacturer: Apple Inc.
[    2.665530] usb 1-12: SerialNumber: D3H61830CG1FTV4A16PF
[    2.676739] audit: type=1130 audit(1549943990.299:9): pid=1 uid=0 auid=4294967295 ses=4294967295 subj=kernel msg='unit=plymouth-start comm="systemd" exe="/usr/lib/systemd/systemd" hostname=? addr=? terminal=? res=success'
[    2.704325] usb-storage 2-4:1.0: USB Mass Storage device detected
[    2.705013] scsi host1: usb-storage 2-4:1.0
[    2.705119] usbcore: registered new interface driver usb-storage
[    2.712448] usbcore: registered new interface driver uas
[    2.718809] apple 0003:05AC:0274.0003: hiddev96,hidraw2: USB HID v1.10 Device [Apple Inc. Apple Internal Keyboard / Trackpad] on usb-0000:00:14.0-12/input0
[    2.719038] input: Apple Inc. Apple Internal Keyboard / Trackpad as /devices/pci0000:00/0000:00:14.0/usb1/1-12/1-12:1.1/0003:05AC:0274.0004/input/input6
[    2.770585] apple 0003:05AC:0274.0004: input,hiddev97,hidraw3: USB HID v1.10 Keyboard [Apple Inc. Apple Internal Keyboard / Trackpad] on usb-0000:00:14.0-12/input1
[    2.770715] apple 0003:05AC:0274.0005: hiddev98,hidraw4: USB HID v1.10 Device [Apple Inc. Apple Internal Keyboard / Trackpad] on usb-0000:00:14.0-12/input3
[    2.770795] apple 0003:05AC:0274.0006: hiddev99,hidraw5: USB HID v1.10 Device [Apple Inc. Apple Internal Keyboard / Trackpad] on usb-0000:00:14.0-12/input4
[    2.847174] audit: type=1130 audit(1549943990.469:10): pid=1 uid=0 auid=4294967295 ses=4294967295 subj=kernel msg='unit=systemd-ask-password-plymouth comm="systemd" exe="/usr/lib/systemd/systemd" hostname=? addr=? terminal=? res=success'
[    2.987039] VFIO - User Level meta-driver version: 0.3
[    3.566140] [drm] Found 128MB of eDRAM
[    3.566280] checking generic (90000000 1437000) vs hw (90000000 10000000)
[    3.566281] fb0: switching to inteldrmfb from EFI VGA
[    3.566333] [drm] Replacing VGA console driver
[    3.566869] [drm] Supports vblank timestamp caching Rev 2 (21.10.2013).
[    3.566870] [drm] Driver supports precise vblank timestamp query.
[    3.566912] i915 0000:00:02.0: vgaarb: changed VGA decodes: olddecodes=io+mem,decodes=io+mem:owns=io+mem
[    3.583833] [drm] Initialized i915 1.6.0 20181204 for 0000:00:02.0 on minor 0
[    3.584729] ACPI: Video Device [IGPU] (multi-head: yes  rom: no  post: no)
[    3.585249] acpi device:57: registered as cooling_device8
[    3.585318] input: Video Bus as /devices/LNXSYSTM:00/LNXSYBUS:00/PNP0A08:00/LNXVIDEO:00/input/input7
[    3.591711] fbcon: inteldrmfb (fb0) is primary device
[    3.591712] fbcon: Deferring console take-over
[    3.591715] i915 0000:00:02.0: fb0: inteldrmfb frame buffer device
[    3.712594] scsi 1:0:0:0: Direct-Access     APPLE    SD Card Reader   3.00 PQ: 0 ANSI: 6
[    3.712922] sd 1:0:0:0: Attached scsi generic sg1 type 0
[    3.714051] sd 1:0:0:0: [sdb] Attached SCSI removable disk
[   10.925464] device-mapper: crypt: xts(aes) using implementation "xts-aes-aesni"
[   10.977650] kauditd_printk_skb: 2 callbacks suppressed
[   10.977652] audit: type=1130 audit(1549943998.600:13): pid=1 uid=0 auid=4294967295 ses=4294967295 subj=kernel msg='unit=systemd-cryptsetup@luks\x2ddd1fa933\x2def9f\x2d402b\x2da2e4\x2d7c9d6fb7ce0d comm="systemd" exe="/usr/lib/systemd/systemd" hostname=? addr=? terminal=? res=success'
[   11.230252] PM: Image not found (code -22)
[   11.231216] audit: type=1130 audit(1549943998.853:14): pid=1 uid=0 auid=4294967295 ses=4294967295 subj=kernel msg='unit=systemd-hibernate-resume@dev-mapper-im\x2d\x2dmac\x2dswap comm="systemd" exe="/usr/lib/systemd/systemd" hostname=? addr=? terminal=? res=success'
[   11.231219] audit: type=1131 audit(1549943998.853:15): pid=1 uid=0 auid=4294967295 ses=4294967295 subj=kernel msg='unit=systemd-hibernate-resume@dev-mapper-im\x2d\x2dmac\x2dswap comm="systemd" exe="/usr/lib/systemd/systemd" hostname=? addr=? terminal=? res=success'
[   11.239132] audit: type=1130 audit(1549943998.861:16): pid=1 uid=0 auid=4294967295 ses=4294967295 subj=kernel msg='unit=systemd-tmpfiles-setup comm="systemd" exe="/usr/lib/systemd/systemd" hostname=? addr=? terminal=? res=success'
[   11.260997] audit: type=1130 audit(1549943998.883:17): pid=1 uid=0 auid=4294967295 ses=4294967295 subj=kernel msg='unit=dracut-initqueue comm="systemd" exe="/usr/lib/systemd/systemd" hostname=? addr=? terminal=? res=success'
[   11.277983] audit: type=1130 audit(1549943998.900:18): pid=1 uid=0 auid=4294967295 ses=4294967295 subj=kernel msg='unit=systemd-fsck-root comm="systemd" exe="/usr/lib/systemd/systemd" hostname=? addr=? terminal=? res=success'
[   11.594562] SGI XFS with ACLs, security attributes, scrub, no debug enabled
[   11.597768] XFS (dm-1): Mounting V5 Filesystem
[   11.608500] XFS (dm-1): Ending clean mount
[   11.722140] audit: type=1130 audit(1549943999.344:19): pid=1 uid=0 auid=4294967295 ses=4294967295 subj=kernel msg='unit=initrd-parse-etc comm="systemd" exe="/usr/lib/systemd/systemd" hostname=? addr=? terminal=? res=success'
[   11.722153] audit: type=1131 audit(1549943999.344:20): pid=1 uid=0 auid=4294967295 ses=4294967295 subj=kernel msg='unit=initrd-parse-etc comm="systemd" exe="/usr/lib/systemd/systemd" hostname=? addr=? terminal=? res=success'
[   11.863172] audit: type=1130 audit(1549943999.485:21): pid=1 uid=0 auid=4294967295 ses=4294967295 subj=kernel msg='unit=dracut-pre-pivot comm="systemd" exe="/usr/lib/systemd/systemd" hostname=? addr=? terminal=? res=success'
[   11.873058] audit: type=1131 audit(1549943999.495:22): pid=1 uid=0 auid=4294967295 ses=4294967295 subj=kernel msg='unit=dracut-pre-pivot comm="systemd" exe="/usr/lib/systemd/systemd" hostname=? addr=? terminal=? res=success'
[   11.967100] systemd-journald[308]: Received SIGTERM from PID 1 (systemd).
[   11.997250] printk: systemd: 14 output lines suppressed due to ratelimiting
[   12.443105] SELinux:  Class xdp_socket not defined in policy.
[   12.443106] SELinux: the above unknown classes and permissions will be allowed
[   12.443109] SELinux:  policy capability network_peer_controls=1
[   12.443109] SELinux:  policy capability open_perms=1
[   12.443110] SELinux:  policy capability extended_socket_class=1
[   12.443110] SELinux:  policy capability always_check_network=0
[   12.443111] SELinux:  policy capability cgroup_seclabel=1
[   12.443111] SELinux:  policy capability nnp_nosuid_transition=1
[   12.463969] systemd[1]: Successfully loaded SELinux policy in 392.992ms.
[   12.501620] systemd[1]: Relabelled /dev, /run and /sys/fs/cgroup in 24.627ms.
[   12.503756] systemd[1]: systemd 239 running in system mode. (+PAM +AUDIT +SELINUX +IMA -APPARMOR +SMACK +SYSVINIT +UTMP +LIBCRYPTSETUP +GCRYPT +GNUTLS +ACL +XZ +LZ4 +SECCOMP +BLKID +ELFUTILS +KMOD +IDN2 -IDN +PCRE2 default-hierarchy=hybrid)
[   12.515550] systemd[1]: Detected architecture x86-64.
[   12.517173] systemd[1]: Set hostname to <im-mac>.
[   12.541860] systemd-sysv-generator[900]: stat() failed on /etc/rc.d/init.d/jexec, ignoring: No such file or directory
[   12.725356] systemd[1]: Stopped Switch Root.
[   12.725570] systemd[1]: systemd-journald.service: Service has no hold-off time (RestartSec=0), scheduling restart.
[   12.725628] systemd[1]: systemd-journald.service: Scheduled restart job, restart counter is at 1.
[   12.725646] systemd[1]: Stopped Journal Service.
[   12.726692] systemd[1]: Starting Journal Service...
[   12.726958] systemd[1]: Created slice User and Session Slice.
[   12.727198] systemd[1]: Created slice system-sshd\x2dkeygen.slice.
[   12.735316] Adding 4194300k swap on /dev/mapper/im--mac-swap.  Priority:-2 extents:1 across:4194300k SSFS
[   12.773021] systemd-journald[908]: Received request to flush runtime journal from PID 1
[   12.942265] smbus_hc ACPI0001:00: SBS HC: offset = 0x20, query_bit = 0x10
[   12.942837] apple_gmux: gmux device not present
[   12.981257] ACPI Warning: SystemIO range 0x0000000000000840-0x000000000000084F conflicts with OpRegion 0x0000000000000800-0x0000000000000863 (\GPIO) (20181213/utaddress-213)
[   12.981263] ACPI: If an ACPI driver is available for this device, you should use it instead of the native driver
[   12.981264] ACPI Warning: SystemIO range 0x0000000000000830-0x000000000000083F conflicts with OpRegion 0x0000000000000800-0x0000000000000863 (\GPIO) (20181213/utaddress-213)
[   12.981267] ACPI: If an ACPI driver is available for this device, you should use it instead of the native driver
[   12.981269] ACPI Warning: SystemIO range 0x0000000000000800-0x000000000000082F conflicts with OpRegion 0x0000000000000810-0x0000000000000813 (\_PR.IO_D) (20181213/utaddress-213)
[   12.981272] ACPI Warning: SystemIO range 0x0000000000000800-0x000000000000082F conflicts with OpRegion 0x0000000000000800-0x0000000000000863 (\GPIO) (20181213/utaddress-213)
[   12.981275] ACPI Warning: SystemIO range 0x0000000000000800-0x000000000000082F conflicts with OpRegion 0x0000000000000810-0x0000000000000813 (\IO_D) (20181213/utaddress-213)
[   12.981278] ACPI Warning: SystemIO range 0x0000000000000800-0x000000000000082F conflicts with OpRegion 0x0000000000000800-0x000000000000080F (\IO_T) (20181213/utaddress-213)
[   12.981281] ACPI: If an ACPI driver is available for this device, you should use it instead of the native driver
[   12.981282] lpc_ich: Resource conflict(s) found affecting gpio_ich
[   12.981580] i801_smbus 0000:00:1f.3: SPD Write Disable is set
[   12.981608] i801_smbus 0000:00:1f.3: SMBus using PCI interrupt
[   13.088986] ACPI: Smart Battery System [SBS0]: Battery Slot [BAT0] (battery present)
[   13.154456] input: bcm5974 as /devices/pci0000:00/0000:00:14.0/usb1/1-12/1-12:1.2/input/input8
[   13.154647] usbcore: registered new interface driver bcm5974
[   13.158936] cfg80211: Loading compiled-in X.509 certificates for regulatory database
[   13.159311] thunderbolt 0000:07:00.0: 0:1: is unplugged (state: 7)
[   13.159432] thunderbolt 0000:07:00.0: 0:3: is unplugged (state: 7)
[   13.159832] cfg80211: Loaded X.509 cert 'sforshee: 00b28ddf47aef9cea7'
[   13.185147] RAPL PMU: API unit is 2^-32 Joules, 4 fixed counters, 655360 ms ovfl timer
[   13.185148] RAPL PMU: hw unit of domain pp0-core 2^-14 Joules
[   13.185149] RAPL PMU: hw unit of domain package 2^-14 Joules
[   13.185150] RAPL PMU: hw unit of domain dram 2^-14 Joules
[   13.185150] RAPL PMU: hw unit of domain pp1-gpu 2^-14 Joules
[   13.309884] iTCO_vendor_support: vendor-support=0
[   13.323539] iTCO_wdt: Intel TCO WatchDog Timer Driver v1.11
[   13.323586] iTCO_wdt: unable to reset NO_REBOOT flag, device disabled by hardware/BIOS
[   13.353880] Bluetooth: Core ver 2.22
[   13.353901] NET: Registered protocol family 31
[   13.353902] Bluetooth: HCI device and connection manager initialized
[   13.353906] Bluetooth: HCI socket layer initialized
[   13.353907] Bluetooth: L2CAP socket layer initialized
[   13.353911] Bluetooth: SCO socket layer initialized
[   13.380663] applesmc: key=719 fan=2 temp=48 index=43 acc=0 lux=2 kbd=1
[   13.382355] applesmc applesmc.768: hwmon_device_register() is deprecated. Please convert the driver to use hwmon_device_register_with_info().
[   13.390114] snd_hda_intel 0000:00:03.0: Linked as a consumer to 0000:00:02.0
[   13.390155] snd_hda_intel 0000:00:03.0: bound 0000:00:02.0 (ops i915_audio_component_bind_ops [i915])
[   13.402732] usbcore: registered new interface driver brcmfmac
[   13.410081] usbcore: registered new interface driver btusb
[   13.428639] input: HDA Intel HDMI HDMI/DP,pcm=3 as /devices/pci0000:00/0000:00:03.0/sound/card0/input9
[   13.428755] input: HDA Intel HDMI HDMI/DP,pcm=7 as /devices/pci0000:00/0000:00:03.0/sound/card0/input10
[   13.428846] input: HDA Intel HDMI HDMI/DP,pcm=8 as /devices/pci0000:00/0000:00:03.0/sound/card0/input11
[   13.428956] input: HDA Intel HDMI HDMI/DP,pcm=9 as /devices/pci0000:00/0000:00:03.0/sound/card0/input12
[   13.429040] input: HDA Intel HDMI HDMI/DP,pcm=10 as /devices/pci0000:00/0000:00:03.0/sound/card0/input13
[   13.433844] snd_hda_codec_cirrus hdaudioC1D0: autoconfig for CS4208: line_outs=2 (0x12/0x13/0x0/0x0/0x0) type:speaker
[   13.433848] snd_hda_codec_cirrus hdaudioC1D0:    speaker_outs=0 (0x0/0x0/0x0/0x0/0x0)
[   13.433850] snd_hda_codec_cirrus hdaudioC1D0:    hp_outs=1 (0x10/0x0/0x0/0x0/0x0)
[   13.433851] snd_hda_codec_cirrus hdaudioC1D0:    mono: mono_out=0x0
[   13.433853] snd_hda_codec_cirrus hdaudioC1D0:    dig-out=0x21/0x0
[   13.433854] snd_hda_codec_cirrus hdaudioC1D0:    inputs:
[   13.433856] snd_hda_codec_cirrus hdaudioC1D0:      Internal Mic=0x1c
[   13.433857] snd_hda_codec_cirrus hdaudioC1D0:      Mic=0x18
[   13.490109] input: HDA Intel PCH Mic as /devices/pci0000:00/0000:00:1b.0/sound/card1/input14
[   13.490173] input: HDA Intel PCH Headphone as /devices/pci0000:00/0000:00:1b.0/sound/card1/input15
[   13.490228] input: HDA Intel PCH SPDIF as /devices/pci0000:00/0000:00:1b.0/sound/card1/input16
[   13.516601] brcmfmac: brcmf_fw_alloc_request: using brcm/brcmfmac43602-pcie for chip BCM43602/1
[   13.519394] brcmfmac 0000:03:00.0: Direct firmware load for brcm/brcmfmac43602-pcie.Apple Inc.-MacBookPro11,4.txt failed with error -2
[   13.519402] brcmfmac 0000:03:00.0: Direct firmware load for brcm/brcmfmac43602-pcie.txt failed with error -2
[   13.527595] Bluetooth: hci0: BCM: chip id 102 build 0715
[   13.528598] Bluetooth: hci0: BCM: product 05ac:8290
[   13.529595] Bluetooth: hci0: BCM: features 0x2f
[   13.546655] Bluetooth: hci0: im-mac
[   13.640678] intel_rapl: Found RAPL domain package
[   13.640680] intel_rapl: Found RAPL domain core
[   13.640681] intel_rapl: Found RAPL domain uncore
[   13.640682] intel_rapl: Found RAPL domain dram
[   13.680235] XFS (sda3): Mounting V5 Filesystem
[   13.681234] XFS (dm-3): Mounting V5 Filesystem
[   13.681422] XFS (dm-4): Mounting V5 Filesystem
[   13.695335] XFS (sda3): Ending clean mount
[   13.706032] XFS (dm-4): Ending clean mount
[   13.710465] XFS (dm-3): Ending clean mount
[   14.024886] Bluetooth: BNEP (Ethernet Emulation) ver 1.3
[   14.024888] Bluetooth: BNEP filters: protocol multicast
[   14.024892] Bluetooth: BNEP socket layer initialized
[   14.033004] brcmfmac: brcmf_fw_alloc_request: using brcm/brcmfmac43602-pcie for chip BCM43602/1
[   14.033025] brcmfmac 0000:03:00.0: Direct firmware load for brcm/brcmfmac43602-pcie.clm_blob failed with error -2
[   14.033027] brcmfmac: brcmf_c_process_clm_blob: no clm_blob available (err=-2), device may have limited channels available
[   14.033702] brcmfmac: brcmf_c_preinit_dcmds: Firmware: BCM43602/1 wl0: Nov 10 2015 06:38:10 version 7.35.177.61 (r598657) FWID 01-ea662a8c
[   14.094027] brcmfmac 0000:03:00.0 wlp3s0: renamed from wlan0
[   15.408275] L1TF CPU bug present and SMT on, data leak possible. See CVE-2018-3646 and https://www.kernel.org/doc/html/latest/admin-guide/l1tf.html for details.
[   16.155491] tun: Universal TUN/TAP device driver, 1.6
[   16.156752] virbr0: port 1(virbr0-nic) entered blocking state
[   16.156754] virbr0: port 1(virbr0-nic) entered disabled state
[   16.156791] device virbr0-nic entered promiscuous mode
[   16.245373] virbr0: port 1(virbr0-nic) entered blocking state
[   16.245375] virbr0: port 1(virbr0-nic) entered listening state
[   16.306279] virbr0: port 1(virbr0-nic) entered disabled state
[   22.501730] Bluetooth: RFCOMM TTY layer initialized
[   22.501738] Bluetooth: RFCOMM socket layer initialized
[   22.501803] Bluetooth: RFCOMM ver 1.11
[   22.666142] fuse init (API version 7.28)
[   23.645410] IPv6: ADDRCONF(NETDEV_CHANGE): wlp3s0: link becomes ready
[   23.765764] brcmfmac: brcmf_inetaddr_changed: fail to get arp ip table err:-52
[   23.857923] rfkill: input handler disabled
[   79.882093] xhci_hcd 0000:00:14.0: ep 0x82 - asked for 65 bytes, 55 bytes untransferred
[   79.986073] xhci_hcd 0000:00:14.0: ep 0x82 - asked for 65 bytes, 55 bytes untransferred
[   80.042040] xhci_hcd 0000:00:14.0: ep 0x82 - asked for 65 bytes, 55 bytes untransferred
[   80.082021] xhci_hcd 0000:00:14.0: ep 0x82 - asked for 65 bytes, 55 bytes untransferred
[   80.301606] xhci_hcd 0000:00:14.0: ep 0x81 - asked for 96 bytes, 78 bytes untransferred
[   80.301614] xhci_hcd 0000:00:14.0: Giveback URB 000000009d43e1e9, len = 18, expected = 96, status = 0
[   80.301658] xhci_hcd 0000:00:14.0: Stalled endpoint for slot 2 ep 2
[   80.301666] xhci_hcd 0000:00:14.0: Cleaning up stalled endpoint ring
[   80.301669] xhci_hcd 0000:00:14.0: Finding endpoint context
[   80.301672] xhci_hcd 0000:00:14.0: Cycle state = 0x1
[   80.301675] xhci_hcd 0000:00:14.0: New dequeue segment = 000000006febdc9a (virtual)
[   80.301678] xhci_hcd 0000:00:14.0: New dequeue pointer = 0x459e52380 (DMA)
[   80.301681] xhci_hcd 0000:00:14.0: Queueing new dequeue state
[   80.301686] xhci_hcd 0000:00:14.0: Set TR Deq Ptr cmd, new deq seg = 000000006febdc9a (0x459e52000 dma), new deq ptr = 000000009e6bf4ca (0x459e52380 dma), new cycle = 1
[   80.301690] xhci_hcd 0000:00:14.0: // Ding dong!
[   80.301704] xhci_hcd 0000:00:14.0: Giveback URB 00000000d09bd170, len = 0, expected = 13, status = -32
[   80.301710] xhci_hcd 0000:00:14.0: Ignoring reset ep completion code of 1
[   80.301716] xhci_hcd 0000:00:14.0: Successful Set TR Deq Ptr cmd, deq = @459e52380
[   80.458071] xhci_hcd 0000:00:14.0: ep 0x82 - asked for 65 bytes, 55 bytes untransferred
[   80.714080] xhci_hcd 0000:00:14.0: ep 0x82 - asked for 65 bytes, 55 bytes untransferred
[   80.762012] xhci_hcd 0000:00:14.0: ep 0x82 - asked for 65 bytes, 55 bytes untransferred
[   80.786029] xhci_hcd 0000:00:14.0: ep 0x82 - asked for 65 bytes, 55 bytes untransferred
[   82.350177] xhci_hcd 0000:00:14.0: ep 0x81 - asked for 96 bytes, 78 bytes untransferred
[   82.350190] xhci_hcd 0000:00:14.0: Giveback URB 000000000a3bf60c, len = 18, expected = 96, status = 0
[   82.350268] xhci_hcd 0000:00:14.0: Stalled endpoint for slot 2 ep 2
[   82.350282] xhci_hcd 0000:00:14.0: Cleaning up stalled endpoint ring
[   82.350289] xhci_hcd 0000:00:14.0: Finding endpoint context
[   82.350296] xhci_hcd 0000:00:14.0: Cycle state = 0x1
[   82.350301] xhci_hcd 0000:00:14.0: New dequeue segment = 000000006febdc9a (virtual)
[   82.350307] xhci_hcd 0000:00:14.0: New dequeue pointer = 0x459e523c0 (DMA)
[   82.350312] xhci_hcd 0000:00:14.0: Queueing new dequeue state
[   82.350321] xhci_hcd 0000:00:14.0: Set TR Deq Ptr cmd, new deq seg = 000000006febdc9a (0x459e52000 dma), new deq ptr = 0000000064a9836e (0x459e523c0 dma), new cycle = 1
[   82.350336] xhci_hcd 0000:00:14.0: // Ding dong!
[   82.350351] xhci_hcd 0000:00:14.0: Giveback URB 00000000d09bd170, len = 0, expected = 13, status = -32
[   82.350363] xhci_hcd 0000:00:14.0: Ignoring reset ep completion code of 1
[   82.350376] xhci_hcd 0000:00:14.0: Successful Set TR Deq Ptr cmd, deq = @459e523c0
[   84.246918] xhci_hcd 0000:00:14.0: Cancel URB 000000002b548a70, dev 12, ep 0x83, starting at offset 0x45a368cd0
[   84.246925] xhci_hcd 0000:00:14.0: // Ding dong!
[   84.246937] xhci_hcd 0000:00:14.0: Stopped on Transfer TRB for slot 3 ep 6
[   84.246944] xhci_hcd 0000:00:14.0: Removing canceled TD starting at 0x45a368cd0 (dma).
[   84.246947] xhci_hcd 0000:00:14.0: Finding endpoint context
[   84.246949] xhci_hcd 0000:00:14.0: Cycle state = 0x1
[   84.246952] xhci_hcd 0000:00:14.0: New dequeue segment = 00000000af34ade6 (virtual)
[   84.246954] xhci_hcd 0000:00:14.0: New dequeue pointer = 0x45a368ce0 (DMA)
[   84.246958] xhci_hcd 0000:00:14.0: Set TR Deq Ptr cmd, new deq seg = 00000000af34ade6 (0x45a368000 dma), new deq ptr = 00000000958bd8de (0x45a368ce0 dma), new cycle = 1
[   84.246970] xhci_hcd 0000:00:14.0: // Ding dong!
[   84.246986] xhci_hcd 0000:00:14.0: Successful Set TR Deq Ptr cmd, deq = @45a368ce0
[   84.275293] brcmfmac: brcmf_inetaddr_changed: fail to get arp ip table err:-52
[   84.397739] xhci_hcd 0000:00:14.0: ep 0x81 - asked for 96 bytes, 78 bytes untransferred
[   84.397744] xhci_hcd 0000:00:14.0: Giveback URB 00000000a1b8aa22, len = 18, expected = 96, status = 0
[   84.397780] xhci_hcd 0000:00:14.0: Stalled endpoint for slot 2 ep 2
[   84.397785] xhci_hcd 0000:00:14.0: Cleaning up stalled endpoint ring
[   84.397787] xhci_hcd 0000:00:14.0: Finding endpoint context
[   84.397789] xhci_hcd 0000:00:14.0: Cycle state = 0x1
[   84.397791] xhci_hcd 0000:00:14.0: New dequeue segment = 000000006febdc9a (virtual)
[   84.397793] xhci_hcd 0000:00:14.0: New dequeue pointer = 0x459e52400 (DMA)
[   84.397795] xhci_hcd 0000:00:14.0: Queueing new dequeue state
[   84.397798] xhci_hcd 0000:00:14.0: Set TR Deq Ptr cmd, new deq seg = 000000006febdc9a (0x459e52000 dma), new deq ptr = 00000000dfa0f935 (0x459e52400 dma), new cycle = 1
[   84.397800] xhci_hcd 0000:00:14.0: // Ding dong!
[   84.397809] xhci_hcd 0000:00:14.0: Giveback URB 00000000d09bd170, len = 0, expected = 13, status = -32
[   84.397813] xhci_hcd 0000:00:14.0: Ignoring reset ep completion code of 1
[   84.397816] xhci_hcd 0000:00:14.0: Successful Set TR Deq Ptr cmd, deq = @459e52400
[   86.026254] PM: suspend entry (deep)
[   86.026258] PM: Syncing filesystems ... done.
[   86.066842] Freezing user space processes ... (elapsed 0.299 seconds) done.
[   86.366617] OOM killer disabled.
[   86.366620] Freezing remaining freezable tasks ... (elapsed 0.001 seconds) done.
[   86.368393] printk: Suspending console(s) (use no_console_suspend to debug)
[   86.369901] xhci_hcd 0000:00:14.0: Cancel URB 000000008d090448, dev 12, ep 0x82, starting at offset 0x45a3693a0
[   86.369909] xhci_hcd 0000:00:14.0: // Ding dong!
[   86.369928] xhci_hcd 0000:00:14.0: Stopped on Transfer TRB for slot 3 ep 4
[   86.369935] xhci_hcd 0000:00:14.0: Removing canceled TD starting at 0x45a3693a0 (dma).
[   86.369938] xhci_hcd 0000:00:14.0: Finding endpoint context
[   86.369941] xhci_hcd 0000:00:14.0: Cycle state = 0x1
[   86.369944] xhci_hcd 0000:00:14.0: New dequeue segment = 00000000c1440faa (virtual)
[   86.369947] xhci_hcd 0000:00:14.0: New dequeue pointer = 0x45a3693b0 (DMA)
[   86.369952] xhci_hcd 0000:00:14.0: Set TR Deq Ptr cmd, new deq seg = 00000000c1440faa (0x45a369000 dma), new deq ptr = 0000000007a825e2 (0x45a3693b0 dma), new cycle = 1
[   86.369955] xhci_hcd 0000:00:14.0: // Ding dong!
[   86.369972] xhci_hcd 0000:00:14.0: Successful Set TR Deq Ptr cmd, deq = @45a3693b0
[   86.370124] xhci_hcd 0000:00:14.0: // Ding dong!
[   86.370174] xhci_hcd 0000:00:14.0: Stopped on No-op or Link TRB for slot 3 ep 10
[   86.370183] xhci_hcd 0000:00:14.0: Stopped on No-op or Link TRB for slot 3 ep 8
[   86.370188] xhci_hcd 0000:00:14.0: Stopped on No-op or Link TRB for slot 3 ep 7
[   86.370193] xhci_hcd 0000:00:14.0: Stopped on No-op or Link TRB for slot 3 ep 2
[   86.370198] xhci_hcd 0000:00:14.0: Stopped on No-op or Link TRB for slot 3 ep 0
[   86.378365] sd 0:0:0:0: [sda] Synchronizing SCSI cache
[   86.379425] xhci_hcd 0000:00:14.0: // Ding dong!
[   86.379520] xhci_hcd 0000:00:14.0: Stopped on No-op or Link TRB for slot 2 ep 3
[   86.379527] xhci_hcd 0000:00:14.0: Stopped on No-op or Link TRB for slot 2 ep 2
[   86.379531] xhci_hcd 0000:00:14.0: Stopped on No-op or Link TRB for slot 2 ep 0
[   86.380548] sd 0:0:0:0: [sda] Stopping disk
[   86.382102] usb 1-12: usb suspend, wakeup 1
[   86.382227] pcieport 0000:06:06.0: quirk: waiting for Thunderbolt to reestablish PCI tunnels...
[   86.382262] pcieport 0000:06:03.0: quirk: waiting for Thunderbolt to reestablish PCI tunnels...
[   86.382300] pcieport 0000:06:05.0: quirk: waiting for Thunderbolt to reestablish PCI tunnels...
[   86.382302] pcieport 0000:06:04.0: quirk: waiting for Thunderbolt to reestablish PCI tunnels...
[   86.394204] hub 1-0:1.0: hub_suspend
[   86.394284] usb usb1: bus suspend, wakeup 0
[   86.401212] usb 2-4: usb suspend, wakeup 0
[   86.413180] hub 2-0:1.0: hub_suspend
[   86.413252] usb usb2: bus suspend, wakeup 0
[   86.413331] xhci_hcd 0000:00:14.0: xhci_suspend: stopping port polling.
[   86.413352] xhci_hcd 0000:00:14.0: // Setting command ring address to 0x45a3e6001
[   87.277930] PM: suspend devices took 0.909 seconds
[   87.290720] ACPI: EC: interrupt blocked
[   87.291487] xhci_hcd 0000:00:14.0: wakeup: 1
[   87.291966] xhci_hcd 0000:00:14.0: --> PCI D3hot
[   88.247385] ACPI: Preparing to enter system sleep state S3
[   88.248276] ACPI: EC: event blocked
[   88.248277] ACPI: EC: EC stopped
[   88.248278] PM: Saving platform NVS memory
[   88.248283] Disabling non-boot CPUs ...
[   88.262275] smpboot: CPU 1 is now offline
[   88.266741] smpboot: CPU 2 is now offline
[   88.277908] smpboot: CPU 3 is now offline
[   88.286993] smpboot: CPU 4 is now offline
[   88.290475] smpboot: CPU 5 is now offline
[   88.293956] smpboot: CPU 6 is now offline
[   88.297326] smpboot: CPU 7 is now offline
[   88.315735] ACPI: Low-level resume complete
[   88.315797] ACPI: EC: EC started
[   88.315798] PM: Restoring platform NVS memory
[   88.323322] Enabling non-boot CPUs ...
[   88.323382] x86: Booting SMP configuration:
[   88.323383] smpboot: Booting Node 0 Processor 1 APIC 0x2
[   91.251811] hrtimer: interrupt took 2458569 ns
[   92.549734]  cache: parent cpu1 should not be sleeping
[   95.399318] CPU1 is up
[   95.399439] smpboot: Booting Node 0 Processor 2 APIC 0x4
[   95.655539]  cache: parent cpu2 should not be sleeping
[   96.538105] CPU2 is up
[   96.538165] smpboot: Booting Node 0 Processor 3 APIC 0x6
[   96.742585]  cache: parent cpu3 should not be sleeping
[   97.306043] CPU3 is up
[   97.306099] smpboot: Booting Node 0 Processor 4 APIC 0x1
[   97.314614]  cache: parent cpu4 should not be sleeping
[   97.346377] CPU4 is up
[   97.346408] smpboot: Booting Node 0 Processor 5 APIC 0x3
[   97.536596]  cache: parent cpu5 should not be sleeping
[   98.082080] CPU5 is up
[   98.082114] smpboot: Booting Node 0 Processor 6 APIC 0x5
[   98.215686]  cache: parent cpu6 should not be sleeping
[   98.785934] CPU6 is up
[   98.785971] smpboot: Booting Node 0 Processor 7 APIC 0x7
[   98.929604]  cache: parent cpu7 should not be sleeping
[   99.561088] CPU7 is up
[   99.654341] ACPI: Waking up from system sleep state S3
[   99.656125] ACPI: EC: interrupt unblocked
[   99.679875] pcieport 0000:06:03.0: quirk: waiting for Thunderbolt to reestablish PCI tunnels...
[   99.679878] pcieport 0000:06:04.0: quirk: waiting for Thunderbolt to reestablish PCI tunnels...
[   99.679881] pcieport 0000:06:05.0: quirk: waiting for Thunderbolt to reestablish PCI tunnels...
[   99.679882] pcieport 0000:06:06.0: quirk: waiting for Thunderbolt to reestablish PCI tunnels...
[   99.711915] pcieport 0000:06:04.0: quirk_apple_wait_for_thunderbolt+0x0/0xe0 took 31279 usecs
[   99.711920] pcieport 0000:06:03.0: quirk_apple_wait_for_thunderbolt+0x0/0xe0 took 31284 usecs
[   99.711924] pcieport 0000:06:06.0: quirk_apple_wait_for_thunderbolt+0x0/0xe0 took 31277 usecs
[   99.711928] pcieport 0000:06:05.0: quirk_apple_wait_for_thunderbolt+0x0/0xe0 took 31278 usecs
[   99.781168] thunderbolt 0000:07:00.0: resetting error on 0:b.
[   99.781176] thunderbolt 0000:07:00.0: 0:b: hotplug: scanning
[   99.781178] thunderbolt 0000:07:00.0: 0:b: hotplug: no switch found
[   99.781272] thunderbolt 0000:07:00.0: resetting error on 0:c.
[   99.781277] thunderbolt 0000:07:00.0: 0:c: hotplug: scanning
[   99.781278] thunderbolt 0000:07:00.0: 0:c: hotplug: no switch found
[  100.754250] usb usb1: root hub lost power or was reset
[  100.754253] usb usb2: root hub lost power or was reset
[  100.754256] xhci_hcd 0000:00:14.0: Stop HCD
[  100.754259] xhci_hcd 0000:00:14.0: // Halt the HC
[  100.754262] ACPI: EC: event unblocked
[  100.754274] xhci_hcd 0000:00:14.0: // Reset the HC
[  100.755282] xhci_hcd 0000:00:14.0: Wait for controller to be ready for doorbell rings
[  100.755369] xhci_hcd 0000:00:14.0: // Disabling event ring interrupts
[  100.755376] xhci_hcd 0000:00:14.0: cleaning up memory
[  100.755386] xhci_hcd 0000:00:14.0: Freed event ring
[  100.755390] xhci_hcd 0000:00:14.0: Freed command ring
[  100.755632] xhci_hcd 0000:00:14.0: Freed segment pool
[  100.755637] xhci_hcd 0000:00:14.0: Freed device context pool
[  100.755640] xhci_hcd 0000:00:14.0: Freed small stream array pool
[  100.755643] xhci_hcd 0000:00:14.0: Freed medium stream array pool
[  100.755751] xhci_hcd 0000:00:14.0: xhci_stop completed - status = 1
[  100.755753] xhci_hcd 0000:00:14.0: Initialize the xhci_hcd
[  100.755755] xhci_hcd 0000:00:14.0: xhci_init
[  100.755757] xhci_hcd 0000:00:14.0: xHCI doesn't need link TRB QUIRK
[  100.755765] xhci_hcd 0000:00:14.0: Supported page size register = 0x1
[  100.755768] xhci_hcd 0000:00:14.0: Supported page size of 4K
[  100.755771] xhci_hcd 0000:00:14.0: HCD page size set to 4K
[  100.755778] xhci_hcd 0000:00:14.0: // xHC can handle at most 32 device slots.
[  100.755781] xhci_hcd 0000:00:14.0: // Setting Max device slots reg = 0x20.
[  100.755786] xhci_hcd 0000:00:14.0: // Device context base array address = 0x45a3ea000 (DMA), 00000000415d819d (virt)
[  100.755792] xhci_hcd 0000:00:14.0: Allocated command ring at 00000000d4ecc9cd
[  100.755794] xhci_hcd 0000:00:14.0: First segment DMA is 0x45a3fa000
[  100.755798] xhci_hcd 0000:00:14.0: // Setting command ring address to 0x000000045a3fa001
[  100.755803] xhci_hcd 0000:00:14.0: // Doorbell array is located at offset 0x3000 from cap regs base addr
[  100.755805] xhci_hcd 0000:00:14.0: // Allocating event ring
[  100.755810] xhci_hcd 0000:00:14.0: TRB math tests passed.
[  100.755817] xhci_hcd 0000:00:14.0: // Write ERST size = 1 to ir_set 0 (some bits preserved)
[  100.755820] xhci_hcd 0000:00:14.0: // Set ERST entries to point to event ring.
[  100.755823] xhci_hcd 0000:00:14.0: // Set ERST base address for ir_set 0 = 0x45a3f7000
[  100.755830] xhci_hcd 0000:00:14.0: // Write event ring dequeue pointer, preserving EHB bit
[  100.755832] xhci_hcd 0000:00:14.0: Wrote ERST address to ir_set 0.
[  100.755835] xhci_hcd 0000:00:14.0: Allocating 16 scratchpad buffers
[  100.755865] xhci_hcd 0000:00:14.0: Ext Cap 00000000d0d60e4e, port offset = 1, count = 14, revision = 0x2
[  100.755869] xhci_hcd 0000:00:14.0: PSIV:1 PSIE:2 PLT:0 PFD:0 LP:0 PSIM:12
[  100.755873] xhci_hcd 0000:00:14.0: PSIV:2 PSIE:1 PLT:0 PFD:0 LP:0 PSIM:1500
[  100.755877] xhci_hcd 0000:00:14.0: PSIV:3 PSIE:2 PLT:0 PFD:0 LP:0 PSIM:480
[  100.755886] xhci_hcd 0000:00:14.0: Ext Cap 00000000c349573f, port offset = 16, count = 6, revision = 0x3
[  100.755891] xhci_hcd 0000:00:14.0: PSIV:4 PSIE:3 PLT:0 PFD:1 LP:0 PSIM:5
[  100.755900] xhci_hcd 0000:00:14.0: Found 14 USB 2.0 ports and 6 USB 3.0 ports.
[  100.755903] xhci_hcd 0000:00:14.0: Finished xhci_init
[  100.755906] xhci_hcd 0000:00:14.0: Start the primary HCD
[  100.755908] xhci_hcd 0000:00:14.0: xhci_run
[  100.755910] xhci_hcd 0000:00:14.0: Failed to enable MSI-X
[  100.755992] xhci_hcd 0000:00:14.0: ERST deq = 64'h45a3f8000
[  100.755995] xhci_hcd 0000:00:14.0: // Set the interrupt modulation register
[  100.755999] xhci_hcd 0000:00:14.0: // Enable interrupts, cmd = 0x4.
[  100.756002] xhci_hcd 0000:00:14.0: // Enabling event ring interrupter 0000000003d55c58 by writing 0x2 to irq_pending
[  100.756005] xhci_hcd 0000:00:14.0: Finished xhci_run for USB2 roothub
[  100.756299] xhci_hcd 0000:00:14.0: Start the secondary HCD
[  100.756306] xhci_hcd 0000:00:14.0: // Turn on HC, cmd = 0x5.
[  100.756310] xhci_hcd 0000:00:14.0: Finished xhci_run for USB3 roothub
[  100.756336] xhci_hcd 0000:00:14.0: xhci_resume: starting port polling.
[  100.756364] xhci_hcd 0000:00:14.0: xhci_hub_status_data: stopping port polling.
[  100.756377] usb usb1: usb resume
[  100.756379] usb usb2: usb resume
[  100.756407] hub 1-0:1.0: hub_reset_resume
[  100.756411] hub 1-0:1.0: trying to enable port power on non-switchable hub
[  100.756417] hub 2-0:1.0: hub_reset_resume
[  100.756420] hub 2-0:1.0: trying to enable port power on non-switchable hub
[  100.774764] sd 0:0:0:0: [sda] Starting disk
[  100.775403] xhci_hcd 0000:00:14.0: Port Status Change Event for port 8
[  100.775415] xhci_hcd 0000:00:14.0: handle_port_status: starting port polling.
[  100.775429] xhci_hcd 0000:00:14.0: Port Status Change Event for port 12
[  100.775438] xhci_hcd 0000:00:14.0: handle_port_status: starting port polling.
[  100.861677] xhci_hcd 0000:00:14.0: get port status, actual port 0 status  = 0x2a0
[  100.861681] xhci_hcd 0000:00:14.0: Get port status returned 0x100
[  100.861694] xhci_hcd 0000:00:14.0: get port status, actual port 0 status  = 0x802a0
[  100.861698] xhci_hcd 0000:00:14.0: Get port status returned 0x2002a0
[  100.861722] xhci_hcd 0000:00:14.0: get port status, actual port 1 status  = 0x2a0
[  100.861725] xhci_hcd 0000:00:14.0: Get port status returned 0x100
[  100.861762] xhci_hcd 0000:00:14.0: clear port warm(BH) reset change, actual port 0 status  = 0x2a0
[  100.861797] xhci_hcd 0000:00:14.0: get port status, actual port 2 status  = 0x2a0
[  100.861800] xhci_hcd 0000:00:14.0: Get port status returned 0x100
[  100.861849] xhci_hcd 0000:00:14.0: get port status, actual port 3 status  = 0x2a0
[  100.861853] xhci_hcd 0000:00:14.0: Get port status returned 0x100
[  100.861866] xhci_hcd 0000:00:14.0: get port status, actual port 1 status  = 0x802a0
[  100.861871] xhci_hcd 0000:00:14.0: Get port status returned 0x2002a0
[  100.861887] xhci_hcd 0000:00:14.0: get port status, actual port 4 status  = 0x2a0
[  100.861890] xhci_hcd 0000:00:14.0: Get port status returned 0x100
[  100.861908] xhci_hcd 0000:00:14.0: clear port warm(BH) reset change, actual port 1 status  = 0x2a0
[  100.861938] xhci_hcd 0000:00:14.0: get port status, actual port 2 status  = 0x802a0
[  100.861941] xhci_hcd 0000:00:14.0: Get port status returned 0x2002a0
[  100.861949] xhci_hcd 0000:00:14.0: get port status, actual port 5 status  = 0x2a0
[  100.861953] xhci_hcd 0000:00:14.0: Get port status returned 0x100
[  100.861971] xhci_hcd 0000:00:14.0: clear port warm(BH) reset change, actual port 2 status  = 0x2a0
[  100.861999] xhci_hcd 0000:00:14.0: get port status, actual port 3 status  = 0x12f1
[  100.862002] xhci_hcd 0000:00:14.0: Get port status returned 0x2f1
[  100.862013] xhci_hcd 0000:00:14.0: get port status, actual port 6 status  = 0x2a0
[  100.862016] xhci_hcd 0000:00:14.0: Get port status returned 0x100
[  100.862020] usb usb2-port4: status 02f1 change 0000
[  100.862032] xhci_hcd 0000:00:14.0: get port status, actual port 4 status  = 0x802a0
[  100.862035] xhci_hcd 0000:00:14.0: Get port status returned 0x2002a0
[  100.862046] xhci_hcd 0000:00:14.0: get port status, actual port 7 status  = 0x206e1
[  100.862050] xhci_hcd 0000:00:14.0: Get port status returned 0x10101
[  100.862063] xhci_hcd 0000:00:14.0: clear port warm(BH) reset change, actual port 4 status  = 0x2a0
[  100.862083] usb usb1-port8: status 0101 change 0001
[  100.862096] xhci_hcd 0000:00:14.0: clear port connect change, actual port 7 status  = 0x6e1
[  100.862107] xhci_hcd 0000:00:14.0: get port status, actual port 5 status  = 0x802a0
[  100.862110] xhci_hcd 0000:00:14.0: Get port status returned 0x2002a0
[  100.862120] xhci_hcd 0000:00:14.0: get port status, actual port 8 status  = 0x2a0
[  100.862122] xhci_hcd 0000:00:14.0: Get port status returned 0x100
[  100.862136] xhci_hcd 0000:00:14.0: clear port warm(BH) reset change, actual port 5 status  = 0x2a0
[  100.862163] xhci_hcd 0000:00:14.0: get port status, actual port 9 status  = 0x2a0
[  100.862167] xhci_hcd 0000:00:14.0: Get port status returned 0x100
[  100.862206] xhci_hcd 0000:00:14.0: get port status, actual port 10 status  = 0x2a0
[  100.862208] xhci_hcd 0000:00:14.0: Get port status returned 0x100
[  100.862242] xhci_hcd 0000:00:14.0: get port status, actual port 11 status  = 0x206e1
[  100.862245] xhci_hcd 0000:00:14.0: Get port status returned 0x10101
[  100.862258] usb usb1-port12: status 0101 change 0001
[  100.862269] xhci_hcd 0000:00:14.0: clear port connect change, actual port 11 status  = 0x6e1
[  100.862302] xhci_hcd 0000:00:14.0: get port status, actual port 12 status  = 0x2a0
[  100.862304] xhci_hcd 0000:00:14.0: Get port status returned 0x100
[  100.862324] xhci_hcd 0000:00:14.0: get port status, actual port 13 status  = 0x2a0
[  100.862327] xhci_hcd 0000:00:14.0: Get port status returned 0x100
[  100.965853] xhci_hcd 0000:00:14.0: get port status, actual port 11 status  = 0x6e1
[  100.965860] xhci_hcd 0000:00:14.0: Get port status returned 0x101
[  100.965874] xhci_hcd 0000:00:14.0: get port status, actual port 3 status  = 0x12f1
[  100.965880] xhci_hcd 0000:00:14.0: Get port status returned 0x2f1
[  100.965917] usb 2-4: Waited 0ms for CONNECT
[  100.965921] usb 2-4: finish reset-resume
[  100.965968] xhci_hcd 0000:00:14.0: xHCI xhci_urb_enqueue called with unaddressed device
[  100.965979] usb 2-4: Disable of device-initiated U1 failed.
[  100.966000] usb 1-12: Waited 0ms for CONNECT
[  100.966010] usb 1-12: finish reset-resume
[  100.966014] xhci_hcd 0000:00:14.0: get port status, actual port 7 status  = 0x6e1
[  100.966019] xhci_hcd 0000:00:14.0: Get port status returned 0x101
[  100.966024] xhci_hcd 0000:00:14.0: xHCI xhci_urb_enqueue called with unaddressed device
[  100.966035] usb 2-4: Disable of device-initiated U2 failed.
[  100.966046] usb 1-8: Waited 0ms for CONNECT
[  100.966051] usb 1-8: finish reset-resume
[  100.966057] xhci_hcd 0000:00:14.0: get port status, actual port 3 status  = 0x12f1
[  100.966061] xhci_hcd 0000:00:14.0: Get port status returned 0x2f1
[  100.966105] xhci_hcd 0000:00:14.0: set port reset, actual port 3 status  = 0x12f1
[  100.966556] xhci_hcd 0000:00:14.0: xhci_hub_status_data: stopping port polling.
[  100.966576] xhci_hcd 0000:00:14.0: xhci_hub_status_data: stopping port polling.
[  101.027715] xhci_hcd 0000:00:14.0: get port status, actual port 3 status  = 0x12f1
[  101.027720] xhci_hcd 0000:00:14.0: Get port status returned 0x2f1
[  101.027787] usb usb2-port4: not reset yet, waiting 60ms
[  101.089598] xhci_hcd 0000:00:14.0: get port status, actual port 3 status  = 0x12f1
[  101.089603] xhci_hcd 0000:00:14.0: Get port status returned 0x2f1
[  101.089669] usb usb2-port4: not reset yet, waiting 200ms
[  101.100826] ata1: SATA link up 6.0 Gbps (SStatus 133 SControl 300)
[  101.101415] ata1.00: unexpected _GTF length (8)
[  101.102142] ata1.00: unexpected _GTF length (8)
[  101.102249] ata1.00: configured for UDMA/133
[  101.293670] xhci_hcd 0000:00:14.0: get port status, actual port 3 status  = 0x12f1
[  101.293672] xhci_hcd 0000:00:14.0: Get port status returned 0x2f1
[  101.293710] usb usb2-port4: not reset yet, waiting 200ms
[  101.427137] xhci_hcd 0000:00:14.0: Port Status Change Event for port 19
[  101.427148] xhci_hcd 0000:00:14.0: handle_port_status: starting port polling.
[  101.501703] xhci_hcd 0000:00:14.0: get port status, actual port 3 status  = 0x2202e0
[  101.501707] xhci_hcd 0000:00:14.0: Get port status returned 0x1102e0
[  101.501758] usb usb2-port4: not reset yet, waiting 200ms
[  101.709710] xhci_hcd 0000:00:14.0: get port status, actual port 3 status  = 0x2202e0
[  101.709713] xhci_hcd 0000:00:14.0: Get port status returned 0x1102e0
[  101.709765] usb usb2-port4: not reset yet, waiting 200ms
[  101.709782] xhci_hcd 0000:00:14.0: clear port reset change, actual port 3 status  = 0x202e0
[  101.709835] xhci_hcd 0000:00:14.0: clear port warm(BH) reset change, actual port 3 status  = 0x202e0
[  101.709873] xhci_hcd 0000:00:14.0: clear port link state change, actual port 3 status  = 0x202e0
[  101.709903] xhci_hcd 0000:00:14.0: clear port connect change, actual port 3 status  = 0x2e0
[  101.709937] xhci_hcd 0000:00:14.0: get port status, actual port 3 status  = 0x2e0
[  101.709939] xhci_hcd 0000:00:14.0: Get port status returned 0x2e0
[  101.710016] xhci_hcd 0000:00:14.0: CTRL: TypeReq=0x2303 val=0x5 idx=0x304 len=0 ==> -19
[  101.710049] usb usb2-port4: logical disconnect
[  101.710061] xhci_hcd 0000:00:14.0: CTRL: TypeReq=0x2303 val=0x5 idx=0x304 len=0 ==> -19
[  101.710092] xhci_hcd 0000:00:14.0: set port reset, actual port 11 status  = 0x791
[  101.710101] usb 2-4: gone after usb resume? status -19
[  101.710104] usb 2-4: can't resume, status -19
[  101.710106] usb usb2-port4: logical disconnect
[  101.710120] xhci_hcd 0000:00:14.0: CTRL: TypeReq=0x2303 val=0x5 idx=0x304 len=0 ==> -19
[  101.757656] xhci_hcd 0000:00:14.0: xhci_hub_status_data: stopping port polling.
