[    0.000000] microcode: microcode updated early to revision 0x1a, date = 2018-04-02
[    0.000000] Linux version 5.0.0-rc8+ (im@im-mac) (gcc version 8.2.1 20181215 (Red Hat 8.2.1-6) (GCC)) #19 SMP Tue Feb 26 20:51:18 +05 2019
[    0.000000] Command line: BOOT_IMAGE=/vmlinuz-5.0.0-rc8+ root=/dev/mapper/im--mac-root ro resume=/dev/mapper/im--mac-swap rd.lvm.lv=im-mac/root rd.luks.uuid=luks-dd1fa933-ef9f-402b-a2e4-7c9d6fb7ce0d rd.lvm.lv=im-mac/swap rhgb quiet hid_apple.fnmode=2 hid_apple.iso_layout=0
[    0.000000] x86/fpu: Supporting XSAVE feature 0x001: 'x87 floating point registers'
[    0.000000] x86/fpu: Supporting XSAVE feature 0x002: 'SSE registers'
[    0.000000] x86/fpu: Supporting XSAVE feature 0x004: 'AVX registers'
[    0.000000] x86/fpu: xstate_offset[2]:  576, xstate_sizes[2]:  256
[    0.000000] x86/fpu: Enabled xstate features 0x7, context size is 832 bytes, using 'standard' format.
[    0.000000] BIOS-provided physical RAM map:
[    0.000000] BIOS-e820: [mem 0x0000000000000000-0x0000000000057fff] usable
[    0.000000] BIOS-e820: [mem 0x0000000000058000-0x0000000000058fff] reserved
[    0.000000] BIOS-e820: [mem 0x0000000000059000-0x000000000009ffff] usable
[    0.000000] BIOS-e820: [mem 0x00000000000a0000-0x00000000000bffff] reserved
[    0.000000] BIOS-e820: [mem 0x0000000000100000-0x0000000078d00fff] usable
[    0.000000] BIOS-e820: [mem 0x0000000078d01000-0x0000000078d48fff] ACPI NVS
[    0.000000] BIOS-e820: [mem 0x0000000078d49000-0x0000000078d5cfff] usable
[    0.000000] BIOS-e820: [mem 0x0000000078d5d000-0x0000000078d8efff] ACPI data
[    0.000000] BIOS-e820: [mem 0x0000000078d8f000-0x0000000078e39fff] usable
[    0.000000] BIOS-e820: [mem 0x0000000078e3a000-0x0000000078e8efff] reserved
[    0.000000] BIOS-e820: [mem 0x0000000078e8f000-0x0000000078ecbfff] usable
[    0.000000] BIOS-e820: [mem 0x0000000078ecc000-0x0000000078efefff] reserved
[    0.000000] BIOS-e820: [mem 0x0000000078eff000-0x0000000078f84fff] usable
[    0.000000] BIOS-e820: [mem 0x0000000078f85000-0x0000000078fdefff] reserved
[    0.000000] BIOS-e820: [mem 0x0000000078fdf000-0x0000000078ffffff] usable
[    0.000000] BIOS-e820: [mem 0x0000000079000000-0x000000007f9fffff] reserved
[    0.000000] BIOS-e820: [mem 0x00000000e00f8000-0x00000000e00f8fff] reserved
[    0.000000] BIOS-e820: [mem 0x00000000fed1c000-0x00000000fed1ffff] reserved
[    0.000000] BIOS-e820: [mem 0x00000000ffd70000-0x00000000ffd9ffff] reserved
[    0.000000] BIOS-e820: [mem 0x0000000100000000-0x000000047f5fffff] usable
[    0.000000] NX (Execute Disable) protection: active
[    0.000000] e820: update [mem 0x66282710-0x66282ad2] usable ==> usable
[    0.000000] e820: update [mem 0x66282710-0x66282ad2] usable ==> usable
[    0.000000] extended physical RAM map:
[    0.000000] reserve setup_data: [mem 0x0000000000000000-0x0000000000057fff] usable
[    0.000000] reserve setup_data: [mem 0x0000000000058000-0x0000000000058fff] reserved
[    0.000000] reserve setup_data: [mem 0x0000000000059000-0x000000000009ffff] usable
[    0.000000] reserve setup_data: [mem 0x00000000000a0000-0x00000000000bffff] reserved
[    0.000000] reserve setup_data: [mem 0x0000000000100000-0x000000006628270f] usable
[    0.000000] reserve setup_data: [mem 0x0000000066282710-0x0000000066282ad2] usable
[    0.000000] reserve setup_data: [mem 0x0000000066282ad3-0x0000000078d00fff] usable
[    0.000000] reserve setup_data: [mem 0x0000000078d01000-0x0000000078d48fff] ACPI NVS
[    0.000000] reserve setup_data: [mem 0x0000000078d49000-0x0000000078d5cfff] usable
[    0.000000] reserve setup_data: [mem 0x0000000078d5d000-0x0000000078d8efff] ACPI data
[    0.000000] reserve setup_data: [mem 0x0000000078d8f000-0x0000000078e39fff] usable
[    0.000000] reserve setup_data: [mem 0x0000000078e3a000-0x0000000078e8efff] reserved
[    0.000000] reserve setup_data: [mem 0x0000000078e8f000-0x0000000078ecbfff] usable
[    0.000000] reserve setup_data: [mem 0x0000000078ecc000-0x0000000078efefff] reserved
[    0.000000] reserve setup_data: [mem 0x0000000078eff000-0x0000000078f84fff] usable
[    0.000000] reserve setup_data: [mem 0x0000000078f85000-0x0000000078fdefff] reserved
[    0.000000] reserve setup_data: [mem 0x0000000078fdf000-0x0000000078ffffff] usable
[    0.000000] reserve setup_data: [mem 0x0000000079000000-0x000000007f9fffff] reserved
[    0.000000] reserve setup_data: [mem 0x00000000e00f8000-0x00000000e00f8fff] reserved
[    0.000000] reserve setup_data: [mem 0x00000000fed1c000-0x00000000fed1ffff] reserved
[    0.000000] reserve setup_data: [mem 0x00000000ffd70000-0x00000000ffd9ffff] reserved
[    0.000000] reserve setup_data: [mem 0x0000000100000000-0x000000047f5fffff] usable
[    0.000000] efi: EFI v1.10 by Apple
[    0.000000] efi:  ACPI=0x78d8e000  ACPI 2.0=0x78d8e014  SMBIOS=0x78f8b000 
[    0.000000] SMBIOS 2.7 present.
[    0.000000] DMI: Apple Inc. MacBookPro11,4/Mac-06F11FD93F0323C5, BIOS MBP114.88Z.0184.B00.1806051659 06/05/2018
[    0.000000] tsc: Fast TSC calibration using PIT
[    0.000000] tsc: Detected 2194.960 MHz processor
[    0.000136] e820: update [mem 0x00000000-0x00000fff] usable ==> reserved
[    0.000137] e820: remove [mem 0x000a0000-0x000fffff] usable
[    0.000142] last_pfn = 0x47f600 max_arch_pfn = 0x400000000
[    0.000145] MTRR default type: write-back
[    0.000146] MTRR fixed ranges enabled:
[    0.000146]   00000-9FFFF write-back
[    0.000147]   A0000-BFFFF uncachable
[    0.000148]   C0000-DFFFF write-protect
[    0.000148]   E0000-FFFFF uncachable
[    0.000149] MTRR variable ranges enabled:
[    0.000149]   0 base 0080000000 mask 7F80000000 uncachable
[    0.000150]   1 base 007C000000 mask 7FFC000000 uncachable
[    0.000151]   2 base 007A000000 mask 7FFE000000 uncachable
[    0.000151]   3 base 0079000000 mask 7FFF000000 uncachable
[    0.000151]   4 disabled
[    0.000152]   5 disabled
[    0.000152]   6 disabled
[    0.000152]   7 disabled
[    0.000153]   8 disabled
[    0.000153]   9 disabled
[    0.009949] x86/PAT: Configuration [0-7]: WB  WC  UC- UC  WB  WP  UC- WT  
[    0.010043] last_pfn = 0x79000 max_arch_pfn = 0x400000000
[    0.021649] Base memory trampoline at [(____ptrval____)] 99000 size 24576
[    0.021652] Using GB pages for direct mapping
[    0.021653] BRK [0x33de01000, 0x33de01fff] PGTABLE
[    0.021654] BRK [0x33de02000, 0x33de02fff] PGTABLE
[    0.021655] BRK [0x33de03000, 0x33de03fff] PGTABLE
[    0.021680] BRK [0x33de04000, 0x33de04fff] PGTABLE
[    0.021681] BRK [0x33de05000, 0x33de05fff] PGTABLE
[    0.021754] BRK [0x33de06000, 0x33de06fff] PGTABLE
[    0.021773] BRK [0x33de07000, 0x33de07fff] PGTABLE
[    0.021821] BRK [0x33de08000, 0x33de08fff] PGTABLE
[    0.021938] Secure boot disabled
[    0.021939] RAMDISK: [mem 0x42aad000-0x48561fff]
[    0.021950] ACPI: Early table checksum verification disabled
[    0.021952] ACPI: RSDP 0x0000000078D8E014 000024 (v02 APPLE )
[    0.021956] ACPI: XSDT 0x0000000078D8E1C0 0000A4 (v01 APPLE  Apple00  00000000      01000013)
[    0.021960] ACPI: FACP 0x0000000078D8C000 0000F4 (v05 APPLE  Apple00  00000000 Loki 0000005F)
[    0.021962] ACPI BIOS Warning (bug): 32/64X length mismatch in FADT/Gpe0Block: 128/0 (20181213/tbfadt-569)
[    0.021965] ACPI: DSDT 0x0000000078D7F000 007331 (v03 APPLE  MacBookP 00110004 INTL 20140424)
[    0.021967] ACPI: FACS 0x0000000078D06000 000040
[    0.021969] ACPI: FACS 0x0000000078D06000 000040
[    0.021970] ACPI: HPET 0x0000000078D8B000 000038 (v01 APPLE  Apple00  00000001 Loki 0000005F)
[    0.021972] ACPI: APIC 0x0000000078D8A000 0000BC (v02 APPLE  Apple00  00000001 Loki 0000005F)
[    0.021973] ACPI: SBST 0x0000000078D88000 000030 (v01 APPLE  Apple00  00000001 Loki 0000005F)
[    0.021975] ACPI: ECDT 0x0000000078D87000 000053 (v01 APPLE  Apple00  00000001 Loki 0000005F)
[    0.021977] ACPI: SSDT 0x0000000078D7E000 000024 (v01 APPLE  SataAhci 00001000 INTL 20140424)
[    0.021979] ACPI: SSDT 0x0000000078D7D000 000024 (v01 APPLE  SmcDppt  00001000 INTL 20140424)
[    0.021981] ACPI: SSDT 0x0000000078D7C000 000032 (v01 APPLE  SsdtS3   00001000 INTL 20140424)
[    0.021982] ACPI: SSDT 0x0000000078D68000 0086DA (v01 APPLE  TbtPEG11 00001000 INTL 20140424)
[    0.021984] ACPI: SSDT 0x0000000078D67000 0000B8 (v01 APPLE  Sdxc     00001000 INTL 20140424)
[    0.021986] ACPI: SSDT 0x0000000078D66000 000A7B (v02 APPLE  Xhci     00001000 INTL 20140424)
[    0.021988] ACPI: SSDT 0x0000000078D64000 000341 (v01 APPLE  PEG0SSD0 00001000 INTL 20140424)
[    0.021989] ACPI: SSDT 0x0000000078D5F000 00069C (v01 PmRef  Cpu0Ist  00003000 INTL 20140424)
[    0.021991] ACPI: SSDT 0x0000000078D5E000 000C17 (v01 CpuRef CpuSsdt  00003000 INTL 20140424)
[    0.021993] ACPI: DMAR 0x0000000078D5D000 000088 (v01 APPLE  BDW      00000001 INTL 00000001)
[    0.021995] ACPI: MCFG 0x0000000078D89000 00003C (v01 APPLE  Apple00  00000001 Loki 0000005F)
[    0.022000] ACPI: DMI detected to setup _OSI("Darwin"): Apple hardware
[    0.022002] ACPI: Local APIC address 0xfee00000
[    0.022073] No NUMA configuration found
[    0.022074] Faking a node at [mem 0x0000000000000000-0x000000047f5fffff]
[    0.022082] NODE_DATA(0) allocated [mem 0x47f5d5000-0x47f5fffff]
[    0.051748] Zone ranges:
[    0.051750]   DMA      [mem 0x0000000000001000-0x0000000000ffffff]
[    0.051751]   DMA32    [mem 0x0000000001000000-0x00000000ffffffff]
[    0.051751]   Normal   [mem 0x0000000100000000-0x000000047f5fffff]
[    0.051752]   Device   empty
[    0.051753] Movable zone start for each node
[    0.051755] Early memory node ranges
[    0.051756]   node   0: [mem 0x0000000000001000-0x0000000000057fff]
[    0.051756]   node   0: [mem 0x0000000000059000-0x000000000009ffff]
[    0.051757]   node   0: [mem 0x0000000000100000-0x0000000078d00fff]
[    0.051757]   node   0: [mem 0x0000000078d49000-0x0000000078d5cfff]
[    0.051757]   node   0: [mem 0x0000000078d8f000-0x0000000078e39fff]
[    0.051758]   node   0: [mem 0x0000000078e8f000-0x0000000078ecbfff]
[    0.051758]   node   0: [mem 0x0000000078eff000-0x0000000078f84fff]
[    0.051758]   node   0: [mem 0x0000000078fdf000-0x0000000078ffffff]
[    0.051759]   node   0: [mem 0x0000000100000000-0x000000047f5fffff]
[    0.052134] Zeroed struct page in unavailable ranges: 29118 pages
[    0.052135] Initmem setup node 0 [mem 0x0000000000001000-0x000000047f5fffff]
[    0.052136] On node 0 totalpages: 4162626
[    0.052137]   DMA zone: 64 pages used for memmap
[    0.052137]   DMA zone: 22 pages reserved
[    0.052138]   DMA zone: 3998 pages, LIFO batch:0
[    0.052208]   DMA32 zone: 7675 pages used for memmap
[    0.052208]   DMA32 zone: 491172 pages, LIFO batch:63
[    0.064419]   Normal zone: 57304 pages used for memmap
[    0.064420]   Normal zone: 3667456 pages, LIFO batch:63
[    0.135606] Reserving Intel graphics memory at [mem 0x79a00000-0x7f9fffff]
[    0.135672] ACPI: PM-Timer IO Port: 0x1808
[    0.135673] ACPI: Local APIC address 0xfee00000
[    0.135679] ACPI: LAPIC_NMI (acpi_id[0x01] high edge lint[0x1])
[    0.135679] ACPI: LAPIC_NMI (acpi_id[0x02] high edge lint[0x1])
[    0.135680] ACPI: LAPIC_NMI (acpi_id[0x03] high edge lint[0x1])
[    0.135680] ACPI: LAPIC_NMI (acpi_id[0x04] high edge lint[0x1])
[    0.135681] ACPI: LAPIC_NMI (acpi_id[0x05] high edge lint[0x1])
[    0.135681] ACPI: LAPIC_NMI (acpi_id[0x06] high edge lint[0x1])
[    0.135681] ACPI: LAPIC_NMI (acpi_id[0x07] high edge lint[0x1])
[    0.135682] ACPI: LAPIC_NMI (acpi_id[0x08] high edge lint[0x1])
[    0.135696] IOAPIC[0]: apic_id 2, version 32, address 0xfec00000, GSI 0-23
[    0.135698] ACPI: INT_SRC_OVR (bus 0 bus_irq 0 global_irq 2 dfl dfl)
[    0.135699] ACPI: INT_SRC_OVR (bus 0 bus_irq 9 global_irq 9 high level)
[    0.135700] ACPI: IRQ0 used by override.
[    0.135700] ACPI: IRQ9 used by override.
[    0.135701] Using ACPI (MADT) for SMP configuration information
[    0.135702] ACPI: HPET id: 0x8086a201 base: 0xfed00000
[    0.135706] smpboot: Allowing 8 CPUs, 0 hotplug CPUs
[    0.135719] PM: Registered nosave memory: [mem 0x00000000-0x00000fff]
[    0.135720] PM: Registered nosave memory: [mem 0x00058000-0x00058fff]
[    0.135721] PM: Registered nosave memory: [mem 0x000a0000-0x000bffff]
[    0.135721] PM: Registered nosave memory: [mem 0x000c0000-0x000fffff]
[    0.135722] PM: Registered nosave memory: [mem 0x66282000-0x66282fff]
[    0.135723] PM: Registered nosave memory: [mem 0x66282000-0x66282fff]
[    0.135724] PM: Registered nosave memory: [mem 0x78d01000-0x78d48fff]
[    0.135725] PM: Registered nosave memory: [mem 0x78d5d000-0x78d8efff]
[    0.135726] PM: Registered nosave memory: [mem 0x78e3a000-0x78e8efff]
[    0.135727] PM: Registered nosave memory: [mem 0x78ecc000-0x78efefff]
[    0.135728] PM: Registered nosave memory: [mem 0x78f85000-0x78fdefff]
[    0.135729] PM: Registered nosave memory: [mem 0x79000000-0x7f9fffff]
[    0.135729] PM: Registered nosave memory: [mem 0x7fa00000-0xe00f7fff]
[    0.135730] PM: Registered nosave memory: [mem 0xe00f8000-0xe00f8fff]
[    0.135730] PM: Registered nosave memory: [mem 0xe00f9000-0xfed1bfff]
[    0.135730] PM: Registered nosave memory: [mem 0xfed1c000-0xfed1ffff]
[    0.135731] PM: Registered nosave memory: [mem 0xfed20000-0xffd6ffff]
[    0.135731] PM: Registered nosave memory: [mem 0xffd70000-0xffd9ffff]
[    0.135732] PM: Registered nosave memory: [mem 0xffda0000-0xffffffff]
[    0.135733] [mem 0x7fa00000-0xe00f7fff] available for PCI devices
[    0.135735] Booting paravirtualized kernel on bare hardware
[    0.135737] clocksource: refined-jiffies: mask: 0xffffffff max_cycles: 0xffffffff, max_idle_ns: 1910969940391419 ns
[    0.228313] random: get_random_bytes called from start_kernel+0x93/0x503 with crng_init=0
[    0.228318] setup_percpu: NR_CPUS:64 nr_cpumask_bits:64 nr_cpu_ids:8 nr_node_ids:1
[    0.228488] percpu: Embedded 44 pages/cpu @(____ptrval____) s143360 r8192 d28672 u262144
[    0.228493] pcpu-alloc: s143360 r8192 d28672 u262144 alloc=1*2097152
[    0.228493] pcpu-alloc: [0] 0 1 2 3 4 5 6 7 
[    0.228508] Built 1 zonelists, mobility grouping on.  Total pages: 4097561
[    0.228509] Policy zone: Normal
[    0.228511] Kernel command line: BOOT_IMAGE=/vmlinuz-5.0.0-rc8+ root=/dev/mapper/im--mac-root ro resume=/dev/mapper/im--mac-swap rd.lvm.lv=im-mac/root rd.luks.uuid=luks-dd1fa933-ef9f-402b-a2e4-7c9d6fb7ce0d rd.lvm.lv=im-mac/swap rhgb quiet hid_apple.fnmode=2 hid_apple.iso_layout=0
[    0.273267] Memory: 15843868K/16650504K available (12291K kernel code, 1404K rwdata, 4028K rodata, 2152K init, 4944K bss, 806636K reserved, 0K cma-reserved)
[    0.273406] SLUB: HWalign=64, Order=0-3, MinObjects=0, CPUs=8, Nodes=1
[    0.273413] Kernel/User page tables isolation: enabled
[    0.273434] ftrace: allocating 38173 entries in 150 pages
[    0.285821] rcu: Hierarchical RCU implementation.
[    0.285822] rcu: 	RCU restricting CPUs from NR_CPUS=64 to nr_cpu_ids=8.
[    0.285823] rcu: RCU calculated value of scheduler-enlistment delay is 100 jiffies.
[    0.285824] rcu: Adjusting geometry for rcu_fanout_leaf=16, nr_cpu_ids=8
[    0.287679] NR_IRQS: 4352, nr_irqs: 488, preallocated irqs: 16
[    0.287805] rcu: 	Offload RCU callbacks from CPUs: (none).
[    0.287848] Console: colour dummy device 80x25
[    0.287853] printk: console [tty0] enabled
[    0.287864] ACPI: Core revision 20181213
[    0.288075] clocksource: hpet: mask: 0xffffffff max_cycles: 0xffffffff, max_idle_ns: 133484882848 ns
[    0.288083] hpet clockevent registered
[    0.288087] APIC: Switch to symmetric I/O mode setup
[    0.288088] DMAR: Host address width 39
[    0.288089] DMAR: DRHD base: 0x000000fed90000 flags: 0x0
[    0.288092] DMAR: dmar0: reg_base_addr fed90000 ver 1:0 cap c0000020660462 ecap f0101a
[    0.288093] DMAR: DRHD base: 0x000000fed91000 flags: 0x1
[    0.288095] DMAR: dmar1: reg_base_addr fed91000 ver 1:0 cap d2008c20660462 ecap f010da
[    0.288095] DMAR: RMRR base: 0x00000079800000 end: 0x0000007f9fffff
[    0.288098] DMAR-IR: IOAPIC id 2 under DRHD base  0xfed91000 IOMMU 1
[    0.288099] DMAR-IR: HPET id 0 under DRHD base 0xfed91000
[    0.288099] DMAR-IR: x2apic is disabled because BIOS sets x2apic opt out bit.
[    0.288100] DMAR-IR: Use 'intremap=no_x2apic_optout' to override the BIOS setting.
[    0.288525] DMAR-IR: Enabled IRQ remapping in xapic mode
[    0.288525] x2apic: IRQ remapping doesn't support X2APIC mode
[    0.288902] ..TIMER: vector=0x30 apic1=0 pin1=2 apic2=-1 pin2=-1
[    0.293092] clocksource: tsc-early: mask: 0xffffffffffffffff max_cycles: 0x1fa399d7d70, max_idle_ns: 440795316542 ns
[    0.293102] Calibrating delay loop (skipped), value calculated using timer frequency.. 4389.92 BogoMIPS (lpj=2194960)
[    0.293103] pid_max: default: 32768 minimum: 301
[    0.307145] LSM: Security Framework initializing
[    0.307147] Yama: becoming mindful.
[    0.307150] SELinux:  Initializing.
[    0.309523] Dentry cache hash table entries: 2097152 (order: 12, 16777216 bytes)
[    0.310702] Inode-cache hash table entries: 1048576 (order: 11, 8388608 bytes)
[    0.310750] Mount-cache hash table entries: 32768 (order: 6, 262144 bytes)
[    0.310790] Mountpoint-cache hash table entries: 32768 (order: 6, 262144 bytes)
[    0.310962] ENERGY_PERF_BIAS: Set to 'normal', was 'performance'
[    0.310963] ENERGY_PERF_BIAS: View and update with x86_energy_perf_policy(8)
[    0.310967] mce: CPU supports 10 MCE banks
[    0.310975] mce: CPU0: Thermal monitoring enabled (TM1)
[    0.310988] process: using mwait in idle threads
[    0.310990] Last level iTLB entries: 4KB 1024, 2MB 1024, 4MB 1024
[    0.310990] Last level dTLB entries: 4KB 1024, 2MB 1024, 4MB 1024, 1GB 4
[    0.310992] Spectre V2 : Mitigation: Full generic retpoline
[    0.310992] Spectre V2 : Spectre v2 / SpectreRSB mitigation: Filling RSB on context switch
[    0.310992] Spectre V2 : Enabling Restricted Speculation for firmware calls
[    0.310999] Spectre V2 : mitigation: Enabling conditional Indirect Branch Prediction Barrier
[    0.310999] Spectre V2 : User space: Mitigation: STIBP via seccomp and prctl
[    0.311000] Speculative Store Bypass: Mitigation: Speculative Store Bypass disabled via prctl and seccomp
[    0.311168] Freeing SMP alternatives memory: 36K
[    0.312156] TSC deadline timer enabled
[    0.312159] smpboot: CPU0: Intel(R) Core(TM) i7-4770HQ CPU @ 2.20GHz (family: 0x6, model: 0x46, stepping: 0x1)
[    0.312227] Performance Events: PEBS fmt2+, Haswell events, 16-deep LBR, full-width counters, Intel PMU driver.
[    0.312263] ... version:                3
[    0.312264] ... bit width:              48
[    0.312264] ... generic registers:      4
[    0.312265] ... value mask:             0000ffffffffffff
[    0.312265] ... max period:             00007fffffffffff
[    0.312266] ... fixed-purpose events:   3
[    0.312266] ... event mask:             000000070000000f
[    0.312292] rcu: Hierarchical SRCU implementation.
[    0.312723] random: crng done (trusting CPU's manufacturer)
[    0.313093] NMI watchdog: Enabled. Permanently consumes one hw-PMU counter.
[    0.313121] smp: Bringing up secondary CPUs ...
[    0.313172] x86: Booting SMP configuration:
[    0.313172] .... node  #0, CPUs:      #1 #2 #3 #4 #5 #6 #7
[    0.362098] smp: Brought up 1 node, 8 CPUs
[    0.362099] smpboot: Max logical packages: 1
[    0.362101] smpboot: Total of 8 processors activated (35119.36 BogoMIPS)
[    0.363471] devtmpfs: initialized
[    0.363471] x86/mm: Memory block size: 128MB
[    0.364338] PM: Registering ACPI NVS region [mem 0x78d01000-0x78d48fff] (294912 bytes)
[    0.364338] clocksource: jiffies: mask: 0xffffffff max_cycles: 0xffffffff, max_idle_ns: 1911260446275000 ns
[    0.364338] futex hash table entries: 2048 (order: 5, 131072 bytes)
[    0.364338] pinctrl core: initialized pinctrl subsystem
[    0.364338] RTC time: 16:19:50, date: 2019-02-26
[    0.364429] NET: Registered protocol family 16
[    0.364515] audit: initializing netlink subsys (disabled)
[    0.364519] audit: type=2000 audit(1551197990.076:1): state=initialized audit_enabled=0 res=1
[    0.364519] cpuidle: using governor menu
[    0.364519] ACPI: bus type PCI registered
[    0.364519] acpiphp: ACPI Hot Plug PCI Controller Driver version: 0.5
[    0.364519] PCI: MMCONFIG for domain 0000 [bus 00-9b] at [mem 0xe0000000-0xe9bfffff] (base 0xe0000000)
[    0.364519] PCI: not using MMCONFIG
[    0.364519] PCI: Using configuration type 1 for base access
[    0.364519] core: PMU erratum BJ122, BV98, HSD29 worked around, HT is on
[    0.366126] HugeTLB registered 1.00 GiB page size, pre-allocated 0 pages
[    0.366126] HugeTLB registered 2.00 MiB page size, pre-allocated 0 pages
[    0.366126] cryptd: max_cpu_qlen set to 1000
[    0.366144] ACPI: Disabled all _OSI OS vendors
[    0.366146] ACPI: Added _OSI(Module Device)
[    0.366146] ACPI: Added _OSI(Processor Device)
[    0.366147] ACPI: Added _OSI(3.0 _SCP Extensions)
[    0.366147] ACPI: Added _OSI(Processor Aggregator Device)
[    0.366148] ACPI: Added _OSI(Linux-Dell-Video)
[    0.366149] ACPI: Added _OSI(Linux-Lenovo-NV-HDMI-Audio)
[    0.366149] ACPI: Added _OSI(Linux-HPI-Hybrid-Graphics)
[    0.366150] ACPI: Added _OSI(Darwin)
[    0.376885] ACPI: 10 ACPI AML tables successfully acquired and loaded
[    0.378094] ACPI: EC: EC started
[    0.378094] ACPI: EC: interrupt blocked
[    0.380531] ACPI: \: Used as first EC
[    0.380532] ACPI: \: GPE=0x17, EC_CMD/EC_SC=0x66, EC_DATA=0x62
[    0.380533] ACPI: \: Used as boot ECDT EC to handle transactions
[    0.381272] ACPI: BIOS _OSI(Darwin) query honored via DMI
[    0.381812] ACPI: [Firmware Bug]: BIOS _OSI(Linux) query ignored
[    0.381933] ACPI Error: Needed type [Reference], found [Integer] 00000000f70745f2 (20181213/exresop-69)
[    0.381937] ACPI Error: AE_AML_OPERAND_TYPE, While resolving operands for [OpcodeName unavailable] (20181213/dswexec-427)
[    0.381939] ACPI Error: Method parse/execution failed \_PR.CPU0._PDC, AE_AML_OPERAND_TYPE (20181213/psparse-531)
[    0.382127] ACPI: Dynamic OEM Table Load:
[    0.382133] ACPI: SSDT 0xFFFF9A5AECF15800 00067C (v01 PmRef  ApIst    00003000 INTL 20140424)
[    0.382510] ACPI: Dynamic OEM Table Load:
[    0.382513] ACPI: SSDT 0xFFFF9A5AECB9D000 000119 (v01 PmRef  ApCst    00003000 INTL 20140424)
[    0.383568] ACPI: Interpreter enabled
[    0.383585] ACPI: (supports S0 S3 S4 S5)
[    0.383585] ACPI: Using IOAPIC for interrupt routing
[    0.383603] PCI: MMCONFIG for domain 0000 [bus 00-9b] at [mem 0xe0000000-0xe9bfffff] (base 0xe0000000)
[    0.383996] PCI: MMCONFIG at [mem 0xe0000000-0xe9bfffff] reserved in ACPI motherboard resources
[    0.384004] PCI: Using host bridge windows from ACPI; if necessary, use "pci=nocrs" and report a bug
[    0.384185] ACPI: Enabled 7 GPEs in block 00 to 3F
[    0.392154] ACPI: PCI Root Bridge [PCI0] (domain 0000 [bus 00-ff])
[    0.392157] acpi PNP0A08:00: _OSC: OS assumes control of [PCIeHotplug SHPCHotplug AER PCIeCapability LTR]
[    0.392167] acpi PNP0A08:00: [Firmware Info]: MMCONFIG for domain 0000 [bus 00-9b] only partially covers this bridge
[    0.392360] PCI host bridge to bus 0000:00
[    0.392362] pci_bus 0000:00: root bus resource [io  0x0000-0x0cf7 window]
[    0.392363] pci_bus 0000:00: root bus resource [io  0x0d00-0xffff window]
[    0.392364] pci_bus 0000:00: root bus resource [mem 0x000a0000-0x000bffff window]
[    0.392365] pci_bus 0000:00: root bus resource [mem 0x000c0000-0x000c3fff window]
[    0.392366] pci_bus 0000:00: root bus resource [mem 0x000c4000-0x000c7fff window]
[    0.392367] pci_bus 0000:00: root bus resource [mem 0x000c8000-0x000cbfff window]
[    0.392368] pci_bus 0000:00: root bus resource [mem 0x000cc000-0x000cffff window]
[    0.392369] pci_bus 0000:00: root bus resource [mem 0x000d0000-0x000d3fff window]
[    0.392369] pci_bus 0000:00: root bus resource [mem 0x000d4000-0x000d7fff window]
[    0.392370] pci_bus 0000:00: root bus resource [mem 0x000d8000-0x000dbfff window]
[    0.392371] pci_bus 0000:00: root bus resource [mem 0x000dc000-0x000dffff window]
[    0.392372] pci_bus 0000:00: root bus resource [mem 0x000e0000-0x000e3fff window]
[    0.392373] pci_bus 0000:00: root bus resource [mem 0x000e4000-0x000e7fff window]
[    0.392374] pci_bus 0000:00: root bus resource [mem 0x000e8000-0x000ebfff window]
[    0.392375] pci_bus 0000:00: root bus resource [mem 0x000ec000-0x000effff window]
[    0.392376] pci_bus 0000:00: root bus resource [mem 0x000f0000-0x000fffff window]
[    0.392377] pci_bus 0000:00: root bus resource [mem 0x7fa00000-0xfeafffff window]
[    0.392378] pci_bus 0000:00: root bus resource [mem 0xfed40000-0xfed44fff window]
[    0.392379] pci_bus 0000:00: root bus resource [bus 00-ff]
[    0.392386] pci 0000:00:00.0: [8086:0d04] type 00 class 0x060000
[    0.392452] pci 0000:00:01.0: [8086:0d01] type 01 class 0x060400
[    0.392483] pci 0000:00:01.0: PME# supported from D0 D3hot D3cold
[    0.392529] pci 0000:00:01.1: [8086:0d05] type 01 class 0x060400
[    0.392557] pci 0000:00:01.1: PME# supported from D0 D3hot D3cold
[    0.392628] pci 0000:00:02.0: [8086:0d26] type 00 class 0x030000
[    0.392637] pci 0000:00:02.0: reg 0x10: [mem 0xa0000000-0xa03fffff 64bit]
[    0.392642] pci 0000:00:02.0: reg 0x18: [mem 0x90000000-0x9fffffff 64bit pref]
[    0.392645] pci 0000:00:02.0: reg 0x20: [io  0x3000-0x303f]
[    0.392654] pci 0000:00:02.0: BAR 2: assigned to efifb
[    0.392702] pci 0000:00:03.0: [8086:0d0c] type 00 class 0x040300
[    0.392709] pci 0000:00:03.0: reg 0x10: [mem 0xa0c10000-0xa0c13fff 64bit]
[    0.392788] pci 0000:00:14.0: [8086:8c31] type 00 class 0x0c0330
[    0.392806] pci 0000:00:14.0: reg 0x10: [mem 0xa0c00000-0xa0c0ffff 64bit]
[    0.392857] pci 0000:00:14.0: PME# supported from D3hot D3cold
[    0.392934] pci 0000:00:16.0: [8086:8c3a] type 00 class 0x078000
[    0.392953] pci 0000:00:16.0: reg 0x10: [mem 0xa0c19100-0xa0c1910f 64bit]
[    0.393007] pci 0000:00:16.0: PME# supported from D0 D3hot D3cold
[    0.393063] pci 0000:00:1b.0: [8086:8c20] type 00 class 0x040300
[    0.393080] pci 0000:00:1b.0: reg 0x10: [mem 0xa0c14000-0xa0c17fff 64bit]
[    0.393140] pci 0000:00:1b.0: PME# supported from D0 D3hot D3cold
[    0.393192] pci 0000:00:1c.0: [8086:8c10] type 01 class 0x060400
[    0.393234] pci 0000:00:1c.0: claimed MacBook Pro poweroff workaround [mem 0x7fa00000-0x7fbfffff]
[    0.393274] pci 0000:00:1c.0: PME# supported from D0 D3hot D3cold
[    0.393334] pci 0000:00:1c.2: [8086:8c14] type 01 class 0x060400
[    0.393403] pci 0000:00:1c.2: PME# supported from D0 D3hot D3cold
[    0.393462] pci 0000:00:1c.3: [8086:8c16] type 01 class 0x060400
[    0.393531] pci 0000:00:1c.3: PME# supported from D0 D3hot D3cold
[    0.393592] pci 0000:00:1f.0: [8086:8c4b] type 00 class 0x060100
[    0.393727] pci 0000:00:1f.3: [8086:8c22] type 00 class 0x0c0500
[    0.393743] pci 0000:00:1f.3: reg 0x10: [mem 0xa0c19000-0xa0c190ff 64bit]
[    0.393760] pci 0000:00:1f.3: reg 0x20: [io  0xefa0-0xefbf]
[    0.393819] pci 0000:00:1f.6: [8086:8c24] type 00 class 0x118000
[    0.393839] pci 0000:00:1f.6: reg 0x10: [mem 0xa0c18000-0xa0c18fff 64bit]
[    0.393984] pci 0000:01:00.0: [144d:a801] type 00 class 0x010601
[    0.394018] pci 0000:01:00.0: reg 0x24: [mem 0xa0b00000-0xa0b01fff]
[    0.394146] pci 0000:00:01.0: PCI bridge to [bus 01]
[    0.394148] pci 0000:00:01.0:   bridge window [mem 0xa0b00000-0xa0bfffff]
[    0.394194] pci 0000:05:00.0: [8086:156d] type 01 class 0x060400
[    0.394274] pci 0000:05:00.0: supports D1 D2
[    0.394275] pci 0000:05:00.0: PME# supported from D0 D1 D2 D3hot D3cold
[    0.394362] pci 0000:00:01.1: PCI bridge to [bus 05-9b]
[    0.394364] pci 0000:00:01.1:   bridge window [io  0x4000-0x6fff]
[    0.394366] pci 0000:00:01.1:   bridge window [mem 0xa0d00000-0xacdfffff]
[    0.394368] pci 0000:00:01.1:   bridge window [mem 0xace00000-0xb8dfffff 64bit pref]
[    0.394449] pci 0000:06:00.0: [8086:156d] type 01 class 0x060400
[    0.394537] pci 0000:06:00.0: supports D1 D2
[    0.394538] pci 0000:06:00.0: PME# supported from D0 D1 D2 D3hot D3cold
[    0.394603] pci 0000:06:03.0: [8086:156d] type 01 class 0x060400
[    0.394689] pci 0000:06:03.0: supports D1 D2
[    0.394690] pci 0000:06:03.0: PME# supported from D0 D1 D2 D3hot D3cold
[    0.394749] pci 0000:06:04.0: [8086:156d] type 01 class 0x060400
[    0.394834] pci 0000:06:04.0: supports D1 D2
[    0.394835] pci 0000:06:04.0: PME# supported from D0 D1 D2 D3hot D3cold
[    0.394897] pci 0000:06:05.0: [8086:156d] type 01 class 0x060400
[    0.394983] pci 0000:06:05.0: supports D1 D2
[    0.394984] pci 0000:06:05.0: PME# supported from D0 D1 D2 D3hot D3cold
[    0.395044] pci 0000:06:06.0: [8086:156d] type 01 class 0x060400
[    0.395130] pci 0000:06:06.0: supports D1 D2
[    0.395131] pci 0000:06:06.0: PME# supported from D0 D1 D2 D3hot D3cold
[    0.395201] pci 0000:05:00.0: PCI bridge to [bus 06-6b]
[    0.395205] pci 0000:05:00.0:   bridge window [io  0x4000-0x5fff]
[    0.395207] pci 0000:05:00.0:   bridge window [mem 0xa0d00000-0xa8dfffff]
[    0.395211] pci 0000:05:00.0:   bridge window [mem 0xace00000-0xb4dfffff 64bit pref]
[    0.395258] pci 0000:07:00.0: [8086:156c] type 00 class 0x088000
[    0.395283] pci 0000:07:00.0: reg 0x10: [mem 0xa0d00000-0xa0d3ffff]
[    0.395292] pci 0000:07:00.0: reg 0x14: [mem 0xa0d40000-0xa0d40fff]
[    0.395410] pci 0000:07:00.0: supports D1 D2
[    0.395411] pci 0000:07:00.0: PME# supported from D0 D1 D2 D3hot D3cold
[    0.395555] pci 0000:06:00.0: PCI bridge to [bus 07]
[    0.395560] pci 0000:06:00.0:   bridge window [mem 0xa0d00000-0xa0dfffff]
[    0.395614] pci 0000:06:03.0: PCI bridge to [bus 08-38]
[    0.395618] pci 0000:06:03.0:   bridge window [io  0x4000-0x4fff]
[    0.395620] pci 0000:06:03.0:   bridge window [mem 0xa0e00000-0xa4dfffff]
[    0.395624] pci 0000:06:03.0:   bridge window [mem 0xace00000-0xb0dfffff 64bit pref]
[    0.395674] pci 0000:06:04.0: PCI bridge to [bus 39]
[    0.395729] pci 0000:06:05.0: PCI bridge to [bus 3a-6a]
[    0.395733] pci 0000:06:05.0:   bridge window [io  0x5000-0x5fff]
[    0.395735] pci 0000:06:05.0:   bridge window [mem 0xa4e00000-0xa8dfffff]
[    0.395739] pci 0000:06:05.0:   bridge window [mem 0xb0e00000-0xb4dfffff 64bit pref]
[    0.395767] pci 0000:06:06.0: PCI bridge to [bus 6b]
[    0.395833] pci 0000:00:1c.0: PCI bridge to [bus 02]
[    0.395930] pci 0000:03:00.0: [14e4:43ba] type 00 class 0x028000
[    0.395995] pci 0000:03:00.0: reg 0x10: [mem 0xa0800000-0xa0807fff 64bit]
[    0.396022] pci 0000:03:00.0: reg 0x18: [mem 0xa0400000-0xa07fffff 64bit]
[    0.396232] pci 0000:03:00.0: supports D1 D2
[    0.396233] pci 0000:03:00.0: PME# supported from D0 D1 D2 D3hot D3cold
[    0.396468] pci 0000:00:1c.2: PCI bridge to [bus 03]
[    0.396473] pci 0000:00:1c.2:   bridge window [mem 0xa0400000-0xa08fffff]
[    0.396534] pci 0000:04:00.0: [14e4:1570] type 00 class 0x048000
[    0.396567] pci 0000:04:00.0: reg 0x10: [mem 0xa0a00000-0xa0a0ffff 64bit]
[    0.396581] pci 0000:04:00.0: reg 0x18: [mem 0x80000000-0x8fffffff 64bit pref]
[    0.396596] pci 0000:04:00.0: reg 0x20: [mem 0xa0900000-0xa09fffff 64bit]
[    0.396682] pci 0000:04:00.0: supports D1
[    0.396683] pci 0000:04:00.0: PME# supported from D0 D3hot
[    0.396790] pci 0000:00:1c.3: PCI bridge to [bus 04]
[    0.396794] pci 0000:00:1c.3:   bridge window [mem 0xa0900000-0xa0afffff]
[    0.396799] pci 0000:00:1c.3:   bridge window [mem 0x80000000-0x8fffffff 64bit pref]
[    0.397539] ACPI: PCI Interrupt Link [LNKA] (IRQs 1 3 4 5 6 7 10 12 14 15) *0, disabled.
[    0.397582] ACPI: PCI Interrupt Link [LNKB] (IRQs 1 3 4 5 6 7 11 12 14 15) *0, disabled.
[    0.397627] ACPI: PCI Interrupt Link [LNKC] (IRQs 1 3 4 5 6 7 10 12 14 15) *0, disabled.
[    0.397668] ACPI: PCI Interrupt Link [LNKD] (IRQs 1 3 4 5 6 7 11 12 14 15) *0, disabled.
[    0.397709] ACPI: PCI Interrupt Link [LNKE] (IRQs 1 3 4 5 6 7 10 12 14 15) *0, disabled.
[    0.397753] ACPI: PCI Interrupt Link [LNKF] (IRQs 1 3 4 5 6 7 11 12 14 15) *0, disabled.
[    0.397798] ACPI: PCI Interrupt Link [LNKG] (IRQs 1 3 4 5 6 7 10 12 14 15) *0, disabled.
[    0.397838] ACPI: PCI Interrupt Link [LNKH] (IRQs 1 3 4 5 6 7 11 12 14 15) *0, disabled.
[    0.397981] ACPI: EC: interrupt unblocked
[    0.397997] ACPI: EC: event unblocked
[    0.398007] ACPI: \_SB_.PCI0.LPCB.EC__: GPE=0x17, EC_CMD/EC_SC=0x66, EC_DATA=0x62
[    0.398008] ACPI: \_SB_.PCI0.LPCB.EC__: Used as boot DSDT EC to handle transactions and events
[    0.398104] pci 0000:00:02.0: vgaarb: setting as boot VGA device
[    0.398104] pci 0000:00:02.0: vgaarb: VGA device added: decodes=io+mem,owns=io+mem,locks=none
[    0.398104] pci 0000:00:02.0: vgaarb: bridge control possible
[    0.398104] vgaarb: loaded
[    0.398175] SCSI subsystem initialized
[    0.398185] libata version 3.00 loaded.
[    0.398185] ACPI: bus type USB registered
[    0.398185] usbcore: registered new interface driver usbfs
[    0.398185] usbcore: registered new interface driver hub
[    0.398185] usbcore: registered new device driver usb
[    0.398185] pps_core: LinuxPPS API ver. 1 registered
[    0.398185] pps_core: Software ver. 5.3.6 - Copyright 2005-2007 Rodolfo Giometti <giometti@linux.it>
[    0.398185] PTP clock support registered
[    0.398190] EDAC MC: Ver: 3.0.0
[    0.398200] Registered efivars operations
[    0.513652] PCI: Using ACPI for IRQ routing
[    0.515867] PCI: pci_cache_line_size set to 64 bytes
[    0.516000] e820: reserve RAM buffer [mem 0x00058000-0x0005ffff]
[    0.516001] e820: reserve RAM buffer [mem 0x66282710-0x67ffffff]
[    0.516002] e820: reserve RAM buffer [mem 0x78d01000-0x7bffffff]
[    0.516003] e820: reserve RAM buffer [mem 0x78d5d000-0x7bffffff]
[    0.516004] e820: reserve RAM buffer [mem 0x78e3a000-0x7bffffff]
[    0.516005] e820: reserve RAM buffer [mem 0x78ecc000-0x7bffffff]
[    0.516006] e820: reserve RAM buffer [mem 0x78f85000-0x7bffffff]
[    0.516007] e820: reserve RAM buffer [mem 0x79000000-0x7bffffff]
[    0.516008] e820: reserve RAM buffer [mem 0x47f600000-0x47fffffff]
[    0.516094] NetLabel: Initializing
[    0.516094] NetLabel:  domain hash size = 128
[    0.516094] NetLabel:  protocols = UNLABELED CIPSOv4 CALIPSO
[    0.516094] NetLabel:  unlabeled traffic allowed by default
[    0.516169] hpet0: at MMIO 0xfed00000, IRQs 2, 8, 0, 0, 0, 0, 0, 0
[    0.516172] hpet0: 8 comparators, 64-bit 14.318180 MHz counter
[    0.519112] clocksource: Switched to clocksource tsc-early
[    0.528652] VFS: Disk quotas dquot_6.6.0
[    0.528665] VFS: Dquot-cache hash table entries: 512 (order 0, 4096 bytes)
[    0.528713] pnp: PnP ACPI init
[    0.529365] system 00:00: [mem 0xfed00000-0xfed03fff] has been reserved
[    0.529369] system 00:00: Plug and Play ACPI device, IDs PNP0103 PNP0c01 (active)
[    0.529404] system 00:01: [io  0xffff] has been reserved
[    0.529405] system 00:01: [io  0x1800-0x187f] has been reserved
[    0.529407] system 00:01: [io  0x0800-0x087f] has been reserved
[    0.529410] system 00:01: Plug and Play ACPI device, IDs PNP0c02 (active)
[    0.529421] pnp 00:02: Plug and Play ACPI device, IDs PNP0b00 (active)
[    0.529465] pnp 00:03: Plug and Play ACPI device, IDs APP000b (active)
[    0.529564] system 00:04: [mem 0xfed1c000-0xfed1ffff] has been reserved
[    0.529566] system 00:04: [mem 0xfed10000-0xfed17fff] has been reserved
[    0.529567] system 00:04: [mem 0xfed18000-0xfed18fff] has been reserved
[    0.529568] system 00:04: [mem 0xfed19000-0xfed19fff] has been reserved
[    0.529569] system 00:04: [mem 0xe0000000-0xefffffff] could not be reserved
[    0.529570] system 00:04: [mem 0xfed20000-0xfed3ffff] has been reserved
[    0.529571] system 00:04: [mem 0xfed90000-0xfed93fff] could not be reserved
[    0.529573] system 00:04: [mem 0xfed45000-0xfed8ffff] has been reserved
[    0.529574] system 00:04: [mem 0xff000000-0xffffffff] could not be reserved
[    0.529575] system 00:04: [mem 0xfee00000-0xfeefffff] has been reserved
[    0.529578] system 00:04: Plug and Play ACPI device, IDs PNP0c02 (active)
[    0.529615] system 00:05: [mem 0x20000000-0x201fffff] could not be reserved
[    0.529616] system 00:05: [mem 0x40000000-0x401fffff] could not be reserved
[    0.529619] system 00:05: Plug and Play ACPI device, IDs PNP0c01 (active)
[    0.529733] pnp: PnP ACPI: found 6 devices
[    0.530544] pci 0000:07:00.0: assigning 8 device properties
[    0.530552] pci 0000:00:1b.0: assigning 4 device properties
[    0.530557] pci 0000:00:02.0: assigning 2 device properties
[    0.535130] clocksource: acpi_pm: mask: 0xffffff max_cycles: 0xffffff, max_idle_ns: 2085701024 ns
[    0.535164] pci 0000:06:00.0: bridge window [io  0x1000-0x0fff] to [bus 07] add_size 1000
[    0.535166] pci 0000:06:00.0: bridge window [mem 0x00100000-0x000fffff 64bit pref] to [bus 07] add_size 200000 add_align 100000
[    0.535177] pci 0000:06:04.0: bridge window [io  0x1000-0x0fff] to [bus 39] add_size 1000
[    0.535178] pci 0000:06:04.0: bridge window [mem 0x00100000-0x000fffff 64bit pref] to [bus 39] add_size 200000 add_align 100000
[    0.535179] pci 0000:06:04.0: bridge window [mem 0x00100000-0x000fffff] to [bus 39] add_size 200000 add_align 100000
[    0.535190] pci 0000:06:06.0: bridge window [io  0x1000-0x0fff] to [bus 6b] add_size 1000
[    0.535191] pci 0000:06:06.0: bridge window [mem 0x00100000-0x000fffff 64bit pref] to [bus 6b] add_size 200000 add_align 100000
[    0.535192] pci 0000:06:06.0: bridge window [mem 0x00100000-0x000fffff] to [bus 6b] add_size 200000 add_align 100000
[    0.535210] pci 0000:00:1c.0: bridge window [io  0x1000-0x0fff] to [bus 02] add_size 1000
[    0.535211] pci 0000:00:1c.0: bridge window [mem 0x00100000-0x000fffff 64bit pref] to [bus 02] add_size 200000 add_align 100000
[    0.535212] pci 0000:00:1c.0: bridge window [mem 0x00100000-0x000fffff] to [bus 02] add_size 200000 add_align 100000
[    0.535232] pci 0000:00:1c.0: BAR 14: assigned [mem 0x7fc00000-0x7fdfffff]
[    0.535239] pci 0000:00:1c.0: BAR 15: assigned [mem 0x7fe00000-0x7fffffff 64bit pref]
[    0.535241] pci 0000:00:1c.0: BAR 13: assigned [io  0x2000-0x2fff]
[    0.535244] pci 0000:00:01.0: PCI bridge to [bus 01]
[    0.535246] pci 0000:00:01.0:   bridge window [mem 0xa0b00000-0xa0bfffff]
[    0.535253] pci 0000:06:00.0: BAR 15: no space for [mem size 0x00200000 64bit pref]
[    0.535254] pci 0000:06:00.0: BAR 15: failed to assign [mem size 0x00200000 64bit pref]
[    0.535255] pci 0000:06:04.0: BAR 14: no space for [mem size 0x00200000]
[    0.535256] pci 0000:06:04.0: BAR 14: failed to assign [mem size 0x00200000]
[    0.535258] pci 0000:06:04.0: BAR 15: no space for [mem size 0x00200000 64bit pref]
[    0.535259] pci 0000:06:04.0: BAR 15: failed to assign [mem size 0x00200000 64bit pref]
[    0.535260] pci 0000:06:06.0: BAR 14: no space for [mem size 0x00200000]
[    0.535261] pci 0000:06:06.0: BAR 14: failed to assign [mem size 0x00200000]
[    0.535263] pci 0000:06:06.0: BAR 15: no space for [mem size 0x00200000 64bit pref]
[    0.535264] pci 0000:06:06.0: BAR 15: failed to assign [mem size 0x00200000 64bit pref]
[    0.535265] pci 0000:06:00.0: BAR 13: no space for [io  size 0x1000]
[    0.535266] pci 0000:06:00.0: BAR 13: failed to assign [io  size 0x1000]
[    0.535267] pci 0000:06:04.0: BAR 13: no space for [io  size 0x1000]
[    0.535268] pci 0000:06:04.0: BAR 13: failed to assign [io  size 0x1000]
[    0.535269] pci 0000:06:06.0: BAR 13: no space for [io  size 0x1000]
[    0.535270] pci 0000:06:06.0: BAR 13: failed to assign [io  size 0x1000]
[    0.535271] pci 0000:06:06.0: BAR 14: no space for [mem size 0x00200000]
[    0.535272] pci 0000:06:06.0: BAR 14: failed to assign [mem size 0x00200000]
[    0.535274] pci 0000:06:06.0: BAR 15: no space for [mem size 0x00200000 64bit pref]
[    0.535275] pci 0000:06:06.0: BAR 15: failed to assign [mem size 0x00200000 64bit pref]
[    0.535276] pci 0000:06:06.0: BAR 13: no space for [io  size 0x1000]
[    0.535277] pci 0000:06:06.0: BAR 13: failed to assign [io  size 0x1000]
[    0.535278] pci 0000:06:04.0: BAR 14: no space for [mem size 0x00200000]
[    0.535279] pci 0000:06:04.0: BAR 14: failed to assign [mem size 0x00200000]
[    0.535281] pci 0000:06:04.0: BAR 15: no space for [mem size 0x00200000 64bit pref]
[    0.535282] pci 0000:06:04.0: BAR 15: failed to assign [mem size 0x00200000 64bit pref]
[    0.535283] pci 0000:06:04.0: BAR 13: no space for [io  size 0x1000]
[    0.535284] pci 0000:06:04.0: BAR 13: failed to assign [io  size 0x1000]
[    0.535285] pci 0000:06:00.0: BAR 15: no space for [mem size 0x00200000 64bit pref]
[    0.535286] pci 0000:06:00.0: BAR 15: failed to assign [mem size 0x00200000 64bit pref]
[    0.535287] pci 0000:06:00.0: BAR 13: no space for [io  size 0x1000]
[    0.535288] pci 0000:06:00.0: BAR 13: failed to assign [io  size 0x1000]
[    0.535289] pci 0000:06:00.0: PCI bridge to [bus 07]
[    0.535293] pci 0000:06:00.0:   bridge window [mem 0xa0d00000-0xa0dfffff]
[    0.535299] pci 0000:06:03.0: PCI bridge to [bus 08-38]
[    0.535300] pci 0000:06:03.0:   bridge window [io  0x4000-0x4fff]
[    0.535304] pci 0000:06:03.0:   bridge window [mem 0xa0e00000-0xa4dfffff]
[    0.535306] pci 0000:06:03.0:   bridge window [mem 0xace00000-0xb0dfffff 64bit pref]
[    0.535310] pci 0000:06:04.0: PCI bridge to [bus 39]
[    0.535318] pci 0000:06:05.0: PCI bridge to [bus 3a-6a]
[    0.535320] pci 0000:06:05.0:   bridge window [io  0x5000-0x5fff]
[    0.535323] pci 0000:06:05.0:   bridge window [mem 0xa4e00000-0xa8dfffff]
[    0.535325] pci 0000:06:05.0:   bridge window [mem 0xb0e00000-0xb4dfffff 64bit pref]
[    0.535330] pci 0000:06:06.0: PCI bridge to [bus 6b]
[    0.535337] pci 0000:05:00.0: PCI bridge to [bus 06-6b]
[    0.535339] pci 0000:05:00.0:   bridge window [io  0x4000-0x5fff]
[    0.535342] pci 0000:05:00.0:   bridge window [mem 0xa0d00000-0xa8dfffff]
[    0.535345] pci 0000:05:00.0:   bridge window [mem 0xace00000-0xb4dfffff 64bit pref]
[    0.535348] pci 0000:00:01.1: PCI bridge to [bus 05-9b]
[    0.535350] pci 0000:00:01.1:   bridge window [io  0x4000-0x6fff]
[    0.535351] pci 0000:00:01.1:   bridge window [mem 0xa0d00000-0xacdfffff]
[    0.535353] pci 0000:00:01.1:   bridge window [mem 0xace00000-0xb8dfffff 64bit pref]
[    0.535356] pci 0000:00:1c.0: PCI bridge to [bus 02]
[    0.535363] pci 0000:00:1c.0:   bridge window [io  0x2000-0x2fff]
[    0.535367] pci 0000:00:1c.0:   bridge window [mem 0x7fc00000-0x7fdfffff]
[    0.535370] pci 0000:00:1c.0:   bridge window [mem 0x7fe00000-0x7fffffff 64bit pref]
[    0.535375] pci 0000:00:1c.2: PCI bridge to [bus 03]
[    0.535379] pci 0000:00:1c.2:   bridge window [mem 0xa0400000-0xa08fffff]
[    0.535386] pci 0000:00:1c.3: PCI bridge to [bus 04]
[    0.535390] pci 0000:00:1c.3:   bridge window [mem 0xa0900000-0xa0afffff]
[    0.535393] pci 0000:00:1c.3:   bridge window [mem 0x80000000-0x8fffffff 64bit pref]
[    0.535399] pci_bus 0000:00: resource 4 [io  0x0000-0x0cf7 window]
[    0.535400] pci_bus 0000:00: resource 5 [io  0x0d00-0xffff window]
[    0.535401] pci_bus 0000:00: resource 6 [mem 0x000a0000-0x000bffff window]
[    0.535402] pci_bus 0000:00: resource 7 [mem 0x000c0000-0x000c3fff window]
[    0.535403] pci_bus 0000:00: resource 8 [mem 0x000c4000-0x000c7fff window]
[    0.535404] pci_bus 0000:00: resource 9 [mem 0x000c8000-0x000cbfff window]
[    0.535405] pci_bus 0000:00: resource 10 [mem 0x000cc000-0x000cffff window]
[    0.535406] pci_bus 0000:00: resource 11 [mem 0x000d0000-0x000d3fff window]
[    0.535407] pci_bus 0000:00: resource 12 [mem 0x000d4000-0x000d7fff window]
[    0.535408] pci_bus 0000:00: resource 13 [mem 0x000d8000-0x000dbfff window]
[    0.535409] pci_bus 0000:00: resource 14 [mem 0x000dc000-0x000dffff window]
[    0.535410] pci_bus 0000:00: resource 15 [mem 0x000e0000-0x000e3fff window]
[    0.535411] pci_bus 0000:00: resource 16 [mem 0x000e4000-0x000e7fff window]
[    0.535412] pci_bus 0000:00: resource 17 [mem 0x000e8000-0x000ebfff window]
[    0.535412] pci_bus 0000:00: resource 18 [mem 0x000ec000-0x000effff window]
[    0.535413] pci_bus 0000:00: resource 19 [mem 0x000f0000-0x000fffff window]
[    0.535414] pci_bus 0000:00: resource 20 [mem 0x7fa00000-0xfeafffff window]
[    0.535415] pci_bus 0000:00: resource 21 [mem 0xfed40000-0xfed44fff window]
[    0.535417] pci_bus 0000:01: resource 1 [mem 0xa0b00000-0xa0bfffff]
[    0.535418] pci_bus 0000:05: resource 0 [io  0x4000-0x6fff]
[    0.535419] pci_bus 0000:05: resource 1 [mem 0xa0d00000-0xacdfffff]
[    0.535420] pci_bus 0000:05: resource 2 [mem 0xace00000-0xb8dfffff 64bit pref]
[    0.535420] pci_bus 0000:06: resource 0 [io  0x4000-0x5fff]
[    0.535421] pci_bus 0000:06: resource 1 [mem 0xa0d00000-0xa8dfffff]
[    0.535422] pci_bus 0000:06: resource 2 [mem 0xace00000-0xb4dfffff 64bit pref]
[    0.535424] pci_bus 0000:07: resource 1 [mem 0xa0d00000-0xa0dfffff]
[    0.535425] pci_bus 0000:08: resource 0 [io  0x4000-0x4fff]
[    0.535426] pci_bus 0000:08: resource 1 [mem 0xa0e00000-0xa4dfffff]
[    0.535427] pci_bus 0000:08: resource 2 [mem 0xace00000-0xb0dfffff 64bit pref]
[    0.535428] pci_bus 0000:3a: resource 0 [io  0x5000-0x5fff]
[    0.535429] pci_bus 0000:3a: resource 1 [mem 0xa4e00000-0xa8dfffff]
[    0.535429] pci_bus 0000:3a: resource 2 [mem 0xb0e00000-0xb4dfffff 64bit pref]
[    0.535431] pci_bus 0000:02: resource 0 [io  0x2000-0x2fff]
[    0.535431] pci_bus 0000:02: resource 1 [mem 0x7fc00000-0x7fdfffff]
[    0.535432] pci_bus 0000:02: resource 2 [mem 0x7fe00000-0x7fffffff 64bit pref]
[    0.535433] pci_bus 0000:03: resource 1 [mem 0xa0400000-0xa08fffff]
[    0.535434] pci_bus 0000:04: resource 1 [mem 0xa0900000-0xa0afffff]
[    0.535435] pci_bus 0000:04: resource 2 [mem 0x80000000-0x8fffffff 64bit pref]
[    0.535536] NET: Registered protocol family 2
[    0.535656] tcp_listen_portaddr_hash hash table entries: 8192 (order: 5, 131072 bytes)
[    0.535702] TCP established hash table entries: 131072 (order: 8, 1048576 bytes)
[    0.535849] TCP bind hash table entries: 65536 (order: 8, 1048576 bytes)
[    0.535966] TCP: Hash tables configured (established 131072 bind 65536)
[    0.535995] UDP hash table entries: 8192 (order: 6, 262144 bytes)
[    0.536032] UDP-Lite hash table entries: 8192 (order: 6, 262144 bytes)
[    0.536102] NET: Registered protocol family 1
[    0.536106] NET: Registered protocol family 44
[    0.536115] pci 0000:00:02.0: Video device with shadowed ROM at [mem 0x000c0000-0x000dffff]
[    0.536332] PCI: CLS 256 bytes, default 64
[    0.536361] Unpacking initramfs...
[    1.686156] Freeing initrd memory: 92884K
[    1.692141] PCI-DMA: Using software bounce buffering for IO (SWIOTLB)
[    1.692143] software IO TLB: mapped [mem 0x5f070000-0x63070000] (64MB)
[    1.695165] Initialise system trusted keyrings
[    1.695177] Key type blacklist registered
[    1.695217] workingset: timestamp_bits=36 max_order=22 bucket_order=0
[    1.696219] zbud: loaded
[    1.828296] alg: No test for 842 (842-generic)
[    1.828894] alg: No test for 842 (842-scomp)
[    1.849872] NET: Registered protocol family 38
[    1.849874] Key type asymmetric registered
[    1.849875] Asymmetric key parser 'x509' registered
[    1.849885] Block layer SCSI generic (bsg) driver version 0.4 loaded (major 243)
[    1.849913] io scheduler mq-deadline registered
[    1.849973] atomic64_test: passed for x86-64 platform with CX8 and with SSE
[    1.850357] pciehp 0000:00:1c.0:pcie004: Slot #0 AttnBtn- PwrCtrl- MRL- AttnInd- PwrInd- HotPlug+ Surprise+ Interlock- NoCompl+ LLActRep+
[    1.850828] pciehp 0000:06:00.0:pcie204: Slot #0 AttnBtn- PwrCtrl- MRL- AttnInd- PwrInd- HotPlug+ Surprise+ Interlock- NoCompl+ LLActRep+
[    1.850978] pciehp 0000:06:03.0:pcie204: Slot #3 AttnBtn- PwrCtrl- MRL- AttnInd- PwrInd- HotPlug+ Surprise+ Interlock- NoCompl+ LLActRep+
[    1.851130] pciehp 0000:06:04.0:pcie204: Slot #4 AttnBtn- PwrCtrl- MRL- AttnInd- PwrInd- HotPlug+ Surprise+ Interlock- NoCompl+ LLActRep+
[    1.851275] pciehp 0000:06:05.0:pcie204: Slot #5 AttnBtn- PwrCtrl- MRL- AttnInd- PwrInd- HotPlug+ Surprise+ Interlock- NoCompl+ LLActRep+
[    1.851427] pciehp 0000:06:06.0:pcie204: Slot #6 AttnBtn- PwrCtrl- MRL- AttnInd- PwrInd- HotPlug+ Surprise+ Interlock- NoCompl+ LLActRep+
[    1.851504] shpchp: Standard Hot Plug PCI Controller Driver version: 0.4
[    1.851520] efifb: probing for efifb
[    1.851535] efifb: No BGRT, not showing boot graphics
[    1.851536] efifb: framebuffer at 0x90000000, using 20700k, total 20700k
[    1.851537] efifb: mode is 2880x1800x32, linelength=11776, pages=1
[    1.851537] efifb: scrolling: redraw
[    1.851538] efifb: Truecolor: size=8:8:8:8, shift=24:16:8:0
[    1.851569] fbcon: Deferring console take-over
[    1.851570] fb0: EFI VGA frame buffer device
[    1.851576] intel_idle: MWAIT substates: 0x42120
[    1.851577] intel_idle: v0.4.1 model 0x46
[    1.851811] intel_idle: lapic_timer_reliable_states 0xffffffff
[    1.851915] ACPI: AC Adapter [ADP1] (on-line)
[    1.851957] input: Lid Switch as /devices/LNXSYSTM:00/LNXSYBUS:00/PNP0C0D:00/input/input0
[    1.851986] ACPI: Lid Switch [LID0]
[    1.852019] input: Power Button as /devices/LNXSYSTM:00/LNXSYBUS:00/PNP0C0C:00/input/input1
[    1.852025] ACPI: Power Button [PWRB]
[    1.852045] input: Sleep Button as /devices/LNXSYSTM:00/LNXSYBUS:00/PNP0C0E:00/input/input2
[    1.852048] ACPI: Sleep Button [SLPB]
[    1.852067] input: Power Button as /devices/LNXSYSTM:00/LNXPWRBN:00/input/input3
[    1.852077] ACPI: Power Button [PWRF]
[    1.853091] Serial: 8250/16550 driver, 32 ports, IRQ sharing enabled
[    1.854521] Non-volatile memory driver v1.3
[    1.854539] Linux agpgart interface v0.103
[    1.855180] ahci 0000:01:00.0: version 3.0
[    1.885829] ahci 0000:01:00.0: AHCI 0001.0300 32 slots 1 ports 6 Gbps 0x1 impl SATA mode
[    1.885833] ahci 0000:01:00.0: flags: 64bit ncq led clo only pio ccc 
[    1.886250] scsi host0: ahci
[    1.886345] ata1: SATA max UDMA/133 abar m8192@0xa0b00000 port 0xa0b00100 irq 33
[    1.886431] libphy: Fixed MDIO Bus: probed
[    1.886569] ehci_hcd: USB 2.0 'Enhanced' Host Controller (EHCI) Driver
[    1.886574] ehci-pci: EHCI PCI platform driver
[    1.886593] ohci_hcd: USB 1.1 'Open' Host Controller (OHCI) Driver
[    1.886595] ohci-pci: OHCI PCI platform driver
[    1.886603] uhci_hcd: USB Universal Host Controller Interface driver
[    1.886782] xhci_hcd 0000:00:14.0: xHCI Host Controller
[    1.886910] xhci_hcd 0000:00:14.0: new USB bus registered, assigned bus number 1
[    1.888007] xhci_hcd 0000:00:14.0: hcc params 0x200077c1 hci version 0x100 quirks 0x0000000000009810
[    1.888011] xhci_hcd 0000:00:14.0: cache line size of 256 is not supported
[    1.888170] usb usb1: New USB device found, idVendor=1d6b, idProduct=0002, bcdDevice= 5.00
[    1.888171] usb usb1: New USB device strings: Mfr=3, Product=2, SerialNumber=1
[    1.888172] usb usb1: Product: xHCI Host Controller
[    1.888173] usb usb1: Manufacturer: Linux 5.0.0-rc8+ xhci-hcd
[    1.888174] usb usb1: SerialNumber: 0000:00:14.0
[    1.888327] hub 1-0:1.0: USB hub found
[    1.888347] hub 1-0:1.0: 14 ports detected
[    1.888650] xhci_hcd 0000:00:14.0: xHCI Host Controller
[    1.888739] xhci_hcd 0000:00:14.0: new USB bus registered, assigned bus number 2
[    1.888743] xhci_hcd 0000:00:14.0: Host supports USB 3.0  SuperSpeed
[    1.888802] usb usb2: New USB device found, idVendor=1d6b, idProduct=0003, bcdDevice= 5.00
[    1.888803] usb usb2: New USB device strings: Mfr=3, Product=2, SerialNumber=1
[    1.888804] usb usb2: Product: xHCI Host Controller
[    1.888804] usb usb2: Manufacturer: Linux 5.0.0-rc8+ xhci-hcd
[    1.888805] usb usb2: SerialNumber: 0000:00:14.0
[    1.888888] hub 2-0:1.0: USB hub found
[    1.888903] hub 2-0:1.0: 6 ports detected
[    1.888933] usb: port power management may be unreliable
[    1.889049] usbcore: registered new interface driver usbserial_generic
[    1.889053] usbserial: USB Serial support registered for generic
[    1.889069] i8042: PNP: No PS/2 controller found.
[    1.889111] mousedev: PS/2 mouse device common for all mice
[    1.889308] rtc_cmos 00:02: RTC can wake from S4
[    1.889446] rtc_cmos 00:02: registered as rtc0
[    1.889447] rtc_cmos 00:02: alarms up to one month, y3k, 242 bytes nvram, hpet irqs
[    1.889513] device-mapper: uevent: version 1.0.3
[    1.889582] device-mapper: ioctl: 4.39.0-ioctl (2018-04-03) initialised: dm-devel@redhat.com
[    1.889682] intel_pstate: Intel P-state driver initializing
[    1.890241] hidraw: raw HID events driver (C) Jiri Kosina
[    1.890322] usbcore: registered new interface driver usbhid
[    1.890323] usbhid: USB HID core driver
[    1.890592] drop_monitor: Initializing network drop monitor service
[    1.890944] Initializing XFRM netlink socket
[    1.891232] NET: Registered protocol family 10
[    1.900413] Segment Routing with IPv6
[    1.900436] mip6: Mobile IPv6
[    1.900438] NET: Registered protocol family 17
[    1.901143] RAS: Correctable Errors collector initialized.
[    1.901185] microcode: sig=0x40661, pf=0x20, revision=0x1a
[    1.901305] microcode: Microcode Update Driver: v2.2.
[    1.901314] AVX2 version of gcm_enc/dec engaged.
[    1.901314] AES CTR mode by8 optimization enabled
[    1.938912] sched_clock: Marking stable (1938640894, 262005)->(2022019181, -83116282)
[    1.939226] registered taskstats version 1
[    1.939234] Loading compiled-in X.509 certificates
[    1.971000] Loaded X.509 cert 'Build time autogenerated kernel key: 307e4e8a55fe74f83f10b61aeadbf24a5fc6325b'
[    1.971021] zswap: loaded using pool lzo/zbud
[    1.975971] Key type big_key registered
[    1.978071] Key type encrypted registered
[    1.978077] ima: No TPM chip found, activating TPM-bypass!
[    1.978083] ima: Allocated hash algorithm: sha1
[    1.978087] No architecture policies found
[    1.978662]   Magic number: 7:896:338
[    1.978691] tty tty59: hash matches
[    1.978800] rtc_cmos 00:02: setting system clock to 2019-02-26T16:19:52 UTC (1551197992)
[    2.210394] usb 2-4: new SuperSpeed Gen 1 USB device number 2 using xhci_hcd
[    2.214870] ata1: SATA link up 6.0 Gbps (SStatus 133 SControl 300)
[    2.216800] ata1.00: unexpected _GTF length (8)
[    2.216943] ata1.00: ATA-8: APPLE SSD SM0256G, BXW1SA0Q, max UDMA/133
[    2.216946] ata1.00: 490234752 sectors, multi 16: LBA48 NCQ (depth 32), AA
[    2.217386] ata1.00: unexpected _GTF length (8)
[    2.217532] ata1.00: configured for UDMA/133
[    2.217792] scsi 0:0:0:0: Direct-Access     ATA      APPLE SSD SM0256 SA0Q PQ: 0 ANSI: 5
[    2.218072] sd 0:0:0:0: Attached scsi generic sg0 type 0
[    2.218237] sd 0:0:0:0: [sda] 490234752 512-byte logical blocks: (251 GB/234 GiB)
[    2.218241] sd 0:0:0:0: [sda] 4096-byte physical blocks
[    2.218258] sd 0:0:0:0: [sda] Write Protect is off
[    2.218261] sd 0:0:0:0: [sda] Mode Sense: 00 3a 00 00
[    2.218287] sd 0:0:0:0: [sda] Write cache: enabled, read cache: enabled, doesn't support DPO or FUA
[    2.219952]  sda: sda1 sda2 sda3 sda4
[    2.220731] sd 0:0:0:0: [sda] Attached SCSI disk
[    2.221736] Freeing unused decrypted memory: 2040K
[    2.222031] Freeing unused kernel image memory: 2152K
[    2.224809] usb 2-4: New USB device found, idVendor=05ac, idProduct=8406, bcdDevice= 8.20
[    2.224811] usb 2-4: New USB device strings: Mfr=3, Product=4, SerialNumber=5
[    2.224812] usb 2-4: Product: Card Reader
[    2.224814] usb 2-4: Manufacturer: Apple
[    2.224815] usb 2-4: SerialNumber: 000000000820
[    2.232176] Write protecting the kernel read-only data: 18432k
[    2.232704] Freeing unused kernel image memory: 2020K
[    2.232798] Freeing unused kernel image memory: 68K
[    2.240103] x86/mm: Checked W+X mappings: passed, no W+X pages found.
[    2.240107] rodata_test: all tests were successful
[    2.240108] x86/mm: Checking user space page tables
[    2.246759] x86/mm: Checked W+X mappings: passed, no W+X pages found.
[    2.246761] Run /init as init process
[    2.337118] usb 1-8: new full-speed USB device number 2 using xhci_hcd
[    2.465000] usb 1-8: New USB device found, idVendor=05ac, idProduct=8290, bcdDevice= 1.61
[    2.465006] usb 1-8: New USB device strings: Mfr=1, Product=2, SerialNumber=0
[    2.465010] usb 1-8: Product: Bluetooth USB Host Controller
[    2.465014] usb 1-8: Manufacturer: Broadcom Corp.
[    2.468341] input: Broadcom Corp. Bluetooth USB Host Controller as /devices/pci0000:00/0000:00:14.0/usb1/1-8/1-8:1.0/0003:05AC:8290.0001/input/input4
[    2.479580] systemd[1]: systemd 239 running in system mode. (+PAM +AUDIT +SELINUX +IMA -APPARMOR +SMACK +SYSVINIT +UTMP +LIBCRYPTSETUP +GCRYPT +GNUTLS +ACL +XZ +LZ4 +SECCOMP +BLKID +ELFUTILS +KMOD +IDN2 -IDN +PCRE2 default-hierarchy=hybrid)
[    2.491259] systemd[1]: Detected architecture x86-64.
[    2.491262] systemd[1]: Running in initial RAM disk.
[    2.495719] systemd[1]: Set hostname to <im-mac>.
[    2.521368] hid-generic 0003:05AC:8290.0001: input,hidraw0: USB HID v1.11 Keyboard [Broadcom Corp. Bluetooth USB Host Controller] on usb-0000:00:14.0-8/input0
[    2.522013] input: Broadcom Corp. Bluetooth USB Host Controller as /devices/pci0000:00/0000:00:14.0/usb1/1-8/1-8:1.1/0003:05AC:8290.0002/input/input5
[    2.522136] hid-generic 0003:05AC:8290.0002: input,hidraw1: USB HID v1.11 Mouse [Broadcom Corp. Bluetooth USB Host Controller] on usb-0000:00:14.0-8/input1
[    2.553014] systemd[1]: Listening on Journal Audit Socket.
[    2.553048] systemd[1]: Reached target Swap.
[    2.553084] systemd[1]: Listening on udev Kernel Socket.
[    2.553089] systemd[1]: Reached target Timers.
[    2.553175] systemd[1]: Listening on udev Control Socket.
[    2.554198] systemd[1]: Created slice system-systemd\x2dcryptsetup.slice.
[    2.602184] audit: type=1130 audit(1551197993.123:2): pid=1 uid=0 auid=4294967295 ses=4294967295 subj=kernel msg='unit=systemd-journald comm="systemd" exe="/usr/lib/systemd/systemd" hostname=? addr=? terminal=? res=success'
[    2.605428] audit: type=1130 audit(1551197993.126:3): pid=1 uid=0 auid=4294967295 ses=4294967295 subj=kernel msg='unit=systemd-vconsole-setup comm="systemd" exe="/usr/lib/systemd/systemd" hostname=? addr=? terminal=? res=success'
[    2.605431] audit: type=1131 audit(1551197993.126:4): pid=1 uid=0 auid=4294967295 ses=4294967295 subj=kernel msg='unit=systemd-vconsole-setup comm="systemd" exe="/usr/lib/systemd/systemd" hostname=? addr=? terminal=? res=success'
[    2.637131] usb 1-12: new full-speed USB device number 3 using xhci_hcd
[    2.752138] tsc: Refined TSC clocksource calibration: 2194.906 MHz
[    2.752147] clocksource: tsc: mask: 0xffffffffffffffff max_cycles: 0x1fa366c4337, max_idle_ns: 440795279180 ns
[    2.752173] clocksource: Switched to clocksource tsc
[    2.765080] usb 1-12: New USB device found, idVendor=05ac, idProduct=0274, bcdDevice= 6.24
[    2.765084] usb 1-12: New USB device strings: Mfr=1, Product=2, SerialNumber=3
[    2.765086] usb 1-12: Product: Apple Internal Keyboard / Trackpad
[    2.765088] usb 1-12: Manufacturer: Apple Inc.
[    2.765090] usb 1-12: SerialNumber: D3H61830CG1FTV4A16PF
[    2.777343] audit: type=1130 audit(1551197993.297:5): pid=1 uid=0 auid=4294967295 ses=4294967295 subj=kernel msg='unit=dracut-cmdline comm="systemd" exe="/usr/lib/systemd/systemd" hostname=? addr=? terminal=? res=success'
[    2.809512] audit: type=1130 audit(1551197993.329:6): pid=1 uid=0 auid=4294967295 ses=4294967295 subj=kernel msg='unit=dracut-pre-udev comm="systemd" exe="/usr/lib/systemd/systemd" hostname=? addr=? terminal=? res=success'
[    2.828892] audit: type=1130 audit(1551197993.348:7): pid=1 uid=0 auid=4294967295 ses=4294967295 subj=kernel msg='unit=systemd-udevd comm="systemd" exe="/usr/lib/systemd/systemd" hostname=? addr=? terminal=? res=success'
[    2.833808] apple 0003:05AC:0274.0003: hiddev96,hidraw2: USB HID v1.10 Device [Apple Inc. Apple Internal Keyboard / Trackpad] on usb-0000:00:14.0-12/input0
[    2.834007] input: Apple Inc. Apple Internal Keyboard / Trackpad as /devices/pci0000:00/0000:00:14.0/usb1/1-12/1-12:1.1/0003:05AC:0274.0004/input/input6
[    2.885293] apple 0003:05AC:0274.0004: input,hiddev97,hidraw3: USB HID v1.10 Keyboard [Apple Inc. Apple Internal Keyboard / Trackpad] on usb-0000:00:14.0-12/input1
[    2.885464] apple 0003:05AC:0274.0005: hiddev98,hidraw4: USB HID v1.10 Device [Apple Inc. Apple Internal Keyboard / Trackpad] on usb-0000:00:14.0-12/input3
[    2.885583] apple 0003:05AC:0274.0006: hiddev99,hidraw5: USB HID v1.10 Device [Apple Inc. Apple Internal Keyboard / Trackpad] on usb-0000:00:14.0-12/input4
[    2.887125] audit: type=1130 audit(1551197993.407:8): pid=1 uid=0 auid=4294967295 ses=4294967295 subj=kernel msg='unit=systemd-udev-trigger comm="systemd" exe="/usr/lib/systemd/systemd" hostname=? addr=? terminal=? res=success'
[    2.903902] audit: type=1130 audit(1551197993.423:9): pid=1 uid=0 auid=4294967295 ses=4294967295 subj=kernel msg='unit=plymouth-start comm="systemd" exe="/usr/lib/systemd/systemd" hostname=? addr=? terminal=? res=success'
[    2.929092] usb-storage 2-4:1.0: USB Mass Storage device detected
[    2.930435] scsi host1: usb-storage 2-4:1.0
[    2.930552] usbcore: registered new interface driver usb-storage
[    2.938332] usbcore: registered new interface driver uas
[    3.063987] audit: type=1130 audit(1551197993.583:10): pid=1 uid=0 auid=4294967295 ses=4294967295 subj=kernel msg='unit=systemd-ask-password-plymouth comm="systemd" exe="/usr/lib/systemd/systemd" hostname=? addr=? terminal=? res=success'
[    3.169244] VFIO - User Level meta-driver version: 0.3
[    3.743954] [drm] Found 128MB of eDRAM
[    3.744076] checking generic (90000000 1437000) vs hw (90000000 10000000)
[    3.744077] fb0: switching to inteldrmfb from EFI VGA
[    3.744138] [drm] Replacing VGA console driver
[    3.744509] [drm] Supports vblank timestamp caching Rev 2 (21.10.2013).
[    3.744509] [drm] Driver supports precise vblank timestamp query.
[    3.744544] i915 0000:00:02.0: vgaarb: changed VGA decodes: olddecodes=io+mem,decodes=io+mem:owns=io+mem
[    3.758955] [drm] Initialized i915 1.6.0 20181204 for 0000:00:02.0 on minor 0
[    3.759853] ACPI: Video Device [IGPU] (multi-head: yes  rom: no  post: no)
[    3.760419] acpi device:57: registered as cooling_device8
[    3.760492] input: Video Bus as /devices/LNXSYSTM:00/LNXSYBUS:00/PNP0A08:00/LNXVIDEO:00/input/input7
[    3.766804] fbcon: inteldrmfb (fb0) is primary device
[    3.766805] fbcon: Deferring console take-over
[    3.766808] i915 0000:00:02.0: fb0: inteldrmfb frame buffer device
[    3.971949] scsi 1:0:0:0: Direct-Access     APPLE    SD Card Reader   3.00 PQ: 0 ANSI: 6
[    3.972247] sd 1:0:0:0: Attached scsi generic sg1 type 0
[    3.973395] sd 1:0:0:0: [sdb] Attached SCSI removable disk
[   11.131860] device-mapper: crypt: xts(aes) using implementation "xts-aes-aesni"
[   11.187213] kauditd_printk_skb: 2 callbacks suppressed
[   11.187215] audit: type=1130 audit(1551198001.707:13): pid=1 uid=0 auid=4294967295 ses=4294967295 subj=kernel msg='unit=systemd-cryptsetup@luks\x2ddd1fa933\x2def9f\x2d402b\x2da2e4\x2d7c9d6fb7ce0d comm="systemd" exe="/usr/lib/systemd/systemd" hostname=? addr=? terminal=? res=success'
[   11.392408] PM: Image not found (code -22)
[   11.393550] audit: type=1130 audit(1551198001.913:14): pid=1 uid=0 auid=4294967295 ses=4294967295 subj=kernel msg='unit=systemd-hibernate-resume@dev-mapper-im\x2d\x2dmac\x2dswap comm="systemd" exe="/usr/lib/systemd/systemd" hostname=? addr=? terminal=? res=success'
[   11.393555] audit: type=1131 audit(1551198001.913:15): pid=1 uid=0 auid=4294967295 ses=4294967295 subj=kernel msg='unit=systemd-hibernate-resume@dev-mapper-im\x2d\x2dmac\x2dswap comm="systemd" exe="/usr/lib/systemd/systemd" hostname=? addr=? terminal=? res=success'
[   11.400602] audit: type=1130 audit(1551198001.920:16): pid=1 uid=0 auid=4294967295 ses=4294967295 subj=kernel msg='unit=systemd-tmpfiles-setup comm="systemd" exe="/usr/lib/systemd/systemd" hostname=? addr=? terminal=? res=success'
[   11.404911] audit: type=1130 audit(1551198001.924:17): pid=1 uid=0 auid=4294967295 ses=4294967295 subj=kernel msg='unit=dracut-initqueue comm="systemd" exe="/usr/lib/systemd/systemd" hostname=? addr=? terminal=? res=success'
[   11.420858] audit: type=1130 audit(1551198001.940:18): pid=1 uid=0 auid=4294967295 ses=4294967295 subj=kernel msg='unit=systemd-fsck-root comm="systemd" exe="/usr/lib/systemd/systemd" hostname=? addr=? terminal=? res=success'
[   11.730506] SGI XFS with ACLs, security attributes, scrub, no debug enabled
[   11.734968] XFS (dm-1): Mounting V5 Filesystem
[   11.744942] XFS (dm-1): Ending clean mount
[   11.867285] audit: type=1130 audit(1551198002.387:19): pid=1 uid=0 auid=4294967295 ses=4294967295 subj=kernel msg='unit=initrd-parse-etc comm="systemd" exe="/usr/lib/systemd/systemd" hostname=? addr=? terminal=? res=success'
[   11.867294] audit: type=1131 audit(1551198002.387:20): pid=1 uid=0 auid=4294967295 ses=4294967295 subj=kernel msg='unit=initrd-parse-etc comm="systemd" exe="/usr/lib/systemd/systemd" hostname=? addr=? terminal=? res=success'
[   12.008834] audit: type=1130 audit(1551198002.528:21): pid=1 uid=0 auid=4294967295 ses=4294967295 subj=kernel msg='unit=dracut-pre-pivot comm="systemd" exe="/usr/lib/systemd/systemd" hostname=? addr=? terminal=? res=success'
[   12.022492] audit: type=1131 audit(1551198002.542:22): pid=1 uid=0 auid=4294967295 ses=4294967295 subj=kernel msg='unit=dracut-pre-pivot comm="systemd" exe="/usr/lib/systemd/systemd" hostname=? addr=? terminal=? res=success'
[   12.109731] systemd-journald[311]: Received SIGTERM from PID 1 (systemd).
[   12.138241] printk: systemd: 14 output lines suppressed due to ratelimiting
[   12.562758] SELinux:  Class xdp_socket not defined in policy.
[   12.562759] SELinux: the above unknown classes and permissions will be allowed
[   12.562762] SELinux:  policy capability network_peer_controls=1
[   12.562762] SELinux:  policy capability open_perms=1
[   12.562762] SELinux:  policy capability extended_socket_class=1
[   12.562763] SELinux:  policy capability always_check_network=0
[   12.562763] SELinux:  policy capability cgroup_seclabel=1
[   12.562764] SELinux:  policy capability nnp_nosuid_transition=1
[   12.583676] systemd[1]: Successfully loaded SELinux policy in 375.835ms.
[   12.621786] systemd[1]: Relabelled /dev, /run and /sys/fs/cgroup in 24.924ms.
[   12.623919] systemd[1]: systemd 239 running in system mode. (+PAM +AUDIT +SELINUX +IMA -APPARMOR +SMACK +SYSVINIT +UTMP +LIBCRYPTSETUP +GCRYPT +GNUTLS +ACL +XZ +LZ4 +SECCOMP +BLKID +ELFUTILS +KMOD +IDN2 -IDN +PCRE2 default-hierarchy=hybrid)
[   12.636286] systemd[1]: Detected architecture x86-64.
[   12.637953] systemd[1]: Set hostname to <im-mac>.
[   12.665812] systemd-sysv-generator[882]: stat() failed on /etc/rc.d/init.d/jexec, ignoring: No such file or directory
[   12.838399] systemd[1]: Stopped Switch Root.
[   12.838612] systemd[1]: systemd-journald.service: Service has no hold-off time (RestartSec=0), scheduling restart.
[   12.838670] systemd[1]: systemd-journald.service: Scheduled restart job, restart counter is at 1.
[   12.838688] systemd[1]: Stopped Journal Service.
[   12.839563] systemd[1]: Starting Journal Service...
[   12.840988] systemd[1]: Listening on LVM2 poll daemon socket.
[   12.841500] systemd[1]: Set up automount Arbitrary Executable File Formats File System Automount Point.
[   12.849795] Adding 4194300k swap on /dev/mapper/im--mac-swap.  Priority:-2 extents:1 across:4194300k SSFS
[   12.893288] systemd-journald[889]: Received request to flush runtime journal from PID 1
[   13.080046] apple_gmux: gmux device not present
[   13.085288] smbus_hc ACPI0001:00: SBS HC: offset = 0x20, query_bit = 0x10
[   13.102946] ACPI Warning: SystemIO range 0x0000000000000840-0x000000000000084F conflicts with OpRegion 0x0000000000000800-0x0000000000000863 (\GPIO) (20181213/utaddress-213)
[   13.102952] ACPI: If an ACPI driver is available for this device, you should use it instead of the native driver
[   13.102953] ACPI Warning: SystemIO range 0x0000000000000830-0x000000000000083F conflicts with OpRegion 0x0000000000000800-0x0000000000000863 (\GPIO) (20181213/utaddress-213)
[   13.102956] ACPI: If an ACPI driver is available for this device, you should use it instead of the native driver
[   13.102957] ACPI Warning: SystemIO range 0x0000000000000800-0x000000000000082F conflicts with OpRegion 0x0000000000000810-0x0000000000000813 (\_PR.IO_D) (20181213/utaddress-213)
[   13.102961] ACPI Warning: SystemIO range 0x0000000000000800-0x000000000000082F conflicts with OpRegion 0x0000000000000800-0x0000000000000863 (\GPIO) (20181213/utaddress-213)
[   13.102964] ACPI Warning: SystemIO range 0x0000000000000800-0x000000000000082F conflicts with OpRegion 0x0000000000000810-0x0000000000000813 (\IO_D) (20181213/utaddress-213)
[   13.102967] ACPI Warning: SystemIO range 0x0000000000000800-0x000000000000082F conflicts with OpRegion 0x0000000000000800-0x000000000000080F (\IO_T) (20181213/utaddress-213)
[   13.102970] ACPI: If an ACPI driver is available for this device, you should use it instead of the native driver
[   13.102970] lpc_ich: Resource conflict(s) found affecting gpio_ich
[   13.109631] i801_smbus 0000:00:1f.3: SPD Write Disable is set
[   13.109664] i801_smbus 0000:00:1f.3: SMBus using PCI interrupt
[   13.192611] RAPL PMU: API unit is 2^-32 Joules, 4 fixed counters, 655360 ms ovfl timer
[   13.192613] RAPL PMU: hw unit of domain pp0-core 2^-14 Joules
[   13.192614] RAPL PMU: hw unit of domain package 2^-14 Joules
[   13.192614] RAPL PMU: hw unit of domain dram 2^-14 Joules
[   13.192615] RAPL PMU: hw unit of domain pp1-gpu 2^-14 Joules
[   13.211922] input: bcm5974 as /devices/pci0000:00/0000:00:14.0/usb1/1-12/1-12:1.2/input/input8
[   13.220246] usbcore: registered new interface driver bcm5974
[   13.245622] thunderbolt 0000:07:00.0: 0:1: is unplugged (state: 7)
[   13.245754] thunderbolt 0000:07:00.0: 0:3: is unplugged (state: 7)
[   13.292022] ACPI: Smart Battery System [SBS0]: Battery Slot [BAT0] (battery present)
[   13.378897] applesmc: key=719 fan=2 temp=48 index=43 acc=0 lux=2 kbd=1
[   13.379063] applesmc applesmc.768: hwmon_device_register() is deprecated. Please convert the driver to use hwmon_device_register_with_info().
[   13.417386] iTCO_vendor_support: vendor-support=0
[   13.421055] cfg80211: Loading compiled-in X.509 certificates for regulatory database
[   13.421796] cfg80211: Loaded X.509 cert 'sforshee: 00b28ddf47aef9cea7'
[   13.426295] iTCO_wdt: Intel TCO WatchDog Timer Driver v1.11
[   13.426350] iTCO_wdt: unable to reset NO_REBOOT flag, device disabled by hardware/BIOS
[   13.514161] snd_hda_intel 0000:00:03.0: Linked as a consumer to 0000:00:02.0
[   13.514208] snd_hda_intel 0000:00:03.0: bound 0000:00:02.0 (ops i915_audio_component_bind_ops [i915])
[   13.515502] Bluetooth: Core ver 2.22
[   13.515522] NET: Registered protocol family 31
[   13.515523] Bluetooth: HCI device and connection manager initialized
[   13.515525] Bluetooth: HCI socket layer initialized
[   13.515528] Bluetooth: L2CAP socket layer initialized
[   13.515532] Bluetooth: SCO socket layer initialized
[   13.540623] input: HDA Intel HDMI HDMI/DP,pcm=3 as /devices/pci0000:00/0000:00:03.0/sound/card0/input9
[   13.540708] input: HDA Intel HDMI HDMI/DP,pcm=7 as /devices/pci0000:00/0000:00:03.0/sound/card0/input10
[   13.540765] input: HDA Intel HDMI HDMI/DP,pcm=8 as /devices/pci0000:00/0000:00:03.0/sound/card0/input11
[   13.540817] input: HDA Intel HDMI HDMI/DP,pcm=9 as /devices/pci0000:00/0000:00:03.0/sound/card0/input12
[   13.540869] input: HDA Intel HDMI HDMI/DP,pcm=10 as /devices/pci0000:00/0000:00:03.0/sound/card0/input13
[   13.558485] snd_hda_codec_cirrus hdaudioC1D0: autoconfig for CS4208: line_outs=2 (0x12/0x13/0x0/0x0/0x0) type:speaker
[   13.558488] snd_hda_codec_cirrus hdaudioC1D0:    speaker_outs=0 (0x0/0x0/0x0/0x0/0x0)
[   13.558490] snd_hda_codec_cirrus hdaudioC1D0:    hp_outs=1 (0x10/0x0/0x0/0x0/0x0)
[   13.558491] snd_hda_codec_cirrus hdaudioC1D0:    mono: mono_out=0x0
[   13.558493] snd_hda_codec_cirrus hdaudioC1D0:    dig-out=0x21/0x0
[   13.558494] snd_hda_codec_cirrus hdaudioC1D0:    inputs:
[   13.558496] snd_hda_codec_cirrus hdaudioC1D0:      Internal Mic=0x1c
[   13.558498] snd_hda_codec_cirrus hdaudioC1D0:      Mic=0x18
[   13.567669] input: HDA Intel PCH Mic as /devices/pci0000:00/0000:00:1b.0/sound/card1/input14
[   13.567745] input: HDA Intel PCH Headphone as /devices/pci0000:00/0000:00:1b.0/sound/card1/input15
[   13.567813] input: HDA Intel PCH SPDIF as /devices/pci0000:00/0000:00:1b.0/sound/card1/input16
[   13.569827] usbcore: registered new interface driver btusb
[   13.586187] usbcore: registered new interface driver brcmfmac
[   13.614932] intel_rapl: Found RAPL domain package
[   13.614934] intel_rapl: Found RAPL domain core
[   13.614935] intel_rapl: Found RAPL domain uncore
[   13.614936] intel_rapl: Found RAPL domain dram
[   13.679716] XFS (dm-4): Mounting V5 Filesystem
[   13.679720] XFS (dm-3): Mounting V5 Filesystem
[   13.680780] XFS (sda3): Mounting V5 Filesystem
[   13.682005] Bluetooth: hci0: BCM: chip id 102 build 0715
[   13.682988] Bluetooth: hci0: BCM: product 05ac:8290
[   13.683988] Bluetooth: hci0: BCM: features 0x2f
[   13.695076] XFS (sda3): Ending clean mount
[   13.696488] brcmfmac: brcmf_fw_alloc_request: using brcm/brcmfmac43602-pcie for chip BCM43602/1
[   13.696621] XFS (dm-3): Ending clean mount
[   13.696623] XFS (dm-4): Ending clean mount
[   13.700039] Bluetooth: hci0: im-mac
[   13.701779] brcmfmac 0000:03:00.0: Direct firmware load for brcm/brcmfmac43602-pcie.Apple Inc.-MacBookPro11,4.txt failed with error -2
[   13.701789] brcmfmac 0000:03:00.0: Direct firmware load for brcm/brcmfmac43602-pcie.txt failed with error -2
[   14.000607] Bluetooth: BNEP (Ethernet Emulation) ver 1.3
[   14.000608] Bluetooth: BNEP filters: protocol multicast
[   14.000611] Bluetooth: BNEP socket layer initialized
[   14.216943] brcmfmac: brcmf_fw_alloc_request: using brcm/brcmfmac43602-pcie for chip BCM43602/1
[   14.217136] brcmfmac 0000:03:00.0: Direct firmware load for brcm/brcmfmac43602-pcie.clm_blob failed with error -2
[   14.217137] brcmfmac: brcmf_c_process_clm_blob: no clm_blob available (err=-2), device may have limited channels available
[   14.217628] brcmfmac: brcmf_c_preinit_dcmds: Firmware: BCM43602/1 wl0: Nov 10 2015 06:38:10 version 7.35.177.61 (r598657) FWID 01-ea662a8c
[   14.269792] brcmfmac 0000:03:00.0 wlp3s0: renamed from wlan0
[   15.581079] tun: Universal TUN/TAP device driver, 1.6
[   15.582856] virbr0: port 1(virbr0-nic) entered blocking state
[   15.582858] virbr0: port 1(virbr0-nic) entered disabled state
[   15.584537] device virbr0-nic entered promiscuous mode
[   15.781114] virbr0: port 1(virbr0-nic) entered blocking state
[   15.781116] virbr0: port 1(virbr0-nic) entered listening state
[   15.828747] virbr0: port 1(virbr0-nic) entered disabled state
[   23.584820] Bluetooth: RFCOMM TTY layer initialized
[   23.584826] Bluetooth: RFCOMM socket layer initialized
[   23.584896] Bluetooth: RFCOMM ver 1.11
[   23.761687] IPv6: ADDRCONF(NETDEV_CHANGE): wlp3s0: link becomes ready
[   23.763577] fuse init (API version 7.28)
[   23.839817] brcmfmac: brcmf_inetaddr_changed: fail to get arp ip table err:-52
[   24.936415] rfkill: input handler disabled
[  152.458883] mce: CPU1: Core temperature above threshold, cpu clock throttled (total events = 1)
[  152.458884] mce: CPU5: Core temperature above threshold, cpu clock throttled (total events = 1)
[  152.458886] mce: CPU6: Package temperature above threshold, cpu clock throttled (total events = 1)
[  152.458887] mce: CPU4: Package temperature above threshold, cpu clock throttled (total events = 1)
[  152.458890] mce: CPU0: Package temperature above threshold, cpu clock throttled (total events = 1)
[  152.458891] mce: CPU3: Package temperature above threshold, cpu clock throttled (total events = 1)
[  152.458892] mce: CPU2: Package temperature above threshold, cpu clock throttled (total events = 1)
[  152.458893] mce: CPU7: Package temperature above threshold, cpu clock throttled (total events = 1)
[  152.458894] mce: CPU5: Package temperature above threshold, cpu clock throttled (total events = 1)
[  152.458900] mce: CPU1: Package temperature above threshold, cpu clock throttled (total events = 1)
[  152.459865] mce: CPU1: Core temperature/speed normal
[  152.459866] mce: CPU2: Package temperature/speed normal
[  152.459867] mce: CPU6: Package temperature/speed normal
[  152.459869] mce: CPU3: Package temperature/speed normal
[  152.459870] mce: CPU7: Package temperature/speed normal
[  152.459871] mce: CPU5: Core temperature/speed normal
[  152.459873] mce: CPU0: Package temperature/speed normal
[  152.459874] mce: CPU4: Package temperature/speed normal
[  152.459875] mce: CPU5: Package temperature/speed normal
[  152.459876] mce: CPU1: Package temperature/speed normal
[  292.096283] usbcore: deregistering interface driver uas
[  292.102598] usbcore: deregistering interface driver usb-storage
[  341.939999] xhci_hcd 0000:00:14.0: ep 0x82 - asked for 65 bytes, 55 bytes untransferred
[  342.060004] xhci_hcd 0000:00:14.0: ep 0x82 - asked for 65 bytes, 55 bytes untransferred
[  342.115983] xhci_hcd 0000:00:14.0: ep 0x82 - asked for 65 bytes, 55 bytes untransferred
[  342.756001] xhci_hcd 0000:00:14.0: ep 0x82 - asked for 65 bytes, 55 bytes untransferred
[  342.803990] xhci_hcd 0000:00:14.0: ep 0x82 - asked for 65 bytes, 55 bytes untransferred
[  342.916016] xhci_hcd 0000:00:14.0: ep 0x82 - asked for 65 bytes, 55 bytes untransferred
[  342.955986] xhci_hcd 0000:00:14.0: ep 0x82 - asked for 65 bytes, 55 bytes untransferred
[  343.076004] xhci_hcd 0000:00:14.0: ep 0x82 - asked for 65 bytes, 55 bytes untransferred
[  343.956011] xhci_hcd 0000:00:14.0: ep 0x82 - asked for 65 bytes, 55 bytes untransferred
[  344.028016] xhci_hcd 0000:00:14.0: ep 0x82 - asked for 65 bytes, 55 bytes untransferred
[  344.548012] xhci_hcd 0000:00:14.0: ep 0x82 - asked for 65 bytes, 55 bytes untransferred
[  344.596017] xhci_hcd 0000:00:14.0: ep 0x82 - asked for 65 bytes, 55 bytes untransferred
[  345.460021] xhci_hcd 0000:00:14.0: ep 0x82 - asked for 65 bytes, 55 bytes untransferred
[  345.524024] xhci_hcd 0000:00:14.0: ep 0x82 - asked for 65 bytes, 55 bytes untransferred
[  345.636032] xhci_hcd 0000:00:14.0: ep 0x82 - asked for 65 bytes, 55 bytes untransferred
[  345.708029] xhci_hcd 0000:00:14.0: ep 0x82 - asked for 65 bytes, 55 bytes untransferred
[  346.132024] xhci_hcd 0000:00:14.0: ep 0x82 - asked for 65 bytes, 55 bytes untransferred
[  346.188026] xhci_hcd 0000:00:14.0: ep 0x82 - asked for 65 bytes, 55 bytes untransferred
[  346.772029] xhci_hcd 0000:00:14.0: ep 0x82 - asked for 65 bytes, 55 bytes untransferred
[  346.988031] xhci_hcd 0000:00:14.0: ep 0x82 - asked for 65 bytes, 55 bytes untransferred
[  347.052029] xhci_hcd 0000:00:14.0: ep 0x82 - asked for 65 bytes, 55 bytes untransferred
[  347.252029] xhci_hcd 0000:00:14.0: ep 0x82 - asked for 65 bytes, 55 bytes untransferred
[  349.596046] xhci_hcd 0000:00:14.0: ep 0x82 - asked for 65 bytes, 55 bytes untransferred
[  349.924048] xhci_hcd 0000:00:14.0: ep 0x82 - asked for 65 bytes, 55 bytes untransferred
[  349.972016] xhci_hcd 0000:00:14.0: ep 0x82 - asked for 65 bytes, 55 bytes untransferred
[  350.028053] xhci_hcd 0000:00:14.0: ep 0x82 - asked for 65 bytes, 55 bytes untransferred
[  350.092017] xhci_hcd 0000:00:14.0: ep 0x82 - asked for 65 bytes, 55 bytes untransferred
[  350.164051] xhci_hcd 0000:00:14.0: ep 0x82 - asked for 65 bytes, 55 bytes untransferred
[  350.732056] xhci_hcd 0000:00:14.0: ep 0x82 - asked for 65 bytes, 55 bytes untransferred
[  350.780056] xhci_hcd 0000:00:14.0: ep 0x82 - asked for 65 bytes, 55 bytes untransferred
[  350.852047] xhci_hcd 0000:00:14.0: ep 0x82 - asked for 65 bytes, 55 bytes untransferred
[  350.924048] xhci_hcd 0000:00:14.0: ep 0x82 - asked for 65 bytes, 55 bytes untransferred
[  351.460059] xhci_hcd 0000:00:14.0: ep 0x82 - asked for 65 bytes, 55 bytes untransferred
[  351.540059] xhci_hcd 0000:00:14.0: ep 0x82 - asked for 65 bytes, 55 bytes untransferred
[  351.884065] xhci_hcd 0000:00:14.0: ep 0x82 - asked for 65 bytes, 55 bytes untransferred
[  351.924047] xhci_hcd 0000:00:14.0: ep 0x82 - asked for 65 bytes, 55 bytes untransferred
[  352.060047] xhci_hcd 0000:00:14.0: ep 0x82 - asked for 65 bytes, 55 bytes untransferred
[  352.108049] xhci_hcd 0000:00:14.0: ep 0x82 - asked for 65 bytes, 55 bytes untransferred
[  352.140036] xhci_hcd 0000:00:14.0: ep 0x82 - asked for 65 bytes, 55 bytes untransferred
[  352.196029] xhci_hcd 0000:00:14.0: ep 0x82 - asked for 65 bytes, 55 bytes untransferred
[  352.300059] xhci_hcd 0000:00:14.0: ep 0x82 - asked for 65 bytes, 55 bytes untransferred
[  352.348043] xhci_hcd 0000:00:14.0: ep 0x82 - asked for 65 bytes, 55 bytes untransferred
[  352.356040] xhci_hcd 0000:00:14.0: ep 0x82 - asked for 65 bytes, 55 bytes untransferred
[  352.412030] xhci_hcd 0000:00:14.0: ep 0x82 - asked for 65 bytes, 55 bytes untransferred
[  353.820072] xhci_hcd 0000:00:14.0: ep 0x82 - asked for 65 bytes, 55 bytes untransferred
[  353.876060] xhci_hcd 0000:00:14.0: ep 0x82 - asked for 65 bytes, 55 bytes untransferred
[  353.932054] xhci_hcd 0000:00:14.0: ep 0x82 - asked for 65 bytes, 55 bytes untransferred
[  353.996039] xhci_hcd 0000:00:14.0: ep 0x82 - asked for 65 bytes, 55 bytes untransferred
[  354.076046] xhci_hcd 0000:00:14.0: ep 0x82 - asked for 65 bytes, 55 bytes untransferred
[  354.132052] xhci_hcd 0000:00:14.0: ep 0x82 - asked for 65 bytes, 55 bytes untransferred
[  354.156050] xhci_hcd 0000:00:14.0: ep 0x82 - asked for 65 bytes, 55 bytes untransferred
[  354.212042] xhci_hcd 0000:00:14.0: ep 0x82 - asked for 65 bytes, 55 bytes untransferred
[  354.332063] xhci_hcd 0000:00:14.0: ep 0x82 - asked for 65 bytes, 55 bytes untransferred
[  354.372111] xhci_hcd 0000:00:14.0: ep 0x82 - asked for 65 bytes, 55 bytes untransferred
[  354.476044] xhci_hcd 0000:00:14.0: ep 0x82 - asked for 65 bytes, 55 bytes untransferred
[  354.508060] xhci_hcd 0000:00:14.0: ep 0x82 - asked for 65 bytes, 55 bytes untransferred
[  354.556056] xhci_hcd 0000:00:14.0: ep 0x82 - asked for 65 bytes, 55 bytes untransferred
[  354.604044] xhci_hcd 0000:00:14.0: ep 0x82 - asked for 65 bytes, 55 bytes untransferred
[  355.796080] xhci_hcd 0000:00:14.0: ep 0x83 - asked for 526 bytes, 450 bytes untransferred
[  355.803056] xhci_hcd 0000:00:14.0: ep 0x83 - asked for 526 bytes, 450 bytes untransferred
[  355.811060] xhci_hcd 0000:00:14.0: ep 0x83 - asked for 526 bytes, 450 bytes untransferred
[  355.819069] xhci_hcd 0000:00:14.0: ep 0x83 - asked for 526 bytes, 450 bytes untransferred
[  355.827069] xhci_hcd 0000:00:14.0: ep 0x83 - asked for 526 bytes, 450 bytes untransferred
[  355.835071] xhci_hcd 0000:00:14.0: ep 0x83 - asked for 526 bytes, 450 bytes untransferred
[  355.844077] xhci_hcd 0000:00:14.0: ep 0x83 - asked for 526 bytes, 450 bytes untransferred
[  355.851077] xhci_hcd 0000:00:14.0: ep 0x83 - asked for 526 bytes, 450 bytes untransferred
[  355.860090] xhci_hcd 0000:00:14.0: ep 0x83 - asked for 526 bytes, 450 bytes untransferred
[  355.868077] xhci_hcd 0000:00:14.0: ep 0x83 - asked for 526 bytes, 450 bytes untransferred
[  355.876062] xhci_hcd 0000:00:14.0: ep 0x83 - asked for 526 bytes, 450 bytes untransferred
[  355.884076] xhci_hcd 0000:00:14.0: ep 0x83 - asked for 526 bytes, 450 bytes untransferred
[  355.892052] xhci_hcd 0000:00:14.0: ep 0x83 - asked for 526 bytes, 450 bytes untransferred
[  355.900066] xhci_hcd 0000:00:14.0: ep 0x83 - asked for 526 bytes, 450 bytes untransferred
[  355.908073] xhci_hcd 0000:00:14.0: ep 0x83 - asked for 526 bytes, 450 bytes untransferred
[  355.916059] xhci_hcd 0000:00:14.0: ep 0x83 - asked for 526 bytes, 450 bytes untransferred
[  355.924074] xhci_hcd 0000:00:14.0: ep 0x83 - asked for 526 bytes, 450 bytes untransferred
[  355.932079] xhci_hcd 0000:00:14.0: ep 0x83 - asked for 526 bytes, 450 bytes untransferred
[  355.940078] xhci_hcd 0000:00:14.0: ep 0x83 - asked for 526 bytes, 450 bytes untransferred
[  355.948066] xhci_hcd 0000:00:14.0: ep 0x83 - asked for 526 bytes, 450 bytes untransferred
[  355.956081] xhci_hcd 0000:00:14.0: ep 0x83 - asked for 526 bytes, 450 bytes untransferred
[  355.965077] xhci_hcd 0000:00:14.0: ep 0x83 - asked for 526 bytes, 450 bytes untransferred
[  355.973053] xhci_hcd 0000:00:14.0: ep 0x83 - asked for 526 bytes, 450 bytes untransferred
[  355.981076] xhci_hcd 0000:00:14.0: ep 0x83 - asked for 526 bytes, 450 bytes untransferred
[  355.989060] xhci_hcd 0000:00:14.0: ep 0x83 - asked for 526 bytes, 450 bytes untransferred
[  355.997047] xhci_hcd 0000:00:14.0: ep 0x83 - asked for 526 bytes, 450 bytes untransferred
[  356.005043] xhci_hcd 0000:00:14.0: ep 0x83 - asked for 526 bytes, 450 bytes untransferred
[  356.013073] xhci_hcd 0000:00:14.0: ep 0x83 - asked for 526 bytes, 450 bytes untransferred
[  356.021053] xhci_hcd 0000:00:14.0: ep 0x83 - asked for 526 bytes, 450 bytes untransferred
[  356.029058] xhci_hcd 0000:00:14.0: ep 0x83 - asked for 526 bytes, 450 bytes untransferred
[  356.037056] xhci_hcd 0000:00:14.0: ep 0x83 - asked for 526 bytes, 450 bytes untransferred
[  356.045057] xhci_hcd 0000:00:14.0: ep 0x83 - asked for 526 bytes, 450 bytes untransferred
[  356.053045] xhci_hcd 0000:00:14.0: ep 0x83 - asked for 526 bytes, 450 bytes untransferred
[  356.061067] xhci_hcd 0000:00:14.0: ep 0x83 - asked for 526 bytes, 450 bytes untransferred
[  356.070066] xhci_hcd 0000:00:14.0: ep 0x83 - asked for 526 bytes, 450 bytes untransferred
[  356.078076] xhci_hcd 0000:00:14.0: ep 0x83 - asked for 526 bytes, 450 bytes untransferred
[  356.086047] xhci_hcd 0000:00:14.0: ep 0x83 - asked for 526 bytes, 450 bytes untransferred
[  356.094045] xhci_hcd 0000:00:14.0: ep 0x83 - asked for 526 bytes, 450 bytes untransferred
[  356.102045] xhci_hcd 0000:00:14.0: ep 0x83 - asked for 526 bytes, 450 bytes untransferred
[  356.110061] xhci_hcd 0000:00:14.0: ep 0x83 - asked for 526 bytes, 450 bytes untransferred
[  356.118073] xhci_hcd 0000:00:14.0: ep 0x83 - asked for 526 bytes, 450 bytes untransferred
[  356.126073] xhci_hcd 0000:00:14.0: ep 0x83 - asked for 526 bytes, 450 bytes untransferred
[  356.134074] xhci_hcd 0000:00:14.0: ep 0x83 - asked for 526 bytes, 450 bytes untransferred
[  356.142076] xhci_hcd 0000:00:14.0: ep 0x83 - asked for 526 bytes, 450 bytes untransferred
[  356.150063] xhci_hcd 0000:00:14.0: ep 0x83 - asked for 526 bytes, 450 bytes untransferred
[  356.159073] xhci_hcd 0000:00:14.0: ep 0x83 - asked for 526 bytes, 450 bytes untransferred
[  356.167049] xhci_hcd 0000:00:14.0: ep 0x83 - asked for 526 bytes, 450 bytes untransferred
[  356.175074] xhci_hcd 0000:00:14.0: ep 0x83 - asked for 526 bytes, 450 bytes untransferred
[  356.183075] xhci_hcd 0000:00:14.0: ep 0x83 - asked for 526 bytes, 450 bytes untransferred
[  356.191077] xhci_hcd 0000:00:14.0: ep 0x83 - asked for 526 bytes, 450 bytes untransferred
[  356.199047] xhci_hcd 0000:00:14.0: ep 0x83 - asked for 526 bytes, 450 bytes untransferred
[  356.207080] xhci_hcd 0000:00:14.0: ep 0x83 - asked for 526 bytes, 450 bytes untransferred
[  356.215078] xhci_hcd 0000:00:14.0: ep 0x83 - asked for 526 bytes, 450 bytes untransferred
[  356.223076] xhci_hcd 0000:00:14.0: ep 0x83 - asked for 526 bytes, 450 bytes untransferred
[  356.231081] xhci_hcd 0000:00:14.0: ep 0x83 - asked for 526 bytes, 450 bytes untransferred
[  356.239073] xhci_hcd 0000:00:14.0: ep 0x83 - asked for 526 bytes, 450 bytes untransferred
[  356.247074] xhci_hcd 0000:00:14.0: ep 0x83 - asked for 526 bytes, 450 bytes untransferred
[  356.255072] xhci_hcd 0000:00:14.0: ep 0x83 - asked for 526 bytes, 450 bytes untransferred
[  356.263073] xhci_hcd 0000:00:14.0: ep 0x83 - asked for 526 bytes, 450 bytes untransferred
[  356.271060] xhci_hcd 0000:00:14.0: ep 0x83 - asked for 526 bytes, 450 bytes untransferred
[  356.280079] xhci_hcd 0000:00:14.0: ep 0x83 - asked for 526 bytes, 450 bytes untransferred
[  356.288075] xhci_hcd 0000:00:14.0: ep 0x83 - asked for 526 bytes, 450 bytes untransferred
[  356.296079] xhci_hcd 0000:00:14.0: ep 0x83 - asked for 526 bytes, 450 bytes untransferred
[  356.304063] xhci_hcd 0000:00:14.0: ep 0x83 - asked for 526 bytes, 450 bytes untransferred
[  356.312065] xhci_hcd 0000:00:14.0: ep 0x83 - asked for 526 bytes, 450 bytes untransferred
[  356.320062] xhci_hcd 0000:00:14.0: ep 0x83 - asked for 526 bytes, 450 bytes untransferred
[  356.328061] xhci_hcd 0000:00:14.0: ep 0x83 - asked for 526 bytes, 450 bytes untransferred
[  356.336086] xhci_hcd 0000:00:14.0: ep 0x83 - asked for 526 bytes, 450 bytes untransferred
[  356.344077] xhci_hcd 0000:00:14.0: ep 0x83 - asked for 526 bytes, 450 bytes untransferred
[  356.352076] xhci_hcd 0000:00:14.0: ep 0x83 - asked for 526 bytes, 450 bytes untransferred
[  356.360074] xhci_hcd 0000:00:14.0: ep 0x83 - asked for 526 bytes, 450 bytes untransferred
[  356.368079] xhci_hcd 0000:00:14.0: ep 0x83 - asked for 526 bytes, 450 bytes untransferred
[  356.376057] xhci_hcd 0000:00:14.0: ep 0x83 - asked for 526 bytes, 450 bytes untransferred
[  356.384076] xhci_hcd 0000:00:14.0: ep 0x83 - asked for 526 bytes, 450 bytes untransferred
[  356.393076] xhci_hcd 0000:00:14.0: ep 0x83 - asked for 526 bytes, 450 bytes untransferred
[  356.401063] xhci_hcd 0000:00:14.0: ep 0x83 - asked for 526 bytes, 450 bytes untransferred
[  356.409063] xhci_hcd 0000:00:14.0: ep 0x83 - asked for 526 bytes, 450 bytes untransferred
[  356.417078] xhci_hcd 0000:00:14.0: ep 0x83 - asked for 526 bytes, 450 bytes untransferred
[  356.425079] xhci_hcd 0000:00:14.0: ep 0x83 - asked for 526 bytes, 450 bytes untransferred
[  356.433079] xhci_hcd 0000:00:14.0: ep 0x83 - asked for 526 bytes, 450 bytes untransferred
[  356.441083] xhci_hcd 0000:00:14.0: ep 0x83 - asked for 526 bytes, 450 bytes untransferred
[  356.449071] xhci_hcd 0000:00:14.0: ep 0x83 - asked for 526 bytes, 450 bytes untransferred
[  356.457075] xhci_hcd 0000:00:14.0: ep 0x83 - asked for 526 bytes, 450 bytes untransferred
[  356.465078] xhci_hcd 0000:00:14.0: ep 0x83 - asked for 526 bytes, 450 bytes untransferred
[  356.473079] xhci_hcd 0000:00:14.0: ep 0x83 - asked for 526 bytes, 450 bytes untransferred
[  356.481050] xhci_hcd 0000:00:14.0: ep 0x83 - asked for 526 bytes, 450 bytes untransferred
[  356.490077] xhci_hcd 0000:00:14.0: ep 0x83 - asked for 526 bytes, 450 bytes untransferred
[  356.498048] xhci_hcd 0000:00:14.0: ep 0x83 - asked for 526 bytes, 450 bytes untransferred
[  356.506080] xhci_hcd 0000:00:14.0: ep 0x83 - asked for 526 bytes, 450 bytes untransferred
[  356.514057] xhci_hcd 0000:00:14.0: ep 0x83 - asked for 526 bytes, 450 bytes untransferred
[  356.522084] xhci_hcd 0000:00:14.0: ep 0x83 - asked for 526 bytes, 450 bytes untransferred
[  356.530047] xhci_hcd 0000:00:14.0: ep 0x83 - asked for 526 bytes, 450 bytes untransferred
[  356.538079] xhci_hcd 0000:00:14.0: ep 0x83 - asked for 526 bytes, 450 bytes untransferred
[  356.546055] xhci_hcd 0000:00:14.0: ep 0x83 - asked for 526 bytes, 450 bytes untransferred
[  356.554080] xhci_hcd 0000:00:14.0: ep 0x83 - asked for 526 bytes, 450 bytes untransferred
[  356.562057] xhci_hcd 0000:00:14.0: ep 0x83 - asked for 526 bytes, 450 bytes untransferred
[  356.570088] xhci_hcd 0000:00:14.0: ep 0x83 - asked for 526 bytes, 450 bytes untransferred
[  356.578055] xhci_hcd 0000:00:14.0: ep 0x83 - asked for 526 bytes, 450 bytes untransferred
[  356.586063] xhci_hcd 0000:00:14.0: ep 0x83 - asked for 526 bytes, 450 bytes untransferred
[  356.594053] xhci_hcd 0000:00:14.0: ep 0x83 - asked for 526 bytes, 450 bytes untransferred
[  356.603074] xhci_hcd 0000:00:14.0: ep 0x83 - asked for 526 bytes, 450 bytes untransferred
[  356.611053] xhci_hcd 0000:00:14.0: ep 0x83 - asked for 526 bytes, 450 bytes untransferred
[  356.619063] xhci_hcd 0000:00:14.0: ep 0x83 - asked for 526 bytes, 450 bytes untransferred
[  356.627057] xhci_hcd 0000:00:14.0: ep 0x83 - asked for 526 bytes, 450 bytes untransferred
[  356.635082] xhci_hcd 0000:00:14.0: ep 0x83 - asked for 526 bytes, 450 bytes untransferred
[  356.643059] xhci_hcd 0000:00:14.0: ep 0x83 - asked for 526 bytes, 450 bytes untransferred
[  356.651079] xhci_hcd 0000:00:14.0: ep 0x83 - asked for 526 bytes, 450 bytes untransferred
[  356.659054] xhci_hcd 0000:00:14.0: ep 0x83 - asked for 526 bytes, 450 bytes untransferred
[  356.667077] xhci_hcd 0000:00:14.0: ep 0x83 - asked for 526 bytes, 450 bytes untransferred
[  356.675053] xhci_hcd 0000:00:14.0: ep 0x83 - asked for 526 bytes, 450 bytes untransferred
[  356.683079] xhci_hcd 0000:00:14.0: ep 0x83 - asked for 526 bytes, 450 bytes untransferred
[  356.692067] xhci_hcd 0000:00:14.0: ep 0x83 - asked for 526 bytes, 450 bytes untransferred
[  356.699061] xhci_hcd 0000:00:14.0: ep 0x83 - asked for 526 bytes, 450 bytes untransferred
[  356.707076] xhci_hcd 0000:00:14.0: ep 0x83 - asked for 526 bytes, 450 bytes untransferred
[  356.715080] xhci_hcd 0000:00:14.0: ep 0x83 - asked for 526 bytes, 450 bytes untransferred
[  356.723079] xhci_hcd 0000:00:14.0: ep 0x83 - asked for 526 bytes, 450 bytes untransferred
[  356.732085] xhci_hcd 0000:00:14.0: ep 0x83 - asked for 526 bytes, 450 bytes untransferred
[  356.740052] xhci_hcd 0000:00:14.0: ep 0x83 - asked for 526 bytes, 450 bytes untransferred
[  356.748083] xhci_hcd 0000:00:14.0: ep 0x83 - asked for 526 bytes, 450 bytes untransferred
[  356.756070] xhci_hcd 0000:00:14.0: ep 0x83 - asked for 526 bytes, 450 bytes untransferred
[  356.764076] xhci_hcd 0000:00:14.0: ep 0x83 - asked for 526 bytes, 450 bytes untransferred
[  356.772075] xhci_hcd 0000:00:14.0: ep 0x83 - asked for 526 bytes, 450 bytes untransferred
[  356.780081] xhci_hcd 0000:00:14.0: ep 0x83 - asked for 526 bytes, 450 bytes untransferred
[  356.788075] xhci_hcd 0000:00:14.0: ep 0x83 - asked for 526 bytes, 450 bytes untransferred
[  356.796052] xhci_hcd 0000:00:14.0: ep 0x83 - asked for 526 bytes, 450 bytes untransferred
[  356.804079] xhci_hcd 0000:00:14.0: ep 0x83 - asked for 526 bytes, 450 bytes untransferred
[  356.812083] xhci_hcd 0000:00:14.0: ep 0x83 - asked for 526 bytes, 450 bytes untransferred
[  356.820080] xhci_hcd 0000:00:14.0: ep 0x83 - asked for 526 bytes, 450 bytes untransferred
[  356.828071] xhci_hcd 0000:00:14.0: ep 0x83 - asked for 526 bytes, 450 bytes untransferred
[  356.837067] xhci_hcd 0000:00:14.0: ep 0x83 - asked for 526 bytes, 450 bytes untransferred
[  356.845086] xhci_hcd 0000:00:14.0: ep 0x83 - asked for 526 bytes, 450 bytes untransferred
[  356.853081] xhci_hcd 0000:00:14.0: ep 0x83 - asked for 526 bytes, 450 bytes untransferred
[  356.861048] xhci_hcd 0000:00:14.0: ep 0x83 - asked for 526 bytes, 450 bytes untransferred
[  356.869065] xhci_hcd 0000:00:14.0: ep 0x83 - asked for 526 bytes, 450 bytes untransferred
[  356.877070] xhci_hcd 0000:00:14.0: ep 0x83 - asked for 526 bytes, 450 bytes untransferred
[  356.885063] xhci_hcd 0000:00:14.0: ep 0x83 - asked for 526 bytes, 450 bytes untransferred
[  356.893087] xhci_hcd 0000:00:14.0: ep 0x83 - asked for 526 bytes, 450 bytes untransferred
[  356.901064] xhci_hcd 0000:00:14.0: ep 0x83 - asked for 526 bytes, 450 bytes untransferred
[  356.909054] xhci_hcd 0000:00:14.0: ep 0x83 - asked for 526 bytes, 450 bytes untransferred
[  356.917080] xhci_hcd 0000:00:14.0: ep 0x83 - asked for 526 bytes, 450 bytes untransferred
[  356.925064] xhci_hcd 0000:00:14.0: ep 0x83 - asked for 526 bytes, 450 bytes untransferred
[  356.933080] xhci_hcd 0000:00:14.0: ep 0x83 - asked for 526 bytes, 450 bytes untransferred
[  356.941051] xhci_hcd 0000:00:14.0: ep 0x83 - asked for 526 bytes, 450 bytes untransferred
[  356.950048] xhci_hcd 0000:00:14.0: ep 0x83 - asked for 526 bytes, 450 bytes untransferred
[  356.958082] xhci_hcd 0000:00:14.0: ep 0x83 - asked for 526 bytes, 450 bytes untransferred
[  356.966081] xhci_hcd 0000:00:14.0: ep 0x83 - asked for 526 bytes, 450 bytes untransferred
[  356.974067] xhci_hcd 0000:00:14.0: ep 0x83 - asked for 526 bytes, 450 bytes untransferred
[  356.982072] xhci_hcd 0000:00:14.0: ep 0x83 - asked for 526 bytes, 450 bytes untransferred
[  356.990080] xhci_hcd 0000:00:14.0: ep 0x83 - asked for 526 bytes, 450 bytes untransferred
[  356.999083] xhci_hcd 0000:00:14.0: ep 0x83 - asked for 526 bytes, 450 bytes untransferred
[  357.006074] xhci_hcd 0000:00:14.0: ep 0x83 - asked for 526 bytes, 450 bytes untransferred
[  357.014078] xhci_hcd 0000:00:14.0: ep 0x83 - asked for 526 bytes, 450 bytes untransferred
[  357.022080] xhci_hcd 0000:00:14.0: ep 0x83 - asked for 526 bytes, 450 bytes untransferred
[  357.030082] xhci_hcd 0000:00:14.0: ep 0x83 - asked for 526 bytes, 450 bytes untransferred
[  357.038071] xhci_hcd 0000:00:14.0: ep 0x83 - asked for 526 bytes, 450 bytes untransferred
[  357.046080] xhci_hcd 0000:00:14.0: ep 0x83 - asked for 526 bytes, 450 bytes untransferred
[  357.055080] xhci_hcd 0000:00:14.0: ep 0x83 - asked for 526 bytes, 450 bytes untransferred
[  357.063082] xhci_hcd 0000:00:14.0: ep 0x83 - asked for 526 bytes, 450 bytes untransferred
[  357.071066] xhci_hcd 0000:00:14.0: ep 0x83 - asked for 526 bytes, 450 bytes untransferred
[  357.079061] xhci_hcd 0000:00:14.0: ep 0x83 - asked for 526 bytes, 450 bytes untransferred
[  357.087085] xhci_hcd 0000:00:14.0: ep 0x83 - asked for 526 bytes, 450 bytes untransferred
[  357.095079] xhci_hcd 0000:00:14.0: ep 0x83 - asked for 526 bytes, 450 bytes untransferred
[  357.103081] xhci_hcd 0000:00:14.0: ep 0x83 - asked for 526 bytes, 450 bytes untransferred
[  357.111066] xhci_hcd 0000:00:14.0: ep 0x83 - asked for 526 bytes, 450 bytes untransferred
[  357.119084] xhci_hcd 0000:00:14.0: ep 0x83 - asked for 526 bytes, 450 bytes untransferred
[  357.127080] xhci_hcd 0000:00:14.0: ep 0x83 - asked for 526 bytes, 450 bytes untransferred
[  357.135085] xhci_hcd 0000:00:14.0: ep 0x83 - asked for 526 bytes, 450 bytes untransferred
[  357.143086] xhci_hcd 0000:00:14.0: ep 0x83 - asked for 526 bytes, 450 bytes untransferred
[  357.151083] xhci_hcd 0000:00:14.0: ep 0x83 - asked for 526 bytes, 450 bytes untransferred
[  357.159075] xhci_hcd 0000:00:14.0: ep 0x83 - asked for 526 bytes, 450 bytes untransferred
[  357.167081] xhci_hcd 0000:00:14.0: ep 0x83 - asked for 526 bytes, 450 bytes untransferred
[  357.176080] xhci_hcd 0000:00:14.0: ep 0x83 - asked for 526 bytes, 450 bytes untransferred
[  357.184065] xhci_hcd 0000:00:14.0: ep 0x83 - asked for 526 bytes, 450 bytes untransferred
[  357.192077] xhci_hcd 0000:00:14.0: ep 0x83 - asked for 526 bytes, 450 bytes untransferred
[  357.200078] xhci_hcd 0000:00:14.0: ep 0x83 - asked for 526 bytes, 450 bytes untransferred
[  357.208093] xhci_hcd 0000:00:14.0: ep 0x83 - asked for 526 bytes, 450 bytes untransferred
[  357.216066] xhci_hcd 0000:00:14.0: ep 0x83 - asked for 526 bytes, 450 bytes untransferred
[  357.224071] xhci_hcd 0000:00:14.0: ep 0x83 - asked for 526 bytes, 450 bytes untransferred
[  357.232067] xhci_hcd 0000:00:14.0: ep 0x83 - asked for 526 bytes, 450 bytes untransferred
[  357.240082] xhci_hcd 0000:00:14.0: ep 0x83 - asked for 526 bytes, 450 bytes untransferred
[  357.248074] xhci_hcd 0000:00:14.0: ep 0x83 - asked for 526 bytes, 450 bytes untransferred
[  357.256059] xhci_hcd 0000:00:14.0: ep 0x83 - asked for 526 bytes, 450 bytes untransferred
[  357.264053] xhci_hcd 0000:00:14.0: ep 0x83 - asked for 526 bytes, 450 bytes untransferred
[  357.272076] xhci_hcd 0000:00:14.0: ep 0x83 - asked for 526 bytes, 450 bytes untransferred
[  357.280064] xhci_hcd 0000:00:14.0: ep 0x83 - asked for 526 bytes, 450 bytes untransferred
[  357.288070] xhci_hcd 0000:00:14.0: ep 0x83 - asked for 526 bytes, 450 bytes untransferred
[  357.297054] xhci_hcd 0000:00:14.0: ep 0x83 - asked for 526 bytes, 450 bytes untransferred
[  357.305061] xhci_hcd 0000:00:14.0: ep 0x83 - asked for 526 bytes, 450 bytes untransferred
[  357.313065] xhci_hcd 0000:00:14.0: ep 0x83 - asked for 526 bytes, 450 bytes untransferred
[  357.321066] xhci_hcd 0000:00:14.0: ep 0x83 - asked for 526 bytes, 450 bytes untransferred
[  357.329062] xhci_hcd 0000:00:14.0: ep 0x83 - asked for 526 bytes, 450 bytes untransferred
