[    0.000000] microcode: microcode updated early to revision 0x1a, date = 2018-04-02
[    0.000000] Linux version 5.0.0-rc8+ (im@im-mac) (gcc version 8.2.1 20181215 (Red Hat 8.2.1-6) (GCC)) #14 SMP Mon Feb 25 23:16:58 +05 2019
[    0.000000] Command line: BOOT_IMAGE=/vmlinuz-5.0.0-rc8+ root=/dev/mapper/im--mac-root ro resume=/dev/mapper/im--mac-swap rd.lvm.lv=im-mac/root rd.luks.uuid=luks-dd1fa933-ef9f-402b-a2e4-7c9d6fb7ce0d rd.lvm.lv=im-mac/swap rhgb quiet hid_apple.fnmode=2 hid_apple.iso_layout=0
[    0.000000] x86/fpu: Supporting XSAVE feature 0x001: 'x87 floating point registers'
[    0.000000] x86/fpu: Supporting XSAVE feature 0x002: 'SSE registers'
[    0.000000] x86/fpu: Supporting XSAVE feature 0x004: 'AVX registers'
[    0.000000] x86/fpu: xstate_offset[2]:  576, xstate_sizes[2]:  256
[    0.000000] x86/fpu: Enabled xstate features 0x7, context size is 832 bytes, using 'standard' format.
[    0.000000] BIOS-provided physical RAM map:
[    0.000000] BIOS-e820: [mem 0x0000000000000000-0x0000000000057fff] usable
[    0.000000] BIOS-e820: [mem 0x0000000000058000-0x0000000000058fff] reserved
[    0.000000] BIOS-e820: [mem 0x0000000000059000-0x000000000009ffff] usable
[    0.000000] BIOS-e820: [mem 0x00000000000a0000-0x00000000000bffff] reserved
[    0.000000] BIOS-e820: [mem 0x0000000000100000-0x0000000078d00fff] usable
[    0.000000] BIOS-e820: [mem 0x0000000078d01000-0x0000000078d48fff] ACPI NVS
[    0.000000] BIOS-e820: [mem 0x0000000078d49000-0x0000000078d5cfff] usable
[    0.000000] BIOS-e820: [mem 0x0000000078d5d000-0x0000000078d8efff] ACPI data
[    0.000000] BIOS-e820: [mem 0x0000000078d8f000-0x0000000078e39fff] usable
[    0.000000] BIOS-e820: [mem 0x0000000078e3a000-0x0000000078e8efff] reserved
[    0.000000] BIOS-e820: [mem 0x0000000078e8f000-0x0000000078ecbfff] usable
[    0.000000] BIOS-e820: [mem 0x0000000078ecc000-0x0000000078efefff] reserved
[    0.000000] BIOS-e820: [mem 0x0000000078eff000-0x0000000078f84fff] usable
[    0.000000] BIOS-e820: [mem 0x0000000078f85000-0x0000000078fdefff] reserved
[    0.000000] BIOS-e820: [mem 0x0000000078fdf000-0x0000000078ffffff] usable
[    0.000000] BIOS-e820: [mem 0x0000000079000000-0x000000007f9fffff] reserved
[    0.000000] BIOS-e820: [mem 0x00000000e00f8000-0x00000000e00f8fff] reserved
[    0.000000] BIOS-e820: [mem 0x00000000fed1c000-0x00000000fed1ffff] reserved
[    0.000000] BIOS-e820: [mem 0x00000000ffd70000-0x00000000ffd9ffff] reserved
[    0.000000] BIOS-e820: [mem 0x0000000100000000-0x000000047f5fffff] usable
[    0.000000] NX (Execute Disable) protection: active
[    0.000000] e820: update [mem 0x66282710-0x66282ad2] usable ==> usable
[    0.000000] e820: update [mem 0x66282710-0x66282ad2] usable ==> usable
[    0.000000] extended physical RAM map:
[    0.000000] reserve setup_data: [mem 0x0000000000000000-0x0000000000057fff] usable
[    0.000000] reserve setup_data: [mem 0x0000000000058000-0x0000000000058fff] reserved
[    0.000000] reserve setup_data: [mem 0x0000000000059000-0x000000000009ffff] usable
[    0.000000] reserve setup_data: [mem 0x00000000000a0000-0x00000000000bffff] reserved
[    0.000000] reserve setup_data: [mem 0x0000000000100000-0x000000006628270f] usable
[    0.000000] reserve setup_data: [mem 0x0000000066282710-0x0000000066282ad2] usable
[    0.000000] reserve setup_data: [mem 0x0000000066282ad3-0x0000000078d00fff] usable
[    0.000000] reserve setup_data: [mem 0x0000000078d01000-0x0000000078d48fff] ACPI NVS
[    0.000000] reserve setup_data: [mem 0x0000000078d49000-0x0000000078d5cfff] usable
[    0.000000] reserve setup_data: [mem 0x0000000078d5d000-0x0000000078d8efff] ACPI data
[    0.000000] reserve setup_data: [mem 0x0000000078d8f000-0x0000000078e39fff] usable
[    0.000000] reserve setup_data: [mem 0x0000000078e3a000-0x0000000078e8efff] reserved
[    0.000000] reserve setup_data: [mem 0x0000000078e8f000-0x0000000078ecbfff] usable
[    0.000000] reserve setup_data: [mem 0x0000000078ecc000-0x0000000078efefff] reserved
[    0.000000] reserve setup_data: [mem 0x0000000078eff000-0x0000000078f84fff] usable
[    0.000000] reserve setup_data: [mem 0x0000000078f85000-0x0000000078fdefff] reserved
[    0.000000] reserve setup_data: [mem 0x0000000078fdf000-0x0000000078ffffff] usable
[    0.000000] reserve setup_data: [mem 0x0000000079000000-0x000000007f9fffff] reserved
[    0.000000] reserve setup_data: [mem 0x00000000e00f8000-0x00000000e00f8fff] reserved
[    0.000000] reserve setup_data: [mem 0x00000000fed1c000-0x00000000fed1ffff] reserved
[    0.000000] reserve setup_data: [mem 0x00000000ffd70000-0x00000000ffd9ffff] reserved
[    0.000000] reserve setup_data: [mem 0x0000000100000000-0x000000047f5fffff] usable
[    0.000000] efi: EFI v1.10 by Apple
[    0.000000] efi:  ACPI=0x78d8e000  ACPI 2.0=0x78d8e014  SMBIOS=0x78f8b000 
[    0.000000] SMBIOS 2.7 present.
[    0.000000] DMI: Apple Inc. MacBookPro11,4/Mac-06F11FD93F0323C5, BIOS MBP114.88Z.0184.B00.1806051659 06/05/2018
[    0.000000] tsc: Fast TSC calibration using PIT
[    0.000000] tsc: Detected 2194.897 MHz processor
[    0.000136] e820: update [mem 0x00000000-0x00000fff] usable ==> reserved
[    0.000137] e820: remove [mem 0x000a0000-0x000fffff] usable
[    0.000142] last_pfn = 0x47f600 max_arch_pfn = 0x400000000
[    0.000145] MTRR default type: write-back
[    0.000145] MTRR fixed ranges enabled:
[    0.000146]   00000-9FFFF write-back
[    0.000147]   A0000-BFFFF uncachable
[    0.000147]   C0000-DFFFF write-protect
[    0.000148]   E0000-FFFFF uncachable
[    0.000148] MTRR variable ranges enabled:
[    0.000149]   0 base 0080000000 mask 7F80000000 uncachable
[    0.000150]   1 base 007C000000 mask 7FFC000000 uncachable
[    0.000150]   2 base 007A000000 mask 7FFE000000 uncachable
[    0.000151]   3 base 0079000000 mask 7FFF000000 uncachable
[    0.000151]   4 disabled
[    0.000152]   5 disabled
[    0.000152]   6 disabled
[    0.000152]   7 disabled
[    0.000152]   8 disabled
[    0.000153]   9 disabled
[    0.009946] x86/PAT: Configuration [0-7]: WB  WC  UC- UC  WB  WP  UC- WT  
[    0.010039] last_pfn = 0x79000 max_arch_pfn = 0x400000000
[    0.021711] Base memory trampoline at [(____ptrval____)] 99000 size 24576
[    0.021714] Using GB pages for direct mapping
[    0.021716] BRK [0x2c0e01000, 0x2c0e01fff] PGTABLE
[    0.021717] BRK [0x2c0e02000, 0x2c0e02fff] PGTABLE
[    0.021718] BRK [0x2c0e03000, 0x2c0e03fff] PGTABLE
[    0.021738] BRK [0x2c0e04000, 0x2c0e04fff] PGTABLE
[    0.021740] BRK [0x2c0e05000, 0x2c0e05fff] PGTABLE
[    0.021792] BRK [0x2c0e06000, 0x2c0e06fff] PGTABLE
[    0.021805] BRK [0x2c0e07000, 0x2c0e07fff] PGTABLE
[    0.021842] BRK [0x2c0e08000, 0x2c0e08fff] PGTABLE
[    0.021927] Secure boot disabled
[    0.021928] RAMDISK: [mem 0x42aab000-0x4855efff]
[    0.021938] ACPI: Early table checksum verification disabled
[    0.021941] ACPI: RSDP 0x0000000078D8E014 000024 (v02 APPLE )
[    0.021943] ACPI: XSDT 0x0000000078D8E1C0 0000A4 (v01 APPLE  Apple00  00000000      01000013)
[    0.021948] ACPI: FACP 0x0000000078D8C000 0000F4 (v05 APPLE  Apple00  00000000 Loki 0000005F)
[    0.021951] ACPI BIOS Warning (bug): 32/64X length mismatch in FADT/Gpe0Block: 128/0 (20181213/tbfadt-569)
[    0.021953] ACPI: DSDT 0x0000000078D7F000 007331 (v03 APPLE  MacBookP 00110004 INTL 20140424)
[    0.021956] ACPI: FACS 0x0000000078D06000 000040
[    0.021957] ACPI: FACS 0x0000000078D06000 000040
[    0.021958] ACPI: HPET 0x0000000078D8B000 000038 (v01 APPLE  Apple00  00000001 Loki 0000005F)
[    0.021960] ACPI: APIC 0x0000000078D8A000 0000BC (v02 APPLE  Apple00  00000001 Loki 0000005F)
[    0.021962] ACPI: SBST 0x0000000078D88000 000030 (v01 APPLE  Apple00  00000001 Loki 0000005F)
[    0.021964] ACPI: ECDT 0x0000000078D87000 000053 (v01 APPLE  Apple00  00000001 Loki 0000005F)
[    0.021965] ACPI: SSDT 0x0000000078D7E000 000024 (v01 APPLE  SataAhci 00001000 INTL 20140424)
[    0.021967] ACPI: SSDT 0x0000000078D7D000 000024 (v01 APPLE  SmcDppt  00001000 INTL 20140424)
[    0.021969] ACPI: SSDT 0x0000000078D7C000 000032 (v01 APPLE  SsdtS3   00001000 INTL 20140424)
[    0.021971] ACPI: SSDT 0x0000000078D68000 0086DA (v01 APPLE  TbtPEG11 00001000 INTL 20140424)
[    0.021973] ACPI: SSDT 0x0000000078D67000 0000B8 (v01 APPLE  Sdxc     00001000 INTL 20140424)
[    0.021974] ACPI: SSDT 0x0000000078D66000 000A7B (v02 APPLE  Xhci     00001000 INTL 20140424)
[    0.021976] ACPI: SSDT 0x0000000078D64000 000341 (v01 APPLE  PEG0SSD0 00001000 INTL 20140424)
[    0.021978] ACPI: SSDT 0x0000000078D5F000 00069C (v01 PmRef  Cpu0Ist  00003000 INTL 20140424)
[    0.021980] ACPI: SSDT 0x0000000078D5E000 000C17 (v01 CpuRef CpuSsdt  00003000 INTL 20140424)
[    0.021982] ACPI: DMAR 0x0000000078D5D000 000088 (v01 APPLE  BDW      00000001 INTL 00000001)
[    0.021983] ACPI: MCFG 0x0000000078D89000 00003C (v01 APPLE  Apple00  00000001 Loki 0000005F)
[    0.021988] ACPI: DMI detected to setup _OSI("Darwin"): Apple hardware
[    0.021990] ACPI: Local APIC address 0xfee00000
[    0.022061] No NUMA configuration found
[    0.022062] Faking a node at [mem 0x0000000000000000-0x000000047f5fffff]
[    0.022070] NODE_DATA(0) allocated [mem 0x47f5d5000-0x47f5fffff]
[    0.051878] Zone ranges:
[    0.051879]   DMA      [mem 0x0000000000001000-0x0000000000ffffff]
[    0.051881]   DMA32    [mem 0x0000000001000000-0x00000000ffffffff]
[    0.051881]   Normal   [mem 0x0000000100000000-0x000000047f5fffff]
[    0.051882]   Device   empty
[    0.051882] Movable zone start for each node
[    0.051885] Early memory node ranges
[    0.051886]   node   0: [mem 0x0000000000001000-0x0000000000057fff]
[    0.051886]   node   0: [mem 0x0000000000059000-0x000000000009ffff]
[    0.051887]   node   0: [mem 0x0000000000100000-0x0000000078d00fff]
[    0.051887]   node   0: [mem 0x0000000078d49000-0x0000000078d5cfff]
[    0.051887]   node   0: [mem 0x0000000078d8f000-0x0000000078e39fff]
[    0.051888]   node   0: [mem 0x0000000078e8f000-0x0000000078ecbfff]
[    0.051888]   node   0: [mem 0x0000000078eff000-0x0000000078f84fff]
[    0.051889]   node   0: [mem 0x0000000078fdf000-0x0000000078ffffff]
[    0.051889]   node   0: [mem 0x0000000100000000-0x000000047f5fffff]
[    0.052257] Zeroed struct page in unavailable ranges: 29118 pages
[    0.052259] Initmem setup node 0 [mem 0x0000000000001000-0x000000047f5fffff]
[    0.052260] On node 0 totalpages: 4162626
[    0.052261]   DMA zone: 64 pages used for memmap
[    0.052261]   DMA zone: 22 pages reserved
[    0.052261]   DMA zone: 3998 pages, LIFO batch:0
[    0.052331]   DMA32 zone: 7675 pages used for memmap
[    0.052331]   DMA32 zone: 491172 pages, LIFO batch:63
[    0.063246]   Normal zone: 57304 pages used for memmap
[    0.063246]   Normal zone: 3667456 pages, LIFO batch:63
[    0.131784] Reserving Intel graphics memory at [mem 0x79a00000-0x7f9fffff]
[    0.131849] ACPI: PM-Timer IO Port: 0x1808
[    0.131851] ACPI: Local APIC address 0xfee00000
[    0.131856] ACPI: LAPIC_NMI (acpi_id[0x01] high edge lint[0x1])
[    0.131857] ACPI: LAPIC_NMI (acpi_id[0x02] high edge lint[0x1])
[    0.131857] ACPI: LAPIC_NMI (acpi_id[0x03] high edge lint[0x1])
[    0.131857] ACPI: LAPIC_NMI (acpi_id[0x04] high edge lint[0x1])
[    0.131858] ACPI: LAPIC_NMI (acpi_id[0x05] high edge lint[0x1])
[    0.131858] ACPI: LAPIC_NMI (acpi_id[0x06] high edge lint[0x1])
[    0.131859] ACPI: LAPIC_NMI (acpi_id[0x07] high edge lint[0x1])
[    0.131859] ACPI: LAPIC_NMI (acpi_id[0x08] high edge lint[0x1])
[    0.131873] IOAPIC[0]: apic_id 2, version 32, address 0xfec00000, GSI 0-23
[    0.131875] ACPI: INT_SRC_OVR (bus 0 bus_irq 0 global_irq 2 dfl dfl)
[    0.131876] ACPI: INT_SRC_OVR (bus 0 bus_irq 9 global_irq 9 high level)
[    0.131877] ACPI: IRQ0 used by override.
[    0.131878] ACPI: IRQ9 used by override.
[    0.131879] Using ACPI (MADT) for SMP configuration information
[    0.131880] ACPI: HPET id: 0x8086a201 base: 0xfed00000
[    0.131883] smpboot: Allowing 8 CPUs, 0 hotplug CPUs
[    0.131897] PM: Registered nosave memory: [mem 0x00000000-0x00000fff]
[    0.131898] PM: Registered nosave memory: [mem 0x00058000-0x00058fff]
[    0.131899] PM: Registered nosave memory: [mem 0x000a0000-0x000bffff]
[    0.131899] PM: Registered nosave memory: [mem 0x000c0000-0x000fffff]
[    0.131900] PM: Registered nosave memory: [mem 0x66282000-0x66282fff]
[    0.131901] PM: Registered nosave memory: [mem 0x66282000-0x66282fff]
[    0.131902] PM: Registered nosave memory: [mem 0x78d01000-0x78d48fff]
[    0.131903] PM: Registered nosave memory: [mem 0x78d5d000-0x78d8efff]
[    0.131904] PM: Registered nosave memory: [mem 0x78e3a000-0x78e8efff]
[    0.131905] PM: Registered nosave memory: [mem 0x78ecc000-0x78efefff]
[    0.131906] PM: Registered nosave memory: [mem 0x78f85000-0x78fdefff]
[    0.131907] PM: Registered nosave memory: [mem 0x79000000-0x7f9fffff]
[    0.131907] PM: Registered nosave memory: [mem 0x7fa00000-0xe00f7fff]
[    0.131908] PM: Registered nosave memory: [mem 0xe00f8000-0xe00f8fff]
[    0.131908] PM: Registered nosave memory: [mem 0xe00f9000-0xfed1bfff]
[    0.131908] PM: Registered nosave memory: [mem 0xfed1c000-0xfed1ffff]
[    0.131909] PM: Registered nosave memory: [mem 0xfed20000-0xffd6ffff]
[    0.131909] PM: Registered nosave memory: [mem 0xffd70000-0xffd9ffff]
[    0.131910] PM: Registered nosave memory: [mem 0xffda0000-0xffffffff]
[    0.131911] [mem 0x7fa00000-0xe00f7fff] available for PCI devices
[    0.131913] Booting paravirtualized kernel on bare hardware
[    0.131915] clocksource: refined-jiffies: mask: 0xffffffff max_cycles: 0xffffffff, max_idle_ns: 1910969940391419 ns
[    0.227405] random: get_random_bytes called from start_kernel+0x93/0x503 with crng_init=0
[    0.227410] setup_percpu: NR_CPUS:64 nr_cpumask_bits:64 nr_cpu_ids:8 nr_node_ids:1
[    0.227580] percpu: Embedded 44 pages/cpu @(____ptrval____) s143360 r8192 d28672 u262144
[    0.227585] pcpu-alloc: s143360 r8192 d28672 u262144 alloc=1*2097152
[    0.227586] pcpu-alloc: [0] 0 1 2 3 4 5 6 7 
[    0.227601] Built 1 zonelists, mobility grouping on.  Total pages: 4097561
[    0.227602] Policy zone: Normal
[    0.227603] Kernel command line: BOOT_IMAGE=/vmlinuz-5.0.0-rc8+ root=/dev/mapper/im--mac-root ro resume=/dev/mapper/im--mac-swap rd.lvm.lv=im-mac/root rd.luks.uuid=luks-dd1fa933-ef9f-402b-a2e4-7c9d6fb7ce0d rd.lvm.lv=im-mac/swap rhgb quiet hid_apple.fnmode=2 hid_apple.iso_layout=0
[    0.272177] Memory: 15843872K/16650504K available (12291K kernel code, 1404K rwdata, 4028K rodata, 2156K init, 4936K bss, 806632K reserved, 0K cma-reserved)
[    0.272313] SLUB: HWalign=64, Order=0-3, MinObjects=0, CPUs=8, Nodes=1
[    0.272321] Kernel/User page tables isolation: enabled
[    0.272341] ftrace: allocating 38178 entries in 150 pages
[    0.284969] rcu: Hierarchical RCU implementation.
[    0.284970] rcu: 	RCU restricting CPUs from NR_CPUS=64 to nr_cpu_ids=8.
[    0.284971] rcu: RCU calculated value of scheduler-enlistment delay is 100 jiffies.
[    0.284972] rcu: Adjusting geometry for rcu_fanout_leaf=16, nr_cpu_ids=8
[    0.286836] NR_IRQS: 4352, nr_irqs: 488, preallocated irqs: 16
[    0.286959] rcu: 	Offload RCU callbacks from CPUs: (none).
[    0.287002] Console: colour dummy device 80x25
[    0.287006] printk: console [tty0] enabled
[    0.287017] ACPI: Core revision 20181213
[    0.287221] clocksource: hpet: mask: 0xffffffff max_cycles: 0xffffffff, max_idle_ns: 133484882848 ns
[    0.287231] hpet clockevent registered
[    0.287234] APIC: Switch to symmetric I/O mode setup
[    0.287236] DMAR: Host address width 39
[    0.287236] DMAR: DRHD base: 0x000000fed90000 flags: 0x0
[    0.287240] DMAR: dmar0: reg_base_addr fed90000 ver 1:0 cap c0000020660462 ecap f0101a
[    0.287240] DMAR: DRHD base: 0x000000fed91000 flags: 0x1
[    0.287242] DMAR: dmar1: reg_base_addr fed91000 ver 1:0 cap d2008c20660462 ecap f010da
[    0.287243] DMAR: RMRR base: 0x00000079800000 end: 0x0000007f9fffff
[    0.287246] DMAR-IR: IOAPIC id 2 under DRHD base  0xfed91000 IOMMU 1
[    0.287246] DMAR-IR: HPET id 0 under DRHD base 0xfed91000
[    0.287247] DMAR-IR: x2apic is disabled because BIOS sets x2apic opt out bit.
[    0.287247] DMAR-IR: Use 'intremap=no_x2apic_optout' to override the BIOS setting.
[    0.287683] DMAR-IR: Enabled IRQ remapping in xapic mode
[    0.287683] x2apic: IRQ remapping doesn't support X2APIC mode
[    0.288054] ..TIMER: vector=0x30 apic1=0 pin1=2 apic2=-1 pin2=-1
[    0.292240] clocksource: tsc-early: mask: 0xffffffffffffffff max_cycles: 0x1fa35e36904, max_idle_ns: 440795210298 ns
[    0.292249] Calibrating delay loop (skipped), value calculated using timer frequency.. 4389.79 BogoMIPS (lpj=2194897)
[    0.292251] pid_max: default: 32768 minimum: 301
[    0.305108] LSM: Security Framework initializing
[    0.305110] Yama: becoming mindful.
[    0.305116] SELinux:  Initializing.
[    0.307621] Dentry cache hash table entries: 2097152 (order: 12, 16777216 bytes)
[    0.308808] Inode-cache hash table entries: 1048576 (order: 11, 8388608 bytes)
[    0.308856] Mount-cache hash table entries: 32768 (order: 6, 262144 bytes)
[    0.308897] Mountpoint-cache hash table entries: 32768 (order: 6, 262144 bytes)
[    0.309070] ENERGY_PERF_BIAS: Set to 'normal', was 'performance'
[    0.309070] ENERGY_PERF_BIAS: View and update with x86_energy_perf_policy(8)
[    0.309074] mce: CPU supports 10 MCE banks
[    0.309083] mce: CPU0: Thermal monitoring enabled (TM1)
[    0.309095] process: using mwait in idle threads
[    0.309097] Last level iTLB entries: 4KB 1024, 2MB 1024, 4MB 1024
[    0.309097] Last level dTLB entries: 4KB 1024, 2MB 1024, 4MB 1024, 1GB 4
[    0.309099] Spectre V2 : Mitigation: Full generic retpoline
[    0.309099] Spectre V2 : Spectre v2 / SpectreRSB mitigation: Filling RSB on context switch
[    0.309099] Spectre V2 : Enabling Restricted Speculation for firmware calls
[    0.309105] Spectre V2 : mitigation: Enabling conditional Indirect Branch Prediction Barrier
[    0.309106] Spectre V2 : User space: Mitigation: STIBP via seccomp and prctl
[    0.309107] Speculative Store Bypass: Mitigation: Speculative Store Bypass disabled via prctl and seccomp
[    0.309274] Freeing SMP alternatives memory: 36K
[    0.310306] TSC deadline timer enabled
[    0.310308] smpboot: CPU0: Intel(R) Core(TM) i7-4770HQ CPU @ 2.20GHz (family: 0x6, model: 0x46, stepping: 0x1)
[    0.310377] Performance Events: PEBS fmt2+, Haswell events, 16-deep LBR, full-width counters, Intel PMU driver.
[    0.310413] ... version:                3
[    0.310413] ... bit width:              48
[    0.310414] ... generic registers:      4
[    0.310414] ... value mask:             0000ffffffffffff
[    0.310415] ... max period:             00007fffffffffff
[    0.310415] ... fixed-purpose events:   3
[    0.310416] ... event mask:             000000070000000f
[    0.310443] rcu: Hierarchical SRCU implementation.
[    0.310874] random: crng done (trusting CPU's manufacturer)
[    0.311241] NMI watchdog: Enabled. Permanently consumes one hw-PMU counter.
[    0.311281] smp: Bringing up secondary CPUs ...
[    0.311333] x86: Booting SMP configuration:
[    0.311334] .... node  #0, CPUs:      #1 #2 #3 #4 #5 #6 #7
[    0.359245] smp: Brought up 1 node, 8 CPUs
[    0.359246] smpboot: Max logical packages: 1
[    0.359248] smpboot: Total of 8 processors activated (35118.35 BogoMIPS)
[    0.360616] devtmpfs: initialized
[    0.360616] x86/mm: Memory block size: 128MB
[    0.361496] PM: Registering ACPI NVS region [mem 0x78d01000-0x78d48fff] (294912 bytes)
[    0.361496] clocksource: jiffies: mask: 0xffffffff max_cycles: 0xffffffff, max_idle_ns: 1911260446275000 ns
[    0.361496] futex hash table entries: 2048 (order: 5, 131072 bytes)
[    0.361496] pinctrl core: initialized pinctrl subsystem
[    0.361496] RTC time: 19:02:33, date: 2019-02-25
[    0.361575] NET: Registered protocol family 16
[    0.361661] audit: initializing netlink subsys (disabled)
[    0.361665] audit: type=2000 audit(1551121353.074:1): state=initialized audit_enabled=0 res=1
[    0.361665] cpuidle: using governor menu
[    0.361665] ACPI: bus type PCI registered
[    0.361665] acpiphp: ACPI Hot Plug PCI Controller Driver version: 0.5
[    0.361665] PCI: MMCONFIG for domain 0000 [bus 00-9b] at [mem 0xe0000000-0xe9bfffff] (base 0xe0000000)
[    0.361665] PCI: not using MMCONFIG
[    0.361665] PCI: Using configuration type 1 for base access
[    0.361665] core: PMU erratum BJ122, BV98, HSD29 worked around, HT is on
[    0.363263] HugeTLB registered 1.00 GiB page size, pre-allocated 0 pages
[    0.363263] HugeTLB registered 2.00 MiB page size, pre-allocated 0 pages
[    0.363264] cryptd: max_cpu_qlen set to 1000
[    0.363283] ACPI: Disabled all _OSI OS vendors
[    0.363285] ACPI: Added _OSI(Module Device)
[    0.363285] ACPI: Added _OSI(Processor Device)
[    0.363286] ACPI: Added _OSI(3.0 _SCP Extensions)
[    0.363286] ACPI: Added _OSI(Processor Aggregator Device)
[    0.363287] ACPI: Added _OSI(Linux-Dell-Video)
[    0.363288] ACPI: Added _OSI(Linux-Lenovo-NV-HDMI-Audio)
[    0.363288] ACPI: Added _OSI(Linux-HPI-Hybrid-Graphics)
[    0.363289] ACPI: Added _OSI(Darwin)
[    0.374916] ACPI: 10 ACPI AML tables successfully acquired and loaded
[    0.375536] ACPI: EC: EC started
[    0.375537] ACPI: EC: interrupt blocked
[    0.377441] ACPI: \: Used as first EC
[    0.377442] ACPI: \: GPE=0x17, EC_CMD/EC_SC=0x66, EC_DATA=0x62
[    0.377443] ACPI: \: Used as boot ECDT EC to handle transactions
[    0.378168] ACPI: BIOS _OSI(Darwin) query honored via DMI
[    0.378705] ACPI: [Firmware Bug]: BIOS _OSI(Linux) query ignored
[    0.378821] ACPI Error: Needed type [Reference], found [Integer] 000000001ad8641f (20181213/exresop-69)
[    0.378824] ACPI Error: AE_AML_OPERAND_TYPE, While resolving operands for [OpcodeName unavailable] (20181213/dswexec-427)
[    0.378826] ACPI Error: Method parse/execution failed \_PR.CPU0._PDC, AE_AML_OPERAND_TYPE (20181213/psparse-531)
[    0.379012] ACPI: Dynamic OEM Table Load:
[    0.379017] ACPI: SSDT 0xFFFF8AF26CB4E800 00067C (v01 PmRef  ApIst    00003000 INTL 20140424)
[    0.379397] ACPI: Dynamic OEM Table Load:
[    0.379400] ACPI: SSDT 0xFFFF8AF26CB98800 000119 (v01 PmRef  ApCst    00003000 INTL 20140424)
[    0.380464] ACPI: Interpreter enabled
[    0.380480] ACPI: (supports S0 S3 S4 S5)
[    0.380481] ACPI: Using IOAPIC for interrupt routing
[    0.380498] PCI: MMCONFIG for domain 0000 [bus 00-9b] at [mem 0xe0000000-0xe9bfffff] (base 0xe0000000)
[    0.380869] PCI: MMCONFIG at [mem 0xe0000000-0xe9bfffff] reserved in ACPI motherboard resources
[    0.380877] PCI: Using host bridge windows from ACPI; if necessary, use "pci=nocrs" and report a bug
[    0.381054] ACPI: Enabled 7 GPEs in block 00 to 3F
[    0.388271] ACPI: PCI Root Bridge [PCI0] (domain 0000 [bus 00-ff])
[    0.388274] acpi PNP0A08:00: _OSC: OS assumes control of [PCIeHotplug SHPCHotplug AER PCIeCapability LTR]
[    0.388284] acpi PNP0A08:00: [Firmware Info]: MMCONFIG for domain 0000 [bus 00-9b] only partially covers this bridge
[    0.388485] PCI host bridge to bus 0000:00
[    0.388487] pci_bus 0000:00: root bus resource [io  0x0000-0x0cf7 window]
[    0.388488] pci_bus 0000:00: root bus resource [io  0x0d00-0xffff window]
[    0.388489] pci_bus 0000:00: root bus resource [mem 0x000a0000-0x000bffff window]
[    0.388490] pci_bus 0000:00: root bus resource [mem 0x000c0000-0x000c3fff window]
[    0.388491] pci_bus 0000:00: root bus resource [mem 0x000c4000-0x000c7fff window]
[    0.388492] pci_bus 0000:00: root bus resource [mem 0x000c8000-0x000cbfff window]
[    0.388493] pci_bus 0000:00: root bus resource [mem 0x000cc000-0x000cffff window]
[    0.388494] pci_bus 0000:00: root bus resource [mem 0x000d0000-0x000d3fff window]
[    0.388495] pci_bus 0000:00: root bus resource [mem 0x000d4000-0x000d7fff window]
[    0.388496] pci_bus 0000:00: root bus resource [mem 0x000d8000-0x000dbfff window]
[    0.388497] pci_bus 0000:00: root bus resource [mem 0x000dc000-0x000dffff window]
[    0.388498] pci_bus 0000:00: root bus resource [mem 0x000e0000-0x000e3fff window]
[    0.388499] pci_bus 0000:00: root bus resource [mem 0x000e4000-0x000e7fff window]
[    0.388499] pci_bus 0000:00: root bus resource [mem 0x000e8000-0x000ebfff window]
[    0.388500] pci_bus 0000:00: root bus resource [mem 0x000ec000-0x000effff window]
[    0.388501] pci_bus 0000:00: root bus resource [mem 0x000f0000-0x000fffff window]
[    0.388502] pci_bus 0000:00: root bus resource [mem 0x7fa00000-0xfeafffff window]
[    0.388503] pci_bus 0000:00: root bus resource [mem 0xfed40000-0xfed44fff window]
[    0.388504] pci_bus 0000:00: root bus resource [bus 00-ff]
[    0.388511] pci 0000:00:00.0: [8086:0d04] type 00 class 0x060000
[    0.388576] pci 0000:00:01.0: [8086:0d01] type 01 class 0x060400
[    0.388607] pci 0000:00:01.0: PME# supported from D0 D3hot D3cold
[    0.388653] pci 0000:00:01.1: [8086:0d05] type 01 class 0x060400
[    0.388681] pci 0000:00:01.1: PME# supported from D0 D3hot D3cold
[    0.388752] pci 0000:00:02.0: [8086:0d26] type 00 class 0x030000
[    0.388760] pci 0000:00:02.0: reg 0x10: [mem 0xa0000000-0xa03fffff 64bit]
[    0.388765] pci 0000:00:02.0: reg 0x18: [mem 0x90000000-0x9fffffff 64bit pref]
[    0.388768] pci 0000:00:02.0: reg 0x20: [io  0x3000-0x303f]
[    0.388777] pci 0000:00:02.0: BAR 2: assigned to efifb
[    0.388826] pci 0000:00:03.0: [8086:0d0c] type 00 class 0x040300
[    0.388833] pci 0000:00:03.0: reg 0x10: [mem 0xa0c10000-0xa0c13fff 64bit]
[    0.388911] pci 0000:00:14.0: [8086:8c31] type 00 class 0x0c0330
[    0.388929] pci 0000:00:14.0: reg 0x10: [mem 0xa0c00000-0xa0c0ffff 64bit]
[    0.388980] pci 0000:00:14.0: PME# supported from D3hot D3cold
[    0.389056] pci 0000:00:16.0: [8086:8c3a] type 00 class 0x078000
[    0.389073] pci 0000:00:16.0: reg 0x10: [mem 0xa0c19100-0xa0c1910f 64bit]
[    0.389125] pci 0000:00:16.0: PME# supported from D0 D3hot D3cold
[    0.389181] pci 0000:00:1b.0: [8086:8c20] type 00 class 0x040300
[    0.389197] pci 0000:00:1b.0: reg 0x10: [mem 0xa0c14000-0xa0c17fff 64bit]
[    0.389257] pci 0000:00:1b.0: PME# supported from D0 D3hot D3cold
[    0.389307] pci 0000:00:1c.0: [8086:8c10] type 01 class 0x060400
[    0.389348] pci 0000:00:1c.0: claimed MacBook Pro poweroff workaround [mem 0x7fa00000-0x7fbfffff]
[    0.389388] pci 0000:00:1c.0: PME# supported from D0 D3hot D3cold
[    0.389449] pci 0000:00:1c.2: [8086:8c14] type 01 class 0x060400
[    0.389517] pci 0000:00:1c.2: PME# supported from D0 D3hot D3cold
[    0.389574] pci 0000:00:1c.3: [8086:8c16] type 01 class 0x060400
[    0.389642] pci 0000:00:1c.3: PME# supported from D0 D3hot D3cold
[    0.389704] pci 0000:00:1f.0: [8086:8c4b] type 00 class 0x060100
[    0.389839] pci 0000:00:1f.3: [8086:8c22] type 00 class 0x0c0500
[    0.389855] pci 0000:00:1f.3: reg 0x10: [mem 0xa0c19000-0xa0c190ff 64bit]
[    0.389872] pci 0000:00:1f.3: reg 0x20: [io  0xefa0-0xefbf]
[    0.389929] pci 0000:00:1f.6: [8086:8c24] type 00 class 0x118000
[    0.389949] pci 0000:00:1f.6: reg 0x10: [mem 0xa0c18000-0xa0c18fff 64bit]
[    0.390097] pci 0000:01:00.0: [144d:a801] type 00 class 0x010601
[    0.390131] pci 0000:01:00.0: reg 0x24: [mem 0xa0b00000-0xa0b01fff]
[    0.390257] pci 0000:00:01.0: PCI bridge to [bus 01]
[    0.390260] pci 0000:00:01.0:   bridge window [mem 0xa0b00000-0xa0bfffff]
[    0.390309] pci 0000:05:00.0: [8086:156d] type 01 class 0x060400
[    0.390388] pci 0000:05:00.0: supports D1 D2
[    0.390389] pci 0000:05:00.0: PME# supported from D0 D1 D2 D3hot D3cold
[    0.390475] pci 0000:00:01.1: PCI bridge to [bus 05-9b]
[    0.390477] pci 0000:00:01.1:   bridge window [io  0x4000-0x6fff]
[    0.390478] pci 0000:00:01.1:   bridge window [mem 0xa0d00000-0xacdfffff]
[    0.390480] pci 0000:00:01.1:   bridge window [mem 0xace00000-0xb8dfffff 64bit pref]
[    0.390560] pci 0000:06:00.0: [8086:156d] type 01 class 0x060400
[    0.390648] pci 0000:06:00.0: supports D1 D2
[    0.390649] pci 0000:06:00.0: PME# supported from D0 D1 D2 D3hot D3cold
[    0.390711] pci 0000:06:03.0: [8086:156d] type 01 class 0x060400
[    0.390797] pci 0000:06:03.0: supports D1 D2
[    0.390798] pci 0000:06:03.0: PME# supported from D0 D1 D2 D3hot D3cold
[    0.390857] pci 0000:06:04.0: [8086:156d] type 01 class 0x060400
[    0.390943] pci 0000:06:04.0: supports D1 D2
[    0.390943] pci 0000:06:04.0: PME# supported from D0 D1 D2 D3hot D3cold
[    0.391003] pci 0000:06:05.0: [8086:156d] type 01 class 0x060400
[    0.391089] pci 0000:06:05.0: supports D1 D2
[    0.391090] pci 0000:06:05.0: PME# supported from D0 D1 D2 D3hot D3cold
[    0.391148] pci 0000:06:06.0: [8086:156d] type 01 class 0x060400
[    0.391234] pci 0000:06:06.0: supports D1 D2
[    0.391235] pci 0000:06:06.0: PME# supported from D0 D1 D2 D3hot D3cold
[    0.391306] pci 0000:05:00.0: PCI bridge to [bus 06-6b]
[    0.391310] pci 0000:05:00.0:   bridge window [io  0x4000-0x5fff]
[    0.391312] pci 0000:05:00.0:   bridge window [mem 0xa0d00000-0xa8dfffff]
[    0.391316] pci 0000:05:00.0:   bridge window [mem 0xace00000-0xb4dfffff 64bit pref]
[    0.391363] pci 0000:07:00.0: [8086:156c] type 00 class 0x088000
[    0.391388] pci 0000:07:00.0: reg 0x10: [mem 0xa0d00000-0xa0d3ffff]
[    0.391396] pci 0000:07:00.0: reg 0x14: [mem 0xa0d40000-0xa0d40fff]
[    0.391515] pci 0000:07:00.0: supports D1 D2
[    0.391516] pci 0000:07:00.0: PME# supported from D0 D1 D2 D3hot D3cold
[    0.391657] pci 0000:06:00.0: PCI bridge to [bus 07]
[    0.391663] pci 0000:06:00.0:   bridge window [mem 0xa0d00000-0xa0dfffff]
[    0.391717] pci 0000:06:03.0: PCI bridge to [bus 08-38]
[    0.391721] pci 0000:06:03.0:   bridge window [io  0x4000-0x4fff]
[    0.391723] pci 0000:06:03.0:   bridge window [mem 0xa0e00000-0xa4dfffff]
[    0.391727] pci 0000:06:03.0:   bridge window [mem 0xace00000-0xb0dfffff 64bit pref]
[    0.391777] pci 0000:06:04.0: PCI bridge to [bus 39]
[    0.391833] pci 0000:06:05.0: PCI bridge to [bus 3a-6a]
[    0.391837] pci 0000:06:05.0:   bridge window [io  0x5000-0x5fff]
[    0.391839] pci 0000:06:05.0:   bridge window [mem 0xa4e00000-0xa8dfffff]
[    0.391843] pci 0000:06:05.0:   bridge window [mem 0xb0e00000-0xb4dfffff 64bit pref]
[    0.391870] pci 0000:06:06.0: PCI bridge to [bus 6b]
[    0.391935] pci 0000:00:1c.0: PCI bridge to [bus 02]
[    0.392032] pci 0000:03:00.0: [14e4:43ba] type 00 class 0x028000
[    0.392096] pci 0000:03:00.0: reg 0x10: [mem 0xa0800000-0xa0807fff 64bit]
[    0.392123] pci 0000:03:00.0: reg 0x18: [mem 0xa0400000-0xa07fffff 64bit]
[    0.392329] pci 0000:03:00.0: supports D1 D2
[    0.392330] pci 0000:03:00.0: PME# supported from D0 D1 D2 D3hot D3cold
[    0.392557] pci 0000:00:1c.2: PCI bridge to [bus 03]
[    0.392562] pci 0000:00:1c.2:   bridge window [mem 0xa0400000-0xa08fffff]
[    0.392622] pci 0000:04:00.0: [14e4:1570] type 00 class 0x048000
[    0.392654] pci 0000:04:00.0: reg 0x10: [mem 0xa0a00000-0xa0a0ffff 64bit]
[    0.392668] pci 0000:04:00.0: reg 0x18: [mem 0x80000000-0x8fffffff 64bit pref]
[    0.392683] pci 0000:04:00.0: reg 0x20: [mem 0xa0900000-0xa09fffff 64bit]
[    0.392768] pci 0000:04:00.0: supports D1
[    0.392769] pci 0000:04:00.0: PME# supported from D0 D3hot
[    0.392874] pci 0000:00:1c.3: PCI bridge to [bus 04]
[    0.392879] pci 0000:00:1c.3:   bridge window [mem 0xa0900000-0xa0afffff]
[    0.392883] pci 0000:00:1c.3:   bridge window [mem 0x80000000-0x8fffffff 64bit pref]
[    0.393609] ACPI: PCI Interrupt Link [LNKA] (IRQs 1 3 4 5 6 7 10 12 14 15) *0, disabled.
[    0.393652] ACPI: PCI Interrupt Link [LNKB] (IRQs 1 3 4 5 6 7 11 12 14 15) *0, disabled.
[    0.393697] ACPI: PCI Interrupt Link [LNKC] (IRQs 1 3 4 5 6 7 10 12 14 15) *0, disabled.
[    0.393742] ACPI: PCI Interrupt Link [LNKD] (IRQs 1 3 4 5 6 7 11 12 14 15) *0, disabled.
[    0.393786] ACPI: PCI Interrupt Link [LNKE] (IRQs 1 3 4 5 6 7 10 12 14 15) *0, disabled.
[    0.393821] ACPI: PCI Interrupt Link [LNKF] (IRQs 1 3 4 5 6 7 11 12 14 15) *0, disabled.
[    0.393865] ACPI: PCI Interrupt Link [LNKG] (IRQs 1 3 4 5 6 7 10 12 14 15) *0, disabled.
[    0.393905] ACPI: PCI Interrupt Link [LNKH] (IRQs 1 3 4 5 6 7 11 12 14 15) *0, disabled.
[    0.394044] ACPI: EC: interrupt unblocked
[    0.394060] ACPI: EC: event unblocked
[    0.394065] ACPI: \_SB_.PCI0.LPCB.EC__: GPE=0x17, EC_CMD/EC_SC=0x66, EC_DATA=0x62
[    0.394067] ACPI: \_SB_.PCI0.LPCB.EC__: Used as boot DSDT EC to handle transactions and events
[    0.394109] pci 0000:00:02.0: vgaarb: setting as boot VGA device
[    0.394109] pci 0000:00:02.0: vgaarb: VGA device added: decodes=io+mem,owns=io+mem,locks=none
[    0.394109] pci 0000:00:02.0: vgaarb: bridge control possible
[    0.394109] vgaarb: loaded
[    0.394109] SCSI subsystem initialized
[    0.394109] libata version 3.00 loaded.
[    0.394251] ACPI: bus type USB registered
[    0.394260] usbcore: registered new interface driver usbfs
[    0.394265] usbcore: registered new interface driver hub
[    0.394281] usbcore: registered new device driver usb
[    0.394300] pps_core: LinuxPPS API ver. 1 registered
[    0.394300] pps_core: Software ver. 5.3.6 - Copyright 2005-2007 Rodolfo Giometti <giometti@linux.it>
[    0.394302] PTP clock support registered
[    0.394315] EDAC MC: Ver: 3.0.0
[    0.394346] Registered efivars operations
[    0.488795] PCI: Using ACPI for IRQ routing
[    0.491149] PCI: pci_cache_line_size set to 64 bytes
[    0.491302] e820: reserve RAM buffer [mem 0x00058000-0x0005ffff]
[    0.491304] e820: reserve RAM buffer [mem 0x66282710-0x67ffffff]
[    0.491305] e820: reserve RAM buffer [mem 0x78d01000-0x7bffffff]
[    0.491306] e820: reserve RAM buffer [mem 0x78d5d000-0x7bffffff]
[    0.491308] e820: reserve RAM buffer [mem 0x78e3a000-0x7bffffff]
[    0.491309] e820: reserve RAM buffer [mem 0x78ecc000-0x7bffffff]
[    0.491310] e820: reserve RAM buffer [mem 0x78f85000-0x7bffffff]
[    0.491311] e820: reserve RAM buffer [mem 0x79000000-0x7bffffff]
[    0.491312] e820: reserve RAM buffer [mem 0x47f600000-0x47fffffff]
[    0.492242] NetLabel: Initializing
[    0.492242] NetLabel:  domain hash size = 128
[    0.492242] NetLabel:  protocols = UNLABELED CIPSOv4 CALIPSO
[    0.492242] NetLabel:  unlabeled traffic allowed by default
[    0.492333] hpet0: at MMIO 0xfed00000, IRQs 2, 8, 0, 0, 0, 0, 0, 0
[    0.492337] hpet0: 8 comparators, 64-bit 14.318180 MHz counter
[    0.494257] clocksource: Switched to clocksource tsc-early
[    0.503781] VFS: Disk quotas dquot_6.6.0
[    0.503795] VFS: Dquot-cache hash table entries: 512 (order 0, 4096 bytes)
[    0.503842] pnp: PnP ACPI init
[    0.504507] system 00:00: [mem 0xfed00000-0xfed03fff] has been reserved
[    0.504512] system 00:00: Plug and Play ACPI device, IDs PNP0103 PNP0c01 (active)
[    0.504543] system 00:01: [io  0xffff] has been reserved
[    0.504545] system 00:01: [io  0x1800-0x187f] has been reserved
[    0.504546] system 00:01: [io  0x0800-0x087f] has been reserved
[    0.504549] system 00:01: Plug and Play ACPI device, IDs PNP0c02 (active)
[    0.504561] pnp 00:02: Plug and Play ACPI device, IDs PNP0b00 (active)
[    0.504606] pnp 00:03: Plug and Play ACPI device, IDs APP000b (active)
[    0.504706] system 00:04: [mem 0xfed1c000-0xfed1ffff] has been reserved
[    0.504707] system 00:04: [mem 0xfed10000-0xfed17fff] has been reserved
[    0.504708] system 00:04: [mem 0xfed18000-0xfed18fff] has been reserved
[    0.504709] system 00:04: [mem 0xfed19000-0xfed19fff] has been reserved
[    0.504711] system 00:04: [mem 0xe0000000-0xefffffff] could not be reserved
[    0.504712] system 00:04: [mem 0xfed20000-0xfed3ffff] has been reserved
[    0.504713] system 00:04: [mem 0xfed90000-0xfed93fff] could not be reserved
[    0.504714] system 00:04: [mem 0xfed45000-0xfed8ffff] has been reserved
[    0.504715] system 00:04: [mem 0xff000000-0xffffffff] could not be reserved
[    0.504716] system 00:04: [mem 0xfee00000-0xfeefffff] has been reserved
[    0.504719] system 00:04: Plug and Play ACPI device, IDs PNP0c02 (active)
[    0.504754] system 00:05: [mem 0x20000000-0x201fffff] could not be reserved
[    0.504755] system 00:05: [mem 0x40000000-0x401fffff] could not be reserved
[    0.504758] system 00:05: Plug and Play ACPI device, IDs PNP0c01 (active)
[    0.504869] pnp: PnP ACPI: found 6 devices
[    0.505697] pci 0000:07:00.0: assigning 8 device properties
[    0.505706] pci 0000:00:1b.0: assigning 4 device properties
[    0.505711] pci 0000:00:02.0: assigning 2 device properties
[    0.510281] clocksource: acpi_pm: mask: 0xffffff max_cycles: 0xffffff, max_idle_ns: 2085701024 ns
[    0.510314] pci 0000:06:00.0: bridge window [io  0x1000-0x0fff] to [bus 07] add_size 1000
[    0.510315] pci 0000:06:00.0: bridge window [mem 0x00100000-0x000fffff 64bit pref] to [bus 07] add_size 200000 add_align 100000
[    0.510326] pci 0000:06:04.0: bridge window [io  0x1000-0x0fff] to [bus 39] add_size 1000
[    0.510327] pci 0000:06:04.0: bridge window [mem 0x00100000-0x000fffff 64bit pref] to [bus 39] add_size 200000 add_align 100000
[    0.510329] pci 0000:06:04.0: bridge window [mem 0x00100000-0x000fffff] to [bus 39] add_size 200000 add_align 100000
[    0.510339] pci 0000:06:06.0: bridge window [io  0x1000-0x0fff] to [bus 6b] add_size 1000
[    0.510340] pci 0000:06:06.0: bridge window [mem 0x00100000-0x000fffff 64bit pref] to [bus 6b] add_size 200000 add_align 100000
[    0.510341] pci 0000:06:06.0: bridge window [mem 0x00100000-0x000fffff] to [bus 6b] add_size 200000 add_align 100000
[    0.510360] pci 0000:00:1c.0: bridge window [io  0x1000-0x0fff] to [bus 02] add_size 1000
[    0.510361] pci 0000:00:1c.0: bridge window [mem 0x00100000-0x000fffff 64bit pref] to [bus 02] add_size 200000 add_align 100000
[    0.510362] pci 0000:00:1c.0: bridge window [mem 0x00100000-0x000fffff] to [bus 02] add_size 200000 add_align 100000
[    0.510385] pci 0000:00:1c.0: BAR 14: assigned [mem 0x7fc00000-0x7fdfffff]
[    0.510392] pci 0000:00:1c.0: BAR 15: assigned [mem 0x7fe00000-0x7fffffff 64bit pref]
[    0.510394] pci 0000:00:1c.0: BAR 13: assigned [io  0x2000-0x2fff]
[    0.510396] pci 0000:00:01.0: PCI bridge to [bus 01]
[    0.510398] pci 0000:00:01.0:   bridge window [mem 0xa0b00000-0xa0bfffff]
[    0.510404] pci 0000:06:00.0: BAR 15: no space for [mem size 0x00200000 64bit pref]
[    0.510406] pci 0000:06:00.0: BAR 15: failed to assign [mem size 0x00200000 64bit pref]
[    0.510407] pci 0000:06:04.0: BAR 14: no space for [mem size 0x00200000]
[    0.510408] pci 0000:06:04.0: BAR 14: failed to assign [mem size 0x00200000]
[    0.510410] pci 0000:06:04.0: BAR 15: no space for [mem size 0x00200000 64bit pref]
[    0.510411] pci 0000:06:04.0: BAR 15: failed to assign [mem size 0x00200000 64bit pref]
[    0.510412] pci 0000:06:06.0: BAR 14: no space for [mem size 0x00200000]
[    0.510413] pci 0000:06:06.0: BAR 14: failed to assign [mem size 0x00200000]
[    0.510414] pci 0000:06:06.0: BAR 15: no space for [mem size 0x00200000 64bit pref]
[    0.510415] pci 0000:06:06.0: BAR 15: failed to assign [mem size 0x00200000 64bit pref]
[    0.510416] pci 0000:06:00.0: BAR 13: no space for [io  size 0x1000]
[    0.510417] pci 0000:06:00.0: BAR 13: failed to assign [io  size 0x1000]
[    0.510418] pci 0000:06:04.0: BAR 13: no space for [io  size 0x1000]
[    0.510419] pci 0000:06:04.0: BAR 13: failed to assign [io  size 0x1000]
[    0.510420] pci 0000:06:06.0: BAR 13: no space for [io  size 0x1000]
[    0.510421] pci 0000:06:06.0: BAR 13: failed to assign [io  size 0x1000]
[    0.510423] pci 0000:06:06.0: BAR 14: no space for [mem size 0x00200000]
[    0.510424] pci 0000:06:06.0: BAR 14: failed to assign [mem size 0x00200000]
[    0.510425] pci 0000:06:06.0: BAR 15: no space for [mem size 0x00200000 64bit pref]
[    0.510426] pci 0000:06:06.0: BAR 15: failed to assign [mem size 0x00200000 64bit pref]
[    0.510427] pci 0000:06:06.0: BAR 13: no space for [io  size 0x1000]
[    0.510428] pci 0000:06:06.0: BAR 13: failed to assign [io  size 0x1000]
[    0.510429] pci 0000:06:04.0: BAR 14: no space for [mem size 0x00200000]
[    0.510430] pci 0000:06:04.0: BAR 14: failed to assign [mem size 0x00200000]
[    0.510432] pci 0000:06:04.0: BAR 15: no space for [mem size 0x00200000 64bit pref]
[    0.510433] pci 0000:06:04.0: BAR 15: failed to assign [mem size 0x00200000 64bit pref]
[    0.510434] pci 0000:06:04.0: BAR 13: no space for [io  size 0x1000]
[    0.510435] pci 0000:06:04.0: BAR 13: failed to assign [io  size 0x1000]
[    0.510437] pci 0000:06:00.0: BAR 15: no space for [mem size 0x00200000 64bit pref]
[    0.510438] pci 0000:06:00.0: BAR 15: failed to assign [mem size 0x00200000 64bit pref]
[    0.510439] pci 0000:06:00.0: BAR 13: no space for [io  size 0x1000]
[    0.510439] pci 0000:06:00.0: BAR 13: failed to assign [io  size 0x1000]
[    0.510441] pci 0000:06:00.0: PCI bridge to [bus 07]
[    0.510444] pci 0000:06:00.0:   bridge window [mem 0xa0d00000-0xa0dfffff]
[    0.510450] pci 0000:06:03.0: PCI bridge to [bus 08-38]
[    0.510452] pci 0000:06:03.0:   bridge window [io  0x4000-0x4fff]
[    0.510455] pci 0000:06:03.0:   bridge window [mem 0xa0e00000-0xa4dfffff]
[    0.510457] pci 0000:06:03.0:   bridge window [mem 0xace00000-0xb0dfffff 64bit pref]
[    0.510461] pci 0000:06:04.0: PCI bridge to [bus 39]
[    0.510470] pci 0000:06:05.0: PCI bridge to [bus 3a-6a]
[    0.510471] pci 0000:06:05.0:   bridge window [io  0x5000-0x5fff]
[    0.510475] pci 0000:06:05.0:   bridge window [mem 0xa4e00000-0xa8dfffff]
[    0.510477] pci 0000:06:05.0:   bridge window [mem 0xb0e00000-0xb4dfffff 64bit pref]
[    0.510481] pci 0000:06:06.0: PCI bridge to [bus 6b]
[    0.510489] pci 0000:05:00.0: PCI bridge to [bus 06-6b]
[    0.510491] pci 0000:05:00.0:   bridge window [io  0x4000-0x5fff]
[    0.510494] pci 0000:05:00.0:   bridge window [mem 0xa0d00000-0xa8dfffff]
[    0.510496] pci 0000:05:00.0:   bridge window [mem 0xace00000-0xb4dfffff 64bit pref]
[    0.510500] pci 0000:00:01.1: PCI bridge to [bus 05-9b]
[    0.510502] pci 0000:00:01.1:   bridge window [io  0x4000-0x6fff]
[    0.510503] pci 0000:00:01.1:   bridge window [mem 0xa0d00000-0xacdfffff]
[    0.510505] pci 0000:00:01.1:   bridge window [mem 0xace00000-0xb8dfffff 64bit pref]
[    0.510508] pci 0000:00:1c.0: PCI bridge to [bus 02]
[    0.510515] pci 0000:00:1c.0:   bridge window [io  0x2000-0x2fff]
[    0.510519] pci 0000:00:1c.0:   bridge window [mem 0x7fc00000-0x7fdfffff]
[    0.510522] pci 0000:00:1c.0:   bridge window [mem 0x7fe00000-0x7fffffff 64bit pref]
[    0.510527] pci 0000:00:1c.2: PCI bridge to [bus 03]
[    0.510531] pci 0000:00:1c.2:   bridge window [mem 0xa0400000-0xa08fffff]
[    0.510538] pci 0000:00:1c.3: PCI bridge to [bus 04]
[    0.510542] pci 0000:00:1c.3:   bridge window [mem 0xa0900000-0xa0afffff]
[    0.510546] pci 0000:00:1c.3:   bridge window [mem 0x80000000-0x8fffffff 64bit pref]
[    0.510551] pci_bus 0000:00: resource 4 [io  0x0000-0x0cf7 window]
[    0.510552] pci_bus 0000:00: resource 5 [io  0x0d00-0xffff window]
[    0.510553] pci_bus 0000:00: resource 6 [mem 0x000a0000-0x000bffff window]
[    0.510554] pci_bus 0000:00: resource 7 [mem 0x000c0000-0x000c3fff window]
[    0.510555] pci_bus 0000:00: resource 8 [mem 0x000c4000-0x000c7fff window]
[    0.510556] pci_bus 0000:00: resource 9 [mem 0x000c8000-0x000cbfff window]
[    0.510557] pci_bus 0000:00: resource 10 [mem 0x000cc000-0x000cffff window]
[    0.510558] pci_bus 0000:00: resource 11 [mem 0x000d0000-0x000d3fff window]
[    0.510559] pci_bus 0000:00: resource 12 [mem 0x000d4000-0x000d7fff window]
[    0.510560] pci_bus 0000:00: resource 13 [mem 0x000d8000-0x000dbfff window]
[    0.510561] pci_bus 0000:00: resource 14 [mem 0x000dc000-0x000dffff window]
[    0.510562] pci_bus 0000:00: resource 15 [mem 0x000e0000-0x000e3fff window]
[    0.510563] pci_bus 0000:00: resource 16 [mem 0x000e4000-0x000e7fff window]
[    0.510564] pci_bus 0000:00: resource 17 [mem 0x000e8000-0x000ebfff window]
[    0.510565] pci_bus 0000:00: resource 18 [mem 0x000ec000-0x000effff window]
[    0.510566] pci_bus 0000:00: resource 19 [mem 0x000f0000-0x000fffff window]
[    0.510567] pci_bus 0000:00: resource 20 [mem 0x7fa00000-0xfeafffff window]
[    0.510568] pci_bus 0000:00: resource 21 [mem 0xfed40000-0xfed44fff window]
[    0.510569] pci_bus 0000:01: resource 1 [mem 0xa0b00000-0xa0bfffff]
[    0.510570] pci_bus 0000:05: resource 0 [io  0x4000-0x6fff]
[    0.510571] pci_bus 0000:05: resource 1 [mem 0xa0d00000-0xacdfffff]
[    0.510572] pci_bus 0000:05: resource 2 [mem 0xace00000-0xb8dfffff 64bit pref]
[    0.510573] pci_bus 0000:06: resource 0 [io  0x4000-0x5fff]
[    0.510573] pci_bus 0000:06: resource 1 [mem 0xa0d00000-0xa8dfffff]
[    0.510574] pci_bus 0000:06: resource 2 [mem 0xace00000-0xb4dfffff 64bit pref]
[    0.510575] pci_bus 0000:07: resource 1 [mem 0xa0d00000-0xa0dfffff]
[    0.510576] pci_bus 0000:08: resource 0 [io  0x4000-0x4fff]
[    0.510577] pci_bus 0000:08: resource 1 [mem 0xa0e00000-0xa4dfffff]
[    0.510578] pci_bus 0000:08: resource 2 [mem 0xace00000-0xb0dfffff 64bit pref]
[    0.510579] pci_bus 0000:3a: resource 0 [io  0x5000-0x5fff]
[    0.510580] pci_bus 0000:3a: resource 1 [mem 0xa4e00000-0xa8dfffff]
[    0.510581] pci_bus 0000:3a: resource 2 [mem 0xb0e00000-0xb4dfffff 64bit pref]
[    0.510582] pci_bus 0000:02: resource 0 [io  0x2000-0x2fff]
[    0.510583] pci_bus 0000:02: resource 1 [mem 0x7fc00000-0x7fdfffff]
[    0.510584] pci_bus 0000:02: resource 2 [mem 0x7fe00000-0x7fffffff 64bit pref]
[    0.510585] pci_bus 0000:03: resource 1 [mem 0xa0400000-0xa08fffff]
[    0.510586] pci_bus 0000:04: resource 1 [mem 0xa0900000-0xa0afffff]
[    0.510587] pci_bus 0000:04: resource 2 [mem 0x80000000-0x8fffffff 64bit pref]
[    0.510682] NET: Registered protocol family 2
[    0.510791] tcp_listen_portaddr_hash hash table entries: 8192 (order: 5, 131072 bytes)
[    0.510834] TCP established hash table entries: 131072 (order: 8, 1048576 bytes)
[    0.510980] TCP bind hash table entries: 65536 (order: 8, 1048576 bytes)
[    0.511098] TCP: Hash tables configured (established 131072 bind 65536)
[    0.511125] UDP hash table entries: 8192 (order: 6, 262144 bytes)
[    0.511160] UDP-Lite hash table entries: 8192 (order: 6, 262144 bytes)
[    0.511224] NET: Registered protocol family 1
[    0.511227] NET: Registered protocol family 44
[    0.511235] pci 0000:00:02.0: Video device with shadowed ROM at [mem 0x000c0000-0x000dffff]
[    0.511470] PCI: CLS 256 bytes, default 64
[    0.511496] Unpacking initramfs...
[    1.651844] Freeing initrd memory: 92880K
[    1.657282] PCI-DMA: Using software bounce buffering for IO (SWIOTLB)
[    1.657284] software IO TLB: mapped [mem 0x5f070000-0x63070000] (64MB)
[    1.660233] Initialise system trusted keyrings
[    1.660251] Key type blacklist registered
[    1.660287] workingset: timestamp_bits=36 max_order=22 bucket_order=0
[    1.661571] zbud: loaded
[    1.792947] alg: No test for 842 (842-generic)
[    1.793539] alg: No test for 842 (842-scomp)
[    1.814883] NET: Registered protocol family 38
[    1.814885] Key type asymmetric registered
[    1.814886] Asymmetric key parser 'x509' registered
[    1.814900] Block layer SCSI generic (bsg) driver version 0.4 loaded (major 243)
[    1.814933] io scheduler mq-deadline registered
[    1.815016] atomic64_test: passed for x86-64 platform with CX8 and with SSE
[    1.815524] pciehp 0000:00:1c.0:pcie004: Slot #0 AttnBtn- PwrCtrl- MRL- AttnInd- PwrInd- HotPlug+ Surprise+ Interlock- NoCompl+ LLActRep+
[    1.816131] pciehp 0000:06:00.0:pcie204: Slot #0 AttnBtn- PwrCtrl- MRL- AttnInd- PwrInd- HotPlug+ Surprise+ Interlock- NoCompl+ LLActRep+
[    1.816328] pciehp 0000:06:03.0:pcie204: Slot #3 AttnBtn- PwrCtrl- MRL- AttnInd- PwrInd- HotPlug+ Surprise+ Interlock- NoCompl+ LLActRep+
[    1.816519] pciehp 0000:06:04.0:pcie204: Slot #4 AttnBtn- PwrCtrl- MRL- AttnInd- PwrInd- HotPlug+ Surprise+ Interlock- NoCompl+ LLActRep+
[    1.816712] pciehp 0000:06:05.0:pcie204: Slot #5 AttnBtn- PwrCtrl- MRL- AttnInd- PwrInd- HotPlug+ Surprise+ Interlock- NoCompl+ LLActRep+
[    1.816880] pciehp 0000:06:06.0:pcie204: Slot #6 AttnBtn- PwrCtrl- MRL- AttnInd- PwrInd- HotPlug+ Surprise+ Interlock- NoCompl+ LLActRep+
[    1.816964] shpchp: Standard Hot Plug PCI Controller Driver version: 0.4
[    1.816982] efifb: probing for efifb
[    1.816995] efifb: No BGRT, not showing boot graphics
[    1.816997] efifb: framebuffer at 0x90000000, using 20700k, total 20700k
[    1.816997] efifb: mode is 2880x1800x32, linelength=11776, pages=1
[    1.816998] efifb: scrolling: redraw
[    1.816999] efifb: Truecolor: size=8:8:8:8, shift=24:16:8:0
[    1.817037] fbcon: Deferring console take-over
[    1.817038] fb0: EFI VGA frame buffer device
[    1.817044] intel_idle: MWAIT substates: 0x42120
[    1.817044] intel_idle: v0.4.1 model 0x46
[    1.817335] intel_idle: lapic_timer_reliable_states 0xffffffff
[    1.817440] ACPI: AC Adapter [ADP1] (on-line)
[    1.817492] input: Lid Switch as /devices/LNXSYSTM:00/LNXSYBUS:00/PNP0C0D:00/input/input0
[    1.817515] ACPI: Lid Switch [LID0]
[    1.817552] input: Power Button as /devices/LNXSYSTM:00/LNXSYBUS:00/PNP0C0C:00/input/input1
[    1.817559] ACPI: Power Button [PWRB]
[    1.817582] input: Sleep Button as /devices/LNXSYSTM:00/LNXSYBUS:00/PNP0C0E:00/input/input2
[    1.817586] ACPI: Sleep Button [SLPB]
[    1.817608] input: Power Button as /devices/LNXSYSTM:00/LNXPWRBN:00/input/input3
[    1.817659] ACPI: Power Button [PWRF]
[    1.818619] Serial: 8250/16550 driver, 32 ports, IRQ sharing enabled
[    1.820051] Non-volatile memory driver v1.3
[    1.820073] Linux agpgart interface v0.103
[    1.820801] ahci 0000:01:00.0: version 3.0
[    1.851452] ahci 0000:01:00.0: AHCI 0001.0300 32 slots 1 ports 6 Gbps 0x1 impl SATA mode
[    1.851457] ahci 0000:01:00.0: flags: 64bit ncq led clo only pio ccc 
[    1.851961] scsi host0: ahci
[    1.852062] ata1: SATA max UDMA/133 abar m8192@0xa0b00000 port 0xa0b00100 irq 33
[    1.852147] libphy: Fixed MDIO Bus: probed
[    1.852316] ehci_hcd: USB 2.0 'Enhanced' Host Controller (EHCI) Driver
[    1.852320] ehci-pci: EHCI PCI platform driver
[    1.852336] ohci_hcd: USB 1.1 'Open' Host Controller (OHCI) Driver
[    1.852338] ohci-pci: OHCI PCI platform driver
[    1.852346] uhci_hcd: USB Universal Host Controller Interface driver
[    1.852527] xhci_hcd 0000:00:14.0: xHCI Host Controller
[    1.852651] xhci_hcd 0000:00:14.0: new USB bus registered, assigned bus number 1
[    1.853734] xhci_hcd 0000:00:14.0: hcc params 0x200077c1 hci version 0x100 quirks 0x0000000000009810
[    1.853740] xhci_hcd 0000:00:14.0: cache line size of 256 is not supported
[    1.853927] usb usb1: New USB device found, idVendor=1d6b, idProduct=0002, bcdDevice= 5.00
[    1.853929] usb usb1: New USB device strings: Mfr=3, Product=2, SerialNumber=1
[    1.853930] usb usb1: Product: xHCI Host Controller
[    1.853932] usb usb1: Manufacturer: Linux 5.0.0-rc8+ xhci-hcd
[    1.853933] usb usb1: SerialNumber: 0000:00:14.0
[    1.854124] hub 1-0:1.0: USB hub found
[    1.854145] hub 1-0:1.0: 14 ports detected
[    1.854511] xhci_hcd 0000:00:14.0: xHCI Host Controller
[    1.854588] xhci_hcd 0000:00:14.0: new USB bus registered, assigned bus number 2
[    1.854602] xhci_hcd 0000:00:14.0: Host supports USB 3.0  SuperSpeed
[    1.854651] usb usb2: New USB device found, idVendor=1d6b, idProduct=0003, bcdDevice= 5.00
[    1.854652] usb usb2: New USB device strings: Mfr=3, Product=2, SerialNumber=1
[    1.854653] usb usb2: Product: xHCI Host Controller
[    1.854654] usb usb2: Manufacturer: Linux 5.0.0-rc8+ xhci-hcd
[    1.854655] usb usb2: SerialNumber: 0000:00:14.0
[    1.854807] hub 2-0:1.0: USB hub found
[    1.854824] hub 2-0:1.0: 6 ports detected
[    1.854862] usb: port power management may be unreliable
[    1.855000] usbcore: registered new interface driver usbserial_generic
[    1.855004] usbserial: USB Serial support registered for generic
[    1.855024] i8042: PNP: No PS/2 controller found.
[    1.855058] mousedev: PS/2 mouse device common for all mice
[    1.855176] rtc_cmos 00:02: RTC can wake from S4
[    1.855345] rtc_cmos 00:02: registered as rtc0
[    1.855347] rtc_cmos 00:02: alarms up to one month, y3k, 242 bytes nvram, hpet irqs
[    1.855412] device-mapper: uevent: version 1.0.3
[    1.855466] device-mapper: ioctl: 4.39.0-ioctl (2018-04-03) initialised: dm-devel@redhat.com
[    1.855518] intel_pstate: Intel P-state driver initializing
[    1.855994] hidraw: raw HID events driver (C) Jiri Kosina
[    1.856074] usbcore: registered new interface driver usbhid
[    1.856076] usbhid: USB HID core driver
[    1.856368] drop_monitor: Initializing network drop monitor service
[    1.856673] Initializing XFRM netlink socket
[    1.856947] NET: Registered protocol family 10
[    1.866129] Segment Routing with IPv6
[    1.866177] mip6: Mobile IPv6
[    1.866181] NET: Registered protocol family 17
[    1.867708] RAS: Correctable Errors collector initialized.
[    1.867802] microcode: sig=0x40661, pf=0x20, revision=0x1a
[    1.868051] microcode: Microcode Update Driver: v2.2.
[    1.868070] AVX2 version of gcm_enc/dec engaged.
[    1.868072] AES CTR mode by8 optimization enabled
[    1.910703] sched_clock: Marking stable (1910435091, 256251)->(1994336841, -83645499)
[    1.911060] registered taskstats version 1
[    1.911069] Loading compiled-in X.509 certificates
[    1.943259] Loaded X.509 cert 'Build time autogenerated kernel key: 307e4e8a55fe74f83f10b61aeadbf24a5fc6325b'
[    1.943282] zswap: loaded using pool lzo/zbud
[    1.948858] Key type big_key registered
[    1.950991] Key type encrypted registered
[    1.950996] ima: No TPM chip found, activating TPM-bypass!
[    1.951002] ima: Allocated hash algorithm: sha1
[    1.951006] No architecture policies found
[    1.951463]   Magic number: 7:830:41
[    1.951536] memory memory77: hash matches
[    1.951588] rtc_cmos 00:02: setting system clock to 2019-02-25T19:02:35 UTC (1551121355)
[    2.177533] usb 2-4: new SuperSpeed Gen 1 USB device number 2 using xhci_hcd
[    2.181976] ata1: SATA link up 6.0 Gbps (SStatus 133 SControl 300)
[    2.183980] ata1.00: unexpected _GTF length (8)
[    2.184235] ata1.00: ATA-8: APPLE SSD SM0256G, BXW1SA0Q, max UDMA/133
[    2.184238] ata1.00: 490234752 sectors, multi 16: LBA48 NCQ (depth 32), AA
[    2.184739] ata1.00: unexpected _GTF length (8)
[    2.184993] ata1.00: configured for UDMA/133
[    2.185290] scsi 0:0:0:0: Direct-Access     ATA      APPLE SSD SM0256 SA0Q PQ: 0 ANSI: 5
[    2.185590] sd 0:0:0:0: Attached scsi generic sg0 type 0
[    2.185731] sd 0:0:0:0: [sda] 490234752 512-byte logical blocks: (251 GB/234 GiB)
[    2.185734] sd 0:0:0:0: [sda] 4096-byte physical blocks
[    2.185773] sd 0:0:0:0: [sda] Write Protect is off
[    2.185776] sd 0:0:0:0: [sda] Mode Sense: 00 3a 00 00
[    2.185808] sd 0:0:0:0: [sda] Write cache: enabled, read cache: enabled, doesn't support DPO or FUA
[    2.187531]  sda: sda1 sda2 sda3 sda4
[    2.188154] sd 0:0:0:0: [sda] Attached SCSI disk
[    2.189126] Freeing unused decrypted memory: 2040K
[    2.189500] Freeing unused kernel image memory: 2156K
[    2.191966] usb 2-4: New USB device found, idVendor=05ac, idProduct=8406, bcdDevice= 8.20
[    2.191968] usb 2-4: New USB device strings: Mfr=3, Product=4, SerialNumber=5
[    2.191969] usb 2-4: Product: Card Reader
[    2.191971] usb 2-4: Manufacturer: Apple
[    2.191972] usb 2-4: SerialNumber: 000000000820
[    2.199321] Write protecting the kernel read-only data: 18432k
[    2.199857] Freeing unused kernel image memory: 2020K
[    2.199947] Freeing unused kernel image memory: 68K
[    2.207261] x86/mm: Checked W+X mappings: passed, no W+X pages found.
[    2.207266] rodata_test: all tests were successful
[    2.207266] x86/mm: Checking user space page tables
[    2.213925] x86/mm: Checked W+X mappings: passed, no W+X pages found.
[    2.213927] Run /init as init process
[    2.304273] usb 1-8: new full-speed USB device number 2 using xhci_hcd
[    2.403217] systemd[1]: systemd 239 running in system mode. (+PAM +AUDIT +SELINUX +IMA -APPARMOR +SMACK +SYSVINIT +UTMP +LIBCRYPTSETUP +GCRYPT +GNUTLS +ACL +XZ +LZ4 +SECCOMP +BLKID +ELFUTILS +KMOD +IDN2 -IDN +PCRE2 default-hierarchy=hybrid)
[    2.415407] systemd[1]: Detected architecture x86-64.
[    2.415411] systemd[1]: Running in initial RAM disk.
[    2.418128] systemd[1]: Set hostname to <im-mac>.
[    2.433153] usb 1-8: New USB device found, idVendor=05ac, idProduct=8290, bcdDevice= 1.61
[    2.433156] usb 1-8: New USB device strings: Mfr=1, Product=2, SerialNumber=0
[    2.433157] usb 1-8: Product: Bluetooth USB Host Controller
[    2.433159] usb 1-8: Manufacturer: Broadcom Corp.
[    2.436049] input: Broadcom Corp. Bluetooth USB Host Controller as /devices/pci0000:00/0000:00:14.0/usb1/1-8/1-8:1.0/0003:05AC:8290.0001/input/input4
[    2.475141] systemd[1]: Reached target Swap.
[    2.475236] systemd[1]: Listening on Journal Audit Socket.
[    2.475265] systemd[1]: Reached target Slices.
[    2.475329] systemd[1]: Listening on Journal Socket (/dev/log).
[    2.475365] systemd[1]: Listening on udev Kernel Socket.
[    2.476274] systemd[1]: Created slice system-systemd\x2dhibernate\x2dresume.slice.
[    2.487408] hid-generic 0003:05AC:8290.0001: input,hidraw0: USB HID v1.11 Keyboard [Broadcom Corp. Bluetooth USB Host Controller] on usb-0000:00:14.0-8/input0
[    2.487926] input: Broadcom Corp. Bluetooth USB Host Controller as /devices/pci0000:00/0000:00:14.0/usb1/1-8/1-8:1.1/0003:05AC:8290.0002/input/input5
[    2.487994] hid-generic 0003:05AC:8290.0002: input,hidraw1: USB HID v1.11 Mouse [Broadcom Corp. Bluetooth USB Host Controller] on usb-0000:00:14.0-8/input1
[    2.524388] audit: type=1130 audit(1551121356.071:2): pid=1 uid=0 auid=4294967295 ses=4294967295 subj=kernel msg='unit=systemd-journald comm="systemd" exe="/usr/lib/systemd/systemd" hostname=? addr=? terminal=? res=success'
[    2.526403] audit: type=1130 audit(1551121356.073:3): pid=1 uid=0 auid=4294967295 ses=4294967295 subj=kernel msg='unit=systemd-vconsole-setup comm="systemd" exe="/usr/lib/systemd/systemd" hostname=? addr=? terminal=? res=success'
[    2.526416] audit: type=1131 audit(1551121356.073:4): pid=1 uid=0 auid=4294967295 ses=4294967295 subj=kernel msg='unit=systemd-vconsole-setup comm="systemd" exe="/usr/lib/systemd/systemd" hostname=? addr=? terminal=? res=success'
[    2.603279] usb 1-12: new full-speed USB device number 3 using xhci_hcd
[    2.688294] tsc: Refined TSC clocksource calibration: 2194.906 MHz
[    2.688304] clocksource: tsc: mask: 0xffffffffffffffff max_cycles: 0x1fa366c4337, max_idle_ns: 440795279180 ns
[    2.688334] clocksource: Switched to clocksource tsc
[    2.699336] audit: type=1130 audit(1551121356.246:5): pid=1 uid=0 auid=4294967295 ses=4294967295 subj=kernel msg='unit=dracut-cmdline comm="systemd" exe="/usr/lib/systemd/systemd" hostname=? addr=? terminal=? res=success'
[    2.729507] audit: type=1130 audit(1551121356.276:6): pid=1 uid=0 auid=4294967295 ses=4294967295 subj=kernel msg='unit=dracut-pre-udev comm="systemd" exe="/usr/lib/systemd/systemd" hostname=? addr=? terminal=? res=success'
[    2.732023] usb 1-12: New USB device found, idVendor=05ac, idProduct=0274, bcdDevice= 6.24
[    2.732026] usb 1-12: New USB device strings: Mfr=1, Product=2, SerialNumber=3
[    2.732028] usb 1-12: Product: Apple Internal Keyboard / Trackpad
[    2.732030] usb 1-12: Manufacturer: Apple Inc.
[    2.732031] usb 1-12: SerialNumber: D3H61830CG1FTV4A16PF
[    2.747908] audit: type=1130 audit(1551121356.294:7): pid=1 uid=0 auid=4294967295 ses=4294967295 subj=kernel msg='unit=systemd-udevd comm="systemd" exe="/usr/lib/systemd/systemd" hostname=? addr=? terminal=? res=success'
[    2.754909] apple 0003:05AC:0274.0003: hiddev96,hidraw2: USB HID v1.10 Device [Apple Inc. Apple Internal Keyboard / Trackpad] on usb-0000:00:14.0-12/input0
[    2.755111] input: Apple Inc. Apple Internal Keyboard / Trackpad as /devices/pci0000:00/0000:00:14.0/usb1/1-12/1-12:1.1/0003:05AC:0274.0004/input/input6
[    2.808860] apple 0003:05AC:0274.0004: input,hiddev97,hidraw3: USB HID v1.10 Keyboard [Apple Inc. Apple Internal Keyboard / Trackpad] on usb-0000:00:14.0-12/input1
[    2.809026] apple 0003:05AC:0274.0005: hiddev98,hidraw4: USB HID v1.10 Device [Apple Inc. Apple Internal Keyboard / Trackpad] on usb-0000:00:14.0-12/input3
[    2.809137] apple 0003:05AC:0274.0006: hiddev99,hidraw5: USB HID v1.10 Device [Apple Inc. Apple Internal Keyboard / Trackpad] on usb-0000:00:14.0-12/input4
[    2.810427] audit: type=1130 audit(1551121356.352:8): pid=1 uid=0 auid=4294967295 ses=4294967295 subj=kernel msg='unit=systemd-udev-trigger comm="systemd" exe="/usr/lib/systemd/systemd" hostname=? addr=? terminal=? res=success'
[    2.837492] audit: type=1130 audit(1551121356.384:9): pid=1 uid=0 auid=4294967295 ses=4294967295 subj=kernel msg='unit=plymouth-start comm="systemd" exe="/usr/lib/systemd/systemd" hostname=? addr=? terminal=? res=success'
[    2.850826] usb-storage 2-4:1.0: USB Mass Storage device detected
[    2.851175] scsi host1: usb-storage 2-4:1.0
[    2.851297] usbcore: registered new interface driver usb-storage
[    2.863739] usbcore: registered new interface driver uas
[    2.993996] audit: type=1130 audit(1551121356.540:10): pid=1 uid=0 auid=4294967295 ses=4294967295 subj=kernel msg='unit=systemd-ask-password-plymouth comm="systemd" exe="/usr/lib/systemd/systemd" hostname=? addr=? terminal=? res=success'
[    3.094975] VFIO - User Level meta-driver version: 0.3
[    3.669955] [drm] Found 128MB of eDRAM
[    3.670093] checking generic (90000000 1437000) vs hw (90000000 10000000)
[    3.670094] fb0: switching to inteldrmfb from EFI VGA
[    3.670156] [drm] Replacing VGA console driver
[    3.670534] [drm] Supports vblank timestamp caching Rev 2 (21.10.2013).
[    3.670534] [drm] Driver supports precise vblank timestamp query.
[    3.670570] i915 0000:00:02.0: vgaarb: changed VGA decodes: olddecodes=io+mem,decodes=io+mem:owns=io+mem
[    3.693410] [drm] Initialized i915 1.6.0 20181204 for 0000:00:02.0 on minor 0
[    3.694314] ACPI: Video Device [IGPU] (multi-head: yes  rom: no  post: no)
[    3.694896] acpi device:57: registered as cooling_device8
[    3.694967] input: Video Bus as /devices/LNXSYSTM:00/LNXSYBUS:00/PNP0A08:00/LNXVIDEO:00/input/input7
[    3.701349] fbcon: inteldrmfb (fb0) is primary device
[    3.701350] fbcon: Deferring console take-over
[    3.701354] i915 0000:00:02.0: fb0: inteldrmfb frame buffer device
[    3.905665] scsi 1:0:0:0: Direct-Access     APPLE    SD Card Reader   3.00 PQ: 0 ANSI: 6
[    3.906129] sd 1:0:0:0: Attached scsi generic sg1 type 0
[    3.907777] sd 1:0:0:0: [sdb] Attached SCSI removable disk
[   11.490138] device-mapper: crypt: xts(aes) using implementation "xts-aes-aesni"
[   11.545988] kauditd_printk_skb: 2 callbacks suppressed
[   11.545990] audit: type=1130 audit(1551121365.092:13): pid=1 uid=0 auid=4294967295 ses=4294967295 subj=kernel msg='unit=systemd-cryptsetup@luks\x2ddd1fa933\x2def9f\x2d402b\x2da2e4\x2d7c9d6fb7ce0d comm="systemd" exe="/usr/lib/systemd/systemd" hostname=? addr=? terminal=? res=success'
[   11.876772] PM: Image not found (code -22)
[   11.877793] audit: type=1130 audit(1551121365.424:14): pid=1 uid=0 auid=4294967295 ses=4294967295 subj=kernel msg='unit=systemd-hibernate-resume@dev-mapper-im\x2d\x2dmac\x2dswap comm="systemd" exe="/usr/lib/systemd/systemd" hostname=? addr=? terminal=? res=success'
[   11.877795] audit: type=1131 audit(1551121365.424:15): pid=1 uid=0 auid=4294967295 ses=4294967295 subj=kernel msg='unit=systemd-hibernate-resume@dev-mapper-im\x2d\x2dmac\x2dswap comm="systemd" exe="/usr/lib/systemd/systemd" hostname=? addr=? terminal=? res=success'
[   11.885778] audit: type=1130 audit(1551121365.432:16): pid=1 uid=0 auid=4294967295 ses=4294967295 subj=kernel msg='unit=systemd-tmpfiles-setup comm="systemd" exe="/usr/lib/systemd/systemd" hostname=? addr=? terminal=? res=success'
[   11.904931] audit: type=1130 audit(1551121365.451:17): pid=1 uid=0 auid=4294967295 ses=4294967295 subj=kernel msg='unit=dracut-initqueue comm="systemd" exe="/usr/lib/systemd/systemd" hostname=? addr=? terminal=? res=success'
[   11.922286] audit: type=1130 audit(1551121365.469:18): pid=1 uid=0 auid=4294967295 ses=4294967295 subj=kernel msg='unit=systemd-fsck-root comm="systemd" exe="/usr/lib/systemd/systemd" hostname=? addr=? terminal=? res=success'
[   12.234455] SGI XFS with ACLs, security attributes, scrub, no debug enabled
[   12.238319] XFS (dm-1): Mounting V5 Filesystem
[   12.248887] XFS (dm-1): Ending clean mount
[   12.368271] audit: type=1130 audit(1551121365.914:19): pid=1 uid=0 auid=4294967295 ses=4294967295 subj=kernel msg='unit=initrd-parse-etc comm="systemd" exe="/usr/lib/systemd/systemd" hostname=? addr=? terminal=? res=success'
[   12.368273] audit: type=1131 audit(1551121365.915:20): pid=1 uid=0 auid=4294967295 ses=4294967295 subj=kernel msg='unit=initrd-parse-etc comm="systemd" exe="/usr/lib/systemd/systemd" hostname=? addr=? terminal=? res=success'
[   12.509887] audit: type=1130 audit(1551121366.056:21): pid=1 uid=0 auid=4294967295 ses=4294967295 subj=kernel msg='unit=dracut-pre-pivot comm="systemd" exe="/usr/lib/systemd/systemd" hostname=? addr=? terminal=? res=success'
[   12.519861] audit: type=1131 audit(1551121366.066:22): pid=1 uid=0 auid=4294967295 ses=4294967295 subj=kernel msg='unit=dracut-pre-pivot comm="systemd" exe="/usr/lib/systemd/systemd" hostname=? addr=? terminal=? res=success'
[   12.600471] systemd-journald[312]: Received SIGTERM from PID 1 (systemd).
[   12.629088] printk: systemd: 14 output lines suppressed due to ratelimiting
[   13.082808] SELinux:  Class xdp_socket not defined in policy.
[   13.082809] SELinux: the above unknown classes and permissions will be allowed
[   13.082811] SELinux:  policy capability network_peer_controls=1
[   13.082812] SELinux:  policy capability open_perms=1
[   13.082812] SELinux:  policy capability extended_socket_class=1
[   13.082813] SELinux:  policy capability always_check_network=0
[   13.082813] SELinux:  policy capability cgroup_seclabel=1
[   13.082813] SELinux:  policy capability nnp_nosuid_transition=1
[   13.103802] systemd[1]: Successfully loaded SELinux policy in 393.899ms.
[   13.143105] systemd[1]: Relabelled /dev, /run and /sys/fs/cgroup in 25.710ms.
[   13.145238] systemd[1]: systemd 239 running in system mode. (+PAM +AUDIT +SELINUX +IMA -APPARMOR +SMACK +SYSVINIT +UTMP +LIBCRYPTSETUP +GCRYPT +GNUTLS +ACL +XZ +LZ4 +SECCOMP +BLKID +ELFUTILS +KMOD +IDN2 -IDN +PCRE2 default-hierarchy=hybrid)
[   13.157432] systemd[1]: Detected architecture x86-64.
[   13.159123] systemd[1]: Set hostname to <im-mac>.
[   13.186317] systemd-sysv-generator[886]: stat() failed on /etc/rc.d/init.d/jexec, ignoring: No such file or directory
[   13.356556] systemd[1]: Stopped Switch Root.
[   13.356765] systemd[1]: systemd-journald.service: Service has no hold-off time (RestartSec=0), scheduling restart.
[   13.356821] systemd[1]: systemd-journald.service: Scheduled restart job, restart counter is at 1.
[   13.356839] systemd[1]: Stopped Journal Service.
[   13.357714] systemd[1]: Starting Journal Service...
[   13.357883] systemd[1]: Reached target Login Prompts.
[   13.359381] systemd[1]: Listening on LVM2 metadata daemon socket.
[   13.381360] Adding 4194300k swap on /dev/mapper/im--mac-swap.  Priority:-2 extents:1 across:4194300k SSFS
[   13.403973] systemd-journald[893]: Received request to flush runtime journal from PID 1
[   13.599302] smbus_hc ACPI0001:00: SBS HC: offset = 0x20, query_bit = 0x10
[   13.603906] apple_gmux: gmux device not present
[   13.651615] ACPI Warning: SystemIO range 0x0000000000000840-0x000000000000084F conflicts with OpRegion 0x0000000000000800-0x0000000000000863 (\GPIO) (20181213/utaddress-213)
[   13.651621] ACPI: If an ACPI driver is available for this device, you should use it instead of the native driver
[   13.651622] ACPI Warning: SystemIO range 0x0000000000000830-0x000000000000083F conflicts with OpRegion 0x0000000000000800-0x0000000000000863 (\GPIO) (20181213/utaddress-213)
[   13.651625] ACPI: If an ACPI driver is available for this device, you should use it instead of the native driver
[   13.651626] ACPI Warning: SystemIO range 0x0000000000000800-0x000000000000082F conflicts with OpRegion 0x0000000000000810-0x0000000000000813 (\_PR.IO_D) (20181213/utaddress-213)
[   13.651630] ACPI Warning: SystemIO range 0x0000000000000800-0x000000000000082F conflicts with OpRegion 0x0000000000000800-0x0000000000000863 (\GPIO) (20181213/utaddress-213)
[   13.651633] ACPI Warning: SystemIO range 0x0000000000000800-0x000000000000082F conflicts with OpRegion 0x0000000000000810-0x0000000000000813 (\IO_D) (20181213/utaddress-213)
[   13.651636] ACPI Warning: SystemIO range 0x0000000000000800-0x000000000000082F conflicts with OpRegion 0x0000000000000800-0x000000000000080F (\IO_T) (20181213/utaddress-213)
[   13.651640] ACPI: If an ACPI driver is available for this device, you should use it instead of the native driver
[   13.651640] lpc_ich: Resource conflict(s) found affecting gpio_ich
[   13.653620] i801_smbus 0000:00:1f.3: SPD Write Disable is set
[   13.653649] i801_smbus 0000:00:1f.3: SMBus using PCI interrupt
[   13.692290] thunderbolt 0000:07:00.0: 0:1: is unplugged (state: 7)
[   13.692759] thunderbolt 0000:07:00.0: 0:3: is unplugged (state: 7)
[   13.701214] input: bcm5974 as /devices/pci0000:00/0000:00:14.0/usb1/1-12/1-12:1.2/input/input8
[   13.701476] usbcore: registered new interface driver bcm5974
[   13.832323] ACPI: Smart Battery System [SBS0]: Battery Slot [BAT0] (battery present)
[   13.859473] iTCO_vendor_support: vendor-support=0
[   13.865590] iTCO_wdt: Intel TCO WatchDog Timer Driver v1.11
[   13.865642] iTCO_wdt: unable to reset NO_REBOOT flag, device disabled by hardware/BIOS
[   13.880696] snd_hda_intel 0000:00:03.0: Linked as a consumer to 0000:00:02.0
[   13.880741] snd_hda_intel 0000:00:03.0: bound 0000:00:02.0 (ops i915_audio_component_bind_ops [i915])
[   13.905853] Bluetooth: Core ver 2.22
[   13.905877] NET: Registered protocol family 31
[   13.905878] Bluetooth: HCI device and connection manager initialized
[   13.905882] Bluetooth: HCI socket layer initialized
[   13.905885] Bluetooth: L2CAP socket layer initialized
[   13.905889] Bluetooth: SCO socket layer initialized
[   13.909884] input: HDA Intel HDMI HDMI/DP,pcm=3 as /devices/pci0000:00/0000:00:03.0/sound/card0/input9
[   13.910000] input: HDA Intel HDMI HDMI/DP,pcm=7 as /devices/pci0000:00/0000:00:03.0/sound/card0/input10
[   13.910059] input: HDA Intel HDMI HDMI/DP,pcm=8 as /devices/pci0000:00/0000:00:03.0/sound/card0/input11
[   13.910109] input: HDA Intel HDMI HDMI/DP,pcm=9 as /devices/pci0000:00/0000:00:03.0/sound/card0/input12
[   13.910164] input: HDA Intel HDMI HDMI/DP,pcm=10 as /devices/pci0000:00/0000:00:03.0/sound/card0/input13
[   13.914167] applesmc: key=719 fan=2 temp=48 index=43 acc=0 lux=2 kbd=1
[   13.914362] applesmc applesmc.768: hwmon_device_register() is deprecated. Please convert the driver to use hwmon_device_register_with_info().
[   13.919107] RAPL PMU: API unit is 2^-32 Joules, 4 fixed counters, 655360 ms ovfl timer
[   13.919108] RAPL PMU: hw unit of domain pp0-core 2^-14 Joules
[   13.919109] RAPL PMU: hw unit of domain package 2^-14 Joules
[   13.919110] RAPL PMU: hw unit of domain dram 2^-14 Joules
[   13.919110] RAPL PMU: hw unit of domain pp1-gpu 2^-14 Joules
[   13.961615] snd_hda_codec_cirrus hdaudioC1D0: autoconfig for CS4208: line_outs=2 (0x12/0x13/0x0/0x0/0x0) type:speaker
[   13.961619] snd_hda_codec_cirrus hdaudioC1D0:    speaker_outs=0 (0x0/0x0/0x0/0x0/0x0)
[   13.961621] snd_hda_codec_cirrus hdaudioC1D0:    hp_outs=1 (0x10/0x0/0x0/0x0/0x0)
[   13.961622] snd_hda_codec_cirrus hdaudioC1D0:    mono: mono_out=0x0
[   13.961623] snd_hda_codec_cirrus hdaudioC1D0:    dig-out=0x21/0x0
[   13.961624] snd_hda_codec_cirrus hdaudioC1D0:    inputs:
[   13.961626] snd_hda_codec_cirrus hdaudioC1D0:      Internal Mic=0x1c
[   13.961628] snd_hda_codec_cirrus hdaudioC1D0:      Mic=0x18
[   13.966147] cfg80211: Loading compiled-in X.509 certificates for regulatory database
[   13.967207] cfg80211: Loaded X.509 cert 'sforshee: 00b28ddf47aef9cea7'
[   13.985919] usbcore: registered new interface driver btusb
[   13.988709] input: HDA Intel PCH Mic as /devices/pci0000:00/0000:00:1b.0/sound/card1/input14
[   13.988781] input: HDA Intel PCH Headphone as /devices/pci0000:00/0000:00:1b.0/sound/card1/input15
[   13.988834] input: HDA Intel PCH SPDIF as /devices/pci0000:00/0000:00:1b.0/sound/card1/input16
[   14.117352] Bluetooth: hci0: BCM: chip id 102 build 0715
[   14.118348] Bluetooth: hci0: BCM: product 05ac:8290
[   14.119362] Bluetooth: hci0: BCM: features 0x2f
[   14.121911] usbcore: registered new interface driver brcmfmac
[   14.135358] Bluetooth: hci0: im-mac
[   14.151735] intel_rapl: Found RAPL domain package
[   14.151737] intel_rapl: Found RAPL domain core
[   14.151738] intel_rapl: Found RAPL domain uncore
[   14.151738] intel_rapl: Found RAPL domain dram
[   14.198529] XFS (sda3): Mounting V5 Filesystem
[   14.198572] XFS (dm-4): Mounting V5 Filesystem
[   14.200100] XFS (dm-3): Mounting V5 Filesystem
[   14.215761] XFS (sda3): Ending clean mount
[   14.225141] XFS (dm-3): Ending clean mount
[   14.225163] XFS (dm-4): Ending clean mount
[   14.231712] brcmfmac: brcmf_fw_alloc_request: using brcm/brcmfmac43602-pcie for chip BCM43602/1
[   14.238565] brcmfmac 0000:03:00.0: Direct firmware load for brcm/brcmfmac43602-pcie.Apple Inc.-MacBookPro11,4.txt failed with error -2
[   14.238574] brcmfmac 0000:03:00.0: Direct firmware load for brcm/brcmfmac43602-pcie.txt failed with error -2
[   14.518340] Bluetooth: BNEP (Ethernet Emulation) ver 1.3
[   14.518341] Bluetooth: BNEP filters: protocol multicast
[   14.518344] Bluetooth: BNEP socket layer initialized
[   14.753049] brcmfmac: brcmf_fw_alloc_request: using brcm/brcmfmac43602-pcie for chip BCM43602/1
[   14.753239] brcmfmac 0000:03:00.0: Direct firmware load for brcm/brcmfmac43602-pcie.clm_blob failed with error -2
[   14.753241] brcmfmac: brcmf_c_process_clm_blob: no clm_blob available (err=-2), device may have limited channels available
[   14.753733] brcmfmac: brcmf_c_preinit_dcmds: Firmware: BCM43602/1 wl0: Nov 10 2015 06:38:10 version 7.35.177.61 (r598657) FWID 01-ea662a8c
[   14.807483] brcmfmac 0000:03:00.0 wlp3s0: renamed from wlan0
[   16.096026] tun: Universal TUN/TAP device driver, 1.6
[   16.098194] virbr0: port 1(virbr0-nic) entered blocking state
[   16.098196] virbr0: port 1(virbr0-nic) entered disabled state
[   16.098249] device virbr0-nic entered promiscuous mode
[   16.309084] virbr0: port 1(virbr0-nic) entered blocking state
[   16.309088] virbr0: port 1(virbr0-nic) entered listening state
[   16.368526] virbr0: port 1(virbr0-nic) entered disabled state
[   23.607171] Bluetooth: RFCOMM TTY layer initialized
[   23.607177] Bluetooth: RFCOMM socket layer initialized
[   23.607273] Bluetooth: RFCOMM ver 1.11
[   23.788379] fuse init (API version 7.28)
[   24.215428] IPv6: ADDRCONF(NETDEV_CHANGE): wlp3s0: link becomes ready
[   24.277803] brcmfmac: brcmf_inetaddr_changed: fail to get arp ip table err:-52
[   24.998071] rfkill: input handler disabled
[  173.728309] xhci_hcd 0000:00:14.0: ep 0x82 - asked for 65 bytes, 55 bytes untransferred
[  174.568330] xhci_hcd 0000:00:14.0: ep 0x82 - asked for 65 bytes, 55 bytes untransferred
[  174.696334] xhci_hcd 0000:00:14.0: ep 0x82 - asked for 65 bytes, 55 bytes untransferred
[  174.784332] xhci_hcd 0000:00:14.0: ep 0x82 - asked for 65 bytes, 55 bytes untransferred
[  174.792312] xhci_hcd 0000:00:14.0: ep 0x82 - asked for 65 bytes, 55 bytes untransferred
[  174.996710] xhci_hcd 0000:00:14.0: ep 0x81 - asked for 96 bytes, 78 bytes untransferred
[  174.996718] xhci_hcd 0000:00:14.0: Giveback URB 00000000dd3da448, len = 18, expected = 96, status = 0
[  174.996757] xhci_hcd 0000:00:14.0: Stalled endpoint for slot 2 ep 2
[  174.996765] xhci_hcd 0000:00:14.0: Cleaning up stalled endpoint ring
[  174.996769] xhci_hcd 0000:00:14.0: Finding endpoint context
[  174.996772] xhci_hcd 0000:00:14.0: Cycle state = 0x1
[  174.996776] xhci_hcd 0000:00:14.0: New dequeue segment = 0000000064ddf6da (virtual)
[  174.996779] xhci_hcd 0000:00:14.0: New dequeue pointer = 0x45a32ef40 (DMA)
[  174.996782] xhci_hcd 0000:00:14.0: Queueing new dequeue state
[  174.996787] xhci_hcd 0000:00:14.0: Set TR Deq Ptr cmd, new deq seg = 0000000064ddf6da (0x45a32e000 dma), new deq ptr = 00000000dc1ff87c (0x45a32ef40 dma), new cycle = 1
[  174.996791] xhci_hcd 0000:00:14.0: // Ding dong!
[  174.996803] xhci_hcd 0000:00:14.0: Giveback URB 00000000e4fa46c7, len = 0, expected = 13, status = -32
[  174.996808] xhci_hcd 0000:00:14.0: Ignoring reset ep completion code of 1
[  174.996814] xhci_hcd 0000:00:14.0: Successful Set TR Deq Ptr cmd, deq = @45a32ef40
[  175.216335] xhci_hcd 0000:00:14.0: ep 0x82 - asked for 65 bytes, 55 bytes untransferred
[  175.400331] xhci_hcd 0000:00:14.0: ep 0x82 - asked for 65 bytes, 55 bytes untransferred
[  175.472342] xhci_hcd 0000:00:14.0: ep 0x82 - asked for 65 bytes, 55 bytes untransferred
[  175.496312] xhci_hcd 0000:00:14.0: ep 0x82 - asked for 65 bytes, 55 bytes untransferred
[  177.045656] xhci_hcd 0000:00:14.0: ep 0x81 - asked for 96 bytes, 78 bytes untransferred
[  177.045670] xhci_hcd 0000:00:14.0: Giveback URB 00000000dd3da448, len = 18, expected = 96, status = 0
[  177.045730] xhci_hcd 0000:00:14.0: Stalled endpoint for slot 2 ep 2
[  177.045742] xhci_hcd 0000:00:14.0: Cleaning up stalled endpoint ring
[  177.045748] xhci_hcd 0000:00:14.0: Finding endpoint context
[  177.045753] xhci_hcd 0000:00:14.0: Cycle state = 0x1
[  177.045759] xhci_hcd 0000:00:14.0: New dequeue segment = 0000000064ddf6da (virtual)
[  177.045764] xhci_hcd 0000:00:14.0: New dequeue pointer = 0x45a32ef80 (DMA)
[  177.045769] xhci_hcd 0000:00:14.0: Queueing new dequeue state
[  177.045777] xhci_hcd 0000:00:14.0: Set TR Deq Ptr cmd, new deq seg = 0000000064ddf6da (0x45a32e000 dma), new deq ptr = 0000000097c36446 (0x45a32ef80 dma), new cycle = 1
[  177.045782] xhci_hcd 0000:00:14.0: // Ding dong!
[  177.045795] xhci_hcd 0000:00:14.0: Giveback URB 00000000e4fa46c7, len = 0, expected = 13, status = -32
[  177.045804] xhci_hcd 0000:00:14.0: Ignoring reset ep completion code of 1
[  177.045813] xhci_hcd 0000:00:14.0: Successful Set TR Deq Ptr cmd, deq = @45a32ef80
[  177.563881] xhci_hcd 0000:00:14.0: Cancel URB 00000000788cb239, dev 12, ep 0x83, starting at offset 0x46c8bdda0
[  177.563889] xhci_hcd 0000:00:14.0: // Ding dong!
[  177.563922] xhci_hcd 0000:00:14.0: Stopped on Transfer TRB for slot 3 ep 6
[  177.563929] xhci_hcd 0000:00:14.0: Removing canceled TD starting at 0x46c8bdda0 (dma).
[  177.563931] xhci_hcd 0000:00:14.0: Finding endpoint context
[  177.563933] xhci_hcd 0000:00:14.0: Cycle state = 0x1
[  177.563936] xhci_hcd 0000:00:14.0: New dequeue segment = 00000000271fee61 (virtual)
[  177.563938] xhci_hcd 0000:00:14.0: New dequeue pointer = 0x46c8bddb0 (DMA)
[  177.563940] xhci_hcd 0000:00:14.0: Set TR Deq Ptr cmd, new deq seg = 00000000271fee61 (0x46c8bd000 dma), new deq ptr = 00000000fd83267b (0x46c8bddb0 dma), new cycle = 1
[  177.563943] xhci_hcd 0000:00:14.0: // Ding dong!
[  177.563959] xhci_hcd 0000:00:14.0: Successful Set TR Deq Ptr cmd, deq = @46c8bddb0
[  177.580323] brcmfmac: brcmf_inetaddr_changed: fail to get arp ip table err:-52
[  179.093689] xhci_hcd 0000:00:14.0: ep 0x81 - asked for 96 bytes, 78 bytes untransferred
[  179.093703] xhci_hcd 0000:00:14.0: Giveback URB 0000000017b49747, len = 18, expected = 96, status = 0
[  179.093739] xhci_hcd 0000:00:14.0: Stalled endpoint for slot 2 ep 2
[  179.093750] xhci_hcd 0000:00:14.0: Cleaning up stalled endpoint ring
[  179.093755] xhci_hcd 0000:00:14.0: Finding endpoint context
[  179.093760] xhci_hcd 0000:00:14.0: Cycle state = 0x1
[  179.093766] xhci_hcd 0000:00:14.0: New dequeue segment = 0000000064ddf6da (virtual)
[  179.093771] xhci_hcd 0000:00:14.0: New dequeue pointer = 0x45a32efc0 (DMA)
[  179.093776] xhci_hcd 0000:00:14.0: Queueing new dequeue state
[  179.093784] xhci_hcd 0000:00:14.0: Set TR Deq Ptr cmd, new deq seg = 0000000064ddf6da (0x45a32e000 dma), new deq ptr = 00000000645a84e6 (0x45a32efc0 dma), new cycle = 1
[  179.093789] xhci_hcd 0000:00:14.0: // Ding dong!
[  179.093802] xhci_hcd 0000:00:14.0: Giveback URB 00000000e4fa46c7, len = 0, expected = 13, status = -32
[  179.093810] xhci_hcd 0000:00:14.0: Ignoring reset ep completion code of 1
[  179.093818] xhci_hcd 0000:00:14.0: Successful Set TR Deq Ptr cmd, deq = @45a32efc0
[  179.381517] PM: suspend entry (deep)
[  179.381520] PM: Syncing filesystems ... done.
[  179.433428] Freezing user space processes ... (elapsed 0.288 seconds) done.
[  179.722138] OOM killer disabled.
[  179.722142] Freezing remaining freezable tasks ... (elapsed 0.001 seconds) done.
[  179.723784] printk: Suspending console(s) (use no_console_suspend to debug)
[  179.725460] xhci_hcd 0000:00:14.0: Cancel URB 000000000d3d4877, dev 12, ep 0x82, starting at offset 0x459671200
[  179.725469] xhci_hcd 0000:00:14.0: // Ding dong!
[  179.725522] xhci_hcd 0000:00:14.0: Stopped on Transfer TRB for slot 3 ep 4
[  179.725529] xhci_hcd 0000:00:14.0: Removing canceled TD starting at 0x459671200 (dma).
[  179.725533] xhci_hcd 0000:00:14.0: Finding endpoint context
[  179.725537] xhci_hcd 0000:00:14.0: Cycle state = 0x1
[  179.725541] xhci_hcd 0000:00:14.0: New dequeue segment = 000000001a05f5e8 (virtual)
[  179.725545] xhci_hcd 0000:00:14.0: New dequeue pointer = 0x459671210 (DMA)
[  179.725551] xhci_hcd 0000:00:14.0: Set TR Deq Ptr cmd, new deq seg = 000000001a05f5e8 (0x459671000 dma), new deq ptr = 0000000092f4891d (0x459671210 dma), new cycle = 1
[  179.725555] xhci_hcd 0000:00:14.0: // Ding dong!
[  179.725574] xhci_hcd 0000:00:14.0: Successful Set TR Deq Ptr cmd, deq = @459671210
[  179.725711] xhci_hcd 0000:00:14.0: // Ding dong!
[  179.725740] xhci_hcd 0000:00:14.0: Stopped on No-op or Link TRB for slot 3 ep 10
[  179.725748] xhci_hcd 0000:00:14.0: Stopped on No-op or Link TRB for slot 3 ep 8
[  179.725754] xhci_hcd 0000:00:14.0: Stopped on No-op or Link TRB for slot 3 ep 7
[  179.725759] xhci_hcd 0000:00:14.0: Stopped on No-op or Link TRB for slot 3 ep 2
[  179.725764] xhci_hcd 0000:00:14.0: Stopped on No-op or Link TRB for slot 3 ep 0
[  179.730870] xhci_hcd 0000:00:14.0: // Ding dong!
[  179.730887] xhci_hcd 0000:00:14.0: Stopped on No-op or Link TRB for slot 2 ep 3
[  179.730893] xhci_hcd 0000:00:14.0: Stopped on No-op or Link TRB for slot 2 ep 2
[  179.730900] xhci_hcd 0000:00:14.0: Stopped on No-op or Link TRB for slot 2 ep 0
[  179.734014] sd 0:0:0:0: [sda] Synchronizing SCSI cache
[  179.737974] usb 1-12: usb suspend, wakeup 1
[  179.738248] pcieport 0000:06:04.0: quirk: waiting for Thunderbolt to reestablish PCI tunnels...
[  179.738260] pcieport 0000:06:06.0: quirk: waiting for Thunderbolt to reestablish PCI tunnels...
[  179.738263] pcieport 0000:06:05.0: quirk: waiting for Thunderbolt to reestablish PCI tunnels...
[  179.738266] pcieport 0000:06:03.0: quirk: waiting for Thunderbolt to reestablish PCI tunnels...
[  179.739572] sd 0:0:0:0: [sda] Stopping disk
[  179.749968] hub 1-0:1.0: hub_suspend
[  179.750017] usb usb1: bus suspend, wakeup 0
[  179.752981] usb usb2-port4: disabling link...
[  179.753002] xhci_hcd 0000:00:14.0: Disable port 3
[  179.753034] xhci_hcd 0000:00:14.0: Port Status Change Event for port 19
[  179.753046] xhci_hcd 0000:00:14.0: handle_port_status: starting port polling.
[  179.753097] xhci_hcd 0000:00:14.0: get port status, actual port 3 status  = 0x20280
[  179.753100] xhci_hcd 0000:00:14.0: Get port status returned 0x10280
[  179.753132] usb 2-4: Waited 0ms for LS_SS_DISABLED, status == 0
[  179.753137] usb 2-4: usb suspend, wakeup 0
[  179.764969] hub 2-0:1.0: hub_suspend
[  179.765019] usb usb2: bus suspend, wakeup 0
[  179.765066] xhci_hcd 0000:00:14.0: xhci_suspend: stopping port polling.
[  179.765086] xhci_hcd 0000:00:14.0: // Setting command ring address to 0x46c8e7001
[  180.628885] PM: suspend devices took 0.905 seconds
[  180.641350] ACPI: EC: interrupt blocked
[  180.642140] xhci_hcd 0000:00:14.0: wakeup: 1
[  180.642631] xhci_hcd 0000:00:14.0: --> PCI D3hot
[  181.600750] ACPI: Preparing to enter system sleep state S3
[  181.601345] ACPI: EC: event blocked
[  181.601346] ACPI: EC: EC stopped
[  181.601346] PM: Saving platform NVS memory
[  181.601351] Disabling non-boot CPUs ...
[  181.608014] smpboot: CPU 1 is now offline
[  181.611821] smpboot: CPU 2 is now offline
[  181.623642] smpboot: CPU 3 is now offline
[  181.632264] smpboot: CPU 4 is now offline
[  181.635588] smpboot: CPU 5 is now offline
[  181.639974] smpboot: CPU 6 is now offline
[  181.643541] smpboot: CPU 7 is now offline
[  181.661550] ACPI: Low-level resume complete
[  181.661614] ACPI: EC: EC started
[  181.661614] PM: Restoring platform NVS memory
[  181.669153] Enabling non-boot CPUs ...
[  181.669209] x86: Booting SMP configuration:
[  181.669211] smpboot: Booting Node 0 Processor 1 APIC 0x2
[  181.882615] hrtimer: interrupt took 2399812 ns
[  183.056484]  cache: parent cpu1 should not be sleeping
[  185.884188] CPU1 is up
[  185.884246] smpboot: Booting Node 0 Processor 2 APIC 0x4
[  186.114527]  cache: parent cpu2 should not be sleeping
[  187.085834] CPU2 is up
[  187.085889] smpboot: Booting Node 0 Processor 3 APIC 0x6
[  187.263367]  cache: parent cpu3 should not be sleeping
[  187.857770] CPU3 is up
[  187.857828] smpboot: Booting Node 0 Processor 4 APIC 0x1
[  187.863277]  cache: parent cpu4 should not be sleeping
[  187.908166] CPU4 is up
[  187.908192] smpboot: Booting Node 0 Processor 5 APIC 0x3
[  188.061508]  cache: parent cpu5 should not be sleeping
[  188.592650] CPU5 is up
[  188.592682] smpboot: Booting Node 0 Processor 6 APIC 0x5
[  188.714187]  cache: parent cpu6 should not be sleeping
[  189.227653] CPU6 is up
[  189.227685] smpboot: Booting Node 0 Processor 7 APIC 0x7
[  189.351115]  cache: parent cpu7 should not be sleeping
[  189.971751] CPU7 is up
[  190.060158] ACPI: Waking up from system sleep state S3
[  190.062250] ACPI: EC: interrupt unblocked
[  190.085603] pcieport 0000:06:03.0: quirk: waiting for Thunderbolt to reestablish PCI tunnels...
[  190.085619] pcieport 0000:06:04.0: quirk: waiting for Thunderbolt to reestablish PCI tunnels...
[  190.085620] pcieport 0000:06:05.0: quirk: waiting for Thunderbolt to reestablish PCI tunnels...
[  190.085621] pcieport 0000:06:06.0: quirk: waiting for Thunderbolt to reestablish PCI tunnels...
[  190.117634] pcieport 0000:06:04.0: quirk_apple_wait_for_thunderbolt+0x0/0xe0 took 31260 usecs
[  190.117639] pcieport 0000:06:03.0: quirk_apple_wait_for_thunderbolt+0x0/0xe0 took 31275 usecs
[  190.117642] pcieport 0000:06:05.0: quirk_apple_wait_for_thunderbolt+0x0/0xe0 took 31260 usecs
[  190.117646] pcieport 0000:06:06.0: quirk_apple_wait_for_thunderbolt+0x0/0xe0 took 31260 usecs
[  190.186888] thunderbolt 0000:07:00.0: resetting error on 0:b.
[  190.186896] thunderbolt 0000:07:00.0: 0:b: hotplug: scanning
[  190.186898] thunderbolt 0000:07:00.0: 0:b: hotplug: no switch found
[  190.186995] thunderbolt 0000:07:00.0: resetting error on 0:c.
[  190.187000] thunderbolt 0000:07:00.0: 0:c: hotplug: scanning
[  190.187001] thunderbolt 0000:07:00.0: 0:c: hotplug: no switch found
[  191.160863] ACPI: EC: event unblocked
[  191.160880] xhci_hcd 0000:00:14.0: // Setting command ring address to 0x46c8e7001
[  191.160929] xhci_hcd 0000:00:14.0: xhci_resume: starting port polling.
[  191.161001] xhci_hcd 0000:00:14.0: xhci_hub_status_data: stopping port polling.
[  191.161009] usb usb1: usb resume
[  191.161036] hub 1-0:1.0: hub_resume
[  191.161045] xhci_hcd 0000:00:14.0: get port status, actual port 0 status  = 0x2a0
[  191.161047] xhci_hcd 0000:00:14.0: Get port status returned 0x100
[  191.161070] xhci_hcd 0000:00:14.0: get port status, actual port 1 status  = 0x2a0
[  191.161072] usb usb2: usb resume
[  191.161073] xhci_hcd 0000:00:14.0: Get port status returned 0x100
[  191.161088] hub 2-0:1.0: hub_resume
[  191.161107] xhci_hcd 0000:00:14.0: get port status, actual port 0 status  = 0x2a0
[  191.161108] xhci_hcd 0000:00:14.0: Get port status returned 0x2a0
[  191.161124] xhci_hcd 0000:00:14.0: get port status, actual port 1 status  = 0x2a0
[  191.161126] xhci_hcd 0000:00:14.0: Get port status returned 0x2a0
[  191.161137] xhci_hcd 0000:00:14.0: get port status, actual port 2 status  = 0x2a0
[  191.161139] xhci_hcd 0000:00:14.0: Get port status returned 0x2a0
[  191.161150] xhci_hcd 0000:00:14.0: get port status, actual port 3 status  = 0x20280
[  191.161153] xhci_hcd 0000:00:14.0: Get port status returned 0x10280
[  191.161160] usb usb2-port4: status 0280 change 0001
[  191.161176] xhci_hcd 0000:00:14.0: clear port connect change, actual port 3 status  = 0x280
[  191.161183] xhci_hcd 0000:00:14.0: get port status, actual port 2 status  = 0x2a0
[  191.161186] xhci_hcd 0000:00:14.0: Get port status returned 0x100
[  191.161195] xhci_hcd 0000:00:14.0: get port status, actual port 4 status  = 0x2a0
[  191.161198] xhci_hcd 0000:00:14.0: Get port status returned 0x2a0
[  191.161210] xhci_hcd 0000:00:14.0: get port status, actual port 3 status  = 0x2a0
[  191.161213] xhci_hcd 0000:00:14.0: Get port status returned 0x100
[  191.161216] xhci_hcd 0000:00:14.0: get port status, actual port 5 status  = 0x2a0
[  191.161217] xhci_hcd 0000:00:14.0: Get port status returned 0x2a0
[  191.161233] xhci_hcd 0000:00:14.0: get port status, actual port 4 status  = 0x2a0
[  191.161236] xhci_hcd 0000:00:14.0: Get port status returned 0x100
[  191.161263] xhci_hcd 0000:00:14.0: get port status, actual port 5 status  = 0x2a0
[  191.161266] xhci_hcd 0000:00:14.0: Get port status returned 0x100
[  191.161283] xhci_hcd 0000:00:14.0: get port status, actual port 6 status  = 0x2a0
[  191.161285] xhci_hcd 0000:00:14.0: Get port status returned 0x100
[  191.161301] xhci_hcd 0000:00:14.0: get port status, actual port 7 status  = 0x663
[  191.161304] xhci_hcd 0000:00:14.0: Get port status returned 0x107
[  191.161314] usb usb1-port8: status 0107 change 0000
[  191.161322] xhci_hcd 0000:00:14.0: get port status, actual port 8 status  = 0x2a0
[  191.161324] xhci_hcd 0000:00:14.0: Get port status returned 0x100
[  191.161352] xhci_hcd 0000:00:14.0: get port status, actual port 9 status  = 0x2a0
[  191.161353] xhci_hcd 0000:00:14.0: Get port status returned 0x100
[  191.161372] xhci_hcd 0000:00:14.0: get port status, actual port 10 status  = 0x2a0
[  191.161375] xhci_hcd 0000:00:14.0: Get port status returned 0x100
[  191.161392] xhci_hcd 0000:00:14.0: get port status, actual port 11 status  = 0x663
[  191.161393] xhci_hcd 0000:00:14.0: Get port status returned 0x107
[  191.161403] usb usb1-port12: status 0107 change 0000
[  191.161413] xhci_hcd 0000:00:14.0: get port status, actual port 12 status  = 0x2a0
[  191.161416] xhci_hcd 0000:00:14.0: Get port status returned 0x100
[  191.161431] xhci_hcd 0000:00:14.0: get port status, actual port 13 status  = 0x2a0
[  191.161433] xhci_hcd 0000:00:14.0: Get port status returned 0x100
[  191.161465] xhci_hcd 0000:00:14.0: get port status, actual port 7 status  = 0x663
[  191.161468] xhci_hcd 0000:00:14.0: Get port status returned 0x107
[  191.161506] xhci_hcd 0000:00:14.0: clear USB_PORT_FEAT_SUSPEND
[  191.161509] xhci_hcd 0000:00:14.0: PORTSC 0663
[  191.161522] xhci_hcd 0000:00:14.0: get port status, actual port 11 status  = 0x663
[  191.161524] xhci_hcd 0000:00:14.0: Get port status returned 0x107
[  191.161540] xhci_hcd 0000:00:14.0: clear USB_PORT_FEAT_SUSPEND
[  191.161542] xhci_hcd 0000:00:14.0: PORTSC 0663
[  191.181160] sd 0:0:0:0: [sda] Starting disk
[  191.203310] xhci_hcd 0000:00:14.0: Port Status Change Event for port 12
[  191.203318] xhci_hcd 0000:00:14.0: handle_port_status: starting port polling.
[  191.203326] usb 1-12: usb resume
[  191.203333] xhci_hcd 0000:00:14.0: Port Status Change Event for port 8
[  191.203336] usb 1-8: usb resume
[  191.203338] xhci_hcd 0000:00:14.0: handle_port_status: starting port polling.
[  191.203733] xhci_hcd 0000:00:14.0: underrun event on endpoint
[  191.203736] xhci_hcd 0000:00:14.0: overrun event on endpoint
[  191.245313] xhci_hcd 0000:00:14.0: get port status, actual port 7 status  = 0x603
[  191.245317] xhci_hcd 0000:00:14.0: Get port status returned 0x40103
[  191.246318] xhci_hcd 0000:00:14.0: get port status, actual port 11 status  = 0x603
[  191.246322] xhci_hcd 0000:00:14.0: Get port status returned 0x40103
[  191.257321] xhci_hcd 0000:00:14.0: clear port suspend/resume change, actual port 7 status  = 0x603
[  191.257357] usb 1-8: Waited 0ms for CONNECT, status == 0
[  191.257361] usb 1-8: finish resume
[  191.257771] xhci_hcd 0000:00:14.0: xhci_drop_endpoint called for udev 00000000fc7c5e6e
[  191.257803] xhci_hcd 0000:00:14.0: drop ep 0x83, slot id 1, new drop flags = 0x80, new add flags = 0x0
[  191.257807] xhci_hcd 0000:00:14.0: xhci_drop_endpoint called for udev 00000000fc7c5e6e
[  191.257825] xhci_hcd 0000:00:14.0: drop ep 0x3, slot id 1, new drop flags = 0xc0, new add flags = 0x0
[  191.258021] xhci_hcd 0000:00:14.0: add ep 0x83, slot id 1, new drop flags = 0xc0, new add flags = 0x80
[  191.258047] xhci_hcd 0000:00:14.0: add ep 0x3, slot id 1, new drop flags = 0xc0, new add flags = 0xc0
[  191.258052] xhci_hcd 0000:00:14.0: xhci_check_bandwidth called for udev 00000000fc7c5e6e
[  191.258059] xhci_hcd 0000:00:14.0: // Ding dong!
[  191.258287] xhci_hcd 0000:00:14.0: clear port suspend/resume change, actual port 11 status  = 0x603
[  191.258311] xhci_hcd 0000:00:14.0: Successful Endpoint Configure command
[  191.258327] usb 1-12: Waited 0ms for CONNECT, status == 0
[  191.258332] usb 1-12: finish resume
[  191.268318] xhci_hcd 0000:00:14.0: get port status, actual port 3 status  = 0x280
[  191.268324] xhci_hcd 0000:00:14.0: Get port status returned 0x280
[  191.268350] usb usb2-port4: enabling link...
[  191.268364] xhci_hcd 0000:00:14.0: Enable port 3
[  191.268406] xhci_hcd 0000:00:14.0: get port status, actual port 3 status  = 0x2a0
[  191.268409] xhci_hcd 0000:00:14.0: Get port status returned 0x2a0
[  191.269271] xhci_hcd 0000:00:14.0: xhci_hub_status_data: stopping port polling.
[  191.291285] xhci_hcd 0000:00:14.0: get port status, actual port 3 status  = 0x2e0
[  191.291288] xhci_hcd 0000:00:14.0: Get port status returned 0x2e0
[  191.291323] usb 2-4: Waited 20ms for !LS_SS_DISABLED, status == 0
[  191.291328] usb 2-4: finish reset-resume
[  191.291404] xhci_hcd 0000:00:14.0: Set up evaluate context for LPM MEL change.
[  191.291410] xhci_hcd 0000:00:14.0: // Ding dong!
[  191.291453] xhci_hcd 0000:00:14.0: Successful evaluate context command
[  191.291462] xhci_hcd 0000:00:14.0: get port status, actual port 3 status  = 0x2e0
[  191.291465] xhci_hcd 0000:00:14.0: Get port status returned 0x2e0
[  191.292277] xhci_hcd 0000:00:14.0: xhci_hub_status_data: stopping port polling.
[  191.353292] xhci_hcd 0000:00:14.0: get port status, actual port 3 status  = 0x2b0
[  191.353297] xhci_hcd 0000:00:14.0: Get port status returned 0x2b0
[  191.353331] usb usb2-port4: not warm reset yet, waiting 60ms
[  191.389925] xhci_hcd 0000:00:14.0: Port Status Change Event for port 19
[  191.389934] xhci_hcd 0000:00:14.0: handle_port_status: starting port polling.
[  191.416329] xhci_hcd 0000:00:14.0: get port status, actual port 3 status  = 0x2802a0
[  191.416332] xhci_hcd 0000:00:14.0: Get port status returned 0x3002a0
[  191.416364] usb usb2-port4: not warm reset yet, waiting 200ms
[  191.505841] ata1: SATA link up 6.0 Gbps (SStatus 133 SControl 300)
[  191.506324] ata1.00: unexpected _GTF length (8)
[  191.506912] ata1.00: unexpected _GTF length (8)
[  191.507019] ata1.00: configured for UDMA/133
[  191.621296] xhci_hcd 0000:00:14.0: get port status, actual port 3 status  = 0x2802e0
[  191.621299] xhci_hcd 0000:00:14.0: Get port status returned 0x3002e0
[  191.621336] usb usb2-port4: not warm reset yet, waiting 200ms
[  191.828328] xhci_hcd 0000:00:14.0: get port status, actual port 3 status  = 0x2802e0
[  191.828331] xhci_hcd 0000:00:14.0: Get port status returned 0x3002e0
[  191.828362] usb usb2-port4: not warm reset yet, waiting 200ms
[  192.036330] xhci_hcd 0000:00:14.0: get port status, actual port 3 status  = 0x2802e0
[  192.036334] xhci_hcd 0000:00:14.0: Get port status returned 0x3002e0
[  192.036369] usb usb2-port4: not warm reset yet, waiting 200ms
[  192.036383] xhci_hcd 0000:00:14.0: clear port reset change, actual port 3 status  = 0x802e0
[  192.036425] xhci_hcd 0000:00:14.0: clear port warm(BH) reset change, actual port 3 status  = 0x2e0
[  192.036454] xhci_hcd 0000:00:14.0: clear port link state change, actual port 3 status  = 0x2e0
[  192.036477] xhci_hcd 0000:00:14.0: clear port connect change, actual port 3 status  = 0x2e0
[  192.036501] xhci_hcd 0000:00:14.0: get port status, actual port 3 status  = 0x2e0
[  192.036504] xhci_hcd 0000:00:14.0: Get port status returned 0x2e0
[  192.036544] xhci_hcd 0000:00:14.0: CTRL: TypeReq=0x2303 val=0x5 idx=0x304 len=0 ==> -19
[  192.036560] usb usb2-port4: logical disconnect
[  192.036575] xhci_hcd 0000:00:14.0: CTRL: TypeReq=0x2303 val=0x5 idx=0x304 len=0 ==> -19
[  192.036610] usb 2-4: gone after usb resume? status -19
[  192.036614] usb 2-4: can't resume, status -19
[  192.036617] usb usb2-port4: logical disconnect
[  192.036631] xhci_hcd 0000:00:14.0: CTRL: TypeReq=0x2303 val=0x5 idx=0x304 len=0 ==> -19
[  192.037167] PM: resume devices took 0.876 seconds
[  192.037653] OOM killer enabled.
[  192.037660] Restarting tasks ... 
[  192.038019] hub 2-0:1.0: state 7 ports 6 chg 0010 evt 0010
[  192.038039] xhci_hcd 0000:00:14.0: get port status, actual port 3 status  = 0x2e0
[  192.038043] xhci_hcd 0000:00:14.0: Get port status returned 0x2e0
[  192.038068] usb usb2-port4: status 02e0, change 0000, 5.0 Gb/s
[  192.038075] usb 2-4: USB disconnect, device number 2
[  192.038080] usb 2-4: unregistering device
[  192.038086] usb 2-4: unregistering interface 2-4:1.0
[  192.038213] hub 1-0:1.0: state 7 ports 14 chg 0000 evt 1100
[  192.038227] xhci_hcd 0000:00:14.0: get port status, actual port 7 status  = 0x603
[  192.038232] xhci_hcd 0000:00:14.0: Get port status returned 0x103
[  192.038255] xhci_hcd 0000:00:14.0: get port status, actual port 11 status  = 0x603
[  192.038262] xhci_hcd 0000:00:14.0: Get port status returned 0x103
[  192.046695] done.
[  192.079407] usb 2-4: usb_disable_device nuking all URBs
[  192.079412] xhci_hcd 0000:00:14.0: xhci_drop_endpoint called for udev 000000009eb897f6
[  192.079425] xhci_hcd 0000:00:14.0: drop ep 0x81, slot id 2, new drop flags = 0x8, new add flags = 0x0
[  192.079428] xhci_hcd 0000:00:14.0: xhci_drop_endpoint called for udev 000000009eb897f6
[  192.079437] xhci_hcd 0000:00:14.0: drop ep 0x2, slot id 2, new drop flags = 0x18, new add flags = 0x0
[  192.079439] xhci_hcd 0000:00:14.0: xhci_check_bandwidth called for udev 000000009eb897f6
[  192.079444] xhci_hcd 0000:00:14.0: // Ding dong!
[  192.079646] xhci_hcd 0000:00:14.0: Successful Endpoint Configure command
[  192.079896] xhci_hcd 0000:00:14.0: // Ding dong!
[  192.079917] xhci_hcd 0000:00:14.0: set port remote wake mask, actual port 0 status  = 0xe0002a0
[  192.079936] xhci_hcd 0000:00:14.0: set port remote wake mask, actual port 1 status  = 0xe0002a0
[  192.079946] xhci_hcd 0000:00:14.0: set port remote wake mask, actual port 2 status  = 0xe0002a0
[  192.079955] xhci_hcd 0000:00:14.0: set port remote wake mask, actual port 3 status  = 0xe0002e0
[  192.079964] xhci_hcd 0000:00:14.0: set port remote wake mask, actual port 4 status  = 0xe0002a0
[  192.079973] xhci_hcd 0000:00:14.0: set port remote wake mask, actual port 5 status  = 0xe0002a0
[  192.079979] hub 2-0:1.0: hub_suspend
[  192.079986] usb usb2: bus auto-suspend, wakeup 1
[  192.079991] xhci_hcd 0000:00:14.0: Bus suspend bailout, port in polling
[  192.079993] usb usb2: bus suspend fail, err -16
