[    0.000000] microcode: microcode updated early to revision 0x1a, date = 2018-04-02
[    0.000000] Linux version 5.0.0-rc8+ (im@im-mac) (gcc version 8.2.1 20181215 (Red Hat 8.2.1-6) (GCC)) #33 SMP Wed Feb 27 05:30:49 +05 2019
[    0.000000] Command line: BOOT_IMAGE=/vmlinuz-5.0.0-rc8+ root=/dev/mapper/im--mac-root ro resume=/dev/mapper/im--mac-swap rd.lvm.lv=im-mac/root rd.luks.uuid=luks-dd1fa933-ef9f-402b-a2e4-7c9d6fb7ce0d rd.lvm.lv=im-mac/swap rhgb quiet hid_apple.fnmode=2 hid_apple.iso_layout=0
[    0.000000] x86/fpu: Supporting XSAVE feature 0x001: 'x87 floating point registers'
[    0.000000] x86/fpu: Supporting XSAVE feature 0x002: 'SSE registers'
[    0.000000] x86/fpu: Supporting XSAVE feature 0x004: 'AVX registers'
[    0.000000] x86/fpu: xstate_offset[2]:  576, xstate_sizes[2]:  256
[    0.000000] x86/fpu: Enabled xstate features 0x7, context size is 832 bytes, using 'standard' format.
[    0.000000] BIOS-provided physical RAM map:
[    0.000000] BIOS-e820: [mem 0x0000000000000000-0x0000000000057fff] usable
[    0.000000] BIOS-e820: [mem 0x0000000000058000-0x0000000000058fff] reserved
[    0.000000] BIOS-e820: [mem 0x0000000000059000-0x000000000009ffff] usable
[    0.000000] BIOS-e820: [mem 0x00000000000a0000-0x00000000000bffff] reserved
[    0.000000] BIOS-e820: [mem 0x0000000000100000-0x0000000078d00fff] usable
[    0.000000] BIOS-e820: [mem 0x0000000078d01000-0x0000000078d48fff] ACPI NVS
[    0.000000] BIOS-e820: [mem 0x0000000078d49000-0x0000000078d5cfff] usable
[    0.000000] BIOS-e820: [mem 0x0000000078d5d000-0x0000000078d8efff] ACPI data
[    0.000000] BIOS-e820: [mem 0x0000000078d8f000-0x0000000078e39fff] usable
[    0.000000] BIOS-e820: [mem 0x0000000078e3a000-0x0000000078e8efff] reserved
[    0.000000] BIOS-e820: [mem 0x0000000078e8f000-0x0000000078ecbfff] usable
[    0.000000] BIOS-e820: [mem 0x0000000078ecc000-0x0000000078efefff] reserved
[    0.000000] BIOS-e820: [mem 0x0000000078eff000-0x0000000078f84fff] usable
[    0.000000] BIOS-e820: [mem 0x0000000078f85000-0x0000000078fdefff] reserved
[    0.000000] BIOS-e820: [mem 0x0000000078fdf000-0x0000000078ffffff] usable
[    0.000000] BIOS-e820: [mem 0x0000000079000000-0x000000007f9fffff] reserved
[    0.000000] BIOS-e820: [mem 0x00000000e00f8000-0x00000000e00f8fff] reserved
[    0.000000] BIOS-e820: [mem 0x00000000fed1c000-0x00000000fed1ffff] reserved
[    0.000000] BIOS-e820: [mem 0x00000000ffd70000-0x00000000ffd9ffff] reserved
[    0.000000] BIOS-e820: [mem 0x0000000100000000-0x000000047f5fffff] usable
[    0.000000] NX (Execute Disable) protection: active
[    0.000000] e820: update [mem 0x66282710-0x66282ad2] usable ==> usable
[    0.000000] e820: update [mem 0x66282710-0x66282ad2] usable ==> usable
[    0.000000] extended physical RAM map:
[    0.000000] reserve setup_data: [mem 0x0000000000000000-0x0000000000057fff] usable
[    0.000000] reserve setup_data: [mem 0x0000000000058000-0x0000000000058fff] reserved
[    0.000000] reserve setup_data: [mem 0x0000000000059000-0x000000000009ffff] usable
[    0.000000] reserve setup_data: [mem 0x00000000000a0000-0x00000000000bffff] reserved
[    0.000000] reserve setup_data: [mem 0x0000000000100000-0x000000006628270f] usable
[    0.000000] reserve setup_data: [mem 0x0000000066282710-0x0000000066282ad2] usable
[    0.000000] reserve setup_data: [mem 0x0000000066282ad3-0x0000000078d00fff] usable
[    0.000000] reserve setup_data: [mem 0x0000000078d01000-0x0000000078d48fff] ACPI NVS
[    0.000000] reserve setup_data: [mem 0x0000000078d49000-0x0000000078d5cfff] usable
[    0.000000] reserve setup_data: [mem 0x0000000078d5d000-0x0000000078d8efff] ACPI data
[    0.000000] reserve setup_data: [mem 0x0000000078d8f000-0x0000000078e39fff] usable
[    0.000000] reserve setup_data: [mem 0x0000000078e3a000-0x0000000078e8efff] reserved
[    0.000000] reserve setup_data: [mem 0x0000000078e8f000-0x0000000078ecbfff] usable
[    0.000000] reserve setup_data: [mem 0x0000000078ecc000-0x0000000078efefff] reserved
[    0.000000] reserve setup_data: [mem 0x0000000078eff000-0x0000000078f84fff] usable
[    0.000000] reserve setup_data: [mem 0x0000000078f85000-0x0000000078fdefff] reserved
[    0.000000] reserve setup_data: [mem 0x0000000078fdf000-0x0000000078ffffff] usable
[    0.000000] reserve setup_data: [mem 0x0000000079000000-0x000000007f9fffff] reserved
[    0.000000] reserve setup_data: [mem 0x00000000e00f8000-0x00000000e00f8fff] reserved
[    0.000000] reserve setup_data: [mem 0x00000000fed1c000-0x00000000fed1ffff] reserved
[    0.000000] reserve setup_data: [mem 0x00000000ffd70000-0x00000000ffd9ffff] reserved
[    0.000000] reserve setup_data: [mem 0x0000000100000000-0x000000047f5fffff] usable
[    0.000000] efi: EFI v1.10 by Apple
[    0.000000] efi:  ACPI=0x78d8e000  ACPI 2.0=0x78d8e014  SMBIOS=0x78f8b000 
[    0.000000] SMBIOS 2.7 present.
[    0.000000] DMI: Apple Inc. MacBookPro11,4/Mac-06F11FD93F0323C5, BIOS MBP114.88Z.0184.B00.1806051659 06/05/2018
[    0.000000] tsc: Fast TSC calibration using PIT
[    0.000000] tsc: Detected 2194.836 MHz processor
[    0.000138] e820: update [mem 0x00000000-0x00000fff] usable ==> reserved
[    0.000139] e820: remove [mem 0x000a0000-0x000fffff] usable
[    0.000144] last_pfn = 0x47f600 max_arch_pfn = 0x400000000
[    0.000147] MTRR default type: write-back
[    0.000148] MTRR fixed ranges enabled:
[    0.000149]   00000-9FFFF write-back
[    0.000149]   A0000-BFFFF uncachable
[    0.000150]   C0000-DFFFF write-protect
[    0.000150]   E0000-FFFFF uncachable
[    0.000151] MTRR variable ranges enabled:
[    0.000152]   0 base 0080000000 mask 7F80000000 uncachable
[    0.000152]   1 base 007C000000 mask 7FFC000000 uncachable
[    0.000153]   2 base 007A000000 mask 7FFE000000 uncachable
[    0.000153]   3 base 0079000000 mask 7FFF000000 uncachable
[    0.000154]   4 disabled
[    0.000154]   5 disabled
[    0.000154]   6 disabled
[    0.000154]   7 disabled
[    0.000155]   8 disabled
[    0.000155]   9 disabled
[    0.009952] x86/PAT: Configuration [0-7]: WB  WC  UC- UC  WB  WP  UC- WT  
[    0.010046] last_pfn = 0x79000 max_arch_pfn = 0x400000000
[    0.021678] Base memory trampoline at [(____ptrval____)] 99000 size 24576
[    0.021681] Using GB pages for direct mapping
[    0.021682] BRK [0x331e01000, 0x331e01fff] PGTABLE
[    0.021684] BRK [0x331e02000, 0x331e02fff] PGTABLE
[    0.021684] BRK [0x331e03000, 0x331e03fff] PGTABLE
[    0.021702] BRK [0x331e04000, 0x331e04fff] PGTABLE
[    0.021703] BRK [0x331e05000, 0x331e05fff] PGTABLE
[    0.021704] BRK [0x331e06000, 0x331e06fff] PGTABLE
[    0.021827] BRK [0x331e07000, 0x331e07fff] PGTABLE
[    0.021837] BRK [0x331e08000, 0x331e08fff] PGTABLE
[    0.021868] BRK [0x331e09000, 0x331e09fff] PGTABLE
[    0.021938] Secure boot disabled
[    0.021938] RAMDISK: [mem 0x42aab000-0x4855ffff]
[    0.021949] ACPI: Early table checksum verification disabled
[    0.021951] ACPI: RSDP 0x0000000078D8E014 000024 (v02 APPLE )
[    0.021954] ACPI: XSDT 0x0000000078D8E1C0 0000A4 (v01 APPLE  Apple00  00000000      01000013)
[    0.021957] ACPI: FACP 0x0000000078D8C000 0000F4 (v05 APPLE  Apple00  00000000 Loki 0000005F)
[    0.021960] ACPI BIOS Warning (bug): 32/64X length mismatch in FADT/Gpe0Block: 128/0 (20181213/tbfadt-569)
[    0.021963] ACPI: DSDT 0x0000000078D7F000 007331 (v03 APPLE  MacBookP 00110004 INTL 20140424)
[    0.021965] ACPI: FACS 0x0000000078D06000 000040
[    0.021967] ACPI: FACS 0x0000000078D06000 000040
[    0.021968] ACPI: HPET 0x0000000078D8B000 000038 (v01 APPLE  Apple00  00000001 Loki 0000005F)
[    0.021970] ACPI: APIC 0x0000000078D8A000 0000BC (v02 APPLE  Apple00  00000001 Loki 0000005F)
[    0.021972] ACPI: SBST 0x0000000078D88000 000030 (v01 APPLE  Apple00  00000001 Loki 0000005F)
[    0.021974] ACPI: ECDT 0x0000000078D87000 000053 (v01 APPLE  Apple00  00000001 Loki 0000005F)
[    0.021975] ACPI: SSDT 0x0000000078D7E000 000024 (v01 APPLE  SataAhci 00001000 INTL 20140424)
[    0.021977] ACPI: SSDT 0x0000000078D7D000 000024 (v01 APPLE  SmcDppt  00001000 INTL 20140424)
[    0.021979] ACPI: SSDT 0x0000000078D7C000 000032 (v01 APPLE  SsdtS3   00001000 INTL 20140424)
[    0.021981] ACPI: SSDT 0x0000000078D68000 0086DA (v01 APPLE  TbtPEG11 00001000 INTL 20140424)
[    0.021982] ACPI: SSDT 0x0000000078D67000 0000B8 (v01 APPLE  Sdxc     00001000 INTL 20140424)
[    0.021984] ACPI: SSDT 0x0000000078D66000 000A7B (v02 APPLE  Xhci     00001000 INTL 20140424)
[    0.021986] ACPI: SSDT 0x0000000078D64000 000341 (v01 APPLE  PEG0SSD0 00001000 INTL 20140424)
[    0.021988] ACPI: SSDT 0x0000000078D5F000 00069C (v01 PmRef  Cpu0Ist  00003000 INTL 20140424)
[    0.021990] ACPI: SSDT 0x0000000078D5E000 000C17 (v01 CpuRef CpuSsdt  00003000 INTL 20140424)
[    0.021991] ACPI: DMAR 0x0000000078D5D000 000088 (v01 APPLE  BDW      00000001 INTL 00000001)
[    0.021993] ACPI: MCFG 0x0000000078D89000 00003C (v01 APPLE  Apple00  00000001 Loki 0000005F)
[    0.021998] ACPI: DMI detected to setup _OSI("Darwin"): Apple hardware
[    0.022000] ACPI: Local APIC address 0xfee00000
[    0.022071] No NUMA configuration found
[    0.022072] Faking a node at [mem 0x0000000000000000-0x000000047f5fffff]
[    0.022079] NODE_DATA(0) allocated [mem 0x47f5d5000-0x47f5fffff]
[    0.051646] Zone ranges:
[    0.051648]   DMA      [mem 0x0000000000001000-0x0000000000ffffff]
[    0.051649]   DMA32    [mem 0x0000000001000000-0x00000000ffffffff]
[    0.051650]   Normal   [mem 0x0000000100000000-0x000000047f5fffff]
[    0.051650]   Device   empty
[    0.051651] Movable zone start for each node
[    0.051653] Early memory node ranges
[    0.051654]   node   0: [mem 0x0000000000001000-0x0000000000057fff]
[    0.051655]   node   0: [mem 0x0000000000059000-0x000000000009ffff]
[    0.051655]   node   0: [mem 0x0000000000100000-0x0000000078d00fff]
[    0.051655]   node   0: [mem 0x0000000078d49000-0x0000000078d5cfff]
[    0.051656]   node   0: [mem 0x0000000078d8f000-0x0000000078e39fff]
[    0.051656]   node   0: [mem 0x0000000078e8f000-0x0000000078ecbfff]
[    0.051656]   node   0: [mem 0x0000000078eff000-0x0000000078f84fff]
[    0.051657]   node   0: [mem 0x0000000078fdf000-0x0000000078ffffff]
[    0.051657]   node   0: [mem 0x0000000100000000-0x000000047f5fffff]
[    0.052024] Zeroed struct page in unavailable ranges: 29118 pages
[    0.052026] Initmem setup node 0 [mem 0x0000000000001000-0x000000047f5fffff]
[    0.052027] On node 0 totalpages: 4162626
[    0.052028]   DMA zone: 64 pages used for memmap
[    0.052028]   DMA zone: 22 pages reserved
[    0.052029]   DMA zone: 3998 pages, LIFO batch:0
[    0.052099]   DMA32 zone: 7675 pages used for memmap
[    0.052099]   DMA32 zone: 491172 pages, LIFO batch:63
[    0.064294]   Normal zone: 57304 pages used for memmap
[    0.064294]   Normal zone: 3667456 pages, LIFO batch:63
[    0.135489] Reserving Intel graphics memory at [mem 0x79a00000-0x7f9fffff]
[    0.135555] ACPI: PM-Timer IO Port: 0x1808
[    0.135557] ACPI: Local APIC address 0xfee00000
[    0.135562] ACPI: LAPIC_NMI (acpi_id[0x01] high edge lint[0x1])
[    0.135562] ACPI: LAPIC_NMI (acpi_id[0x02] high edge lint[0x1])
[    0.135563] ACPI: LAPIC_NMI (acpi_id[0x03] high edge lint[0x1])
[    0.135563] ACPI: LAPIC_NMI (acpi_id[0x04] high edge lint[0x1])
[    0.135563] ACPI: LAPIC_NMI (acpi_id[0x05] high edge lint[0x1])
[    0.135564] ACPI: LAPIC_NMI (acpi_id[0x06] high edge lint[0x1])
[    0.135564] ACPI: LAPIC_NMI (acpi_id[0x07] high edge lint[0x1])
[    0.135565] ACPI: LAPIC_NMI (acpi_id[0x08] high edge lint[0x1])
[    0.135578] IOAPIC[0]: apic_id 2, version 32, address 0xfec00000, GSI 0-23
[    0.135580] ACPI: INT_SRC_OVR (bus 0 bus_irq 0 global_irq 2 dfl dfl)
[    0.135581] ACPI: INT_SRC_OVR (bus 0 bus_irq 9 global_irq 9 high level)
[    0.135582] ACPI: IRQ0 used by override.
[    0.135583] ACPI: IRQ9 used by override.
[    0.135584] Using ACPI (MADT) for SMP configuration information
[    0.135585] ACPI: HPET id: 0x8086a201 base: 0xfed00000
[    0.135588] smpboot: Allowing 8 CPUs, 0 hotplug CPUs
[    0.135602] PM: Registered nosave memory: [mem 0x00000000-0x00000fff]
[    0.135603] PM: Registered nosave memory: [mem 0x00058000-0x00058fff]
[    0.135603] PM: Registered nosave memory: [mem 0x000a0000-0x000bffff]
[    0.135604] PM: Registered nosave memory: [mem 0x000c0000-0x000fffff]
[    0.135605] PM: Registered nosave memory: [mem 0x66282000-0x66282fff]
[    0.135606] PM: Registered nosave memory: [mem 0x66282000-0x66282fff]
[    0.135607] PM: Registered nosave memory: [mem 0x78d01000-0x78d48fff]
[    0.135608] PM: Registered nosave memory: [mem 0x78d5d000-0x78d8efff]
[    0.135609] PM: Registered nosave memory: [mem 0x78e3a000-0x78e8efff]
[    0.135610] PM: Registered nosave memory: [mem 0x78ecc000-0x78efefff]
[    0.135611] PM: Registered nosave memory: [mem 0x78f85000-0x78fdefff]
[    0.135612] PM: Registered nosave memory: [mem 0x79000000-0x7f9fffff]
[    0.135612] PM: Registered nosave memory: [mem 0x7fa00000-0xe00f7fff]
[    0.135612] PM: Registered nosave memory: [mem 0xe00f8000-0xe00f8fff]
[    0.135613] PM: Registered nosave memory: [mem 0xe00f9000-0xfed1bfff]
[    0.135613] PM: Registered nosave memory: [mem 0xfed1c000-0xfed1ffff]
[    0.135614] PM: Registered nosave memory: [mem 0xfed20000-0xffd6ffff]
[    0.135614] PM: Registered nosave memory: [mem 0xffd70000-0xffd9ffff]
[    0.135614] PM: Registered nosave memory: [mem 0xffda0000-0xffffffff]
[    0.135616] [mem 0x7fa00000-0xe00f7fff] available for PCI devices
[    0.135618] Booting paravirtualized kernel on bare hardware
[    0.135620] clocksource: refined-jiffies: mask: 0xffffffff max_cycles: 0xffffffff, max_idle_ns: 1910969940391419 ns
[    0.228258] random: get_random_bytes called from start_kernel+0x93/0x503 with crng_init=0
[    0.228264] setup_percpu: NR_CPUS:64 nr_cpumask_bits:64 nr_cpu_ids:8 nr_node_ids:1
[    0.228433] percpu: Embedded 44 pages/cpu @(____ptrval____) s143360 r8192 d28672 u262144
[    0.228438] pcpu-alloc: s143360 r8192 d28672 u262144 alloc=1*2097152
[    0.228439] pcpu-alloc: [0] 0 1 2 3 4 5 6 7 
[    0.228454] Built 1 zonelists, mobility grouping on.  Total pages: 4097561
[    0.228455] Policy zone: Normal
[    0.228457] Kernel command line: BOOT_IMAGE=/vmlinuz-5.0.0-rc8+ root=/dev/mapper/im--mac-root ro resume=/dev/mapper/im--mac-swap rd.lvm.lv=im-mac/root rd.luks.uuid=luks-dd1fa933-ef9f-402b-a2e4-7c9d6fb7ce0d rd.lvm.lv=im-mac/swap rhgb quiet hid_apple.fnmode=2 hid_apple.iso_layout=0
[    0.274101] Memory: 15843868K/16650504K available (12291K kernel code, 1404K rwdata, 4032K rodata, 2156K init, 4936K bss, 806636K reserved, 0K cma-reserved)
[    0.274200] SLUB: HWalign=64, Order=0-3, MinObjects=0, CPUs=8, Nodes=1
[    0.274205] Kernel/User page tables isolation: enabled
[    0.274217] ftrace: allocating 38178 entries in 150 pages
[    0.286937] rcu: Hierarchical RCU implementation.
[    0.286938] rcu: 	RCU restricting CPUs from NR_CPUS=64 to nr_cpu_ids=8.
[    0.286939] rcu: RCU calculated value of scheduler-enlistment delay is 100 jiffies.
[    0.286939] rcu: Adjusting geometry for rcu_fanout_leaf=16, nr_cpu_ids=8
[    0.288799] NR_IRQS: 4352, nr_irqs: 488, preallocated irqs: 16
[    0.288922] rcu: 	Offload RCU callbacks from CPUs: (none).
[    0.288964] Console: colour dummy device 80x25
[    0.288969] printk: console [tty0] enabled
[    0.288981] ACPI: Core revision 20181213
[    0.289185] clocksource: hpet: mask: 0xffffffff max_cycles: 0xffffffff, max_idle_ns: 133484882848 ns
[    0.289193] hpet clockevent registered
[    0.289197] APIC: Switch to symmetric I/O mode setup
[    0.289198] DMAR: Host address width 39
[    0.289199] DMAR: DRHD base: 0x000000fed90000 flags: 0x0
[    0.289202] DMAR: dmar0: reg_base_addr fed90000 ver 1:0 cap c0000020660462 ecap f0101a
[    0.289202] DMAR: DRHD base: 0x000000fed91000 flags: 0x1
[    0.289204] DMAR: dmar1: reg_base_addr fed91000 ver 1:0 cap d2008c20660462 ecap f010da
[    0.289205] DMAR: RMRR base: 0x00000079800000 end: 0x0000007f9fffff
[    0.289208] DMAR-IR: IOAPIC id 2 under DRHD base  0xfed91000 IOMMU 1
[    0.289208] DMAR-IR: HPET id 0 under DRHD base 0xfed91000
[    0.289209] DMAR-IR: x2apic is disabled because BIOS sets x2apic opt out bit.
[    0.289209] DMAR-IR: Use 'intremap=no_x2apic_optout' to override the BIOS setting.
[    0.289650] DMAR-IR: Enabled IRQ remapping in xapic mode
[    0.289650] x2apic: IRQ remapping doesn't support X2APIC mode
[    0.290028] ..TIMER: vector=0x30 apic1=0 pin1=2 apic2=-1 pin2=-1
[    0.294202] clocksource: tsc-early: mask: 0xffffffffffffffff max_cycles: 0x1fa3248a9fa, max_idle_ns: 440795260498 ns
[    0.294212] Calibrating delay loop (skipped), value calculated using timer frequency.. 4389.67 BogoMIPS (lpj=2194836)
[    0.294213] pid_max: default: 32768 minimum: 301
[    0.308986] LSM: Security Framework initializing
[    0.308987] Yama: becoming mindful.
[    0.308991] SELinux:  Initializing.
[    0.311372] Dentry cache hash table entries: 2097152 (order: 12, 16777216 bytes)
[    0.312554] Inode-cache hash table entries: 1048576 (order: 11, 8388608 bytes)
[    0.312602] Mount-cache hash table entries: 32768 (order: 6, 262144 bytes)
[    0.312641] Mountpoint-cache hash table entries: 32768 (order: 6, 262144 bytes)
[    0.312816] ENERGY_PERF_BIAS: Set to 'normal', was 'performance'
[    0.312816] ENERGY_PERF_BIAS: View and update with x86_energy_perf_policy(8)
[    0.312821] mce: CPU supports 10 MCE banks
[    0.312830] mce: CPU0: Thermal monitoring enabled (TM1)
[    0.312842] process: using mwait in idle threads
[    0.312844] Last level iTLB entries: 4KB 1024, 2MB 1024, 4MB 1024
[    0.312845] Last level dTLB entries: 4KB 1024, 2MB 1024, 4MB 1024, 1GB 4
[    0.312846] Spectre V2 : Mitigation: Full generic retpoline
[    0.312847] Spectre V2 : Spectre v2 / SpectreRSB mitigation: Filling RSB on context switch
[    0.312847] Spectre V2 : Enabling Restricted Speculation for firmware calls
[    0.312854] Spectre V2 : mitigation: Enabling conditional Indirect Branch Prediction Barrier
[    0.312854] Spectre V2 : User space: Mitigation: STIBP via seccomp and prctl
[    0.312855] Speculative Store Bypass: Mitigation: Speculative Store Bypass disabled via prctl and seccomp
[    0.313020] Freeing SMP alternatives memory: 36K
[    0.314122] TSC deadline timer enabled
[    0.314125] smpboot: CPU0: Intel(R) Core(TM) i7-4770HQ CPU @ 2.20GHz (family: 0x6, model: 0x46, stepping: 0x1)
[    0.314194] Performance Events: PEBS fmt2+, Haswell events, 16-deep LBR, full-width counters, Intel PMU driver.
[    0.314204] ... version:                3
[    0.314204] ... bit width:              48
[    0.314204] ... generic registers:      4
[    0.314204] ... value mask:             0000ffffffffffff
[    0.314204] ... max period:             00007fffffffffff
[    0.314204] ... fixed-purpose events:   3
[    0.314204] ... event mask:             000000070000000f
[    0.314204] rcu: Hierarchical SRCU implementation.
[    0.314204] random: crng done (trusting CPU's manufacturer)
[    0.314204] NMI watchdog: Enabled. Permanently consumes one hw-PMU counter.
[    0.314239] smp: Bringing up secondary CPUs ...
[    0.314290] x86: Booting SMP configuration:
[    0.314291] .... node  #0, CPUs:      #1 #2 #3 #4 #5 #6 #7
[    0.363208] smp: Brought up 1 node, 8 CPUs
[    0.363209] smpboot: Max logical packages: 1
[    0.363210] smpboot: Total of 8 processors activated (35117.37 BogoMIPS)
[    0.364577] devtmpfs: initialized
[    0.364577] x86/mm: Memory block size: 128MB
[    0.365449] PM: Registering ACPI NVS region [mem 0x78d01000-0x78d48fff] (294912 bytes)
[    0.365449] clocksource: jiffies: mask: 0xffffffff max_cycles: 0xffffffff, max_idle_ns: 1911260446275000 ns
[    0.365449] futex hash table entries: 2048 (order: 5, 131072 bytes)
[    0.365449] pinctrl core: initialized pinctrl subsystem
[    0.365449] RTC time: 02:48:36, date: 2019-02-27
[    0.365539] NET: Registered protocol family 16
[    0.365625] audit: initializing netlink subsys (disabled)
[    0.365629] audit: type=2000 audit(1551235716.076:1): state=initialized audit_enabled=0 res=1
[    0.365629] cpuidle: using governor menu
[    0.365629] ACPI: bus type PCI registered
[    0.365629] acpiphp: ACPI Hot Plug PCI Controller Driver version: 0.5
[    0.365629] PCI: MMCONFIG for domain 0000 [bus 00-9b] at [mem 0xe0000000-0xe9bfffff] (base 0xe0000000)
[    0.365629] PCI: not using MMCONFIG
[    0.365629] PCI: Using configuration type 1 for base access
[    0.365629] core: PMU erratum BJ122, BV98, HSD29 worked around, HT is on
[    0.367236] HugeTLB registered 1.00 GiB page size, pre-allocated 0 pages
[    0.367236] HugeTLB registered 2.00 MiB page size, pre-allocated 0 pages
[    0.367236] cryptd: max_cpu_qlen set to 1000
[    0.367256] ACPI: Disabled all _OSI OS vendors
[    0.367257] ACPI: Added _OSI(Module Device)
[    0.367258] ACPI: Added _OSI(Processor Device)
[    0.367258] ACPI: Added _OSI(3.0 _SCP Extensions)
[    0.367259] ACPI: Added _OSI(Processor Aggregator Device)
[    0.367260] ACPI: Added _OSI(Linux-Dell-Video)
[    0.367260] ACPI: Added _OSI(Linux-Lenovo-NV-HDMI-Audio)
[    0.367261] ACPI: Added _OSI(Linux-HPI-Hybrid-Graphics)
[    0.367261] ACPI: Added _OSI(Darwin)
[    0.378167] ACPI: 10 ACPI AML tables successfully acquired and loaded
[    0.379204] ACPI: EC: EC started
[    0.379204] ACPI: EC: interrupt blocked
[    0.380909] ACPI: \: Used as first EC
[    0.380910] ACPI: \: GPE=0x17, EC_CMD/EC_SC=0x66, EC_DATA=0x62
[    0.380911] ACPI: \: Used as boot ECDT EC to handle transactions
[    0.382647] ACPI: BIOS _OSI(Darwin) query honored via DMI
[    0.383187] ACPI: [Firmware Bug]: BIOS _OSI(Linux) query ignored
[    0.383309] ACPI Error: Needed type [Reference], found [Integer] 000000008bb326ce (20181213/exresop-69)
[    0.383312] ACPI Error: AE_AML_OPERAND_TYPE, While resolving operands for [OpcodeName unavailable] (20181213/dswexec-427)
[    0.383314] ACPI Error: Method parse/execution failed \_PR.CPU0._PDC, AE_AML_OPERAND_TYPE (20181213/psparse-531)
[    0.383501] ACPI: Dynamic OEM Table Load:
[    0.383507] ACPI: SSDT 0xFFFF96802CF14000 00067C (v01 PmRef  ApIst    00003000 INTL 20140424)
[    0.383887] ACPI: Dynamic OEM Table Load:
[    0.383890] ACPI: SSDT 0xFFFF96802CB9EA00 000119 (v01 PmRef  ApCst    00003000 INTL 20140424)
[    0.384967] ACPI: Interpreter enabled
[    0.384983] ACPI: (supports S0 S3 S4 S5)
[    0.384983] ACPI: Using IOAPIC for interrupt routing
[    0.385001] PCI: MMCONFIG for domain 0000 [bus 00-9b] at [mem 0xe0000000-0xe9bfffff] (base 0xe0000000)
[    0.385397] PCI: MMCONFIG at [mem 0xe0000000-0xe9bfffff] reserved in ACPI motherboard resources
[    0.385405] PCI: Using host bridge windows from ACPI; if necessary, use "pci=nocrs" and report a bug
[    0.385591] ACPI: Enabled 7 GPEs in block 00 to 3F
[    0.393030] ACPI: PCI Root Bridge [PCI0] (domain 0000 [bus 00-ff])
[    0.393033] acpi PNP0A08:00: _OSC: OS assumes control of [PCIeHotplug SHPCHotplug AER PCIeCapability LTR]
[    0.393043] acpi PNP0A08:00: [Firmware Info]: MMCONFIG for domain 0000 [bus 00-9b] only partially covers this bridge
[    0.393246] PCI host bridge to bus 0000:00
[    0.393248] pci_bus 0000:00: root bus resource [io  0x0000-0x0cf7 window]
[    0.393249] pci_bus 0000:00: root bus resource [io  0x0d00-0xffff window]
[    0.393250] pci_bus 0000:00: root bus resource [mem 0x000a0000-0x000bffff window]
[    0.393251] pci_bus 0000:00: root bus resource [mem 0x000c0000-0x000c3fff window]
[    0.393252] pci_bus 0000:00: root bus resource [mem 0x000c4000-0x000c7fff window]
[    0.393253] pci_bus 0000:00: root bus resource [mem 0x000c8000-0x000cbfff window]
[    0.393254] pci_bus 0000:00: root bus resource [mem 0x000cc000-0x000cffff window]
[    0.393255] pci_bus 0000:00: root bus resource [mem 0x000d0000-0x000d3fff window]
[    0.393256] pci_bus 0000:00: root bus resource [mem 0x000d4000-0x000d7fff window]
[    0.393257] pci_bus 0000:00: root bus resource [mem 0x000d8000-0x000dbfff window]
[    0.393257] pci_bus 0000:00: root bus resource [mem 0x000dc000-0x000dffff window]
[    0.393258] pci_bus 0000:00: root bus resource [mem 0x000e0000-0x000e3fff window]
[    0.393259] pci_bus 0000:00: root bus resource [mem 0x000e4000-0x000e7fff window]
[    0.393260] pci_bus 0000:00: root bus resource [mem 0x000e8000-0x000ebfff window]
[    0.393261] pci_bus 0000:00: root bus resource [mem 0x000ec000-0x000effff window]
[    0.393262] pci_bus 0000:00: root bus resource [mem 0x000f0000-0x000fffff window]
[    0.393263] pci_bus 0000:00: root bus resource [mem 0x7fa00000-0xfeafffff window]
[    0.393264] pci_bus 0000:00: root bus resource [mem 0xfed40000-0xfed44fff window]
[    0.393265] pci_bus 0000:00: root bus resource [bus 00-ff]
[    0.393272] pci 0000:00:00.0: [8086:0d04] type 00 class 0x060000
[    0.393339] pci 0000:00:01.0: [8086:0d01] type 01 class 0x060400
[    0.393370] pci 0000:00:01.0: PME# supported from D0 D3hot D3cold
[    0.393415] pci 0000:00:01.1: [8086:0d05] type 01 class 0x060400
[    0.393442] pci 0000:00:01.1: PME# supported from D0 D3hot D3cold
[    0.393512] pci 0000:00:02.0: [8086:0d26] type 00 class 0x030000
[    0.393521] pci 0000:00:02.0: reg 0x10: [mem 0xa0000000-0xa03fffff 64bit]
[    0.393525] pci 0000:00:02.0: reg 0x18: [mem 0x90000000-0x9fffffff 64bit pref]
[    0.393529] pci 0000:00:02.0: reg 0x20: [io  0x3000-0x303f]
[    0.393537] pci 0000:00:02.0: BAR 2: assigned to efifb
[    0.393584] pci 0000:00:03.0: [8086:0d0c] type 00 class 0x040300
[    0.393591] pci 0000:00:03.0: reg 0x10: [mem 0xa0c10000-0xa0c13fff 64bit]
[    0.393670] pci 0000:00:14.0: [8086:8c31] type 00 class 0x0c0330
[    0.393688] pci 0000:00:14.0: reg 0x10: [mem 0xa0c00000-0xa0c0ffff 64bit]
[    0.393738] pci 0000:00:14.0: PME# supported from D3hot D3cold
[    0.393813] pci 0000:00:16.0: [8086:8c3a] type 00 class 0x078000
[    0.393832] pci 0000:00:16.0: reg 0x10: [mem 0xa0c19100-0xa0c1910f 64bit]
[    0.393884] pci 0000:00:16.0: PME# supported from D0 D3hot D3cold
[    0.393939] pci 0000:00:1b.0: [8086:8c20] type 00 class 0x040300
[    0.393956] pci 0000:00:1b.0: reg 0x10: [mem 0xa0c14000-0xa0c17fff 64bit]
[    0.394014] pci 0000:00:1b.0: PME# supported from D0 D3hot D3cold
[    0.394065] pci 0000:00:1c.0: [8086:8c10] type 01 class 0x060400
[    0.394106] pci 0000:00:1c.0: claimed MacBook Pro poweroff workaround [mem 0x7fa00000-0x7fbfffff]
[    0.394146] pci 0000:00:1c.0: PME# supported from D0 D3hot D3cold
[    0.394204] pci 0000:00:1c.2: [8086:8c14] type 01 class 0x060400
[    0.394274] pci 0000:00:1c.2: PME# supported from D0 D3hot D3cold
[    0.394331] pci 0000:00:1c.3: [8086:8c16] type 01 class 0x060400
[    0.394399] pci 0000:00:1c.3: PME# supported from D0 D3hot D3cold
[    0.394460] pci 0000:00:1f.0: [8086:8c4b] type 00 class 0x060100
[    0.394594] pci 0000:00:1f.3: [8086:8c22] type 00 class 0x0c0500
[    0.394609] pci 0000:00:1f.3: reg 0x10: [mem 0xa0c19000-0xa0c190ff 64bit]
[    0.394626] pci 0000:00:1f.3: reg 0x20: [io  0xefa0-0xefbf]
[    0.394684] pci 0000:00:1f.6: [8086:8c24] type 00 class 0x118000
[    0.394702] pci 0000:00:1f.6: reg 0x10: [mem 0xa0c18000-0xa0c18fff 64bit]
[    0.394847] pci 0000:01:00.0: [144d:a801] type 00 class 0x010601
[    0.394881] pci 0000:01:00.0: reg 0x24: [mem 0xa0b00000-0xa0b01fff]
[    0.395006] pci 0000:00:01.0: PCI bridge to [bus 01]
[    0.395008] pci 0000:00:01.0:   bridge window [mem 0xa0b00000-0xa0bfffff]
[    0.395053] pci 0000:05:00.0: [8086:156d] type 01 class 0x060400
[    0.395132] pci 0000:05:00.0: supports D1 D2
[    0.395133] pci 0000:05:00.0: PME# supported from D0 D1 D2 D3hot D3cold
[    0.395218] pci 0000:00:01.1: PCI bridge to [bus 05-9b]
[    0.395220] pci 0000:00:01.1:   bridge window [io  0x4000-0x6fff]
[    0.395222] pci 0000:00:01.1:   bridge window [mem 0xa0d00000-0xacdfffff]
[    0.395224] pci 0000:00:01.1:   bridge window [mem 0xace00000-0xb8dfffff 64bit pref]
[    0.395306] pci 0000:06:00.0: [8086:156d] type 01 class 0x060400
[    0.395394] pci 0000:06:00.0: supports D1 D2
[    0.395395] pci 0000:06:00.0: PME# supported from D0 D1 D2 D3hot D3cold
[    0.395456] pci 0000:06:03.0: [8086:156d] type 01 class 0x060400
[    0.395542] pci 0000:06:03.0: supports D1 D2
[    0.395543] pci 0000:06:03.0: PME# supported from D0 D1 D2 D3hot D3cold
[    0.395600] pci 0000:06:04.0: [8086:156d] type 01 class 0x060400
[    0.395686] pci 0000:06:04.0: supports D1 D2
[    0.395687] pci 0000:06:04.0: PME# supported from D0 D1 D2 D3hot D3cold
[    0.395745] pci 0000:06:05.0: [8086:156d] type 01 class 0x060400
[    0.395830] pci 0000:06:05.0: supports D1 D2
[    0.395831] pci 0000:06:05.0: PME# supported from D0 D1 D2 D3hot D3cold
[    0.395890] pci 0000:06:06.0: [8086:156d] type 01 class 0x060400
[    0.395975] pci 0000:06:06.0: supports D1 D2
[    0.395976] pci 0000:06:06.0: PME# supported from D0 D1 D2 D3hot D3cold
[    0.396044] pci 0000:05:00.0: PCI bridge to [bus 06-6b]
[    0.396048] pci 0000:05:00.0:   bridge window [io  0x4000-0x5fff]
[    0.396051] pci 0000:05:00.0:   bridge window [mem 0xa0d00000-0xa8dfffff]
[    0.396054] pci 0000:05:00.0:   bridge window [mem 0xace00000-0xb4dfffff 64bit pref]
[    0.396100] pci 0000:07:00.0: [8086:156c] type 00 class 0x088000
[    0.396124] pci 0000:07:00.0: reg 0x10: [mem 0xa0d00000-0xa0d3ffff]
[    0.396133] pci 0000:07:00.0: reg 0x14: [mem 0xa0d40000-0xa0d40fff]
[    0.396252] pci 0000:07:00.0: supports D1 D2
[    0.396253] pci 0000:07:00.0: PME# supported from D0 D1 D2 D3hot D3cold
[    0.396394] pci 0000:06:00.0: PCI bridge to [bus 07]
[    0.396399] pci 0000:06:00.0:   bridge window [mem 0xa0d00000-0xa0dfffff]
[    0.396453] pci 0000:06:03.0: PCI bridge to [bus 08-38]
[    0.396457] pci 0000:06:03.0:   bridge window [io  0x4000-0x4fff]
[    0.396459] pci 0000:06:03.0:   bridge window [mem 0xa0e00000-0xa4dfffff]
[    0.396463] pci 0000:06:03.0:   bridge window [mem 0xace00000-0xb0dfffff 64bit pref]
[    0.396512] pci 0000:06:04.0: PCI bridge to [bus 39]
[    0.396566] pci 0000:06:05.0: PCI bridge to [bus 3a-6a]
[    0.396570] pci 0000:06:05.0:   bridge window [io  0x5000-0x5fff]
[    0.396572] pci 0000:06:05.0:   bridge window [mem 0xa4e00000-0xa8dfffff]
[    0.396576] pci 0000:06:05.0:   bridge window [mem 0xb0e00000-0xb4dfffff 64bit pref]
[    0.396604] pci 0000:06:06.0: PCI bridge to [bus 6b]
[    0.396669] pci 0000:00:1c.0: PCI bridge to [bus 02]
[    0.396768] pci 0000:03:00.0: [14e4:43ba] type 00 class 0x028000
[    0.396833] pci 0000:03:00.0: reg 0x10: [mem 0xa0800000-0xa0807fff 64bit]
[    0.396860] pci 0000:03:00.0: reg 0x18: [mem 0xa0400000-0xa07fffff 64bit]
[    0.397065] pci 0000:03:00.0: supports D1 D2
[    0.397066] pci 0000:03:00.0: PME# supported from D0 D1 D2 D3hot D3cold
[    0.397281] pci 0000:00:1c.2: PCI bridge to [bus 03]
[    0.397286] pci 0000:00:1c.2:   bridge window [mem 0xa0400000-0xa08fffff]
[    0.397348] pci 0000:04:00.0: [14e4:1570] type 00 class 0x048000
[    0.397379] pci 0000:04:00.0: reg 0x10: [mem 0xa0a00000-0xa0a0ffff 64bit]
[    0.397394] pci 0000:04:00.0: reg 0x18: [mem 0x80000000-0x8fffffff 64bit pref]
[    0.397408] pci 0000:04:00.0: reg 0x20: [mem 0xa0900000-0xa09fffff 64bit]
[    0.397494] pci 0000:04:00.0: supports D1
[    0.397495] pci 0000:04:00.0: PME# supported from D0 D3hot
[    0.397602] pci 0000:00:1c.3: PCI bridge to [bus 04]
[    0.397606] pci 0000:00:1c.3:   bridge window [mem 0xa0900000-0xa0afffff]
[    0.397611] pci 0000:00:1c.3:   bridge window [mem 0x80000000-0x8fffffff 64bit pref]
[    0.398347] ACPI: PCI Interrupt Link [LNKA] (IRQs 1 3 4 5 6 7 10 12 14 15) *0, disabled.
[    0.398391] ACPI: PCI Interrupt Link [LNKB] (IRQs 1 3 4 5 6 7 11 12 14 15) *0, disabled.
[    0.398431] ACPI: PCI Interrupt Link [LNKC] (IRQs 1 3 4 5 6 7 10 12 14 15) *0, disabled.
[    0.398472] ACPI: PCI Interrupt Link [LNKD] (IRQs 1 3 4 5 6 7 11 12 14 15) *0, disabled.
[    0.398517] ACPI: PCI Interrupt Link [LNKE] (IRQs 1 3 4 5 6 7 10 12 14 15) *0, disabled.
[    0.398558] ACPI: PCI Interrupt Link [LNKF] (IRQs 1 3 4 5 6 7 11 12 14 15) *0, disabled.
[    0.398593] ACPI: PCI Interrupt Link [LNKG] (IRQs 1 3 4 5 6 7 10 12 14 15) *0, disabled.
[    0.398628] ACPI: PCI Interrupt Link [LNKH] (IRQs 1 3 4 5 6 7 11 12 14 15) *0, disabled.
[    0.398767] ACPI: EC: interrupt unblocked
[    0.398807] ACPI: EC: event unblocked
[    0.398811] ACPI: \_SB_.PCI0.LPCB.EC__: GPE=0x17, EC_CMD/EC_SC=0x66, EC_DATA=0x62
[    0.398812] ACPI: \_SB_.PCI0.LPCB.EC__: Used as boot DSDT EC to handle transactions and events
[    0.398856] pci 0000:00:02.0: vgaarb: setting as boot VGA device
[    0.398856] pci 0000:00:02.0: vgaarb: VGA device added: decodes=io+mem,owns=io+mem,locks=none
[    0.398856] pci 0000:00:02.0: vgaarb: bridge control possible
[    0.398856] vgaarb: loaded
[    0.398856] SCSI subsystem initialized
[    0.398856] libata version 3.00 loaded.
[    0.398856] ACPI: bus type USB registered
[    0.398856] usbcore: registered new interface driver usbfs
[    0.398856] usbcore: registered new interface driver hub
[    0.398856] usbcore: registered new device driver usb
[    0.398856] pps_core: LinuxPPS API ver. 1 registered
[    0.398856] pps_core: Software ver. 5.3.6 - Copyright 2005-2007 Rodolfo Giometti <giometti@linux.it>
[    0.398856] PTP clock support registered
[    0.398856] EDAC MC: Ver: 3.0.0
[    0.399226] Registered efivars operations
[    0.529140] PCI: Using ACPI for IRQ routing
[    0.531547] PCI: pci_cache_line_size set to 64 bytes
[    0.531679] e820: reserve RAM buffer [mem 0x00058000-0x0005ffff]
[    0.531680] e820: reserve RAM buffer [mem 0x66282710-0x67ffffff]
[    0.531681] e820: reserve RAM buffer [mem 0x78d01000-0x7bffffff]
[    0.531682] e820: reserve RAM buffer [mem 0x78d5d000-0x7bffffff]
[    0.531683] e820: reserve RAM buffer [mem 0x78e3a000-0x7bffffff]
[    0.531684] e820: reserve RAM buffer [mem 0x78ecc000-0x7bffffff]
[    0.531685] e820: reserve RAM buffer [mem 0x78f85000-0x7bffffff]
[    0.531686] e820: reserve RAM buffer [mem 0x79000000-0x7bffffff]
[    0.531687] e820: reserve RAM buffer [mem 0x47f600000-0x47fffffff]
[    0.532204] NetLabel: Initializing
[    0.532204] NetLabel:  domain hash size = 128
[    0.532204] NetLabel:  protocols = UNLABELED CIPSOv4 CALIPSO
[    0.532204] NetLabel:  unlabeled traffic allowed by default
[    0.532279] hpet0: at MMIO 0xfed00000, IRQs 2, 8, 0, 0, 0, 0, 0, 0
[    0.532282] hpet0: 8 comparators, 64-bit 14.318180 MHz counter
[    0.534220] clocksource: Switched to clocksource tsc-early
[    0.543778] VFS: Disk quotas dquot_6.6.0
[    0.543792] VFS: Dquot-cache hash table entries: 512 (order 0, 4096 bytes)
[    0.543840] pnp: PnP ACPI init
[    0.544496] system 00:00: [mem 0xfed00000-0xfed03fff] has been reserved
[    0.544501] system 00:00: Plug and Play ACPI device, IDs PNP0103 PNP0c01 (active)
[    0.544533] system 00:01: [io  0xffff] has been reserved
[    0.544534] system 00:01: [io  0x1800-0x187f] has been reserved
[    0.544536] system 00:01: [io  0x0800-0x087f] has been reserved
[    0.544539] system 00:01: Plug and Play ACPI device, IDs PNP0c02 (active)
[    0.544550] pnp 00:02: Plug and Play ACPI device, IDs PNP0b00 (active)
[    0.544594] pnp 00:03: Plug and Play ACPI device, IDs APP000b (active)
[    0.544692] system 00:04: [mem 0xfed1c000-0xfed1ffff] has been reserved
[    0.544693] system 00:04: [mem 0xfed10000-0xfed17fff] has been reserved
[    0.544694] system 00:04: [mem 0xfed18000-0xfed18fff] has been reserved
[    0.544695] system 00:04: [mem 0xfed19000-0xfed19fff] has been reserved
[    0.544697] system 00:04: [mem 0xe0000000-0xefffffff] could not be reserved
[    0.544698] system 00:04: [mem 0xfed20000-0xfed3ffff] has been reserved
[    0.544699] system 00:04: [mem 0xfed90000-0xfed93fff] could not be reserved
[    0.544700] system 00:04: [mem 0xfed45000-0xfed8ffff] has been reserved
[    0.544703] system 00:04: [mem 0xff000000-0xffffffff] could not be reserved
[    0.544704] system 00:04: [mem 0xfee00000-0xfeefffff] has been reserved
[    0.544706] system 00:04: Plug and Play ACPI device, IDs PNP0c02 (active)
[    0.544743] system 00:05: [mem 0x20000000-0x201fffff] could not be reserved
[    0.544744] system 00:05: [mem 0x40000000-0x401fffff] could not be reserved
[    0.544747] system 00:05: Plug and Play ACPI device, IDs PNP0c01 (active)
[    0.544855] pnp: PnP ACPI: found 6 devices
[    0.545677] pci 0000:07:00.0: assigning 8 device properties
[    0.545685] pci 0000:00:1b.0: assigning 4 device properties
[    0.545690] pci 0000:00:02.0: assigning 2 device properties
[    0.550261] clocksource: acpi_pm: mask: 0xffffff max_cycles: 0xffffff, max_idle_ns: 2085701024 ns
[    0.550294] pci 0000:06:00.0: bridge window [io  0x1000-0x0fff] to [bus 07] add_size 1000
[    0.550296] pci 0000:06:00.0: bridge window [mem 0x00100000-0x000fffff 64bit pref] to [bus 07] add_size 200000 add_align 100000
[    0.550307] pci 0000:06:04.0: bridge window [io  0x1000-0x0fff] to [bus 39] add_size 1000
[    0.550308] pci 0000:06:04.0: bridge window [mem 0x00100000-0x000fffff 64bit pref] to [bus 39] add_size 200000 add_align 100000
[    0.550310] pci 0000:06:04.0: bridge window [mem 0x00100000-0x000fffff] to [bus 39] add_size 200000 add_align 100000
[    0.550320] pci 0000:06:06.0: bridge window [io  0x1000-0x0fff] to [bus 6b] add_size 1000
[    0.550321] pci 0000:06:06.0: bridge window [mem 0x00100000-0x000fffff 64bit pref] to [bus 6b] add_size 200000 add_align 100000
[    0.550322] pci 0000:06:06.0: bridge window [mem 0x00100000-0x000fffff] to [bus 6b] add_size 200000 add_align 100000
[    0.550340] pci 0000:00:1c.0: bridge window [io  0x1000-0x0fff] to [bus 02] add_size 1000
[    0.550341] pci 0000:00:1c.0: bridge window [mem 0x00100000-0x000fffff 64bit pref] to [bus 02] add_size 200000 add_align 100000
[    0.550342] pci 0000:00:1c.0: bridge window [mem 0x00100000-0x000fffff] to [bus 02] add_size 200000 add_align 100000
[    0.550361] pci 0000:00:1c.0: BAR 14: assigned [mem 0x7fc00000-0x7fdfffff]
[    0.550368] pci 0000:00:1c.0: BAR 15: assigned [mem 0x7fe00000-0x7fffffff 64bit pref]
[    0.550370] pci 0000:00:1c.0: BAR 13: assigned [io  0x2000-0x2fff]
[    0.550372] pci 0000:00:01.0: PCI bridge to [bus 01]
[    0.550374] pci 0000:00:01.0:   bridge window [mem 0xa0b00000-0xa0bfffff]
[    0.550380] pci 0000:06:00.0: BAR 15: no space for [mem size 0x00200000 64bit pref]
[    0.550382] pci 0000:06:00.0: BAR 15: failed to assign [mem size 0x00200000 64bit pref]
[    0.550383] pci 0000:06:04.0: BAR 14: no space for [mem size 0x00200000]
[    0.550384] pci 0000:06:04.0: BAR 14: failed to assign [mem size 0x00200000]
[    0.550386] pci 0000:06:04.0: BAR 15: no space for [mem size 0x00200000 64bit pref]
[    0.550387] pci 0000:06:04.0: BAR 15: failed to assign [mem size 0x00200000 64bit pref]
[    0.550388] pci 0000:06:06.0: BAR 14: no space for [mem size 0x00200000]
[    0.550389] pci 0000:06:06.0: BAR 14: failed to assign [mem size 0x00200000]
[    0.550390] pci 0000:06:06.0: BAR 15: no space for [mem size 0x00200000 64bit pref]
[    0.550391] pci 0000:06:06.0: BAR 15: failed to assign [mem size 0x00200000 64bit pref]
[    0.550392] pci 0000:06:00.0: BAR 13: no space for [io  size 0x1000]
[    0.550393] pci 0000:06:00.0: BAR 13: failed to assign [io  size 0x1000]
[    0.550394] pci 0000:06:04.0: BAR 13: no space for [io  size 0x1000]
[    0.550395] pci 0000:06:04.0: BAR 13: failed to assign [io  size 0x1000]
[    0.550396] pci 0000:06:06.0: BAR 13: no space for [io  size 0x1000]
[    0.550397] pci 0000:06:06.0: BAR 13: failed to assign [io  size 0x1000]
[    0.550399] pci 0000:06:06.0: BAR 14: no space for [mem size 0x00200000]
[    0.550400] pci 0000:06:06.0: BAR 14: failed to assign [mem size 0x00200000]
[    0.550401] pci 0000:06:06.0: BAR 15: no space for [mem size 0x00200000 64bit pref]
[    0.550402] pci 0000:06:06.0: BAR 15: failed to assign [mem size 0x00200000 64bit pref]
[    0.550403] pci 0000:06:06.0: BAR 13: no space for [io  size 0x1000]
[    0.550404] pci 0000:06:06.0: BAR 13: failed to assign [io  size 0x1000]
[    0.550405] pci 0000:06:04.0: BAR 14: no space for [mem size 0x00200000]
[    0.550406] pci 0000:06:04.0: BAR 14: failed to assign [mem size 0x00200000]
[    0.550408] pci 0000:06:04.0: BAR 15: no space for [mem size 0x00200000 64bit pref]
[    0.550409] pci 0000:06:04.0: BAR 15: failed to assign [mem size 0x00200000 64bit pref]
[    0.550410] pci 0000:06:04.0: BAR 13: no space for [io  size 0x1000]
[    0.550411] pci 0000:06:04.0: BAR 13: failed to assign [io  size 0x1000]
[    0.550413] pci 0000:06:00.0: BAR 15: no space for [mem size 0x00200000 64bit pref]
[    0.550413] pci 0000:06:00.0: BAR 15: failed to assign [mem size 0x00200000 64bit pref]
[    0.550414] pci 0000:06:00.0: BAR 13: no space for [io  size 0x1000]
[    0.550415] pci 0000:06:00.0: BAR 13: failed to assign [io  size 0x1000]
[    0.550417] pci 0000:06:00.0: PCI bridge to [bus 07]
[    0.550420] pci 0000:06:00.0:   bridge window [mem 0xa0d00000-0xa0dfffff]
[    0.550426] pci 0000:06:03.0: PCI bridge to [bus 08-38]
[    0.550427] pci 0000:06:03.0:   bridge window [io  0x4000-0x4fff]
[    0.550431] pci 0000:06:03.0:   bridge window [mem 0xa0e00000-0xa4dfffff]
[    0.550433] pci 0000:06:03.0:   bridge window [mem 0xace00000-0xb0dfffff 64bit pref]
[    0.550437] pci 0000:06:04.0: PCI bridge to [bus 39]
[    0.550445] pci 0000:06:05.0: PCI bridge to [bus 3a-6a]
[    0.550447] pci 0000:06:05.0:   bridge window [io  0x5000-0x5fff]
[    0.550450] pci 0000:06:05.0:   bridge window [mem 0xa4e00000-0xa8dfffff]
[    0.550453] pci 0000:06:05.0:   bridge window [mem 0xb0e00000-0xb4dfffff 64bit pref]
[    0.550457] pci 0000:06:06.0: PCI bridge to [bus 6b]
[    0.550465] pci 0000:05:00.0: PCI bridge to [bus 06-6b]
[    0.550466] pci 0000:05:00.0:   bridge window [io  0x4000-0x5fff]
[    0.550470] pci 0000:05:00.0:   bridge window [mem 0xa0d00000-0xa8dfffff]
[    0.550472] pci 0000:05:00.0:   bridge window [mem 0xace00000-0xb4dfffff 64bit pref]
[    0.550476] pci 0000:00:01.1: PCI bridge to [bus 05-9b]
[    0.550477] pci 0000:00:01.1:   bridge window [io  0x4000-0x6fff]
[    0.550479] pci 0000:00:01.1:   bridge window [mem 0xa0d00000-0xacdfffff]
[    0.550481] pci 0000:00:01.1:   bridge window [mem 0xace00000-0xb8dfffff 64bit pref]
[    0.550483] pci 0000:00:1c.0: PCI bridge to [bus 02]
[    0.550491] pci 0000:00:1c.0:   bridge window [io  0x2000-0x2fff]
[    0.550495] pci 0000:00:1c.0:   bridge window [mem 0x7fc00000-0x7fdfffff]
[    0.550498] pci 0000:00:1c.0:   bridge window [mem 0x7fe00000-0x7fffffff 64bit pref]
[    0.550503] pci 0000:00:1c.2: PCI bridge to [bus 03]
[    0.550507] pci 0000:00:1c.2:   bridge window [mem 0xa0400000-0xa08fffff]
[    0.550514] pci 0000:00:1c.3: PCI bridge to [bus 04]
[    0.550518] pci 0000:00:1c.3:   bridge window [mem 0xa0900000-0xa0afffff]
[    0.550521] pci 0000:00:1c.3:   bridge window [mem 0x80000000-0x8fffffff 64bit pref]
[    0.550528] pci_bus 0000:00: resource 4 [io  0x0000-0x0cf7 window]
[    0.550529] pci_bus 0000:00: resource 5 [io  0x0d00-0xffff window]
[    0.550530] pci_bus 0000:00: resource 6 [mem 0x000a0000-0x000bffff window]
[    0.550531] pci_bus 0000:00: resource 7 [mem 0x000c0000-0x000c3fff window]
[    0.550532] pci_bus 0000:00: resource 8 [mem 0x000c4000-0x000c7fff window]
[    0.550533] pci_bus 0000:00: resource 9 [mem 0x000c8000-0x000cbfff window]
[    0.550534] pci_bus 0000:00: resource 10 [mem 0x000cc000-0x000cffff window]
[    0.550535] pci_bus 0000:00: resource 11 [mem 0x000d0000-0x000d3fff window]
[    0.550536] pci_bus 0000:00: resource 12 [mem 0x000d4000-0x000d7fff window]
[    0.550536] pci_bus 0000:00: resource 13 [mem 0x000d8000-0x000dbfff window]
[    0.550537] pci_bus 0000:00: resource 14 [mem 0x000dc000-0x000dffff window]
[    0.550538] pci_bus 0000:00: resource 15 [mem 0x000e0000-0x000e3fff window]
[    0.550539] pci_bus 0000:00: resource 16 [mem 0x000e4000-0x000e7fff window]
[    0.550540] pci_bus 0000:00: resource 17 [mem 0x000e8000-0x000ebfff window]
[    0.550541] pci_bus 0000:00: resource 18 [mem 0x000ec000-0x000effff window]
[    0.550542] pci_bus 0000:00: resource 19 [mem 0x000f0000-0x000fffff window]
[    0.550543] pci_bus 0000:00: resource 20 [mem 0x7fa00000-0xfeafffff window]
[    0.550544] pci_bus 0000:00: resource 21 [mem 0xfed40000-0xfed44fff window]
[    0.550545] pci_bus 0000:01: resource 1 [mem 0xa0b00000-0xa0bfffff]
[    0.550546] pci_bus 0000:05: resource 0 [io  0x4000-0x6fff]
[    0.550547] pci_bus 0000:05: resource 1 [mem 0xa0d00000-0xacdfffff]
[    0.550548] pci_bus 0000:05: resource 2 [mem 0xace00000-0xb8dfffff 64bit pref]
[    0.550549] pci_bus 0000:06: resource 0 [io  0x4000-0x5fff]
[    0.550550] pci_bus 0000:06: resource 1 [mem 0xa0d00000-0xa8dfffff]
[    0.550551] pci_bus 0000:06: resource 2 [mem 0xace00000-0xb4dfffff 64bit pref]
[    0.550552] pci_bus 0000:07: resource 1 [mem 0xa0d00000-0xa0dfffff]
[    0.550553] pci_bus 0000:08: resource 0 [io  0x4000-0x4fff]
[    0.550554] pci_bus 0000:08: resource 1 [mem 0xa0e00000-0xa4dfffff]
[    0.550555] pci_bus 0000:08: resource 2 [mem 0xace00000-0xb0dfffff 64bit pref]
[    0.550556] pci_bus 0000:3a: resource 0 [io  0x5000-0x5fff]
[    0.550557] pci_bus 0000:3a: resource 1 [mem 0xa4e00000-0xa8dfffff]
[    0.550558] pci_bus 0000:3a: resource 2 [mem 0xb0e00000-0xb4dfffff 64bit pref]
[    0.550559] pci_bus 0000:02: resource 0 [io  0x2000-0x2fff]
[    0.550560] pci_bus 0000:02: resource 1 [mem 0x7fc00000-0x7fdfffff]
[    0.550561] pci_bus 0000:02: resource 2 [mem 0x7fe00000-0x7fffffff 64bit pref]
[    0.550562] pci_bus 0000:03: resource 1 [mem 0xa0400000-0xa08fffff]
[    0.550563] pci_bus 0000:04: resource 1 [mem 0xa0900000-0xa0afffff]
[    0.550564] pci_bus 0000:04: resource 2 [mem 0x80000000-0x8fffffff 64bit pref]
[    0.550664] NET: Registered protocol family 2
[    0.550775] tcp_listen_portaddr_hash hash table entries: 8192 (order: 5, 131072 bytes)
[    0.550821] TCP established hash table entries: 131072 (order: 8, 1048576 bytes)
[    0.550967] TCP bind hash table entries: 65536 (order: 8, 1048576 bytes)
[    0.551083] TCP: Hash tables configured (established 131072 bind 65536)
[    0.551111] UDP hash table entries: 8192 (order: 6, 262144 bytes)
[    0.551150] UDP-Lite hash table entries: 8192 (order: 6, 262144 bytes)
[    0.551217] NET: Registered protocol family 1
[    0.551221] NET: Registered protocol family 44
[    0.551229] pci 0000:00:02.0: Video device with shadowed ROM at [mem 0x000c0000-0x000dffff]
[    0.551451] PCI: CLS 256 bytes, default 64
[    0.551477] Unpacking initramfs...
[    1.704047] Freeing initrd memory: 92884K
[    1.709251] PCI-DMA: Using software bounce buffering for IO (SWIOTLB)
[    1.709254] software IO TLB: mapped [mem 0x5f070000-0x63070000] (64MB)
[    1.712253] Initialise system trusted keyrings
[    1.712260] Key type blacklist registered
[    1.712279] workingset: timestamp_bits=36 max_order=22 bucket_order=0
[    1.713151] zbud: loaded
[    1.843808] alg: No test for 842 (842-generic)
[    1.844388] alg: No test for 842 (842-scomp)
[    1.866382] NET: Registered protocol family 38
[    1.866384] Key type asymmetric registered
[    1.866385] Asymmetric key parser 'x509' registered
[    1.866396] Block layer SCSI generic (bsg) driver version 0.4 loaded (major 243)
[    1.866422] io scheduler mq-deadline registered
[    1.866479] atomic64_test: passed for x86-64 platform with CX8 and with SSE
[    1.866862] pciehp 0000:00:1c.0:pcie004: Slot #0 AttnBtn- PwrCtrl- MRL- AttnInd- PwrInd- HotPlug+ Surprise+ Interlock- NoCompl+ LLActRep+
[    1.867389] pciehp 0000:06:00.0:pcie204: Slot #0 AttnBtn- PwrCtrl- MRL- AttnInd- PwrInd- HotPlug+ Surprise+ Interlock- NoCompl+ LLActRep+
[    1.867567] pciehp 0000:06:03.0:pcie204: Slot #3 AttnBtn- PwrCtrl- MRL- AttnInd- PwrInd- HotPlug+ Surprise+ Interlock- NoCompl+ LLActRep+
[    1.867738] pciehp 0000:06:04.0:pcie204: Slot #4 AttnBtn- PwrCtrl- MRL- AttnInd- PwrInd- HotPlug+ Surprise+ Interlock- NoCompl+ LLActRep+
[    1.867912] pciehp 0000:06:05.0:pcie204: Slot #5 AttnBtn- PwrCtrl- MRL- AttnInd- PwrInd- HotPlug+ Surprise+ Interlock- NoCompl+ LLActRep+
[    1.868087] pciehp 0000:06:06.0:pcie204: Slot #6 AttnBtn- PwrCtrl- MRL- AttnInd- PwrInd- HotPlug+ Surprise+ Interlock- NoCompl+ LLActRep+
[    1.868183] shpchp: Standard Hot Plug PCI Controller Driver version: 0.4
[    1.868199] efifb: probing for efifb
[    1.868216] efifb: No BGRT, not showing boot graphics
[    1.868217] efifb: framebuffer at 0x90000000, using 20700k, total 20700k
[    1.868218] efifb: mode is 2880x1800x32, linelength=11776, pages=1
[    1.868218] efifb: scrolling: redraw
[    1.868219] efifb: Truecolor: size=8:8:8:8, shift=24:16:8:0
[    1.868250] fbcon: Deferring console take-over
[    1.868251] fb0: EFI VGA frame buffer device
[    1.868256] intel_idle: MWAIT substates: 0x42120
[    1.868257] intel_idle: v0.4.1 model 0x46
[    1.868481] intel_idle: lapic_timer_reliable_states 0xffffffff
[    1.868585] ACPI: AC Adapter [ADP1] (on-line)
[    1.868628] input: Lid Switch as /devices/LNXSYSTM:00/LNXSYBUS:00/PNP0C0D:00/input/input0
[    1.868657] ACPI: Lid Switch [LID0]
[    1.868690] input: Power Button as /devices/LNXSYSTM:00/LNXSYBUS:00/PNP0C0C:00/input/input1
[    1.868696] ACPI: Power Button [PWRB]
[    1.868715] input: Sleep Button as /devices/LNXSYSTM:00/LNXSYBUS:00/PNP0C0E:00/input/input2
[    1.868719] ACPI: Sleep Button [SLPB]
[    1.868737] input: Power Button as /devices/LNXSYSTM:00/LNXPWRBN:00/input/input3
[    1.868747] ACPI: Power Button [PWRF]
[    1.869552] Serial: 8250/16550 driver, 32 ports, IRQ sharing enabled
[    1.870894] Non-volatile memory driver v1.3
[    1.870916] Linux agpgart interface v0.103
[    1.871598] ahci 0000:01:00.0: version 3.0
[    1.902256] ahci 0000:01:00.0: AHCI 0001.0300 32 slots 1 ports 6 Gbps 0x1 impl SATA mode
[    1.902260] ahci 0000:01:00.0: flags: 64bit ncq led clo only pio ccc 
[    1.902671] scsi host0: ahci
[    1.902763] ata1: SATA max UDMA/133 abar m8192@0xa0b00000 port 0xa0b00100 irq 33
[    1.902851] libphy: Fixed MDIO Bus: probed
[    1.902994] ehci_hcd: USB 2.0 'Enhanced' Host Controller (EHCI) Driver
[    1.902999] ehci-pci: EHCI PCI platform driver
[    1.903015] ohci_hcd: USB 1.1 'Open' Host Controller (OHCI) Driver
[    1.903017] ohci-pci: OHCI PCI platform driver
[    1.903027] uhci_hcd: USB Universal Host Controller Interface driver
[    1.903204] xhci_hcd 0000:00:14.0: xHCI Host Controller
[    1.903336] xhci_hcd 0000:00:14.0: new USB bus registered, assigned bus number 1
[    1.904416] xhci_hcd 0000:00:14.0: hcc params 0x200077c1 hci version 0x100 quirks 0x0000000000009810
[    1.904421] xhci_hcd 0000:00:14.0: cache line size of 256 is not supported
[    1.904614] usb usb1: New USB device found, idVendor=1d6b, idProduct=0002, bcdDevice= 5.00
[    1.904615] usb usb1: New USB device strings: Mfr=3, Product=2, SerialNumber=1
[    1.904617] usb usb1: Product: xHCI Host Controller
[    1.904618] usb usb1: Manufacturer: Linux 5.0.0-rc8+ xhci-hcd
[    1.904619] usb usb1: SerialNumber: 0000:00:14.0
[    1.904814] hub 1-0:1.0: USB hub found
[    1.904835] hub 1-0:1.0: 14 ports detected
[    1.905142] xhci_hcd 0000:00:14.0: xHCI Host Controller
[    1.905183] xhci_hcd 0000:00:14.0: new USB bus registered, assigned bus number 2
[    1.905185] xhci_hcd 0000:00:14.0: Host supports USB 3.0  SuperSpeed
[    1.905238] usb usb2: New USB device found, idVendor=1d6b, idProduct=0003, bcdDevice= 5.00
[    1.905239] usb usb2: New USB device strings: Mfr=3, Product=2, SerialNumber=1
[    1.905240] usb usb2: Product: xHCI Host Controller
[    1.905241] usb usb2: Manufacturer: Linux 5.0.0-rc8+ xhci-hcd
[    1.905243] usb usb2: SerialNumber: 0000:00:14.0
[    1.905329] hub 2-0:1.0: USB hub found
[    1.905346] hub 2-0:1.0: 6 ports detected
[    1.905379] usb: port power management may be unreliable
[    1.905512] usbcore: registered new interface driver usbserial_generic
[    1.905516] usbserial: USB Serial support registered for generic
[    1.905533] i8042: PNP: No PS/2 controller found.
[    1.905578] mousedev: PS/2 mouse device common for all mice
[    1.905731] rtc_cmos 00:02: RTC can wake from S4
[    1.905870] rtc_cmos 00:02: registered as rtc0
[    1.905871] rtc_cmos 00:02: alarms up to one month, y3k, 242 bytes nvram, hpet irqs
[    1.905931] device-mapper: uevent: version 1.0.3
[    1.905969] device-mapper: ioctl: 4.39.0-ioctl (2018-04-03) initialised: dm-devel@redhat.com
[    1.906014] intel_pstate: Intel P-state driver initializing
[    1.906495] hidraw: raw HID events driver (C) Jiri Kosina
[    1.906575] usbcore: registered new interface driver usbhid
[    1.906577] usbhid: USB HID core driver
[    1.906854] drop_monitor: Initializing network drop monitor service
[    1.907154] Initializing XFRM netlink socket
[    1.907462] NET: Registered protocol family 10
[    1.916636] Segment Routing with IPv6
[    1.916690] mip6: Mobile IPv6
[    1.916695] NET: Registered protocol family 17
[    1.918291] RAS: Correctable Errors collector initialized.
[    1.918353] microcode: sig=0x40661, pf=0x20, revision=0x1a
[    1.918693] microcode: Microcode Update Driver: v2.2.
[    1.918715] AVX2 version of gcm_enc/dec engaged.
[    1.918716] AES CTR mode by8 optimization enabled
[    1.955005] sched_clock: Marking stable (1954739176, 255059)->(2038976645, -83982410)
[    1.955266] registered taskstats version 1
[    1.955276] Loading compiled-in X.509 certificates
[    1.985501] Loaded X.509 cert 'Build time autogenerated kernel key: 307e4e8a55fe74f83f10b61aeadbf24a5fc6325b'
[    1.985527] zswap: loaded using pool lzo/zbud
[    1.991352] Key type big_key registered
[    1.993491] Key type encrypted registered
[    1.993498] ima: No TPM chip found, activating TPM-bypass!
[    1.993504] ima: Allocated hash algorithm: sha1
[    1.993508] No architecture policies found
[    1.994009]   Magic number: 7:2:815
[    1.994126] rtc_cmos 00:02: setting system clock to 2019-02-27T02:48:37 UTC (1551235717)
[    2.227292] usb 1-8: new full-speed USB device number 2 using xhci_hcd
[    2.232116] ata1: SATA link up 6.0 Gbps (SStatus 133 SControl 300)
[    2.234166] ata1.00: unexpected _GTF length (8)
[    2.234439] ata1.00: ATA-8: APPLE SSD SM0256G, BXW1SA0Q, max UDMA/133
[    2.234443] ata1.00: 490234752 sectors, multi 16: LBA48 NCQ (depth 32), AA
[    2.234979] ata1.00: unexpected _GTF length (8)
[    2.235254] ata1.00: configured for UDMA/133
[    2.235560] scsi 0:0:0:0: Direct-Access     ATA      APPLE SSD SM0256 SA0Q PQ: 0 ANSI: 5
[    2.235850] sd 0:0:0:0: Attached scsi generic sg0 type 0
[    2.235969] sd 0:0:0:0: [sda] 490234752 512-byte logical blocks: (251 GB/234 GiB)
[    2.235972] sd 0:0:0:0: [sda] 4096-byte physical blocks
[    2.235992] sd 0:0:0:0: [sda] Write Protect is off
[    2.235995] sd 0:0:0:0: [sda] Mode Sense: 00 3a 00 00
[    2.236030] sd 0:0:0:0: [sda] Write cache: enabled, read cache: enabled, doesn't support DPO or FUA
[    2.237678]  sda: sda1 sda2 sda3 sda4
[    2.238366] sd 0:0:0:0: [sda] Attached SCSI disk
[    2.239353] Freeing unused decrypted memory: 2040K
[    2.239671] Freeing unused kernel image memory: 2156K
[    2.249316] Write protecting the kernel read-only data: 18432k
[    2.249997] Freeing unused kernel image memory: 2020K
[    2.250120] Freeing unused kernel image memory: 64K
[    2.262939] x86/mm: Checked W+X mappings: passed, no W+X pages found.
[    2.262943] rodata_test: all tests were successful
[    2.262943] x86/mm: Checking user space page tables
[    2.269595] x86/mm: Checked W+X mappings: passed, no W+X pages found.
[    2.269598] Run /init as init process
[    2.355092] usb 1-8: New USB device found, idVendor=05ac, idProduct=8290, bcdDevice= 1.61
[    2.355093] usb 1-8: New USB device strings: Mfr=1, Product=2, SerialNumber=0
[    2.355094] usb 1-8: Product: Bluetooth USB Host Controller
[    2.355095] usb 1-8: Manufacturer: Broadcom Corp.
[    2.357965] input: Broadcom Corp. Bluetooth USB Host Controller as /devices/pci0000:00/0000:00:14.0/usb1/1-8/1-8:1.0/0003:05AC:8290.0001/input/input4
[    2.409447] hid-generic 0003:05AC:8290.0001: input,hidraw0: USB HID v1.11 Keyboard [Broadcom Corp. Bluetooth USB Host Controller] on usb-0000:00:14.0-8/input0
[    2.409883] input: Broadcom Corp. Bluetooth USB Host Controller as /devices/pci0000:00/0000:00:14.0/usb1/1-8/1-8:1.1/0003:05AC:8290.0002/input/input5
[    2.410154] hid-generic 0003:05AC:8290.0002: input,hidraw1: USB HID v1.11 Mouse [Broadcom Corp. Bluetooth USB Host Controller] on usb-0000:00:14.0-8/input1
[    2.467377] usb 2-4: new SuperSpeed Gen 1 USB device number 2 using xhci_hcd
[    2.481288] usb 2-4: New USB device found, idVendor=05ac, idProduct=8406, bcdDevice= 8.20
[    2.481289] usb 2-4: New USB device strings: Mfr=3, Product=4, SerialNumber=5
[    2.481290] usb 2-4: Product: Card Reader
[    2.481291] usb 2-4: Manufacturer: Apple
[    2.481292] usb 2-4: SerialNumber: 000000000820
[    2.529158] systemd[1]: systemd 239 running in system mode. (+PAM +AUDIT +SELINUX +IMA -APPARMOR +SMACK +SYSVINIT +UTMP +LIBCRYPTSETUP +GCRYPT +GNUTLS +ACL +XZ +LZ4 +SECCOMP +BLKID +ELFUTILS +KMOD +IDN2 -IDN +PCRE2 default-hierarchy=hybrid)
[    2.541355] systemd[1]: Detected architecture x86-64.
[    2.541359] systemd[1]: Running in initial RAM disk.
[    2.544198] systemd[1]: Set hostname to <im-mac>.
[    2.593247] usb 1-12: new full-speed USB device number 3 using xhci_hcd
[    2.596484] systemd[1]: Listening on udev Control Socket.
[    2.596525] systemd[1]: Reached target Swap.
[    2.596603] systemd[1]: Listening on Journal Socket.
[    2.596664] systemd[1]: Listening on udev Kernel Socket.
[    2.597918] systemd[1]: Starting Apply Kernel Variables...
[    2.597989] systemd[1]: Listening on Journal Socket (/dev/log).
[    2.645578] audit: type=1130 audit(1551235718.151:2): pid=1 uid=0 auid=4294967295 ses=4294967295 subj=kernel msg='unit=systemd-journald comm="systemd" exe="/usr/lib/systemd/systemd" hostname=? addr=? terminal=? res=success'
[    2.646831] audit: type=1130 audit(1551235718.152:3): pid=1 uid=0 auid=4294967295 ses=4294967295 subj=kernel msg='unit=systemd-vconsole-setup comm="systemd" exe="/usr/lib/systemd/systemd" hostname=? addr=? terminal=? res=success'
[    2.646833] audit: type=1131 audit(1551235718.152:4): pid=1 uid=0 auid=4294967295 ses=4294967295 subj=kernel msg='unit=systemd-vconsole-setup comm="systemd" exe="/usr/lib/systemd/systemd" hostname=? addr=? terminal=? res=success'
[    2.720982] usb 1-12: New USB device found, idVendor=05ac, idProduct=0274, bcdDevice= 6.24
[    2.720986] usb 1-12: New USB device strings: Mfr=1, Product=2, SerialNumber=3
[    2.720988] usb 1-12: Product: Apple Internal Keyboard / Trackpad
[    2.720991] usb 1-12: Manufacturer: Apple Inc.
[    2.720993] usb 1-12: SerialNumber: D3H61830CG1FTV4A16PF
[    2.754249] tsc: Refined TSC clocksource calibration: 2194.903 MHz
[    2.754257] clocksource: tsc: mask: 0xffffffffffffffff max_cycles: 0x1fa36414070, max_idle_ns: 440795290854 ns
[    2.754283] clocksource: Switched to clocksource tsc
[    2.820233] audit: type=1130 audit(1551235718.324:5): pid=1 uid=0 auid=4294967295 ses=4294967295 subj=kernel msg='unit=dracut-cmdline comm="systemd" exe="/usr/lib/systemd/systemd" hostname=? addr=? terminal=? res=success'
[    2.850348] audit: type=1130 audit(1551235718.355:6): pid=1 uid=0 auid=4294967295 ses=4294967295 subj=kernel msg='unit=dracut-pre-udev comm="systemd" exe="/usr/lib/systemd/systemd" hostname=? addr=? terminal=? res=success'
[    2.869874] audit: type=1130 audit(1551235718.374:7): pid=1 uid=0 auid=4294967295 ses=4294967295 subj=kernel msg='unit=systemd-udevd comm="systemd" exe="/usr/lib/systemd/systemd" hostname=? addr=? terminal=? res=success'
[    2.874581] apple 0003:05AC:0274.0003: hiddev96,hidraw2: USB HID v1.10 Device [Apple Inc. Apple Internal Keyboard / Trackpad] on usb-0000:00:14.0-12/input0
[    2.874789] input: Apple Inc. Apple Internal Keyboard / Trackpad as /devices/pci0000:00/0000:00:14.0/usb1/1-12/1-12:1.1/0003:05AC:0274.0004/input/input6
[    2.926464] apple 0003:05AC:0274.0004: input,hiddev97,hidraw3: USB HID v1.10 Keyboard [Apple Inc. Apple Internal Keyboard / Trackpad] on usb-0000:00:14.0-12/input1
[    2.926601] apple 0003:05AC:0274.0005: hiddev98,hidraw4: USB HID v1.10 Device [Apple Inc. Apple Internal Keyboard / Trackpad] on usb-0000:00:14.0-12/input3
[    2.926709] apple 0003:05AC:0274.0006: hiddev99,hidraw5: USB HID v1.10 Device [Apple Inc. Apple Internal Keyboard / Trackpad] on usb-0000:00:14.0-12/input4
[    2.930510] audit: type=1130 audit(1551235718.435:8): pid=1 uid=0 auid=4294967295 ses=4294967295 subj=kernel msg='unit=systemd-udev-trigger comm="systemd" exe="/usr/lib/systemd/systemd" hostname=? addr=? terminal=? res=success'
[    2.947309] audit: type=1130 audit(1551235718.452:9): pid=1 uid=0 auid=4294967295 ses=4294967295 subj=kernel msg='unit=plymouth-start comm="systemd" exe="/usr/lib/systemd/systemd" hostname=? addr=? terminal=? res=success'
[    2.972891] usb-storage 2-4:1.0: USB Mass Storage device detected
[    2.976224] scsi host1: usb-storage 2-4:1.0
[    2.976320] usbcore: registered new interface driver usb-storage
[    2.983466] usbcore: registered new interface driver uas
[    3.119963] audit: type=1130 audit(1551235718.624:10): pid=1 uid=0 auid=4294967295 ses=4294967295 subj=kernel msg='unit=systemd-ask-password-plymouth comm="systemd" exe="/usr/lib/systemd/systemd" hostname=? addr=? terminal=? res=success'
[    3.221955] VFIO - User Level meta-driver version: 0.3
[    3.798463] [drm] Found 128MB of eDRAM
[    3.798602] checking generic (90000000 1437000) vs hw (90000000 10000000)
[    3.798603] fb0: switching to inteldrmfb from EFI VGA
[    3.798681] [drm] Replacing VGA console driver
[    3.799138] [drm] Supports vblank timestamp caching Rev 2 (21.10.2013).
[    3.799138] [drm] Driver supports precise vblank timestamp query.
[    3.799176] i915 0000:00:02.0: vgaarb: changed VGA decodes: olddecodes=io+mem,decodes=io+mem:owns=io+mem
[    3.816158] [drm] Initialized i915 1.6.0 20181204 for 0000:00:02.0 on minor 0
[    3.817055] ACPI: Video Device [IGPU] (multi-head: yes  rom: no  post: no)
[    3.817629] acpi device:57: registered as cooling_device8
[    3.817703] input: Video Bus as /devices/LNXSYSTM:00/LNXSYBUS:00/PNP0A08:00/LNXVIDEO:00/input/input7
[    3.824062] fbcon: inteldrmfb (fb0) is primary device
[    3.824063] fbcon: Deferring console take-over
[    3.824067] i915 0000:00:02.0: fb0: inteldrmfb frame buffer device
[    4.035721] scsi 1:0:0:0: Direct-Access     APPLE    SD Card Reader   3.00 PQ: 0 ANSI: 6
[    4.036082] sd 1:0:0:0: Attached scsi generic sg1 type 0
[    4.037263] sd 1:0:0:0: [sdb] Attached SCSI removable disk
[   11.042999] device-mapper: crypt: xts(aes) using implementation "xts-aes-aesni"
[   11.096101] kauditd_printk_skb: 2 callbacks suppressed
[   11.096102] audit: type=1130 audit(1551235726.600:13): pid=1 uid=0 auid=4294967295 ses=4294967295 subj=kernel msg='unit=systemd-cryptsetup@luks\x2ddd1fa933\x2def9f\x2d402b\x2da2e4\x2d7c9d6fb7ce0d comm="systemd" exe="/usr/lib/systemd/systemd" hostname=? addr=? terminal=? res=success'
[   11.436328] PM: Image not found (code -22)
[   11.437297] audit: type=1130 audit(1551235726.942:14): pid=1 uid=0 auid=4294967295 ses=4294967295 subj=kernel msg='unit=systemd-hibernate-resume@dev-mapper-im\x2d\x2dmac\x2dswap comm="systemd" exe="/usr/lib/systemd/systemd" hostname=? addr=? terminal=? res=success'
[   11.437301] audit: type=1131 audit(1551235726.942:15): pid=1 uid=0 auid=4294967295 ses=4294967295 subj=kernel msg='unit=systemd-hibernate-resume@dev-mapper-im\x2d\x2dmac\x2dswap comm="systemd" exe="/usr/lib/systemd/systemd" hostname=? addr=? terminal=? res=success'
[   11.445607] audit: type=1130 audit(1551235726.950:16): pid=1 uid=0 auid=4294967295 ses=4294967295 subj=kernel msg='unit=systemd-tmpfiles-setup comm="systemd" exe="/usr/lib/systemd/systemd" hostname=? addr=? terminal=? res=success'
[   11.459084] audit: type=1130 audit(1551235726.963:17): pid=1 uid=0 auid=4294967295 ses=4294967295 subj=kernel msg='unit=dracut-initqueue comm="systemd" exe="/usr/lib/systemd/systemd" hostname=? addr=? terminal=? res=success'
[   11.474927] audit: type=1130 audit(1551235726.979:18): pid=1 uid=0 auid=4294967295 ses=4294967295 subj=kernel msg='unit=systemd-fsck-root comm="systemd" exe="/usr/lib/systemd/systemd" hostname=? addr=? terminal=? res=success'
[   11.781189] SGI XFS with ACLs, security attributes, scrub, no debug enabled
[   11.784406] XFS (dm-1): Mounting V5 Filesystem
[   11.796412] XFS (dm-1): Ending clean mount
[   11.913769] audit: type=1130 audit(1551235727.418:19): pid=1 uid=0 auid=4294967295 ses=4294967295 subj=kernel msg='unit=initrd-parse-etc comm="systemd" exe="/usr/lib/systemd/systemd" hostname=? addr=? terminal=? res=success'
[   11.913776] audit: type=1131 audit(1551235727.418:20): pid=1 uid=0 auid=4294967295 ses=4294967295 subj=kernel msg='unit=initrd-parse-etc comm="systemd" exe="/usr/lib/systemd/systemd" hostname=? addr=? terminal=? res=success'
[   12.057795] audit: type=1130 audit(1551235727.562:21): pid=1 uid=0 auid=4294967295 ses=4294967295 subj=kernel msg='unit=dracut-pre-pivot comm="systemd" exe="/usr/lib/systemd/systemd" hostname=? addr=? terminal=? res=success'
[   12.068552] audit: type=1131 audit(1551235727.573:22): pid=1 uid=0 auid=4294967295 ses=4294967295 subj=kernel msg='unit=dracut-pre-pivot comm="systemd" exe="/usr/lib/systemd/systemd" hostname=? addr=? terminal=? res=success'
[   12.153688] systemd-journald[310]: Received SIGTERM from PID 1 (systemd).
[   12.183563] printk: systemd: 14 output lines suppressed due to ratelimiting
[   12.618407] SELinux:  Class xdp_socket not defined in policy.
[   12.618408] SELinux: the above unknown classes and permissions will be allowed
[   12.618411] SELinux:  policy capability network_peer_controls=1
[   12.618411] SELinux:  policy capability open_perms=1
[   12.618412] SELinux:  policy capability extended_socket_class=1
[   12.618412] SELinux:  policy capability always_check_network=0
[   12.618413] SELinux:  policy capability cgroup_seclabel=1
[   12.618413] SELinux:  policy capability nnp_nosuid_transition=1
[   12.638705] systemd[1]: Successfully loaded SELinux policy in 381.477ms.
[   12.677532] systemd[1]: Relabelled /dev, /run and /sys/fs/cgroup in 24.950ms.
[   12.679862] systemd[1]: systemd 239 running in system mode. (+PAM +AUDIT +SELINUX +IMA -APPARMOR +SMACK +SYSVINIT +UTMP +LIBCRYPTSETUP +GCRYPT +GNUTLS +ACL +XZ +LZ4 +SECCOMP +BLKID +ELFUTILS +KMOD +IDN2 -IDN +PCRE2 default-hierarchy=hybrid)
[   12.691390] systemd[1]: Detected architecture x86-64.
[   12.693006] systemd[1]: Set hostname to <im-mac>.
[   12.716242] systemd-sysv-generator[878]: stat() failed on /etc/rc.d/init.d/jexec, ignoring: No such file or directory
[   12.898366] systemd[1]: Stopped Switch Root.
[   12.898593] systemd[1]: systemd-journald.service: Service has no hold-off time (RestartSec=0), scheduling restart.
[   12.898651] systemd[1]: systemd-journald.service: Scheduled restart job, restart counter is at 1.
[   12.898668] systemd[1]: Stopped Journal Service.
[   12.899576] systemd[1]: Starting Journal Service...
[   12.899612] systemd[1]: Reached target User and Group Name Lookups.
[   12.902874] systemd[1]: Listening on Process Core Dump Socket.
[   12.919428] Adding 4194300k swap on /dev/mapper/im--mac-swap.  Priority:-2 extents:1 across:4194300k SSFS
[   12.946893] systemd-journald[884]: Received request to flush runtime journal from PID 1
[   13.125943] i801_smbus 0000:00:1f.3: SPD Write Disable is set
[   13.125979] i801_smbus 0000:00:1f.3: SMBus using PCI interrupt
[   13.127129] ACPI Warning: SystemIO range 0x0000000000000840-0x000000000000084F conflicts with OpRegion 0x0000000000000800-0x0000000000000863 (\GPIO) (20181213/utaddress-213)
[   13.127135] ACPI: If an ACPI driver is available for this device, you should use it instead of the native driver
[   13.127136] ACPI Warning: SystemIO range 0x0000000000000830-0x000000000000083F conflicts with OpRegion 0x0000000000000800-0x0000000000000863 (\GPIO) (20181213/utaddress-213)
[   13.127139] ACPI: If an ACPI driver is available for this device, you should use it instead of the native driver
[   13.127140] ACPI Warning: SystemIO range 0x0000000000000800-0x000000000000082F conflicts with OpRegion 0x0000000000000810-0x0000000000000813 (\_PR.IO_D) (20181213/utaddress-213)
[   13.127144] ACPI Warning: SystemIO range 0x0000000000000800-0x000000000000082F conflicts with OpRegion 0x0000000000000800-0x0000000000000863 (\GPIO) (20181213/utaddress-213)
[   13.127147] ACPI Warning: SystemIO range 0x0000000000000800-0x000000000000082F conflicts with OpRegion 0x0000000000000810-0x0000000000000813 (\IO_D) (20181213/utaddress-213)
[   13.127150] ACPI Warning: SystemIO range 0x0000000000000800-0x000000000000082F conflicts with OpRegion 0x0000000000000800-0x000000000000080F (\IO_T) (20181213/utaddress-213)
[   13.127153] ACPI: If an ACPI driver is available for this device, you should use it instead of the native driver
[   13.127154] lpc_ich: Resource conflict(s) found affecting gpio_ich
[   13.153378] apple_gmux: gmux device not present
[   13.173260] smbus_hc ACPI0001:00: SBS HC: offset = 0x20, query_bit = 0x10
[   13.259958] input: bcm5974 as /devices/pci0000:00/0000:00:14.0/usb1/1-12/1-12:1.2/input/input8
[   13.260163] usbcore: registered new interface driver bcm5974
[   13.265267] thunderbolt 0000:07:00.0: 0:1: is unplugged (state: 7)
[   13.265394] thunderbolt 0000:07:00.0: 0:3: is unplugged (state: 7)
[   13.318059] ACPI: Smart Battery System [SBS0]: Battery Slot [BAT0] (battery present)
[   13.408257] cfg80211: Loading compiled-in X.509 certificates for regulatory database
[   13.408960] cfg80211: Loaded X.509 cert 'sforshee: 00b28ddf47aef9cea7'
[   13.411947] iTCO_vendor_support: vendor-support=0
[   13.493598] Bluetooth: Core ver 2.22
[   13.493623] NET: Registered protocol family 31
[   13.493624] Bluetooth: HCI device and connection manager initialized
[   13.493628] Bluetooth: HCI socket layer initialized
[   13.493630] Bluetooth: L2CAP socket layer initialized
[   13.493634] Bluetooth: SCO socket layer initialized
[   13.496049] iTCO_wdt: Intel TCO WatchDog Timer Driver v1.11
[   13.496100] iTCO_wdt: unable to reset NO_REBOOT flag, device disabled by hardware/BIOS
[   13.534522] snd_hda_intel 0000:00:03.0: Linked as a consumer to 0000:00:02.0
[   13.534569] snd_hda_intel 0000:00:03.0: bound 0000:00:02.0 (ops i915_audio_component_bind_ops [i915])
[   13.538705] usbcore: registered new interface driver btusb
[   13.543272] RAPL PMU: API unit is 2^-32 Joules, 4 fixed counters, 655360 ms ovfl timer
[   13.543273] RAPL PMU: hw unit of domain pp0-core 2^-14 Joules
[   13.543273] RAPL PMU: hw unit of domain package 2^-14 Joules
[   13.543274] RAPL PMU: hw unit of domain dram 2^-14 Joules
[   13.543275] RAPL PMU: hw unit of domain pp1-gpu 2^-14 Joules
[   13.583018] input: HDA Intel HDMI HDMI/DP,pcm=3 as /devices/pci0000:00/0000:00:03.0/sound/card0/input9
[   13.583132] input: HDA Intel HDMI HDMI/DP,pcm=7 as /devices/pci0000:00/0000:00:03.0/sound/card0/input10
[   13.583223] input: HDA Intel HDMI HDMI/DP,pcm=8 as /devices/pci0000:00/0000:00:03.0/sound/card0/input11
[   13.583507] input: HDA Intel HDMI HDMI/DP,pcm=9 as /devices/pci0000:00/0000:00:03.0/sound/card0/input12
[   13.583569] input: HDA Intel HDMI HDMI/DP,pcm=10 as /devices/pci0000:00/0000:00:03.0/sound/card0/input13
[   13.599386] snd_hda_codec_cirrus hdaudioC1D0: autoconfig for CS4208: line_outs=2 (0x12/0x13/0x0/0x0/0x0) type:speaker
[   13.599389] snd_hda_codec_cirrus hdaudioC1D0:    speaker_outs=0 (0x0/0x0/0x0/0x0/0x0)
[   13.599390] snd_hda_codec_cirrus hdaudioC1D0:    hp_outs=1 (0x10/0x0/0x0/0x0/0x0)
[   13.599392] snd_hda_codec_cirrus hdaudioC1D0:    mono: mono_out=0x0
[   13.599393] snd_hda_codec_cirrus hdaudioC1D0:    dig-out=0x21/0x0
[   13.599394] snd_hda_codec_cirrus hdaudioC1D0:    inputs:
[   13.599395] snd_hda_codec_cirrus hdaudioC1D0:      Internal Mic=0x1c
[   13.599397] snd_hda_codec_cirrus hdaudioC1D0:      Mic=0x18
[   13.600013] applesmc: key=719 fan=2 temp=48 index=43 acc=0 lux=2 kbd=1
[   13.601592] applesmc applesmc.768: hwmon_device_register() is deprecated. Please convert the driver to use hwmon_device_register_with_info().
[   13.612075] input: HDA Intel PCH Mic as /devices/pci0000:00/0000:00:1b.0/sound/card1/input14
[   13.612150] input: HDA Intel PCH Headphone as /devices/pci0000:00/0000:00:1b.0/sound/card1/input15
[   13.612235] input: HDA Intel PCH SPDIF as /devices/pci0000:00/0000:00:1b.0/sound/card1/input16
[   13.650342] Bluetooth: hci0: BCM: chip id 102 build 0715
[   13.651338] Bluetooth: hci0: BCM: product 05ac:8290
[   13.652353] Bluetooth: hci0: BCM: features 0x2f
[   13.667149] usbcore: registered new interface driver brcmfmac
[   13.668323] Bluetooth: hci0: im-mac
[   13.767051] intel_rapl: Found RAPL domain package
[   13.767053] intel_rapl: Found RAPL domain core
[   13.767054] intel_rapl: Found RAPL domain uncore
[   13.767055] intel_rapl: Found RAPL domain dram
[   13.770591] brcmfmac: brcmf_fw_alloc_request: using brcm/brcmfmac43602-pcie for chip BCM43602/1
[   13.772703] brcmfmac 0000:03:00.0: Direct firmware load for brcm/brcmfmac43602-pcie.Apple Inc.-MacBookPro11,4.txt failed with error -2
[   13.772716] brcmfmac 0000:03:00.0: Direct firmware load for brcm/brcmfmac43602-pcie.txt failed with error -2
[   13.828762] XFS (dm-3): Mounting V5 Filesystem
[   13.828775] XFS (dm-4): Mounting V5 Filesystem
[   13.829886] XFS (sda3): Mounting V5 Filesystem
[   13.841236] XFS (dm-3): Ending clean mount
[   13.847800] XFS (dm-4): Ending clean mount
[   13.851406] XFS (sda3): Ending clean mount
[   14.134637] Bluetooth: BNEP (Ethernet Emulation) ver 1.3
[   14.134639] Bluetooth: BNEP filters: protocol multicast
[   14.134642] Bluetooth: BNEP socket layer initialized
[   14.287968] brcmfmac: brcmf_fw_alloc_request: using brcm/brcmfmac43602-pcie for chip BCM43602/1
[   14.288114] brcmfmac 0000:03:00.0: Direct firmware load for brcm/brcmfmac43602-pcie.clm_blob failed with error -2
[   14.288116] brcmfmac: brcmf_c_process_clm_blob: no clm_blob available (err=-2), device may have limited channels available
[   14.288652] brcmfmac: brcmf_c_preinit_dcmds: Firmware: BCM43602/1 wl0: Nov 10 2015 06:38:10 version 7.35.177.61 (r598657) FWID 01-ea662a8c
[   14.341747] brcmfmac 0000:03:00.0 wlp3s0: renamed from wlan0
[   15.726475] tun: Universal TUN/TAP device driver, 1.6
[   15.729072] virbr0: port 1(virbr0-nic) entered blocking state
[   15.729075] virbr0: port 1(virbr0-nic) entered disabled state
[   15.729140] device virbr0-nic entered promiscuous mode
[   15.938339] virbr0: port 1(virbr0-nic) entered blocking state
[   15.938342] virbr0: port 1(virbr0-nic) entered listening state
[   15.990865] virbr0: port 1(virbr0-nic) entered disabled state
[   23.862695] IPv6: ADDRCONF(NETDEV_CHANGE): wlp3s0: link becomes ready
[   23.954763] brcmfmac: brcmf_inetaddr_changed: fail to get arp ip table err:-52
[   31.365550] fuse init (API version 7.28)
[   32.378639] Bluetooth: RFCOMM TTY layer initialized
[   32.378648] Bluetooth: RFCOMM socket layer initialized
[   32.378728] Bluetooth: RFCOMM ver 1.11
[   33.329936] rfkill: input handler disabled
[   69.611346] xhci_hcd 0000:00:14.0: ep 0x81 - asked for 96 bytes, 78 bytes untransferred
[   69.611357] xhci_hcd 0000:00:14.0: Giveback URB 0000000011212691, len = 18, expected = 96, status = 0
[   69.611389] xhci_hcd 0000:00:14.0: Stalled endpoint for slot 1 ep 2
[   69.611398] xhci_hcd 0000:00:14.0: Cleaning up stalled endpoint ring
[   69.611403] xhci_hcd 0000:00:14.0: Finding endpoint context
[   69.611408] xhci_hcd 0000:00:14.0: Cycle state = 0x1
[   69.611413] xhci_hcd 0000:00:14.0: New dequeue segment = 000000009ff33746 (virtual)
[   69.611418] xhci_hcd 0000:00:14.0: New dequeue pointer = 0x459ff8240 (DMA)
[   69.611423] xhci_hcd 0000:00:14.0: Queueing new dequeue state
[   69.611429] xhci_hcd 0000:00:14.0: Set TR Deq Ptr cmd, new deq seg = 000000009ff33746 (0x459ff8000 dma), new deq ptr = 00000000ff4170d7 (0x459ff8240 dma), new cycle = 1
[   69.611436] xhci_hcd 0000:00:14.0: // Ding dong!
[   69.611447] xhci_hcd 0000:00:14.0: Giveback URB 000000002d922560, len = 0, expected = 13, status = -32
[   69.611459] xhci_hcd 0000:00:14.0: Ignoring reset ep completion code of 1
[   69.611469] xhci_hcd 0000:00:14.0: Successful Set TR Deq Ptr cmd, deq = @459ff8240
[   70.474774] xhci_hcd 0000:00:14.0: ep 0x82 - asked for 65 bytes, 55 bytes untransferred
[   70.530778] xhci_hcd 0000:00:14.0: ep 0x82 - asked for 65 bytes, 55 bytes untransferred
[   70.586780] xhci_hcd 0000:00:14.0: ep 0x82 - asked for 65 bytes, 55 bytes untransferred
[   70.650765] xhci_hcd 0000:00:14.0: ep 0x82 - asked for 65 bytes, 55 bytes untransferred
[   70.658758] xhci_hcd 0000:00:14.0: ep 0x82 - asked for 65 bytes, 55 bytes untransferred
[   70.714774] xhci_hcd 0000:00:14.0: ep 0x82 - asked for 65 bytes, 55 bytes untransferred
[   70.794782] xhci_hcd 0000:00:14.0: ep 0x82 - asked for 65 bytes, 55 bytes untransferred
[   70.858780] xhci_hcd 0000:00:14.0: ep 0x82 - asked for 65 bytes, 55 bytes untransferred
[   70.882744] xhci_hcd 0000:00:14.0: ep 0x82 - asked for 65 bytes, 55 bytes untransferred
[   70.922768] xhci_hcd 0000:00:14.0: ep 0x82 - asked for 65 bytes, 55 bytes untransferred
[   71.154780] xhci_hcd 0000:00:14.0: ep 0x82 - asked for 65 bytes, 55 bytes untransferred
[   71.210779] xhci_hcd 0000:00:14.0: ep 0x82 - asked for 65 bytes, 55 bytes untransferred
[   71.306781] xhci_hcd 0000:00:14.0: ep 0x82 - asked for 65 bytes, 55 bytes untransferred
[   71.354782] xhci_hcd 0000:00:14.0: ep 0x82 - asked for 65 bytes, 55 bytes untransferred
[   71.658413] xhci_hcd 0000:00:14.0: ep 0x81 - asked for 96 bytes, 78 bytes untransferred
[   71.658427] xhci_hcd 0000:00:14.0: Giveback URB 0000000011212691, len = 18, expected = 96, status = 0
[   71.658473] xhci_hcd 0000:00:14.0: Stalled endpoint for slot 1 ep 2
[   71.658486] xhci_hcd 0000:00:14.0: Cleaning up stalled endpoint ring
[   71.658493] xhci_hcd 0000:00:14.0: Finding endpoint context
[   71.658500] xhci_hcd 0000:00:14.0: Cycle state = 0x1
[   71.658506] xhci_hcd 0000:00:14.0: New dequeue segment = 000000009ff33746 (virtual)
[   71.658513] xhci_hcd 0000:00:14.0: New dequeue pointer = 0x459ff8280 (DMA)
[   71.658520] xhci_hcd 0000:00:14.0: Queueing new dequeue state
[   71.658528] xhci_hcd 0000:00:14.0: Set TR Deq Ptr cmd, new deq seg = 000000009ff33746 (0x459ff8000 dma), new deq ptr = 0000000052a157a0 (0x459ff8280 dma), new cycle = 1
[   71.658541] xhci_hcd 0000:00:14.0: // Ding dong!
[   71.658556] xhci_hcd 0000:00:14.0: Giveback URB 000000002d922560, len = 0, expected = 13, status = -32
[   71.658569] xhci_hcd 0000:00:14.0: Ignoring reset ep completion code of 1
[   71.658581] xhci_hcd 0000:00:14.0: Successful Set TR Deq Ptr cmd, deq = @459ff8280
[   72.690790] xhci_hcd 0000:00:14.0: ep 0x82 - asked for 65 bytes, 55 bytes untransferred
[   72.746794] xhci_hcd 0000:00:14.0: ep 0x82 - asked for 65 bytes, 55 bytes untransferred
[   72.802796] xhci_hcd 0000:00:14.0: ep 0x82 - asked for 65 bytes, 55 bytes untransferred
[   72.866784] xhci_hcd 0000:00:14.0: ep 0x82 - asked for 65 bytes, 55 bytes untransferred
[   72.890775] xhci_hcd 0000:00:14.0: ep 0x82 - asked for 65 bytes, 55 bytes untransferred
[   72.938776] xhci_hcd 0000:00:14.0: ep 0x82 - asked for 65 bytes, 55 bytes untransferred
[   73.707465] xhci_hcd 0000:00:14.0: ep 0x81 - asked for 96 bytes, 78 bytes untransferred
[   73.707479] xhci_hcd 0000:00:14.0: Giveback URB 0000000030544145, len = 18, expected = 96, status = 0
[   73.707553] xhci_hcd 0000:00:14.0: Stalled endpoint for slot 1 ep 2
[   73.707567] xhci_hcd 0000:00:14.0: Cleaning up stalled endpoint ring
[   73.707574] xhci_hcd 0000:00:14.0: Finding endpoint context
[   73.707581] xhci_hcd 0000:00:14.0: Cycle state = 0x1
[   73.707587] xhci_hcd 0000:00:14.0: New dequeue segment = 000000009ff33746 (virtual)
[   73.707594] xhci_hcd 0000:00:14.0: New dequeue pointer = 0x459ff82c0 (DMA)
[   73.707600] xhci_hcd 0000:00:14.0: Queueing new dequeue state
[   73.707608] xhci_hcd 0000:00:14.0: Set TR Deq Ptr cmd, new deq seg = 000000009ff33746 (0x459ff8000 dma), new deq ptr = 000000000019e286 (0x459ff82c0 dma), new cycle = 1
[   73.707620] xhci_hcd 0000:00:14.0: // Ding dong!
[   73.707636] xhci_hcd 0000:00:14.0: Giveback URB 000000002d922560, len = 0, expected = 13, status = -32
[   73.707680] xhci_hcd 0000:00:14.0: Ignoring reset ep completion code of 1
[   73.707693] xhci_hcd 0000:00:14.0: Successful Set TR Deq Ptr cmd, deq = @459ff82c0
[   73.746790] xhci_hcd 0000:00:14.0: ep 0x82 - asked for 65 bytes, 55 bytes untransferred
[   73.802768] xhci_hcd 0000:00:14.0: ep 0x82 - asked for 65 bytes, 55 bytes untransferred
[   73.809695] usbcore: deregistering interface driver uas
[   73.820228] usbcore: deregistering interface driver usb-storage
[   81.458856] xhci_hcd 0000:00:14.0: ep 0x82 - asked for 65 bytes, 55 bytes untransferred
[   81.578849] xhci_hcd 0000:00:14.0: ep 0x82 - asked for 65 bytes, 55 bytes untransferred
[   81.650839] xhci_hcd 0000:00:14.0: ep 0x82 - asked for 65 bytes, 55 bytes untransferred
[   82.274858] xhci_hcd 0000:00:14.0: ep 0x82 - asked for 65 bytes, 55 bytes untransferred
[   82.410856] xhci_hcd 0000:00:14.0: ep 0x82 - asked for 65 bytes, 55 bytes untransferred
[   82.474864] xhci_hcd 0000:00:14.0: ep 0x82 - asked for 65 bytes, 55 bytes untransferred
[   82.522860] xhci_hcd 0000:00:14.0: ep 0x82 - asked for 65 bytes, 55 bytes untransferred
[   88.490906] xhci_hcd 0000:00:14.0: ep 0x82 - asked for 65 bytes, 55 bytes untransferred
[   88.546912] xhci_hcd 0000:00:14.0: ep 0x82 - asked for 65 bytes, 55 bytes untransferred
[   88.602912] xhci_hcd 0000:00:14.0: ep 0x82 - asked for 65 bytes, 55 bytes untransferred
[   88.666911] xhci_hcd 0000:00:14.0: ep 0x82 - asked for 65 bytes, 55 bytes untransferred
[   88.762901] xhci_hcd 0000:00:14.0: ep 0x82 - asked for 65 bytes, 55 bytes untransferred
[   88.818913] xhci_hcd 0000:00:14.0: ep 0x82 - asked for 65 bytes, 55 bytes untransferred
[   88.834892] xhci_hcd 0000:00:14.0: ep 0x82 - asked for 65 bytes, 55 bytes untransferred
[   88.874908] xhci_hcd 0000:00:14.0: ep 0x82 - asked for 65 bytes, 55 bytes untransferred
[   90.146917] xhci_hcd 0000:00:14.0: ep 0x82 - asked for 65 bytes, 55 bytes untransferred
[   90.210906] xhci_hcd 0000:00:14.0: ep 0x82 - asked for 65 bytes, 55 bytes untransferred
[   90.282924] xhci_hcd 0000:00:14.0: ep 0x82 - asked for 65 bytes, 55 bytes untransferred
[   90.330923] xhci_hcd 0000:00:14.0: ep 0x82 - asked for 65 bytes, 55 bytes untransferred
[   90.338901] xhci_hcd 0000:00:14.0: ep 0x82 - asked for 65 bytes, 55 bytes untransferred
[   90.402909] xhci_hcd 0000:00:14.0: ep 0x82 - asked for 65 bytes, 55 bytes untransferred
[   90.802923] xhci_hcd 0000:00:14.0: ep 0x82 - asked for 65 bytes, 55 bytes untransferred
[   90.882908] xhci_hcd 0000:00:14.0: ep 0x82 - asked for 65 bytes, 55 bytes untransferred
[   91.274928] xhci_hcd 0000:00:14.0: ep 0x82 - asked for 65 bytes, 55 bytes untransferred
[   91.378923] xhci_hcd 0000:00:14.0: ep 0x82 - asked for 65 bytes, 55 bytes untransferred
[   91.442929] xhci_hcd 0000:00:14.0: ep 0x82 - asked for 65 bytes, 55 bytes untransferred
[   91.490925] xhci_hcd 0000:00:14.0: ep 0x82 - asked for 65 bytes, 55 bytes untransferred
[   92.306934] xhci_hcd 0000:00:14.0: ep 0x82 - asked for 65 bytes, 55 bytes untransferred
[   93.130944] xhci_hcd 0000:00:14.0: ep 0x82 - asked for 65 bytes, 55 bytes untransferred
[   93.818958] xhci_hcd 0000:00:14.0: ep 0x82 - asked for 65 bytes, 55 bytes untransferred
[   93.890931] xhci_hcd 0000:00:14.0: ep 0x82 - asked for 65 bytes, 55 bytes untransferred
[   94.122946] xhci_hcd 0000:00:14.0: ep 0x82 - asked for 65 bytes, 55 bytes untransferred
[   94.218954] xhci_hcd 0000:00:14.0: ep 0x82 - asked for 65 bytes, 55 bytes untransferred
[   96.354961] xhci_hcd 0000:00:14.0: ep 0x82 - asked for 65 bytes, 55 bytes untransferred
[   97.506970] xhci_hcd 0000:00:14.0: ep 0x82 - asked for 65 bytes, 55 bytes untransferred
[  105.395026] xhci_hcd 0000:00:14.0: ep 0x82 - asked for 65 bytes, 55 bytes untransferred
[  105.427008] xhci_hcd 0000:00:14.0: ep 0x82 - asked for 65 bytes, 55 bytes untransferred
[  105.587041] xhci_hcd 0000:00:14.0: ep 0x82 - asked for 65 bytes, 55 bytes untransferred
[  105.635034] xhci_hcd 0000:00:14.0: ep 0x82 - asked for 65 bytes, 55 bytes untransferred
[  106.027042] xhci_hcd 0000:00:14.0: ep 0x82 - asked for 65 bytes, 55 bytes untransferred
[  106.867028] xhci_hcd 0000:00:14.0: ep 0x82 - asked for 65 bytes, 55 bytes untransferred
[  106.947054] xhci_hcd 0000:00:14.0: ep 0x82 - asked for 65 bytes, 55 bytes untransferred
[  106.971023] xhci_hcd 0000:00:14.0: ep 0x82 - asked for 65 bytes, 55 bytes untransferred
[  107.099042] xhci_hcd 0000:00:14.0: ep 0x82 - asked for 65 bytes, 55 bytes untransferred
[  107.155045] xhci_hcd 0000:00:14.0: ep 0x82 - asked for 65 bytes, 55 bytes untransferred
[  107.395044] xhci_hcd 0000:00:14.0: ep 0x82 - asked for 65 bytes, 55 bytes untransferred
[  107.443050] xhci_hcd 0000:00:14.0: ep 0x82 - asked for 65 bytes, 55 bytes untransferred
[  107.499051] xhci_hcd 0000:00:14.0: ep 0x82 - asked for 65 bytes, 55 bytes untransferred
[  107.563053] xhci_hcd 0000:00:14.0: ep 0x82 - asked for 65 bytes, 55 bytes untransferred
[  107.659054] xhci_hcd 0000:00:14.0: ep 0x82 - asked for 65 bytes, 55 bytes untransferred
[  107.707044] xhci_hcd 0000:00:14.0: ep 0x82 - asked for 65 bytes, 55 bytes untransferred
[  107.763033] xhci_hcd 0000:00:14.0: ep 0x82 - asked for 65 bytes, 55 bytes untransferred
[  107.827054] xhci_hcd 0000:00:14.0: ep 0x82 - asked for 65 bytes, 55 bytes untransferred
[  107.883052] xhci_hcd 0000:00:14.0: ep 0x82 - asked for 65 bytes, 55 bytes untransferred
[  107.915047] xhci_hcd 0000:00:14.0: ep 0x82 - asked for 65 bytes, 55 bytes untransferred
[  108.091051] xhci_hcd 0000:00:14.0: ep 0x82 - asked for 65 bytes, 55 bytes untransferred
[  108.163044] xhci_hcd 0000:00:14.0: ep 0x82 - asked for 65 bytes, 55 bytes untransferred
[  108.251060] xhci_hcd 0000:00:14.0: ep 0x82 - asked for 65 bytes, 55 bytes untransferred
[  108.603051] xhci_hcd 0000:00:14.0: ep 0x82 - asked for 65 bytes, 55 bytes untransferred
[  108.659047] xhci_hcd 0000:00:14.0: ep 0x82 - asked for 65 bytes, 55 bytes untransferred
[  108.683054] xhci_hcd 0000:00:14.0: ep 0x82 - asked for 65 bytes, 55 bytes untransferred
[  108.739060] xhci_hcd 0000:00:14.0: ep 0x82 - asked for 65 bytes, 55 bytes untransferred
[  108.811060] xhci_hcd 0000:00:14.0: ep 0x82 - asked for 65 bytes, 55 bytes untransferred
[  108.875062] xhci_hcd 0000:00:14.0: ep 0x82 - asked for 65 bytes, 55 bytes untransferred
[  108.907043] xhci_hcd 0000:00:14.0: ep 0x82 - asked for 65 bytes, 55 bytes untransferred
[  109.067057] xhci_hcd 0000:00:14.0: ep 0x82 - asked for 65 bytes, 55 bytes untransferred
[  109.147066] xhci_hcd 0000:00:14.0: ep 0x82 - asked for 65 bytes, 55 bytes untransferred
[  109.299058] xhci_hcd 0000:00:14.0: ep 0x82 - asked for 65 bytes, 55 bytes untransferred
[  109.403058] xhci_hcd 0000:00:14.0: ep 0x82 - asked for 65 bytes, 55 bytes untransferred
[  109.467065] xhci_hcd 0000:00:14.0: ep 0x82 - asked for 65 bytes, 55 bytes untransferred
[  109.555066] xhci_hcd 0000:00:14.0: ep 0x82 - asked for 65 bytes, 55 bytes untransferred
[  109.603066] xhci_hcd 0000:00:14.0: ep 0x82 - asked for 65 bytes, 55 bytes untransferred
[  109.723061] xhci_hcd 0000:00:14.0: ep 0x82 - asked for 65 bytes, 55 bytes untransferred
[  109.763060] xhci_hcd 0000:00:14.0: ep 0x82 - asked for 65 bytes, 55 bytes untransferred
[  109.779060] xhci_hcd 0000:00:14.0: ep 0x82 - asked for 65 bytes, 55 bytes untransferred
[  109.923062] xhci_hcd 0000:00:14.0: ep 0x82 - asked for 65 bytes, 55 bytes untransferred
[  109.987069] xhci_hcd 0000:00:14.0: ep 0x82 - asked for 65 bytes, 55 bytes untransferred
[  110.083074] xhci_hcd 0000:00:14.0: ep 0x82 - asked for 65 bytes, 55 bytes untransferred
[  110.139069] xhci_hcd 0000:00:14.0: ep 0x82 - asked for 65 bytes, 55 bytes untransferred
[  110.227064] xhci_hcd 0000:00:14.0: ep 0x82 - asked for 65 bytes, 55 bytes untransferred
[  110.275069] xhci_hcd 0000:00:14.0: ep 0x82 - asked for 65 bytes, 55 bytes untransferred
[  110.371062] xhci_hcd 0000:00:14.0: ep 0x82 - asked for 65 bytes, 55 bytes untransferred
[  110.435060] xhci_hcd 0000:00:14.0: ep 0x82 - asked for 65 bytes, 55 bytes untransferred
[  110.571068] xhci_hcd 0000:00:14.0: ep 0x82 - asked for 65 bytes, 55 bytes untransferred
[  110.667078] xhci_hcd 0000:00:14.0: ep 0x82 - asked for 65 bytes, 55 bytes untransferred
[  110.931069] xhci_hcd 0000:00:14.0: ep 0x82 - asked for 65 bytes, 55 bytes untransferred
[  110.995078] xhci_hcd 0000:00:14.0: ep 0x82 - asked for 65 bytes, 55 bytes untransferred
[  111.395075] xhci_hcd 0000:00:14.0: ep 0x82 - asked for 65 bytes, 55 bytes untransferred
[  111.451079] xhci_hcd 0000:00:14.0: ep 0x82 - asked for 65 bytes, 55 bytes untransferred
[  111.907076] xhci_hcd 0000:00:14.0: ep 0x82 - asked for 65 bytes, 55 bytes untransferred
[  112.059078] xhci_hcd 0000:00:14.0: ep 0x82 - asked for 65 bytes, 55 bytes untransferred
[  112.107077] xhci_hcd 0000:00:14.0: ep 0x82 - asked for 65 bytes, 55 bytes untransferred
[  112.179088] xhci_hcd 0000:00:14.0: ep 0x82 - asked for 65 bytes, 55 bytes untransferred
[  112.243091] xhci_hcd 0000:00:14.0: ep 0x82 - asked for 65 bytes, 55 bytes untransferred
[  112.275076] xhci_hcd 0000:00:14.0: ep 0x82 - asked for 65 bytes, 55 bytes untransferred
[  112.675082] xhci_hcd 0000:00:14.0: ep 0x82 - asked for 65 bytes, 55 bytes untransferred
[  112.747091] xhci_hcd 0000:00:14.0: ep 0x82 - asked for 65 bytes, 55 bytes untransferred
[  113.235085] xhci_hcd 0000:00:14.0: ep 0x82 - asked for 65 bytes, 55 bytes untransferred
[  113.779096] xhci_hcd 0000:00:14.0: ep 0x82 - asked for 65 bytes, 55 bytes untransferred
[  113.835099] xhci_hcd 0000:00:14.0: ep 0x82 - asked for 65 bytes, 55 bytes untransferred
[  113.883098] xhci_hcd 0000:00:14.0: ep 0x82 - asked for 65 bytes, 55 bytes untransferred
[  113.947104] xhci_hcd 0000:00:14.0: ep 0x82 - asked for 65 bytes, 55 bytes untransferred
[  114.035099] xhci_hcd 0000:00:14.0: ep 0x82 - asked for 65 bytes, 55 bytes untransferred
[  114.091098] xhci_hcd 0000:00:14.0: ep 0x82 - asked for 65 bytes, 55 bytes untransferred
[  114.139099] xhci_hcd 0000:00:14.0: ep 0x82 - asked for 65 bytes, 55 bytes untransferred
[  114.651097] xhci_hcd 0000:00:14.0: ep 0x82 - asked for 65 bytes, 55 bytes untransferred
[  114.739104] xhci_hcd 0000:00:14.0: ep 0x82 - asked for 65 bytes, 55 bytes untransferred
[  114.979102] xhci_hcd 0000:00:14.0: ep 0x82 - asked for 65 bytes, 55 bytes untransferred
[  115.099101] xhci_hcd 0000:00:14.0: ep 0x82 - asked for 65 bytes, 55 bytes untransferred
[  115.163108] xhci_hcd 0000:00:14.0: ep 0x82 - asked for 65 bytes, 55 bytes untransferred
[  115.235108] xhci_hcd 0000:00:14.0: ep 0x82 - asked for 65 bytes, 55 bytes untransferred
[  115.299112] xhci_hcd 0000:00:14.0: ep 0x82 - asked for 65 bytes, 55 bytes untransferred
[  115.419103] xhci_hcd 0000:00:14.0: ep 0x82 - asked for 65 bytes, 55 bytes untransferred
[  115.483112] xhci_hcd 0000:00:14.0: ep 0x82 - asked for 65 bytes, 55 bytes untransferred
[  115.539106] xhci_hcd 0000:00:14.0: ep 0x82 - asked for 65 bytes, 55 bytes untransferred
[  119.379134] xhci_hcd 0000:00:14.0: ep 0x82 - asked for 65 bytes, 55 bytes untransferred
[  119.459132] xhci_hcd 0000:00:14.0: ep 0x82 - asked for 65 bytes, 55 bytes untransferred
[  119.955136] xhci_hcd 0000:00:14.0: ep 0x82 - asked for 65 bytes, 55 bytes untransferred
[  120.067138] xhci_hcd 0000:00:14.0: ep 0x82 - asked for 65 bytes, 55 bytes untransferred
[  120.131146] xhci_hcd 0000:00:14.0: ep 0x82 - asked for 65 bytes, 55 bytes untransferred
[  120.147147] xhci_hcd 0000:00:14.0: ep 0x82 - asked for 65 bytes, 55 bytes untransferred
[  120.219146] xhci_hcd 0000:00:14.0: ep 0x82 - asked for 65 bytes, 55 bytes untransferred
[  120.291148] xhci_hcd 0000:00:14.0: ep 0x82 - asked for 65 bytes, 55 bytes untransferred
[  120.307118] xhci_hcd 0000:00:14.0: ep 0x82 - asked for 65 bytes, 55 bytes untransferred
[  120.363146] xhci_hcd 0000:00:14.0: ep 0x82 - asked for 65 bytes, 55 bytes untransferred
[  120.411144] xhci_hcd 0000:00:14.0: ep 0x82 - asked for 65 bytes, 55 bytes untransferred
[  120.491148] xhci_hcd 0000:00:14.0: ep 0x82 - asked for 65 bytes, 55 bytes untransferred
[  120.939157] xhci_hcd 0000:00:14.0: ep 0x82 - asked for 65 bytes, 55 bytes untransferred
[  121.003157] xhci_hcd 0000:00:14.0: ep 0x82 - asked for 65 bytes, 55 bytes untransferred
[  121.059144] xhci_hcd 0000:00:14.0: ep 0x82 - asked for 65 bytes, 55 bytes untransferred
[  121.123152] xhci_hcd 0000:00:14.0: ep 0x82 - asked for 65 bytes, 55 bytes untransferred
[  121.131151] xhci_hcd 0000:00:14.0: ep 0x82 - asked for 65 bytes, 55 bytes untransferred
[  121.171150] xhci_hcd 0000:00:14.0: ep 0x82 - asked for 65 bytes, 55 bytes untransferred
[  121.259158] xhci_hcd 0000:00:14.0: ep 0x82 - asked for 65 bytes, 55 bytes untransferred
[  121.339157] xhci_hcd 0000:00:14.0: ep 0x82 - asked for 65 bytes, 55 bytes untransferred
[  121.427155] xhci_hcd 0000:00:14.0: ep 0x82 - asked for 65 bytes, 55 bytes untransferred
[  121.483154] xhci_hcd 0000:00:14.0: ep 0x82 - asked for 65 bytes, 55 bytes untransferred
[  121.491141] xhci_hcd 0000:00:14.0: ep 0x82 - asked for 65 bytes, 55 bytes untransferred
[  121.547139] xhci_hcd 0000:00:14.0: ep 0x82 - asked for 65 bytes, 55 bytes untransferred
[  121.579159] xhci_hcd 0000:00:14.0: ep 0x82 - asked for 65 bytes, 55 bytes untransferred
[  121.611146] xhci_hcd 0000:00:14.0: ep 0x82 - asked for 65 bytes, 55 bytes untransferred
[  121.691156] xhci_hcd 0000:00:14.0: ep 0x82 - asked for 65 bytes, 55 bytes untransferred
[  121.723136] xhci_hcd 0000:00:14.0: ep 0x82 - asked for 65 bytes, 55 bytes untransferred
[  121.851147] xhci_hcd 0000:00:14.0: ep 0x82 - asked for 65 bytes, 55 bytes untransferred
[  121.915157] xhci_hcd 0000:00:14.0: ep 0x82 - asked for 65 bytes, 55 bytes untransferred
[  122.547138] xhci_hcd 0000:00:14.0: ep 0x82 - asked for 65 bytes, 55 bytes untransferred
[  122.619157] xhci_hcd 0000:00:14.0: ep 0x82 - asked for 65 bytes, 55 bytes untransferred
[  122.659158] xhci_hcd 0000:00:14.0: ep 0x82 - asked for 65 bytes, 55 bytes untransferred
[  122.723165] xhci_hcd 0000:00:14.0: ep 0x82 - asked for 65 bytes, 55 bytes untransferred
[  122.731148] xhci_hcd 0000:00:14.0: ep 0x82 - asked for 65 bytes, 55 bytes untransferred
[  122.771128] xhci_hcd 0000:00:14.0: ep 0x82 - asked for 65 bytes, 55 bytes untransferred
[  122.907156] xhci_hcd 0000:00:14.0: ep 0x82 - asked for 65 bytes, 55 bytes untransferred
[  122.971166] xhci_hcd 0000:00:14.0: ep 0x82 - asked for 65 bytes, 55 bytes untransferred
[  123.051166] xhci_hcd 0000:00:14.0: ep 0x82 - asked for 65 bytes, 55 bytes untransferred
[  123.099162] xhci_hcd 0000:00:14.0: ep 0x82 - asked for 65 bytes, 55 bytes untransferred
[  123.123147] xhci_hcd 0000:00:14.0: ep 0x82 - asked for 65 bytes, 55 bytes untransferred
[  123.187160] xhci_hcd 0000:00:14.0: ep 0x82 - asked for 65 bytes, 55 bytes untransferred
[  123.291160] xhci_hcd 0000:00:14.0: ep 0x82 - asked for 65 bytes, 55 bytes untransferred
[  123.347165] xhci_hcd 0000:00:14.0: ep 0x82 - asked for 65 bytes, 55 bytes untransferred
[  123.403169] xhci_hcd 0000:00:14.0: ep 0x82 - asked for 65 bytes, 55 bytes untransferred
[  123.459162] xhci_hcd 0000:00:14.0: ep 0x82 - asked for 65 bytes, 55 bytes untransferred
[  123.539156] xhci_hcd 0000:00:14.0: ep 0x82 - asked for 65 bytes, 55 bytes untransferred
[  123.595168] xhci_hcd 0000:00:14.0: ep 0x82 - asked for 65 bytes, 55 bytes untransferred
[  123.603157] xhci_hcd 0000:00:14.0: ep 0x82 - asked for 65 bytes, 55 bytes untransferred
[  123.675164] xhci_hcd 0000:00:14.0: ep 0x82 - asked for 65 bytes, 55 bytes untransferred
[  123.771164] xhci_hcd 0000:00:14.0: ep 0x82 - asked for 65 bytes, 55 bytes untransferred
[  123.827165] xhci_hcd 0000:00:14.0: ep 0x82 - asked for 65 bytes, 55 bytes untransferred
[  123.835148] xhci_hcd 0000:00:14.0: ep 0x82 - asked for 65 bytes, 55 bytes untransferred
[  123.899169] xhci_hcd 0000:00:14.0: ep 0x82 - asked for 65 bytes, 55 bytes untransferred
[  123.939165] xhci_hcd 0000:00:14.0: ep 0x82 - asked for 65 bytes, 55 bytes untransferred
[  123.987161] xhci_hcd 0000:00:14.0: ep 0x82 - asked for 65 bytes, 55 bytes untransferred
[  124.059170] xhci_hcd 0000:00:14.0: ep 0x82 - asked for 65 bytes, 55 bytes untransferred
[  124.131177] xhci_hcd 0000:00:14.0: ep 0x82 - asked for 65 bytes, 55 bytes untransferred
[  124.171167] xhci_hcd 0000:00:14.0: ep 0x82 - asked for 65 bytes, 55 bytes untransferred
[  124.235171] xhci_hcd 0000:00:14.0: ep 0x82 - asked for 65 bytes, 55 bytes untransferred
[  124.283183] xhci_hcd 0000:00:14.0: ep 0x82 - asked for 65 bytes, 55 bytes untransferred
[  124.347175] xhci_hcd 0000:00:14.0: ep 0x82 - asked for 65 bytes, 55 bytes untransferred
[  124.355159] xhci_hcd 0000:00:14.0: ep 0x82 - asked for 65 bytes, 55 bytes untransferred
[  124.411153] xhci_hcd 0000:00:14.0: ep 0x82 - asked for 65 bytes, 55 bytes untransferred
[  124.451152] xhci_hcd 0000:00:14.0: ep 0x82 - asked for 65 bytes, 55 bytes untransferred
[  124.507171] xhci_hcd 0000:00:14.0: ep 0x82 - asked for 65 bytes, 55 bytes untransferred
[  124.515141] xhci_hcd 0000:00:14.0: ep 0x82 - asked for 65 bytes, 55 bytes untransferred
[  124.579175] xhci_hcd 0000:00:14.0: ep 0x82 - asked for 65 bytes, 55 bytes untransferred
[  124.587158] xhci_hcd 0000:00:14.0: ep 0x82 - asked for 65 bytes, 55 bytes untransferred
[  124.635162] xhci_hcd 0000:00:14.0: ep 0x82 - asked for 65 bytes, 55 bytes untransferred
[  124.659160] xhci_hcd 0000:00:14.0: ep 0x82 - asked for 65 bytes, 55 bytes untransferred
[  124.699158] xhci_hcd 0000:00:14.0: ep 0x82 - asked for 65 bytes, 55 bytes untransferred
[  124.843171] xhci_hcd 0000:00:14.0: ep 0x82 - asked for 65 bytes, 55 bytes untransferred
[  124.899154] xhci_hcd 0000:00:14.0: ep 0x82 - asked for 65 bytes, 55 bytes untransferred
[  125.155176] xhci_hcd 0000:00:14.0: ep 0x82 - asked for 65 bytes, 55 bytes untransferred
[  125.251173] xhci_hcd 0000:00:14.0: ep 0x82 - asked for 65 bytes, 55 bytes untransferred
[  125.483171] xhci_hcd 0000:00:14.0: ep 0x82 - asked for 65 bytes, 55 bytes untransferred
[  125.611179] xhci_hcd 0000:00:14.0: ep 0x82 - asked for 65 bytes, 55 bytes untransferred
[  125.659177] xhci_hcd 0000:00:14.0: ep 0x82 - asked for 65 bytes, 55 bytes untransferred
[  125.667182] xhci_hcd 0000:00:14.0: ep 0x82 - asked for 65 bytes, 55 bytes untransferred
[  125.731183] xhci_hcd 0000:00:14.0: ep 0x82 - asked for 65 bytes, 55 bytes untransferred
[  125.779183] xhci_hcd 0000:00:14.0: ep 0x82 - asked for 65 bytes, 55 bytes untransferred
[  125.811165] xhci_hcd 0000:00:14.0: ep 0x82 - asked for 65 bytes, 55 bytes untransferred
[  125.843181] xhci_hcd 0000:00:14.0: ep 0x82 - asked for 65 bytes, 55 bytes untransferred
[  125.859167] xhci_hcd 0000:00:14.0: ep 0x82 - asked for 65 bytes, 55 bytes untransferred
[  125.899162] xhci_hcd 0000:00:14.0: ep 0x82 - asked for 65 bytes, 55 bytes untransferred
[  126.099183] xhci_hcd 0000:00:14.0: ep 0x82 - asked for 65 bytes, 55 bytes untransferred
[  126.163196] xhci_hcd 0000:00:14.0: ep 0x82 - asked for 65 bytes, 55 bytes untransferred
[  126.251185] xhci_hcd 0000:00:14.0: ep 0x82 - asked for 65 bytes, 55 bytes untransferred
[  126.315188] xhci_hcd 0000:00:14.0: ep 0x82 - asked for 65 bytes, 55 bytes untransferred
[  126.667186] xhci_hcd 0000:00:14.0: ep 0x82 - asked for 65 bytes, 55 bytes untransferred
[  126.747196] xhci_hcd 0000:00:14.0: ep 0x82 - asked for 65 bytes, 55 bytes untransferred
[  127.195190] xhci_hcd 0000:00:14.0: ep 0x82 - asked for 65 bytes, 55 bytes untransferred
[  127.235173] xhci_hcd 0000:00:14.0: ep 0x82 - asked for 65 bytes, 55 bytes untransferred
[  128.083196] xhci_hcd 0000:00:14.0: ep 0x82 - asked for 65 bytes, 55 bytes untransferred
