[    0.000000] microcode: microcode updated early to revision 0x1a, date = 2018-04-02
[    0.000000] Linux version 5.0.0-rc8+ (im@im-mac) (gcc version 8.2.1 20181215 (Red Hat 8.2.1-6) (GCC)) #44 SMP Wed Feb 27 16:01:03 +05 2019
[    0.000000] Command line: BOOT_IMAGE=/vmlinuz-5.0.0-rc8+ root=/dev/mapper/im--mac-root ro resume=/dev/mapper/im--mac-swap rd.lvm.lv=im-mac/root rd.luks.uuid=luks-dd1fa933-ef9f-402b-a2e4-7c9d6fb7ce0d rd.lvm.lv=im-mac/swap rhgb quiet hid_apple.fnmode=2 hid_apple.iso_layout=0
[    0.000000] x86/fpu: Supporting XSAVE feature 0x001: 'x87 floating point registers'
[    0.000000] x86/fpu: Supporting XSAVE feature 0x002: 'SSE registers'
[    0.000000] x86/fpu: Supporting XSAVE feature 0x004: 'AVX registers'
[    0.000000] x86/fpu: xstate_offset[2]:  576, xstate_sizes[2]:  256
[    0.000000] x86/fpu: Enabled xstate features 0x7, context size is 832 bytes, using 'standard' format.
[    0.000000] BIOS-provided physical RAM map:
[    0.000000] BIOS-e820: [mem 0x0000000000000000-0x0000000000057fff] usable
[    0.000000] BIOS-e820: [mem 0x0000000000058000-0x0000000000058fff] reserved
[    0.000000] BIOS-e820: [mem 0x0000000000059000-0x000000000009ffff] usable
[    0.000000] BIOS-e820: [mem 0x00000000000a0000-0x00000000000bffff] reserved
[    0.000000] BIOS-e820: [mem 0x0000000000100000-0x0000000078d00fff] usable
[    0.000000] BIOS-e820: [mem 0x0000000078d01000-0x0000000078d48fff] ACPI NVS
[    0.000000] BIOS-e820: [mem 0x0000000078d49000-0x0000000078d5cfff] usable
[    0.000000] BIOS-e820: [mem 0x0000000078d5d000-0x0000000078d8efff] ACPI data
[    0.000000] BIOS-e820: [mem 0x0000000078d8f000-0x0000000078e39fff] usable
[    0.000000] BIOS-e820: [mem 0x0000000078e3a000-0x0000000078e8efff] reserved
[    0.000000] BIOS-e820: [mem 0x0000000078e8f000-0x0000000078ecbfff] usable
[    0.000000] BIOS-e820: [mem 0x0000000078ecc000-0x0000000078efefff] reserved
[    0.000000] BIOS-e820: [mem 0x0000000078eff000-0x0000000078f84fff] usable
[    0.000000] BIOS-e820: [mem 0x0000000078f85000-0x0000000078fdefff] reserved
[    0.000000] BIOS-e820: [mem 0x0000000078fdf000-0x0000000078ffffff] usable
[    0.000000] BIOS-e820: [mem 0x0000000079000000-0x000000007f9fffff] reserved
[    0.000000] BIOS-e820: [mem 0x00000000e00f8000-0x00000000e00f8fff] reserved
[    0.000000] BIOS-e820: [mem 0x00000000fed1c000-0x00000000fed1ffff] reserved
[    0.000000] BIOS-e820: [mem 0x00000000ffd70000-0x00000000ffd9ffff] reserved
[    0.000000] BIOS-e820: [mem 0x0000000100000000-0x000000047f5fffff] usable
[    0.000000] NX (Execute Disable) protection: active
[    0.000000] e820: update [mem 0x662f4710-0x662f4ad2] usable ==> usable
[    0.000000] e820: update [mem 0x662f4710-0x662f4ad2] usable ==> usable
[    0.000000] extended physical RAM map:
[    0.000000] reserve setup_data: [mem 0x0000000000000000-0x0000000000057fff] usable
[    0.000000] reserve setup_data: [mem 0x0000000000058000-0x0000000000058fff] reserved
[    0.000000] reserve setup_data: [mem 0x0000000000059000-0x000000000009ffff] usable
[    0.000000] reserve setup_data: [mem 0x00000000000a0000-0x00000000000bffff] reserved
[    0.000000] reserve setup_data: [mem 0x0000000000100000-0x00000000662f470f] usable
[    0.000000] reserve setup_data: [mem 0x00000000662f4710-0x00000000662f4ad2] usable
[    0.000000] reserve setup_data: [mem 0x00000000662f4ad3-0x0000000078d00fff] usable
[    0.000000] reserve setup_data: [mem 0x0000000078d01000-0x0000000078d48fff] ACPI NVS
[    0.000000] reserve setup_data: [mem 0x0000000078d49000-0x0000000078d5cfff] usable
[    0.000000] reserve setup_data: [mem 0x0000000078d5d000-0x0000000078d8efff] ACPI data
[    0.000000] reserve setup_data: [mem 0x0000000078d8f000-0x0000000078e39fff] usable
[    0.000000] reserve setup_data: [mem 0x0000000078e3a000-0x0000000078e8efff] reserved
[    0.000000] reserve setup_data: [mem 0x0000000078e8f000-0x0000000078ecbfff] usable
[    0.000000] reserve setup_data: [mem 0x0000000078ecc000-0x0000000078efefff] reserved
[    0.000000] reserve setup_data: [mem 0x0000000078eff000-0x0000000078f84fff] usable
[    0.000000] reserve setup_data: [mem 0x0000000078f85000-0x0000000078fdefff] reserved
[    0.000000] reserve setup_data: [mem 0x0000000078fdf000-0x0000000078ffffff] usable
[    0.000000] reserve setup_data: [mem 0x0000000079000000-0x000000007f9fffff] reserved
[    0.000000] reserve setup_data: [mem 0x00000000e00f8000-0x00000000e00f8fff] reserved
[    0.000000] reserve setup_data: [mem 0x00000000fed1c000-0x00000000fed1ffff] reserved
[    0.000000] reserve setup_data: [mem 0x00000000ffd70000-0x00000000ffd9ffff] reserved
[    0.000000] reserve setup_data: [mem 0x0000000100000000-0x000000047f5fffff] usable
[    0.000000] efi: EFI v1.10 by Apple
[    0.000000] efi:  ACPI=0x78d8e000  ACPI 2.0=0x78d8e014  SMBIOS=0x78f8b000 
[    0.000000] SMBIOS 2.7 present.
[    0.000000] DMI: Apple Inc. MacBookPro11,4/Mac-06F11FD93F0323C5, BIOS MBP114.88Z.0184.B00.1806051659 06/05/2018
[    0.000000] tsc: Fast TSC calibration using PIT
[    0.000000] tsc: Detected 2195.010 MHz processor
[    0.000141] e820: update [mem 0x00000000-0x00000fff] usable ==> reserved
[    0.000142] e820: remove [mem 0x000a0000-0x000fffff] usable
[    0.000147] last_pfn = 0x47f600 max_arch_pfn = 0x400000000
[    0.000150] MTRR default type: write-back
[    0.000151] MTRR fixed ranges enabled:
[    0.000152]   00000-9FFFF write-back
[    0.000152]   A0000-BFFFF uncachable
[    0.000153]   C0000-DFFFF write-protect
[    0.000153]   E0000-FFFFF uncachable
[    0.000154] MTRR variable ranges enabled:
[    0.000155]   0 base 0080000000 mask 7F80000000 uncachable
[    0.000155]   1 base 007C000000 mask 7FFC000000 uncachable
[    0.000156]   2 base 007A000000 mask 7FFE000000 uncachable
[    0.000156]   3 base 0079000000 mask 7FFF000000 uncachable
[    0.000157]   4 disabled
[    0.000157]   5 disabled
[    0.000157]   6 disabled
[    0.000158]   7 disabled
[    0.000158]   8 disabled
[    0.000158]   9 disabled
[    0.009948] x86/PAT: Configuration [0-7]: WB  WC  UC- UC  WB  WP  UC- WT  
[    0.010041] last_pfn = 0x79000 max_arch_pfn = 0x400000000
[    0.021708] Base memory trampoline at [(____ptrval____)] 99000 size 24576
[    0.021711] Using GB pages for direct mapping
[    0.021712] BRK [0x3d7e01000, 0x3d7e01fff] PGTABLE
[    0.021713] BRK [0x3d7e02000, 0x3d7e02fff] PGTABLE
[    0.021714] BRK [0x3d7e03000, 0x3d7e03fff] PGTABLE
[    0.021755] BRK [0x3d7e04000, 0x3d7e04fff] PGTABLE
[    0.021757] BRK [0x3d7e05000, 0x3d7e05fff] PGTABLE
[    0.021894] BRK [0x3d7e06000, 0x3d7e06fff] PGTABLE
[    0.021929] BRK [0x3d7e07000, 0x3d7e07fff] PGTABLE
[    0.022008] BRK [0x3d7e08000, 0x3d7e08fff] PGTABLE
[    0.022198] Secure boot disabled
[    0.022199] RAMDISK: [mem 0x42aaa000-0x4855efff]
[    0.022210] ACPI: Early table checksum verification disabled
[    0.022212] ACPI: RSDP 0x0000000078D8E014 000024 (v02 APPLE )
[    0.022215] ACPI: XSDT 0x0000000078D8E1C0 0000A4 (v01 APPLE  Apple00  00000000      01000013)
[    0.022219] ACPI: FACP 0x0000000078D8C000 0000F4 (v05 APPLE  Apple00  00000000 Loki 0000005F)
[    0.022222] ACPI BIOS Warning (bug): 32/64X length mismatch in FADT/Gpe0Block: 128/0 (20181213/tbfadt-569)
[    0.022224] ACPI: DSDT 0x0000000078D7F000 007331 (v03 APPLE  MacBookP 00110004 INTL 20140424)
[    0.022226] ACPI: FACS 0x0000000078D06000 000040
[    0.022228] ACPI: FACS 0x0000000078D06000 000040
[    0.022229] ACPI: HPET 0x0000000078D8B000 000038 (v01 APPLE  Apple00  00000001 Loki 0000005F)
[    0.022231] ACPI: APIC 0x0000000078D8A000 0000BC (v02 APPLE  Apple00  00000001 Loki 0000005F)
[    0.022233] ACPI: SBST 0x0000000078D88000 000030 (v01 APPLE  Apple00  00000001 Loki 0000005F)
[    0.022234] ACPI: ECDT 0x0000000078D87000 000053 (v01 APPLE  Apple00  00000001 Loki 0000005F)
[    0.022236] ACPI: SSDT 0x0000000078D7E000 000024 (v01 APPLE  SataAhci 00001000 INTL 20140424)
[    0.022238] ACPI: SSDT 0x0000000078D7D000 000024 (v01 APPLE  SmcDppt  00001000 INTL 20140424)
[    0.022240] ACPI: SSDT 0x0000000078D7C000 000032 (v01 APPLE  SsdtS3   00001000 INTL 20140424)
[    0.022241] ACPI: SSDT 0x0000000078D68000 0086DA (v01 APPLE  TbtPEG11 00001000 INTL 20140424)
[    0.022243] ACPI: SSDT 0x0000000078D67000 0000B8 (v01 APPLE  Sdxc     00001000 INTL 20140424)
[    0.022245] ACPI: SSDT 0x0000000078D66000 000A7B (v02 APPLE  Xhci     00001000 INTL 20140424)
[    0.022247] ACPI: SSDT 0x0000000078D64000 000341 (v01 APPLE  PEG0SSD0 00001000 INTL 20140424)
[    0.022249] ACPI: SSDT 0x0000000078D5F000 00069C (v01 PmRef  Cpu0Ist  00003000 INTL 20140424)
[    0.022250] ACPI: SSDT 0x0000000078D5E000 000C17 (v01 CpuRef CpuSsdt  00003000 INTL 20140424)
[    0.022252] ACPI: DMAR 0x0000000078D5D000 000088 (v01 APPLE  BDW      00000001 INTL 00000001)
[    0.022254] ACPI: MCFG 0x0000000078D89000 00003C (v01 APPLE  Apple00  00000001 Loki 0000005F)
[    0.022259] ACPI: DMI detected to setup _OSI("Darwin"): Apple hardware
[    0.022261] ACPI: Local APIC address 0xfee00000
[    0.022332] No NUMA configuration found
[    0.022333] Faking a node at [mem 0x0000000000000000-0x000000047f5fffff]
[    0.022342] NODE_DATA(0) allocated [mem 0x47f5d5000-0x47f5fffff]
[    0.051831] Zone ranges:
[    0.051832]   DMA      [mem 0x0000000000001000-0x0000000000ffffff]
[    0.051833]   DMA32    [mem 0x0000000001000000-0x00000000ffffffff]
[    0.051834]   Normal   [mem 0x0000000100000000-0x000000047f5fffff]
[    0.051835]   Device   empty
[    0.051836] Movable zone start for each node
[    0.051838] Early memory node ranges
[    0.051839]   node   0: [mem 0x0000000000001000-0x0000000000057fff]
[    0.051839]   node   0: [mem 0x0000000000059000-0x000000000009ffff]
[    0.051840]   node   0: [mem 0x0000000000100000-0x0000000078d00fff]
[    0.051840]   node   0: [mem 0x0000000078d49000-0x0000000078d5cfff]
[    0.051840]   node   0: [mem 0x0000000078d8f000-0x0000000078e39fff]
[    0.051841]   node   0: [mem 0x0000000078e8f000-0x0000000078ecbfff]
[    0.051841]   node   0: [mem 0x0000000078eff000-0x0000000078f84fff]
[    0.051841]   node   0: [mem 0x0000000078fdf000-0x0000000078ffffff]
[    0.051842]   node   0: [mem 0x0000000100000000-0x000000047f5fffff]
[    0.052210] Zeroed struct page in unavailable ranges: 29118 pages
[    0.052211] Initmem setup node 0 [mem 0x0000000000001000-0x000000047f5fffff]
[    0.052212] On node 0 totalpages: 4162626
[    0.052213]   DMA zone: 64 pages used for memmap
[    0.052213]   DMA zone: 22 pages reserved
[    0.052214]   DMA zone: 3998 pages, LIFO batch:0
[    0.052283]   DMA32 zone: 7675 pages used for memmap
[    0.052284]   DMA32 zone: 491172 pages, LIFO batch:63
[    0.064221]   Normal zone: 57304 pages used for memmap
[    0.064222]   Normal zone: 3667456 pages, LIFO batch:63
[    0.134677] Reserving Intel graphics memory at [mem 0x79a00000-0x7f9fffff]
[    0.134748] ACPI: PM-Timer IO Port: 0x1808
[    0.134750] ACPI: Local APIC address 0xfee00000
[    0.134758] ACPI: LAPIC_NMI (acpi_id[0x01] high edge lint[0x1])
[    0.134759] ACPI: LAPIC_NMI (acpi_id[0x02] high edge lint[0x1])
[    0.134759] ACPI: LAPIC_NMI (acpi_id[0x03] high edge lint[0x1])
[    0.134759] ACPI: LAPIC_NMI (acpi_id[0x04] high edge lint[0x1])
[    0.134760] ACPI: LAPIC_NMI (acpi_id[0x05] high edge lint[0x1])
[    0.134760] ACPI: LAPIC_NMI (acpi_id[0x06] high edge lint[0x1])
[    0.134760] ACPI: LAPIC_NMI (acpi_id[0x07] high edge lint[0x1])
[    0.134761] ACPI: LAPIC_NMI (acpi_id[0x08] high edge lint[0x1])
[    0.134777] IOAPIC[0]: apic_id 2, version 32, address 0xfec00000, GSI 0-23
[    0.134779] ACPI: INT_SRC_OVR (bus 0 bus_irq 0 global_irq 2 dfl dfl)
[    0.134780] ACPI: INT_SRC_OVR (bus 0 bus_irq 9 global_irq 9 high level)
[    0.134781] ACPI: IRQ0 used by override.
[    0.134782] ACPI: IRQ9 used by override.
[    0.134783] Using ACPI (MADT) for SMP configuration information
[    0.134784] ACPI: HPET id: 0x8086a201 base: 0xfed00000
[    0.134787] smpboot: Allowing 8 CPUs, 0 hotplug CPUs
[    0.134802] PM: Registered nosave memory: [mem 0x00000000-0x00000fff]
[    0.134803] PM: Registered nosave memory: [mem 0x00058000-0x00058fff]
[    0.134804] PM: Registered nosave memory: [mem 0x000a0000-0x000bffff]
[    0.134804] PM: Registered nosave memory: [mem 0x000c0000-0x000fffff]
[    0.134805] PM: Registered nosave memory: [mem 0x662f4000-0x662f4fff]
[    0.134806] PM: Registered nosave memory: [mem 0x662f4000-0x662f4fff]
[    0.134807] PM: Registered nosave memory: [mem 0x78d01000-0x78d48fff]
[    0.134808] PM: Registered nosave memory: [mem 0x78d5d000-0x78d8efff]
[    0.134809] PM: Registered nosave memory: [mem 0x78e3a000-0x78e8efff]
[    0.134810] PM: Registered nosave memory: [mem 0x78ecc000-0x78efefff]
[    0.134811] PM: Registered nosave memory: [mem 0x78f85000-0x78fdefff]
[    0.134812] PM: Registered nosave memory: [mem 0x79000000-0x7f9fffff]
[    0.134813] PM: Registered nosave memory: [mem 0x7fa00000-0xe00f7fff]
[    0.134813] PM: Registered nosave memory: [mem 0xe00f8000-0xe00f8fff]
[    0.134814] PM: Registered nosave memory: [mem 0xe00f9000-0xfed1bfff]
[    0.134814] PM: Registered nosave memory: [mem 0xfed1c000-0xfed1ffff]
[    0.134814] PM: Registered nosave memory: [mem 0xfed20000-0xffd6ffff]
[    0.134815] PM: Registered nosave memory: [mem 0xffd70000-0xffd9ffff]
[    0.134815] PM: Registered nosave memory: [mem 0xffda0000-0xffffffff]
[    0.134816] [mem 0x7fa00000-0xe00f7fff] available for PCI devices
[    0.134818] Booting paravirtualized kernel on bare hardware
[    0.134821] clocksource: refined-jiffies: mask: 0xffffffff max_cycles: 0xffffffff, max_idle_ns: 1910969940391419 ns
[    0.227470] random: get_random_bytes called from start_kernel+0x93/0x503 with crng_init=0
[    0.227475] setup_percpu: NR_CPUS:64 nr_cpumask_bits:64 nr_cpu_ids:8 nr_node_ids:1
[    0.227644] percpu: Embedded 44 pages/cpu @(____ptrval____) s143360 r8192 d28672 u262144
[    0.227649] pcpu-alloc: s143360 r8192 d28672 u262144 alloc=1*2097152
[    0.227649] pcpu-alloc: [0] 0 1 2 3 4 5 6 7 
[    0.227665] Built 1 zonelists, mobility grouping on.  Total pages: 4097561
[    0.227665] Policy zone: Normal
[    0.227667] Kernel command line: BOOT_IMAGE=/vmlinuz-5.0.0-rc8+ root=/dev/mapper/im--mac-root ro resume=/dev/mapper/im--mac-swap rd.lvm.lv=im-mac/root rd.luks.uuid=luks-dd1fa933-ef9f-402b-a2e4-7c9d6fb7ce0d rd.lvm.lv=im-mac/swap rhgb quiet hid_apple.fnmode=2 hid_apple.iso_layout=0
[    0.272929] Memory: 15843868K/16650504K available (12291K kernel code, 1404K rwdata, 4028K rodata, 2156K init, 4936K bss, 806636K reserved, 0K cma-reserved)
[    0.273029] SLUB: HWalign=64, Order=0-3, MinObjects=0, CPUs=8, Nodes=1
[    0.273033] Kernel/User page tables isolation: enabled
[    0.273045] ftrace: allocating 38176 entries in 150 pages
[    0.286163] rcu: Hierarchical RCU implementation.
[    0.286164] rcu: 	RCU restricting CPUs from NR_CPUS=64 to nr_cpu_ids=8.
[    0.286165] rcu: RCU calculated value of scheduler-enlistment delay is 100 jiffies.
[    0.286166] rcu: Adjusting geometry for rcu_fanout_leaf=16, nr_cpu_ids=8
[    0.288028] NR_IRQS: 4352, nr_irqs: 488, preallocated irqs: 16
[    0.288155] rcu: 	Offload RCU callbacks from CPUs: (none).
[    0.288197] Console: colour dummy device 80x25
[    0.288202] printk: console [tty0] enabled
[    0.288213] ACPI: Core revision 20181213
[    0.288418] clocksource: hpet: mask: 0xffffffff max_cycles: 0xffffffff, max_idle_ns: 133484882848 ns
[    0.288426] hpet clockevent registered
[    0.288430] APIC: Switch to symmetric I/O mode setup
[    0.288432] DMAR: Host address width 39
[    0.288433] DMAR: DRHD base: 0x000000fed90000 flags: 0x0
[    0.288436] DMAR: dmar0: reg_base_addr fed90000 ver 1:0 cap c0000020660462 ecap f0101a
[    0.288436] DMAR: DRHD base: 0x000000fed91000 flags: 0x1
[    0.288438] DMAR: dmar1: reg_base_addr fed91000 ver 1:0 cap d2008c20660462 ecap f010da
[    0.288439] DMAR: RMRR base: 0x00000079800000 end: 0x0000007f9fffff
[    0.288441] DMAR-IR: IOAPIC id 2 under DRHD base  0xfed91000 IOMMU 1
[    0.288442] DMAR-IR: HPET id 0 under DRHD base 0xfed91000
[    0.288443] DMAR-IR: x2apic is disabled because BIOS sets x2apic opt out bit.
[    0.288443] DMAR-IR: Use 'intremap=no_x2apic_optout' to override the BIOS setting.
[    0.288882] DMAR-IR: Enabled IRQ remapping in xapic mode
[    0.288882] x2apic: IRQ remapping doesn't support X2APIC mode
[    0.289253] ..TIMER: vector=0x30 apic1=0 pin1=2 apic2=-1 pin2=-1
[    0.293435] clocksource: tsc-early: mask: 0xffffffffffffffff max_cycles: 0x1fa3c9030b9, max_idle_ns: 440795300199 ns
[    0.293445] Calibrating delay loop (skipped), value calculated using timer frequency.. 4390.02 BogoMIPS (lpj=2195010)
[    0.293447] pid_max: default: 32768 minimum: 301
[    0.309222] LSM: Security Framework initializing
[    0.309223] Yama: becoming mindful.
[    0.309227] SELinux:  Initializing.
[    0.311614] Dentry cache hash table entries: 2097152 (order: 12, 16777216 bytes)
[    0.312796] Inode-cache hash table entries: 1048576 (order: 11, 8388608 bytes)
[    0.312844] Mount-cache hash table entries: 32768 (order: 6, 262144 bytes)
[    0.312887] Mountpoint-cache hash table entries: 32768 (order: 6, 262144 bytes)
[    0.313056] ENERGY_PERF_BIAS: Set to 'normal', was 'performance'
[    0.313056] ENERGY_PERF_BIAS: View and update with x86_energy_perf_policy(8)
[    0.313060] mce: CPU supports 10 MCE banks
[    0.313069] mce: CPU0: Thermal monitoring enabled (TM1)
[    0.313081] process: using mwait in idle threads
[    0.313083] Last level iTLB entries: 4KB 1024, 2MB 1024, 4MB 1024
[    0.313084] Last level dTLB entries: 4KB 1024, 2MB 1024, 4MB 1024, 1GB 4
[    0.313085] Spectre V2 : Mitigation: Full generic retpoline
[    0.313085] Spectre V2 : Spectre v2 / SpectreRSB mitigation: Filling RSB on context switch
[    0.313086] Spectre V2 : Enabling Restricted Speculation for firmware calls
[    0.313092] Spectre V2 : mitigation: Enabling conditional Indirect Branch Prediction Barrier
[    0.313093] Spectre V2 : User space: Mitigation: STIBP via seccomp and prctl
[    0.313094] Speculative Store Bypass: Mitigation: Speculative Store Bypass disabled via prctl and seccomp
[    0.313259] Freeing SMP alternatives memory: 36K
[    0.314367] TSC deadline timer enabled
[    0.314370] smpboot: CPU0: Intel(R) Core(TM) i7-4770HQ CPU @ 2.20GHz (family: 0x6, model: 0x46, stepping: 0x1)
[    0.314436] Performance Events: PEBS fmt2+, Haswell events, 16-deep LBR, full-width counters, Intel PMU driver.
[    0.314436] ... version:                3
[    0.314436] ... bit width:              48
[    0.314436] ... generic registers:      4
[    0.314436] ... value mask:             0000ffffffffffff
[    0.314436] ... max period:             00007fffffffffff
[    0.314436] ... fixed-purpose events:   3
[    0.314436] ... event mask:             000000070000000f
[    0.314436] rcu: Hierarchical SRCU implementation.
[    0.314436] random: crng done (trusting CPU's manufacturer)
[    0.314436] NMI watchdog: Enabled. Permanently consumes one hw-PMU counter.
[    0.314465] smp: Bringing up secondary CPUs ...
[    0.314516] x86: Booting SMP configuration:
[    0.314517] .... node  #0, CPUs:      #1 #2 #3 #4 #5 #6 #7
[    0.363441] smp: Brought up 1 node, 8 CPUs
[    0.363442] smpboot: Max logical packages: 1
[    0.363444] smpboot: Total of 8 processors activated (35120.16 BogoMIPS)
[    0.364818] devtmpfs: initialized
[    0.364818] x86/mm: Memory block size: 128MB
[    0.365683] PM: Registering ACPI NVS region [mem 0x78d01000-0x78d48fff] (294912 bytes)
[    0.365683] clocksource: jiffies: mask: 0xffffffff max_cycles: 0xffffffff, max_idle_ns: 1911260446275000 ns
[    0.365683] futex hash table entries: 2048 (order: 5, 131072 bytes)
[    0.365683] pinctrl core: initialized pinctrl subsystem
[    0.365683] RTC time: 11:32:04, date: 2019-02-27
[    0.365772] NET: Registered protocol family 16
[    0.365857] audit: initializing netlink subsys (disabled)
[    0.365862] audit: type=2000 audit(1551267124.077:1): state=initialized audit_enabled=0 res=1
[    0.365862] cpuidle: using governor menu
[    0.365862] ACPI: bus type PCI registered
[    0.365862] acpiphp: ACPI Hot Plug PCI Controller Driver version: 0.5
[    0.365862] PCI: MMCONFIG for domain 0000 [bus 00-9b] at [mem 0xe0000000-0xe9bfffff] (base 0xe0000000)
[    0.365862] PCI: not using MMCONFIG
[    0.365862] PCI: Using configuration type 1 for base access
[    0.365862] core: PMU erratum BJ122, BV98, HSD29 worked around, HT is on
[    0.367459] HugeTLB registered 1.00 GiB page size, pre-allocated 0 pages
[    0.367459] HugeTLB registered 2.00 MiB page size, pre-allocated 0 pages
[    0.367460] cryptd: max_cpu_qlen set to 1000
[    0.367480] ACPI: Disabled all _OSI OS vendors
[    0.367482] ACPI: Added _OSI(Module Device)
[    0.367482] ACPI: Added _OSI(Processor Device)
[    0.367483] ACPI: Added _OSI(3.0 _SCP Extensions)
[    0.367483] ACPI: Added _OSI(Processor Aggregator Device)
[    0.367484] ACPI: Added _OSI(Linux-Dell-Video)
[    0.367485] ACPI: Added _OSI(Linux-Lenovo-NV-HDMI-Audio)
[    0.367485] ACPI: Added _OSI(Linux-HPI-Hybrid-Graphics)
[    0.367486] ACPI: Added _OSI(Darwin)
[    0.379037] ACPI: 10 ACPI AML tables successfully acquired and loaded
[    0.379660] ACPI: EC: EC started
[    0.379661] ACPI: EC: interrupt blocked
[    0.381660] ACPI: \: Used as first EC
[    0.381661] ACPI: \: GPE=0x17, EC_CMD/EC_SC=0x66, EC_DATA=0x62
[    0.381662] ACPI: \: Used as boot ECDT EC to handle transactions
[    0.382402] ACPI: BIOS _OSI(Darwin) query honored via DMI
[    0.382948] ACPI: [Firmware Bug]: BIOS _OSI(Linux) query ignored
[    0.383065] ACPI Error: Needed type [Reference], found [Integer] 00000000b7da403f (20181213/exresop-69)
[    0.383068] ACPI Error: AE_AML_OPERAND_TYPE, While resolving operands for [OpcodeName unavailable] (20181213/dswexec-427)
[    0.383070] ACPI Error: Method parse/execution failed \_PR.CPU0._PDC, AE_AML_OPERAND_TYPE (20181213/psparse-531)
[    0.383257] ACPI: Dynamic OEM Table Load:
[    0.383262] ACPI: SSDT 0xFFFF978FECB4C000 00067C (v01 PmRef  ApIst    00003000 INTL 20140424)
[    0.383647] ACPI: Dynamic OEM Table Load:
[    0.383650] ACPI: SSDT 0xFFFF978FECB9BE00 000119 (v01 PmRef  ApCst    00003000 INTL 20140424)
[    0.384724] ACPI: Interpreter enabled
[    0.384740] ACPI: (supports S0 S3 S4 S5)
[    0.384741] ACPI: Using IOAPIC for interrupt routing
[    0.384758] PCI: MMCONFIG for domain 0000 [bus 00-9b] at [mem 0xe0000000-0xe9bfffff] (base 0xe0000000)
[    0.385148] PCI: MMCONFIG at [mem 0xe0000000-0xe9bfffff] reserved in ACPI motherboard resources
[    0.385156] PCI: Using host bridge windows from ACPI; if necessary, use "pci=nocrs" and report a bug
[    0.385342] ACPI: Enabled 7 GPEs in block 00 to 3F
[    0.392756] ACPI: PCI Root Bridge [PCI0] (domain 0000 [bus 00-ff])
[    0.392759] acpi PNP0A08:00: _OSC: OS assumes control of [PCIeHotplug SHPCHotplug AER PCIeCapability LTR]
[    0.392769] acpi PNP0A08:00: [Firmware Info]: MMCONFIG for domain 0000 [bus 00-9b] only partially covers this bridge
[    0.392970] PCI host bridge to bus 0000:00
[    0.392972] pci_bus 0000:00: root bus resource [io  0x0000-0x0cf7 window]
[    0.392973] pci_bus 0000:00: root bus resource [io  0x0d00-0xffff window]
[    0.392974] pci_bus 0000:00: root bus resource [mem 0x000a0000-0x000bffff window]
[    0.392975] pci_bus 0000:00: root bus resource [mem 0x000c0000-0x000c3fff window]
[    0.392976] pci_bus 0000:00: root bus resource [mem 0x000c4000-0x000c7fff window]
[    0.392977] pci_bus 0000:00: root bus resource [mem 0x000c8000-0x000cbfff window]
[    0.392977] pci_bus 0000:00: root bus resource [mem 0x000cc000-0x000cffff window]
[    0.392978] pci_bus 0000:00: root bus resource [mem 0x000d0000-0x000d3fff window]
[    0.392979] pci_bus 0000:00: root bus resource [mem 0x000d4000-0x000d7fff window]
[    0.392980] pci_bus 0000:00: root bus resource [mem 0x000d8000-0x000dbfff window]
[    0.392981] pci_bus 0000:00: root bus resource [mem 0x000dc000-0x000dffff window]
[    0.392982] pci_bus 0000:00: root bus resource [mem 0x000e0000-0x000e3fff window]
[    0.392983] pci_bus 0000:00: root bus resource [mem 0x000e4000-0x000e7fff window]
[    0.392984] pci_bus 0000:00: root bus resource [mem 0x000e8000-0x000ebfff window]
[    0.392985] pci_bus 0000:00: root bus resource [mem 0x000ec000-0x000effff window]
[    0.392986] pci_bus 0000:00: root bus resource [mem 0x000f0000-0x000fffff window]
[    0.392987] pci_bus 0000:00: root bus resource [mem 0x7fa00000-0xfeafffff window]
[    0.392988] pci_bus 0000:00: root bus resource [mem 0xfed40000-0xfed44fff window]
[    0.392989] pci_bus 0000:00: root bus resource [bus 00-ff]
[    0.392996] pci 0000:00:00.0: [8086:0d04] type 00 class 0x060000
[    0.393061] pci 0000:00:01.0: [8086:0d01] type 01 class 0x060400
[    0.393092] pci 0000:00:01.0: PME# supported from D0 D3hot D3cold
[    0.393137] pci 0000:00:01.1: [8086:0d05] type 01 class 0x060400
[    0.393164] pci 0000:00:01.1: PME# supported from D0 D3hot D3cold
[    0.393236] pci 0000:00:02.0: [8086:0d26] type 00 class 0x030000
[    0.393244] pci 0000:00:02.0: reg 0x10: [mem 0xa0000000-0xa03fffff 64bit]
[    0.393249] pci 0000:00:02.0: reg 0x18: [mem 0x90000000-0x9fffffff 64bit pref]
[    0.393252] pci 0000:00:02.0: reg 0x20: [io  0x3000-0x303f]
[    0.393261] pci 0000:00:02.0: BAR 2: assigned to efifb
[    0.393309] pci 0000:00:03.0: [8086:0d0c] type 00 class 0x040300
[    0.393316] pci 0000:00:03.0: reg 0x10: [mem 0xa0c10000-0xa0c13fff 64bit]
[    0.393394] pci 0000:00:14.0: [8086:8c31] type 00 class 0x0c0330
[    0.393412] pci 0000:00:14.0: reg 0x10: [mem 0xa0c00000-0xa0c0ffff 64bit]
[    0.393464] pci 0000:00:14.0: PME# supported from D3hot D3cold
[    0.393542] pci 0000:00:16.0: [8086:8c3a] type 00 class 0x078000
[    0.393561] pci 0000:00:16.0: reg 0x10: [mem 0xa0c19100-0xa0c1910f 64bit]
[    0.393613] pci 0000:00:16.0: PME# supported from D0 D3hot D3cold
[    0.393668] pci 0000:00:1b.0: [8086:8c20] type 00 class 0x040300
[    0.393685] pci 0000:00:1b.0: reg 0x10: [mem 0xa0c14000-0xa0c17fff 64bit]
[    0.393743] pci 0000:00:1b.0: PME# supported from D0 D3hot D3cold
[    0.393793] pci 0000:00:1c.0: [8086:8c10] type 01 class 0x060400
[    0.393834] pci 0000:00:1c.0: claimed MacBook Pro poweroff workaround [mem 0x7fa00000-0x7fbfffff]
[    0.393879] pci 0000:00:1c.0: PME# supported from D0 D3hot D3cold
[    0.393934] pci 0000:00:1c.2: [8086:8c14] type 01 class 0x060400
[    0.394003] pci 0000:00:1c.2: PME# supported from D0 D3hot D3cold
[    0.394059] pci 0000:00:1c.3: [8086:8c16] type 01 class 0x060400
[    0.394127] pci 0000:00:1c.3: PME# supported from D0 D3hot D3cold
[    0.394189] pci 0000:00:1f.0: [8086:8c4b] type 00 class 0x060100
[    0.394324] pci 0000:00:1f.3: [8086:8c22] type 00 class 0x0c0500
[    0.394340] pci 0000:00:1f.3: reg 0x10: [mem 0xa0c19000-0xa0c190ff 64bit]
[    0.394357] pci 0000:00:1f.3: reg 0x20: [io  0xefa0-0xefbf]
[    0.394414] pci 0000:00:1f.6: [8086:8c24] type 00 class 0x118000
[    0.394433] pci 0000:00:1f.6: reg 0x10: [mem 0xa0c18000-0xa0c18fff 64bit]
[    0.394582] pci 0000:01:00.0: [144d:a801] type 00 class 0x010601
[    0.394617] pci 0000:01:00.0: reg 0x24: [mem 0xa0b00000-0xa0b01fff]
[    0.394742] pci 0000:00:01.0: PCI bridge to [bus 01]
[    0.394745] pci 0000:00:01.0:   bridge window [mem 0xa0b00000-0xa0bfffff]
[    0.394790] pci 0000:05:00.0: [8086:156d] type 01 class 0x060400
[    0.394869] pci 0000:05:00.0: supports D1 D2
[    0.394870] pci 0000:05:00.0: PME# supported from D0 D1 D2 D3hot D3cold
[    0.394954] pci 0000:00:01.1: PCI bridge to [bus 05-9b]
[    0.394956] pci 0000:00:01.1:   bridge window [io  0x4000-0x6fff]
[    0.394957] pci 0000:00:01.1:   bridge window [mem 0xa0d00000-0xacdfffff]
[    0.394960] pci 0000:00:01.1:   bridge window [mem 0xace00000-0xb8dfffff 64bit pref]
[    0.395040] pci 0000:06:00.0: [8086:156d] type 01 class 0x060400
[    0.395127] pci 0000:06:00.0: supports D1 D2
[    0.395128] pci 0000:06:00.0: PME# supported from D0 D1 D2 D3hot D3cold
[    0.395190] pci 0000:06:03.0: [8086:156d] type 01 class 0x060400
[    0.395276] pci 0000:06:03.0: supports D1 D2
[    0.395277] pci 0000:06:03.0: PME# supported from D0 D1 D2 D3hot D3cold
[    0.395335] pci 0000:06:04.0: [8086:156d] type 01 class 0x060400
[    0.395420] pci 0000:06:04.0: supports D1 D2
[    0.395421] pci 0000:06:04.0: PME# supported from D0 D1 D2 D3hot D3cold
[    0.395482] pci 0000:06:05.0: [8086:156d] type 01 class 0x060400
[    0.395569] pci 0000:06:05.0: supports D1 D2
[    0.395569] pci 0000:06:05.0: PME# supported from D0 D1 D2 D3hot D3cold
[    0.395628] pci 0000:06:06.0: [8086:156d] type 01 class 0x060400
[    0.395713] pci 0000:06:06.0: supports D1 D2
[    0.395714] pci 0000:06:06.0: PME# supported from D0 D1 D2 D3hot D3cold
[    0.395783] pci 0000:05:00.0: PCI bridge to [bus 06-6b]
[    0.395787] pci 0000:05:00.0:   bridge window [io  0x4000-0x5fff]
[    0.395789] pci 0000:05:00.0:   bridge window [mem 0xa0d00000-0xa8dfffff]
[    0.395793] pci 0000:05:00.0:   bridge window [mem 0xace00000-0xb4dfffff 64bit pref]
[    0.395840] pci 0000:07:00.0: [8086:156c] type 00 class 0x088000
[    0.395865] pci 0000:07:00.0: reg 0x10: [mem 0xa0d00000-0xa0d3ffff]
[    0.395873] pci 0000:07:00.0: reg 0x14: [mem 0xa0d40000-0xa0d40fff]
[    0.395992] pci 0000:07:00.0: supports D1 D2
[    0.395993] pci 0000:07:00.0: PME# supported from D0 D1 D2 D3hot D3cold
[    0.396133] pci 0000:06:00.0: PCI bridge to [bus 07]
[    0.396139] pci 0000:06:00.0:   bridge window [mem 0xa0d00000-0xa0dfffff]
[    0.396192] pci 0000:06:03.0: PCI bridge to [bus 08-38]
[    0.396196] pci 0000:06:03.0:   bridge window [io  0x4000-0x4fff]
[    0.396199] pci 0000:06:03.0:   bridge window [mem 0xa0e00000-0xa4dfffff]
[    0.396203] pci 0000:06:03.0:   bridge window [mem 0xace00000-0xb0dfffff 64bit pref]
[    0.396252] pci 0000:06:04.0: PCI bridge to [bus 39]
[    0.396307] pci 0000:06:05.0: PCI bridge to [bus 3a-6a]
[    0.396311] pci 0000:06:05.0:   bridge window [io  0x5000-0x5fff]
[    0.396314] pci 0000:06:05.0:   bridge window [mem 0xa4e00000-0xa8dfffff]
[    0.396318] pci 0000:06:05.0:   bridge window [mem 0xb0e00000-0xb4dfffff 64bit pref]
[    0.396344] pci 0000:06:06.0: PCI bridge to [bus 6b]
[    0.396411] pci 0000:00:1c.0: PCI bridge to [bus 02]
[    0.396508] pci 0000:03:00.0: [14e4:43ba] type 00 class 0x028000
[    0.396571] pci 0000:03:00.0: reg 0x10: [mem 0xa0800000-0xa0807fff 64bit]
[    0.396598] pci 0000:03:00.0: reg 0x18: [mem 0xa0400000-0xa07fffff 64bit]
[    0.396803] pci 0000:03:00.0: supports D1 D2
[    0.396804] pci 0000:03:00.0: PME# supported from D0 D1 D2 D3hot D3cold
[    0.397033] pci 0000:00:1c.2: PCI bridge to [bus 03]
[    0.397037] pci 0000:00:1c.2:   bridge window [mem 0xa0400000-0xa08fffff]
[    0.397097] pci 0000:04:00.0: [14e4:1570] type 00 class 0x048000
[    0.397129] pci 0000:04:00.0: reg 0x10: [mem 0xa0a00000-0xa0a0ffff 64bit]
[    0.397144] pci 0000:04:00.0: reg 0x18: [mem 0x80000000-0x8fffffff 64bit pref]
[    0.397159] pci 0000:04:00.0: reg 0x20: [mem 0xa0900000-0xa09fffff 64bit]
[    0.397244] pci 0000:04:00.0: supports D1
[    0.397245] pci 0000:04:00.0: PME# supported from D0 D3hot
[    0.397347] pci 0000:00:1c.3: PCI bridge to [bus 04]
[    0.397351] pci 0000:00:1c.3:   bridge window [mem 0xa0900000-0xa0afffff]
[    0.397356] pci 0000:00:1c.3:   bridge window [mem 0x80000000-0x8fffffff 64bit pref]
[    0.398087] ACPI: PCI Interrupt Link [LNKA] (IRQs 1 3 4 5 6 7 10 12 14 15) *0, disabled.
[    0.398131] ACPI: PCI Interrupt Link [LNKB] (IRQs 1 3 4 5 6 7 11 12 14 15) *0, disabled.
[    0.398176] ACPI: PCI Interrupt Link [LNKC] (IRQs 1 3 4 5 6 7 10 12 14 15) *0, disabled.
[    0.398217] ACPI: PCI Interrupt Link [LNKD] (IRQs 1 3 4 5 6 7 11 12 14 15) *0, disabled.
[    0.398258] ACPI: PCI Interrupt Link [LNKE] (IRQs 1 3 4 5 6 7 10 12 14 15) *0, disabled.
[    0.398303] ACPI: PCI Interrupt Link [LNKF] (IRQs 1 3 4 5 6 7 11 12 14 15) *0, disabled.
[    0.398343] ACPI: PCI Interrupt Link [LNKG] (IRQs 1 3 4 5 6 7 10 12 14 15) *0, disabled.
[    0.398384] ACPI: PCI Interrupt Link [LNKH] (IRQs 1 3 4 5 6 7 11 12 14 15) *0, disabled.
[    0.398526] ACPI: EC: interrupt unblocked
[    0.398543] ACPI: EC: event unblocked
[    0.398548] ACPI: \_SB_.PCI0.LPCB.EC__: GPE=0x17, EC_CMD/EC_SC=0x66, EC_DATA=0x62
[    0.398549] ACPI: \_SB_.PCI0.LPCB.EC__: Used as boot DSDT EC to handle transactions and events
[    0.398592] pci 0000:00:02.0: vgaarb: setting as boot VGA device
[    0.398592] pci 0000:00:02.0: vgaarb: VGA device added: decodes=io+mem,owns=io+mem,locks=none
[    0.398592] pci 0000:00:02.0: vgaarb: bridge control possible
[    0.398592] vgaarb: loaded
[    0.398592] SCSI subsystem initialized
[    0.398592] libata version 3.00 loaded.
[    0.398592] ACPI: bus type USB registered
[    0.398592] usbcore: registered new interface driver usbfs
[    0.398592] usbcore: registered new interface driver hub
[    0.398592] usbcore: registered new device driver usb
[    0.398592] pps_core: LinuxPPS API ver. 1 registered
[    0.398592] pps_core: Software ver. 5.3.6 - Copyright 2005-2007 Rodolfo Giometti <giometti@linux.it>
[    0.398592] PTP clock support registered
[    0.398592] EDAC MC: Ver: 3.0.0
[    0.398592] Registered efivars operations
[    0.548796] PCI: Using ACPI for IRQ routing
[    0.551342] PCI: pci_cache_line_size set to 64 bytes
[    0.551438] e820: reserve RAM buffer [mem 0x00058000-0x0005ffff]
[    0.551440] e820: reserve RAM buffer [mem 0x662f4710-0x67ffffff]
[    0.551441] e820: reserve RAM buffer [mem 0x78d01000-0x7bffffff]
[    0.551442] e820: reserve RAM buffer [mem 0x78d5d000-0x7bffffff]
[    0.551444] e820: reserve RAM buffer [mem 0x78e3a000-0x7bffffff]
[    0.551444] e820: reserve RAM buffer [mem 0x78ecc000-0x7bffffff]
[    0.551445] e820: reserve RAM buffer [mem 0x78f85000-0x7bffffff]
[    0.551446] e820: reserve RAM buffer [mem 0x79000000-0x7bffffff]
[    0.551447] e820: reserve RAM buffer [mem 0x47f600000-0x47fffffff]
[    0.551516] NetLabel: Initializing
[    0.551517] NetLabel:  domain hash size = 128
[    0.551517] NetLabel:  protocols = UNLABELED CIPSOv4 CALIPSO
[    0.551527] NetLabel:  unlabeled traffic allowed by default
[    0.551530] hpet0: at MMIO 0xfed00000, IRQs 2, 8, 0, 0, 0, 0, 0, 0
[    0.551530] hpet0: 8 comparators, 64-bit 14.318180 MHz counter
[    0.553454] clocksource: Switched to clocksource tsc-early
[    0.562887] VFS: Disk quotas dquot_6.6.0
[    0.562901] VFS: Dquot-cache hash table entries: 512 (order 0, 4096 bytes)
[    0.562949] pnp: PnP ACPI init
[    0.563649] system 00:00: [mem 0xfed00000-0xfed03fff] has been reserved
[    0.563653] system 00:00: Plug and Play ACPI device, IDs PNP0103 PNP0c01 (active)
[    0.563685] system 00:01: [io  0xffff] has been reserved
[    0.563686] system 00:01: [io  0x1800-0x187f] has been reserved
[    0.563688] system 00:01: [io  0x0800-0x087f] has been reserved
[    0.563691] system 00:01: Plug and Play ACPI device, IDs PNP0c02 (active)
[    0.563702] pnp 00:02: Plug and Play ACPI device, IDs PNP0b00 (active)
[    0.563747] pnp 00:03: Plug and Play ACPI device, IDs APP000b (active)
[    0.563846] system 00:04: [mem 0xfed1c000-0xfed1ffff] has been reserved
[    0.563847] system 00:04: [mem 0xfed10000-0xfed17fff] has been reserved
[    0.563848] system 00:04: [mem 0xfed18000-0xfed18fff] has been reserved
[    0.563849] system 00:04: [mem 0xfed19000-0xfed19fff] has been reserved
[    0.563851] system 00:04: [mem 0xe0000000-0xefffffff] could not be reserved
[    0.563852] system 00:04: [mem 0xfed20000-0xfed3ffff] has been reserved
[    0.563853] system 00:04: [mem 0xfed90000-0xfed93fff] could not be reserved
[    0.563854] system 00:04: [mem 0xfed45000-0xfed8ffff] has been reserved
[    0.563856] system 00:04: [mem 0xff000000-0xffffffff] could not be reserved
[    0.563857] system 00:04: [mem 0xfee00000-0xfeefffff] has been reserved
[    0.563859] system 00:04: Plug and Play ACPI device, IDs PNP0c02 (active)
[    0.563896] system 00:05: [mem 0x20000000-0x201fffff] could not be reserved
[    0.563898] system 00:05: [mem 0x40000000-0x401fffff] could not be reserved
[    0.563900] system 00:05: Plug and Play ACPI device, IDs PNP0c01 (active)
[    0.564006] pnp: PnP ACPI: found 6 devices
[    0.564827] pci 0000:07:00.0: assigning 8 device properties
[    0.564837] pci 0000:00:1b.0: assigning 4 device properties
[    0.564841] pci 0000:00:02.0: assigning 2 device properties
[    0.569413] clocksource: acpi_pm: mask: 0xffffff max_cycles: 0xffffff, max_idle_ns: 2085701024 ns
[    0.569448] pci 0000:06:00.0: bridge window [io  0x1000-0x0fff] to [bus 07] add_size 1000
[    0.569450] pci 0000:06:00.0: bridge window [mem 0x00100000-0x000fffff 64bit pref] to [bus 07] add_size 200000 add_align 100000
[    0.569460] pci 0000:06:04.0: bridge window [io  0x1000-0x0fff] to [bus 39] add_size 1000
[    0.569462] pci 0000:06:04.0: bridge window [mem 0x00100000-0x000fffff 64bit pref] to [bus 39] add_size 200000 add_align 100000
[    0.569463] pci 0000:06:04.0: bridge window [mem 0x00100000-0x000fffff] to [bus 39] add_size 200000 add_align 100000
[    0.569473] pci 0000:06:06.0: bridge window [io  0x1000-0x0fff] to [bus 6b] add_size 1000
[    0.569475] pci 0000:06:06.0: bridge window [mem 0x00100000-0x000fffff 64bit pref] to [bus 6b] add_size 200000 add_align 100000
[    0.569476] pci 0000:06:06.0: bridge window [mem 0x00100000-0x000fffff] to [bus 6b] add_size 200000 add_align 100000
[    0.569494] pci 0000:00:1c.0: bridge window [io  0x1000-0x0fff] to [bus 02] add_size 1000
[    0.569495] pci 0000:00:1c.0: bridge window [mem 0x00100000-0x000fffff 64bit pref] to [bus 02] add_size 200000 add_align 100000
[    0.569497] pci 0000:00:1c.0: bridge window [mem 0x00100000-0x000fffff] to [bus 02] add_size 200000 add_align 100000
[    0.569515] pci 0000:00:1c.0: BAR 14: assigned [mem 0x7fc00000-0x7fdfffff]
[    0.569521] pci 0000:00:1c.0: BAR 15: assigned [mem 0x7fe00000-0x7fffffff 64bit pref]
[    0.569523] pci 0000:00:1c.0: BAR 13: assigned [io  0x2000-0x2fff]
[    0.569525] pci 0000:00:01.0: PCI bridge to [bus 01]
[    0.569527] pci 0000:00:01.0:   bridge window [mem 0xa0b00000-0xa0bfffff]
[    0.569534] pci 0000:06:00.0: BAR 15: no space for [mem size 0x00200000 64bit pref]
[    0.569535] pci 0000:06:00.0: BAR 15: failed to assign [mem size 0x00200000 64bit pref]
[    0.569536] pci 0000:06:04.0: BAR 14: no space for [mem size 0x00200000]
[    0.569537] pci 0000:06:04.0: BAR 14: failed to assign [mem size 0x00200000]
[    0.569539] pci 0000:06:04.0: BAR 15: no space for [mem size 0x00200000 64bit pref]
[    0.569540] pci 0000:06:04.0: BAR 15: failed to assign [mem size 0x00200000 64bit pref]
[    0.569541] pci 0000:06:06.0: BAR 14: no space for [mem size 0x00200000]
[    0.569542] pci 0000:06:06.0: BAR 14: failed to assign [mem size 0x00200000]
[    0.569544] pci 0000:06:06.0: BAR 15: no space for [mem size 0x00200000 64bit pref]
[    0.569545] pci 0000:06:06.0: BAR 15: failed to assign [mem size 0x00200000 64bit pref]
[    0.569546] pci 0000:06:00.0: BAR 13: no space for [io  size 0x1000]
[    0.569547] pci 0000:06:00.0: BAR 13: failed to assign [io  size 0x1000]
[    0.569548] pci 0000:06:04.0: BAR 13: no space for [io  size 0x1000]
[    0.569549] pci 0000:06:04.0: BAR 13: failed to assign [io  size 0x1000]
[    0.569550] pci 0000:06:06.0: BAR 13: no space for [io  size 0x1000]
[    0.569550] pci 0000:06:06.0: BAR 13: failed to assign [io  size 0x1000]
[    0.569552] pci 0000:06:06.0: BAR 14: no space for [mem size 0x00200000]
[    0.569553] pci 0000:06:06.0: BAR 14: failed to assign [mem size 0x00200000]
[    0.569555] pci 0000:06:06.0: BAR 15: no space for [mem size 0x00200000 64bit pref]
[    0.569556] pci 0000:06:06.0: BAR 15: failed to assign [mem size 0x00200000 64bit pref]
[    0.569557] pci 0000:06:06.0: BAR 13: no space for [io  size 0x1000]
[    0.569558] pci 0000:06:06.0: BAR 13: failed to assign [io  size 0x1000]
[    0.569559] pci 0000:06:04.0: BAR 14: no space for [mem size 0x00200000]
[    0.569560] pci 0000:06:04.0: BAR 14: failed to assign [mem size 0x00200000]
[    0.569562] pci 0000:06:04.0: BAR 15: no space for [mem size 0x00200000 64bit pref]
[    0.569562] pci 0000:06:04.0: BAR 15: failed to assign [mem size 0x00200000 64bit pref]
[    0.569563] pci 0000:06:04.0: BAR 13: no space for [io  size 0x1000]
[    0.569564] pci 0000:06:04.0: BAR 13: failed to assign [io  size 0x1000]
[    0.569566] pci 0000:06:00.0: BAR 15: no space for [mem size 0x00200000 64bit pref]
[    0.569567] pci 0000:06:00.0: BAR 15: failed to assign [mem size 0x00200000 64bit pref]
[    0.569568] pci 0000:06:00.0: BAR 13: no space for [io  size 0x1000]
[    0.569569] pci 0000:06:00.0: BAR 13: failed to assign [io  size 0x1000]
[    0.569570] pci 0000:06:00.0: PCI bridge to [bus 07]
[    0.569573] pci 0000:06:00.0:   bridge window [mem 0xa0d00000-0xa0dfffff]
[    0.569579] pci 0000:06:03.0: PCI bridge to [bus 08-38]
[    0.569581] pci 0000:06:03.0:   bridge window [io  0x4000-0x4fff]
[    0.569584] pci 0000:06:03.0:   bridge window [mem 0xa0e00000-0xa4dfffff]
[    0.569587] pci 0000:06:03.0:   bridge window [mem 0xace00000-0xb0dfffff 64bit pref]
[    0.569591] pci 0000:06:04.0: PCI bridge to [bus 39]
[    0.569599] pci 0000:06:05.0: PCI bridge to [bus 3a-6a]
[    0.569601] pci 0000:06:05.0:   bridge window [io  0x5000-0x5fff]
[    0.569604] pci 0000:06:05.0:   bridge window [mem 0xa4e00000-0xa8dfffff]
[    0.569606] pci 0000:06:05.0:   bridge window [mem 0xb0e00000-0xb4dfffff 64bit pref]
[    0.569610] pci 0000:06:06.0: PCI bridge to [bus 6b]
[    0.569618] pci 0000:05:00.0: PCI bridge to [bus 06-6b]
[    0.569620] pci 0000:05:00.0:   bridge window [io  0x4000-0x5fff]
[    0.569623] pci 0000:05:00.0:   bridge window [mem 0xa0d00000-0xa8dfffff]
[    0.569626] pci 0000:05:00.0:   bridge window [mem 0xace00000-0xb4dfffff 64bit pref]
[    0.569629] pci 0000:00:01.1: PCI bridge to [bus 05-9b]
[    0.569631] pci 0000:00:01.1:   bridge window [io  0x4000-0x6fff]
[    0.569633] pci 0000:00:01.1:   bridge window [mem 0xa0d00000-0xacdfffff]
[    0.569634] pci 0000:00:01.1:   bridge window [mem 0xace00000-0xb8dfffff 64bit pref]
[    0.569637] pci 0000:00:1c.0: PCI bridge to [bus 02]
[    0.569644] pci 0000:00:1c.0:   bridge window [io  0x2000-0x2fff]
[    0.569648] pci 0000:00:1c.0:   bridge window [mem 0x7fc00000-0x7fdfffff]
[    0.569651] pci 0000:00:1c.0:   bridge window [mem 0x7fe00000-0x7fffffff 64bit pref]
[    0.569656] pci 0000:00:1c.2: PCI bridge to [bus 03]
[    0.569660] pci 0000:00:1c.2:   bridge window [mem 0xa0400000-0xa08fffff]
[    0.569667] pci 0000:00:1c.3: PCI bridge to [bus 04]
[    0.569671] pci 0000:00:1c.3:   bridge window [mem 0xa0900000-0xa0afffff]
[    0.569675] pci 0000:00:1c.3:   bridge window [mem 0x80000000-0x8fffffff 64bit pref]
[    0.569680] pci_bus 0000:00: resource 4 [io  0x0000-0x0cf7 window]
[    0.569681] pci_bus 0000:00: resource 5 [io  0x0d00-0xffff window]
[    0.569682] pci_bus 0000:00: resource 6 [mem 0x000a0000-0x000bffff window]
[    0.569683] pci_bus 0000:00: resource 7 [mem 0x000c0000-0x000c3fff window]
[    0.569684] pci_bus 0000:00: resource 8 [mem 0x000c4000-0x000c7fff window]
[    0.569685] pci_bus 0000:00: resource 9 [mem 0x000c8000-0x000cbfff window]
[    0.569686] pci_bus 0000:00: resource 10 [mem 0x000cc000-0x000cffff window]
[    0.569687] pci_bus 0000:00: resource 11 [mem 0x000d0000-0x000d3fff window]
[    0.569688] pci_bus 0000:00: resource 12 [mem 0x000d4000-0x000d7fff window]
[    0.569689] pci_bus 0000:00: resource 13 [mem 0x000d8000-0x000dbfff window]
[    0.569690] pci_bus 0000:00: resource 14 [mem 0x000dc000-0x000dffff window]
[    0.569691] pci_bus 0000:00: resource 15 [mem 0x000e0000-0x000e3fff window]
[    0.569692] pci_bus 0000:00: resource 16 [mem 0x000e4000-0x000e7fff window]
[    0.569693] pci_bus 0000:00: resource 17 [mem 0x000e8000-0x000ebfff window]
[    0.569694] pci_bus 0000:00: resource 18 [mem 0x000ec000-0x000effff window]
[    0.569695] pci_bus 0000:00: resource 19 [mem 0x000f0000-0x000fffff window]
[    0.569696] pci_bus 0000:00: resource 20 [mem 0x7fa00000-0xfeafffff window]
[    0.569697] pci_bus 0000:00: resource 21 [mem 0xfed40000-0xfed44fff window]
[    0.569698] pci_bus 0000:01: resource 1 [mem 0xa0b00000-0xa0bfffff]
[    0.569699] pci_bus 0000:05: resource 0 [io  0x4000-0x6fff]
[    0.569700] pci_bus 0000:05: resource 1 [mem 0xa0d00000-0xacdfffff]
[    0.569701] pci_bus 0000:05: resource 2 [mem 0xace00000-0xb8dfffff 64bit pref]
[    0.569702] pci_bus 0000:06: resource 0 [io  0x4000-0x5fff]
[    0.569703] pci_bus 0000:06: resource 1 [mem 0xa0d00000-0xa8dfffff]
[    0.569704] pci_bus 0000:06: resource 2 [mem 0xace00000-0xb4dfffff 64bit pref]
[    0.569705] pci_bus 0000:07: resource 1 [mem 0xa0d00000-0xa0dfffff]
[    0.569706] pci_bus 0000:08: resource 0 [io  0x4000-0x4fff]
[    0.569707] pci_bus 0000:08: resource 1 [mem 0xa0e00000-0xa4dfffff]
[    0.569708] pci_bus 0000:08: resource 2 [mem 0xace00000-0xb0dfffff 64bit pref]
[    0.569709] pci_bus 0000:3a: resource 0 [io  0x5000-0x5fff]
[    0.569710] pci_bus 0000:3a: resource 1 [mem 0xa4e00000-0xa8dfffff]
[    0.569711] pci_bus 0000:3a: resource 2 [mem 0xb0e00000-0xb4dfffff 64bit pref]
[    0.569712] pci_bus 0000:02: resource 0 [io  0x2000-0x2fff]
[    0.569712] pci_bus 0000:02: resource 1 [mem 0x7fc00000-0x7fdfffff]
[    0.569713] pci_bus 0000:02: resource 2 [mem 0x7fe00000-0x7fffffff 64bit pref]
[    0.569714] pci_bus 0000:03: resource 1 [mem 0xa0400000-0xa08fffff]
[    0.569715] pci_bus 0000:04: resource 1 [mem 0xa0900000-0xa0afffff]
[    0.569716] pci_bus 0000:04: resource 2 [mem 0x80000000-0x8fffffff 64bit pref]
[    0.569817] NET: Registered protocol family 2
[    0.569933] tcp_listen_portaddr_hash hash table entries: 8192 (order: 5, 131072 bytes)
[    0.569976] TCP established hash table entries: 131072 (order: 8, 1048576 bytes)
[    0.570123] TCP bind hash table entries: 65536 (order: 8, 1048576 bytes)
[    0.570238] TCP: Hash tables configured (established 131072 bind 65536)
[    0.570266] UDP hash table entries: 8192 (order: 6, 262144 bytes)
[    0.570301] UDP-Lite hash table entries: 8192 (order: 6, 262144 bytes)
[    0.570365] NET: Registered protocol family 1
[    0.570368] NET: Registered protocol family 44
[    0.570376] pci 0000:00:02.0: Video device with shadowed ROM at [mem 0x000c0000-0x000dffff]
[    0.570603] PCI: CLS 256 bytes, default 64
[    0.570629] Unpacking initramfs...
[    1.721083] Freeing initrd memory: 92884K
[    1.726486] PCI-DMA: Using software bounce buffering for IO (SWIOTLB)
[    1.726489] software IO TLB: mapped [mem 0x5f070000-0x63070000] (64MB)
[    1.729629] Initialise system trusted keyrings
[    1.729641] Key type blacklist registered
[    1.729680] workingset: timestamp_bits=36 max_order=22 bucket_order=0
[    1.730949] zbud: loaded
[    1.864704] alg: No test for 842 (842-generic)
[    1.865274] alg: No test for 842 (842-scomp)
[    1.885599] NET: Registered protocol family 38
[    1.885602] Key type asymmetric registered
[    1.885602] Asymmetric key parser 'x509' registered
[    1.885614] Block layer SCSI generic (bsg) driver version 0.4 loaded (major 243)
[    1.885641] io scheduler mq-deadline registered
[    1.885700] atomic64_test: passed for x86-64 platform with CX8 and with SSE
[    1.886117] pciehp 0000:00:1c.0:pcie004: Slot #0 AttnBtn- PwrCtrl- MRL- AttnInd- PwrInd- HotPlug+ Surprise+ Interlock- NoCompl+ LLActRep+
[    1.886703] pciehp 0000:06:00.0:pcie204: Slot #0 AttnBtn- PwrCtrl- MRL- AttnInd- PwrInd- HotPlug+ Surprise+ Interlock- NoCompl+ LLActRep+
[    1.886893] pciehp 0000:06:03.0:pcie204: Slot #3 AttnBtn- PwrCtrl- MRL- AttnInd- PwrInd- HotPlug+ Surprise+ Interlock- NoCompl+ LLActRep+
[    1.887076] pciehp 0000:06:04.0:pcie204: Slot #4 AttnBtn- PwrCtrl- MRL- AttnInd- PwrInd- HotPlug+ Surprise+ Interlock- NoCompl+ LLActRep+
[    1.887237] pciehp 0000:06:05.0:pcie204: Slot #5 AttnBtn- PwrCtrl- MRL- AttnInd- PwrInd- HotPlug+ Surprise+ Interlock- NoCompl+ LLActRep+
[    1.887396] pciehp 0000:06:06.0:pcie204: Slot #6 AttnBtn- PwrCtrl- MRL- AttnInd- PwrInd- HotPlug+ Surprise+ Interlock- NoCompl+ LLActRep+
[    1.887485] shpchp: Standard Hot Plug PCI Controller Driver version: 0.4
[    1.887502] efifb: probing for efifb
[    1.887516] efifb: No BGRT, not showing boot graphics
[    1.887517] efifb: framebuffer at 0x90000000, using 20700k, total 20700k
[    1.887518] efifb: mode is 2880x1800x32, linelength=11776, pages=1
[    1.887518] efifb: scrolling: redraw
[    1.887520] efifb: Truecolor: size=8:8:8:8, shift=24:16:8:0
[    1.887553] fbcon: Deferring console take-over
[    1.887554] fb0: EFI VGA frame buffer device
[    1.887560] intel_idle: MWAIT substates: 0x42120
[    1.887561] intel_idle: v0.4.1 model 0x46
[    1.887797] intel_idle: lapic_timer_reliable_states 0xffffffff
[    1.887895] ACPI: AC Adapter [ADP1] (on-line)
[    1.887945] input: Lid Switch as /devices/LNXSYSTM:00/LNXSYBUS:00/PNP0C0D:00/input/input0
[    1.887971] ACPI: Lid Switch [LID0]
[    1.888005] input: Power Button as /devices/LNXSYSTM:00/LNXSYBUS:00/PNP0C0C:00/input/input1
[    1.888011] ACPI: Power Button [PWRB]
[    1.888032] input: Sleep Button as /devices/LNXSYSTM:00/LNXSYBUS:00/PNP0C0E:00/input/input2
[    1.888036] ACPI: Sleep Button [SLPB]
[    1.888055] input: Power Button as /devices/LNXSYSTM:00/LNXPWRBN:00/input/input3
[    1.888066] ACPI: Power Button [PWRF]
[    1.888732] Serial: 8250/16550 driver, 32 ports, IRQ sharing enabled
[    1.890006] Non-volatile memory driver v1.3
[    1.890026] Linux agpgart interface v0.103
[    1.890608] ahci 0000:01:00.0: version 3.0
[    1.910917] ahci 0000:01:00.0: AHCI 0001.0300 32 slots 1 ports 6 Gbps 0x1 impl SATA mode
[    1.910921] ahci 0000:01:00.0: flags: 64bit ncq led clo only pio ccc 
[    1.911302] scsi host0: ahci
[    1.911390] ata1: SATA max UDMA/133 abar m8192@0xa0b00000 port 0xa0b00100 irq 33
[    1.911491] libphy: Fixed MDIO Bus: probed
[    1.911634] ehci_hcd: USB 2.0 'Enhanced' Host Controller (EHCI) Driver
[    1.911638] ehci-pci: EHCI PCI platform driver
[    1.911656] ohci_hcd: USB 1.1 'Open' Host Controller (OHCI) Driver
[    1.911658] ohci-pci: OHCI PCI platform driver
[    1.911668] uhci_hcd: USB Universal Host Controller Interface driver
[    1.911843] xhci_hcd 0000:00:14.0: xHCI Host Controller
[    1.911969] xhci_hcd 0000:00:14.0: new USB bus registered, assigned bus number 1
[    1.913051] xhci_hcd 0000:00:14.0: hcc params 0x200077c1 hci version 0x100 quirks 0x0000000000009810
[    1.913056] xhci_hcd 0000:00:14.0: cache line size of 256 is not supported
[    1.913236] usb usb1: New USB device found, idVendor=1d6b, idProduct=0002, bcdDevice= 5.00
[    1.913237] usb usb1: New USB device strings: Mfr=3, Product=2, SerialNumber=1
[    1.913239] usb usb1: Product: xHCI Host Controller
[    1.913240] usb usb1: Manufacturer: Linux 5.0.0-rc8+ xhci-hcd
[    1.913241] usb usb1: SerialNumber: 0000:00:14.0
[    1.913406] hub 1-0:1.0: USB hub found
[    1.913452] hub 1-0:1.0: 14 ports detected
[    1.913756] xhci_hcd 0000:00:14.0: xHCI Host Controller
[    1.913840] xhci_hcd 0000:00:14.0: new USB bus registered, assigned bus number 2
[    1.913843] xhci_hcd 0000:00:14.0: Host supports USB 3.0  SuperSpeed
[    1.913887] usb usb2: New USB device found, idVendor=1d6b, idProduct=0003, bcdDevice= 5.00
[    1.913889] usb usb2: New USB device strings: Mfr=3, Product=2, SerialNumber=1
[    1.913890] usb usb2: Product: xHCI Host Controller
[    1.913891] usb usb2: Manufacturer: Linux 5.0.0-rc8+ xhci-hcd
[    1.913892] usb usb2: SerialNumber: 0000:00:14.0
[    1.913983] hub 2-0:1.0: USB hub found
[    1.913999] hub 2-0:1.0: 6 ports detected
[    1.914033] usb: port power management may be unreliable
[    1.914165] usbcore: registered new interface driver usbserial_generic
[    1.914169] usbserial: USB Serial support registered for generic
[    1.914187] i8042: PNP: No PS/2 controller found.
[    1.914220] mousedev: PS/2 mouse device common for all mice
[    1.914340] rtc_cmos 00:02: RTC can wake from S4
[    1.914505] rtc_cmos 00:02: registered as rtc0
[    1.914507] rtc_cmos 00:02: alarms up to one month, y3k, 242 bytes nvram, hpet irqs
[    1.914564] device-mapper: uevent: version 1.0.3
[    1.914602] device-mapper: ioctl: 4.39.0-ioctl (2018-04-03) initialised: dm-devel@redhat.com
[    1.914680] intel_pstate: Intel P-state driver initializing
[    1.915129] hidraw: raw HID events driver (C) Jiri Kosina
[    1.915244] usbcore: registered new interface driver usbhid
[    1.915246] usbhid: USB HID core driver
[    1.915561] drop_monitor: Initializing network drop monitor service
[    1.915960] Initializing XFRM netlink socket
[    1.916245] NET: Registered protocol family 10
[    1.925777] Segment Routing with IPv6
[    1.925798] mip6: Mobile IPv6
[    1.925799] NET: Registered protocol family 17
[    1.926576] RAS: Correctable Errors collector initialized.
[    1.926600] microcode: sig=0x40661, pf=0x20, revision=0x1a
[    1.926752] microcode: Microcode Update Driver: v2.2.
[    1.926762] AVX2 version of gcm_enc/dec engaged.
[    1.926762] AES CTR mode by8 optimization enabled
[    1.959872] sched_clock: Marking stable (1959595836, 255683)->(2044871751, -85020232)
[    1.960163] registered taskstats version 1
[    1.960171] Loading compiled-in X.509 certificates
[    1.990873] Loaded X.509 cert 'Build time autogenerated kernel key: 307e4e8a55fe74f83f10b61aeadbf24a5fc6325b'
[    1.990887] zswap: loaded using pool lzo/zbud
[    1.995768] Key type big_key registered
[    1.997788] Key type encrypted registered
[    1.997799] ima: No TPM chip found, activating TPM-bypass!
[    1.997806] ima: Allocated hash algorithm: sha1
[    1.997809] No architecture policies found
[    1.998329]   Magic number: 7:647:530
[    1.998346] tty ttyS10: hash matches
[    1.998451] rtc_cmos 00:02: setting system clock to 2019-02-27T11:32:06 UTC (1551267126)
[    2.234732] usb 2-4: new SuperSpeed Gen 1 USB device number 2 using xhci_hcd
[    2.238746] ata1: SATA link up 6.0 Gbps (SStatus 133 SControl 300)
[    2.239146] ata1.00: unexpected _GTF length (8)
[    2.239377] ata1.00: ATA-8: APPLE SSD SM0256G, BXW1SA0Q, max UDMA/133
[    2.239379] ata1.00: 490234752 sectors, multi 16: LBA48 NCQ (depth 32), AA
[    2.239849] ata1.00: unexpected _GTF length (8)
[    2.240081] ata1.00: configured for UDMA/133
[    2.240328] scsi 0:0:0:0: Direct-Access     ATA      APPLE SSD SM0256 SA0Q PQ: 0 ANSI: 5
[    2.240642] sd 0:0:0:0: Attached scsi generic sg0 type 0
[    2.240701] sd 0:0:0:0: [sda] 490234752 512-byte logical blocks: (251 GB/234 GiB)
[    2.240703] sd 0:0:0:0: [sda] 4096-byte physical blocks
[    2.240739] sd 0:0:0:0: [sda] Write Protect is off
[    2.240742] sd 0:0:0:0: [sda] Mode Sense: 00 3a 00 00
[    2.240775] sd 0:0:0:0: [sda] Write cache: enabled, read cache: enabled, doesn't support DPO or FUA
[    2.242264]  sda: sda1 sda2 sda3 sda4
[    2.242793] sd 0:0:0:0: [sda] Attached SCSI disk
[    2.243770] Freeing unused decrypted memory: 2040K
[    2.244111] Freeing unused kernel image memory: 2156K
[    2.249050] usb 2-4: New USB device found, idVendor=05ac, idProduct=8406, bcdDevice= 8.20
[    2.249052] usb 2-4: New USB device strings: Mfr=3, Product=4, SerialNumber=5
[    2.249053] usb 2-4: Product: Card Reader
[    2.249055] usb 2-4: Manufacturer: Apple
[    2.249056] usb 2-4: SerialNumber: 000000000820
[    2.250475] Write protecting the kernel read-only data: 18432k
[    2.250989] Freeing unused kernel image memory: 2020K
[    2.251089] Freeing unused kernel image memory: 68K
[    2.258351] x86/mm: Checked W+X mappings: passed, no W+X pages found.
[    2.258355] rodata_test: all tests were successful
[    2.258356] x86/mm: Checking user space page tables
[    2.265015] x86/mm: Checked W+X mappings: passed, no W+X pages found.
[    2.265016] Run /init as init process
[    2.361681] usb 1-8: new full-speed USB device number 2 using xhci_hcd
[    2.508325] usb 1-8: New USB device found, idVendor=05ac, idProduct=8290, bcdDevice= 1.61
[    2.508331] usb 1-8: New USB device strings: Mfr=1, Product=2, SerialNumber=0
[    2.508336] usb 1-8: Product: Bluetooth USB Host Controller
[    2.508340] usb 1-8: Manufacturer: Broadcom Corp.
[    2.511503] input: Broadcom Corp. Bluetooth USB Host Controller as /devices/pci0000:00/0000:00:14.0/usb1/1-8/1-8:1.0/0003:05AC:8290.0001/input/input4
[    2.563761] hid-generic 0003:05AC:8290.0001: input,hidraw0: USB HID v1.11 Keyboard [Broadcom Corp. Bluetooth USB Host Controller] on usb-0000:00:14.0-8/input0
[    2.564456] input: Broadcom Corp. Bluetooth USB Host Controller as /devices/pci0000:00/0000:00:14.0/usb1/1-8/1-8:1.1/0003:05AC:8290.0002/input/input5
[    2.564664] hid-generic 0003:05AC:8290.0002: input,hidraw1: USB HID v1.11 Mouse [Broadcom Corp. Bluetooth USB Host Controller] on usb-0000:00:14.0-8/input1
[    2.568938] systemd[1]: systemd 239 running in system mode. (+PAM +AUDIT +SELINUX +IMA -APPARMOR +SMACK +SYSVINIT +UTMP +LIBCRYPTSETUP +GCRYPT +GNUTLS +ACL +XZ +LZ4 +SECCOMP +BLKID +ELFUTILS +KMOD +IDN2 -IDN +PCRE2 default-hierarchy=hybrid)
[    2.580629] systemd[1]: Detected architecture x86-64.
[    2.580633] systemd[1]: Running in initial RAM disk.
[    2.583825] systemd[1]: Set hostname to <im-mac>.
[    2.634305] systemd[1]: Created slice system-systemd\x2dhibernate\x2dresume.slice.
[    2.634421] systemd[1]: Listening on udev Kernel Socket.
[    2.634456] systemd[1]: Reached target Swap.
[    2.634466] systemd[1]: Reached target Slices.
[    2.634721] systemd[1]: Created slice system-systemd\x2dcryptsetup.slice.
[    2.634829] systemd[1]: Listening on Journal Socket (/dev/log).
[    2.678462] usb 1-12: new full-speed USB device number 3 using xhci_hcd
[    2.683090] audit: type=1130 audit(1551267127.184:2): pid=1 uid=0 auid=4294967295 ses=4294967295 subj=kernel msg='unit=systemd-journald comm="systemd" exe="/usr/lib/systemd/systemd" hostname=? addr=? terminal=? res=success'
[    2.689727] audit: type=1130 audit(1551267127.191:3): pid=1 uid=0 auid=4294967295 ses=4294967295 subj=kernel msg='unit=systemd-vconsole-setup comm="systemd" exe="/usr/lib/systemd/systemd" hostname=? addr=? terminal=? res=success'
[    2.689730] audit: type=1131 audit(1551267127.191:4): pid=1 uid=0 auid=4294967295 ses=4294967295 subj=kernel msg='unit=systemd-vconsole-setup comm="systemd" exe="/usr/lib/systemd/systemd" hostname=? addr=? terminal=? res=success'
[    2.752482] tsc: Refined TSC clocksource calibration: 2194.917 MHz
[    2.752490] clocksource: tsc: mask: 0xffffffffffffffff max_cycles: 0x1fa37107ca2, max_idle_ns: 440795258165 ns
[    2.752518] clocksource: Switched to clocksource tsc
[    2.806316] usb 1-12: New USB device found, idVendor=05ac, idProduct=0274, bcdDevice= 6.24
[    2.806320] usb 1-12: New USB device strings: Mfr=1, Product=2, SerialNumber=3
[    2.806322] usb 1-12: Product: Apple Internal Keyboard / Trackpad
[    2.806324] usb 1-12: Manufacturer: Apple Inc.
[    2.806326] usb 1-12: SerialNumber: D3H61830CG1FTV4A16PF
[    2.864258] audit: type=1130 audit(1551267127.364:5): pid=1 uid=0 auid=4294967295 ses=4294967295 subj=kernel msg='unit=dracut-cmdline comm="systemd" exe="/usr/lib/systemd/systemd" hostname=? addr=? terminal=? res=success'
[    2.894509] audit: type=1130 audit(1551267127.395:6): pid=1 uid=0 auid=4294967295 ses=4294967295 subj=kernel msg='unit=dracut-pre-udev comm="systemd" exe="/usr/lib/systemd/systemd" hostname=? addr=? terminal=? res=success'
[    2.912073] audit: type=1130 audit(1551267127.412:7): pid=1 uid=0 auid=4294967295 ses=4294967295 subj=kernel msg='unit=systemd-udevd comm="systemd" exe="/usr/lib/systemd/systemd" hostname=? addr=? terminal=? res=success'
[    2.917158] apple 0003:05AC:0274.0003: hiddev96,hidraw2: USB HID v1.10 Device [Apple Inc. Apple Internal Keyboard / Trackpad] on usb-0000:00:14.0-12/input0
[    2.917359] input: Apple Inc. Apple Internal Keyboard / Trackpad as /devices/pci0000:00/0000:00:14.0/usb1/1-12/1-12:1.1/0003:05AC:0274.0004/input/input6
[    2.968642] apple 0003:05AC:0274.0004: input,hiddev97,hidraw3: USB HID v1.10 Keyboard [Apple Inc. Apple Internal Keyboard / Trackpad] on usb-0000:00:14.0-12/input1
[    2.968801] apple 0003:05AC:0274.0005: hiddev98,hidraw4: USB HID v1.10 Device [Apple Inc. Apple Internal Keyboard / Trackpad] on usb-0000:00:14.0-12/input3
[    2.968906] apple 0003:05AC:0274.0006: hiddev99,hidraw5: USB HID v1.10 Device [Apple Inc. Apple Internal Keyboard / Trackpad] on usb-0000:00:14.0-12/input4
[    2.972141] audit: type=1130 audit(1551267127.470:8): pid=1 uid=0 auid=4294967295 ses=4294967295 subj=kernel msg='unit=systemd-udev-trigger comm="systemd" exe="/usr/lib/systemd/systemd" hostname=? addr=? terminal=? res=success'
[    2.986370] audit: type=1130 audit(1551267127.486:9): pid=1 uid=0 auid=4294967295 ses=4294967295 subj=kernel msg='unit=plymouth-start comm="systemd" exe="/usr/lib/systemd/systemd" hostname=? addr=? terminal=? res=success'
[    3.016501] usb-storage 2-4:1.0: USB Mass Storage device detected
[    3.017222] scsi host1: usb-storage 2-4:1.0
[    3.017335] usbcore: registered new interface driver usb-storage
[    3.023918] usbcore: registered new interface driver uas
[    3.150364] audit: type=1130 audit(1551267127.650:10): pid=1 uid=0 auid=4294967295 ses=4294967295 subj=kernel msg='unit=systemd-ask-password-plymouth comm="systemd" exe="/usr/lib/systemd/systemd" hostname=? addr=? terminal=? res=success'
[    3.248337] VFIO - User Level meta-driver version: 0.3
[    3.824209] [drm] Found 128MB of eDRAM
[    3.824350] checking generic (90000000 1437000) vs hw (90000000 10000000)
[    3.824351] fb0: switching to inteldrmfb from EFI VGA
[    3.824400] [drm] Replacing VGA console driver
[    3.824950] [drm] Supports vblank timestamp caching Rev 2 (21.10.2013).
[    3.824950] [drm] Driver supports precise vblank timestamp query.
[    3.824994] i915 0000:00:02.0: vgaarb: changed VGA decodes: olddecodes=io+mem,decodes=io+mem:owns=io+mem
[    3.834456] [drm] Initialized i915 1.6.0 20181204 for 0000:00:02.0 on minor 0
[    3.835291] ACPI: Video Device [IGPU] (multi-head: yes  rom: no  post: no)
[    3.835871] acpi device:57: registered as cooling_device8
[    3.835943] input: Video Bus as /devices/LNXSYSTM:00/LNXSYBUS:00/PNP0A08:00/LNXVIDEO:00/input/input7
[    3.842328] fbcon: inteldrmfb (fb0) is primary device
[    3.842329] fbcon: Deferring console take-over
[    3.842332] i915 0000:00:02.0: fb0: inteldrmfb frame buffer device
[    4.034916] scsi 1:0:0:0: Direct-Access     APPLE    SD Card Reader   3.00 PQ: 0 ANSI: 6
[    4.035292] sd 1:0:0:0: Attached scsi generic sg1 type 0
[    4.036965] sd 1:0:0:0: [sdb] Attached SCSI removable disk
[   11.062430] device-mapper: crypt: xts(aes) using implementation "xts-aes-aesni"
[   11.116925] kauditd_printk_skb: 2 callbacks suppressed
[   11.116926] audit: type=1130 audit(1551267135.617:13): pid=1 uid=0 auid=4294967295 ses=4294967295 subj=kernel msg='unit=systemd-cryptsetup@luks\x2ddd1fa933\x2def9f\x2d402b\x2da2e4\x2d7c9d6fb7ce0d comm="systemd" exe="/usr/lib/systemd/systemd" hostname=? addr=? terminal=? res=success'
[   11.448599] PM: Image not found (code -22)
[   11.449665] audit: type=1130 audit(1551267135.950:14): pid=1 uid=0 auid=4294967295 ses=4294967295 subj=kernel msg='unit=systemd-hibernate-resume@dev-mapper-im\x2d\x2dmac\x2dswap comm="systemd" exe="/usr/lib/systemd/systemd" hostname=? addr=? terminal=? res=success'
[   11.449668] audit: type=1131 audit(1551267135.950:15): pid=1 uid=0 auid=4294967295 ses=4294967295 subj=kernel msg='unit=systemd-hibernate-resume@dev-mapper-im\x2d\x2dmac\x2dswap comm="systemd" exe="/usr/lib/systemd/systemd" hostname=? addr=? terminal=? res=success'
[   11.457689] audit: type=1130 audit(1551267135.958:16): pid=1 uid=0 auid=4294967295 ses=4294967295 subj=kernel msg='unit=systemd-tmpfiles-setup comm="systemd" exe="/usr/lib/systemd/systemd" hostname=? addr=? terminal=? res=success'
[   11.470618] audit: type=1130 audit(1551267135.971:17): pid=1 uid=0 auid=4294967295 ses=4294967295 subj=kernel msg='unit=dracut-initqueue comm="systemd" exe="/usr/lib/systemd/systemd" hostname=? addr=? terminal=? res=success'
[   11.488247] audit: type=1130 audit(1551267135.988:18): pid=1 uid=0 auid=4294967295 ses=4294967295 subj=kernel msg='unit=systemd-fsck-root comm="systemd" exe="/usr/lib/systemd/systemd" hostname=? addr=? terminal=? res=success'
[   11.799897] SGI XFS with ACLs, security attributes, scrub, no debug enabled
[   11.802082] XFS (dm-1): Mounting V5 Filesystem
[   11.812943] XFS (dm-1): Ending clean mount
[   11.925242] audit: type=1130 audit(1551267136.425:19): pid=1 uid=0 auid=4294967295 ses=4294967295 subj=kernel msg='unit=initrd-parse-etc comm="systemd" exe="/usr/lib/systemd/systemd" hostname=? addr=? terminal=? res=success'
[   11.925245] audit: type=1131 audit(1551267136.425:20): pid=1 uid=0 auid=4294967295 ses=4294967295 subj=kernel msg='unit=initrd-parse-etc comm="systemd" exe="/usr/lib/systemd/systemd" hostname=? addr=? terminal=? res=success'
[   12.068768] audit: type=1130 audit(1551267136.569:21): pid=1 uid=0 auid=4294967295 ses=4294967295 subj=kernel msg='unit=dracut-pre-pivot comm="systemd" exe="/usr/lib/systemd/systemd" hostname=? addr=? terminal=? res=success'
[   12.080588] audit: type=1131 audit(1551267136.581:22): pid=1 uid=0 auid=4294967295 ses=4294967295 subj=kernel msg='unit=dracut-pre-pivot comm="systemd" exe="/usr/lib/systemd/systemd" hostname=? addr=? terminal=? res=success'
[   12.167102] systemd-journald[310]: Received SIGTERM from PID 1 (systemd).
[   12.196810] printk: systemd: 14 output lines suppressed due to ratelimiting
[   12.627276] SELinux:  Class xdp_socket not defined in policy.
[   12.627277] SELinux: the above unknown classes and permissions will be allowed
[   12.627280] SELinux:  policy capability network_peer_controls=1
[   12.627280] SELinux:  policy capability open_perms=1
[   12.627281] SELinux:  policy capability extended_socket_class=1
[   12.627281] SELinux:  policy capability always_check_network=0
[   12.627282] SELinux:  policy capability cgroup_seclabel=1
[   12.627282] SELinux:  policy capability nnp_nosuid_transition=1
[   12.647897] systemd[1]: Successfully loaded SELinux policy in 372.446ms.
[   12.683426] systemd[1]: Relabelled /dev, /run and /sys/fs/cgroup in 24.785ms.
[   12.685554] systemd[1]: systemd 239 running in system mode. (+PAM +AUDIT +SELINUX +IMA -APPARMOR +SMACK +SYSVINIT +UTMP +LIBCRYPTSETUP +GCRYPT +GNUTLS +ACL +XZ +LZ4 +SECCOMP +BLKID +ELFUTILS +KMOD +IDN2 -IDN +PCRE2 default-hierarchy=hybrid)
[   12.697644] systemd[1]: Detected architecture x86-64.
[   12.699408] systemd[1]: Set hostname to <im-mac>.
[   12.720976] systemd-sysv-generator[876]: stat() failed on /etc/rc.d/init.d/jexec, ignoring: No such file or directory
[   12.896953] systemd[1]: Stopped Switch Root.
[   12.897167] systemd[1]: systemd-journald.service: Service has no hold-off time (RestartSec=0), scheduling restart.
[   12.897227] systemd[1]: systemd-journald.service: Scheduled restart job, restart counter is at 1.
[   12.897247] systemd[1]: Stopped Journal Service.
[   12.898258] systemd[1]: Starting Journal Service...
[   12.898271] systemd[1]: Stopped target Switch Root.
[   12.899146] systemd[1]: Mounting Huge Pages File System...
[   12.911551] Adding 4194300k swap on /dev/mapper/im--mac-swap.  Priority:-2 extents:1 across:4194300k SSFS
[   12.944761] systemd-journald[882]: Received request to flush runtime journal from PID 1
[   13.111455] apple_gmux: gmux device not present
[   13.116252] smbus_hc ACPI0001:00: SBS HC: offset = 0x20, query_bit = 0x10
[   13.178054] i801_smbus 0000:00:1f.3: SPD Write Disable is set
[   13.178087] i801_smbus 0000:00:1f.3: SMBus using PCI interrupt
[   13.194846] ACPI Warning: SystemIO range 0x0000000000000840-0x000000000000084F conflicts with OpRegion 0x0000000000000800-0x0000000000000863 (\GPIO) (20181213/utaddress-213)
[   13.194863] ACPI: If an ACPI driver is available for this device, you should use it instead of the native driver
[   13.195098] ACPI Warning: SystemIO range 0x0000000000000830-0x000000000000083F conflicts with OpRegion 0x0000000000000800-0x0000000000000863 (\GPIO) (20181213/utaddress-213)
[   13.195103] ACPI: If an ACPI driver is available for this device, you should use it instead of the native driver
[   13.195104] ACPI Warning: SystemIO range 0x0000000000000800-0x000000000000082F conflicts with OpRegion 0x0000000000000810-0x0000000000000813 (\_PR.IO_D) (20181213/utaddress-213)
[   13.195107] ACPI Warning: SystemIO range 0x0000000000000800-0x000000000000082F conflicts with OpRegion 0x0000000000000800-0x0000000000000863 (\GPIO) (20181213/utaddress-213)
[   13.195111] ACPI Warning: SystemIO range 0x0000000000000800-0x000000000000082F conflicts with OpRegion 0x0000000000000810-0x0000000000000813 (\IO_D) (20181213/utaddress-213)
[   13.195114] ACPI Warning: SystemIO range 0x0000000000000800-0x000000000000082F conflicts with OpRegion 0x0000000000000800-0x000000000000080F (\IO_T) (20181213/utaddress-213)
[   13.195116] ACPI: If an ACPI driver is available for this device, you should use it instead of the native driver
[   13.195117] lpc_ich: Resource conflict(s) found affecting gpio_ich
[   13.248568] thunderbolt 0000:07:00.0: 0:1: is unplugged (state: 7)
[   13.248694] thunderbolt 0000:07:00.0: 0:3: is unplugged (state: 7)
[   13.296730] input: bcm5974 as /devices/pci0000:00/0000:00:14.0/usb1/1-12/1-12:1.2/input/input8
[   13.296871] usbcore: registered new interface driver bcm5974
[   13.318403] ACPI: Smart Battery System [SBS0]: Battery Slot [BAT0] (battery present)
[   13.373550] iTCO_vendor_support: vendor-support=0
[   13.390227] applesmc: key=719 fan=2 temp=48 index=43 acc=0 lux=2 kbd=1
[   13.391330] applesmc applesmc.768: hwmon_device_register() is deprecated. Please convert the driver to use hwmon_device_register_with_info().
[   13.397412] iTCO_wdt: Intel TCO WatchDog Timer Driver v1.11
[   13.397476] iTCO_wdt: unable to reset NO_REBOOT flag, device disabled by hardware/BIOS
[   13.415097] snd_hda_intel 0000:00:03.0: Linked as a consumer to 0000:00:02.0
[   13.415143] snd_hda_intel 0000:00:03.0: bound 0000:00:02.0 (ops i915_audio_component_bind_ops [i915])
[   13.446333] input: HDA Intel HDMI HDMI/DP,pcm=3 as /devices/pci0000:00/0000:00:03.0/sound/card0/input9
[   13.446446] input: HDA Intel HDMI HDMI/DP,pcm=7 as /devices/pci0000:00/0000:00:03.0/sound/card0/input10
[   13.446541] input: HDA Intel HDMI HDMI/DP,pcm=8 as /devices/pci0000:00/0000:00:03.0/sound/card0/input11
[   13.446632] input: HDA Intel HDMI HDMI/DP,pcm=9 as /devices/pci0000:00/0000:00:03.0/sound/card0/input12
[   13.446722] input: HDA Intel HDMI HDMI/DP,pcm=10 as /devices/pci0000:00/0000:00:03.0/sound/card0/input13
[   13.448449] snd_hda_codec_cirrus hdaudioC1D0: autoconfig for CS4208: line_outs=2 (0x12/0x13/0x0/0x0/0x0) type:speaker
[   13.448451] snd_hda_codec_cirrus hdaudioC1D0:    speaker_outs=0 (0x0/0x0/0x0/0x0/0x0)
[   13.448453] snd_hda_codec_cirrus hdaudioC1D0:    hp_outs=1 (0x10/0x0/0x0/0x0/0x0)
[   13.448454] snd_hda_codec_cirrus hdaudioC1D0:    mono: mono_out=0x0
[   13.448456] snd_hda_codec_cirrus hdaudioC1D0:    dig-out=0x21/0x0
[   13.448457] snd_hda_codec_cirrus hdaudioC1D0:    inputs:
[   13.448458] snd_hda_codec_cirrus hdaudioC1D0:      Internal Mic=0x1c
[   13.448460] snd_hda_codec_cirrus hdaudioC1D0:      Mic=0x18
[   13.456488] RAPL PMU: API unit is 2^-32 Joules, 4 fixed counters, 655360 ms ovfl timer
[   13.456491] RAPL PMU: hw unit of domain pp0-core 2^-14 Joules
[   13.456491] RAPL PMU: hw unit of domain package 2^-14 Joules
[   13.456492] RAPL PMU: hw unit of domain dram 2^-14 Joules
[   13.456493] RAPL PMU: hw unit of domain pp1-gpu 2^-14 Joules
[   13.471626] cfg80211: Loading compiled-in X.509 certificates for regulatory database
[   13.472557] cfg80211: Loaded X.509 cert 'sforshee: 00b28ddf47aef9cea7'
[   13.481770] input: HDA Intel PCH Mic as /devices/pci0000:00/0000:00:1b.0/sound/card1/input14
[   13.481867] input: HDA Intel PCH Headphone as /devices/pci0000:00/0000:00:1b.0/sound/card1/input15
[   13.481922] input: HDA Intel PCH SPDIF as /devices/pci0000:00/0000:00:1b.0/sound/card1/input16
[   13.496773] Bluetooth: Core ver 2.22
[   13.496803] NET: Registered protocol family 31
[   13.496805] Bluetooth: HCI device and connection manager initialized
[   13.496884] Bluetooth: HCI socket layer initialized
[   13.496887] Bluetooth: L2CAP socket layer initialized
[   13.496894] Bluetooth: SCO socket layer initialized
[   13.537367] usbcore: registered new interface driver btusb
[   13.649938] Bluetooth: hci0: BCM: chip id 102 build 0715
[   13.650934] Bluetooth: hci0: BCM: product 05ac:8290
[   13.652927] Bluetooth: hci0: BCM: features 0x2f
[   13.668942] Bluetooth: hci0: im-mac
[   13.681644] usbcore: registered new interface driver brcmfmac
[   13.708408] intel_rapl: Found RAPL domain package
[   13.708409] intel_rapl: Found RAPL domain core
[   13.708410] intel_rapl: Found RAPL domain uncore
[   13.708410] intel_rapl: Found RAPL domain dram
[   13.746766] XFS (sda3): Mounting V5 Filesystem
[   13.746909] XFS (dm-3): Mounting V5 Filesystem
[   13.748469] XFS (dm-4): Mounting V5 Filesystem
[   13.761670] XFS (sda3): Ending clean mount
[   13.771428] XFS (dm-3): Ending clean mount
[   13.776086] XFS (dm-4): Ending clean mount
[   13.785828] brcmfmac: brcmf_fw_alloc_request: using brcm/brcmfmac43602-pcie for chip BCM43602/1
[   13.789015] brcmfmac 0000:03:00.0: Direct firmware load for brcm/brcmfmac43602-pcie.Apple Inc.-MacBookPro11,4.txt failed with error -2
[   13.789023] brcmfmac 0000:03:00.0: Direct firmware load for brcm/brcmfmac43602-pcie.txt failed with error -2
[   14.070116] Bluetooth: BNEP (Ethernet Emulation) ver 1.3
[   14.070117] Bluetooth: BNEP filters: protocol multicast
[   14.070119] Bluetooth: BNEP socket layer initialized
[   14.304066] brcmfmac: brcmf_fw_alloc_request: using brcm/brcmfmac43602-pcie for chip BCM43602/1
[   14.304325] brcmfmac 0000:03:00.0: Direct firmware load for brcm/brcmfmac43602-pcie.clm_blob failed with error -2
[   14.304327] brcmfmac: brcmf_c_process_clm_blob: no clm_blob available (err=-2), device may have limited channels available
[   14.304867] brcmfmac: brcmf_c_preinit_dcmds: Firmware: BCM43602/1 wl0: Nov 10 2015 06:38:10 version 7.35.177.61 (r598657) FWID 01-ea662a8c
[   14.358679] brcmfmac 0000:03:00.0 wlp3s0: renamed from wlan0
[   15.630667] tun: Universal TUN/TAP device driver, 1.6
[   15.632821] virbr0: port 1(virbr0-nic) entered blocking state
[   15.632824] virbr0: port 1(virbr0-nic) entered disabled state
[   15.632876] device virbr0-nic entered promiscuous mode
[   15.833651] virbr0: port 1(virbr0-nic) entered blocking state
[   15.833653] virbr0: port 1(virbr0-nic) entered listening state
[   15.880180] virbr0: port 1(virbr0-nic) entered disabled state
[   23.850002] IPv6: ADDRCONF(NETDEV_CHANGE): wlp3s0: link becomes ready
[   23.950117] brcmfmac: brcmf_inetaddr_changed: fail to get arp ip table err:-52
[   25.804909] fuse init (API version 7.28)
[   26.115468] Bluetooth: RFCOMM TTY layer initialized
[   26.115474] Bluetooth: RFCOMM socket layer initialized
[   26.115543] Bluetooth: RFCOMM ver 1.11
[   27.060536] rfkill: input handler disabled
[  100.316747] xhci_hcd 0000:00:14.0: Giveback URB 00000000164d2044, len = 18, expected = 96, status = 0
[  100.316789] xhci_hcd 0000:00:14.0: Stalled endpoint for slot 2 ep 2
[  100.316798] xhci_hcd 0000:00:14.0: Cleaning up stalled endpoint ring
[  100.316804] xhci_hcd 0000:00:14.0: Finding endpoint context
[  100.316811] xhci_hcd 0000:00:14.0: Cycle state = 0x1
[  100.316817] xhci_hcd 0000:00:14.0: New dequeue segment = 00000000621f02e2 (virtual)
[  100.316826] xhci_hcd 0000:00:14.0: New dequeue pointer = 0x459fcf680 (DMA)
[  100.316832] xhci_hcd 0000:00:14.0: Queueing new dequeue state
[  100.316840] xhci_hcd 0000:00:14.0: Set TR Deq Ptr cmd, new deq seg = 00000000621f02e2 (0x459fcf000 dma), new deq ptr = 00000000c325b491 (0x459fcf680 dma), new cycle = 1
[  100.316849] xhci_hcd 0000:00:14.0: // Ding dong!
[  100.316862] xhci_hcd 0000:00:14.0: Giveback URB 00000000cf94d3f6, len = 0, expected = 13, status = -32
[  100.316876] xhci_hcd 0000:00:14.0: Ignoring reset ep completion code of 1
[  100.316884] xhci_hcd 0000:00:14.0: Successful Set TR Deq Ptr cmd, deq = @459fcf680
[  102.365917] xhci_hcd 0000:00:14.0: Giveback URB 000000000ca5f25f, len = 18, expected = 96, status = 0
[  102.365980] xhci_hcd 0000:00:14.0: Stalled endpoint for slot 2 ep 2
[  102.365993] xhci_hcd 0000:00:14.0: Cleaning up stalled endpoint ring
[  102.366002] xhci_hcd 0000:00:14.0: Finding endpoint context
[  102.366008] xhci_hcd 0000:00:14.0: Cycle state = 0x1
[  102.366015] xhci_hcd 0000:00:14.0: New dequeue segment = 00000000621f02e2 (virtual)
[  102.366022] xhci_hcd 0000:00:14.0: New dequeue pointer = 0x459fcf6c0 (DMA)
[  102.366028] xhci_hcd 0000:00:14.0: Queueing new dequeue state
[  102.366036] xhci_hcd 0000:00:14.0: Set TR Deq Ptr cmd, new deq seg = 00000000621f02e2 (0x459fcf000 dma), new deq ptr = 00000000bad27931 (0x459fcf6c0 dma), new cycle = 1
[  102.366045] xhci_hcd 0000:00:14.0: // Ding dong!
[  102.366061] xhci_hcd 0000:00:14.0: Giveback URB 00000000cf94d3f6, len = 0, expected = 13, status = -32
[  102.366081] xhci_hcd 0000:00:14.0: Ignoring reset ep completion code of 1
[  102.366100] xhci_hcd 0000:00:14.0: Successful Set TR Deq Ptr cmd, deq = @459fcf6c0
[  104.412968] xhci_hcd 0000:00:14.0: Giveback URB 0000000038401281, len = 18, expected = 96, status = 0
[  104.413001] xhci_hcd 0000:00:14.0: Stalled endpoint for slot 2 ep 2
[  104.413010] xhci_hcd 0000:00:14.0: Cleaning up stalled endpoint ring
[  104.413015] xhci_hcd 0000:00:14.0: Finding endpoint context
[  104.413021] xhci_hcd 0000:00:14.0: Cycle state = 0x1
[  104.413026] xhci_hcd 0000:00:14.0: New dequeue segment = 00000000621f02e2 (virtual)
[  104.413031] xhci_hcd 0000:00:14.0: New dequeue pointer = 0x459fcf700 (DMA)
[  104.413036] xhci_hcd 0000:00:14.0: Queueing new dequeue state
[  104.413042] xhci_hcd 0000:00:14.0: Set TR Deq Ptr cmd, new deq seg = 00000000621f02e2 (0x459fcf000 dma), new deq ptr = 00000000789981fe (0x459fcf700 dma), new cycle = 1
[  104.413048] xhci_hcd 0000:00:14.0: // Ding dong!
[  104.413059] xhci_hcd 0000:00:14.0: Giveback URB 00000000cf94d3f6, len = 0, expected = 13, status = -32
[  104.413071] xhci_hcd 0000:00:14.0: Ignoring reset ep completion code of 1
[  104.413085] xhci_hcd 0000:00:14.0: Successful Set TR Deq Ptr cmd, deq = @459fcf700
[  105.292430] usbcore: deregistering interface driver uas
[  105.304577] usbcore: deregistering interface driver usb-storage
[  107.829120] usb usb2-port4: suspend: disabling link instead of U3, host will not detect plug/unplug events on this port
[  107.829130] usb usb2-port4: disabling link...
[  107.829150] xhci_hcd 0000:00:14.0: Disable port 3
[  107.829186] xhci_hcd 0000:00:14.0: Port Status Change Event for port 19
[  107.829204] xhci_hcd 0000:00:14.0: handle_port_status: starting port polling.
[  107.829220] xhci_hcd 0000:00:14.0: get port status, actual port 3 status  = 0x20280
[  107.829226] xhci_hcd 0000:00:14.0: Get port status returned 0x10280
[  107.829242] usb 2-4: Waited 0ms for LS_SS_DISABLED, status == 0
[  107.829253] xhci_hcd 0000:00:14.0: clear port connect change, actual port 3 status  = 0x280
[  107.829320] hub 2-0:1.0: state 7 ports 6 chg 0000 evt 0010
[  107.964328] xhci_hcd 0000:00:14.0: xhci_hub_status_data: stopping port polling.
[  108.037319] usb 2-4: usb auto-suspend, wakeup 0
[  108.049358] xhci_hcd 0000:00:14.0: get port status, actual port 3 status  = 0x80
[  108.049367] xhci_hcd 0000:00:14.0: Get port status returned 0x80
[  109.361665] xhci_hcd 0000:00:14.0: get port status, actual port 3 status  = 0x80
[  109.361675] xhci_hcd 0000:00:14.0: Get port status returned 0x80
[  109.361742] usb 2-4: usb auto-resume
[  109.403382] xhci_hcd 0000:00:14.0: get port status, actual port 3 status  = 0x80
[  109.403386] xhci_hcd 0000:00:14.0: Get port status returned 0x80
[  109.415360] usb 2-4: finish reset-resume
[  109.415415] xhci_hcd 0000:00:14.0: Set up evaluate context for LPM MEL change.
[  109.415439] xhci_hcd 0000:00:14.0: // Ding dong!
[  109.415482] xhci_hcd 0000:00:14.0: Successful evaluate context command
[  109.415493] xhci_hcd 0000:00:14.0: get port status, actual port 3 status  = 0x80
[  109.415498] xhci_hcd 0000:00:14.0: Get port status returned 0x80
[  109.415519] xhci_hcd 0000:00:14.0: set port power, actual port 3 status  = 0x280
[  109.525376] usb usb2-port4: enabling link...
[  109.525403] xhci_hcd 0000:00:14.0: Enable port 3
[  109.525445] xhci_hcd 0000:00:14.0: set port reset, actual port 3 status  = 0x2f0
[  109.587399] xhci_hcd 0000:00:14.0: get port status, actual port 3 status  = 0x2f0
[  109.587405] xhci_hcd 0000:00:14.0: Get port status returned 0x2f0
[  109.587441] usb usb2-port4: not reset yet, waiting 60ms
[  109.649399] xhci_hcd 0000:00:14.0: get port status, actual port 3 status  = 0x2f0
[  109.649405] xhci_hcd 0000:00:14.0: Get port status returned 0x2f0
[  109.649433] usb usb2-port4: not reset yet, waiting 200ms
[  109.852436] xhci_hcd 0000:00:14.0: get port status, actual port 3 status  = 0x2f0
[  109.852445] xhci_hcd 0000:00:14.0: Get port status returned 0x2f0
[  109.852489] usb usb2-port4: not reset yet, waiting 200ms
[  109.991171] xhci_hcd 0000:00:14.0: Port Status Change Event for port 19
[  109.991191] xhci_hcd 0000:00:14.0: handle_port_status: starting port polling.
[  109.991265] hub 2-0:1.0: state 7 ports 6 chg 0000 evt 0010
[  110.061420] xhci_hcd 0000:00:14.0: get port status, actual port 3 status  = 0x221203
[  110.061427] xhci_hcd 0000:00:14.0: Get port status returned 0x110203
[  110.061475] xhci_hcd 0000:00:14.0: clear port reset change, actual port 3 status  = 0x21203
[  110.061493] xhci_hcd 0000:00:14.0: clear port warm(BH) reset change, actual port 3 status  = 0x21203
[  110.061509] xhci_hcd 0000:00:14.0: clear port link state change, actual port 3 status  = 0x21203
[  110.061533] xhci_hcd 0000:00:14.0: clear port connect change, actual port 3 status  = 0x1203
[  110.061555] xhci_hcd 0000:00:14.0: get port status, actual port 3 status  = 0x1203
[  110.061561] xhci_hcd 0000:00:14.0: Get port status returned 0x203
[  110.113408] xhci_hcd 0000:00:14.0: Resetting device with slot ID 2
[  110.113418] xhci_hcd 0000:00:14.0: // Ding dong!
[  110.113574] xhci_hcd 0000:00:14.0: Completed reset device command.
[  110.113599] xhci_hcd 0000:00:14.0: Successful reset device command.
[  110.113663] xhci_hcd 0000:00:14.0: // Ding dong!
[  110.113821] xhci_hcd 0000:00:14.0: Successful setup address command
[  110.113830] xhci_hcd 0000:00:14.0: Op regs DCBAA ptr = 0x00000459c82000
[  110.113843] xhci_hcd 0000:00:14.0: Slot ID 2 dcbaa entry @00000000ae70088a = 0x00000459f3e000
[  110.113848] xhci_hcd 0000:00:14.0: Output Context DMA address = 0x459f3e000
[  110.113852] xhci_hcd 0000:00:14.0: Internal device address = 0
[  110.113862] usb 2-4: reset SuperSpeed Gen 1 USB device number 2 using xhci_hcd
[  110.125965] usb 2-4: USB quirks for this device: 8000
[  110.126985] xhci_hcd 0000:00:14.0: Waiting for status stage event
[  110.127012] xhci_hcd 0000:00:14.0: xhci_drop_endpoint called for udev 00000000b5dec8fb
[  110.127017] xhci_hcd 0000:00:14.0: xhci_drop_endpoint called for udev 00000000b5dec8fb
[  110.127052] xhci_hcd 0000:00:14.0: add ep 0x81, slot id 2, new drop flags = 0x0, new add flags = 0x8
[  110.127069] xhci_hcd 0000:00:14.0: add ep 0x2, slot id 2, new drop flags = 0x0, new add flags = 0x18
[  110.127072] xhci_hcd 0000:00:14.0: xhci_check_bandwidth called for udev 00000000b5dec8fb
[  110.127078] xhci_hcd 0000:00:14.0: // Ding dong!
[  110.127306] xhci_hcd 0000:00:14.0: Successful Endpoint Configure command
[  110.127480] xhci_hcd 0000:00:14.0: // Ding dong!
[  110.127496] xhci_hcd 0000:00:14.0: Stopped on No-op or Link TRB for slot 2 ep 2
[  110.127511] xhci_hcd 0000:00:14.0: // Ding dong!
[  110.127732] xhci_hcd 0000:00:14.0: // Ding dong!
[  110.127767] xhci_hcd 0000:00:14.0: Stopped on No-op or Link TRB for slot 2 ep 3
[  110.127781] xhci_hcd 0000:00:14.0: // Ding dong!
[  110.128153] xhci_hcd 0000:00:14.0: Set up evaluate context for LPM MEL change.
[  110.128160] xhci_hcd 0000:00:14.0: // Ding dong!
[  110.128191] xhci_hcd 0000:00:14.0: Successful evaluate context command
[  110.128542] xhci_hcd 0000:00:14.0: Set up evaluate context for LPM MEL change.
[  110.128549] xhci_hcd 0000:00:14.0: // Ding dong!
[  110.128580] xhci_hcd 0000:00:14.0: Successful evaluate context command
[  110.130364] xhci_hcd 0000:00:14.0: get port status, actual port 3 status  = 0x1203
[  110.130366] xhci_hcd 0000:00:14.0: Get port status returned 0x203
[  110.212439] xhci_hcd 0000:00:14.0: xhci_hub_status_data: stopping port polling.
[  120.528302] usb usb2-port4: disabling link...
[  120.528317] xhci_hcd 0000:00:14.0: Disable port 3
[  120.528327] xhci_hcd 0000:00:14.0: Port Status Change Event for port 19
[  120.528339] xhci_hcd 0000:00:14.0: handle_port_status: starting port polling.
[  120.528350] xhci_hcd 0000:00:14.0: get port status, actual port 3 status  = 0x20280
[  120.528352] xhci_hcd 0000:00:14.0: Get port status returned 0x10280
[  120.528359] usb 2-4: Waited 0ms for LS_SS_DISABLED, status == 0
[  120.528368] xhci_hcd 0000:00:14.0: clear port connect change, actual port 3 status  = 0x280
[  120.528511] hub 2-0:1.0: state 7 ports 6 chg 0000 evt 0010
[  120.708762] xhci_hcd 0000:00:14.0: xhci_hub_status_data: stopping port polling.
[  120.732814] usb 2-4: usb auto-suspend, wakeup 0
[  120.744820] xhci_hcd 0000:00:14.0: get port status, actual port 3 status  = 0x80
[  120.744824] xhci_hcd 0000:00:14.0: Get port status returned 0x80
[  122.532207] xhci_hcd 0000:00:14.0: get port status, actual port 3 status  = 0x80
[  122.532210] xhci_hcd 0000:00:14.0: Get port status returned 0x80
[  122.532246] usb 2-4: usb auto-resume
[  122.573853] xhci_hcd 0000:00:14.0: get port status, actual port 3 status  = 0x80
[  122.573861] xhci_hcd 0000:00:14.0: Get port status returned 0x80
[  122.585839] usb 2-4: finish reset-resume
[  122.585878] xhci_hcd 0000:00:14.0: Set up evaluate context for LPM MEL change.
[  122.585896] xhci_hcd 0000:00:14.0: // Ding dong!
[  122.585951] xhci_hcd 0000:00:14.0: Successful evaluate context command
[  122.585967] xhci_hcd 0000:00:14.0: get port status, actual port 3 status  = 0x80
[  122.585969] xhci_hcd 0000:00:14.0: Get port status returned 0x80
[  122.585987] xhci_hcd 0000:00:14.0: set port power, actual port 3 status  = 0x280
[  122.692865] usb usb2-port4: enabling link...
[  122.692880] xhci_hcd 0000:00:14.0: Enable port 3
[  122.692902] xhci_hcd 0000:00:14.0: set port reset, actual port 3 status  = 0x2f0
[  122.755877] xhci_hcd 0000:00:14.0: get port status, actual port 3 status  = 0x2f0
[  122.755880] xhci_hcd 0000:00:14.0: Get port status returned 0x2f0
[  122.755899] usb usb2-port4: not reset yet, waiting 60ms
[  122.817859] xhci_hcd 0000:00:14.0: get port status, actual port 3 status  = 0x2f0
[  122.817861] xhci_hcd 0000:00:14.0: Get port status returned 0x2f0
[  122.817880] usb usb2-port4: not reset yet, waiting 200ms
[  123.020895] xhci_hcd 0000:00:14.0: get port status, actual port 3 status  = 0x2f0
[  123.020899] xhci_hcd 0000:00:14.0: Get port status returned 0x2f0
[  123.020925] usb usb2-port4: not reset yet, waiting 200ms
[  123.166774] xhci_hcd 0000:00:14.0: Port Status Change Event for port 19
[  123.166780] xhci_hcd 0000:00:14.0: handle_port_status: starting port polling.
[  123.166827] hub 2-0:1.0: state 7 ports 6 chg 0000 evt 0010
[  123.229940] xhci_hcd 0000:00:14.0: get port status, actual port 3 status  = 0x221203
[  123.229943] xhci_hcd 0000:00:14.0: Get port status returned 0x110203
[  123.229983] xhci_hcd 0000:00:14.0: clear port reset change, actual port 3 status  = 0x21203
[  123.230003] xhci_hcd 0000:00:14.0: clear port warm(BH) reset change, actual port 3 status  = 0x21203
[  123.230022] xhci_hcd 0000:00:14.0: clear port link state change, actual port 3 status  = 0x21203
[  123.230039] xhci_hcd 0000:00:14.0: clear port connect change, actual port 3 status  = 0x1203
[  123.230049] xhci_hcd 0000:00:14.0: get port status, actual port 3 status  = 0x1203
[  123.230051] xhci_hcd 0000:00:14.0: Get port status returned 0x203
[  123.281887] xhci_hcd 0000:00:14.0: Resetting device with slot ID 2
[  123.281897] xhci_hcd 0000:00:14.0: // Ding dong!
[  123.282052] xhci_hcd 0000:00:14.0: Completed reset device command.
[  123.282072] xhci_hcd 0000:00:14.0: Successful reset device command.
[  123.282143] xhci_hcd 0000:00:14.0: // Ding dong!
[  123.282308] xhci_hcd 0000:00:14.0: Successful setup address command
[  123.282321] xhci_hcd 0000:00:14.0: Op regs DCBAA ptr = 0x00000459c82000
[  123.282326] xhci_hcd 0000:00:14.0: Slot ID 2 dcbaa entry @00000000ae70088a = 0x00000459f3e000
[  123.282330] xhci_hcd 0000:00:14.0: Output Context DMA address = 0x459f3e000
[  123.282335] xhci_hcd 0000:00:14.0: Internal device address = 0
[  123.282343] usb 2-4: reset SuperSpeed Gen 1 USB device number 2 using xhci_hcd
[  123.294567] usb 2-4: USB quirks for this device: 8000
[  123.295648] xhci_hcd 0000:00:14.0: Waiting for status stage event
[  123.295678] xhci_hcd 0000:00:14.0: xhci_drop_endpoint called for udev 00000000b5dec8fb
[  123.295683] xhci_hcd 0000:00:14.0: xhci_drop_endpoint called for udev 00000000b5dec8fb
[  123.295733] xhci_hcd 0000:00:14.0: add ep 0x81, slot id 2, new drop flags = 0x0, new add flags = 0x8
[  123.295759] xhci_hcd 0000:00:14.0: add ep 0x2, slot id 2, new drop flags = 0x0, new add flags = 0x18
[  123.295763] xhci_hcd 0000:00:14.0: xhci_check_bandwidth called for udev 00000000b5dec8fb
[  123.295771] xhci_hcd 0000:00:14.0: // Ding dong!
[  123.296019] xhci_hcd 0000:00:14.0: Successful Endpoint Configure command
[  123.296203] xhci_hcd 0000:00:14.0: // Ding dong!
[  123.296222] xhci_hcd 0000:00:14.0: Stopped on No-op or Link TRB for slot 2 ep 2
[  123.296239] xhci_hcd 0000:00:14.0: // Ding dong!
[  123.296477] xhci_hcd 0000:00:14.0: // Ding dong!
[  123.296495] xhci_hcd 0000:00:14.0: Stopped on No-op or Link TRB for slot 2 ep 3
[  123.296510] xhci_hcd 0000:00:14.0: // Ding dong!
[  123.296911] xhci_hcd 0000:00:14.0: Set up evaluate context for LPM MEL change.
[  123.296922] xhci_hcd 0000:00:14.0: // Ding dong!
[  123.296945] xhci_hcd 0000:00:14.0: Successful evaluate context command
[  123.297326] xhci_hcd 0000:00:14.0: Set up evaluate context for LPM MEL change.
[  123.297341] xhci_hcd 0000:00:14.0: // Ding dong!
[  123.297370] xhci_hcd 0000:00:14.0: Successful evaluate context command
[  123.299307] xhci_hcd 0000:00:14.0: get port status, actual port 3 status  = 0x1203
[  123.299312] xhci_hcd 0000:00:14.0: Get port status returned 0x203
[  123.299333] hub 2-0:1.0: state 7 ports 6 chg 0000 evt 0000
[  123.460880] xhci_hcd 0000:00:14.0: xhci_hub_status_data: stopping port polling.
[  129.569665] usb usb2-port4: disabling link...
[  129.569681] xhci_hcd 0000:00:14.0: Disable port 3
[  129.569690] xhci_hcd 0000:00:14.0: Port Status Change Event for port 19
[  129.569702] xhci_hcd 0000:00:14.0: handle_port_status: starting port polling.
[  129.569713] xhci_hcd 0000:00:14.0: get port status, actual port 3 status  = 0x20280
[  129.569716] xhci_hcd 0000:00:14.0: Get port status returned 0x10280
[  129.569730] usb 2-4: Waited 0ms for LS_SS_DISABLED, status == 0
[  129.569740] xhci_hcd 0000:00:14.0: clear port connect change, actual port 3 status  = 0x280
[  129.571452] hub 2-0:1.0: state 7 ports 6 chg 0000 evt 0010
[  129.709129] xhci_hcd 0000:00:14.0: xhci_hub_status_data: stopping port polling.
[  129.773108] usb 2-4: usb auto-suspend, wakeup 0
[  129.785127] xhci_hcd 0000:00:14.0: get port status, actual port 3 status  = 0x80
[  129.785131] xhci_hcd 0000:00:14.0: Get port status returned 0x80
[  131.572446] xhci_hcd 0000:00:14.0: get port status, actual port 3 status  = 0x80
[  131.572450] xhci_hcd 0000:00:14.0: Get port status returned 0x80
[  131.572490] usb 2-4: usb auto-resume
[  131.614210] xhci_hcd 0000:00:14.0: get port status, actual port 3 status  = 0x80
[  131.614212] xhci_hcd 0000:00:14.0: Get port status returned 0x80
[  131.627198] usb 2-4: finish reset-resume
[  131.627296] xhci_hcd 0000:00:14.0: Set up evaluate context for LPM MEL change.
[  131.627326] xhci_hcd 0000:00:14.0: // Ding dong!
[  131.627358] xhci_hcd 0000:00:14.0: Successful evaluate context command
[  131.627378] xhci_hcd 0000:00:14.0: get port status, actual port 3 status  = 0x80
[  131.627382] xhci_hcd 0000:00:14.0: Get port status returned 0x80
[  131.627439] xhci_hcd 0000:00:14.0: set port power, actual port 3 status  = 0x280
[  131.733202] usb usb2-port4: enabling link...
[  131.733215] xhci_hcd 0000:00:14.0: Enable port 3
[  131.733255] xhci_hcd 0000:00:14.0: set port reset, actual port 3 status  = 0x2f0
[  131.795201] xhci_hcd 0000:00:14.0: get port status, actual port 3 status  = 0x2f0
[  131.795204] xhci_hcd 0000:00:14.0: Get port status returned 0x2f0
[  131.795240] usb usb2-port4: not reset yet, waiting 60ms
[  131.857219] xhci_hcd 0000:00:14.0: get port status, actual port 3 status  = 0x2f0
[  131.857222] xhci_hcd 0000:00:14.0: Get port status returned 0x2f0
[  131.857259] usb usb2-port4: not reset yet, waiting 200ms
[  132.062211] xhci_hcd 0000:00:14.0: get port status, actual port 3 status  = 0x2f0
[  132.062215] xhci_hcd 0000:00:14.0: Get port status returned 0x2f0
[  132.062240] usb usb2-port4: not reset yet, waiting 200ms
[  132.204462] xhci_hcd 0000:00:14.0: Port Status Change Event for port 19
[  132.204469] xhci_hcd 0000:00:14.0: handle_port_status: starting port polling.
[  132.204506] hub 2-0:1.0: state 7 ports 6 chg 0000 evt 0010
[  132.270215] xhci_hcd 0000:00:14.0: get port status, actual port 3 status  = 0x221203
[  132.270218] xhci_hcd 0000:00:14.0: Get port status returned 0x110203
[  132.270262] xhci_hcd 0000:00:14.0: clear port reset change, actual port 3 status  = 0x21203
[  132.270292] xhci_hcd 0000:00:14.0: clear port warm(BH) reset change, actual port 3 status  = 0x21203
[  132.270315] xhci_hcd 0000:00:14.0: clear port link state change, actual port 3 status  = 0x21203
[  132.270335] xhci_hcd 0000:00:14.0: clear port connect change, actual port 3 status  = 0x1203
[  132.270353] xhci_hcd 0000:00:14.0: get port status, actual port 3 status  = 0x1203
[  132.270355] xhci_hcd 0000:00:14.0: Get port status returned 0x203
[  132.322214] xhci_hcd 0000:00:14.0: Resetting device with slot ID 2
[  132.322221] xhci_hcd 0000:00:14.0: // Ding dong!
[  132.322376] xhci_hcd 0000:00:14.0: Completed reset device command.
[  132.322384] xhci_hcd 0000:00:14.0: Successful reset device command.
[  132.322434] xhci_hcd 0000:00:14.0: // Ding dong!
[  132.322593] xhci_hcd 0000:00:14.0: Successful setup address command
[  132.322599] xhci_hcd 0000:00:14.0: Op regs DCBAA ptr = 0x00000459c82000
[  132.322606] xhci_hcd 0000:00:14.0: Slot ID 2 dcbaa entry @00000000ae70088a = 0x00000459f3e000
[  132.322610] xhci_hcd 0000:00:14.0: Output Context DMA address = 0x459f3e000
[  132.322613] xhci_hcd 0000:00:14.0: Internal device address = 0
[  132.322618] usb 2-4: reset SuperSpeed Gen 1 USB device number 2 using xhci_hcd
[  132.334738] usb 2-4: USB quirks for this device: 8000
[  132.335735] xhci_hcd 0000:00:14.0: Waiting for status stage event
[  132.335751] xhci_hcd 0000:00:14.0: xhci_drop_endpoint called for udev 00000000b5dec8fb
[  132.335755] xhci_hcd 0000:00:14.0: xhci_drop_endpoint called for udev 00000000b5dec8fb
[  132.335783] xhci_hcd 0000:00:14.0: add ep 0x81, slot id 2, new drop flags = 0x0, new add flags = 0x8
[  132.335799] xhci_hcd 0000:00:14.0: add ep 0x2, slot id 2, new drop flags = 0x0, new add flags = 0x18
[  132.335802] xhci_hcd 0000:00:14.0: xhci_check_bandwidth called for udev 00000000b5dec8fb
[  132.335807] xhci_hcd 0000:00:14.0: // Ding dong!
[  132.336034] xhci_hcd 0000:00:14.0: Successful Endpoint Configure command
[  132.336205] xhci_hcd 0000:00:14.0: // Ding dong!
[  132.336221] xhci_hcd 0000:00:14.0: Stopped on No-op or Link TRB for slot 2 ep 2
[  132.336245] xhci_hcd 0000:00:14.0: // Ding dong!
[  132.336464] xhci_hcd 0000:00:14.0: // Ding dong!
[  132.336499] xhci_hcd 0000:00:14.0: Stopped on No-op or Link TRB for slot 2 ep 3
[  132.336516] xhci_hcd 0000:00:14.0: // Ding dong!
[  132.336910] xhci_hcd 0000:00:14.0: Set up evaluate context for LPM MEL change.
[  132.336922] xhci_hcd 0000:00:14.0: // Ding dong!
[  132.336950] xhci_hcd 0000:00:14.0: Successful evaluate context command
[  132.337296] xhci_hcd 0000:00:14.0: Set up evaluate context for LPM MEL change.
[  132.337302] xhci_hcd 0000:00:14.0: // Ding dong!
[  132.337335] xhci_hcd 0000:00:14.0: Successful evaluate context command
[  132.339179] xhci_hcd 0000:00:14.0: get port status, actual port 3 status  = 0x1203
[  132.339184] xhci_hcd 0000:00:14.0: Get port status returned 0x203
[  132.339208] hub 2-0:1.0: state 7 ports 6 chg 0000 evt 0000
[  132.461233] xhci_hcd 0000:00:14.0: xhci_hub_status_data: stopping port polling.
[  136.549807] usb usb2-port4: disabling link...
[  136.549822] xhci_hcd 0000:00:14.0: Disable port 3
[  136.549843] xhci_hcd 0000:00:14.0: get port status, actual port 3 status  = 0x20280
[  136.549845] xhci_hcd 0000:00:14.0: Get port status returned 0x10280
[  136.549856] xhci_hcd 0000:00:14.0: Port Status Change Event for port 19
[  136.549861] usb 2-4: Waited 0ms for LS_SS_DISABLED, status == 0
[  136.549870] xhci_hcd 0000:00:14.0: handle_port_status: starting port polling.
[  136.549877] xhci_hcd 0000:00:14.0: clear port connect change, actual port 3 status  = 0x280
[  136.549885] xhci_hcd 0000:00:14.0: xhci_hub_status_data: stopping port polling.
[  136.757393] usb 2-4: usb auto-suspend, wakeup 0
[  138.552777] xhci_hcd 0000:00:14.0: get port status, actual port 3 status  = 0x80
[  138.552780] xhci_hcd 0000:00:14.0: Get port status returned 0x80
[  138.552813] usb 2-4: usb auto-resume
[  138.594440] xhci_hcd 0000:00:14.0: get port status, actual port 3 status  = 0x80
[  138.594442] xhci_hcd 0000:00:14.0: Get port status returned 0x80
[  138.606460] usb 2-4: finish reset-resume
[  138.606535] xhci_hcd 0000:00:14.0: Set up evaluate context for LPM MEL change.
[  138.606556] xhci_hcd 0000:00:14.0: // Ding dong!
[  138.606582] xhci_hcd 0000:00:14.0: Successful evaluate context command
[  138.606601] xhci_hcd 0000:00:14.0: get port status, actual port 3 status  = 0x80
[  138.606604] xhci_hcd 0000:00:14.0: Get port status returned 0x80
[  138.606627] xhci_hcd 0000:00:14.0: set port power, actual port 3 status  = 0x280
[  138.709462] usb usb2-port4: enabling link...
[  138.709482] xhci_hcd 0000:00:14.0: Enable port 3
[  138.709551] xhci_hcd 0000:00:14.0: set port reset, actual port 3 status  = 0x2f0
[  138.771481] xhci_hcd 0000:00:14.0: get port status, actual port 3 status  = 0x2f0
[  138.771487] xhci_hcd 0000:00:14.0: Get port status returned 0x2f0
[  138.771514] usb usb2-port4: not reset yet, waiting 60ms
[  138.833466] xhci_hcd 0000:00:14.0: get port status, actual port 3 status  = 0x2f0
[  138.833471] xhci_hcd 0000:00:14.0: Get port status returned 0x2f0
[  138.833493] usb usb2-port4: not reset yet, waiting 200ms
[  139.038459] xhci_hcd 0000:00:14.0: get port status, actual port 3 status  = 0x2f0
[  139.038462] xhci_hcd 0000:00:14.0: Get port status returned 0x2f0
[  139.038480] usb usb2-port4: not reset yet, waiting 200ms
[  139.189548] xhci_hcd 0000:00:14.0: Port Status Change Event for port 19
[  139.189559] xhci_hcd 0000:00:14.0: handle_port_status: starting port polling.
[  139.189596] hub 2-0:1.0: state 7 ports 6 chg 0000 evt 0010
[  139.245477] xhci_hcd 0000:00:14.0: get port status, actual port 3 status  = 0x221203
[  139.245481] xhci_hcd 0000:00:14.0: Get port status returned 0x110203
[  139.245520] xhci_hcd 0000:00:14.0: clear port reset change, actual port 3 status  = 0x21203
[  139.245546] xhci_hcd 0000:00:14.0: clear port warm(BH) reset change, actual port 3 status  = 0x21203
