[    0.000000] microcode: microcode updated early to revision 0x1a, date = 2018-04-02
[    0.000000] Linux version 5.0.0-rc6+ (im@im-mac) (gcc version 8.2.1 20181215 (Red Hat 8.2.1-6) (GCC)) #47 SMP Tue Feb 12 02:06:47 +05 2019
[    0.000000] Command line: BOOT_IMAGE=/vmlinuz-5.0.0-rc6+ root=/dev/mapper/im--mac-root ro resume=/dev/mapper/im--mac-swap rd.lvm.lv=im-mac/root rd.luks.uuid=luks-dd1fa933-ef9f-402b-a2e4-7c9d6fb7ce0d rd.lvm.lv=im-mac/swap rhgb quiet hid_apple.fnmode=2 hid_apple.iso_layout=0 xhci_hcd.quirks=0x80
[    0.000000] x86/fpu: Supporting XSAVE feature 0x001: 'x87 floating point registers'
[    0.000000] x86/fpu: Supporting XSAVE feature 0x002: 'SSE registers'
[    0.000000] x86/fpu: Supporting XSAVE feature 0x004: 'AVX registers'
[    0.000000] x86/fpu: xstate_offset[2]:  576, xstate_sizes[2]:  256
[    0.000000] x86/fpu: Enabled xstate features 0x7, context size is 832 bytes, using 'standard' format.
[    0.000000] BIOS-provided physical RAM map:
[    0.000000] BIOS-e820: [mem 0x0000000000000000-0x0000000000057fff] usable
[    0.000000] BIOS-e820: [mem 0x0000000000058000-0x0000000000058fff] reserved
[    0.000000] BIOS-e820: [mem 0x0000000000059000-0x000000000009ffff] usable
[    0.000000] BIOS-e820: [mem 0x00000000000a0000-0x00000000000bffff] reserved
[    0.000000] BIOS-e820: [mem 0x0000000000100000-0x0000000078d00fff] usable
[    0.000000] BIOS-e820: [mem 0x0000000078d01000-0x0000000078d48fff] ACPI NVS
[    0.000000] BIOS-e820: [mem 0x0000000078d49000-0x0000000078d5cfff] usable
[    0.000000] BIOS-e820: [mem 0x0000000078d5d000-0x0000000078d8efff] ACPI data
[    0.000000] BIOS-e820: [mem 0x0000000078d8f000-0x0000000078e39fff] usable
[    0.000000] BIOS-e820: [mem 0x0000000078e3a000-0x0000000078e8efff] reserved
[    0.000000] BIOS-e820: [mem 0x0000000078e8f000-0x0000000078ecbfff] usable
[    0.000000] BIOS-e820: [mem 0x0000000078ecc000-0x0000000078efefff] reserved
[    0.000000] BIOS-e820: [mem 0x0000000078eff000-0x0000000078f84fff] usable
[    0.000000] BIOS-e820: [mem 0x0000000078f85000-0x0000000078fdefff] reserved
[    0.000000] BIOS-e820: [mem 0x0000000078fdf000-0x0000000078ffffff] usable
[    0.000000] BIOS-e820: [mem 0x0000000079000000-0x000000007f9fffff] reserved
[    0.000000] BIOS-e820: [mem 0x00000000e00f8000-0x00000000e00f8fff] reserved
[    0.000000] BIOS-e820: [mem 0x00000000fed1c000-0x00000000fed1ffff] reserved
[    0.000000] BIOS-e820: [mem 0x00000000ffd70000-0x00000000ffd9ffff] reserved
[    0.000000] BIOS-e820: [mem 0x0000000100000000-0x000000047f5fffff] usable
[    0.000000] NX (Execute Disable) protection: active
[    0.000000] e820: update [mem 0x66282710-0x66282ad2] usable ==> usable
[    0.000000] e820: update [mem 0x66282710-0x66282ad2] usable ==> usable
[    0.000000] extended physical RAM map:
[    0.000000] reserve setup_data: [mem 0x0000000000000000-0x0000000000057fff] usable
[    0.000000] reserve setup_data: [mem 0x0000000000058000-0x0000000000058fff] reserved
[    0.000000] reserve setup_data: [mem 0x0000000000059000-0x000000000009ffff] usable
[    0.000000] reserve setup_data: [mem 0x00000000000a0000-0x00000000000bffff] reserved
[    0.000000] reserve setup_data: [mem 0x0000000000100000-0x000000006628270f] usable
[    0.000000] reserve setup_data: [mem 0x0000000066282710-0x0000000066282ad2] usable
[    0.000000] reserve setup_data: [mem 0x0000000066282ad3-0x0000000078d00fff] usable
[    0.000000] reserve setup_data: [mem 0x0000000078d01000-0x0000000078d48fff] ACPI NVS
[    0.000000] reserve setup_data: [mem 0x0000000078d49000-0x0000000078d5cfff] usable
[    0.000000] reserve setup_data: [mem 0x0000000078d5d000-0x0000000078d8efff] ACPI data
[    0.000000] reserve setup_data: [mem 0x0000000078d8f000-0x0000000078e39fff] usable
[    0.000000] reserve setup_data: [mem 0x0000000078e3a000-0x0000000078e8efff] reserved
[    0.000000] reserve setup_data: [mem 0x0000000078e8f000-0x0000000078ecbfff] usable
[    0.000000] reserve setup_data: [mem 0x0000000078ecc000-0x0000000078efefff] reserved
[    0.000000] reserve setup_data: [mem 0x0000000078eff000-0x0000000078f84fff] usable
[    0.000000] reserve setup_data: [mem 0x0000000078f85000-0x0000000078fdefff] reserved
[    0.000000] reserve setup_data: [mem 0x0000000078fdf000-0x0000000078ffffff] usable
[    0.000000] reserve setup_data: [mem 0x0000000079000000-0x000000007f9fffff] reserved
[    0.000000] reserve setup_data: [mem 0x00000000e00f8000-0x00000000e00f8fff] reserved
[    0.000000] reserve setup_data: [mem 0x00000000fed1c000-0x00000000fed1ffff] reserved
[    0.000000] reserve setup_data: [mem 0x00000000ffd70000-0x00000000ffd9ffff] reserved
[    0.000000] reserve setup_data: [mem 0x0000000100000000-0x000000047f5fffff] usable
[    0.000000] efi: EFI v1.10 by Apple
[    0.000000] efi:  ACPI=0x78d8e000  ACPI 2.0=0x78d8e014  SMBIOS=0x78f8b000 
[    0.000000] SMBIOS 2.7 present.
[    0.000000] DMI: Apple Inc. MacBookPro11,4/Mac-06F11FD93F0323C5, BIOS MBP114.88Z.0184.B00.1806051659 06/05/2018
[    0.000000] tsc: Fast TSC calibration using PIT
[    0.000000] tsc: Detected 2195.048 MHz processor
[    0.000114] e820: update [mem 0x00000000-0x00000fff] usable ==> reserved
[    0.000115] e820: remove [mem 0x000a0000-0x000fffff] usable
[    0.000120] last_pfn = 0x47f600 max_arch_pfn = 0x400000000
[    0.000123] MTRR default type: write-back
[    0.000124] MTRR fixed ranges enabled:
[    0.000125]   00000-9FFFF write-back
[    0.000126]   A0000-BFFFF uncachable
[    0.000126]   C0000-DFFFF write-protect
[    0.000127]   E0000-FFFFF uncachable
[    0.000127] MTRR variable ranges enabled:
[    0.000128]   0 base 0080000000 mask 7F80000000 uncachable
[    0.000129]   1 base 007C000000 mask 7FFC000000 uncachable
[    0.000129]   2 base 007A000000 mask 7FFE000000 uncachable
[    0.000130]   3 base 0079000000 mask 7FFF000000 uncachable
[    0.000130]   4 disabled
[    0.000130]   5 disabled
[    0.000131]   6 disabled
[    0.000131]   7 disabled
[    0.000131]   8 disabled
[    0.000132]   9 disabled
[    0.009928] x86/PAT: Configuration [0-7]: WB  WC  UC- UC  WB  WP  UC- WT  
[    0.010021] last_pfn = 0x79000 max_arch_pfn = 0x400000000
[    0.021613] Base memory trampoline at [(____ptrval____)] 99000 size 24576
[    0.021616] Using GB pages for direct mapping
[    0.021618] BRK [0x22be01000, 0x22be01fff] PGTABLE
[    0.021619] BRK [0x22be02000, 0x22be02fff] PGTABLE
[    0.021620] BRK [0x22be03000, 0x22be03fff] PGTABLE
[    0.021637] BRK [0x22be04000, 0x22be04fff] PGTABLE
[    0.021639] BRK [0x22be05000, 0x22be05fff] PGTABLE
[    0.021639] BRK [0x22be06000, 0x22be06fff] PGTABLE
[    0.021761] BRK [0x22be07000, 0x22be07fff] PGTABLE
[    0.021771] BRK [0x22be08000, 0x22be08fff] PGTABLE
[    0.021801] BRK [0x22be09000, 0x22be09fff] PGTABLE
[    0.021896] Secure boot disabled
[    0.021897] RAMDISK: [mem 0x42ad6000-0x48561fff]
[    0.021907] ACPI: Early table checksum verification disabled
[    0.021909] ACPI: RSDP 0x0000000078D8E014 000024 (v02 APPLE )
[    0.021912] ACPI: XSDT 0x0000000078D8E1C0 0000A4 (v01 APPLE  Apple00  00000000      01000013)
[    0.021916] ACPI: FACP 0x0000000078D8C000 0000F4 (v05 APPLE  Apple00  00000000 Loki 0000005F)
[    0.021918] ACPI BIOS Warning (bug): 32/64X length mismatch in FADT/Gpe0Block: 128/0 (20181213/tbfadt-569)
[    0.021921] ACPI: DSDT 0x0000000078D7F000 007331 (v03 APPLE  MacBookP 00110004 INTL 20140424)
[    0.021923] ACPI: FACS 0x0000000078D06000 000040
[    0.021924] ACPI: FACS 0x0000000078D06000 000040
[    0.021926] ACPI: HPET 0x0000000078D8B000 000038 (v01 APPLE  Apple00  00000001 Loki 0000005F)
[    0.021928] ACPI: APIC 0x0000000078D8A000 0000BC (v02 APPLE  Apple00  00000001 Loki 0000005F)
[    0.021929] ACPI: SBST 0x0000000078D88000 000030 (v01 APPLE  Apple00  00000001 Loki 0000005F)
[    0.021931] ACPI: ECDT 0x0000000078D87000 000053 (v01 APPLE  Apple00  00000001 Loki 0000005F)
[    0.021933] ACPI: SSDT 0x0000000078D7E000 000024 (v01 APPLE  SataAhci 00001000 INTL 20140424)
[    0.021934] ACPI: SSDT 0x0000000078D7D000 000024 (v01 APPLE  SmcDppt  00001000 INTL 20140424)
[    0.021936] ACPI: SSDT 0x0000000078D7C000 000032 (v01 APPLE  SsdtS3   00001000 INTL 20140424)
[    0.021938] ACPI: SSDT 0x0000000078D68000 0086DA (v01 APPLE  TbtPEG11 00001000 INTL 20140424)
[    0.021940] ACPI: SSDT 0x0000000078D67000 0000B8 (v01 APPLE  Sdxc     00001000 INTL 20140424)
[    0.021941] ACPI: SSDT 0x0000000078D66000 000A7B (v02 APPLE  Xhci     00001000 INTL 20140424)
[    0.021943] ACPI: SSDT 0x0000000078D64000 000341 (v01 APPLE  PEG0SSD0 00001000 INTL 20140424)
[    0.021945] ACPI: SSDT 0x0000000078D5F000 00069C (v01 PmRef  Cpu0Ist  00003000 INTL 20140424)
[    0.021947] ACPI: SSDT 0x0000000078D5E000 000C17 (v01 CpuRef CpuSsdt  00003000 INTL 20140424)
[    0.021948] ACPI: DMAR 0x0000000078D5D000 000088 (v01 APPLE  BDW      00000001 INTL 00000001)
[    0.021950] ACPI: MCFG 0x0000000078D89000 00003C (v01 APPLE  Apple00  00000001 Loki 0000005F)
[    0.021955] ACPI: DMI detected to setup _OSI("Darwin"): Apple hardware
[    0.021957] ACPI: Local APIC address 0xfee00000
[    0.022029] No NUMA configuration found
[    0.022029] Faking a node at [mem 0x0000000000000000-0x000000047f5fffff]
[    0.022038] NODE_DATA(0) allocated [mem 0x47f5d5000-0x47f5fffff]
[    0.051446] Zone ranges:
[    0.051447]   DMA      [mem 0x0000000000001000-0x0000000000ffffff]
[    0.051449]   DMA32    [mem 0x0000000001000000-0x00000000ffffffff]
[    0.051449]   Normal   [mem 0x0000000100000000-0x000000047f5fffff]
[    0.051450]   Device   empty
[    0.051450] Movable zone start for each node
[    0.051453] Early memory node ranges
[    0.051454]   node   0: [mem 0x0000000000001000-0x0000000000057fff]
[    0.051454]   node   0: [mem 0x0000000000059000-0x000000000009ffff]
[    0.051454]   node   0: [mem 0x0000000000100000-0x0000000078d00fff]
[    0.051455]   node   0: [mem 0x0000000078d49000-0x0000000078d5cfff]
[    0.051455]   node   0: [mem 0x0000000078d8f000-0x0000000078e39fff]
[    0.051456]   node   0: [mem 0x0000000078e8f000-0x0000000078ecbfff]
[    0.051456]   node   0: [mem 0x0000000078eff000-0x0000000078f84fff]
[    0.051456]   node   0: [mem 0x0000000078fdf000-0x0000000078ffffff]
[    0.051457]   node   0: [mem 0x0000000100000000-0x000000047f5fffff]
[    0.051829] Zeroed struct page in unavailable ranges: 29118 pages
[    0.051830] Initmem setup node 0 [mem 0x0000000000001000-0x000000047f5fffff]
[    0.051831] On node 0 totalpages: 4162626
[    0.051832]   DMA zone: 64 pages used for memmap
[    0.051833]   DMA zone: 22 pages reserved
[    0.051833]   DMA zone: 3998 pages, LIFO batch:0
[    0.051905]   DMA32 zone: 7675 pages used for memmap
[    0.051905]   DMA32 zone: 491172 pages, LIFO batch:63
[    0.063364]   Normal zone: 57304 pages used for memmap
[    0.063365]   Normal zone: 3667456 pages, LIFO batch:63
[    0.131402] Reserving Intel graphics memory at [mem 0x79a00000-0x7f9fffff]
[    0.131469] ACPI: PM-Timer IO Port: 0x1808
[    0.131470] ACPI: Local APIC address 0xfee00000
[    0.131475] ACPI: LAPIC_NMI (acpi_id[0x01] high edge lint[0x1])
[    0.131476] ACPI: LAPIC_NMI (acpi_id[0x02] high edge lint[0x1])
[    0.131476] ACPI: LAPIC_NMI (acpi_id[0x03] high edge lint[0x1])
[    0.131477] ACPI: LAPIC_NMI (acpi_id[0x04] high edge lint[0x1])
[    0.131477] ACPI: LAPIC_NMI (acpi_id[0x05] high edge lint[0x1])
[    0.131477] ACPI: LAPIC_NMI (acpi_id[0x06] high edge lint[0x1])
[    0.131478] ACPI: LAPIC_NMI (acpi_id[0x07] high edge lint[0x1])
[    0.131478] ACPI: LAPIC_NMI (acpi_id[0x08] high edge lint[0x1])
[    0.131492] IOAPIC[0]: apic_id 2, version 32, address 0xfec00000, GSI 0-23
[    0.131493] ACPI: INT_SRC_OVR (bus 0 bus_irq 0 global_irq 2 dfl dfl)
[    0.131494] ACPI: INT_SRC_OVR (bus 0 bus_irq 9 global_irq 9 high level)
[    0.131495] ACPI: IRQ0 used by override.
[    0.131496] ACPI: IRQ9 used by override.
[    0.131497] Using ACPI (MADT) for SMP configuration information
[    0.131498] ACPI: HPET id: 0x8086a201 base: 0xfed00000
[    0.131502] smpboot: Allowing 8 CPUs, 0 hotplug CPUs
[    0.131515] PM: Registered nosave memory: [mem 0x00000000-0x00000fff]
[    0.131517] PM: Registered nosave memory: [mem 0x00058000-0x00058fff]
[    0.131517] PM: Registered nosave memory: [mem 0x000a0000-0x000bffff]
[    0.131518] PM: Registered nosave memory: [mem 0x000c0000-0x000fffff]
[    0.131519] PM: Registered nosave memory: [mem 0x66282000-0x66282fff]
[    0.131520] PM: Registered nosave memory: [mem 0x66282000-0x66282fff]
[    0.131521] PM: Registered nosave memory: [mem 0x78d01000-0x78d48fff]
[    0.131522] PM: Registered nosave memory: [mem 0x78d5d000-0x78d8efff]
[    0.131523] PM: Registered nosave memory: [mem 0x78e3a000-0x78e8efff]
[    0.131524] PM: Registered nosave memory: [mem 0x78ecc000-0x78efefff]
[    0.131525] PM: Registered nosave memory: [mem 0x78f85000-0x78fdefff]
[    0.131526] PM: Registered nosave memory: [mem 0x79000000-0x7f9fffff]
[    0.131526] PM: Registered nosave memory: [mem 0x7fa00000-0xe00f7fff]
[    0.131527] PM: Registered nosave memory: [mem 0xe00f8000-0xe00f8fff]
[    0.131527] PM: Registered nosave memory: [mem 0xe00f9000-0xfed1bfff]
[    0.131527] PM: Registered nosave memory: [mem 0xfed1c000-0xfed1ffff]
[    0.131528] PM: Registered nosave memory: [mem 0xfed20000-0xffd6ffff]
[    0.131528] PM: Registered nosave memory: [mem 0xffd70000-0xffd9ffff]
[    0.131528] PM: Registered nosave memory: [mem 0xffda0000-0xffffffff]
[    0.131530] [mem 0x7fa00000-0xe00f7fff] available for PCI devices
[    0.131532] Booting paravirtualized kernel on bare hardware
[    0.131534] clocksource: refined-jiffies: mask: 0xffffffff max_cycles: 0xffffffff, max_idle_ns: 1910969940391419 ns
[    0.226760] random: get_random_bytes called from start_kernel+0x93/0x503 with crng_init=0
[    0.226765] setup_percpu: NR_CPUS:64 nr_cpumask_bits:64 nr_cpu_ids:8 nr_node_ids:1
[    0.226937] percpu: Embedded 44 pages/cpu @(____ptrval____) s143360 r8192 d28672 u262144
[    0.226942] pcpu-alloc: s143360 r8192 d28672 u262144 alloc=1*2097152
[    0.226943] pcpu-alloc: [0] 0 1 2 3 4 5 6 7 
[    0.226958] Built 1 zonelists, mobility grouping on.  Total pages: 4097561
[    0.226959] Policy zone: Normal
[    0.226960] Kernel command line: BOOT_IMAGE=/vmlinuz-5.0.0-rc6+ root=/dev/mapper/im--mac-root ro resume=/dev/mapper/im--mac-swap rd.lvm.lv=im-mac/root rd.luks.uuid=luks-dd1fa933-ef9f-402b-a2e4-7c9d6fb7ce0d rd.lvm.lv=im-mac/swap rhgb quiet hid_apple.fnmode=2 hid_apple.iso_layout=0 xhci_hcd.quirks=0x80
[    0.271309] Memory: 15844032K/16650504K available (12291K kernel code, 1403K rwdata, 4028K rodata, 2152K init, 4944K bss, 806472K reserved, 0K cma-reserved)
[    0.271441] SLUB: HWalign=64, Order=0-3, MinObjects=0, CPUs=8, Nodes=1
[    0.271447] Kernel/User page tables isolation: enabled
[    0.271469] ftrace: allocating 38170 entries in 150 pages
[    0.283939] rcu: Hierarchical RCU implementation.
[    0.283940] rcu: 	RCU restricting CPUs from NR_CPUS=64 to nr_cpu_ids=8.
[    0.283941] rcu: RCU calculated value of scheduler-enlistment delay is 100 jiffies.
[    0.283941] rcu: Adjusting geometry for rcu_fanout_leaf=16, nr_cpu_ids=8
[    0.285812] NR_IRQS: 4352, nr_irqs: 488, preallocated irqs: 16
[    0.285938] rcu: 	Offload RCU callbacks from CPUs: (none).
[    0.285980] Console: colour dummy device 80x25
[    0.285985] printk: console [tty0] enabled
[    0.285996] ACPI: Core revision 20181213
[    0.286199] clocksource: hpet: mask: 0xffffffff max_cycles: 0xffffffff, max_idle_ns: 133484882848 ns
[    0.286208] hpet clockevent registered
[    0.286212] APIC: Switch to symmetric I/O mode setup
[    0.286213] DMAR: Host address width 39
[    0.286214] DMAR: DRHD base: 0x000000fed90000 flags: 0x0
[    0.286217] DMAR: dmar0: reg_base_addr fed90000 ver 1:0 cap c0000020660462 ecap f0101a
[    0.286218] DMAR: DRHD base: 0x000000fed91000 flags: 0x1
[    0.286220] DMAR: dmar1: reg_base_addr fed91000 ver 1:0 cap d2008c20660462 ecap f010da
[    0.286220] DMAR: RMRR base: 0x00000079800000 end: 0x0000007f9fffff
[    0.286223] DMAR-IR: IOAPIC id 2 under DRHD base  0xfed91000 IOMMU 1
[    0.286224] DMAR-IR: HPET id 0 under DRHD base 0xfed91000
[    0.286224] DMAR-IR: x2apic is disabled because BIOS sets x2apic opt out bit.
[    0.286224] DMAR-IR: Use 'intremap=no_x2apic_optout' to override the BIOS setting.
[    0.286596] DMAR-IR: Enabled IRQ remapping in xapic mode
[    0.286596] x2apic: IRQ remapping doesn't support X2APIC mode
[    0.286967] ..TIMER: vector=0x30 apic1=0 pin1=2 apic2=-1 pin2=-1
[    0.291217] clocksource: tsc-early: mask: 0xffffffffffffffff max_cycles: 0x1fa3ecf0973, max_idle_ns: 440795226644 ns
[    0.291226] Calibrating delay loop (skipped), value calculated using timer frequency.. 4390.09 BogoMIPS (lpj=2195048)
[    0.291227] pid_max: default: 32768 minimum: 301
[    0.301420] LSM: Security Framework initializing
[    0.301421] Yama: becoming mindful.
[    0.301425] SELinux:  Initializing.
[    0.303801] Dentry cache hash table entries: 2097152 (order: 12, 16777216 bytes)
[    0.304972] Inode-cache hash table entries: 1048576 (order: 11, 8388608 bytes)
[    0.305020] Mount-cache hash table entries: 32768 (order: 6, 262144 bytes)
[    0.305060] Mountpoint-cache hash table entries: 32768 (order: 6, 262144 bytes)
[    0.305244] ENERGY_PERF_BIAS: Set to 'normal', was 'performance'
[    0.305245] ENERGY_PERF_BIAS: View and update with x86_energy_perf_policy(8)
[    0.305249] mce: CPU supports 10 MCE banks
[    0.305258] mce: CPU0: Thermal monitoring enabled (TM1)
[    0.305270] process: using mwait in idle threads
[    0.305272] Last level iTLB entries: 4KB 1024, 2MB 1024, 4MB 1024
[    0.305272] Last level dTLB entries: 4KB 1024, 2MB 1024, 4MB 1024, 1GB 4
[    0.305274] Spectre V2 : Mitigation: Full generic retpoline
[    0.305275] Spectre V2 : Spectre v2 / SpectreRSB mitigation: Filling RSB on context switch
[    0.305275] Spectre V2 : Enabling Restricted Speculation for firmware calls
[    0.305281] Spectre V2 : mitigation: Enabling conditional Indirect Branch Prediction Barrier
[    0.305282] Spectre V2 : User space: Mitigation: STIBP via seccomp and prctl
[    0.305283] Speculative Store Bypass: Mitigation: Speculative Store Bypass disabled via prctl and seccomp
[    0.305447] Freeing SMP alternatives memory: 36K
[    0.306564] TSC deadline timer enabled
[    0.306566] smpboot: CPU0: Intel(R) Core(TM) i7-4770HQ CPU @ 2.20GHz (family: 0x6, model: 0x46, stepping: 0x1)
[    0.306635] Performance Events: PEBS fmt2+, Haswell events, 16-deep LBR, full-width counters, Intel PMU driver.
[    0.306672] ... version:                3
[    0.306672] ... bit width:              48
[    0.306672] ... generic registers:      4
[    0.306673] ... value mask:             0000ffffffffffff
[    0.306674] ... max period:             00007fffffffffff
[    0.306674] ... fixed-purpose events:   3
[    0.306674] ... event mask:             000000070000000f
[    0.306700] rcu: Hierarchical SRCU implementation.
[    0.307132] random: crng done (trusting CPU's manufacturer)
[    0.307218] NMI watchdog: Enabled. Permanently consumes one hw-PMU counter.
[    0.307246] smp: Bringing up secondary CPUs ...
[    0.307298] x86: Booting SMP configuration:
[    0.307299] .... node  #0, CPUs:      #1 #2 #3 #4 #5 #6 #7
[    0.356222] smp: Brought up 1 node, 8 CPUs
[    0.356223] smpboot: Max logical packages: 1
[    0.356225] smpboot: Total of 8 processors activated (35120.76 BogoMIPS)
[    0.357591] devtmpfs: initialized
[    0.357591] x86/mm: Memory block size: 128MB
[    0.358470] PM: Registering ACPI NVS region [mem 0x78d01000-0x78d48fff] (294912 bytes)
[    0.358470] clocksource: jiffies: mask: 0xffffffff max_cycles: 0xffffffff, max_idle_ns: 1911260446275000 ns
[    0.358470] futex hash table entries: 2048 (order: 5, 131072 bytes)
[    0.358470] pinctrl core: initialized pinctrl subsystem
[    0.358470] RTC time: 22:52:25, date: 2019-02-11
[    0.358555] NET: Registered protocol family 16
[    0.358647] audit: initializing netlink subsys (disabled)
[    0.358651] audit: type=2000 audit(1549925545.072:1): state=initialized audit_enabled=0 res=1
[    0.358651] cpuidle: using governor menu
[    0.358651] ACPI: bus type PCI registered
[    0.358651] acpiphp: ACPI Hot Plug PCI Controller Driver version: 0.5
[    0.358651] PCI: MMCONFIG for domain 0000 [bus 00-9b] at [mem 0xe0000000-0xe9bfffff] (base 0xe0000000)
[    0.358651] PCI: not using MMCONFIG
[    0.358651] PCI: Using configuration type 1 for base access
[    0.358651] core: PMU erratum BJ122, BV98, HSD29 worked around, HT is on
[    0.360241] HugeTLB registered 1.00 GiB page size, pre-allocated 0 pages
[    0.360241] HugeTLB registered 2.00 MiB page size, pre-allocated 0 pages
[    0.360242] cryptd: max_cpu_qlen set to 1000
[    0.360261] ACPI: Disabled all _OSI OS vendors
[    0.360262] ACPI: Added _OSI(Module Device)
[    0.360263] ACPI: Added _OSI(Processor Device)
[    0.360263] ACPI: Added _OSI(3.0 _SCP Extensions)
[    0.360264] ACPI: Added _OSI(Processor Aggregator Device)
[    0.360264] ACPI: Added _OSI(Linux-Dell-Video)
[    0.360265] ACPI: Added _OSI(Linux-Lenovo-NV-HDMI-Audio)
[    0.360266] ACPI: Added _OSI(Linux-HPI-Hybrid-Graphics)
[    0.360266] ACPI: Added _OSI(Darwin)
[    0.371795] ACPI: 10 ACPI AML tables successfully acquired and loaded
[    0.372403] ACPI: EC: EC started
[    0.372403] ACPI: EC: interrupt blocked
[    0.374171] ACPI: \: Used as first EC
[    0.374172] ACPI: \: GPE=0x17, EC_CMD/EC_SC=0x66, EC_DATA=0x62
[    0.374173] ACPI: \: Used as boot ECDT EC to handle transactions
[    0.374888] ACPI: BIOS _OSI(Darwin) query honored via DMI
[    0.375411] ACPI: [Firmware Bug]: BIOS _OSI(Linux) query ignored
[    0.375527] ACPI Error: Needed type [Reference], found [Integer] 000000007fcf0a7f (20181213/exresop-69)
[    0.375531] ACPI Error: AE_AML_OPERAND_TYPE, While resolving operands for [OpcodeName unavailable] (20181213/dswexec-427)
[    0.375533] ACPI Error: Method parse/execution failed \_PR.CPU0._PDC, AE_AML_OPERAND_TYPE (20181213/psparse-531)
[    0.375722] ACPI: Dynamic OEM Table Load:
[    0.375727] ACPI: SSDT 0xFFFF9183ACB4C800 00067C (v01 PmRef  ApIst    00003000 INTL 20140424)
[    0.376098] ACPI: Dynamic OEM Table Load:
[    0.376101] ACPI: SSDT 0xFFFF9183ACB98400 000119 (v01 PmRef  ApCst    00003000 INTL 20140424)
[    0.377176] ACPI: Interpreter enabled
[    0.377191] ACPI: (supports S0 S3 S4 S5)
[    0.377192] ACPI: Using IOAPIC for interrupt routing
[    0.377209] PCI: MMCONFIG for domain 0000 [bus 00-9b] at [mem 0xe0000000-0xe9bfffff] (base 0xe0000000)
[    0.377580] PCI: MMCONFIG at [mem 0xe0000000-0xe9bfffff] reserved in ACPI motherboard resources
[    0.377588] PCI: Using host bridge windows from ACPI; if necessary, use "pci=nocrs" and report a bug
[    0.377767] ACPI: Enabled 7 GPEs in block 00 to 3F
[    0.385004] ACPI: PCI Root Bridge [PCI0] (domain 0000 [bus 00-ff])
[    0.385007] acpi PNP0A08:00: _OSC: OS assumes control of [PCIeHotplug SHPCHotplug AER PCIeCapability LTR]
[    0.385017] acpi PNP0A08:00: [Firmware Info]: MMCONFIG for domain 0000 [bus 00-9b] only partially covers this bridge
[    0.385218] PCI host bridge to bus 0000:00
[    0.385222] pci_bus 0000:00: root bus resource [io  0x0000-0x0cf7 window]
[    0.385223] pci_bus 0000:00: root bus resource [io  0x0d00-0xffff window]
[    0.385224] pci_bus 0000:00: root bus resource [mem 0x000a0000-0x000bffff window]
[    0.385225] pci_bus 0000:00: root bus resource [mem 0x000c0000-0x000c3fff window]
[    0.385225] pci_bus 0000:00: root bus resource [mem 0x000c4000-0x000c7fff window]
[    0.385226] pci_bus 0000:00: root bus resource [mem 0x000c8000-0x000cbfff window]
[    0.385227] pci_bus 0000:00: root bus resource [mem 0x000cc000-0x000cffff window]
[    0.385228] pci_bus 0000:00: root bus resource [mem 0x000d0000-0x000d3fff window]
[    0.385229] pci_bus 0000:00: root bus resource [mem 0x000d4000-0x000d7fff window]
[    0.385230] pci_bus 0000:00: root bus resource [mem 0x000d8000-0x000dbfff window]
[    0.385231] pci_bus 0000:00: root bus resource [mem 0x000dc000-0x000dffff window]
[    0.385232] pci_bus 0000:00: root bus resource [mem 0x000e0000-0x000e3fff window]
[    0.385233] pci_bus 0000:00: root bus resource [mem 0x000e4000-0x000e7fff window]
[    0.385234] pci_bus 0000:00: root bus resource [mem 0x000e8000-0x000ebfff window]
[    0.385235] pci_bus 0000:00: root bus resource [mem 0x000ec000-0x000effff window]
[    0.385235] pci_bus 0000:00: root bus resource [mem 0x000f0000-0x000fffff window]
[    0.385236] pci_bus 0000:00: root bus resource [mem 0x7fa00000-0xfeafffff window]
[    0.385237] pci_bus 0000:00: root bus resource [mem 0xfed40000-0xfed44fff window]
[    0.385239] pci_bus 0000:00: root bus resource [bus 00-ff]
[    0.385245] pci 0000:00:00.0: [8086:0d04] type 00 class 0x060000
[    0.385312] pci 0000:00:01.0: [8086:0d01] type 01 class 0x060400
[    0.385343] pci 0000:00:01.0: PME# supported from D0 D3hot D3cold
[    0.385388] pci 0000:00:01.1: [8086:0d05] type 01 class 0x060400
[    0.385416] pci 0000:00:01.1: PME# supported from D0 D3hot D3cold
[    0.385487] pci 0000:00:02.0: [8086:0d26] type 00 class 0x030000
[    0.385496] pci 0000:00:02.0: reg 0x10: [mem 0xa0000000-0xa03fffff 64bit]
[    0.385500] pci 0000:00:02.0: reg 0x18: [mem 0x90000000-0x9fffffff 64bit pref]
[    0.385503] pci 0000:00:02.0: reg 0x20: [io  0x3000-0x303f]
[    0.385512] pci 0000:00:02.0: BAR 2: assigned to efifb
[    0.385561] pci 0000:00:03.0: [8086:0d0c] type 00 class 0x040300
[    0.385568] pci 0000:00:03.0: reg 0x10: [mem 0xa0c10000-0xa0c13fff 64bit]
[    0.385646] pci 0000:00:14.0: [8086:8c31] type 00 class 0x0c0330
[    0.385663] pci 0000:00:14.0: reg 0x10: [mem 0xa0c00000-0xa0c0ffff 64bit]
[    0.385714] pci 0000:00:14.0: PME# supported from D3hot D3cold
[    0.385790] pci 0000:00:16.0: [8086:8c3a] type 00 class 0x078000
[    0.385808] pci 0000:00:16.0: reg 0x10: [mem 0xa0c19100-0xa0c1910f 64bit]
[    0.385862] pci 0000:00:16.0: PME# supported from D0 D3hot D3cold
[    0.385917] pci 0000:00:1b.0: [8086:8c20] type 00 class 0x040300
[    0.385935] pci 0000:00:1b.0: reg 0x10: [mem 0xa0c14000-0xa0c17fff 64bit]
[    0.385993] pci 0000:00:1b.0: PME# supported from D0 D3hot D3cold
[    0.386043] pci 0000:00:1c.0: [8086:8c10] type 01 class 0x060400
[    0.386084] pci 0000:00:1c.0: claimed MacBook Pro poweroff workaround [mem 0x7fa00000-0x7fbfffff]
[    0.386129] pci 0000:00:1c.0: PME# supported from D0 D3hot D3cold
[    0.386190] pci 0000:00:1c.2: [8086:8c14] type 01 class 0x060400
[    0.386261] pci 0000:00:1c.2: PME# supported from D0 D3hot D3cold
[    0.386318] pci 0000:00:1c.3: [8086:8c16] type 01 class 0x060400
[    0.386386] pci 0000:00:1c.3: PME# supported from D0 D3hot D3cold
[    0.386449] pci 0000:00:1f.0: [8086:8c4b] type 00 class 0x060100
[    0.386582] pci 0000:00:1f.3: [8086:8c22] type 00 class 0x0c0500
[    0.386598] pci 0000:00:1f.3: reg 0x10: [mem 0xa0c19000-0xa0c190ff 64bit]
[    0.386615] pci 0000:00:1f.3: reg 0x20: [io  0xefa0-0xefbf]
[    0.386671] pci 0000:00:1f.6: [8086:8c24] type 00 class 0x118000
[    0.386690] pci 0000:00:1f.6: reg 0x10: [mem 0xa0c18000-0xa0c18fff 64bit]
[    0.386840] pci 0000:01:00.0: [144d:a801] type 00 class 0x010601
[    0.386874] pci 0000:01:00.0: reg 0x24: [mem 0xa0b00000-0xa0b01fff]
[    0.386999] pci 0000:00:01.0: PCI bridge to [bus 01]
[    0.387001] pci 0000:00:01.0:   bridge window [mem 0xa0b00000-0xa0bfffff]
[    0.387049] pci 0000:05:00.0: [8086:156d] type 01 class 0x060400
[    0.387129] pci 0000:05:00.0: supports D1 D2
[    0.387130] pci 0000:05:00.0: PME# supported from D0 D1 D2 D3hot D3cold
[    0.387214] pci 0000:00:01.1: PCI bridge to [bus 05-9b]
[    0.387216] pci 0000:00:01.1:   bridge window [io  0x4000-0x6fff]
[    0.387217] pci 0000:00:01.1:   bridge window [mem 0xa0d00000-0xacdfffff]
[    0.387220] pci 0000:00:01.1:   bridge window [mem 0xace00000-0xb8dfffff 64bit pref]
[    0.387301] pci 0000:06:00.0: [8086:156d] type 01 class 0x060400
[    0.387390] pci 0000:06:00.0: supports D1 D2
[    0.387390] pci 0000:06:00.0: PME# supported from D0 D1 D2 D3hot D3cold
[    0.387452] pci 0000:06:03.0: [8086:156d] type 01 class 0x060400
[    0.387539] pci 0000:06:03.0: supports D1 D2
[    0.387540] pci 0000:06:03.0: PME# supported from D0 D1 D2 D3hot D3cold
[    0.387599] pci 0000:06:04.0: [8086:156d] type 01 class 0x060400
[    0.387686] pci 0000:06:04.0: supports D1 D2
[    0.387686] pci 0000:06:04.0: PME# supported from D0 D1 D2 D3hot D3cold
[    0.387746] pci 0000:06:05.0: [8086:156d] type 01 class 0x060400
[    0.387832] pci 0000:06:05.0: supports D1 D2
[    0.387833] pci 0000:06:05.0: PME# supported from D0 D1 D2 D3hot D3cold
[    0.387892] pci 0000:06:06.0: [8086:156d] type 01 class 0x060400
[    0.387978] pci 0000:06:06.0: supports D1 D2
[    0.387979] pci 0000:06:06.0: PME# supported from D0 D1 D2 D3hot D3cold
[    0.388048] pci 0000:05:00.0: PCI bridge to [bus 06-6b]
[    0.388052] pci 0000:05:00.0:   bridge window [io  0x4000-0x5fff]
[    0.388054] pci 0000:05:00.0:   bridge window [mem 0xa0d00000-0xa8dfffff]
[    0.388058] pci 0000:05:00.0:   bridge window [mem 0xace00000-0xb4dfffff 64bit pref]
[    0.388104] pci 0000:07:00.0: [8086:156c] type 00 class 0x088000
[    0.388129] pci 0000:07:00.0: reg 0x10: [mem 0xa0d00000-0xa0d3ffff]
[    0.388137] pci 0000:07:00.0: reg 0x14: [mem 0xa0d40000-0xa0d40fff]
[    0.388257] pci 0000:07:00.0: supports D1 D2
[    0.388258] pci 0000:07:00.0: PME# supported from D0 D1 D2 D3hot D3cold
[    0.388400] pci 0000:06:00.0: PCI bridge to [bus 07]
[    0.388405] pci 0000:06:00.0:   bridge window [mem 0xa0d00000-0xa0dfffff]
[    0.388459] pci 0000:06:03.0: PCI bridge to [bus 08-38]
[    0.388463] pci 0000:06:03.0:   bridge window [io  0x4000-0x4fff]
[    0.388466] pci 0000:06:03.0:   bridge window [mem 0xa0e00000-0xa4dfffff]
[    0.388470] pci 0000:06:03.0:   bridge window [mem 0xace00000-0xb0dfffff 64bit pref]
[    0.388519] pci 0000:06:04.0: PCI bridge to [bus 39]
[    0.388575] pci 0000:06:05.0: PCI bridge to [bus 3a-6a]
[    0.388578] pci 0000:06:05.0:   bridge window [io  0x5000-0x5fff]
[    0.388581] pci 0000:06:05.0:   bridge window [mem 0xa4e00000-0xa8dfffff]
[    0.388585] pci 0000:06:05.0:   bridge window [mem 0xb0e00000-0xb4dfffff 64bit pref]
[    0.388612] pci 0000:06:06.0: PCI bridge to [bus 6b]
[    0.388678] pci 0000:00:1c.0: PCI bridge to [bus 02]
[    0.388774] pci 0000:03:00.0: [14e4:43ba] type 00 class 0x028000
[    0.388839] pci 0000:03:00.0: reg 0x10: [mem 0xa0800000-0xa0807fff 64bit]
[    0.388866] pci 0000:03:00.0: reg 0x18: [mem 0xa0400000-0xa07fffff 64bit]
[    0.389071] pci 0000:03:00.0: supports D1 D2
[    0.389072] pci 0000:03:00.0: PME# supported from D0 D1 D2 D3hot D3cold
[    0.389294] pci 0000:00:1c.2: PCI bridge to [bus 03]
[    0.389299] pci 0000:00:1c.2:   bridge window [mem 0xa0400000-0xa08fffff]
[    0.389356] pci 0000:04:00.0: [14e4:1570] type 00 class 0x048000
[    0.389386] pci 0000:04:00.0: reg 0x10: [mem 0xa0a00000-0xa0a0ffff 64bit]
[    0.389401] pci 0000:04:00.0: reg 0x18: [mem 0x80000000-0x8fffffff 64bit pref]
[    0.389415] pci 0000:04:00.0: reg 0x20: [mem 0xa0900000-0xa09fffff 64bit]
[    0.389502] pci 0000:04:00.0: supports D1
[    0.389503] pci 0000:04:00.0: PME# supported from D0 D3hot
[    0.389610] pci 0000:00:1c.3: PCI bridge to [bus 04]
[    0.389615] pci 0000:00:1c.3:   bridge window [mem 0xa0900000-0xa0afffff]
[    0.389619] pci 0000:00:1c.3:   bridge window [mem 0x80000000-0x8fffffff 64bit pref]
[    0.390356] ACPI: PCI Interrupt Link [LNKA] (IRQs 1 3 4 5 6 7 10 12 14 15) *0, disabled.
[    0.390399] ACPI: PCI Interrupt Link [LNKB] (IRQs 1 3 4 5 6 7 11 12 14 15) *0, disabled.
[    0.390444] ACPI: PCI Interrupt Link [LNKC] (IRQs 1 3 4 5 6 7 10 12 14 15) *0, disabled.
[    0.390489] ACPI: PCI Interrupt Link [LNKD] (IRQs 1 3 4 5 6 7 11 12 14 15) *0, disabled.
[    0.390534] ACPI: PCI Interrupt Link [LNKE] (IRQs 1 3 4 5 6 7 10 12 14 15) *0, disabled.
[    0.390570] ACPI: PCI Interrupt Link [LNKF] (IRQs 1 3 4 5 6 7 11 12 14 15) *0, disabled.
[    0.390615] ACPI: PCI Interrupt Link [LNKG] (IRQs 1 3 4 5 6 7 10 12 14 15) *0, disabled.
[    0.390657] ACPI: PCI Interrupt Link [LNKH] (IRQs 1 3 4 5 6 7 11 12 14 15) *0, disabled.
[    0.390799] ACPI: EC: interrupt unblocked
[    0.390816] ACPI: EC: event unblocked
[    0.390821] ACPI: \_SB_.PCI0.LPCB.EC__: GPE=0x17, EC_CMD/EC_SC=0x66, EC_DATA=0x62
[    0.390822] ACPI: \_SB_.PCI0.LPCB.EC__: Used as boot DSDT EC to handle transactions and events
[    0.390865] pci 0000:00:02.0: vgaarb: setting as boot VGA device
[    0.390865] pci 0000:00:02.0: vgaarb: VGA device added: decodes=io+mem,owns=io+mem,locks=none
[    0.390865] pci 0000:00:02.0: vgaarb: bridge control possible
[    0.390865] vgaarb: loaded
[    0.390865] SCSI subsystem initialized
[    0.390865] libata version 3.00 loaded.
[    0.390865] ACPI: bus type USB registered
[    0.390865] usbcore: registered new interface driver usbfs
[    0.390865] usbcore: registered new interface driver hub
[    0.390865] usbcore: registered new device driver usb
[    0.390865] pps_core: LinuxPPS API ver. 1 registered
[    0.390865] pps_core: Software ver. 5.3.6 - Copyright 2005-2007 Rodolfo Giometti <giometti@linux.it>
[    0.390865] PTP clock support registered
[    0.390865] EDAC MC: Ver: 3.0.0
[    0.390865] Registered efivars operations
[    0.427963] PCI: Using ACPI for IRQ routing
[    0.430230] PCI: pci_cache_line_size set to 64 bytes
[    0.430331] e820: reserve RAM buffer [mem 0x00058000-0x0005ffff]
[    0.430332] e820: reserve RAM buffer [mem 0x66282710-0x67ffffff]
[    0.430333] e820: reserve RAM buffer [mem 0x78d01000-0x7bffffff]
[    0.430334] e820: reserve RAM buffer [mem 0x78d5d000-0x7bffffff]
[    0.430335] e820: reserve RAM buffer [mem 0x78e3a000-0x7bffffff]
[    0.430336] e820: reserve RAM buffer [mem 0x78ecc000-0x7bffffff]
[    0.430337] e820: reserve RAM buffer [mem 0x78f85000-0x7bffffff]
[    0.430338] e820: reserve RAM buffer [mem 0x79000000-0x7bffffff]
[    0.430338] e820: reserve RAM buffer [mem 0x47f600000-0x47fffffff]
[    0.431218] NetLabel: Initializing
[    0.431218] NetLabel:  domain hash size = 128
[    0.431218] NetLabel:  protocols = UNLABELED CIPSOv4 CALIPSO
[    0.431218] NetLabel:  unlabeled traffic allowed by default
[    0.431295] hpet0: at MMIO 0xfed00000, IRQs 2, 8, 0, 0, 0, 0, 0, 0
[    0.431298] hpet0: 8 comparators, 64-bit 14.318180 MHz counter
[    0.433234] clocksource: Switched to clocksource tsc-early
[    0.442834] VFS: Disk quotas dquot_6.6.0
[    0.442849] VFS: Dquot-cache hash table entries: 512 (order 0, 4096 bytes)
[    0.442895] pnp: PnP ACPI init
[    0.443534] system 00:00: [mem 0xfed00000-0xfed03fff] has been reserved
[    0.443539] system 00:00: Plug and Play ACPI device, IDs PNP0103 PNP0c01 (active)
[    0.443573] system 00:01: [io  0xffff] has been reserved
[    0.443574] system 00:01: [io  0x1800-0x187f] has been reserved
[    0.443576] system 00:01: [io  0x0800-0x087f] has been reserved
[    0.443578] system 00:01: Plug and Play ACPI device, IDs PNP0c02 (active)
[    0.443590] pnp 00:02: Plug and Play ACPI device, IDs PNP0b00 (active)
[    0.443634] pnp 00:03: Plug and Play ACPI device, IDs APP000b (active)
[    0.443732] system 00:04: [mem 0xfed1c000-0xfed1ffff] has been reserved
[    0.443734] system 00:04: [mem 0xfed10000-0xfed17fff] has been reserved
[    0.443735] system 00:04: [mem 0xfed18000-0xfed18fff] has been reserved
[    0.443736] system 00:04: [mem 0xfed19000-0xfed19fff] has been reserved
[    0.443737] system 00:04: [mem 0xe0000000-0xefffffff] could not be reserved
[    0.443738] system 00:04: [mem 0xfed20000-0xfed3ffff] has been reserved
[    0.443739] system 00:04: [mem 0xfed90000-0xfed93fff] could not be reserved
[    0.443741] system 00:04: [mem 0xfed45000-0xfed8ffff] has been reserved
[    0.443742] system 00:04: [mem 0xff000000-0xffffffff] could not be reserved
[    0.443743] system 00:04: [mem 0xfee00000-0xfeefffff] has been reserved
[    0.443746] system 00:04: Plug and Play ACPI device, IDs PNP0c02 (active)
[    0.443782] system 00:05: [mem 0x20000000-0x201fffff] could not be reserved
[    0.443783] system 00:05: [mem 0x40000000-0x401fffff] could not be reserved
[    0.443785] system 00:05: Plug and Play ACPI device, IDs PNP0c01 (active)
[    0.443900] pnp: PnP ACPI: found 6 devices
[    0.444731] pci 0000:07:00.0: assigning 8 device properties
[    0.444742] pci 0000:00:1b.0: assigning 4 device properties
[    0.444747] pci 0000:00:02.0: assigning 2 device properties
[    0.449315] clocksource: acpi_pm: mask: 0xffffff max_cycles: 0xffffff, max_idle_ns: 2085701024 ns
[    0.449347] pci 0000:06:00.0: bridge window [io  0x1000-0x0fff] to [bus 07] add_size 1000
[    0.449348] pci 0000:06:00.0: bridge window [mem 0x00100000-0x000fffff 64bit pref] to [bus 07] add_size 200000 add_align 100000
[    0.449359] pci 0000:06:04.0: bridge window [io  0x1000-0x0fff] to [bus 39] add_size 1000
[    0.449361] pci 0000:06:04.0: bridge window [mem 0x00100000-0x000fffff 64bit pref] to [bus 39] add_size 200000 add_align 100000
[    0.449362] pci 0000:06:04.0: bridge window [mem 0x00100000-0x000fffff] to [bus 39] add_size 200000 add_align 100000
[    0.449372] pci 0000:06:06.0: bridge window [io  0x1000-0x0fff] to [bus 6b] add_size 1000
[    0.449374] pci 0000:06:06.0: bridge window [mem 0x00100000-0x000fffff 64bit pref] to [bus 6b] add_size 200000 add_align 100000
[    0.449375] pci 0000:06:06.0: bridge window [mem 0x00100000-0x000fffff] to [bus 6b] add_size 200000 add_align 100000
[    0.449393] pci 0000:00:1c.0: bridge window [io  0x1000-0x0fff] to [bus 02] add_size 1000
[    0.449394] pci 0000:00:1c.0: bridge window [mem 0x00100000-0x000fffff 64bit pref] to [bus 02] add_size 200000 add_align 100000
[    0.449395] pci 0000:00:1c.0: bridge window [mem 0x00100000-0x000fffff] to [bus 02] add_size 200000 add_align 100000
[    0.449413] pci 0000:00:1c.0: BAR 14: assigned [mem 0x7fc00000-0x7fdfffff]
[    0.449420] pci 0000:00:1c.0: BAR 15: assigned [mem 0x7fe00000-0x7fffffff 64bit pref]
[    0.449422] pci 0000:00:1c.0: BAR 13: assigned [io  0x2000-0x2fff]
[    0.449424] pci 0000:00:01.0: PCI bridge to [bus 01]
[    0.449427] pci 0000:00:01.0:   bridge window [mem 0xa0b00000-0xa0bfffff]
[    0.449433] pci 0000:06:00.0: BAR 15: no space for [mem size 0x00200000 64bit pref]
[    0.449434] pci 0000:06:00.0: BAR 15: failed to assign [mem size 0x00200000 64bit pref]
[    0.449436] pci 0000:06:04.0: BAR 14: no space for [mem size 0x00200000]
[    0.449437] pci 0000:06:04.0: BAR 14: failed to assign [mem size 0x00200000]
[    0.449438] pci 0000:06:04.0: BAR 15: no space for [mem size 0x00200000 64bit pref]
[    0.449439] pci 0000:06:04.0: BAR 15: failed to assign [mem size 0x00200000 64bit pref]
[    0.449440] pci 0000:06:06.0: BAR 14: no space for [mem size 0x00200000]
[    0.449441] pci 0000:06:06.0: BAR 14: failed to assign [mem size 0x00200000]
[    0.449443] pci 0000:06:06.0: BAR 15: no space for [mem size 0x00200000 64bit pref]
[    0.449444] pci 0000:06:06.0: BAR 15: failed to assign [mem size 0x00200000 64bit pref]
[    0.449445] pci 0000:06:00.0: BAR 13: no space for [io  size 0x1000]
[    0.449446] pci 0000:06:00.0: BAR 13: failed to assign [io  size 0x1000]
[    0.449447] pci 0000:06:04.0: BAR 13: no space for [io  size 0x1000]
[    0.449448] pci 0000:06:04.0: BAR 13: failed to assign [io  size 0x1000]
[    0.449449] pci 0000:06:06.0: BAR 13: no space for [io  size 0x1000]
[    0.449450] pci 0000:06:06.0: BAR 13: failed to assign [io  size 0x1000]
[    0.449452] pci 0000:06:06.0: BAR 14: no space for [mem size 0x00200000]
[    0.449453] pci 0000:06:06.0: BAR 14: failed to assign [mem size 0x00200000]
[    0.449454] pci 0000:06:06.0: BAR 15: no space for [mem size 0x00200000 64bit pref]
[    0.449455] pci 0000:06:06.0: BAR 15: failed to assign [mem size 0x00200000 64bit pref]
[    0.449456] pci 0000:06:06.0: BAR 13: no space for [io  size 0x1000]
[    0.449457] pci 0000:06:06.0: BAR 13: failed to assign [io  size 0x1000]
[    0.449458] pci 0000:06:04.0: BAR 14: no space for [mem size 0x00200000]
[    0.449459] pci 0000:06:04.0: BAR 14: failed to assign [mem size 0x00200000]
[    0.449461] pci 0000:06:04.0: BAR 15: no space for [mem size 0x00200000 64bit pref]
[    0.449462] pci 0000:06:04.0: BAR 15: failed to assign [mem size 0x00200000 64bit pref]
[    0.449463] pci 0000:06:04.0: BAR 13: no space for [io  size 0x1000]
[    0.449464] pci 0000:06:04.0: BAR 13: failed to assign [io  size 0x1000]
[    0.449466] pci 0000:06:00.0: BAR 15: no space for [mem size 0x00200000 64bit pref]
[    0.449467] pci 0000:06:00.0: BAR 15: failed to assign [mem size 0x00200000 64bit pref]
[    0.449468] pci 0000:06:00.0: BAR 13: no space for [io  size 0x1000]
[    0.449468] pci 0000:06:00.0: BAR 13: failed to assign [io  size 0x1000]
[    0.449470] pci 0000:06:00.0: PCI bridge to [bus 07]
[    0.449473] pci 0000:06:00.0:   bridge window [mem 0xa0d00000-0xa0dfffff]
[    0.449479] pci 0000:06:03.0: PCI bridge to [bus 08-38]
[    0.449480] pci 0000:06:03.0:   bridge window [io  0x4000-0x4fff]
[    0.449484] pci 0000:06:03.0:   bridge window [mem 0xa0e00000-0xa4dfffff]
[    0.449486] pci 0000:06:03.0:   bridge window [mem 0xace00000-0xb0dfffff 64bit pref]
[    0.449490] pci 0000:06:04.0: PCI bridge to [bus 39]
[    0.449498] pci 0000:06:05.0: PCI bridge to [bus 3a-6a]
[    0.449500] pci 0000:06:05.0:   bridge window [io  0x5000-0x5fff]
[    0.449503] pci 0000:06:05.0:   bridge window [mem 0xa4e00000-0xa8dfffff]
[    0.449506] pci 0000:06:05.0:   bridge window [mem 0xb0e00000-0xb4dfffff 64bit pref]
[    0.449510] pci 0000:06:06.0: PCI bridge to [bus 6b]
[    0.449518] pci 0000:05:00.0: PCI bridge to [bus 06-6b]
[    0.449520] pci 0000:05:00.0:   bridge window [io  0x4000-0x5fff]
[    0.449523] pci 0000:05:00.0:   bridge window [mem 0xa0d00000-0xa8dfffff]
[    0.449525] pci 0000:05:00.0:   bridge window [mem 0xace00000-0xb4dfffff 64bit pref]
[    0.449529] pci 0000:00:01.1: PCI bridge to [bus 05-9b]
[    0.449530] pci 0000:00:01.1:   bridge window [io  0x4000-0x6fff]
[    0.449532] pci 0000:00:01.1:   bridge window [mem 0xa0d00000-0xacdfffff]
[    0.449534] pci 0000:00:01.1:   bridge window [mem 0xace00000-0xb8dfffff 64bit pref]
[    0.449536] pci 0000:00:1c.0: PCI bridge to [bus 02]
[    0.449543] pci 0000:00:1c.0:   bridge window [io  0x2000-0x2fff]
[    0.449548] pci 0000:00:1c.0:   bridge window [mem 0x7fc00000-0x7fdfffff]
[    0.449551] pci 0000:00:1c.0:   bridge window [mem 0x7fe00000-0x7fffffff 64bit pref]
[    0.449556] pci 0000:00:1c.2: PCI bridge to [bus 03]
[    0.449560] pci 0000:00:1c.2:   bridge window [mem 0xa0400000-0xa08fffff]
[    0.449567] pci 0000:00:1c.3: PCI bridge to [bus 04]
[    0.449571] pci 0000:00:1c.3:   bridge window [mem 0xa0900000-0xa0afffff]
[    0.449575] pci 0000:00:1c.3:   bridge window [mem 0x80000000-0x8fffffff 64bit pref]
[    0.449580] pci_bus 0000:00: resource 4 [io  0x0000-0x0cf7 window]
[    0.449582] pci_bus 0000:00: resource 5 [io  0x0d00-0xffff window]
[    0.449583] pci_bus 0000:00: resource 6 [mem 0x000a0000-0x000bffff window]
[    0.449583] pci_bus 0000:00: resource 7 [mem 0x000c0000-0x000c3fff window]
[    0.449584] pci_bus 0000:00: resource 8 [mem 0x000c4000-0x000c7fff window]
[    0.449585] pci_bus 0000:00: resource 9 [mem 0x000c8000-0x000cbfff window]
[    0.449586] pci_bus 0000:00: resource 10 [mem 0x000cc000-0x000cffff window]
[    0.449587] pci_bus 0000:00: resource 11 [mem 0x000d0000-0x000d3fff window]
[    0.449588] pci_bus 0000:00: resource 12 [mem 0x000d4000-0x000d7fff window]
[    0.449589] pci_bus 0000:00: resource 13 [mem 0x000d8000-0x000dbfff window]
[    0.449590] pci_bus 0000:00: resource 14 [mem 0x000dc000-0x000dffff window]
[    0.449591] pci_bus 0000:00: resource 15 [mem 0x000e0000-0x000e3fff window]
[    0.449592] pci_bus 0000:00: resource 16 [mem 0x000e4000-0x000e7fff window]
[    0.449593] pci_bus 0000:00: resource 17 [mem 0x000e8000-0x000ebfff window]
[    0.449594] pci_bus 0000:00: resource 18 [mem 0x000ec000-0x000effff window]
[    0.449595] pci_bus 0000:00: resource 19 [mem 0x000f0000-0x000fffff window]
[    0.449596] pci_bus 0000:00: resource 20 [mem 0x7fa00000-0xfeafffff window]
[    0.449597] pci_bus 0000:00: resource 21 [mem 0xfed40000-0xfed44fff window]
[    0.449598] pci_bus 0000:01: resource 1 [mem 0xa0b00000-0xa0bfffff]
[    0.449599] pci_bus 0000:05: resource 0 [io  0x4000-0x6fff]
[    0.449600] pci_bus 0000:05: resource 1 [mem 0xa0d00000-0xacdfffff]
[    0.449601] pci_bus 0000:05: resource 2 [mem 0xace00000-0xb8dfffff 64bit pref]
[    0.449602] pci_bus 0000:06: resource 0 [io  0x4000-0x5fff]
[    0.449603] pci_bus 0000:06: resource 1 [mem 0xa0d00000-0xa8dfffff]
[    0.449604] pci_bus 0000:06: resource 2 [mem 0xace00000-0xb4dfffff 64bit pref]
[    0.449605] pci_bus 0000:07: resource 1 [mem 0xa0d00000-0xa0dfffff]
[    0.449606] pci_bus 0000:08: resource 0 [io  0x4000-0x4fff]
[    0.449607] pci_bus 0000:08: resource 1 [mem 0xa0e00000-0xa4dfffff]
[    0.449608] pci_bus 0000:08: resource 2 [mem 0xace00000-0xb0dfffff 64bit pref]
[    0.449609] pci_bus 0000:3a: resource 0 [io  0x5000-0x5fff]
[    0.449609] pci_bus 0000:3a: resource 1 [mem 0xa4e00000-0xa8dfffff]
[    0.449610] pci_bus 0000:3a: resource 2 [mem 0xb0e00000-0xb4dfffff 64bit pref]
[    0.449612] pci_bus 0000:02: resource 0 [io  0x2000-0x2fff]
[    0.449612] pci_bus 0000:02: resource 1 [mem 0x7fc00000-0x7fdfffff]
[    0.449613] pci_bus 0000:02: resource 2 [mem 0x7fe00000-0x7fffffff 64bit pref]
[    0.449614] pci_bus 0000:03: resource 1 [mem 0xa0400000-0xa08fffff]
[    0.449615] pci_bus 0000:04: resource 1 [mem 0xa0900000-0xa0afffff]
[    0.449616] pci_bus 0000:04: resource 2 [mem 0x80000000-0x8fffffff 64bit pref]
[    0.449718] NET: Registered protocol family 2
[    0.449850] tcp_listen_portaddr_hash hash table entries: 8192 (order: 5, 131072 bytes)
[    0.449892] TCP established hash table entries: 131072 (order: 8, 1048576 bytes)
[    0.450041] TCP bind hash table entries: 65536 (order: 8, 1048576 bytes)
[    0.450160] TCP: Hash tables configured (established 131072 bind 65536)
[    0.450194] UDP hash table entries: 8192 (order: 6, 262144 bytes)
[    0.450236] UDP-Lite hash table entries: 8192 (order: 6, 262144 bytes)
[    0.450303] NET: Registered protocol family 1
[    0.450307] NET: Registered protocol family 44
[    0.450316] pci 0000:00:02.0: Video device with shadowed ROM at [mem 0x000c0000-0x000dffff]
[    0.450591] PCI: CLS 256 bytes, default 64
[    0.450619] Unpacking initramfs...
[    1.573937] Freeing initrd memory: 92720K
[    1.579259] PCI-DMA: Using software bounce buffering for IO (SWIOTLB)
[    1.579262] software IO TLB: mapped [mem 0x5f070000-0x63070000] (64MB)
[    1.582077] Initialise system trusted keyrings
[    1.582092] Key type blacklist registered
[    1.582139] workingset: timestamp_bits=36 max_order=22 bucket_order=0
[    1.583483] zbud: loaded
[    1.715712] alg: No test for 842 (842-generic)
[    1.716280] alg: No test for 842 (842-scomp)
[    1.736113] NET: Registered protocol family 38
[    1.736115] Key type asymmetric registered
[    1.736116] Asymmetric key parser 'x509' registered
[    1.736126] Block layer SCSI generic (bsg) driver version 0.4 loaded (major 243)
[    1.736154] io scheduler mq-deadline registered
[    1.736209] atomic64_test: passed for x86-64 platform with CX8 and with SSE
[    1.736598] pciehp 0000:00:1c.0:pcie004: Slot #0 AttnBtn- PwrCtrl- MRL- AttnInd- PwrInd- HotPlug+ Surprise+ Interlock- NoCompl+ LLActRep+
[    1.737107] pciehp 0000:06:00.0:pcie204: Slot #0 AttnBtn- PwrCtrl- MRL- AttnInd- PwrInd- HotPlug+ Surprise+ Interlock- NoCompl+ LLActRep+
[    1.737285] pciehp 0000:06:03.0:pcie204: Slot #3 AttnBtn- PwrCtrl- MRL- AttnInd- PwrInd- HotPlug+ Surprise+ Interlock- NoCompl+ LLActRep+
[    1.737472] pciehp 0000:06:04.0:pcie204: Slot #4 AttnBtn- PwrCtrl- MRL- AttnInd- PwrInd- HotPlug+ Surprise+ Interlock- NoCompl+ LLActRep+
[    1.737643] pciehp 0000:06:05.0:pcie204: Slot #5 AttnBtn- PwrCtrl- MRL- AttnInd- PwrInd- HotPlug+ Surprise+ Interlock- NoCompl+ LLActRep+
[    1.737811] pciehp 0000:06:06.0:pcie204: Slot #6 AttnBtn- PwrCtrl- MRL- AttnInd- PwrInd- HotPlug+ Surprise+ Interlock- NoCompl+ LLActRep+
[    1.737903] shpchp: Standard Hot Plug PCI Controller Driver version: 0.4
[    1.737921] efifb: probing for efifb
[    1.737933] efifb: No BGRT, not showing boot graphics
[    1.737935] efifb: framebuffer at 0x90000000, using 20700k, total 20700k
[    1.737935] efifb: mode is 2880x1800x32, linelength=11776, pages=1
[    1.737936] efifb: scrolling: redraw
[    1.737937] efifb: Truecolor: size=8:8:8:8, shift=24:16:8:0
[    1.737968] fbcon: Deferring console take-over
[    1.737969] fb0: EFI VGA frame buffer device
[    1.737975] intel_idle: MWAIT substates: 0x42120
[    1.737976] intel_idle: v0.4.1 model 0x46
[    1.738208] intel_idle: lapic_timer_reliable_states 0xffffffff
[    1.738300] ACPI: AC Adapter [ADP1] (on-line)
[    1.738346] input: Lid Switch as /devices/LNXSYSTM:00/LNXSYBUS:00/PNP0C0D:00/input/input0
[    1.738358] ACPI: Lid Switch [LID0]
[    1.738390] input: Power Button as /devices/LNXSYSTM:00/LNXSYBUS:00/PNP0C0C:00/input/input1
[    1.738397] ACPI: Power Button [PWRB]
[    1.738416] input: Sleep Button as /devices/LNXSYSTM:00/LNXSYBUS:00/PNP0C0E:00/input/input2
[    1.738420] ACPI: Sleep Button [SLPB]
[    1.738440] input: Power Button as /devices/LNXSYSTM:00/LNXPWRBN:00/input/input3
[    1.738446] ACPI: Power Button [PWRF]
[    1.739109] Serial: 8250/16550 driver, 32 ports, IRQ sharing enabled
[    1.740522] Non-volatile memory driver v1.3
[    1.740551] Linux agpgart interface v0.103
[    1.741199] ahci 0000:01:00.0: version 3.0
[    1.771842] ahci 0000:01:00.0: AHCI 0001.0300 32 slots 1 ports 6 Gbps 0x1 impl SATA mode
[    1.771846] ahci 0000:01:00.0: flags: 64bit ncq led clo only pio ccc 
[    1.772255] scsi host0: ahci
[    1.772352] ata1: SATA max UDMA/133 abar m8192@0xa0b00000 port 0xa0b00100 irq 33
[    1.772433] libphy: Fixed MDIO Bus: probed
[    1.772576] ehci_hcd: USB 2.0 'Enhanced' Host Controller (EHCI) Driver
[    1.772580] ehci-pci: EHCI PCI platform driver
[    1.772599] ohci_hcd: USB 1.1 'Open' Host Controller (OHCI) Driver
[    1.772601] ohci-pci: OHCI PCI platform driver
[    1.772609] uhci_hcd: USB Universal Host Controller Interface driver
[    1.772788] xhci_hcd 0000:00:14.0: xHCI Host Controller
[    1.772921] xhci_hcd 0000:00:14.0: new USB bus registered, assigned bus number 1
[    1.774000] xhci_hcd 0000:00:14.0: hcc params 0x200077c1 hci version 0x100 quirks 0x0000000000009890
[    1.774005] xhci_hcd 0000:00:14.0: cache line size of 256 is not supported
[    1.774189] usb usb1: New USB device found, idVendor=1d6b, idProduct=0002, bcdDevice= 5.00
[    1.774190] usb usb1: New USB device strings: Mfr=3, Product=2, SerialNumber=1
[    1.774192] usb usb1: Product: xHCI Host Controller
[    1.774193] usb usb1: Manufacturer: Linux 5.0.0-rc6+ xhci-hcd
[    1.774194] usb usb1: SerialNumber: 0000:00:14.0
[    1.774383] hub 1-0:1.0: USB hub found
[    1.774405] hub 1-0:1.0: 14 ports detected
[    1.774741] xhci_hcd 0000:00:14.0: xHCI Host Controller
[    1.774837] xhci_hcd 0000:00:14.0: new USB bus registered, assigned bus number 2
[    1.774852] xhci_hcd 0000:00:14.0: Host supports USB 3.0  SuperSpeed
[    1.774897] usb usb2: New USB device found, idVendor=1d6b, idProduct=0003, bcdDevice= 5.00
[    1.774898] usb usb2: New USB device strings: Mfr=3, Product=2, SerialNumber=1
[    1.774899] usb usb2: Product: xHCI Host Controller
[    1.774900] usb usb2: Manufacturer: Linux 5.0.0-rc6+ xhci-hcd
[    1.774901] usb usb2: SerialNumber: 0000:00:14.0
[    1.774983] hub 2-0:1.0: USB hub found
[    1.774999] hub 2-0:1.0: 6 ports detected
[    1.775036] usb: port power management may be unreliable
[    1.775177] usbcore: registered new interface driver usbserial_generic
[    1.775181] usbserial: USB Serial support registered for generic
[    1.775202] i8042: PNP: No PS/2 controller found.
[    1.775242] mousedev: PS/2 mouse device common for all mice
[    1.775389] rtc_cmos 00:02: RTC can wake from S4
[    1.775534] rtc_cmos 00:02: registered as rtc0
[    1.775535] rtc_cmos 00:02: alarms up to one month, y3k, 242 bytes nvram, hpet irqs
[    1.775598] device-mapper: uevent: version 1.0.3
[    1.775638] device-mapper: ioctl: 4.39.0-ioctl (2018-04-03) initialised: dm-devel@redhat.com
[    1.775722] intel_pstate: Intel P-state driver initializing
[    1.776213] hidraw: raw HID events driver (C) Jiri Kosina
[    1.776312] usbcore: registered new interface driver usbhid
[    1.776313] usbhid: USB HID core driver
[    1.776594] drop_monitor: Initializing network drop monitor service
[    1.776938] Initializing XFRM netlink socket
[    1.777218] NET: Registered protocol family 10
[    1.786415] Segment Routing with IPv6
[    1.786464] mip6: Mobile IPv6
[    1.786468] NET: Registered protocol family 17
[    1.787358] RAS: Correctable Errors collector initialized.
[    1.787401] microcode: sig=0x40661, pf=0x20, revision=0x1a
[    1.787531] microcode: Microcode Update Driver: v2.2.
[    1.787541] AVX2 version of gcm_enc/dec engaged.
[    1.787541] AES CTR mode by8 optimization enabled
[    1.820144] sched_clock: Marking stable (1819878138, 254190)->(1903523461, -83391133)
[    1.820439] registered taskstats version 1
[    1.820448] Loading compiled-in X.509 certificates
[    1.852117] Loaded X.509 cert 'Build time autogenerated kernel key: 307e4e8a55fe74f83f10b61aeadbf24a5fc6325b'
[    1.852141] zswap: loaded using pool lzo/zbud
[    1.857836] Key type big_key registered
[    1.860520] Key type encrypted registered
[    1.860526] ima: No TPM chip found, activating TPM-bypass!
[    1.860533] ima: Allocated hash algorithm: sha1
[    1.860537] No architecture policies found
[    1.861127]   Magic number: 7:475:906
[    1.861279] rtc_cmos 00:02: setting system clock to 2019-02-11T22:52:26 UTC (1549925546)
[    2.096540] usb 2-4: new SuperSpeed Gen 1 USB device number 2 using xhci_hcd
[    2.101102] ata1: SATA link up 6.0 Gbps (SStatus 133 SControl 300)
[    2.103053] ata1.00: unexpected _GTF length (8)
[    2.103196] ata1.00: ATA-8: APPLE SSD SM0256G, BXW1SA0Q, max UDMA/133
[    2.103199] ata1.00: 490234752 sectors, multi 16: LBA48 NCQ (depth 32), AA
[    2.103671] ata1.00: unexpected _GTF length (8)
[    2.103818] ata1.00: configured for UDMA/133
[    2.104174] scsi 0:0:0:0: Direct-Access     ATA      APPLE SSD SM0256 SA0Q PQ: 0 ANSI: 5
[    2.104528] sd 0:0:0:0: Attached scsi generic sg0 type 0
[    2.104831] sd 0:0:0:0: [sda] 490234752 512-byte logical blocks: (251 GB/234 GiB)
[    2.104834] sd 0:0:0:0: [sda] 4096-byte physical blocks
[    2.104866] sd 0:0:0:0: [sda] Write Protect is off
[    2.104869] sd 0:0:0:0: [sda] Mode Sense: 00 3a 00 00
[    2.104943] sd 0:0:0:0: [sda] Write cache: enabled, read cache: enabled, doesn't support DPO or FUA
[    2.106607]  sda: sda1 sda2 sda3 sda4
[    2.107367] sd 0:0:0:0: [sda] Attached SCSI disk
[    2.108334] Freeing unused decrypted memory: 2040K
[    2.108714] Freeing unused kernel image memory: 2152K
[    2.111060] usb 2-4: New USB device found, idVendor=05ac, idProduct=8406, bcdDevice= 8.20
[    2.111062] usb 2-4: New USB device strings: Mfr=3, Product=4, SerialNumber=5
[    2.111063] usb 2-4: Product: Card Reader
[    2.111065] usb 2-4: Manufacturer: Apple
[    2.111066] usb 2-4: SerialNumber: 000000000820
[    2.118302] Write protecting the kernel read-only data: 18432k
[    2.118827] Freeing unused kernel image memory: 2020K
[    2.118927] Freeing unused kernel image memory: 68K
[    2.125952] x86/mm: Checked W+X mappings: passed, no W+X pages found.
[    2.125957] rodata_test: all tests were successful
[    2.125957] x86/mm: Checking user space page tables
[    2.132618] x86/mm: Checked W+X mappings: passed, no W+X pages found.
[    2.132620] Run /init as init process
[    2.210424] systemd[1]: systemd 239 running in system mode. (+PAM +AUDIT +SELINUX +IMA -APPARMOR +SMACK +SYSVINIT +UTMP +LIBCRYPTSETUP +GCRYPT +GNUTLS +ACL +XZ +LZ4 +SECCOMP +BLKID +ELFUTILS +KMOD +IDN2 -IDN +PCRE2 default-hierarchy=hybrid)
[    2.222379] systemd[1]: Detected architecture x86-64.
[    2.222383] systemd[1]: Running in initial RAM disk.
[    2.223242] usb 1-8: new full-speed USB device number 2 using xhci_hcd
[    2.224790] systemd[1]: Set hostname to <im-mac>.
[    2.272325] systemd[1]: Created slice system-systemd\x2dcryptsetup.slice.
[    2.272352] systemd[1]: Reached target Timers.
[    2.272401] systemd[1]: Listening on udev Kernel Socket.
[    2.272549] systemd[1]: Created slice system-systemd\x2dhibernate\x2dresume.slice.
[    2.272616] systemd[1]: Listening on Journal Socket.
[    2.273134] systemd[1]: Starting Apply Kernel Variables...
[    2.320863] audit: type=1130 audit(1549925546.957:2): pid=1 uid=0 auid=4294967295 ses=4294967295 subj=kernel msg='unit=systemd-journald comm="systemd" exe="/usr/lib/systemd/systemd" hostname=? addr=? terminal=? res=success'
[    2.323694] audit: type=1130 audit(1549925546.960:3): pid=1 uid=0 auid=4294967295 ses=4294967295 subj=kernel msg='unit=systemd-vconsole-setup comm="systemd" exe="/usr/lib/systemd/systemd" hostname=? addr=? terminal=? res=success'
[    2.323697] audit: type=1131 audit(1549925546.960:4): pid=1 uid=0 auid=4294967295 ses=4294967295 subj=kernel msg='unit=systemd-vconsole-setup comm="systemd" exe="/usr/lib/systemd/systemd" hostname=? addr=? terminal=? res=success'
[    2.351326] usb 1-8: New USB device found, idVendor=05ac, idProduct=8290, bcdDevice= 1.61
[    2.351329] usb 1-8: New USB device strings: Mfr=1, Product=2, SerialNumber=0
[    2.351330] usb 1-8: Product: Bluetooth USB Host Controller
[    2.351332] usb 1-8: Manufacturer: Broadcom Corp.
[    2.355282] input: Broadcom Corp. Bluetooth USB Host Controller as /devices/pci0000:00/0000:00:14.0/usb1/1-8/1-8:1.0/0003:05AC:8290.0001/input/input4
[    2.407486] hid-generic 0003:05AC:8290.0001: input,hidraw0: USB HID v1.11 Keyboard [Broadcom Corp. Bluetooth USB Host Controller] on usb-0000:00:14.0-8/input0
[    2.408080] input: Broadcom Corp. Bluetooth USB Host Controller as /devices/pci0000:00/0000:00:14.0/usb1/1-8/1-8:1.1/0003:05AC:8290.0002/input/input5
[    2.408206] hid-generic 0003:05AC:8290.0002: input,hidraw1: USB HID v1.11 Mouse [Broadcom Corp. Bluetooth USB Host Controller] on usb-0000:00:14.0-8/input1
[    2.498319] audit: type=1130 audit(1549925547.135:5): pid=1 uid=0 auid=4294967295 ses=4294967295 subj=kernel msg='unit=dracut-cmdline comm="systemd" exe="/usr/lib/systemd/systemd" hostname=? addr=? terminal=? res=success'
[    2.522257] usb 1-12: new full-speed USB device number 3 using xhci_hcd
[    2.529606] audit: type=1130 audit(1549925547.166:6): pid=1 uid=0 auid=4294967295 ses=4294967295 subj=kernel msg='unit=dracut-pre-udev comm="systemd" exe="/usr/lib/systemd/systemd" hostname=? addr=? terminal=? res=success'
[    2.547884] audit: type=1130 audit(1549925547.184:7): pid=1 uid=0 auid=4294967295 ses=4294967295 subj=kernel msg='unit=systemd-udevd comm="systemd" exe="/usr/lib/systemd/systemd" hostname=? addr=? terminal=? res=success'
[    2.606101] audit: type=1130 audit(1549925547.242:8): pid=1 uid=0 auid=4294967295 ses=4294967295 subj=kernel msg='unit=systemd-udev-trigger comm="systemd" exe="/usr/lib/systemd/systemd" hostname=? addr=? terminal=? res=success'
[    2.622246] tsc: Refined TSC clocksource calibration: 2194.919 MHz
[    2.622252] clocksource: tsc: mask: 0xffffffffffffffff max_cycles: 0x1fa372fc492, max_idle_ns: 440795285018 ns
[    2.622439] clocksource: Switched to clocksource tsc
[    2.623075] audit: type=1130 audit(1549925547.261:9): pid=1 uid=0 auid=4294967295 ses=4294967295 subj=kernel msg='unit=plymouth-start comm="systemd" exe="/usr/lib/systemd/systemd" hostname=? addr=? terminal=? res=success'
[    2.649781] usb-storage 2-4:1.0: USB Mass Storage device detected
[    2.650116] scsi host1: usb-storage 2-4:1.0
[    2.650217] usbcore: registered new interface driver usb-storage
[    2.657663] usbcore: registered new interface driver uas
[    2.657925] usb 1-12: New USB device found, idVendor=05ac, idProduct=0274, bcdDevice= 6.24
[    2.657927] usb 1-12: New USB device strings: Mfr=1, Product=2, SerialNumber=3
[    2.657929] usb 1-12: Product: Apple Internal Keyboard / Trackpad
[    2.657930] usb 1-12: Manufacturer: Apple Inc.
[    2.657932] usb 1-12: SerialNumber: D3H61830CG1FTV4A16PF
[    2.697419] apple 0003:05AC:0274.0003: hiddev96,hidraw2: USB HID v1.10 Device [Apple Inc. Apple Internal Keyboard / Trackpad] on usb-0000:00:14.0-12/input0
[    2.697643] input: Apple Inc. Apple Internal Keyboard / Trackpad as /devices/pci0000:00/0000:00:14.0/usb1/1-12/1-12:1.1/0003:05AC:0274.0004/input/input6
[    2.750494] apple 0003:05AC:0274.0004: input,hiddev97,hidraw3: USB HID v1.10 Keyboard [Apple Inc. Apple Internal Keyboard / Trackpad] on usb-0000:00:14.0-12/input1
[    2.750657] apple 0003:05AC:0274.0005: hiddev98,hidraw4: USB HID v1.10 Device [Apple Inc. Apple Internal Keyboard / Trackpad] on usb-0000:00:14.0-12/input3
[    2.750757] apple 0003:05AC:0274.0006: hiddev99,hidraw5: USB HID v1.10 Device [Apple Inc. Apple Internal Keyboard / Trackpad] on usb-0000:00:14.0-12/input4
[    2.811940] audit: type=1130 audit(1549925547.449:10): pid=1 uid=0 auid=4294967295 ses=4294967295 subj=kernel msg='unit=systemd-ask-password-plymouth comm="systemd" exe="/usr/lib/systemd/systemd" hostname=? addr=? terminal=? res=success'
[    2.898137] VFIO - User Level meta-driver version: 0.3
[    3.477691] [drm] Found 128MB of eDRAM
[    3.477834] checking generic (90000000 1437000) vs hw (90000000 10000000)
[    3.477835] fb0: switching to inteldrmfb from EFI VGA
[    3.477904] [drm] Replacing VGA console driver
[    3.478250] [drm] Supports vblank timestamp caching Rev 2 (21.10.2013).
[    3.478253] [drm] Driver supports precise vblank timestamp query.
[    3.478288] i915 0000:00:02.0: vgaarb: changed VGA decodes: olddecodes=io+mem,decodes=io+mem:owns=io+mem
[    3.495182] [drm] Initialized i915 1.6.0 20181204 for 0000:00:02.0 on minor 0
[    3.495984] ACPI: Video Device [IGPU] (multi-head: yes  rom: no  post: no)
[    3.496566] acpi device:57: registered as cooling_device8
[    3.496635] input: Video Bus as /devices/LNXSYSTM:00/LNXSYBUS:00/PNP0A08:00/LNXVIDEO:00/input/input7
[    3.502946] fbcon: inteldrmfb (fb0) is primary device
[    3.502947] fbcon: Deferring console take-over
[    3.502950] i915 0000:00:02.0: fb0: inteldrmfb frame buffer device
[    3.712737] scsi 1:0:0:0: Direct-Access     APPLE    SD Card Reader   3.00 PQ: 0 ANSI: 6
[    3.713086] sd 1:0:0:0: Attached scsi generic sg1 type 0
[    3.714873] sd 1:0:0:0: [sdb] Attached SCSI removable disk
[   10.792865] device-mapper: crypt: xts(aes) using implementation "xts-aes-aesni"
[   10.843706] kauditd_printk_skb: 2 callbacks suppressed
[   10.843707] audit: type=1130 audit(1549925555.481:13): pid=1 uid=0 auid=4294967295 ses=4294967295 subj=kernel msg='unit=systemd-cryptsetup@luks\x2ddd1fa933\x2def9f\x2d402b\x2da2e4\x2d7c9d6fb7ce0d comm="systemd" exe="/usr/lib/systemd/systemd" hostname=? addr=? terminal=? res=success'
[   11.140539] PM: Image not found (code -22)
[   11.141509] audit: type=1130 audit(1549925555.779:14): pid=1 uid=0 auid=4294967295 ses=4294967295 subj=kernel msg='unit=systemd-hibernate-resume@dev-mapper-im\x2d\x2dmac\x2dswap comm="systemd" exe="/usr/lib/systemd/systemd" hostname=? addr=? terminal=? res=success'
[   11.141512] audit: type=1131 audit(1549925555.779:15): pid=1 uid=0 auid=4294967295 ses=4294967295 subj=kernel msg='unit=systemd-hibernate-resume@dev-mapper-im\x2d\x2dmac\x2dswap comm="systemd" exe="/usr/lib/systemd/systemd" hostname=? addr=? terminal=? res=success'
[   11.149161] audit: type=1130 audit(1549925555.786:16): pid=1 uid=0 auid=4294967295 ses=4294967295 subj=kernel msg='unit=systemd-tmpfiles-setup comm="systemd" exe="/usr/lib/systemd/systemd" hostname=? addr=? terminal=? res=success'
[   11.154069] audit: type=1130 audit(1549925555.791:17): pid=1 uid=0 auid=4294967295 ses=4294967295 subj=kernel msg='unit=dracut-initqueue comm="systemd" exe="/usr/lib/systemd/systemd" hostname=? addr=? terminal=? res=success'
[   11.169670] audit: type=1130 audit(1549925555.807:18): pid=1 uid=0 auid=4294967295 ses=4294967295 subj=kernel msg='unit=systemd-fsck-root comm="systemd" exe="/usr/lib/systemd/systemd" hostname=? addr=? terminal=? res=success'
[   11.482799] SGI XFS with ACLs, security attributes, scrub, no debug enabled
[   11.485580] XFS (dm-1): Mounting V5 Filesystem
[   11.496619] XFS (dm-1): Ending clean mount
[   11.614930] audit: type=1130 audit(1549925556.252:19): pid=1 uid=0 auid=4294967295 ses=4294967295 subj=kernel msg='unit=initrd-parse-etc comm="systemd" exe="/usr/lib/systemd/systemd" hostname=? addr=? terminal=? res=success'
[   11.614934] audit: type=1131 audit(1549925556.252:20): pid=1 uid=0 auid=4294967295 ses=4294967295 subj=kernel msg='unit=initrd-parse-etc comm="systemd" exe="/usr/lib/systemd/systemd" hostname=? addr=? terminal=? res=success'
[   11.756172] audit: type=1130 audit(1549925556.393:21): pid=1 uid=0 auid=4294967295 ses=4294967295 subj=kernel msg='unit=dracut-pre-pivot comm="systemd" exe="/usr/lib/systemd/systemd" hostname=? addr=? terminal=? res=success'
[   11.767539] audit: type=1131 audit(1549925556.405:22): pid=1 uid=0 auid=4294967295 ses=4294967295 subj=kernel msg='unit=dracut-pre-pivot comm="systemd" exe="/usr/lib/systemd/systemd" hostname=? addr=? terminal=? res=success'
[   11.852758] systemd-journald[312]: Received SIGTERM from PID 1 (systemd).
[   11.883357] printk: systemd: 14 output lines suppressed due to ratelimiting
[   12.329192] SELinux:  Class xdp_socket not defined in policy.
[   12.329193] SELinux: the above unknown classes and permissions will be allowed
[   12.329196] SELinux:  policy capability network_peer_controls=1
[   12.329196] SELinux:  policy capability open_perms=1
[   12.329197] SELinux:  policy capability extended_socket_class=1
[   12.329197] SELinux:  policy capability always_check_network=0
[   12.329198] SELinux:  policy capability cgroup_seclabel=1
[   12.329198] SELinux:  policy capability nnp_nosuid_transition=1
[   12.350060] systemd[1]: Successfully loaded SELinux policy in 396.199ms.
[   12.389359] systemd[1]: Relabelled /dev, /run and /sys/fs/cgroup in 25.063ms.
[   12.391632] systemd[1]: systemd 239 running in system mode. (+PAM +AUDIT +SELINUX +IMA -APPARMOR +SMACK +SYSVINIT +UTMP +LIBCRYPTSETUP +GCRYPT +GNUTLS +ACL +XZ +LZ4 +SECCOMP +BLKID +ELFUTILS +KMOD +IDN2 -IDN +PCRE2 default-hierarchy=hybrid)
[   12.403381] systemd[1]: Detected architecture x86-64.
[   12.405004] systemd[1]: Set hostname to <im-mac>.
[   12.430664] systemd-sysv-generator[898]: stat() failed on /etc/rc.d/init.d/jexec, ignoring: No such file or directory
[   12.593705] systemd[1]: Stopped Switch Root.
[   12.593916] systemd[1]: systemd-journald.service: Service has no hold-off time (RestartSec=0), scheduling restart.
[   12.593975] systemd[1]: systemd-journald.service: Scheduled restart job, restart counter is at 1.
[   12.593992] systemd[1]: Stopped Journal Service.
[   12.594983] systemd[1]: Starting Journal Service...
[   12.595037] systemd[1]: Reached target User and Group Name Lookups.
[   12.595187] systemd[1]: Started Forward Password Requests to Wall Directory Watch.
[   12.619932] Adding 4194300k swap on /dev/mapper/im--mac-swap.  Priority:-2 extents:1 across:4194300k SSFS
[   12.643519] systemd-journald[905]: Received request to flush runtime journal from PID 1
[   12.836958] apple_gmux: gmux device not present
[   12.842470] smbus_hc ACPI0001:00: SBS HC: offset = 0x20, query_bit = 0x10
[   12.910406] ACPI Warning: SystemIO range 0x0000000000000840-0x000000000000084F conflicts with OpRegion 0x0000000000000800-0x0000000000000863 (\GPIO) (20181213/utaddress-213)
[   12.910411] ACPI: If an ACPI driver is available for this device, you should use it instead of the native driver
[   12.910412] ACPI Warning: SystemIO range 0x0000000000000830-0x000000000000083F conflicts with OpRegion 0x0000000000000800-0x0000000000000863 (\GPIO) (20181213/utaddress-213)
[   12.910416] ACPI: If an ACPI driver is available for this device, you should use it instead of the native driver
[   12.910417] ACPI Warning: SystemIO range 0x0000000000000800-0x000000000000082F conflicts with OpRegion 0x0000000000000810-0x0000000000000813 (\_PR.IO_D) (20181213/utaddress-213)
[   12.910420] ACPI Warning: SystemIO range 0x0000000000000800-0x000000000000082F conflicts with OpRegion 0x0000000000000800-0x0000000000000863 (\GPIO) (20181213/utaddress-213)
[   12.910423] ACPI Warning: SystemIO range 0x0000000000000800-0x000000000000082F conflicts with OpRegion 0x0000000000000810-0x0000000000000813 (\IO_D) (20181213/utaddress-213)
[   12.910426] ACPI Warning: SystemIO range 0x0000000000000800-0x000000000000082F conflicts with OpRegion 0x0000000000000800-0x000000000000080F (\IO_T) (20181213/utaddress-213)
[   12.910430] ACPI: If an ACPI driver is available for this device, you should use it instead of the native driver
[   12.910430] lpc_ich: Resource conflict(s) found affecting gpio_ich
[   12.911199] i801_smbus 0000:00:1f.3: SPD Write Disable is set
[   12.911235] i801_smbus 0000:00:1f.3: SMBus using PCI interrupt
[   12.943371] input: bcm5974 as /devices/pci0000:00/0000:00:14.0/usb1/1-12/1-12:1.2/input/input8
[   12.944153] usbcore: registered new interface driver bcm5974
[   12.948352] thunderbolt 0000:07:00.0: 0:1: is unplugged (state: 7)
[   12.948479] thunderbolt 0000:07:00.0: 0:3: is unplugged (state: 7)
[   13.019105] snd_hda_intel 0000:00:03.0: Linked as a consumer to 0000:00:02.0
[   13.019152] snd_hda_intel 0000:00:03.0: bound 0000:00:02.0 (ops i915_audio_component_bind_ops [i915])
[   13.026008] ACPI: Smart Battery System [SBS0]: Battery Slot [BAT0] (battery present)
[   13.135585] applesmc: key=719 fan=2 temp=48 index=43 acc=0 lux=2 kbd=1
[   13.135760] applesmc applesmc.768: hwmon_device_register() is deprecated. Please convert the driver to use hwmon_device_register_with_info().
[   13.135769] Bluetooth: Core ver 2.22
[   13.135796] NET: Registered protocol family 31
[   13.135797] Bluetooth: HCI device and connection manager initialized
[   13.135801] Bluetooth: HCI socket layer initialized
[   13.135803] Bluetooth: L2CAP socket layer initialized
[   13.135808] Bluetooth: SCO socket layer initialized
[   13.172775] iTCO_vendor_support: vendor-support=0
[   13.185334] iTCO_wdt: Intel TCO WatchDog Timer Driver v1.11
[   13.185387] iTCO_wdt: unable to reset NO_REBOOT flag, device disabled by hardware/BIOS
[   13.185835] input: HDA Intel HDMI HDMI/DP,pcm=3 as /devices/pci0000:00/0000:00:03.0/sound/card0/input9
[   13.185905] snd_hda_codec_cirrus hdaudioC1D0: autoconfig for CS4208: line_outs=2 (0x12/0x13/0x0/0x0/0x0) type:speaker
[   13.185906] snd_hda_codec_cirrus hdaudioC1D0:    speaker_outs=0 (0x0/0x0/0x0/0x0/0x0)
[   13.185907] snd_hda_codec_cirrus hdaudioC1D0:    hp_outs=1 (0x10/0x0/0x0/0x0/0x0)
[   13.185908] snd_hda_codec_cirrus hdaudioC1D0:    mono: mono_out=0x0
[   13.185909] snd_hda_codec_cirrus hdaudioC1D0:    dig-out=0x21/0x0
[   13.185910] snd_hda_codec_cirrus hdaudioC1D0:    inputs:
[   13.185911] snd_hda_codec_cirrus hdaudioC1D0:      Internal Mic=0x1c
[   13.185912] snd_hda_codec_cirrus hdaudioC1D0:      Mic=0x18
[   13.185968] input: HDA Intel HDMI HDMI/DP,pcm=7 as /devices/pci0000:00/0000:00:03.0/sound/card0/input10
[   13.186062] input: HDA Intel HDMI HDMI/DP,pcm=8 as /devices/pci0000:00/0000:00:03.0/sound/card0/input11
[   13.186154] input: HDA Intel HDMI HDMI/DP,pcm=9 as /devices/pci0000:00/0000:00:03.0/sound/card0/input12
[   13.186252] input: HDA Intel HDMI HDMI/DP,pcm=10 as /devices/pci0000:00/0000:00:03.0/sound/card0/input13
[   13.189270] RAPL PMU: API unit is 2^-32 Joules, 4 fixed counters, 655360 ms ovfl timer
[   13.189271] RAPL PMU: hw unit of domain pp0-core 2^-14 Joules
[   13.189272] RAPL PMU: hw unit of domain package 2^-14 Joules
[   13.189273] RAPL PMU: hw unit of domain dram 2^-14 Joules
[   13.189273] RAPL PMU: hw unit of domain pp1-gpu 2^-14 Joules
[   13.189989] cfg80211: Loading compiled-in X.509 certificates for regulatory database
[   13.190725] cfg80211: Loaded X.509 cert 'sforshee: 00b28ddf47aef9cea7'
[   13.200433] input: HDA Intel PCH Mic as /devices/pci0000:00/0000:00:1b.0/sound/card1/input14
[   13.200494] input: HDA Intel PCH Headphone as /devices/pci0000:00/0000:00:1b.0/sound/card1/input15
[   13.200549] input: HDA Intel PCH SPDIF as /devices/pci0000:00/0000:00:1b.0/sound/card1/input16
[   13.211794] usbcore: registered new interface driver btusb
[   13.335167] Bluetooth: hci0: BCM: chip id 102 build 0715
[   13.336169] Bluetooth: hci0: BCM: product 05ac:8290
[   13.337171] Bluetooth: hci0: BCM: features 0x2f
[   13.353196] Bluetooth: hci0: im-mac
[   13.374995] usbcore: registered new interface driver brcmfmac
[   13.403126] intel_rapl: Found RAPL domain package
[   13.403128] intel_rapl: Found RAPL domain core
[   13.403128] intel_rapl: Found RAPL domain uncore
[   13.403129] intel_rapl: Found RAPL domain dram
[   13.445417] XFS (sda3): Mounting V5 Filesystem
[   13.446236] XFS (dm-3): Mounting V5 Filesystem
[   13.449091] XFS (dm-4): Mounting V5 Filesystem
[   13.459946] XFS (sda3): Ending clean mount
[   13.466347] XFS (dm-3): Ending clean mount
[   13.470382] XFS (dm-4): Ending clean mount
[   13.478634] brcmfmac: brcmf_fw_alloc_request: using brcm/brcmfmac43602-pcie for chip BCM43602/1
[   13.481365] brcmfmac 0000:03:00.0: Direct firmware load for brcm/brcmfmac43602-pcie.Apple Inc.-MacBookPro11,4.txt failed with error -2
[   13.481372] brcmfmac 0000:03:00.0: Direct firmware load for brcm/brcmfmac43602-pcie.txt failed with error -2
[   13.761406] Bluetooth: BNEP (Ethernet Emulation) ver 1.3
[   13.761407] Bluetooth: BNEP filters: protocol multicast
[   13.761411] Bluetooth: BNEP socket layer initialized
[   13.992912] brcmfmac: brcmf_fw_alloc_request: using brcm/brcmfmac43602-pcie for chip BCM43602/1
[   13.993165] brcmfmac 0000:03:00.0: Direct firmware load for brcm/brcmfmac43602-pcie.clm_blob failed with error -2
[   13.993167] brcmfmac: brcmf_c_process_clm_blob: no clm_blob available (err=-2), device may have limited channels available
[   13.993687] brcmfmac: brcmf_c_preinit_dcmds: Firmware: BCM43602/1 wl0: Nov 10 2015 06:38:10 version 7.35.177.61 (r598657) FWID 01-ea662a8c
[   14.045504] brcmfmac 0000:03:00.0 wlp3s0: renamed from wlan0
[   15.222826] tun: Universal TUN/TAP device driver, 1.6
[   15.224310] virbr0: port 1(virbr0-nic) entered blocking state
[   15.224313] virbr0: port 1(virbr0-nic) entered disabled state
[   15.224365] device virbr0-nic entered promiscuous mode
[   15.414534] virbr0: port 1(virbr0-nic) entered blocking state
[   15.414536] virbr0: port 1(virbr0-nic) entered listening state
[   15.458897] virbr0: port 1(virbr0-nic) entered disabled state
[   23.363902] IPv6: ADDRCONF(NETDEV_CHANGE): wlp3s0: link becomes ready
[   23.446520] brcmfmac: brcmf_inetaddr_changed: fail to get arp ip table err:-52
[   37.929448] Bluetooth: RFCOMM TTY layer initialized
[   37.929452] Bluetooth: RFCOMM socket layer initialized
[   37.929530] Bluetooth: RFCOMM ver 1.11
[   38.099443] fuse init (API version 7.28)
[   39.284963] rfkill: input handler disabled
[  257.573663] xhci_hcd 0000:00:14.0: ep 0x81 - asked for 96 bytes, 78 bytes untransferred
[  257.573672] xhci_hcd 0000:00:14.0: Giveback URB 0000000010c8b7ef, len = 18, expected = 96, status = 0
[  257.573737] xhci_hcd 0000:00:14.0: Stalled endpoint for slot 2 ep 2
[  257.573745] xhci_hcd 0000:00:14.0: Cleaning up stalled endpoint ring
[  257.573748] xhci_hcd 0000:00:14.0: Finding endpoint context
[  257.573751] xhci_hcd 0000:00:14.0: Cycle state = 0x0
[  257.573754] xhci_hcd 0000:00:14.0: New dequeue segment = 00000000d18f8418 (virtual)
[  257.573757] xhci_hcd 0000:00:14.0: New dequeue pointer = 0x46ec2d950 (DMA)
[  257.573760] xhci_hcd 0000:00:14.0: Queueing new dequeue state
[  257.573764] xhci_hcd 0000:00:14.0: Set TR Deq Ptr cmd, new deq seg = 00000000d18f8418 (0x46ec2d000 dma), new deq ptr = 00000000e39d46fb (0x46ec2d950 dma), new cycle = 0
[  257.573767] xhci_hcd 0000:00:14.0: // Ding dong!
[  257.573777] xhci_hcd 0000:00:14.0: Giveback URB 000000007accb8d1, len = 0, expected = 13, status = -32
[  257.573784] xhci_hcd 0000:00:14.0: Ignoring reset ep completion code of 1
[  257.573790] xhci_hcd 0000:00:14.0: Successful Set TR Deq Ptr cmd, deq = @46ec2d950
[  259.621584] xhci_hcd 0000:00:14.0: ep 0x81 - asked for 96 bytes, 78 bytes untransferred
[  259.621597] xhci_hcd 0000:00:14.0: Giveback URB 000000007a004983, len = 18, expected = 96, status = 0
[  259.621682] xhci_hcd 0000:00:14.0: Stalled endpoint for slot 2 ep 2
[  259.621697] xhci_hcd 0000:00:14.0: Cleaning up stalled endpoint ring
[  259.621702] xhci_hcd 0000:00:14.0: Finding endpoint context
[  259.621707] xhci_hcd 0000:00:14.0: Cycle state = 0x0
[  259.621713] xhci_hcd 0000:00:14.0: New dequeue segment = 00000000d18f8418 (virtual)
[  259.621718] xhci_hcd 0000:00:14.0: New dequeue pointer = 0x46ec2d990 (DMA)
[  259.621722] xhci_hcd 0000:00:14.0: Queueing new dequeue state
[  259.621734] xhci_hcd 0000:00:14.0: Set TR Deq Ptr cmd, new deq seg = 00000000d18f8418 (0x46ec2d000 dma), new deq ptr = 00000000967d54f9 (0x46ec2d990 dma), new cycle = 0
[  259.621742] xhci_hcd 0000:00:14.0: // Ding dong!
[  259.621754] xhci_hcd 0000:00:14.0: Giveback URB 000000007accb8d1, len = 0, expected = 13, status = -32
[  259.621768] xhci_hcd 0000:00:14.0: Ignoring reset ep completion code of 1
[  259.621775] xhci_hcd 0000:00:14.0: Successful Set TR Deq Ptr cmd, deq = @46ec2d990
[  261.391268] xhci_hcd 0000:00:14.0: ep 0x82 - asked for 65 bytes, 55 bytes untransferred
[  261.583260] xhci_hcd 0000:00:14.0: ep 0x82 - asked for 65 bytes, 55 bytes untransferred
[  261.647195] xhci_hcd 0000:00:14.0: ep 0x82 - asked for 65 bytes, 55 bytes untransferred
[  261.669246] xhci_hcd 0000:00:14.0: ep 0x81 - asked for 96 bytes, 78 bytes untransferred
[  261.669256] xhci_hcd 0000:00:14.0: Giveback URB 0000000035fb507c, len = 18, expected = 96, status = 0
[  261.669293] xhci_hcd 0000:00:14.0: Stalled endpoint for slot 2 ep 2
[  261.669299] xhci_hcd 0000:00:14.0: Cleaning up stalled endpoint ring
[  261.669302] xhci_hcd 0000:00:14.0: Finding endpoint context
[  261.669304] xhci_hcd 0000:00:14.0: Cycle state = 0x0
[  261.669307] xhci_hcd 0000:00:14.0: New dequeue segment = 00000000d18f8418 (virtual)
[  261.669310] xhci_hcd 0000:00:14.0: New dequeue pointer = 0x46ec2d9d0 (DMA)
[  261.669312] xhci_hcd 0000:00:14.0: Queueing new dequeue state
[  261.669316] xhci_hcd 0000:00:14.0: Set TR Deq Ptr cmd, new deq seg = 00000000d18f8418 (0x46ec2d000 dma), new deq ptr = 0000000022774400 (0x46ec2d9d0 dma), new cycle = 0
[  261.669319] xhci_hcd 0000:00:14.0: // Ding dong!
[  261.669329] xhci_hcd 0000:00:14.0: Giveback URB 000000007accb8d1, len = 0, expected = 13, status = -32
[  261.669335] xhci_hcd 0000:00:14.0: Ignoring reset ep completion code of 1
[  261.669339] xhci_hcd 0000:00:14.0: Successful Set TR Deq Ptr cmd, deq = @46ec2d9d0
[  261.703207] xhci_hcd 0000:00:14.0: ep 0x82 - asked for 65 bytes, 55 bytes untransferred
[  262.063257] xhci_hcd 0000:00:14.0: ep 0x82 - asked for 65 bytes, 55 bytes untransferred
[  262.367214] xhci_hcd 0000:00:14.0: ep 0x82 - asked for 65 bytes, 55 bytes untransferred
[  262.431209] xhci_hcd 0000:00:14.0: ep 0x82 - asked for 65 bytes, 55 bytes untransferred
[  262.647261] xhci_hcd 0000:00:14.0: ep 0x82 - asked for 65 bytes, 55 bytes untransferred
[  263.119259] xhci_hcd 0000:00:14.0: ep 0x82 - asked for 65 bytes, 55 bytes untransferred
[  263.655278] xhci_hcd 0000:00:14.0: ep 0x82 - asked for 65 bytes, 55 bytes untransferred
[  263.703225] xhci_hcd 0000:00:14.0: ep 0x82 - asked for 65 bytes, 55 bytes untransferred
[  263.717519] xhci_hcd 0000:00:14.0: ep 0x81 - asked for 96 bytes, 78 bytes untransferred
[  263.717536] xhci_hcd 0000:00:14.0: Giveback URB 00000000d8db3440, len = 18, expected = 96, status = 0
[  263.717603] xhci_hcd 0000:00:14.0: Stalled endpoint for slot 2 ep 2
[  263.717610] xhci_hcd 0000:00:14.0: Cleaning up stalled endpoint ring
[  263.717612] xhci_hcd 0000:00:14.0: Finding endpoint context
[  263.717614] xhci_hcd 0000:00:14.0: Cycle state = 0x0
[  263.717617] xhci_hcd 0000:00:14.0: New dequeue segment = 00000000d18f8418 (virtual)
[  263.717620] xhci_hcd 0000:00:14.0: New dequeue pointer = 0x46ec2da10 (DMA)
[  263.717622] xhci_hcd 0000:00:14.0: Queueing new dequeue state
[  263.717625] xhci_hcd 0000:00:14.0: Set TR Deq Ptr cmd, new deq seg = 00000000d18f8418 (0x46ec2d000 dma), new deq ptr = 00000000c37e9c13 (0x46ec2da10 dma), new cycle = 0
[  263.717629] xhci_hcd 0000:00:14.0: // Ding dong!
[  263.717638] xhci_hcd 0000:00:14.0: Giveback URB 000000007accb8d1, len = 0, expected = 13, status = -32
[  263.717646] xhci_hcd 0000:00:14.0: Ignoring reset ep completion code of 1
[  263.717649] xhci_hcd 0000:00:14.0: Successful Set TR Deq Ptr cmd, deq = @46ec2da10
[  263.735202] xhci_hcd 0000:00:14.0: ep 0x82 - asked for 65 bytes, 55 bytes untransferred
[  265.765803] xhci_hcd 0000:00:14.0: ep 0x81 - asked for 96 bytes, 78 bytes untransferred
[  265.765818] xhci_hcd 0000:00:14.0: Giveback URB 00000000d8db3440, len = 18, expected = 96, status = 0
[  265.765917] xhci_hcd 0000:00:14.0: Stalled endpoint for slot 2 ep 2
[  265.765932] xhci_hcd 0000:00:14.0: Cleaning up stalled endpoint ring
[  265.765938] xhci_hcd 0000:00:14.0: Finding endpoint context
[  265.765944] xhci_hcd 0000:00:14.0: Cycle state = 0x0
[  265.765949] xhci_hcd 0000:00:14.0: New dequeue segment = 00000000d18f8418 (virtual)
[  265.765955] xhci_hcd 0000:00:14.0: New dequeue pointer = 0x46ec2da50 (DMA)
[  265.765960] xhci_hcd 0000:00:14.0: Queueing new dequeue state
[  265.765967] xhci_hcd 0000:00:14.0: Set TR Deq Ptr cmd, new deq seg = 00000000d18f8418 (0x46ec2d000 dma), new deq ptr = 00000000ae376ddf (0x46ec2da50 dma), new cycle = 0
[  265.765978] xhci_hcd 0000:00:14.0: // Ding dong!
[  265.765992] xhci_hcd 0000:00:14.0: Giveback URB 000000007accb8d1, len = 0, expected = 13, status = -32
[  265.766003] xhci_hcd 0000:00:14.0: Ignoring reset ep completion code of 1
[  265.766011] xhci_hcd 0000:00:14.0: Successful Set TR Deq Ptr cmd, deq = @46ec2da50
[  266.963686] xhci_hcd 0000:00:14.0: Cancel URB 00000000fbdcd8e1, dev 12, ep 0x83, starting at offset 0x4560e3a40
[  266.963694] xhci_hcd 0000:00:14.0: // Ding dong!
[  266.963710] xhci_hcd 0000:00:14.0: Stopped on Transfer TRB for slot 3 ep 6
[  266.963715] xhci_hcd 0000:00:14.0: Removing canceled TD starting at 0x4560e3a40 (dma).
[  266.963717] xhci_hcd 0000:00:14.0: Finding endpoint context
[  266.963719] xhci_hcd 0000:00:14.0: Cycle state = 0x0
[  266.963721] xhci_hcd 0000:00:14.0: New dequeue segment = 00000000cdf634b2 (virtual)
[  266.963722] xhci_hcd 0000:00:14.0: New dequeue pointer = 0x4560e3a50 (DMA)
[  266.963725] xhci_hcd 0000:00:14.0: Set TR Deq Ptr cmd, new deq seg = 00000000cdf634b2 (0x4560e3000 dma), new deq ptr = 000000000d29e090 (0x4560e3a50 dma), new cycle = 0
[  266.963727] xhci_hcd 0000:00:14.0: // Ding dong!
[  266.963740] xhci_hcd 0000:00:14.0: Successful Set TR Deq Ptr cmd, deq = @4560e3a50
[  266.977159] brcmfmac: brcmf_inetaddr_changed: fail to get arp ip table err:-52
[  267.813933] xhci_hcd 0000:00:14.0: ep 0x81 - asked for 96 bytes, 78 bytes untransferred
[  267.813944] xhci_hcd 0000:00:14.0: Giveback URB 0000000015b9b8a9, len = 18, expected = 96, status = 0
[  267.814009] xhci_hcd 0000:00:14.0: Stalled endpoint for slot 2 ep 2
[  267.814017] xhci_hcd 0000:00:14.0: Cleaning up stalled endpoint ring
[  267.814021] xhci_hcd 0000:00:14.0: Finding endpoint context
[  267.814025] xhci_hcd 0000:00:14.0: Cycle state = 0x0
[  267.814029] xhci_hcd 0000:00:14.0: New dequeue segment = 00000000d18f8418 (virtual)
[  267.814033] xhci_hcd 0000:00:14.0: New dequeue pointer = 0x46ec2da90 (DMA)
[  267.814037] xhci_hcd 0000:00:14.0: Queueing new dequeue state
[  267.814043] xhci_hcd 0000:00:14.0: Set TR Deq Ptr cmd, new deq seg = 00000000d18f8418 (0x46ec2d000 dma), new deq ptr = 00000000023d49c7 (0x46ec2da90 dma), new cycle = 0
[  267.814047] xhci_hcd 0000:00:14.0: // Ding dong!
[  267.814058] xhci_hcd 0000:00:14.0: Giveback URB 000000007accb8d1, len = 0, expected = 13, status = -32
[  267.814065] xhci_hcd 0000:00:14.0: Ignoring reset ep completion code of 1
[  267.814075] xhci_hcd 0000:00:14.0: Successful Set TR Deq Ptr cmd, deq = @46ec2da90
[  268.740631] PM: suspend entry (deep)
[  268.740635] PM: Syncing filesystems ... done.
[  268.762197] Freezing user space processes ... (elapsed 0.322 seconds) done.
[  269.085031] OOM killer disabled.
[  269.085033] Freezing remaining freezable tasks ... (elapsed 0.001 seconds) done.
[  269.086608] printk: Suspending console(s) (use no_console_suspend to debug)
[  269.088014] xhci_hcd 0000:00:14.0: Cancel URB 000000000cdc4532, dev 12, ep 0x82, starting at offset 0x4560e5bd0
[  269.088022] xhci_hcd 0000:00:14.0: // Ding dong!
[  269.088092] xhci_hcd 0000:00:14.0: Stopped on Transfer TRB for slot 3 ep 4
[  269.088102] xhci_hcd 0000:00:14.0: Removing canceled TD starting at 0x4560e5bd0 (dma).
[  269.088106] xhci_hcd 0000:00:14.0: Finding endpoint context
[  269.088109] xhci_hcd 0000:00:14.0: Cycle state = 0x1
[  269.088114] xhci_hcd 0000:00:14.0: New dequeue segment = 000000007b831e05 (virtual)
[  269.088117] xhci_hcd 0000:00:14.0: New dequeue pointer = 0x4560e5be0 (DMA)
[  269.088123] xhci_hcd 0000:00:14.0: Set TR Deq Ptr cmd, new deq seg = 000000007b831e05 (0x4560e5000 dma), new deq ptr = 0000000048d63a19 (0x4560e5be0 dma), new cycle = 1
[  269.088127] xhci_hcd 0000:00:14.0: // Ding dong!
[  269.088149] xhci_hcd 0000:00:14.0: Successful Set TR Deq Ptr cmd, deq = @4560e5be0
[  269.088302] xhci_hcd 0000:00:14.0: // Ding dong!
[  269.088331] xhci_hcd 0000:00:14.0: Stopped on No-op or Link TRB for slot 3 ep 10
[  269.088340] xhci_hcd 0000:00:14.0: Stopped on No-op or Link TRB for slot 3 ep 8
[  269.088345] xhci_hcd 0000:00:14.0: Stopped on No-op or Link TRB for slot 3 ep 7
[  269.088350] xhci_hcd 0000:00:14.0: Stopped on No-op or Link TRB for slot 3 ep 2
[  269.088354] xhci_hcd 0000:00:14.0: Stopped on No-op or Link TRB for slot 3 ep 0
[  269.094921] xhci_hcd 0000:00:14.0: // Ding dong!
[  269.095009] xhci_hcd 0000:00:14.0: Stopped on No-op or Link TRB for slot 2 ep 3
[  269.095019] xhci_hcd 0000:00:14.0: Stopped on No-op or Link TRB for slot 2 ep 2
[  269.095024] xhci_hcd 0000:00:14.0: Stopped on No-op or Link TRB for slot 2 ep 0
[  269.099914] usb 1-12: usb suspend, wakeup 1
[  269.100069] sd 0:0:0:0: [sda] Synchronizing SCSI cache
[  269.101870] sd 0:0:0:0: [sda] Stopping disk
[  269.101923] pcieport 0000:06:05.0: quirk: waiting for Thunderbolt to reestablish PCI tunnels...
[  269.101987] pcieport 0000:06:03.0: quirk: waiting for Thunderbolt to reestablish PCI tunnels...
[  269.101991] pcieport 0000:06:06.0: quirk: waiting for Thunderbolt to reestablish PCI tunnels...
[  269.102840] pcieport 0000:06:04.0: quirk: waiting for Thunderbolt to reestablish PCI tunnels...
[  269.111909] hub 1-0:1.0: hub_suspend
[  269.111989] usb usb1: bus suspend, wakeup 0
[  269.116936] usb 2-4: usb suspend, wakeup 0
[  269.128912] hub 2-0:1.0: hub_suspend
[  269.128992] usb usb2: bus suspend, wakeup 0
[  269.129076] xhci_hcd 0000:00:14.0: xhci_suspend: stopping port polling.
[  269.129100] xhci_hcd 0000:00:14.0: // Setting command ring address to 0x45a373001
[  269.989685] PM: suspend devices took 0.903 seconds
[  270.002387] ACPI: EC: interrupt blocked
[  270.003181] xhci_hcd 0000:00:14.0: wakeup: 1
[  270.003711] xhci_hcd 0000:00:14.0: --> PCI D3hot
[  270.962614] ACPI: Preparing to enter system sleep state S3
[  270.963813] ACPI: EC: event blocked
[  270.963814] ACPI: EC: EC stopped
[  270.963815] PM: Saving platform NVS memory
[  270.963818] Disabling non-boot CPUs ...
[  270.970318] smpboot: CPU 1 is now offline
[  270.977137] smpboot: CPU 2 is now offline
[  270.987976] smpboot: CPU 3 is now offline
[  270.991159] smpboot: CPU 4 is now offline
[  270.997347] smpboot: CPU 5 is now offline
[  271.000858] smpboot: CPU 6 is now offline
[  271.004384] smpboot: CPU 7 is now offline
[  271.025010] ACPI: Low-level resume complete
[  271.025072] ACPI: EC: EC started
[  271.025072] PM: Restoring platform NVS memory
[  271.032635] Enabling non-boot CPUs ...
[  271.032694] x86: Booting SMP configuration:
[  271.032695] smpboot: Booting Node 0 Processor 1 APIC 0x2
[  273.825881] hrtimer: interrupt took 2462087 ns
[  275.026632]  cache: parent cpu1 should not be sleeping
[  277.527180] CPU1 is up
[  277.527237] smpboot: Booting Node 0 Processor 2 APIC 0x4
[  277.784622]  cache: parent cpu2 should not be sleeping
[  279.484228] CPU2 is up
[  279.484281] smpboot: Booting Node 0 Processor 3 APIC 0x6
[  279.702514]  cache: parent cpu3 should not be sleeping
[  280.783153] CPU3 is up
[  280.783212] smpboot: Booting Node 0 Processor 4 APIC 0x1
[  280.789456]  cache: parent cpu4 should not be sleeping
[  280.819232] CPU4 is up
[  280.819259] smpboot: Booting Node 0 Processor 5 APIC 0x3
[  281.014734]  cache: parent cpu5 should not be sleeping
[  281.590861] CPU5 is up
[  281.590892] smpboot: Booting Node 0 Processor 6 APIC 0x5
[  281.768640]  cache: parent cpu6 should not be sleeping
[  282.416871] CPU6 is up
[  282.416906] smpboot: Booting Node 0 Processor 7 APIC 0x7
[  282.567664]  cache: parent cpu7 should not be sleeping
[  283.191870] CPU7 is up
[  283.279383] ACPI: Waking up from system sleep state S3
[  283.281514] ACPI: EC: interrupt unblocked
[  283.304820] pcieport 0000:06:03.0: quirk: waiting for Thunderbolt to reestablish PCI tunnels...
[  283.304823] pcieport 0000:06:05.0: quirk: waiting for Thunderbolt to reestablish PCI tunnels...
[  283.304825] pcieport 0000:06:04.0: quirk: waiting for Thunderbolt to reestablish PCI tunnels...
[  283.304826] pcieport 0000:06:06.0: quirk: waiting for Thunderbolt to reestablish PCI tunnels...
[  283.336841] pcieport 0000:06:03.0: quirk_apple_wait_for_thunderbolt+0x0/0xe0 took 31266 usecs
[  283.336845] pcieport 0000:06:04.0: quirk_apple_wait_for_thunderbolt+0x0/0xe0 took 31261 usecs
[  283.336849] pcieport 0000:06:05.0: quirk_apple_wait_for_thunderbolt+0x0/0xe0 took 31262 usecs
[  283.336853] pcieport 0000:06:06.0: quirk_apple_wait_for_thunderbolt+0x0/0xe0 took 31261 usecs
[  283.406098] thunderbolt 0000:07:00.0: resetting error on 0:b.
[  283.406108] thunderbolt 0000:07:00.0: 0:b: hotplug: scanning
[  283.406110] thunderbolt 0000:07:00.0: 0:b: hotplug: no switch found
[  283.406202] thunderbolt 0000:07:00.0: resetting error on 0:c.
[  283.406207] thunderbolt 0000:07:00.0: 0:c: hotplug: scanning
[  283.406208] thunderbolt 0000:07:00.0: 0:c: hotplug: no switch found
[  284.380274] usb usb1: root hub lost power or was reset
[  284.380277] usb usb2: root hub lost power or was reset
[  284.380281] xhci_hcd 0000:00:14.0: Stop HCD
[  284.380284] xhci_hcd 0000:00:14.0: // Halt the HC
[  284.380296] xhci_hcd 0000:00:14.0: // Reset the HC
[  284.380302] ACPI: EC: event unblocked
[  284.381304] xhci_hcd 0000:00:14.0: Wait for controller to be ready for doorbell rings
[  284.381392] xhci_hcd 0000:00:14.0: // Disabling event ring interrupts
[  284.381399] xhci_hcd 0000:00:14.0: cleaning up memory
[  284.381410] xhci_hcd 0000:00:14.0: Freed event ring
[  284.381414] xhci_hcd 0000:00:14.0: Freed command ring
[  284.381677] xhci_hcd 0000:00:14.0: Freed segment pool
[  284.381682] xhci_hcd 0000:00:14.0: Freed device context pool
[  284.381684] xhci_hcd 0000:00:14.0: Freed small stream array pool
[  284.381687] xhci_hcd 0000:00:14.0: Freed medium stream array pool
[  284.381803] xhci_hcd 0000:00:14.0: xhci_stop completed - status = 1
[  284.381805] xhci_hcd 0000:00:14.0: Initialize the xhci_hcd
[  284.381807] xhci_hcd 0000:00:14.0: xhci_init
[  284.381810] xhci_hcd 0000:00:14.0: xHCI doesn't need link TRB QUIRK
[  284.381816] xhci_hcd 0000:00:14.0: Supported page size register = 0x1
[  284.381819] xhci_hcd 0000:00:14.0: Supported page size of 4K
[  284.381821] xhci_hcd 0000:00:14.0: HCD page size set to 4K
[  284.381825] xhci_hcd 0000:00:14.0: // xHC can handle at most 32 device slots.
[  284.381828] xhci_hcd 0000:00:14.0: // Setting Max device slots reg = 0x20.
[  284.381835] xhci_hcd 0000:00:14.0: // Device context base array address = 0x45a36f000 (DMA), 0000000021dfae02 (virt)
[  284.381842] xhci_hcd 0000:00:14.0: Allocated command ring at 00000000421d8972
[  284.381845] xhci_hcd 0000:00:14.0: First segment DMA is 0x45a35f000
[  284.381853] xhci_hcd 0000:00:14.0: // Setting command ring address to 0x000000045a35f001
[  284.381858] xhci_hcd 0000:00:14.0: // Doorbell array is located at offset 0x3000 from cap regs base addr
[  284.381860] xhci_hcd 0000:00:14.0: // Allocating event ring
[  284.381866] xhci_hcd 0000:00:14.0: TRB math tests passed.
[  284.381873] xhci_hcd 0000:00:14.0: // Write ERST size = 1 to ir_set 0 (some bits preserved)
[  284.381875] xhci_hcd 0000:00:14.0: // Set ERST entries to point to event ring.
[  284.381878] xhci_hcd 0000:00:14.0: // Set ERST base address for ir_set 0 = 0x45a362000
[  284.381885] xhci_hcd 0000:00:14.0: // Write event ring dequeue pointer, preserving EHB bit
[  284.381887] xhci_hcd 0000:00:14.0: Wrote ERST address to ir_set 0.
[  284.381891] xhci_hcd 0000:00:14.0: Allocating 16 scratchpad buffers
[  284.381925] xhci_hcd 0000:00:14.0: Ext Cap 0000000083552aa3, port offset = 1, count = 14, revision = 0x2
[  284.381930] xhci_hcd 0000:00:14.0: PSIV:1 PSIE:2 PLT:0 PFD:0 LP:0 PSIM:12
[  284.381935] xhci_hcd 0000:00:14.0: PSIV:2 PSIE:1 PLT:0 PFD:0 LP:0 PSIM:1500
[  284.381939] xhci_hcd 0000:00:14.0: PSIV:3 PSIE:2 PLT:0 PFD:0 LP:0 PSIM:480
[  284.381946] xhci_hcd 0000:00:14.0: Ext Cap 00000000f78b1847, port offset = 16, count = 6, revision = 0x3
[  284.381950] xhci_hcd 0000:00:14.0: PSIV:4 PSIE:3 PLT:0 PFD:1 LP:0 PSIM:5
[  284.381955] xhci_hcd 0000:00:14.0: Found 14 USB 2.0 ports and 6 USB 3.0 ports.
[  284.381960] xhci_hcd 0000:00:14.0: Finished xhci_init
[  284.381962] xhci_hcd 0000:00:14.0: Start the primary HCD
[  284.381965] xhci_hcd 0000:00:14.0: xhci_run
[  284.381968] xhci_hcd 0000:00:14.0: Failed to enable MSI-X
[  284.382050] xhci_hcd 0000:00:14.0: ERST deq = 64'h45a361000
[  284.382052] xhci_hcd 0000:00:14.0: // Set the interrupt modulation register
[  284.382056] xhci_hcd 0000:00:14.0: // Enable interrupts, cmd = 0x4.
[  284.382060] xhci_hcd 0000:00:14.0: // Enabling event ring interrupter 000000009df6a3b6 by writing 0x2 to irq_pending
[  284.382062] xhci_hcd 0000:00:14.0: Finished xhci_run for USB2 roothub
[  284.382362] xhci_hcd 0000:00:14.0: Start the secondary HCD
[  284.382368] xhci_hcd 0000:00:14.0: // Turn on HC, cmd = 0x5.
[  284.382372] xhci_hcd 0000:00:14.0: Finished xhci_run for USB3 roothub
[  284.382399] xhci_hcd 0000:00:14.0: xhci_resume: starting port polling.
[  284.382421] xhci_hcd 0000:00:14.0: xhci_hub_status_data: stopping port polling.
[  284.382437] usb usb1: usb resume
[  284.382439] usb usb2: usb resume
[  284.382479] hub 1-0:1.0: hub_reset_resume
[  284.382483] hub 1-0:1.0: trying to enable port power on non-switchable hub
[  284.382485] hub 2-0:1.0: hub_reset_resume
[  284.382488] hub 2-0:1.0: trying to enable port power on non-switchable hub
[  284.382498] xhci_hcd 0000:00:14.0: set port power, actual port 0 status  = 0x2a0
[  284.382505] xhci_hcd 0000:00:14.0: set port power, actual port 0 status  = 0x802a0
[  284.382540] xhci_hcd 0000:00:14.0: set port power, actual port 1 status  = 0x802a0
[  284.382563] xhci_hcd 0000:00:14.0: set port power, actual port 1 status  = 0x2a0
[  284.382574] xhci_hcd 0000:00:14.0: set port power, actual port 2 status  = 0x802a0
[  284.382606] xhci_hcd 0000:00:14.0: set port power, actual port 2 status  = 0x2a0
[  284.382612] xhci_hcd 0000:00:14.0: set port power, actual port 3 status  = 0x12b1
[  284.382643] xhci_hcd 0000:00:14.0: set port power, actual port 4 status  = 0x802a0
[  284.382672] xhci_hcd 0000:00:14.0: set port power, actual port 3 status  = 0x2a0
[  284.382684] xhci_hcd 0000:00:14.0: set port power, actual port 5 status  = 0x802a0
[  284.382730] xhci_hcd 0000:00:14.0: set port power, actual port 4 status  = 0x2a0
[  284.382789] xhci_hcd 0000:00:14.0: set port power, actual port 5 status  = 0x2a0
[  284.382819] xhci_hcd 0000:00:14.0: set port power, actual port 6 status  = 0x2a0
[  284.382850] xhci_hcd 0000:00:14.0: set port power, actual port 7 status  = 0x2a0
[  284.382872] xhci_hcd 0000:00:14.0: set port power, actual port 8 status  = 0x2a0
[  284.382908] xhci_hcd 0000:00:14.0: set port power, actual port 9 status  = 0x2a0
[  284.382935] xhci_hcd 0000:00:14.0: set port power, actual port 10 status  = 0x2a0
[  284.382972] xhci_hcd 0000:00:14.0: set port power, actual port 11 status  = 0x2a0
[  284.383006] xhci_hcd 0000:00:14.0: set port power, actual port 12 status  = 0x2a0
[  284.383028] xhci_hcd 0000:00:14.0: set port power, actual port 13 status  = 0x2a0
[  284.400786] sd 0:0:0:0: [sda] Starting disk
[  284.401440] xhci_hcd 0000:00:14.0: Port Status Change Event for port 8
[  284.401452] xhci_hcd 0000:00:14.0: handle_port_status: starting port polling.
[  284.401467] xhci_hcd 0000:00:14.0: Port Status Change Event for port 12
[  284.401476] xhci_hcd 0000:00:14.0: handle_port_status: starting port polling.
[  284.487632] xhci_hcd 0000:00:14.0: get port status, actual port 0 status  = 0x2a0
[  284.487637] xhci_hcd 0000:00:14.0: Get port status returned 0x100
[  284.487650] xhci_hcd 0000:00:14.0: get port status, actual port 0 status  = 0x802a0
[  284.487654] xhci_hcd 0000:00:14.0: Get port status returned 0x2002a0
[  284.487716] xhci_hcd 0000:00:14.0: get port status, actual port 1 status  = 0x2a0
[  284.487720] xhci_hcd 0000:00:14.0: Get port status returned 0x100
[  284.487736] xhci_hcd 0000:00:14.0: clear port warm(BH) reset change, actual port 0 status  = 0x2a0
[  284.487797] xhci_hcd 0000:00:14.0: get port status, actual port 1 status  = 0x802a0
[  284.487801] xhci_hcd 0000:00:14.0: Get port status returned 0x2002a0
[  284.487815] xhci_hcd 0000:00:14.0: get port status, actual port 2 status  = 0x2a0
[  284.487818] xhci_hcd 0000:00:14.0: Get port status returned 0x100
[  284.487876] xhci_hcd 0000:00:14.0: get port status, actual port 3 status  = 0x2a0
[  284.487879] xhci_hcd 0000:00:14.0: Get port status returned 0x100
[  284.487892] xhci_hcd 0000:00:14.0: clear port warm(BH) reset change, actual port 1 status  = 0x2a0
[  284.487908] xhci_hcd 0000:00:14.0: get port status, actual port 4 status  = 0x2a0
[  284.487910] xhci_hcd 0000:00:14.0: Get port status returned 0x100
[  284.487927] xhci_hcd 0000:00:14.0: get port status, actual port 2 status  = 0x802a0
[  284.487929] xhci_hcd 0000:00:14.0: Get port status returned 0x2002a0
[  284.487935] xhci_hcd 0000:00:14.0: get port status, actual port 5 status  = 0x2a0
[  284.487938] xhci_hcd 0000:00:14.0: Get port status returned 0x100
[  284.487953] xhci_hcd 0000:00:14.0: clear port warm(BH) reset change, actual port 2 status  = 0x2a0
[  284.487973] xhci_hcd 0000:00:14.0: get port status, actual port 6 status  = 0x2a0
[  284.487975] xhci_hcd 0000:00:14.0: Get port status returned 0x100
[  284.487981] xhci_hcd 0000:00:14.0: get port status, actual port 3 status  = 0x12f1
[  284.487983] xhci_hcd 0000:00:14.0: Get port status returned 0x2f1
[  284.487996] xhci_hcd 0000:00:14.0: get port status, actual port 7 status  = 0x206e1
[  284.488000] usb usb2-port4: status 02f1 change 0000
[  284.488002] xhci_hcd 0000:00:14.0: Get port status returned 0x10101
[  284.488013] xhci_hcd 0000:00:14.0: get port status, actual port 4 status  = 0x802a0
[  284.488016] xhci_hcd 0000:00:14.0: Get port status returned 0x2002a0
[  284.488034] usb usb1-port8: status 0101 change 0001
[  284.488038] xhci_hcd 0000:00:14.0: clear port warm(BH) reset change, actual port 4 status  = 0x2a0
[  284.488045] xhci_hcd 0000:00:14.0: clear port connect change, actual port 7 status  = 0x6e1
